INFO     planner time limit: None
INFO     planner memory limit: None

INFO     Running translator.
INFO     translator stdin: None
INFO     translator time limit: None
INFO     translator memory limit: None
INFO     translator command line string: 'D:\Miniforge3\python.exe' -m translate 'C:\Users\user\Desktop\theoria\.worktrees\e7-deadlock-claim\engine-rig\fixtures\data\sokoban_domain.pddl' 'C:\Users\user\Desktop\theoria\.worktrees\e7-deadlock-claim\engine-rig\runs\20260728T150713Z-E7-deadlock-claim-audit\attacks\crosscheck\sokoban-ell\0011.pddl' --sas-file output.sas
Warning! SIGXCPU is not available on your platform. This means that the planner cannot be gracefully terminated when using a time limit, which, however, is probably supported on your platform anyway.
Parsing...
Parsing: [0.000s CPU, 0.002s wall-clock]
Normalizing task... [0.000s CPU, 0.000s wall-clock]
Instantiating...
Generating Datalog program... [0.000s CPU, 0.000s wall-clock]
Normalizing Datalog program...
Normalizing Datalog program: [0.016s CPU, 0.001s wall-clock]
Preparing model... [0.000s CPU, 0.000s wall-clock]
Generated 20 rules.
Computing model... [0.000s CPU, 0.002s wall-clock]
199 relevant atoms
272 auxiliary atoms
471 final queue length
595 total queue pushes
Completing instantiation... [0.000s CPU, 0.004s wall-clock]
Instantiating: [0.016s CPU, 0.008s wall-clock]
Computing fact groups...
Finding invariants...
7 initial candidates
Finding invariants: [0.000s CPU, 0.001s wall-clock]
Checking invariant weight... [0.000s CPU, 0.000s wall-clock]
Instantiating groups... [0.000s CPU, 0.000s wall-clock]
Collecting mutex groups... [0.000s CPU, 0.000s wall-clock]
Choosing groups...
12 uncovered facts
Choosing groups: [0.000s CPU, 0.000s wall-clock]
Building translation key... [0.000s CPU, 0.000s wall-clock]
Computing fact groups: [0.000s CPU, 0.002s wall-clock]
Building STRIPS to SAS dictionary... [0.000s CPU, 0.000s wall-clock]
Building dictionary for full mutex groups... [0.000s CPU, 0.000s wall-clock]
Building mutex information...
Building mutex information: [0.000s CPU, 0.000s wall-clock]
Translating task...
Processing axioms...
Simplifying axioms... [0.000s CPU, 0.000s wall-clock]
Translator axioms removed by simplifying: 0
Processing axioms: [0.000s CPU, 0.000s wall-clock]
Translating task: [0.000s CPU, 0.003s wall-clock]
96 effect conditions simplified
0 implied preconditions added
Detecting unreachable propositions...
0 operators removed
0 axioms removed
3 propositions removed
Detecting unreachable propositions: [0.000s CPU, 0.002s wall-clock]
Reordering and filtering variables...
15 of 15 variables necessary.
12 of 15 mutex groups necessary.
64 of 64 operators necessary.
0 of 0 axiom rules necessary.
Reordering and filtering variables: [0.000s CPU, 0.001s wall-clock]
Translator variables: 15
Translator derived variables: 0
Translator facts: 60
Translator goal facts: 2
Translator mutex groups: 12
Translator total mutex groups size: 48
Translator operators: 64
Translator axioms: 0
Translator task size: 605
warning: could not determine peak memory
Writing output... [0.016s CPU, 0.015s wall-clock]
Done! [0.031s CPU, 0.033s wall-clock]
translate exit code: 0

INFO     Running search (release).
INFO     search stdin: output.sas
INFO     search time limit: None
INFO     search memory limit: None
INFO     search command line string: 'C:\Users\user\Desktop\theoria\.worktrees\p13\engine-rig\.toolchain\downward\builds\release\bin\downward.exe' --search 'astar(lmcut())' --internal-plan-file 'C:\Users\user\AppData\Local\Temp\tmpijbmo20l\sas_plan' < output.sas
[t=0.000190s, 1932 KB] Search code revision: 7120aa0
[t=0.000562s, 1932 KB] reading input...
[t=0.001640s, 2124 KB] done reading input!
[t=0.003346s, 2576 KB] Initializing landmark cut heuristic...
[t=0.003546s, 2632 KB] Building successor generator... done!
[t=0.003596s, 2632 KB] peak memory difference for successor generator creation: 0 KB
[t=0.003599s, 2632 KB] time for successor generation creation: 0.000030s
[t=0.003606s, 2632 KB] Variables: 15
[t=0.003609s, 2632 KB] FactPairs: 60
[t=0.003611s, 2632 KB] Bytes per state: 4
[t=0.024331s, 2824 KB] Conducting best first search with reopening closed nodes, (real) bound = 2147483647
[t=0.024822s, 2836 KB] New best heuristic value for lmcut: 9
[t=0.024835s, 2836 KB] g=0, 1 evaluated, 0 expanded
[t=0.024839s, 2836 KB] f = 9, 1 evaluated, 0 expanded
[t=0.024964s, 2848 KB] Initial heuristic value for lmcut: 9
[t=0.024971s, 2848 KB] pruning method: none
[t=0.025021s, 2848 KB] f = 10, 3 evaluated, 1 expanded
[t=0.025041s, 2848 KB] New best heuristic value for lmcut: 8
[t=0.025044s, 2848 KB] g=2, 4 evaluated, 2 expanded
[t=0.025150s, 2848 KB] f = 11, 10 evaluated, 5 expanded
[t=0.025252s, 2848 KB] f = 12, 15 evaluated, 7 expanded
[t=0.025261s, 2848 KB] f = 13, 15 evaluated, 9 expanded
[t=0.025304s, 2848 KB] f = 14, 18 evaluated, 11 expanded
[t=0.025337s, 2848 KB] f = 15, 20 evaluated, 14 expanded
[t=0.025364s, 2848 KB] New best heuristic value for lmcut: 7
[t=0.025370s, 2848 KB] g=8, 22 evaluated, 16 expanded
[t=0.025434s, 2848 KB] f = 16, 27 evaluated, 20 expanded
[t=0.025508s, 2848 KB] f = 17, 30 evaluated, 22 expanded
[t=0.025586s, 2848 KB] f = 18, 32 evaluated, 24 expanded
[t=0.025660s, 2848 KB] f = 19, 37 evaluated, 28 expanded
[t=0.025711s, 2848 KB] f = 20, 42 evaluated, 32 expanded
[t=0.025728s, 2848 KB] f = 21, 43 evaluated, 34 expanded
[t=0.025769s, 2848 KB] f = 22, 47 evaluated, 37 expanded
[t=0.025774s, 2848 KB] f = 23, 47 evaluated, 38 expanded
[t=0.025808s, 2848 KB] f = 24, 50 evaluated, 41 expanded
[t=0.025813s, 2848 KB] f = 25, 50 evaluated, 42 expanded
[t=0.025827s, 2848 KB] f = 27, 51 evaluated, 44 expanded
[t=0.025830s, 2848 KB] Completely explored state space -- no solution!
[t=0.025851s, 2848 KB] Actual search time: 0.000883s
[t=0.025864s, 2848 KB] Expanded 45 state(s).
[t=0.025864s, 2848 KB] Reopened 0 state(s).
[t=0.025864s, 2848 KB] Evaluated 51 state(s).
[t=0.025864s, 2848 KB] Evaluations: 51
[t=0.025864s, 2848 KB] Generated 108 state(s).
[t=0.025864s, 2848 KB] Dead ends: 6 state(s).
[t=0.025864s, 2848 KB] Expanded until last jump: 44 state(s).
[t=0.025864s, 2848 KB] Reopened until last jump: 0 state(s).
[t=0.025864s, 2848 KB] Evaluated until last jump: 51 state(s).
[t=0.025864s, 2848 KB] Generated until last jump: 106 state(s).
[t=0.025864s, 2848 KB] Number of registered states: 51
[t=0.025864s, 2848 KB] Int hash set load factor: 51/64 = 0.796875
[t=0.025864s, 2848 KB] Int hash set resizes: 6
[t=0.025864s, 2848 KB] Search time: 0.001538s
[t=0.025864s, 2848 KB] Total time: 0.025864s
Search stopped without finding a solution.
Remove intermediate file output.sas
search exit code: 12

Driver aborting after search
