INFO     planner time limit: None
INFO     planner memory limit: None

INFO     Running translator.
INFO     translator stdin: None
INFO     translator time limit: None
INFO     translator memory limit: None
INFO     translator command line string: 'D:\Miniforge3\python.exe' -m translate 'C:\Users\user\Desktop\theoria\.worktrees\e7-deadlock-claim\engine-rig\fixtures\data\sokoban_domain.pddl' 'C:\Users\user\Desktop\theoria\.worktrees\e7-deadlock-claim\engine-rig\runs\20260728T150713Z-E7-deadlock-claim-audit\attacks\crosscheck\sokoban-ell\0036.pddl' --sas-file output.sas
Warning! SIGXCPU is not available on your platform. This means that the planner cannot be gracefully terminated when using a time limit, which, however, is probably supported on your platform anyway.
Parsing...
Parsing: [0.000s CPU, 0.002s wall-clock]
Normalizing task... [0.000s CPU, 0.000s wall-clock]
Instantiating...
Generating Datalog program... [0.000s CPU, 0.000s wall-clock]
Normalizing Datalog program...
Normalizing Datalog program: [0.000s CPU, 0.001s wall-clock]
Preparing model... [0.000s CPU, 0.000s wall-clock]
Generated 20 rules.
Computing model... [0.000s CPU, 0.001s wall-clock]
199 relevant atoms
272 auxiliary atoms
471 final queue length
595 total queue pushes
Completing instantiation... [0.016s CPU, 0.003s wall-clock]
Instantiating: [0.016s CPU, 0.006s wall-clock]
Computing fact groups...
Finding invariants...
7 initial candidates
Finding invariants: [0.000s CPU, 0.001s wall-clock]
Checking invariant weight... [0.000s CPU, 0.000s wall-clock]
Instantiating groups... [0.000s CPU, 0.000s wall-clock]
Collecting mutex groups... [0.000s CPU, 0.000s wall-clock]
Choosing groups...
12 uncovered facts
Choosing groups: [0.000s CPU, 0.000s wall-clock]
Building translation key... [0.000s CPU, 0.000s wall-clock]
Computing fact groups: [0.000s CPU, 0.002s wall-clock]
Building STRIPS to SAS dictionary... [0.000s CPU, 0.000s wall-clock]
Building dictionary for full mutex groups... [0.000s CPU, 0.000s wall-clock]
Building mutex information...
Building mutex information: [0.000s CPU, 0.000s wall-clock]
Translating task...
Processing axioms...
Simplifying axioms... [0.000s CPU, 0.000s wall-clock]
Translator axioms removed by simplifying: 0
Processing axioms: [0.000s CPU, 0.000s wall-clock]
Translating task: [0.000s CPU, 0.001s wall-clock]
96 effect conditions simplified
0 implied preconditions added
Detecting unreachable propositions...
0 operators removed
0 axioms removed
3 propositions removed
Detecting unreachable propositions: [0.000s CPU, 0.001s wall-clock]
Reordering and filtering variables...
15 of 15 variables necessary.
12 of 15 mutex groups necessary.
64 of 64 operators necessary.
0 of 0 axiom rules necessary.
Reordering and filtering variables: [0.000s CPU, 0.001s wall-clock]
Translator variables: 15
Translator derived variables: 0
Translator facts: 60
Translator goal facts: 2
Translator mutex groups: 12
Translator total mutex groups size: 48
Translator operators: 64
Translator axioms: 0
Translator task size: 605
warning: could not determine peak memory
Writing output... [0.000s CPU, 0.032s wall-clock]
Done! [0.016s CPU, 0.043s wall-clock]
translate exit code: 0

INFO     Running search (release).
INFO     search stdin: output.sas
INFO     search time limit: None
INFO     search memory limit: None
INFO     search command line string: 'C:\Users\user\Desktop\theoria\.worktrees\p13\engine-rig\.toolchain\downward\builds\release\bin\downward.exe' --search 'astar(lmcut())' --internal-plan-file 'C:\Users\user\AppData\Local\Temp\tmptypobpgi\sas_plan' < output.sas
[t=0.000109s, 1892 KB] Search code revision: 7120aa0
[t=0.000190s, 1892 KB] reading input...
[t=0.000953s, 2196 KB] done reading input!
[t=0.001857s, 2632 KB] Initializing landmark cut heuristic...
[t=0.001889s, 2632 KB] Building successor generator... done!
[t=0.001930s, 2648 KB] peak memory difference for successor generator creation: 16 KB
[t=0.001934s, 2648 KB] time for successor generation creation: 0.000031s
[t=0.001940s, 2648 KB] Variables: 15
[t=0.001943s, 2648 KB] FactPairs: 60
[t=0.001945s, 2648 KB] Bytes per state: 4
[t=0.001959s, 2648 KB] Conducting best first search with reopening closed nodes, (real) bound = 2147483647
[t=0.002007s, 2672 KB] New best heuristic value for lmcut: 9
[t=0.002012s, 2672 KB] g=0, 1 evaluated, 0 expanded
[t=0.002015s, 2672 KB] f = 9, 1 evaluated, 0 expanded
[t=0.002022s, 2672 KB] Initial heuristic value for lmcut: 9
[t=0.002024s, 2672 KB] pruning method: none
[t=0.002049s, 2684 KB] New best heuristic value for lmcut: 8
[t=0.002056s, 2684 KB] g=1, 2 evaluated, 1 expanded
[t=0.002084s, 2684 KB] New best heuristic value for lmcut: 7
[t=0.002091s, 2684 KB] g=2, 4 evaluated, 2 expanded
[t=0.002125s, 2684 KB] f = 10, 7 evaluated, 3 expanded
[t=0.002167s, 2688 KB] f = 11, 11 evaluated, 5 expanded
[t=0.002199s, 2688 KB] f = 12, 13 evaluated, 7 expanded
[t=0.002297s, 2728 KB] f = 13, 23 evaluated, 13 expanded
[t=0.002365s, 2728 KB] f = 14, 29 evaluated, 19 expanded
[t=0.002385s, 2728 KB] f = 15, 30 evaluated, 21 expanded
[t=0.002452s, 2728 KB] f = 16, 36 evaluated, 26 expanded
[t=0.002495s, 2728 KB] f = 17, 40 evaluated, 29 expanded
[t=0.002532s, 2728 KB] f = 18, 43 evaluated, 32 expanded
[t=0.002563s, 2728 KB] f = 19, 45 evaluated, 35 expanded
[t=0.002592s, 2728 KB] f = 20, 47 evaluated, 38 expanded
[t=0.002620s, 2728 KB] f = 21, 49 evaluated, 41 expanded
[t=0.002636s, 2728 KB] f = 23, 50 evaluated, 43 expanded
[t=0.002649s, 2728 KB] f = 24, 51 evaluated, 44 expanded
[t=0.002654s, 2728 KB] Completely explored state space -- no solution!
[t=0.002656s, 2728 KB] Actual search time: 0.000630s
[t=0.002660s, 2728 KB] Expanded 45 state(s).
[t=0.002660s, 2732 KB] Reopened 0 state(s).
[t=0.002660s, 2732 KB] Evaluated 51 state(s).
[t=0.002660s, 2732 KB] Evaluations: 51
[t=0.002660s, 2732 KB] Generated 108 state(s).
[t=0.002660s, 2732 KB] Dead ends: 6 state(s).
[t=0.002660s, 2732 KB] Expanded until last jump: 44 state(s).
[t=0.002660s, 2732 KB] Reopened until last jump: 0 state(s).
[t=0.002660s, 2732 KB] Evaluated until last jump: 51 state(s).
[t=0.002660s, 2744 KB] Generated until last jump: 107 state(s).
[t=0.002660s, 2744 KB] Number of registered states: 51
[t=0.002660s, 2744 KB] Int hash set load factor: 51/64 = 0.796875
[t=0.002660s, 2744 KB] Int hash set resizes: 6
[t=0.002660s, 2744 KB] Search time: 0.000703s
[t=0.002660s, 2744 KB] Total time: 0.002660s
Search stopped without finding a solution.
Remove intermediate file output.sas
search exit code: 12

Driver aborting after search
