INFO     planner time limit: None
INFO     planner memory limit: None

INFO     Running translator.
INFO     translator stdin: None
INFO     translator time limit: None
INFO     translator memory limit: None
INFO     translator command line string: 'D:\Miniforge3\python.exe' -m translate 'C:\Users\user\Desktop\theoria\.worktrees\e7-deadlock-claim\engine-rig\fixtures\data\sokoban_domain.pddl' 'C:\Users\user\Desktop\theoria\.worktrees\e7-deadlock-claim\engine-rig\runs\20260728T150713Z-E7-deadlock-claim-audit\attacks\crosscheck\sokoban-ell\0080.pddl' --sas-file output.sas
Warning! SIGXCPU is not available on your platform. This means that the planner cannot be gracefully terminated when using a time limit, which, however, is probably supported on your platform anyway.
Parsing...
Parsing: [0.000s CPU, 0.001s wall-clock]
Normalizing task... [0.000s CPU, 0.000s wall-clock]
Instantiating...
Generating Datalog program... [0.000s CPU, 0.000s wall-clock]
Normalizing Datalog program...
Normalizing Datalog program: [0.000s CPU, 0.002s wall-clock]
Preparing model... [0.000s CPU, 0.000s wall-clock]
Generated 20 rules.
Computing model... [0.000s CPU, 0.002s wall-clock]
199 relevant atoms
272 auxiliary atoms
471 final queue length
595 total queue pushes
Completing instantiation... [0.016s CPU, 0.004s wall-clock]
Instantiating: [0.016s CPU, 0.009s wall-clock]
Computing fact groups...
Finding invariants...
7 initial candidates
Finding invariants: [0.000s CPU, 0.001s wall-clock]
Checking invariant weight... [0.000s CPU, 0.000s wall-clock]
Instantiating groups... [0.000s CPU, 0.000s wall-clock]
Collecting mutex groups... [0.000s CPU, 0.000s wall-clock]
Choosing groups...
12 uncovered facts
Choosing groups: [0.000s CPU, 0.000s wall-clock]
Building translation key... [0.000s CPU, 0.000s wall-clock]
Computing fact groups: [0.000s CPU, 0.001s wall-clock]
Building STRIPS to SAS dictionary... [0.000s CPU, 0.000s wall-clock]
Building dictionary for full mutex groups... [0.000s CPU, 0.000s wall-clock]
Building mutex information...
Building mutex information: [0.000s CPU, 0.000s wall-clock]
Translating task...
Processing axioms...
Simplifying axioms... [0.000s CPU, 0.000s wall-clock]
Translator axioms removed by simplifying: 0
Processing axioms: [0.000s CPU, 0.000s wall-clock]
Translating task: [0.000s CPU, 0.002s wall-clock]
96 effect conditions simplified
0 implied preconditions added
Detecting unreachable propositions...
0 operators removed
0 axioms removed
3 propositions removed
Detecting unreachable propositions: [0.000s CPU, 0.001s wall-clock]
Reordering and filtering variables...
15 of 15 variables necessary.
12 of 15 mutex groups necessary.
64 of 64 operators necessary.
0 of 0 axiom rules necessary.
Reordering and filtering variables: [0.000s CPU, 0.001s wall-clock]
Translator variables: 15
Translator derived variables: 0
Translator facts: 60
Translator goal facts: 2
Translator mutex groups: 12
Translator total mutex groups size: 48
Translator operators: 64
Translator axioms: 0
Translator task size: 605
warning: could not determine peak memory
Writing output... [0.000s CPU, 0.020s wall-clock]
Done! [0.016s CPU, 0.035s wall-clock]
translate exit code: 0

INFO     Running search (release).
INFO     search stdin: output.sas
INFO     search time limit: None
INFO     search memory limit: None
INFO     search command line string: 'C:\Users\user\Desktop\theoria\.worktrees\p13\engine-rig\.toolchain\downward\builds\release\bin\downward.exe' --search 'astar(lmcut())' --internal-plan-file 'C:\Users\user\AppData\Local\Temp\tmpgtywhyz4\sas_plan' < output.sas
[t=0.000113s, 1908 KB] Search code revision: 7120aa0
[t=0.000198s, 1908 KB] reading input...
[t=0.001003s, 2128 KB] done reading input!
[t=0.002149s, 2644 KB] Initializing landmark cut heuristic...
[t=0.002318s, 2668 KB] Building successor generator... done!
[t=0.002371s, 2704 KB] peak memory difference for successor generator creation: 36 KB
[t=0.002374s, 2704 KB] time for successor generation creation: 0.000037s
[t=0.002380s, 2704 KB] Variables: 15
[t=0.002382s, 2704 KB] FactPairs: 60
[t=0.002388s, 2704 KB] Bytes per state: 4
[t=0.002533s, 2748 KB] Conducting best first search with reopening closed nodes, (real) bound = 2147483647
[t=0.002682s, 2760 KB] New best heuristic value for lmcut: 9
[t=0.002691s, 2760 KB] g=0, 1 evaluated, 0 expanded
[t=0.002693s, 2760 KB] f = 9, 1 evaluated, 0 expanded
[t=0.002740s, 2772 KB] Initial heuristic value for lmcut: 9
[t=0.002752s, 2772 KB] pruning method: none
[t=0.002783s, 2800 KB] f = 10, 2 evaluated, 1 expanded
[t=0.002801s, 2800 KB] New best heuristic value for lmcut: 8
[t=0.002805s, 2800 KB] g=2, 3 evaluated, 2 expanded
[t=0.002821s, 2800 KB] f = 11, 4 evaluated, 3 expanded
[t=0.002851s, 2820 KB] f = 12, 6 evaluated, 4 expanded
[t=0.002892s, 2828 KB] f = 13, 10 evaluated, 5 expanded
[t=0.002910s, 2828 KB] f = 14, 11 evaluated, 6 expanded
[t=0.002952s, 2828 KB] f = 15, 14 evaluated, 8 expanded
[t=0.003024s, 2836 KB] f = 16, 20 evaluated, 12 expanded
[t=0.003050s, 2836 KB] New best heuristic value for lmcut: 7
[t=0.003054s, 2836 KB] g=9, 22 evaluated, 14 expanded
[t=0.003110s, 2848 KB] f = 17, 27 evaluated, 18 expanded
[t=0.003138s, 2848 KB] f = 18, 30 evaluated, 22 expanded
[t=0.003166s, 2848 KB] f = 19, 32 evaluated, 24 expanded
[t=0.003223s, 2848 KB] f = 20, 37 evaluated, 28 expanded
[t=0.003271s, 2848 KB] f = 21, 42 evaluated, 32 expanded
[t=0.003288s, 2848 KB] f = 22, 43 evaluated, 34 expanded
[t=0.003326s, 2848 KB] f = 23, 47 evaluated, 37 expanded
[t=0.003331s, 2848 KB] f = 24, 47 evaluated, 38 expanded
[t=0.003363s, 2856 KB] f = 25, 50 evaluated, 41 expanded
[t=0.003368s, 2856 KB] f = 26, 50 evaluated, 42 expanded
[t=0.003380s, 2856 KB] f = 28, 51 evaluated, 44 expanded
[t=0.003385s, 2856 KB] Completely explored state space -- no solution!
[t=0.003388s, 2856 KB] Actual search time: 0.000634s
[t=0.003391s, 2856 KB] Expanded 45 state(s).
[t=0.003391s, 2856 KB] Reopened 0 state(s).
[t=0.003391s, 2856 KB] Evaluated 51 state(s).
[t=0.003391s, 2856 KB] Evaluations: 51
[t=0.003391s, 2856 KB] Generated 108 state(s).
[t=0.003391s, 2856 KB] Dead ends: 6 state(s).
[t=0.003391s, 2856 KB] Expanded until last jump: 44 state(s).
[t=0.003391s, 2856 KB] Reopened until last jump: 0 state(s).
[t=0.003391s, 2856 KB] Evaluated until last jump: 51 state(s).
[t=0.003391s, 2856 KB] Generated until last jump: 106 state(s).
[t=0.003391s, 2856 KB] Number of registered states: 51
[t=0.003391s, 2856 KB] Int hash set load factor: 51/64 = 0.796875
[t=0.003391s, 2856 KB] Int hash set resizes: 6
[t=0.003391s, 2856 KB] Search time: 0.000861s
[t=0.003391s, 2856 KB] Total time: 0.003391s
Search stopped without finding a solution.
Remove intermediate file output.sas
search exit code: 12

Driver aborting after search
