INFO     planner time limit: None
INFO     planner memory limit: None

INFO     Running translator.
INFO     translator stdin: None
INFO     translator time limit: None
INFO     translator memory limit: None
INFO     translator command line string: 'D:\Miniforge3\python.exe' -m translate 'C:\Users\user\Desktop\theoria\.worktrees\e7-deadlock-claim\engine-rig\fixtures\data\sokoban_domain.pddl' 'C:\Users\user\Desktop\theoria\.worktrees\e7-deadlock-claim\engine-rig\runs\20260728T150713Z-E7-deadlock-claim-audit\attacks\crosscheck\sokoban-ell\0144.pddl' --sas-file output.sas
Warning! SIGXCPU is not available on your platform. This means that the planner cannot be gracefully terminated when using a time limit, which, however, is probably supported on your platform anyway.
Parsing...
Parsing: [0.000s CPU, 0.003s wall-clock]
Normalizing task... [0.000s CPU, 0.000s wall-clock]
Instantiating...
Generating Datalog program... [0.000s CPU, 0.000s wall-clock]
Normalizing Datalog program...
Normalizing Datalog program: [0.000s CPU, 0.001s wall-clock]
Preparing model... [0.000s CPU, 0.000s wall-clock]
Generated 20 rules.
Computing model... [0.000s CPU, 0.002s wall-clock]
199 relevant atoms
272 auxiliary atoms
471 final queue length
595 total queue pushes
Completing instantiation... [0.000s CPU, 0.003s wall-clock]
Instantiating: [0.000s CPU, 0.006s wall-clock]
Computing fact groups...
Finding invariants...
7 initial candidates
Finding invariants: [0.000s CPU, 0.001s wall-clock]
Checking invariant weight... [0.000s CPU, 0.000s wall-clock]
Instantiating groups... [0.000s CPU, 0.000s wall-clock]
Collecting mutex groups... [0.000s CPU, 0.000s wall-clock]
Choosing groups...
12 uncovered facts
Choosing groups: [0.000s CPU, 0.000s wall-clock]
Building translation key... [0.016s CPU, 0.000s wall-clock]
Computing fact groups: [0.016s CPU, 0.001s wall-clock]
Building STRIPS to SAS dictionary... [0.000s CPU, 0.000s wall-clock]
Building dictionary for full mutex groups... [0.000s CPU, 0.000s wall-clock]
Building mutex information...
Building mutex information: [0.000s CPU, 0.000s wall-clock]
Translating task...
Processing axioms...
Simplifying axioms... [0.000s CPU, 0.000s wall-clock]
Translator axioms removed by simplifying: 0
Processing axioms: [0.000s CPU, 0.000s wall-clock]
Translating task: [0.000s CPU, 0.001s wall-clock]
96 effect conditions simplified
0 implied preconditions added
Detecting unreachable propositions...
0 operators removed
0 axioms removed
3 propositions removed
Detecting unreachable propositions: [0.000s CPU, 0.001s wall-clock]
Reordering and filtering variables...
15 of 15 variables necessary.
12 of 15 mutex groups necessary.
64 of 64 operators necessary.
0 of 0 axiom rules necessary.
Reordering and filtering variables: [0.000s CPU, 0.000s wall-clock]
Translator variables: 15
Translator derived variables: 0
Translator facts: 60
Translator goal facts: 2
Translator mutex groups: 12
Translator total mutex groups size: 48
Translator operators: 64
Translator axioms: 0
Translator task size: 605
warning: could not determine peak memory
Writing output... [0.000s CPU, 0.024s wall-clock]
Done! [0.016s CPU, 0.038s wall-clock]
translate exit code: 0

INFO     Running search (release).
INFO     search stdin: output.sas
INFO     search time limit: None
INFO     search memory limit: None
INFO     search command line string: 'C:\Users\user\Desktop\theoria\.worktrees\p13\engine-rig\.toolchain\downward\builds\release\bin\downward.exe' --search 'astar(lmcut())' --internal-plan-file 'C:\Users\user\AppData\Local\Temp\tmpz2pccuju\sas_plan' < output.sas
[t=0.000139s, 1936 KB] Search code revision: 7120aa0
[t=0.000227s, 1936 KB] reading input...
[t=0.000976s, 2136 KB] done reading input!
[t=0.002183s, 2704 KB] Initializing landmark cut heuristic...
[t=0.002353s, 2768 KB] Building successor generator... done!
[t=0.002409s, 2784 KB] peak memory difference for successor generator creation: 16 KB
[t=0.002416s, 2784 KB] time for successor generation creation: 0.000036s
[t=0.002422s, 2784 KB] Variables: 15
[t=0.002425s, 2784 KB] FactPairs: 60
[t=0.002429s, 2784 KB] Bytes per state: 4
[t=0.002498s, 2796 KB] Conducting best first search with reopening closed nodes, (real) bound = 2147483647
[t=0.002676s, 2812 KB] New best heuristic value for lmcut: 8
[t=0.002707s, 2812 KB] g=0, 1 evaluated, 0 expanded
[t=0.002717s, 2812 KB] f = 8, 1 evaluated, 0 expanded
[t=0.002808s, 2852 KB] Initial heuristic value for lmcut: 8
[t=0.002814s, 2852 KB] pruning method: none
[t=0.002858s, 2872 KB] New best heuristic value for lmcut: 7
[t=0.002865s, 2872 KB] g=1, 3 evaluated, 1 expanded
[t=0.002900s, 2880 KB] f = 10, 5 evaluated, 2 expanded
[t=0.002962s, 2880 KB] f = 11, 11 evaluated, 5 expanded
[t=0.002980s, 2880 KB] f = 12, 12 evaluated, 7 expanded
[t=0.003053s, 2880 KB] f = 13, 18 evaluated, 10 expanded
[t=0.003106s, 2892 KB] f = 14, 23 evaluated, 13 expanded
[t=0.003150s, 2892 KB] f = 15, 26 evaluated, 20 expanded
[t=0.003257s, 2900 KB] f = 16, 34 evaluated, 25 expanded
[t=0.003283s, 2900 KB] f = 17, 37 evaluated, 26 expanded
[t=0.003325s, 2900 KB] f = 18, 40 evaluated, 30 expanded
[t=0.003366s, 2900 KB] f = 19, 44 evaluated, 33 expanded
[t=0.003395s, 2900 KB] f = 20, 46 evaluated, 37 expanded
[t=0.003432s, 2908 KB] f = 22, 49 evaluated, 40 expanded
[t=0.003458s, 2908 KB] f = 23, 51 evaluated, 43 expanded
[t=0.003463s, 2908 KB] f = 24, 51 evaluated, 44 expanded
[t=0.003466s, 2908 KB] Completely explored state space -- no solution!
[t=0.003468s, 2908 KB] Actual search time: 0.000652s
[t=0.003471s, 2908 KB] Expanded 45 state(s).
[t=0.003471s, 2908 KB] Reopened 0 state(s).
[t=0.003471s, 2908 KB] Evaluated 51 state(s).
[t=0.003471s, 2908 KB] Evaluations: 51
[t=0.003471s, 2908 KB] Generated 108 state(s).
[t=0.003471s, 2908 KB] Dead ends: 6 state(s).
[t=0.003471s, 2908 KB] Expanded until last jump: 44 state(s).
[t=0.003471s, 2908 KB] Reopened until last jump: 0 state(s).
[t=0.003471s, 2908 KB] Evaluated until last jump: 51 state(s).
[t=0.003471s, 2908 KB] Generated until last jump: 106 state(s).
[t=0.003471s, 2908 KB] Number of registered states: 51
[t=0.003471s, 2908 KB] Int hash set load factor: 51/64 = 0.796875
[t=0.003471s, 2908 KB] Int hash set resizes: 6
[t=0.003471s, 2908 KB] Search time: 0.000975s
[t=0.003471s, 2908 KB] Total time: 0.003471s
Search stopped without finding a solution.
Remove intermediate file output.sas
search exit code: 12

Driver aborting after search
