$ D:\Miniforge3\python.exe C:/Users/user/Desktop/theoria/.worktrees/p13/engine-rig/.toolchain/downward/fast-downward.py --plan-file C:\Users\user\AppData\Local\Temp\e7verifyjsvkd_8j\sas_plan C:\Users\user\Desktop\theoria\.worktrees\e7-deadlock-claim\engine-rig\fixtures\data\sokoban_domain.pddl C:\Users\user\Desktop\theoria\.worktrees\e7-deadlock-claim\engine-rig\runs\20260728T150713Z-E7-deadlock-claim-audit\attacks\work\a2\far9\far9.pddl --search astar(ipdb(pdb_max_size=8000000,collection_max_size=40000000,max_time=120,random_seed=0))

INFO     planner time limit: None
INFO     planner memory limit: None

INFO     Running translator.
INFO     translator stdin: None
INFO     translator time limit: None
INFO     translator memory limit: None
INFO     translator command line string: 'D:\Miniforge3\python.exe' -m translate 'C:\Users\user\Desktop\theoria\.worktrees\e7-deadlock-claim\engine-rig\fixtures\data\sokoban_domain.pddl' 'C:\Users\user\Desktop\theoria\.worktrees\e7-deadlock-claim\engine-rig\runs\20260728T150713Z-E7-deadlock-claim-audit\attacks\work\a2\far9\far9.pddl' --sas-file output.sas
Warning! SIGXCPU is not available on your platform. This means that the planner cannot be gracefully terminated when using a time limit, which, however, is probably supported on your platform anyway.
Parsing...
Parsing: [0.016s CPU, 1.279s wall-clock]
Normalizing task... [0.000s CPU, 0.000s wall-clock]
Instantiating...
Generating Datalog program... [0.000s CPU, 0.001s wall-clock]
Normalizing Datalog program...
Normalizing Datalog program: [0.000s CPU, 0.001s wall-clock]
Preparing model... [0.000s CPU, 0.001s wall-clock]
Generated 20 rules.
Computing model... [0.016s CPU, 0.010s wall-clock]
1666 relevant atoms
2340 auxiliary atoms
4006 final queue length
5851 total queue pushes
Completing instantiation... [0.016s CPU, 0.011s wall-clock]
Instantiating: [0.031s CPU, 0.025s wall-clock]
Computing fact groups...
Finding invariants...
7 initial candidates
Finding invariants: [0.000s CPU, 0.001s wall-clock]
Checking invariant weight... [0.000s CPU, 0.000s wall-clock]
Instantiating groups... [0.000s CPU, 0.002s wall-clock]
Collecting mutex groups... [0.000s CPU, 0.000s wall-clock]
Choosing groups...
81 uncovered facts
Choosing groups: [0.000s CPU, 0.000s wall-clock]
Building translation key... [0.000s CPU, 0.000s wall-clock]
Computing fact groups: [0.000s CPU, 0.004s wall-clock]
Building STRIPS to SAS dictionary... [0.000s CPU, 0.000s wall-clock]
Building dictionary for full mutex groups... [0.000s CPU, 0.000s wall-clock]
Building mutex information...
Building mutex information: [0.000s CPU, 0.000s wall-clock]
Translating task...
Processing axioms...
Simplifying axioms... [0.000s CPU, 0.000s wall-clock]
Translator axioms removed by simplifying: 0
Processing axioms: [0.000s CPU, 0.001s wall-clock]
Translating task: [0.016s CPU, 0.013s wall-clock]
1296 effect conditions simplified
0 implied preconditions added
Detecting unreachable propositions...
0 operators removed
0 axioms removed
3 propositions removed
Detecting unreachable propositions: [0.000s CPU, 0.008s wall-clock]
Reordering and filtering variables...
84 of 84 variables necessary.
81 of 84 mutex groups necessary.
792 of 792 operators necessary.
0 of 0 axiom rules necessary.
Reordering and filtering variables: [0.016s CPU, 1.314s wall-clock]
Translator variables: 84
Translator derived variables: 0
Translator facts: 405
Translator goal facts: 2
Translator mutex groups: 81
Translator total mutex groups size: 324
Translator operators: 792
Translator axioms: 0
Translator task size: 7079
warning: could not determine peak memory
Writing output... [0.000s CPU, 0.028s wall-clock]
Done! [0.078s CPU, 2.673s wall-clock]
translate exit code: 0

INFO     Running search (release).
INFO     search stdin: output.sas
INFO     search time limit: None
INFO     search memory limit: None
INFO     search command line string: 'C:\Users\user\Desktop\theoria\.worktrees\p13\engine-rig\.toolchain\downward\builds\release\bin\downward.exe' --search 'astar(ipdb(pdb_max_size=8000000,collection_max_size=40000000,max_time=120,random_seed=0))' --internal-plan-file 'C:\Users\user\AppData\Local\Temp\e7verifyjsvkd_8j\sas_plan' < output.sas
[t=0.001733s, 2348 KB] Search code revision: 7120aa0
[t=0.001977s, 2348 KB] reading input...
[t=0.011411s, 2728 KB] done reading input!
[t=0.020845s, 3080 KB] Initializing canonical PDB heuristic...
[t=0.020882s, 3080 KB] Generating patterns using: hill climbing pattern collection generator
[t=0.021287s, 3120 KB] Done calculating initial pattern collection: 0.000393s
[t=0.021311s, 3120 KB] Average operator cost: 1.000000
[t=0.021321s, 3120 KB] Building causal graph... done!
[t=0.040858s, 3652 KB] Done calculating initial candidate PDBs
[t=0.056956s, 4148 KB] found a better pattern with improvement 999
[t=0.169049s, 12164 KB] found a better pattern with improvement 308
[t=3.078134s, 351284 KB] Improvement below threshold. Stop hill climbing.
[t=3.078159s, 351284 KB] Hill climbing iterations: 3
[t=3.078162s, 351284 KB] Hill climbing generated patterns: 327
[t=3.078164s, 351284 KB] Hill climbing rejected patterns: 0
[t=3.078166s, 351284 KB] Hill climbing maximum PDB size: 1062882
[t=3.078168s, 351284 KB] Hill climbing time: 3.056859s
[t=3.105888s, 351284 KB] hill climbing pattern collection generator number of patterns: 4
[t=3.105914s, 351284 KB] hill climbing pattern collection generator total PDB size: 538164
[t=3.105918s, 351284 KB] hill climbing pattern collection generator computation time: 3.084983s
[t=3.105925s, 351284 KB] Running dominance pruning...
[t=3.105930s, 351284 KB] Pruned 2 of 3 pattern cliques
[t=3.105933s, 351284 KB] Pruned 3 of 4 PDBs
[t=3.105938s, 351284 KB] Dominance pruning took 0.000012s
[t=3.105950s, 351284 KB] Canonical PDB heuristic number of patterns: 1
[t=3.105957s, 351284 KB] Canonical PDB heuristic total PDB size: 531441
[t=3.105960s, 351284 KB] Canonical PDB heuristic computation time: 3.085106s
[t=3.106012s, 351284 KB] Building successor generator... done!
[t=3.106256s, 351284 KB] peak memory difference for successor generator creation: 0 KB
[t=3.106259s, 351284 KB] time for successor generation creation: 0.000235s
[t=3.106269s, 351284 KB] Variables: 84
[t=3.106272s, 351284 KB] FactPairs: 405
[t=3.106274s, 351284 KB] Bytes per state: 16
[t=3.106710s, 351284 KB] Conducting best first search with reopening closed nodes, (real) bound = 2147483647
[t=3.106735s, 351284 KB] New best heuristic value for cpdbs: 22
[t=3.106737s, 351284 KB] g=0, 1 evaluated, 0 expanded
[t=3.106740s, 351284 KB] f = 22, 1 evaluated, 0 expanded
[t=3.106747s, 351284 KB] Initial heuristic value for cpdbs: 22
[t=3.106752s, 351284 KB] pruning method: none
[t=3.106765s, 351284 KB] New best heuristic value for cpdbs: 21
[t=3.106769s, 351284 KB] g=1, 2 evaluated, 1 expanded
[t=3.106777s, 351284 KB] New best heuristic value for cpdbs: 20
[t=3.106781s, 351284 KB] g=2, 4 evaluated, 2 expanded
[t=3.106788s, 351284 KB] New best heuristic value for cpdbs: 19
[t=3.106790s, 351284 KB] g=3, 6 evaluated, 3 expanded
[t=3.106797s, 351284 KB] New best heuristic value for cpdbs: 18
[t=3.106799s, 351284 KB] g=4, 8 evaluated, 4 expanded
[t=3.106808s, 351284 KB] New best heuristic value for cpdbs: 17
[t=3.106811s, 351284 KB] g=5, 10 evaluated, 5 expanded
[t=3.106818s, 351284 KB] New best heuristic value for cpdbs: 16
[t=3.106821s, 351284 KB] g=6, 13 evaluated, 6 expanded
[t=3.106827s, 351284 KB] New best heuristic value for cpdbs: 15
[t=3.106830s, 351284 KB] g=7, 15 evaluated, 7 expanded
[t=3.106837s, 351284 KB] New best heuristic value for cpdbs: 14
[t=3.106839s, 351284 KB] g=8, 18 evaluated, 8 expanded
[t=3.106846s, 351284 KB] New best heuristic value for cpdbs: 13
[t=3.106850s, 351284 KB] g=9, 20 evaluated, 9 expanded
[t=3.106856s, 351284 KB] New best heuristic value for cpdbs: 12
[t=3.106858s, 351284 KB] g=10, 23 evaluated, 10 expanded
[t=3.106864s, 351284 KB] New best heuristic value for cpdbs: 11
[t=3.106868s, 351284 KB] g=11, 26 evaluated, 11 expanded
[t=3.106874s, 351284 KB] New best heuristic value for cpdbs: 10
[t=3.106876s, 351284 KB] g=12, 28 evaluated, 12 expanded
[t=3.106886s, 351284 KB] New best heuristic value for cpdbs: 9
[t=3.106890s, 351284 KB] g=13, 31 evaluated, 13 expanded
[t=3.106977s, 351284 KB] f = 24, 62 evaluated, 44 expanded
[t=3.107039s, 351284 KB] f = 26, 93 evaluated, 63 expanded
[t=3.107054s, 351284 KB] New best heuristic value for cpdbs: 8
[t=3.107058s, 351284 KB] g=18, 100 evaluated, 67 expanded
[t=3.107063s, 351284 KB] New best heuristic value for cpdbs: 7
[t=3.107065s, 351284 KB] g=19, 102 evaluated, 68 expanded
[t=3.107071s, 351284 KB] New best heuristic value for cpdbs: 6
[t=3.107074s, 351284 KB] g=20, 104 evaluated, 69 expanded
[t=3.107081s, 351284 KB] New best heuristic value for cpdbs: 5
[t=3.107082s, 351284 KB] g=21, 108 evaluated, 70 expanded
[t=3.107092s, 351284 KB] New best heuristic value for cpdbs: 4
[t=3.107094s, 351284 KB] g=22, 111 evaluated, 71 expanded
[t=3.107101s, 351284 KB] New best heuristic value for cpdbs: 3
[t=3.107103s, 351284 KB] g=23, 115 evaluated, 72 expanded
[t=3.107109s, 351284 KB] New best heuristic value for cpdbs: 2
[t=3.107112s, 351284 KB] g=24, 118 evaluated, 73 expanded
[t=3.107119s, 351284 KB] New best heuristic value for cpdbs: 1
[t=3.107121s, 351284 KB] g=25, 122 evaluated, 74 expanded
[t=3.107127s, 351284 KB] New best heuristic value for cpdbs: 0
[t=3.107130s, 351284 KB] g=26, 125 evaluated, 75 expanded
[t=3.107134s, 351284 KB] Solution found!
[t=3.107138s, 351284 KB] Actual search time: 0.000385s
move c99 c89 up (1)
move c89 c79 up (1)
move c79 c69 up (1)
move c69 c59 up (1)
move c59 c49 up (1)
move c49 c48 left (1)
move c48 c47 left (1)
move c47 c46 left (1)
move c46 c45 left (1)
move c45 c44 left (1)
move c44 c43 left (1)
push c43 c33 c23 b2 up (1)
push c33 c23 c13 b2 up (1)
move c23 c33 down (1)
move c33 c32 left (1)
move c32 c31 left (1)
move c31 c21 up (1)
move c21 c11 up (1)
move c11 c12 right (1)
push c12 c22 c32 b1 down (1)
push c22 c32 c42 b1 down (1)
push c32 c42 c52 b1 down (1)
push c42 c52 c62 b1 down (1)
push c52 c62 c72 b1 down (1)
push c62 c72 c82 b1 down (1)
push c72 c82 c92 b1 down (1)
[t=3.107141s, 351284 KB] Plan length: 26 step(s).
[t=3.107141s, 351284 KB] Plan cost: 26
[t=3.107141s, 351284 KB] Expanded 76 state(s).
[t=3.107141s, 351284 KB] Reopened 0 state(s).
[t=3.107141s, 351284 KB] Evaluated 128 state(s).
[t=3.107141s, 351284 KB] Evaluations: 128
[t=3.107141s, 351284 KB] Generated 276 state(s).
[t=3.107141s, 351284 KB] Dead ends: 4 state(s).
[t=3.107141s, 351284 KB] Expanded until last jump: 63 state(s).
[t=3.107141s, 351284 KB] Reopened until last jump: 0 state(s).
[t=3.107141s, 351284 KB] Evaluated until last jump: 93 state(s).
[t=3.107141s, 351284 KB] Generated until last jump: 235 state(s).
[t=3.107141s, 351284 KB] Number of registered states: 128
[t=3.107141s, 351284 KB] Int hash set load factor: 128/128 = 1.000000
[t=3.107141s, 351284 KB] Int hash set resizes: 7
[t=3.107141s, 351284 KB] Search time: 0.000433s
[t=3.107141s, 351284 KB] Total time: 3.107141s
Solution found.
Remove intermediate file output.sas
search exit code: 0


