$ D:\Miniforge3\python.exe C:/Users/user/Desktop/theoria/.worktrees/p13/engine-rig/.toolchain/downward/fast-downward.py --plan-file C:\Users\user\AppData\Local\Temp\e7verifyi64ghp1k\sas_plan C:\Users\user\Desktop\theoria\.worktrees\e7-deadlock-claim\engine-rig\fixtures\data\sokoban_domain.pddl C:\Users\user\Desktop\theoria\.worktrees\e7-deadlock-claim\engine-rig\runs\20260728T150713Z-E7-deadlock-claim-audit\attacks\work\a2\far9\far9.pddl --search astar(cpdbs(patterns=systematic(2)))

INFO     planner time limit: None
INFO     planner memory limit: None

INFO     Running translator.
INFO     translator stdin: None
INFO     translator time limit: None
INFO     translator memory limit: None
INFO     translator command line string: 'D:\Miniforge3\python.exe' -m translate 'C:\Users\user\Desktop\theoria\.worktrees\e7-deadlock-claim\engine-rig\fixtures\data\sokoban_domain.pddl' 'C:\Users\user\Desktop\theoria\.worktrees\e7-deadlock-claim\engine-rig\runs\20260728T150713Z-E7-deadlock-claim-audit\attacks\work\a2\far9\far9.pddl' --sas-file output.sas
Warning! SIGXCPU is not available on your platform. This means that the planner cannot be gracefully terminated when using a time limit, which, however, is probably supported on your platform anyway.
Parsing...
Parsing: [0.016s CPU, 0.002s wall-clock]
Normalizing task... [0.000s CPU, 0.000s wall-clock]
Instantiating...
Generating Datalog program... [0.000s CPU, 0.000s wall-clock]
Normalizing Datalog program...
Normalizing Datalog program: [0.000s CPU, 0.001s wall-clock]
Preparing model... [0.000s CPU, 0.001s wall-clock]
Generated 20 rules.
Computing model... [0.000s CPU, 0.010s wall-clock]
1666 relevant atoms
2340 auxiliary atoms
4006 final queue length
5851 total queue pushes
Completing instantiation... [0.016s CPU, 0.011s wall-clock]
Instantiating: [0.016s CPU, 0.023s wall-clock]
Computing fact groups...
Finding invariants...
7 initial candidates
Finding invariants: [0.000s CPU, 0.001s wall-clock]
Checking invariant weight... [0.000s CPU, 0.000s wall-clock]
Instantiating groups... [0.000s CPU, 0.002s wall-clock]
Collecting mutex groups... [0.000s CPU, 0.000s wall-clock]
Choosing groups...
81 uncovered facts
Choosing groups: [0.000s CPU, 0.000s wall-clock]
Building translation key... [0.000s CPU, 0.000s wall-clock]
Computing fact groups: [0.000s CPU, 0.004s wall-clock]
Building STRIPS to SAS dictionary... [0.000s CPU, 0.000s wall-clock]
Building dictionary for full mutex groups... [0.000s CPU, 0.000s wall-clock]
Building mutex information...
Building mutex information: [0.000s CPU, 0.000s wall-clock]
Translating task...
Processing axioms...
Simplifying axioms... [0.000s CPU, 0.000s wall-clock]
Translator axioms removed by simplifying: 0
Processing axioms: [0.000s CPU, 0.001s wall-clock]
Translating task: [0.016s CPU, 0.014s wall-clock]
1296 effect conditions simplified
0 implied preconditions added
Detecting unreachable propositions...
0 operators removed
0 axioms removed
3 propositions removed
Detecting unreachable propositions: [0.016s CPU, 0.008s wall-clock]
Reordering and filtering variables...
84 of 84 variables necessary.
81 of 84 mutex groups necessary.
792 of 792 operators necessary.
0 of 0 axiom rules necessary.
Reordering and filtering variables: [0.000s CPU, 0.004s wall-clock]
Translator variables: 84
Translator derived variables: 0
Translator facts: 405
Translator goal facts: 2
Translator mutex groups: 81
Translator total mutex groups size: 324
Translator operators: 792
Translator axioms: 0
Translator task size: 7079
warning: could not determine peak memory
Writing output... [0.016s CPU, 0.015s wall-clock]
Done! [0.078s CPU, 0.072s wall-clock]
translate exit code: 0

INFO     Running search (release).
INFO     search stdin: output.sas
INFO     search time limit: None
INFO     search memory limit: None
INFO     search command line string: 'C:\Users\user\Desktop\theoria\.worktrees\p13\engine-rig\.toolchain\downward\builds\release\bin\downward.exe' --search 'astar(cpdbs(patterns=systematic(2)))' --internal-plan-file 'C:\Users\user\AppData\Local\Temp\e7verifyi64ghp1k\sas_plan' < output.sas
[t=0.000160s, 1992 KB] Search code revision: 7120aa0
[t=0.000250s, 1996 KB] reading input...
[t=0.007296s, 2740 KB] done reading input!
[t=0.008501s, 3120 KB] Initializing canonical PDB heuristic...
[t=0.008513s, 3120 KB] Generating patterns using: systematic pattern collection generator
[t=0.008523s, 3120 KB] Building causal graph... done!
[t=0.009254s, 3424 KB] Found 166 SGA patterns.
[t=0.009776s, 3424 KB] Found 166 interesting patterns.
[t=0.009804s, 3424 KB] systematic pattern collection generator number of patterns: 166
[t=0.009807s, 3424 KB] systematic pattern collection generator total PDB size: 39528
[t=0.009811s, 3424 KB] systematic pattern collection generator computation time: 0.0012853s
[t=0.009817s, 3424 KB] Computing PDBs for pattern collection...
[t=0.028015s, 3512 KB] Done computing PDBs for pattern collection: 0.018211s
[t=0.028039s, 3512 KB] Computing pattern cliques for pattern collection...
[t=0.028161s, 3512 KB] Done computing pattern cliques for pattern collection: 0.000124s
[t=0.028173s, 3512 KB] Running dominance pruning...
[t=0.028248s, 3512 KB] Pruned 0 of 165 pattern cliques
[t=0.028255s, 3512 KB] Pruned 0 of 166 PDBs
[t=0.028258s, 3512 KB] Dominance pruning took 0.000084s
[t=0.028262s, 3512 KB] Canonical PDB heuristic number of patterns: 166
[t=0.028264s, 3512 KB] Canonical PDB heuristic total PDB size: 39528
[t=0.028268s, 3512 KB] Canonical PDB heuristic computation time: 0.019761s
[t=0.028303s, 3512 KB] Building successor generator... done!
[t=0.028539s, 3584 KB] peak memory difference for successor generator creation: 72 KB
[t=0.028541s, 3584 KB] time for successor generation creation: 0.000225s
[t=0.028547s, 3584 KB] Variables: 84
[t=0.028550s, 3584 KB] FactPairs: 405
[t=0.028552s, 3584 KB] Bytes per state: 16
[t=0.028564s, 3584 KB] Conducting best first search with reopening closed nodes, (real) bound = 2147483647
[t=0.028591s, 3584 KB] New best heuristic value for cpdbs: 22
[t=0.028595s, 3584 KB] g=0, 1 evaluated, 0 expanded
[t=0.028598s, 3584 KB] f = 22, 1 evaluated, 0 expanded
[t=0.028605s, 3584 KB] Initial heuristic value for cpdbs: 22
[t=0.028607s, 3584 KB] pruning method: none
[t=0.028618s, 3584 KB] New best heuristic value for cpdbs: 21
[t=0.028622s, 3584 KB] g=1, 2 evaluated, 1 expanded
[t=0.028630s, 3584 KB] New best heuristic value for cpdbs: 20
[t=0.028633s, 3584 KB] g=2, 4 evaluated, 2 expanded
[t=0.028641s, 3584 KB] New best heuristic value for cpdbs: 19
[t=0.028643s, 3584 KB] g=3, 6 evaluated, 3 expanded
[t=0.028651s, 3584 KB] New best heuristic value for cpdbs: 18
[t=0.028655s, 3584 KB] g=4, 8 evaluated, 4 expanded
[t=0.028663s, 3584 KB] New best heuristic value for cpdbs: 17
[t=0.028665s, 3584 KB] g=5, 10 evaluated, 5 expanded
[t=0.028673s, 3584 KB] New best heuristic value for cpdbs: 16
[t=0.028675s, 3584 KB] g=6, 12 evaluated, 6 expanded
[t=0.028682s, 3584 KB] New best heuristic value for cpdbs: 15
[t=0.028687s, 3584 KB] g=7, 14 evaluated, 7 expanded
[t=0.028699s, 3604 KB] New best heuristic value for cpdbs: 14
[t=0.028701s, 3604 KB] g=8, 16 evaluated, 8 expanded
[t=0.028709s, 3604 KB] New best heuristic value for cpdbs: 13
[t=0.028712s, 3604 KB] g=9, 18 evaluated, 9 expanded
[t=0.028718s, 3604 KB] New best heuristic value for cpdbs: 12
[t=0.028720s, 3604 KB] g=10, 19 evaluated, 10 expanded
[t=0.028726s, 3604 KB] New best heuristic value for cpdbs: 11
[t=0.028728s, 3604 KB] g=11, 20 evaluated, 11 expanded
[t=0.028735s, 3604 KB] New best heuristic value for cpdbs: 10
[t=0.028739s, 3604 KB] g=12, 22 evaluated, 12 expanded
[t=0.028749s, 3604 KB] New best heuristic value for cpdbs: 9
[t=0.028751s, 3604 KB] g=13, 24 evaluated, 13 expanded
[t=0.028986s, 3604 KB] f = 23, 96 evaluated, 72 expanded
[t=0.028998s, 3604 KB] f = 24, 100 evaluated, 74 expanded
[t=0.029005s, 3604 KB] New best heuristic value for cpdbs: 8
[t=0.029009s, 3604 KB] g=16, 102 evaluated, 75 expanded
[t=0.029020s, 3604 KB] New best heuristic value for cpdbs: 7
[t=0.029024s, 3604 KB] g=17, 106 evaluated, 76 expanded
[t=0.029033s, 3604 KB] New best heuristic value for cpdbs: 6
[t=0.029036s, 3604 KB] g=18, 109 evaluated, 77 expanded
[t=0.029046s, 3604 KB] New best heuristic value for cpdbs: 5
[t=0.029050s, 3604 KB] g=19, 113 evaluated, 78 expanded
[t=0.029172s, 3604 KB] f = 25, 163 evaluated, 108 expanded
[t=0.029187s, 3604 KB] New best heuristic value for cpdbs: 4
[t=0.029191s, 3604 KB] g=21, 168 evaluated, 110 expanded
[t=0.029301s, 3604 KB] f = 26, 225 evaluated, 134 expanded
[t=0.029488s, 3604 KB] New best heuristic value for cpdbs: 3
[t=0.029492s, 3604 KB] g=23, 307 evaluated, 176 expanded
[t=0.029500s, 3604 KB] New best heuristic value for cpdbs: 2
[t=0.029503s, 3604 KB] g=24, 310 evaluated, 177 expanded
[t=0.029513s, 3604 KB] New best heuristic value for cpdbs: 1
[t=0.029516s, 3604 KB] g=25, 314 evaluated, 178 expanded
[t=0.029525s, 3604 KB] New best heuristic value for cpdbs: 0
[t=0.029529s, 3604 KB] g=26, 317 evaluated, 179 expanded
[t=0.029536s, 3604 KB] Solution found!
[t=0.029541s, 3604 KB] Actual search time: 0.000932s
move c99 c89 up (1)
move c89 c79 up (1)
move c79 c69 up (1)
move c69 c59 up (1)
move c59 c49 up (1)
move c49 c48 left (1)
move c48 c47 left (1)
move c47 c46 left (1)
move c46 c45 left (1)
move c45 c44 left (1)
move c44 c43 left (1)
push c43 c33 c23 b2 up (1)
push c33 c23 c13 b2 up (1)
move c23 c33 down (1)
move c33 c32 left (1)
move c32 c31 left (1)
move c31 c21 up (1)
move c21 c11 up (1)
move c11 c12 right (1)
push c12 c22 c32 b1 down (1)
push c22 c32 c42 b1 down (1)
push c32 c42 c52 b1 down (1)
push c42 c52 c62 b1 down (1)
push c52 c62 c72 b1 down (1)
push c62 c72 c82 b1 down (1)
push c72 c82 c92 b1 down (1)
[t=0.029544s, 3604 KB] Plan length: 26 step(s).
[t=0.029544s, 3604 KB] Plan cost: 26
[t=0.029544s, 3604 KB] Expanded 180 state(s).
[t=0.029544s, 3604 KB] Reopened 0 state(s).
[t=0.029544s, 3604 KB] Evaluated 320 state(s).
[t=0.029544s, 3604 KB] Evaluations: 320
[t=0.029544s, 3604 KB] Generated 636 state(s).
[t=0.029544s, 3604 KB] Dead ends: 15 state(s).
[t=0.029544s, 3604 KB] Expanded until last jump: 134 state(s).
[t=0.029544s, 3604 KB] Reopened until last jump: 0 state(s).
[t=0.029544s, 3604 KB] Evaluated until last jump: 225 state(s).
[t=0.029544s, 3604 KB] Generated until last jump: 478 state(s).
[t=0.029544s, 3604 KB] Number of registered states: 320
[t=0.029544s, 3604 KB] Int hash set load factor: 320/512 = 0.625000
[t=0.029544s, 3604 KB] Int hash set resizes: 9
[t=0.029544s, 3604 KB] Search time: 0.000981s
[t=0.029544s, 3604 KB] Total time: 0.029544s
Solution found.
Remove intermediate file output.sas
search exit code: 0


