$ D:\Miniforge3\python.exe C:/Users/user/Desktop/theoria/.worktrees/p13/engine-rig/.toolchain/downward/fast-downward.py --plan-file C:\Users\user\AppData\Local\Temp\e7verifyh9k0zwhf\sas_plan C:\Users\user\Desktop\theoria\.worktrees\e7-deadlock-claim\engine-rig\runs\20260728T150713Z-E7-deadlock-claim-audit\attacks\work\a2\far9\singleton\sokoban_guarded_singleton_domain.pddl C:\Users\user\Desktop\theoria\.worktrees\e7-deadlock-claim\engine-rig\runs\20260728T150713Z-E7-deadlock-claim-audit\attacks\work\a2\far9\singleton\far9_guarded_singleton.pddl --search astar(ipdb(pdb_max_size=20000000,collection_max_size=100000000,max_time=300,random_seed=42))

INFO     planner time limit: None
INFO     planner memory limit: None

INFO     Running translator.
INFO     translator stdin: None
INFO     translator time limit: None
INFO     translator memory limit: None
INFO     translator command line string: 'D:\Miniforge3\python.exe' -m translate 'C:\Users\user\Desktop\theoria\.worktrees\e7-deadlock-claim\engine-rig\runs\20260728T150713Z-E7-deadlock-claim-audit\attacks\work\a2\far9\singleton\sokoban_guarded_singleton_domain.pddl' 'C:\Users\user\Desktop\theoria\.worktrees\e7-deadlock-claim\engine-rig\runs\20260728T150713Z-E7-deadlock-claim-audit\attacks\work\a2\far9\singleton\far9_guarded_singleton.pddl' --sas-file output.sas
Warning! SIGXCPU is not available on your platform. This means that the planner cannot be gracefully terminated when using a time limit, which, however, is probably supported on your platform anyway.
Parsing...
Parsing: [0.000s CPU, 0.002s wall-clock]
Normalizing task... [0.000s CPU, 0.000s wall-clock]
Instantiating...
Generating Datalog program... [0.000s CPU, 0.000s wall-clock]
Normalizing Datalog program...
Normalizing Datalog program: [0.000s CPU, 0.001s wall-clock]
Preparing model... [0.000s CPU, 0.001s wall-clock]
Generated 20 rules.
Computing model... [0.016s CPU, 0.010s wall-clock]
1674 relevant atoms
2340 auxiliary atoms
4014 final queue length
5859 total queue pushes
Completing instantiation... [0.016s CPU, 0.011s wall-clock]
Instantiating: [0.031s CPU, 0.023s wall-clock]
Computing fact groups...
Finding invariants...
7 initial candidates
Finding invariants: [0.000s CPU, 0.001s wall-clock]
Checking invariant weight... [0.000s CPU, 0.000s wall-clock]
Instantiating groups... [0.000s CPU, 0.002s wall-clock]
Collecting mutex groups... [0.000s CPU, 0.000s wall-clock]
Choosing groups...
81 uncovered facts
Choosing groups: [0.000s CPU, 0.000s wall-clock]
Building translation key... [0.000s CPU, 0.000s wall-clock]
Computing fact groups: [0.000s CPU, 0.004s wall-clock]
Building STRIPS to SAS dictionary... [0.000s CPU, 0.000s wall-clock]
Building dictionary for full mutex groups... [0.000s CPU, 0.000s wall-clock]
Building mutex information...
Building mutex information: [0.000s CPU, 0.000s wall-clock]
Translating task...
Processing axioms...
Simplifying axioms... [0.000s CPU, 0.000s wall-clock]
Translator axioms removed by simplifying: 0
Processing axioms: [0.000s CPU, 0.001s wall-clock]
Translating task: [0.016s CPU, 0.013s wall-clock]
1264 effect conditions simplified
0 implied preconditions added
Detecting unreachable propositions...
0 operators removed
0 axioms removed
11 propositions removed
Detecting unreachable propositions: [0.000s CPU, 0.007s wall-clock]
Reordering and filtering variables...
84 of 84 variables necessary.
81 of 84 mutex groups necessary.
776 of 776 operators necessary.
0 of 0 axiom rules necessary.
Reordering and filtering variables: [0.016s CPU, 0.004s wall-clock]
Translator variables: 84
Translator derived variables: 0
Translator facts: 397
Translator goal facts: 2
Translator mutex groups: 81
Translator total mutex groups size: 316
Translator operators: 776
Translator axioms: 0
Translator task size: 6919
warning: could not determine peak memory
Writing output... [0.000s CPU, 0.015s wall-clock]
Done! [0.062s CPU, 0.071s wall-clock]
translate exit code: 0

INFO     Running search (release).
INFO     search stdin: output.sas
INFO     search time limit: None
INFO     search memory limit: None
INFO     search command line string: 'C:\Users\user\Desktop\theoria\.worktrees\p13\engine-rig\.toolchain\downward\builds\release\bin\downward.exe' --search 'astar(ipdb(pdb_max_size=20000000,collection_max_size=100000000,max_time=300,random_seed=42))' --internal-plan-file 'C:\Users\user\AppData\Local\Temp\e7verifyh9k0zwhf\sas_plan' < output.sas
[t=0.000157s, 1928 KB] Search code revision: 7120aa0
[t=0.000240s, 1956 KB] reading input...
[t=0.007035s, 2720 KB] done reading input!
[t=0.008225s, 3100 KB] Initializing canonical PDB heuristic...
[t=0.008236s, 3100 KB] Generating patterns using: hill climbing pattern collection generator
[t=0.008486s, 3120 KB] Done calculating initial pattern collection: 0.000249s
[t=0.008498s, 3120 KB] Average operator cost: 1.000000
[t=0.008505s, 3120 KB] Building causal graph... done!
[t=0.025167s, 3644 KB] Done calculating initial candidate PDBs
[t=0.040636s, 4212 KB] found a better pattern with improvement 997
[t=0.147955s, 11908 KB] found a better pattern with improvement 288
[t=2.985390s, 318812 KB] found a better pattern with improvement 12
[t=9.414220s, 923688 KB] found a better pattern with improvement 949
[t=17.056406s, 2112248 KB] found a better pattern with improvement 17
[t=35.607788s, 4464708 KB] Improvement below threshold. Stop hill climbing.
[t=35.607817s, 4464708 KB] Hill climbing iterations: 6
[t=35.607821s, 4464708 KB] Hill climbing generated patterns: 556
[t=35.607824s, 4464708 KB] Hill climbing rejected patterns: 0
[t=35.607826s, 4464708 KB] Hill climbing maximum PDB size: 7683984
[t=35.607829s, 4464708 KB] Hill climbing time: 35.599332s
[t=35.787640s, 4464708 KB] hill climbing pattern collection generator number of patterns: 7
[t=35.787671s, 4464708 KB] hill climbing pattern collection generator total PDB size: 7210126
[t=35.787676s, 4464708 KB] hill climbing pattern collection generator computation time: 35.779389s
[t=35.787683s, 4464708 KB] Running dominance pruning...
[t=35.787689s, 4464708 KB] Pruned 5 of 6 pattern cliques
[t=35.787692s, 4464708 KB] Pruned 6 of 7 PDBs
[t=35.787694s, 4464708 KB] Dominance pruning took 0.000009s
[t=35.788105s, 4464708 KB] Canonical PDB heuristic number of patterns: 1
[t=35.788115s, 4464708 KB] Canonical PDB heuristic total PDB size: 3841992
[t=35.788118s, 4464708 KB] Canonical PDB heuristic computation time: 35.779879s
[t=35.788170s, 4464708 KB] Building successor generator... done!
[t=35.788407s, 4464708 KB] peak memory difference for successor generator creation: 0 KB
[t=35.788410s, 4464708 KB] time for successor generation creation: 0.000224s
[t=35.788417s, 4464708 KB] Variables: 84
[t=35.788419s, 4464708 KB] FactPairs: 397
[t=35.788422s, 4464708 KB] Bytes per state: 16
[t=35.788431s, 4464708 KB] Conducting best first search with reopening closed nodes, (real) bound = 2147483647
[t=35.788451s, 4464708 KB] New best heuristic value for cpdbs: 26
[t=35.788454s, 4464708 KB] g=0, 1 evaluated, 0 expanded
[t=35.788457s, 4464708 KB] f = 26, 1 evaluated, 0 expanded
[t=35.788463s, 4464708 KB] Initial heuristic value for cpdbs: 26
[t=35.788467s, 4464708 KB] pruning method: none
[t=35.788477s, 4464708 KB] New best heuristic value for cpdbs: 25
[t=35.788481s, 4464708 KB] g=1, 2 evaluated, 1 expanded
[t=35.788488s, 4464708 KB] New best heuristic value for cpdbs: 24
[t=35.788491s, 4464708 KB] g=2, 4 evaluated, 2 expanded
[t=35.788497s, 4464708 KB] New best heuristic value for cpdbs: 23
[t=35.788501s, 4464708 KB] g=3, 6 evaluated, 3 expanded
[t=35.788508s, 4464708 KB] New best heuristic value for cpdbs: 22
[t=35.788511s, 4464708 KB] g=4, 8 evaluated, 4 expanded
[t=35.788519s, 4464708 KB] New best heuristic value for cpdbs: 21
[t=35.788522s, 4464708 KB] g=5, 10 evaluated, 5 expanded
[t=35.788529s, 4464708 KB] New best heuristic value for cpdbs: 20
[t=35.788533s, 4464708 KB] g=6, 13 evaluated, 6 expanded
[t=35.788539s, 4464708 KB] New best heuristic value for cpdbs: 19
[t=35.788542s, 4464708 KB] g=7, 15 evaluated, 7 expanded
[t=35.788550s, 4464708 KB] New best heuristic value for cpdbs: 18
[t=35.788553s, 4464708 KB] g=8, 18 evaluated, 8 expanded
[t=35.788559s, 4464708 KB] New best heuristic value for cpdbs: 17
[t=35.788563s, 4464708 KB] g=9, 20 evaluated, 9 expanded
[t=35.788569s, 4464708 KB] New best heuristic value for cpdbs: 16
[t=35.788573s, 4464708 KB] g=10, 23 evaluated, 10 expanded
[t=35.788579s, 4464708 KB] New best heuristic value for cpdbs: 15
[t=35.788582s, 4464708 KB] g=11, 26 evaluated, 11 expanded
[t=35.788588s, 4464708 KB] New best heuristic value for cpdbs: 14
[t=35.788592s, 4464708 KB] g=12, 28 evaluated, 12 expanded
[t=35.788599s, 4464708 KB] New best heuristic value for cpdbs: 13
[t=35.788603s, 4464708 KB] g=13, 31 evaluated, 13 expanded
[t=35.788613s, 4464708 KB] New best heuristic value for cpdbs: 12
[t=35.788615s, 4464708 KB] g=14, 36 evaluated, 14 expanded
[t=35.788625s, 4464708 KB] New best heuristic value for cpdbs: 11
[t=35.788629s, 4464708 KB] g=15, 38 evaluated, 15 expanded
[t=35.788635s, 4464708 KB] New best heuristic value for cpdbs: 10
[t=35.788639s, 4464708 KB] g=16, 41 evaluated, 16 expanded
[t=35.788655s, 4464708 KB] New best heuristic value for cpdbs: 9
[t=35.788659s, 4464708 KB] g=17, 50 evaluated, 20 expanded
[t=35.788672s, 4464708 KB] New best heuristic value for cpdbs: 8
[t=35.788674s, 4464708 KB] g=18, 52 evaluated, 21 expanded
[t=35.788680s, 4464708 KB] New best heuristic value for cpdbs: 7
[t=35.788681s, 4464708 KB] g=19, 54 evaluated, 22 expanded
[t=35.788690s, 4464708 KB] New best heuristic value for cpdbs: 6
[t=35.788693s, 4464708 KB] g=20, 56 evaluated, 23 expanded
[t=35.788699s, 4464708 KB] New best heuristic value for cpdbs: 5
[t=35.788702s, 4464708 KB] g=21, 60 evaluated, 24 expanded
[t=35.788707s, 4464708 KB] New best heuristic value for cpdbs: 4
[t=35.788709s, 4464708 KB] g=22, 63 evaluated, 25 expanded
[t=35.788799s, 4464708 KB] New best heuristic value for cpdbs: 3
[t=35.788816s, 4464708 KB] g=23, 67 evaluated, 26 expanded
[t=35.788828s, 4464708 KB] New best heuristic value for cpdbs: 2
[t=35.788837s, 4464708 KB] g=24, 70 evaluated, 27 expanded
[t=35.788848s, 4464708 KB] New best heuristic value for cpdbs: 1
[t=35.788853s, 4464708 KB] g=25, 74 evaluated, 28 expanded
[t=35.788862s, 4464708 KB] New best heuristic value for cpdbs: 0
[t=35.788867s, 4464708 KB] g=26, 77 evaluated, 29 expanded
[t=35.788874s, 4464708 KB] Solution found!
[t=35.788879s, 4464708 KB] Actual search time: 0.000410s
move c99 c89 up (1)
move c89 c79 up (1)
move c79 c69 up (1)
move c69 c59 up (1)
move c59 c49 up (1)
move c49 c48 left (1)
move c48 c47 left (1)
move c47 c46 left (1)
move c46 c45 left (1)
move c45 c44 left (1)
move c44 c43 left (1)
push c43 c33 c23 b2 up (1)
push c33 c23 c13 b2 up (1)
move c23 c33 down (1)
move c33 c32 left (1)
move c32 c31 left (1)
move c31 c21 up (1)
move c21 c11 up (1)
move c11 c12 right (1)
push c12 c22 c32 b1 down (1)
push c22 c32 c42 b1 down (1)
push c32 c42 c52 b1 down (1)
push c42 c52 c62 b1 down (1)
push c52 c62 c72 b1 down (1)
push c62 c72 c82 b1 down (1)
push c72 c82 c92 b1 down (1)
[t=35.788883s, 4464708 KB] Plan length: 26 step(s).
[t=35.788883s, 4464708 KB] Plan cost: 26
[t=35.788883s, 4464708 KB] Expanded 30 state(s).
[t=35.788883s, 4464708 KB] Reopened 0 state(s).
[t=35.788883s, 4464708 KB] Evaluated 80 state(s).
[t=35.788883s, 4464708 KB] Evaluations: 80
[t=35.788883s, 4464708 KB] Generated 100 state(s).
[t=35.788883s, 4464708 KB] Dead ends: 2 state(s).
[t=35.788883s, 4464708 KB] Expanded until last jump: 0 state(s).
[t=35.788883s, 4464708 KB] Reopened until last jump: 0 state(s).
[t=35.788883s, 4464708 KB] Evaluated until last jump: 1 state(s).
[t=35.788883s, 4464708 KB] Generated until last jump: 0 state(s).
[t=35.788883s, 4464708 KB] Number of registered states: 80
[t=35.788883s, 4464708 KB] Int hash set load factor: 80/128 = 0.625000
[t=35.788883s, 4464708 KB] Int hash set resizes: 7
[t=35.788883s, 4464708 KB] Search time: 0.000453s
[t=35.788883s, 4464708 KB] Total time: 35.788883s
Solution found.
Remove intermediate file output.sas
search exit code: 0


