$ D:\Miniforge3\python.exe C:/Users/user/Desktop/theoria/.worktrees/p13/engine-rig/.toolchain/downward/fast-downward.py --plan-file C:\Users\user\AppData\Local\Temp\e7verify0h0d2ldc\sas_plan C:\Users\user\Desktop\theoria\.worktrees\e7-deadlock-claim\engine-rig\fixtures\data\sokoban_domain.pddl C:\Users\user\Desktop\theoria\.worktrees\e7-deadlock-claim\engine-rig\runs\20260728T150713Z-E7-deadlock-claim-audit\attacks\work\a2\far9\far9.pddl --search astar(cpdbs(patterns=systematic(3)))

INFO     planner time limit: None
INFO     planner memory limit: None

INFO     Running translator.
INFO     translator stdin: None
INFO     translator time limit: None
INFO     translator memory limit: None
INFO     translator command line string: 'D:\Miniforge3\python.exe' -m translate 'C:\Users\user\Desktop\theoria\.worktrees\e7-deadlock-claim\engine-rig\fixtures\data\sokoban_domain.pddl' 'C:\Users\user\Desktop\theoria\.worktrees\e7-deadlock-claim\engine-rig\runs\20260728T150713Z-E7-deadlock-claim-audit\attacks\work\a2\far9\far9.pddl' --sas-file output.sas
Warning! SIGXCPU is not available on your platform. This means that the planner cannot be gracefully terminated when using a time limit, which, however, is probably supported on your platform anyway.
Parsing...
Parsing: [0.000s CPU, 0.002s wall-clock]
Normalizing task... [0.016s CPU, 0.000s wall-clock]
Instantiating...
Generating Datalog program... [0.000s CPU, 0.000s wall-clock]
Normalizing Datalog program...
Normalizing Datalog program: [0.000s CPU, 0.001s wall-clock]
Preparing model... [0.000s CPU, 0.001s wall-clock]
Generated 20 rules.
Computing model... [0.000s CPU, 0.010s wall-clock]
1666 relevant atoms
2340 auxiliary atoms
4006 final queue length
5851 total queue pushes
Completing instantiation... [0.016s CPU, 0.010s wall-clock]
Instantiating: [0.016s CPU, 0.023s wall-clock]
Computing fact groups...
Finding invariants...
7 initial candidates
Finding invariants: [0.000s CPU, 0.001s wall-clock]
Checking invariant weight... [0.000s CPU, 0.000s wall-clock]
Instantiating groups... [0.000s CPU, 0.002s wall-clock]
Collecting mutex groups... [0.000s CPU, 0.000s wall-clock]
Choosing groups...
81 uncovered facts
Choosing groups: [0.000s CPU, 0.000s wall-clock]
Building translation key... [0.000s CPU, 0.000s wall-clock]
Computing fact groups: [0.000s CPU, 0.005s wall-clock]
Building STRIPS to SAS dictionary... [0.000s CPU, 0.000s wall-clock]
Building dictionary for full mutex groups... [0.000s CPU, 0.000s wall-clock]
Building mutex information...
Building mutex information: [0.000s CPU, 0.000s wall-clock]
Translating task...
Processing axioms...
Simplifying axioms... [0.000s CPU, 0.000s wall-clock]
Translator axioms removed by simplifying: 0
Processing axioms: [0.000s CPU, 0.001s wall-clock]
Translating task: [0.016s CPU, 0.013s wall-clock]
1296 effect conditions simplified
0 implied preconditions added
Detecting unreachable propositions...
0 operators removed
0 axioms removed
3 propositions removed
Detecting unreachable propositions: [0.016s CPU, 0.008s wall-clock]
Reordering and filtering variables...
84 of 84 variables necessary.
81 of 84 mutex groups necessary.
792 of 792 operators necessary.
0 of 0 axiom rules necessary.
Reordering and filtering variables: [0.000s CPU, 0.004s wall-clock]
Translator variables: 84
Translator derived variables: 0
Translator facts: 405
Translator goal facts: 2
Translator mutex groups: 81
Translator total mutex groups size: 324
Translator operators: 792
Translator axioms: 0
Translator task size: 7079
warning: could not determine peak memory
Writing output... [0.016s CPU, 0.016s wall-clock]
Done! [0.078s CPU, 0.073s wall-clock]
translate exit code: 0

INFO     Running search (release).
INFO     search stdin: output.sas
INFO     search time limit: None
INFO     search memory limit: None
INFO     search command line string: 'C:\Users\user\Desktop\theoria\.worktrees\p13\engine-rig\.toolchain\downward\builds\release\bin\downward.exe' --search 'astar(cpdbs(patterns=systematic(3)))' --internal-plan-file 'C:\Users\user\AppData\Local\Temp\e7verify0h0d2ldc\sas_plan' < output.sas
[t=0.000161s, 1984 KB] Search code revision: 7120aa0
[t=0.000258s, 1984 KB] reading input...
[t=0.007347s, 2752 KB] done reading input!
[t=0.008460s, 3100 KB] Initializing canonical PDB heuristic...
[t=0.008471s, 3100 KB] Generating patterns using: systematic pattern collection generator
[t=0.008482s, 3100 KB] Building causal graph... done!
[t=0.012542s, 5056 KB] Found 6890 SGA patterns.
[t=0.035472s, 5056 KB] Found 6890 interesting patterns.
[t=0.036283s, 5056 KB] systematic pattern collection generator number of patterns: 6890
[t=0.036293s, 5056 KB] systematic pattern collection generator total PDB size: 5859135
[t=0.036331s, 5056 KB] systematic pattern collection generator computation time: 0.0278049s
[t=0.036338s, 5056 KB] Computing PDBs for pattern collection...
[t=1.118799s, 30044 KB] Done computing PDBs for pattern collection: 1.082476s
[t=1.118830s, 30044 KB] Computing pattern cliques for pattern collection...
[t=1.187908s, 30832 KB] Done computing pattern cliques for pattern collection: 0.069091s
[t=1.187943s, 30832 KB] Running dominance pruning...
[t=1.311988s, 31028 KB] Pruned 165 of 6889 pattern cliques
[t=1.312016s, 31028 KB] Pruned 166 of 6890 PDBs
[t=1.312020s, 31028 KB] Dominance pruning took 0.124075s
[t=1.312085s, 31040 KB] Canonical PDB heuristic number of patterns: 6724
[t=1.312094s, 31040 KB] Canonical PDB heuristic total PDB size: 5819607
[t=1.312145s, 31040 KB] Canonical PDB heuristic computation time: 1.303624s
[t=1.312313s, 31040 KB] Building successor generator... done!
[t=1.312547s, 31040 KB] peak memory difference for successor generator creation: 0 KB
[t=1.312550s, 31040 KB] time for successor generation creation: 0.000225s
[t=1.312557s, 31040 KB] Variables: 84
[t=1.312559s, 31040 KB] FactPairs: 405
[t=1.312561s, 31040 KB] Bytes per state: 16
[t=1.312571s, 31040 KB] Conducting best first search with reopening closed nodes, (real) bound = 2147483647
[t=1.312812s, 31040 KB] New best heuristic value for cpdbs: 22
[t=1.312819s, 31040 KB] g=0, 1 evaluated, 0 expanded
[t=1.312821s, 31040 KB] f = 22, 1 evaluated, 0 expanded
[t=1.312829s, 31040 KB] Initial heuristic value for cpdbs: 22
[t=1.312831s, 31040 KB] pruning method: none
[t=1.313014s, 31040 KB] New best heuristic value for cpdbs: 21
[t=1.313020s, 31040 KB] g=1, 2 evaluated, 1 expanded
[t=1.313123s, 31040 KB] New best heuristic value for cpdbs: 20
[t=1.313131s, 31040 KB] g=2, 4 evaluated, 2 expanded
[t=1.313236s, 31040 KB] New best heuristic value for cpdbs: 19
[t=1.313244s, 31040 KB] g=3, 6 evaluated, 3 expanded
[t=1.313340s, 31040 KB] New best heuristic value for cpdbs: 18
[t=1.313349s, 31040 KB] g=4, 8 evaluated, 4 expanded
[t=1.313442s, 31040 KB] New best heuristic value for cpdbs: 17
[t=1.313448s, 31040 KB] g=5, 10 evaluated, 5 expanded
[t=1.313586s, 31040 KB] New best heuristic value for cpdbs: 16
[t=1.313591s, 31040 KB] g=6, 13 evaluated, 6 expanded
[t=1.313693s, 31040 KB] New best heuristic value for cpdbs: 15
[t=1.313698s, 31040 KB] g=7, 15 evaluated, 7 expanded
[t=1.313843s, 31040 KB] New best heuristic value for cpdbs: 14
[t=1.313849s, 31040 KB] g=8, 18 evaluated, 8 expanded
[t=1.313947s, 31040 KB] New best heuristic value for cpdbs: 13
[t=1.313953s, 31040 KB] g=9, 20 evaluated, 9 expanded
[t=1.314086s, 31040 KB] New best heuristic value for cpdbs: 12
[t=1.314091s, 31040 KB] g=10, 23 evaluated, 10 expanded
[t=1.314224s, 31040 KB] New best heuristic value for cpdbs: 11
[t=1.314230s, 31040 KB] g=11, 26 evaluated, 11 expanded
[t=1.314376s, 31040 KB] New best heuristic value for cpdbs: 10
[t=1.314381s, 31040 KB] g=12, 28 evaluated, 12 expanded
[t=1.314574s, 31040 KB] New best heuristic value for cpdbs: 9
[t=1.314580s, 31040 KB] g=13, 31 evaluated, 13 expanded
[t=1.315998s, 31040 KB] f = 24, 62 evaluated, 44 expanded
[t=1.317453s, 31040 KB] f = 26, 93 evaluated, 63 expanded
[t=1.317806s, 31040 KB] New best heuristic value for cpdbs: 8
[t=1.317817s, 31040 KB] g=18, 100 evaluated, 67 expanded
[t=1.317924s, 31040 KB] New best heuristic value for cpdbs: 7
[t=1.317932s, 31040 KB] g=19, 102 evaluated, 68 expanded
[t=1.318090s, 31040 KB] New best heuristic value for cpdbs: 6
[t=1.318098s, 31040 KB] g=20, 104 evaluated, 69 expanded
[t=1.318352s, 31040 KB] New best heuristic value for cpdbs: 5
[t=1.318359s, 31040 KB] g=21, 108 evaluated, 70 expanded
[t=1.318591s, 31040 KB] New best heuristic value for cpdbs: 4
[t=1.318599s, 31040 KB] g=22, 111 evaluated, 71 expanded
[t=1.318874s, 31040 KB] New best heuristic value for cpdbs: 3
[t=1.318881s, 31040 KB] g=23, 115 evaluated, 72 expanded
[t=1.319106s, 31040 KB] New best heuristic value for cpdbs: 2
[t=1.319112s, 31040 KB] g=24, 118 evaluated, 73 expanded
[t=1.319399s, 31040 KB] New best heuristic value for cpdbs: 1
[t=1.319406s, 31040 KB] g=25, 122 evaluated, 74 expanded
[t=1.319642s, 31040 KB] New best heuristic value for cpdbs: 0
[t=1.319649s, 31040 KB] g=26, 125 evaluated, 75 expanded
[t=1.319836s, 31040 KB] Solution found!
[t=1.319844s, 31040 KB] Actual search time: 0.007011s
move c99 c89 up (1)
move c89 c79 up (1)
move c79 c69 up (1)
move c69 c59 up (1)
move c59 c49 up (1)
move c49 c48 left (1)
move c48 c47 left (1)
move c47 c46 left (1)
move c46 c45 left (1)
move c45 c44 left (1)
move c44 c43 left (1)
push c43 c33 c23 b2 up (1)
push c33 c23 c13 b2 up (1)
move c23 c33 down (1)
move c33 c32 left (1)
move c32 c31 left (1)
move c31 c21 up (1)
move c21 c11 up (1)
move c11 c12 right (1)
push c12 c22 c32 b1 down (1)
push c22 c32 c42 b1 down (1)
push c32 c42 c52 b1 down (1)
push c42 c52 c62 b1 down (1)
push c52 c62 c72 b1 down (1)
push c62 c72 c82 b1 down (1)
push c72 c82 c92 b1 down (1)
[t=1.319848s, 31040 KB] Plan length: 26 step(s).
[t=1.319848s, 31040 KB] Plan cost: 26
[t=1.319848s, 31040 KB] Expanded 76 state(s).
[t=1.319848s, 31040 KB] Reopened 0 state(s).
[t=1.319848s, 31040 KB] Evaluated 128 state(s).
[t=1.319848s, 31040 KB] Evaluations: 128
[t=1.319848s, 31040 KB] Generated 276 state(s).
[t=1.319848s, 31040 KB] Dead ends: 4 state(s).
[t=1.319848s, 31040 KB] Expanded until last jump: 63 state(s).
[t=1.319848s, 31040 KB] Reopened until last jump: 0 state(s).
[t=1.319848s, 31040 KB] Evaluated until last jump: 93 state(s).
[t=1.319848s, 31040 KB] Generated until last jump: 235 state(s).
[t=1.319848s, 31040 KB] Number of registered states: 128
[t=1.319848s, 31040 KB] Int hash set load factor: 128/128 = 1.000000
[t=1.319848s, 31040 KB] Int hash set resizes: 7
[t=1.319848s, 31040 KB] Search time: 0.007279s
[t=1.319848s, 31040 KB] Total time: 1.319848s
Solution found.
Remove intermediate file output.sas
search exit code: 0


