$ D:\Miniforge3\python.exe C:/Users/user/Desktop/theoria/.worktrees/p13/engine-rig/.toolchain/downward/fast-downward.py --plan-file C:\Users\user\AppData\Local\Temp\e7verifyqwi9bhmu\sas_plan C:\Users\user\Desktop\theoria\.worktrees\e7-deadlock-claim\engine-rig\runs\20260728T150713Z-E7-deadlock-claim-audit\attacks\work\a2\far9\singleton\sokoban_guarded_singleton_domain.pddl C:\Users\user\Desktop\theoria\.worktrees\e7-deadlock-claim\engine-rig\runs\20260728T150713Z-E7-deadlock-claim-audit\attacks\work\a2\far9\singleton\far9_guarded_singleton.pddl --search astar(ipdb(pdb_max_size=8000000,collection_max_size=40000000,max_time=120,random_seed=1))

INFO     planner time limit: None
INFO     planner memory limit: None

INFO     Running translator.
INFO     translator stdin: None
INFO     translator time limit: None
INFO     translator memory limit: None
INFO     translator command line string: 'D:\Miniforge3\python.exe' -m translate 'C:\Users\user\Desktop\theoria\.worktrees\e7-deadlock-claim\engine-rig\runs\20260728T150713Z-E7-deadlock-claim-audit\attacks\work\a2\far9\singleton\sokoban_guarded_singleton_domain.pddl' 'C:\Users\user\Desktop\theoria\.worktrees\e7-deadlock-claim\engine-rig\runs\20260728T150713Z-E7-deadlock-claim-audit\attacks\work\a2\far9\singleton\far9_guarded_singleton.pddl' --sas-file output.sas
Warning! SIGXCPU is not available on your platform. This means that the planner cannot be gracefully terminated when using a time limit, which, however, is probably supported on your platform anyway.
Parsing...
Parsing: [0.000s CPU, 3.998s wall-clock]
Normalizing task... [0.000s CPU, 0.000s wall-clock]
Instantiating...
Generating Datalog program... [0.000s CPU, 0.001s wall-clock]
Normalizing Datalog program...
Normalizing Datalog program: [0.000s CPU, 0.002s wall-clock]
Preparing model... [0.000s CPU, 0.001s wall-clock]
Generated 20 rules.
Computing model... [0.000s CPU, 0.011s wall-clock]
1674 relevant atoms
2340 auxiliary atoms
4014 final queue length
5859 total queue pushes
Completing instantiation... [0.016s CPU, 0.011s wall-clock]
Instantiating: [0.016s CPU, 0.025s wall-clock]
Computing fact groups...
Finding invariants...
7 initial candidates
Finding invariants: [0.000s CPU, 0.001s wall-clock]
Checking invariant weight... [0.000s CPU, 0.000s wall-clock]
Instantiating groups... [0.000s CPU, 0.002s wall-clock]
Collecting mutex groups... [0.000s CPU, 0.000s wall-clock]
Choosing groups...
81 uncovered facts
Choosing groups: [0.000s CPU, 0.000s wall-clock]
Building translation key... [0.000s CPU, 0.000s wall-clock]
Computing fact groups: [0.000s CPU, 0.004s wall-clock]
Building STRIPS to SAS dictionary... [0.000s CPU, 0.000s wall-clock]
Building dictionary for full mutex groups... [0.000s CPU, 0.000s wall-clock]
Building mutex information...
Building mutex information: [0.000s CPU, 0.000s wall-clock]
Translating task...
Processing axioms...
Simplifying axioms... [0.000s CPU, 0.000s wall-clock]
Translator axioms removed by simplifying: 0
Processing axioms: [0.016s CPU, 0.001s wall-clock]
Translating task: [0.016s CPU, 0.013s wall-clock]
1264 effect conditions simplified
0 implied preconditions added
Detecting unreachable propositions...
0 operators removed
0 axioms removed
11 propositions removed
Detecting unreachable propositions: [0.016s CPU, 0.007s wall-clock]
Reordering and filtering variables...
84 of 84 variables necessary.
81 of 84 mutex groups necessary.
776 of 776 operators necessary.
0 of 0 axiom rules necessary.
Reordering and filtering variables: [0.000s CPU, 1.477s wall-clock]
Translator variables: 84
Translator derived variables: 0
Translator facts: 397
Translator goal facts: 2
Translator mutex groups: 81
Translator total mutex groups size: 316
Translator operators: 776
Translator axioms: 0
Translator task size: 6919
warning: could not determine peak memory
Writing output... [0.016s CPU, 0.016s wall-clock]
Done! [0.062s CPU, 7.048s wall-clock]
translate exit code: 0

INFO     Running search (release).
INFO     search stdin: output.sas
INFO     search time limit: None
INFO     search memory limit: None
INFO     search command line string: 'C:\Users\user\Desktop\theoria\.worktrees\p13\engine-rig\.toolchain\downward\builds\release\bin\downward.exe' --search 'astar(ipdb(pdb_max_size=8000000,collection_max_size=40000000,max_time=120,random_seed=1))' --internal-plan-file 'C:\Users\user\AppData\Local\Temp\e7verifyqwi9bhmu\sas_plan' < output.sas
[t=0.000712s, 2348 KB] Search code revision: 7120aa0
[t=0.000744s, 2348 KB] reading input...
[t=0.007539s, 2736 KB] done reading input!
[t=0.012352s, 3080 KB] Initializing canonical PDB heuristic...
[t=0.012363s, 3080 KB] Generating patterns using: hill climbing pattern collection generator
[t=0.012627s, 3124 KB] Done calculating initial pattern collection: 0.000262s
[t=0.012638s, 3124 KB] Average operator cost: 1.000000
[t=0.012646s, 3124 KB] Building causal graph... done!
[t=0.029696s, 3592 KB] Done calculating initial candidate PDBs
[t=0.044991s, 4164 KB] found a better pattern with improvement 998
[t=0.151352s, 11728 KB] found a better pattern with improvement 284
[t=2.987526s, 318636 KB] found a better pattern with improvement 10
[t=9.191972s, 923376 KB] found a better pattern with improvement 941
[t=17.035613s, 2112092 KB] found a better pattern with improvement 12
[t=35.729841s, 4464944 KB] found a better pattern with improvement 10
[t=56.570506s, 6780712 KB] Improvement below threshold. Stop hill climbing.
[t=56.570563s, 6780712 KB] Hill climbing iterations: 7
[t=56.570567s, 6780712 KB] Hill climbing generated patterns: 633
[t=56.570570s, 6780712 KB] Hill climbing rejected patterns: 0
[t=56.570572s, 6780712 KB] Hill climbing maximum PDB size: 7683984
[t=56.570574s, 6780712 KB] Hill climbing time: 56.557938s
[t=57.177426s, 6780712 KB] hill climbing pattern collection generator number of patterns: 8
[t=57.177461s, 6780712 KB] hill climbing pattern collection generator total PDB size: 11052118
[t=57.177466s, 6780712 KB] hill climbing pattern collection generator computation time: 57.165050s
[t=57.177477s, 6780712 KB] Running dominance pruning...
[t=57.177637s, 6780712 KB] Pruned 5 of 7 pattern cliques
[t=57.177645s, 6780712 KB] Pruned 6 of 8 PDBs
[t=57.177648s, 6780712 KB] Dominance pruning took 0.000165s
[t=57.178542s, 6780712 KB] Canonical PDB heuristic number of patterns: 2
[t=57.178553s, 6780712 KB] Canonical PDB heuristic total PDB size: 7683984
[t=57.178557s, 6780712 KB] Canonical PDB heuristic computation time: 57.166186s
[t=57.180519s, 6780712 KB] Building successor generator... done!
[t=57.180960s, 6780712 KB] peak memory difference for successor generator creation: 0 KB
[t=57.180966s, 6780712 KB] time for successor generation creation: 0.000416s
[t=57.180977s, 6780712 KB] Variables: 84
[t=57.180983s, 6780712 KB] FactPairs: 397
[t=57.180987s, 6780712 KB] Bytes per state: 16
[t=57.181214s, 6780712 KB] Conducting best first search with reopening closed nodes, (real) bound = 2147483647
[t=57.182000s, 6780712 KB] New best heuristic value for cpdbs: 26
[t=57.182011s, 6780712 KB] g=0, 1 evaluated, 0 expanded
[t=57.182016s, 6780712 KB] f = 26, 1 evaluated, 0 expanded
[t=57.182179s, 6780712 KB] Initial heuristic value for cpdbs: 26
[t=57.182197s, 6780712 KB] pruning method: none
[t=57.182215s, 6780712 KB] New best heuristic value for cpdbs: 25
[t=57.182220s, 6780712 KB] g=1, 2 evaluated, 1 expanded
[t=57.182229s, 6780712 KB] New best heuristic value for cpdbs: 24
[t=57.182232s, 6780712 KB] g=2, 4 evaluated, 2 expanded
[t=57.182240s, 6780712 KB] New best heuristic value for cpdbs: 23
[t=57.182243s, 6780712 KB] g=3, 6 evaluated, 3 expanded
[t=57.182255s, 6780712 KB] New best heuristic value for cpdbs: 22
[t=57.182257s, 6780712 KB] g=4, 8 evaluated, 4 expanded
[t=57.182266s, 6780712 KB] New best heuristic value for cpdbs: 21
[t=57.182270s, 6780712 KB] g=5, 10 evaluated, 5 expanded
[t=57.182279s, 6780712 KB] New best heuristic value for cpdbs: 20
[t=57.182282s, 6780712 KB] g=6, 13 evaluated, 6 expanded
[t=57.182295s, 6780712 KB] New best heuristic value for cpdbs: 19
[t=57.182300s, 6780712 KB] g=7, 15 evaluated, 7 expanded
[t=57.182309s, 6780712 KB] New best heuristic value for cpdbs: 18
[t=57.182313s, 6780712 KB] g=8, 18 evaluated, 8 expanded
[t=57.182320s, 6780712 KB] New best heuristic value for cpdbs: 17
[t=57.182324s, 6780712 KB] g=9, 20 evaluated, 9 expanded
[t=57.182330s, 6780712 KB] New best heuristic value for cpdbs: 16
[t=57.182334s, 6780712 KB] g=10, 23 evaluated, 10 expanded
[t=57.182341s, 6780712 KB] New best heuristic value for cpdbs: 15
[t=57.182345s, 6780712 KB] g=11, 26 evaluated, 11 expanded
[t=57.182352s, 6780712 KB] New best heuristic value for cpdbs: 14
[t=57.182356s, 6780712 KB] g=12, 28 evaluated, 12 expanded
[t=57.182368s, 6780712 KB] New best heuristic value for cpdbs: 13
[t=57.182372s, 6780712 KB] g=13, 31 evaluated, 13 expanded
[t=57.182384s, 6780712 KB] New best heuristic value for cpdbs: 12
[t=57.182389s, 6780712 KB] g=14, 37 evaluated, 14 expanded
[t=57.182394s, 6780712 KB] New best heuristic value for cpdbs: 11
[t=57.182398s, 6780712 KB] g=15, 38 evaluated, 15 expanded
[t=57.182442s, 6780712 KB] New best heuristic value for cpdbs: 10
[t=57.182446s, 6780712 KB] g=16, 42 evaluated, 16 expanded
[t=57.182453s, 6780712 KB] New best heuristic value for cpdbs: 9
[t=57.182457s, 6780712 KB] g=17, 44 evaluated, 17 expanded
[t=57.182463s, 6780712 KB] New best heuristic value for cpdbs: 8
[t=57.182467s, 6780712 KB] g=18, 46 evaluated, 18 expanded
[t=57.182474s, 6780712 KB] New best heuristic value for cpdbs: 7
[t=57.182478s, 6780712 KB] g=19, 48 evaluated, 19 expanded
[t=57.182605s, 6780712 KB] New best heuristic value for cpdbs: 6
[t=57.182609s, 6780712 KB] g=20, 50 evaluated, 20 expanded
[t=57.182619s, 6780712 KB] New best heuristic value for cpdbs: 5
[t=57.182623s, 6780712 KB] g=21, 54 evaluated, 21 expanded
[t=57.182660s, 6780712 KB] New best heuristic value for cpdbs: 4
[t=57.182664s, 6780712 KB] g=22, 57 evaluated, 22 expanded
[t=57.182697s, 6780712 KB] New best heuristic value for cpdbs: 3
[t=57.182702s, 6780712 KB] g=23, 61 evaluated, 23 expanded
[t=57.182710s, 6780712 KB] New best heuristic value for cpdbs: 2
[t=57.182712s, 6780712 KB] g=24, 64 evaluated, 24 expanded
[t=57.182750s, 6780712 KB] New best heuristic value for cpdbs: 1
[t=57.182755s, 6780712 KB] g=25, 68 evaluated, 25 expanded
[t=57.182777s, 6780712 KB] New best heuristic value for cpdbs: 0
[t=57.182781s, 6780712 KB] g=26, 71 evaluated, 26 expanded
[t=57.182787s, 6780712 KB] Solution found!
[t=57.182791s, 6780712 KB] Actual search time: 0.000590s
move c99 c89 up (1)
move c89 c79 up (1)
move c79 c69 up (1)
move c69 c59 up (1)
move c59 c49 up (1)
move c49 c48 left (1)
move c48 c47 left (1)
move c47 c46 left (1)
move c46 c45 left (1)
move c45 c44 left (1)
move c44 c43 left (1)
push c43 c33 c23 b2 up (1)
push c33 c23 c13 b2 up (1)
move c23 c33 down (1)
move c33 c32 left (1)
move c32 c31 left (1)
move c31 c21 up (1)
move c21 c11 up (1)
move c11 c12 right (1)
push c12 c22 c32 b1 down (1)
push c22 c32 c42 b1 down (1)
push c32 c42 c52 b1 down (1)
push c42 c52 c62 b1 down (1)
push c52 c62 c72 b1 down (1)
push c62 c72 c82 b1 down (1)
push c72 c82 c92 b1 down (1)
[t=57.182795s, 6780712 KB] Plan length: 26 step(s).
[t=57.182795s, 6780712 KB] Plan cost: 26
[t=57.182795s, 6780712 KB] Expanded 27 state(s).
[t=57.182795s, 6780712 KB] Reopened 0 state(s).
[t=57.182795s, 6780712 KB] Evaluated 74 state(s).
[t=57.182795s, 6780712 KB] Evaluations: 74
[t=57.182795s, 6780712 KB] Generated 91 state(s).
[t=57.182795s, 6780712 KB] Dead ends: 2 state(s).
[t=57.182795s, 6780712 KB] Expanded until last jump: 0 state(s).
[t=57.182795s, 6780712 KB] Reopened until last jump: 0 state(s).
[t=57.182795s, 6780712 KB] Evaluated until last jump: 1 state(s).
[t=57.182795s, 6780712 KB] Generated until last jump: 0 state(s).
[t=57.182795s, 6780712 KB] Number of registered states: 74
[t=57.182795s, 6780712 KB] Int hash set load factor: 74/128 = 0.578125
[t=57.182795s, 6780712 KB] Int hash set resizes: 7
[t=57.182795s, 6780712 KB] Search time: 0.001647s
[t=57.182795s, 6780712 KB] Total time: 57.182795s
Solution found.
Remove intermediate file output.sas
search exit code: 0


