$ D:\Miniforge3\python.exe C:/Users/user/Desktop/theoria/.worktrees/p13/engine-rig/.toolchain/downward/fast-downward.py --plan-file C:\Users\user\AppData\Local\Temp\e7verifymj587dbu\sas_plan C:\Users\user\Desktop\theoria\.worktrees\e7-deadlock-claim\engine-rig\runs\20260728T150713Z-E7-deadlock-claim-audit\attacks\work\a2\far9\singleton\sokoban_guarded_singleton_domain.pddl C:\Users\user\Desktop\theoria\.worktrees\e7-deadlock-claim\engine-rig\runs\20260728T150713Z-E7-deadlock-claim-audit\attacks\work\a2\far9\singleton\far9_guarded_singleton.pddl --search astar(cpdbs(patterns=systematic(2)))

INFO     planner time limit: None
INFO     planner memory limit: None

INFO     Running translator.
INFO     translator stdin: None
INFO     translator time limit: None
INFO     translator memory limit: None
INFO     translator command line string: 'D:\Miniforge3\python.exe' -m translate 'C:\Users\user\Desktop\theoria\.worktrees\e7-deadlock-claim\engine-rig\runs\20260728T150713Z-E7-deadlock-claim-audit\attacks\work\a2\far9\singleton\sokoban_guarded_singleton_domain.pddl' 'C:\Users\user\Desktop\theoria\.worktrees\e7-deadlock-claim\engine-rig\runs\20260728T150713Z-E7-deadlock-claim-audit\attacks\work\a2\far9\singleton\far9_guarded_singleton.pddl' --sas-file output.sas
Warning! SIGXCPU is not available on your platform. This means that the planner cannot be gracefully terminated when using a time limit, which, however, is probably supported on your platform anyway.
Parsing...
Parsing: [0.016s CPU, 0.002s wall-clock]
Normalizing task... [0.000s CPU, 0.000s wall-clock]
Instantiating...
Generating Datalog program... [0.000s CPU, 0.000s wall-clock]
Normalizing Datalog program...
Normalizing Datalog program: [0.000s CPU, 0.001s wall-clock]
Preparing model... [0.000s CPU, 0.001s wall-clock]
Generated 20 rules.
Computing model... [0.000s CPU, 0.010s wall-clock]
1674 relevant atoms
2340 auxiliary atoms
4014 final queue length
5859 total queue pushes
Completing instantiation... [0.016s CPU, 0.012s wall-clock]
Instantiating: [0.016s CPU, 0.024s wall-clock]
Computing fact groups...
Finding invariants...
7 initial candidates
Finding invariants: [0.000s CPU, 0.001s wall-clock]
Checking invariant weight... [0.000s CPU, 0.000s wall-clock]
Instantiating groups... [0.000s CPU, 0.002s wall-clock]
Collecting mutex groups... [0.000s CPU, 0.000s wall-clock]
Choosing groups...
81 uncovered facts
Choosing groups: [0.000s CPU, 0.000s wall-clock]
Building translation key... [0.000s CPU, 0.000s wall-clock]
Computing fact groups: [0.000s CPU, 0.005s wall-clock]
Building STRIPS to SAS dictionary... [0.000s CPU, 0.000s wall-clock]
Building dictionary for full mutex groups... [0.000s CPU, 0.000s wall-clock]
Building mutex information...
Building mutex information: [0.000s CPU, 0.000s wall-clock]
Translating task...
Processing axioms...
Simplifying axioms... [0.000s CPU, 0.000s wall-clock]
Translator axioms removed by simplifying: 0
Processing axioms: [0.000s CPU, 0.001s wall-clock]
Translating task: [0.016s CPU, 0.013s wall-clock]
1264 effect conditions simplified
0 implied preconditions added
Detecting unreachable propositions...
0 operators removed
0 axioms removed
11 propositions removed
Detecting unreachable propositions: [0.016s CPU, 0.008s wall-clock]
Reordering and filtering variables...
84 of 84 variables necessary.
81 of 84 mutex groups necessary.
776 of 776 operators necessary.
0 of 0 axiom rules necessary.
Reordering and filtering variables: [0.000s CPU, 0.004s wall-clock]
Translator variables: 84
Translator derived variables: 0
Translator facts: 397
Translator goal facts: 2
Translator mutex groups: 81
Translator total mutex groups size: 316
Translator operators: 776
Translator axioms: 0
Translator task size: 6919
warning: could not determine peak memory
Writing output... [0.016s CPU, 0.016s wall-clock]
Done! [0.078s CPU, 0.074s wall-clock]
translate exit code: 0

INFO     Running search (release).
INFO     search stdin: output.sas
INFO     search time limit: None
INFO     search memory limit: None
INFO     search command line string: 'C:\Users\user\Desktop\theoria\.worktrees\p13\engine-rig\.toolchain\downward\builds\release\bin\downward.exe' --search 'astar(cpdbs(patterns=systematic(2)))' --internal-plan-file 'C:\Users\user\AppData\Local\Temp\e7verifymj587dbu\sas_plan' < output.sas
[t=0.000158s, 1980 KB] Search code revision: 7120aa0
[t=0.000248s, 1988 KB] reading input...
[t=0.007051s, 2768 KB] done reading input!
[t=0.008155s, 3096 KB] Initializing canonical PDB heuristic...
[t=0.008167s, 3096 KB] Generating patterns using: systematic pattern collection generator
[t=0.008178s, 3096 KB] Building causal graph... done!
[t=0.008857s, 3396 KB] Found 158 SGA patterns.
[t=0.009360s, 3396 KB] Found 158 interesting patterns.
[t=0.009391s, 3396 KB] systematic pattern collection generator number of patterns: 158
[t=0.009397s, 3396 KB] systematic pattern collection generator total PDB size: 36344
[t=0.009401s, 3396 KB] systematic pattern collection generator computation time: 0.0012176s
[t=0.009406s, 3396 KB] Computing PDBs for pattern collection...
[t=0.026015s, 3472 KB] Done computing PDBs for pattern collection: 0.016620s
[t=0.026038s, 3472 KB] Computing pattern cliques for pattern collection...
[t=0.026150s, 3472 KB] Done computing pattern cliques for pattern collection: 0.000113s
[t=0.026163s, 3472 KB] Running dominance pruning...
[t=0.026230s, 3472 KB] Pruned 0 of 157 pattern cliques
[t=0.026237s, 3472 KB] Pruned 0 of 158 PDBs
[t=0.026239s, 3472 KB] Dominance pruning took 0.000075s
[t=0.026243s, 3472 KB] Canonical PDB heuristic number of patterns: 158
[t=0.026246s, 3472 KB] Canonical PDB heuristic total PDB size: 36344
[t=0.026249s, 3472 KB] Canonical PDB heuristic computation time: 0.018089s
[t=0.026283s, 3472 KB] Building successor generator... done!
[t=0.026516s, 3576 KB] peak memory difference for successor generator creation: 104 KB
[t=0.026518s, 3576 KB] time for successor generation creation: 0.000220s
[t=0.026524s, 3576 KB] Variables: 84
[t=0.026526s, 3576 KB] FactPairs: 397
[t=0.026530s, 3576 KB] Bytes per state: 16
[t=0.026540s, 3576 KB] Conducting best first search with reopening closed nodes, (real) bound = 2147483647
[t=0.026563s, 3576 KB] New best heuristic value for cpdbs: 22
[t=0.026567s, 3576 KB] g=0, 1 evaluated, 0 expanded
[t=0.026569s, 3576 KB] f = 22, 1 evaluated, 0 expanded
[t=0.026577s, 3576 KB] Initial heuristic value for cpdbs: 22
[t=0.026581s, 3576 KB] pruning method: none
[t=0.026591s, 3576 KB] New best heuristic value for cpdbs: 21
[t=0.026595s, 3576 KB] g=1, 2 evaluated, 1 expanded
[t=0.026603s, 3576 KB] New best heuristic value for cpdbs: 20
[t=0.026606s, 3576 KB] g=2, 4 evaluated, 2 expanded
[t=0.026614s, 3576 KB] New best heuristic value for cpdbs: 19
[t=0.026617s, 3576 KB] g=3, 6 evaluated, 3 expanded
[t=0.026625s, 3576 KB] New best heuristic value for cpdbs: 18
[t=0.026628s, 3576 KB] g=4, 8 evaluated, 4 expanded
[t=0.026639s, 3588 KB] New best heuristic value for cpdbs: 17
[t=0.026642s, 3588 KB] g=5, 10 evaluated, 5 expanded
[t=0.026649s, 3588 KB] New best heuristic value for cpdbs: 16
[t=0.026652s, 3588 KB] g=6, 12 evaluated, 6 expanded
[t=0.026659s, 3588 KB] New best heuristic value for cpdbs: 15
[t=0.026663s, 3588 KB] g=7, 14 evaluated, 7 expanded
[t=0.026670s, 3588 KB] New best heuristic value for cpdbs: 14
[t=0.026673s, 3588 KB] g=8, 16 evaluated, 8 expanded
[t=0.026682s, 3588 KB] New best heuristic value for cpdbs: 13
[t=0.026685s, 3588 KB] g=9, 18 evaluated, 9 expanded
[t=0.026691s, 3588 KB] New best heuristic value for cpdbs: 12
[t=0.026694s, 3588 KB] g=10, 19 evaluated, 10 expanded
[t=0.026700s, 3588 KB] New best heuristic value for cpdbs: 11
[t=0.026704s, 3588 KB] g=11, 20 evaluated, 11 expanded
[t=0.026711s, 3588 KB] New best heuristic value for cpdbs: 10
[t=0.026714s, 3588 KB] g=12, 22 evaluated, 12 expanded
[t=0.026723s, 3588 KB] New best heuristic value for cpdbs: 9
[t=0.026726s, 3588 KB] g=13, 24 evaluated, 13 expanded
[t=0.026967s, 3608 KB] f = 23, 96 evaluated, 72 expanded
[t=0.026980s, 3608 KB] f = 24, 100 evaluated, 74 expanded
[t=0.026989s, 3608 KB] New best heuristic value for cpdbs: 8
[t=0.026992s, 3608 KB] g=16, 102 evaluated, 75 expanded
[t=0.027003s, 3608 KB] New best heuristic value for cpdbs: 7
[t=0.027006s, 3608 KB] g=17, 106 evaluated, 76 expanded
[t=0.027015s, 3608 KB] New best heuristic value for cpdbs: 6
[t=0.027018s, 3608 KB] g=18, 109 evaluated, 77 expanded
[t=0.027029s, 3608 KB] New best heuristic value for cpdbs: 5
[t=0.027033s, 3608 KB] g=19, 113 evaluated, 78 expanded
[t=0.027156s, 3608 KB] f = 25, 162 evaluated, 108 expanded
[t=0.027170s, 3608 KB] New best heuristic value for cpdbs: 4
[t=0.027174s, 3608 KB] g=21, 167 evaluated, 110 expanded
[t=0.027289s, 3608 KB] f = 26, 224 evaluated, 134 expanded
[t=0.027474s, 3608 KB] New best heuristic value for cpdbs: 3
[t=0.027478s, 3608 KB] g=23, 306 evaluated, 176 expanded
[t=0.027486s, 3608 KB] New best heuristic value for cpdbs: 2
[t=0.027489s, 3608 KB] g=24, 309 evaluated, 177 expanded
[t=0.027499s, 3608 KB] New best heuristic value for cpdbs: 1
[t=0.027502s, 3608 KB] g=25, 313 evaluated, 178 expanded
[t=0.027511s, 3608 KB] New best heuristic value for cpdbs: 0
[t=0.027515s, 3608 KB] g=26, 316 evaluated, 179 expanded
[t=0.027522s, 3608 KB] Solution found!
[t=0.027526s, 3608 KB] Actual search time: 0.000944s
move c99 c89 up (1)
move c89 c79 up (1)
move c79 c69 up (1)
move c69 c59 up (1)
move c59 c49 up (1)
move c49 c48 left (1)
move c48 c47 left (1)
move c47 c46 left (1)
move c46 c45 left (1)
move c45 c44 left (1)
move c44 c43 left (1)
push c43 c33 c23 b2 up (1)
push c33 c23 c13 b2 up (1)
move c23 c33 down (1)
move c33 c32 left (1)
move c32 c31 left (1)
move c31 c21 up (1)
move c21 c11 up (1)
move c11 c12 right (1)
push c12 c22 c32 b1 down (1)
push c22 c32 c42 b1 down (1)
push c32 c42 c52 b1 down (1)
push c42 c52 c62 b1 down (1)
push c52 c62 c72 b1 down (1)
push c62 c72 c82 b1 down (1)
push c72 c82 c92 b1 down (1)
[t=0.027529s, 3608 KB] Plan length: 26 step(s).
[t=0.027529s, 3608 KB] Plan cost: 26
[t=0.027529s, 3608 KB] Expanded 180 state(s).
[t=0.027529s, 3608 KB] Reopened 0 state(s).
[t=0.027529s, 3608 KB] Evaluated 319 state(s).
[t=0.027529s, 3608 KB] Evaluations: 319
[t=0.027529s, 3608 KB] Generated 635 state(s).
[t=0.027529s, 3608 KB] Dead ends: 14 state(s).
[t=0.027529s, 3608 KB] Expanded until last jump: 134 state(s).
[t=0.027529s, 3608 KB] Reopened until last jump: 0 state(s).
[t=0.027529s, 3608 KB] Evaluated until last jump: 224 state(s).
[t=0.027529s, 3608 KB] Generated until last jump: 477 state(s).
[t=0.027529s, 3608 KB] Number of registered states: 319
[t=0.027529s, 3608 KB] Int hash set load factor: 319/512 = 0.623047
[t=0.027529s, 3608 KB] Int hash set resizes: 9
[t=0.027529s, 3608 KB] Search time: 0.000990s
[t=0.027529s, 3608 KB] Total time: 0.027529s
Solution found.
Remove intermediate file output.sas
search exit code: 0


