$ D:\Miniforge3\python.exe C:/Users/user/Desktop/theoria/.worktrees/p13/engine-rig/.toolchain/downward/fast-downward.py --plan-file C:\Users\user\AppData\Local\Temp\e7verifyhuo7ih02\sas_plan C:\Users\user\Desktop\theoria\.worktrees\e7-deadlock-claim\engine-rig\runs\20260728T150713Z-E7-deadlock-claim-audit\attacks\work\a2\far9\singleton\sokoban_guarded_singleton_domain.pddl C:\Users\user\Desktop\theoria\.worktrees\e7-deadlock-claim\engine-rig\runs\20260728T150713Z-E7-deadlock-claim-audit\attacks\work\a2\far9\singleton\far9_guarded_singleton.pddl --search astar(ipdb(pdb_max_size=20000000,collection_max_size=100000000,max_time=300,random_seed=1))

INFO     planner time limit: None
INFO     planner memory limit: None

INFO     Running translator.
INFO     translator stdin: None
INFO     translator time limit: None
INFO     translator memory limit: None
INFO     translator command line string: 'D:\Miniforge3\python.exe' -m translate 'C:\Users\user\Desktop\theoria\.worktrees\e7-deadlock-claim\engine-rig\runs\20260728T150713Z-E7-deadlock-claim-audit\attacks\work\a2\far9\singleton\sokoban_guarded_singleton_domain.pddl' 'C:\Users\user\Desktop\theoria\.worktrees\e7-deadlock-claim\engine-rig\runs\20260728T150713Z-E7-deadlock-claim-audit\attacks\work\a2\far9\singleton\far9_guarded_singleton.pddl' --sas-file output.sas
Warning! SIGXCPU is not available on your platform. This means that the planner cannot be gracefully terminated when using a time limit, which, however, is probably supported on your platform anyway.
Parsing...
Parsing: [0.000s CPU, 0.003s wall-clock]
Normalizing task... [0.000s CPU, 0.000s wall-clock]
Instantiating...
Generating Datalog program... [0.000s CPU, 0.000s wall-clock]
Normalizing Datalog program...
Normalizing Datalog program: [0.016s CPU, 0.001s wall-clock]
Preparing model... [0.000s CPU, 0.001s wall-clock]
Generated 20 rules.
Computing model... [0.000s CPU, 0.012s wall-clock]
1674 relevant atoms
2340 auxiliary atoms
4014 final queue length
5859 total queue pushes
Completing instantiation... [0.016s CPU, 0.012s wall-clock]
Instantiating: [0.031s CPU, 0.027s wall-clock]
Computing fact groups...
Finding invariants...
7 initial candidates
Finding invariants: [0.000s CPU, 0.001s wall-clock]
Checking invariant weight... [0.000s CPU, 0.000s wall-clock]
Instantiating groups... [0.000s CPU, 0.002s wall-clock]
Collecting mutex groups... [0.000s CPU, 0.000s wall-clock]
Choosing groups...
81 uncovered facts
Choosing groups: [0.000s CPU, 0.000s wall-clock]
Building translation key... [0.000s CPU, 0.000s wall-clock]
Computing fact groups: [0.000s CPU, 0.005s wall-clock]
Building STRIPS to SAS dictionary... [0.000s CPU, 0.000s wall-clock]
Building dictionary for full mutex groups... [0.000s CPU, 0.000s wall-clock]
Building mutex information...
Building mutex information: [0.000s CPU, 0.000s wall-clock]
Translating task...
Processing axioms...
Simplifying axioms... [0.000s CPU, 0.000s wall-clock]
Translator axioms removed by simplifying: 0
Processing axioms: [0.016s CPU, 0.002s wall-clock]
Translating task: [0.031s CPU, 0.017s wall-clock]
1264 effect conditions simplified
0 implied preconditions added
Detecting unreachable propositions...
0 operators removed
0 axioms removed
11 propositions removed
Detecting unreachable propositions: [0.000s CPU, 0.008s wall-clock]
Reordering and filtering variables...
84 of 84 variables necessary.
81 of 84 mutex groups necessary.
776 of 776 operators necessary.
0 of 0 axiom rules necessary.
Reordering and filtering variables: [0.000s CPU, 0.222s wall-clock]
Translator variables: 84
Translator derived variables: 0
Translator facts: 397
Translator goal facts: 2
Translator mutex groups: 81
Translator total mutex groups size: 316
Translator operators: 776
Translator axioms: 0
Translator task size: 6919
warning: could not determine peak memory
Writing output... [0.016s CPU, 0.017s wall-clock]
Done! [0.078s CPU, 0.300s wall-clock]
translate exit code: 0

INFO     Running search (release).
INFO     search stdin: output.sas
INFO     search time limit: None
INFO     search memory limit: None
INFO     search command line string: 'C:\Users\user\Desktop\theoria\.worktrees\p13\engine-rig\.toolchain\downward\builds\release\bin\downward.exe' --search 'astar(ipdb(pdb_max_size=20000000,collection_max_size=100000000,max_time=300,random_seed=1))' --internal-plan-file 'C:\Users\user\AppData\Local\Temp\e7verifyhuo7ih02\sas_plan' < output.sas
[t=0.000657s, 2240 KB] Search code revision: 7120aa0
[t=0.000696s, 2240 KB] reading input...
[t=0.007511s, 2704 KB] done reading input!
[t=0.012400s, 3076 KB] Initializing canonical PDB heuristic...
[t=0.012419s, 3076 KB] Generating patterns using: hill climbing pattern collection generator
[t=0.012720s, 3116 KB] Done calculating initial pattern collection: 0.000299s
[t=0.012731s, 3116 KB] Average operator cost: 1.000000
[t=0.012738s, 3116 KB] Building causal graph... done!
[t=0.030041s, 3632 KB] Done calculating initial candidate PDBs
[t=0.045479s, 4076 KB] found a better pattern with improvement 998
[t=0.157281s, 11748 KB] found a better pattern with improvement 284
[t=3.220909s, 318664 KB] found a better pattern with improvement 10
[t=9.788571s, 923468 KB] found a better pattern with improvement 941
[t=17.838238s, 2112596 KB] found a better pattern with improvement 12
[t=36.753240s, 4465380 KB] found a better pattern with improvement 10
[t=56.348227s, 6781008 KB] Improvement below threshold. Stop hill climbing.
[t=56.348250s, 6781008 KB] Hill climbing iterations: 7
[t=56.348253s, 6781008 KB] Hill climbing generated patterns: 633
[t=56.348256s, 6781008 KB] Hill climbing rejected patterns: 0
[t=56.348259s, 6781008 KB] Hill climbing maximum PDB size: 7683984
[t=56.348261s, 6781008 KB] Hill climbing time: 56.335531s
[t=56.665176s, 6781008 KB] hill climbing pattern collection generator number of patterns: 8
[t=56.665204s, 6781008 KB] hill climbing pattern collection generator total PDB size: 11052118
[t=56.665209s, 6781008 KB] hill climbing pattern collection generator computation time: 56.652747s
[t=56.665341s, 6781008 KB] Running dominance pruning...
[t=56.665461s, 6781008 KB] Pruned 5 of 7 pattern cliques
[t=56.665469s, 6781008 KB] Pruned 6 of 8 PDBs
[t=56.665471s, 6781008 KB] Dominance pruning took 0.000123s
[t=56.666067s, 6781008 KB] Canonical PDB heuristic number of patterns: 2
[t=56.666077s, 6781008 KB] Canonical PDB heuristic total PDB size: 7683984
[t=56.666080s, 6781008 KB] Canonical PDB heuristic computation time: 56.653667s
[t=56.666980s, 6781008 KB] Building successor generator... done!
[t=56.667245s, 6781008 KB] peak memory difference for successor generator creation: 0 KB
[t=56.667248s, 6781008 KB] time for successor generation creation: 0.000250s
[t=56.667354s, 6781008 KB] Variables: 84
[t=56.667361s, 6781008 KB] FactPairs: 397
[t=56.667364s, 6781008 KB] Bytes per state: 16
[t=56.667486s, 6781008 KB] Conducting best first search with reopening closed nodes, (real) bound = 2147483647
[t=56.668120s, 6781008 KB] New best heuristic value for cpdbs: 26
[t=56.668135s, 6781008 KB] g=0, 1 evaluated, 0 expanded
[t=56.668139s, 6781008 KB] f = 26, 1 evaluated, 0 expanded
[t=56.668267s, 6781008 KB] Initial heuristic value for cpdbs: 26
[t=56.668275s, 6781008 KB] pruning method: none
[t=56.668290s, 6781008 KB] New best heuristic value for cpdbs: 25
[t=56.668294s, 6781008 KB] g=1, 2 evaluated, 1 expanded
[t=56.668303s, 6781008 KB] New best heuristic value for cpdbs: 24
[t=56.668307s, 6781008 KB] g=2, 4 evaluated, 2 expanded
[t=56.668315s, 6781008 KB] New best heuristic value for cpdbs: 23
[t=56.668319s, 6781008 KB] g=3, 6 evaluated, 3 expanded
[t=56.668326s, 6781008 KB] New best heuristic value for cpdbs: 22
[t=56.668331s, 6781008 KB] g=4, 8 evaluated, 4 expanded
[t=56.668337s, 6781008 KB] New best heuristic value for cpdbs: 21
[t=56.668341s, 6781008 KB] g=5, 10 evaluated, 5 expanded
[t=56.668353s, 6781008 KB] New best heuristic value for cpdbs: 20
[t=56.668357s, 6781008 KB] g=6, 13 evaluated, 6 expanded
[t=56.668363s, 6781008 KB] New best heuristic value for cpdbs: 19
[t=56.668367s, 6781008 KB] g=7, 15 evaluated, 7 expanded
[t=56.668375s, 6781008 KB] New best heuristic value for cpdbs: 18
[t=56.668379s, 6781008 KB] g=8, 18 evaluated, 8 expanded
[t=56.668385s, 6781008 KB] New best heuristic value for cpdbs: 17
[t=56.668388s, 6781008 KB] g=9, 20 evaluated, 9 expanded
[t=56.668394s, 6781008 KB] New best heuristic value for cpdbs: 16
[t=56.668398s, 6781008 KB] g=10, 23 evaluated, 10 expanded
[t=56.668404s, 6781008 KB] New best heuristic value for cpdbs: 15
[t=56.668408s, 6781008 KB] g=11, 26 evaluated, 11 expanded
[t=56.668414s, 6781008 KB] New best heuristic value for cpdbs: 14
[t=56.668418s, 6781008 KB] g=12, 28 evaluated, 12 expanded
[t=56.668427s, 6781008 KB] New best heuristic value for cpdbs: 13
[t=56.668430s, 6781008 KB] g=13, 31 evaluated, 13 expanded
[t=56.668442s, 6781008 KB] New best heuristic value for cpdbs: 12
[t=56.668446s, 6781008 KB] g=14, 37 evaluated, 14 expanded
[t=56.668451s, 6781008 KB] New best heuristic value for cpdbs: 11
[t=56.668455s, 6781008 KB] g=15, 38 evaluated, 15 expanded
[t=56.668462s, 6781008 KB] New best heuristic value for cpdbs: 10
[t=56.668466s, 6781008 KB] g=16, 42 evaluated, 16 expanded
[t=56.668472s, 6781008 KB] New best heuristic value for cpdbs: 9
[t=56.668475s, 6781008 KB] g=17, 44 evaluated, 17 expanded
[t=56.668481s, 6781008 KB] New best heuristic value for cpdbs: 8
[t=56.668485s, 6781008 KB] g=18, 46 evaluated, 18 expanded
[t=56.668491s, 6781008 KB] New best heuristic value for cpdbs: 7
[t=56.668494s, 6781008 KB] g=19, 48 evaluated, 19 expanded
[t=56.668502s, 6781008 KB] New best heuristic value for cpdbs: 6
[t=56.668505s, 6781008 KB] g=20, 50 evaluated, 20 expanded
[t=56.668512s, 6781008 KB] New best heuristic value for cpdbs: 5
[t=56.668516s, 6781008 KB] g=21, 54 evaluated, 21 expanded
[t=56.668522s, 6781008 KB] New best heuristic value for cpdbs: 4
[t=56.668526s, 6781008 KB] g=22, 57 evaluated, 22 expanded
[t=56.668533s, 6781008 KB] New best heuristic value for cpdbs: 3
[t=56.668537s, 6781008 KB] g=23, 61 evaluated, 23 expanded
[t=56.668543s, 6781008 KB] New best heuristic value for cpdbs: 2
[t=56.668547s, 6781008 KB] g=24, 64 evaluated, 24 expanded
[t=56.668558s, 6781008 KB] New best heuristic value for cpdbs: 1
[t=56.668562s, 6781008 KB] g=25, 68 evaluated, 25 expanded
[t=56.668569s, 6781008 KB] New best heuristic value for cpdbs: 0
[t=56.668572s, 6781008 KB] g=26, 71 evaluated, 26 expanded
[t=56.668577s, 6781008 KB] Solution found!
[t=56.668582s, 6781008 KB] Actual search time: 0.000304s
move c99 c89 up (1)
move c89 c79 up (1)
move c79 c69 up (1)
move c69 c59 up (1)
move c59 c49 up (1)
move c49 c48 left (1)
move c48 c47 left (1)
move c47 c46 left (1)
move c46 c45 left (1)
move c45 c44 left (1)
move c44 c43 left (1)
push c43 c33 c23 b2 up (1)
push c33 c23 c13 b2 up (1)
move c23 c33 down (1)
move c33 c32 left (1)
move c32 c31 left (1)
move c31 c21 up (1)
move c21 c11 up (1)
move c11 c12 right (1)
push c12 c22 c32 b1 down (1)
push c22 c32 c42 b1 down (1)
push c32 c42 c52 b1 down (1)
push c42 c52 c62 b1 down (1)
push c52 c62 c72 b1 down (1)
push c62 c72 c82 b1 down (1)
push c72 c82 c92 b1 down (1)
[t=56.668585s, 6781008 KB] Plan length: 26 step(s).
[t=56.668585s, 6781008 KB] Plan cost: 26
[t=56.668585s, 6781008 KB] Expanded 27 state(s).
[t=56.668585s, 6781008 KB] Reopened 0 state(s).
[t=56.668585s, 6781008 KB] Evaluated 74 state(s).
[t=56.668585s, 6781008 KB] Evaluations: 74
[t=56.668585s, 6781008 KB] Generated 91 state(s).
[t=56.668585s, 6781008 KB] Dead ends: 2 state(s).
[t=56.668585s, 6781008 KB] Expanded until last jump: 0 state(s).
[t=56.668585s, 6781008 KB] Reopened until last jump: 0 state(s).
[t=56.668585s, 6781008 KB] Evaluated until last jump: 1 state(s).
[t=56.668585s, 6781008 KB] Generated until last jump: 0 state(s).
[t=56.668585s, 6781008 KB] Number of registered states: 74
[t=56.668585s, 6781008 KB] Int hash set load factor: 74/128 = 0.578125
[t=56.668585s, 6781008 KB] Int hash set resizes: 7
[t=56.668585s, 6781008 KB] Search time: 0.001213s
[t=56.668585s, 6781008 KB] Total time: 56.668585s
Solution found.
Remove intermediate file output.sas
search exit code: 0


