$ D:\Miniforge3\python.exe C:/Users/user/Desktop/theoria/.worktrees/p13/engine-rig/.toolchain/downward/fast-downward.py --plan-file C:\Users\user\AppData\Local\Temp\e7verifywy6wcvhx\sas_plan C:\Users\user\Desktop\theoria\.worktrees\e7-deadlock-claim\engine-rig\fixtures\data\sokoban_domain.pddl C:\Users\user\Desktop\theoria\.worktrees\e7-deadlock-claim\engine-rig\runs\20260728T150713Z-E7-deadlock-claim-audit\attacks\work\a2\far9\far9.pddl --search astar(ipdb(pdb_max_size=8000000,collection_max_size=40000000,max_time=120,random_seed=1))

INFO     planner time limit: None
INFO     planner memory limit: None

INFO     Running translator.
INFO     translator stdin: None
INFO     translator time limit: None
INFO     translator memory limit: None
INFO     translator command line string: 'D:\Miniforge3\python.exe' -m translate 'C:\Users\user\Desktop\theoria\.worktrees\e7-deadlock-claim\engine-rig\fixtures\data\sokoban_domain.pddl' 'C:\Users\user\Desktop\theoria\.worktrees\e7-deadlock-claim\engine-rig\runs\20260728T150713Z-E7-deadlock-claim-audit\attacks\work\a2\far9\far9.pddl' --sas-file output.sas
Warning! SIGXCPU is not available on your platform. This means that the planner cannot be gracefully terminated when using a time limit, which, however, is probably supported on your platform anyway.
Parsing...
Parsing: [0.000s CPU, 0.003s wall-clock]
Normalizing task... [0.000s CPU, 0.000s wall-clock]
Instantiating...
Generating Datalog program... [0.016s CPU, 0.000s wall-clock]
Normalizing Datalog program...
Normalizing Datalog program: [0.000s CPU, 0.001s wall-clock]
Preparing model... [0.000s CPU, 0.001s wall-clock]
Generated 20 rules.
Computing model... [0.000s CPU, 0.010s wall-clock]
1666 relevant atoms
2340 auxiliary atoms
4006 final queue length
5851 total queue pushes
Completing instantiation... [0.016s CPU, 0.010s wall-clock]
Instantiating: [0.031s CPU, 0.023s wall-clock]
Computing fact groups...
Finding invariants...
7 initial candidates
Finding invariants: [0.000s CPU, 0.001s wall-clock]
Checking invariant weight... [0.000s CPU, 0.000s wall-clock]
Instantiating groups... [0.000s CPU, 0.002s wall-clock]
Collecting mutex groups... [0.000s CPU, 0.000s wall-clock]
Choosing groups...
81 uncovered facts
Choosing groups: [0.000s CPU, 0.000s wall-clock]
Building translation key... [0.000s CPU, 0.000s wall-clock]
Computing fact groups: [0.000s CPU, 0.004s wall-clock]
Building STRIPS to SAS dictionary... [0.000s CPU, 0.000s wall-clock]
Building dictionary for full mutex groups... [0.000s CPU, 0.000s wall-clock]
Building mutex information...
Building mutex information: [0.000s CPU, 0.000s wall-clock]
Translating task...
Processing axioms...
Simplifying axioms... [0.000s CPU, 0.000s wall-clock]
Translator axioms removed by simplifying: 0
Processing axioms: [0.000s CPU, 0.001s wall-clock]
Translating task: [0.016s CPU, 0.013s wall-clock]
1296 effect conditions simplified
0 implied preconditions added
Detecting unreachable propositions...
0 operators removed
0 axioms removed
3 propositions removed
Detecting unreachable propositions: [0.016s CPU, 0.007s wall-clock]
Reordering and filtering variables...
84 of 84 variables necessary.
81 of 84 mutex groups necessary.
792 of 792 operators necessary.
0 of 0 axiom rules necessary.
Reordering and filtering variables: [0.000s CPU, 0.004s wall-clock]
Translator variables: 84
Translator derived variables: 0
Translator facts: 405
Translator goal facts: 2
Translator mutex groups: 81
Translator total mutex groups size: 324
Translator operators: 792
Translator axioms: 0
Translator task size: 7079
warning: could not determine peak memory
Writing output... [0.000s CPU, 0.016s wall-clock]
Done! [0.062s CPU, 0.072s wall-clock]
translate exit code: 0

INFO     Running search (release).
INFO     search stdin: output.sas
INFO     search time limit: None
INFO     search memory limit: None
INFO     search command line string: 'C:\Users\user\Desktop\theoria\.worktrees\p13\engine-rig\.toolchain\downward\builds\release\bin\downward.exe' --search 'astar(ipdb(pdb_max_size=8000000,collection_max_size=40000000,max_time=120,random_seed=1))' --internal-plan-file 'C:\Users\user\AppData\Local\Temp\e7verifywy6wcvhx\sas_plan' < output.sas
[t=0.000147s, 1952 KB] Search code revision: 7120aa0
[t=0.000236s, 1964 KB] reading input...
[t=0.007459s, 2728 KB] done reading input!
[t=0.008683s, 3112 KB] Initializing canonical PDB heuristic...
[t=0.008694s, 3112 KB] Generating patterns using: hill climbing pattern collection generator
[t=0.008964s, 3156 KB] Done calculating initial pattern collection: 0.000270s
[t=0.008977s, 3156 KB] Average operator cost: 1.000000
[t=0.008983s, 3156 KB] Building causal graph... done!
[t=0.027098s, 3664 KB] Done calculating initial candidate PDBs
[t=0.042911s, 4148 KB] found a better pattern with improvement 998
[t=0.152868s, 12172 KB] found a better pattern with improvement 283
[t=3.040703s, 351272 KB] found a better pattern with improvement 10
[t=9.378085s, 1020136 KB] found a better pattern with improvement 941
[t=17.976468s, 2335440 KB] found a better pattern with improvement 12
[t=18.745767s, 2335440 KB] found a better pattern with improvement 10
[t=18.801522s, 2335440 KB] Improvement below threshold. Stop hill climbing.
[t=18.801542s, 2335440 KB] Hill climbing iterations: 7
[t=18.801545s, 2335440 KB] Hill climbing generated patterns: 486
[t=18.801548s, 2335440 KB] Hill climbing rejected patterns: 498
[t=18.801550s, 2335440 KB] Hill climbing maximum PDB size: 4251528
[t=18.801552s, 2335440 KB] Hill climbing time: 18.792577s
[t=19.097851s, 2335440 KB] hill climbing pattern collection generator number of patterns: 8
[t=19.098015s, 2335440 KB] hill climbing pattern collection generator total PDB size: 12229866
[t=19.098024s, 2335440 KB] hill climbing pattern collection generator computation time: 19.089142s
[t=19.098154s, 2335440 KB] Running dominance pruning...
[t=19.098425s, 2335440 KB] Pruned 5 of 7 pattern cliques
[t=19.098436s, 2335440 KB] Pruned 6 of 8 PDBs
[t=19.098439s, 2335440 KB] Dominance pruning took 0.000148s
[t=19.099849s, 2335440 KB] Canonical PDB heuristic number of patterns: 2
[t=19.099856s, 2335440 KB] Canonical PDB heuristic total PDB size: 8503056
[t=19.099860s, 2335440 KB] Canonical PDB heuristic computation time: 19.091164s
[t=19.102359s, 2335440 KB] Building successor generator... done!
[t=19.102777s, 2335440 KB] peak memory difference for successor generator creation: 0 KB
[t=19.102784s, 2335440 KB] time for successor generation creation: 0.000279s
[t=19.102949s, 2335440 KB] Variables: 84
[t=19.102956s, 2335440 KB] FactPairs: 405
[t=19.102958s, 2335440 KB] Bytes per state: 16
[t=19.103225s, 2335440 KB] Conducting best first search with reopening closed nodes, (real) bound = 2147483647
[t=19.104084s, 2335440 KB] New best heuristic value for cpdbs: 26
[t=19.104091s, 2335440 KB] g=0, 1 evaluated, 0 expanded
[t=19.104094s, 2335440 KB] f = 26, 1 evaluated, 0 expanded
[t=19.104332s, 2335440 KB] Initial heuristic value for cpdbs: 26
[t=19.104340s, 2335440 KB] pruning method: none
[t=19.104352s, 2335440 KB] New best heuristic value for cpdbs: 25
[t=19.104355s, 2335440 KB] g=1, 2 evaluated, 1 expanded
[t=19.104363s, 2335440 KB] New best heuristic value for cpdbs: 24
[t=19.104367s, 2335440 KB] g=2, 4 evaluated, 2 expanded
[t=19.104379s, 2335440 KB] New best heuristic value for cpdbs: 23
[t=19.104382s, 2335440 KB] g=3, 6 evaluated, 3 expanded
[t=19.104390s, 2335440 KB] New best heuristic value for cpdbs: 22
[t=19.104395s, 2335440 KB] g=4, 8 evaluated, 4 expanded
[t=19.104406s, 2335440 KB] New best heuristic value for cpdbs: 21
[t=19.104408s, 2335440 KB] g=5, 10 evaluated, 5 expanded
[t=19.104415s, 2335440 KB] New best heuristic value for cpdbs: 20
[t=19.104418s, 2335440 KB] g=6, 13 evaluated, 6 expanded
[t=19.104429s, 2335440 KB] New best heuristic value for cpdbs: 19
[t=19.104433s, 2335440 KB] g=7, 15 evaluated, 7 expanded
[t=19.104441s, 2335440 KB] New best heuristic value for cpdbs: 18
[t=19.104443s, 2335440 KB] g=8, 18 evaluated, 8 expanded
[t=19.104449s, 2335440 KB] New best heuristic value for cpdbs: 17
[t=19.104453s, 2335440 KB] g=9, 20 evaluated, 9 expanded
[t=19.104459s, 2335440 KB] New best heuristic value for cpdbs: 16
[t=19.104463s, 2335440 KB] g=10, 23 evaluated, 10 expanded
[t=19.104469s, 2335440 KB] New best heuristic value for cpdbs: 15
[t=19.104471s, 2335440 KB] g=11, 26 evaluated, 11 expanded
[t=19.104477s, 2335440 KB] New best heuristic value for cpdbs: 14
[t=19.104479s, 2335440 KB] g=12, 28 evaluated, 12 expanded
[t=19.104489s, 2335440 KB] New best heuristic value for cpdbs: 13
[t=19.104493s, 2335440 KB] g=13, 31 evaluated, 13 expanded
[t=19.104505s, 2335440 KB] New best heuristic value for cpdbs: 12
[t=19.104507s, 2335440 KB] g=14, 37 evaluated, 14 expanded
[t=19.104511s, 2335440 KB] New best heuristic value for cpdbs: 11
[t=19.104513s, 2335440 KB] g=15, 38 evaluated, 15 expanded
[t=19.104519s, 2335440 KB] New best heuristic value for cpdbs: 10
[t=19.104523s, 2335440 KB] g=16, 42 evaluated, 16 expanded
[t=19.104528s, 2335440 KB] New best heuristic value for cpdbs: 9
[t=19.104532s, 2335440 KB] g=17, 44 evaluated, 17 expanded
[t=19.104537s, 2335440 KB] New best heuristic value for cpdbs: 8
[t=19.104541s, 2335440 KB] g=18, 46 evaluated, 18 expanded
[t=19.104547s, 2335440 KB] New best heuristic value for cpdbs: 7
[t=19.104550s, 2335440 KB] g=19, 48 evaluated, 19 expanded
[t=19.104557s, 2335440 KB] New best heuristic value for cpdbs: 6
[t=19.104560s, 2335440 KB] g=20, 50 evaluated, 20 expanded
[t=19.104568s, 2335440 KB] New best heuristic value for cpdbs: 5
[t=19.104572s, 2335440 KB] g=21, 54 evaluated, 21 expanded
[t=19.104578s, 2335440 KB] New best heuristic value for cpdbs: 4
[t=19.104580s, 2335440 KB] g=22, 57 evaluated, 22 expanded
[t=19.104587s, 2335440 KB] New best heuristic value for cpdbs: 3
[t=19.104589s, 2335440 KB] g=23, 61 evaluated, 23 expanded
[t=19.104596s, 2335440 KB] New best heuristic value for cpdbs: 2
[t=19.104600s, 2335440 KB] g=24, 64 evaluated, 24 expanded
[t=19.104610s, 2335440 KB] New best heuristic value for cpdbs: 1
[t=19.104612s, 2335440 KB] g=25, 68 evaluated, 25 expanded
[t=19.104619s, 2335440 KB] New best heuristic value for cpdbs: 0
[t=19.104621s, 2335440 KB] g=26, 71 evaluated, 26 expanded
[t=19.104626s, 2335440 KB] Solution found!
[t=19.104631s, 2335440 KB] Actual search time: 0.000288s
move c99 c89 up (1)
move c89 c79 up (1)
move c79 c69 up (1)
move c69 c59 up (1)
move c59 c49 up (1)
move c49 c48 left (1)
move c48 c47 left (1)
move c47 c46 left (1)
move c46 c45 left (1)
move c45 c44 left (1)
move c44 c43 left (1)
push c43 c33 c23 b2 up (1)
push c33 c23 c13 b2 up (1)
move c23 c33 down (1)
move c33 c32 left (1)
move c32 c31 left (1)
move c31 c21 up (1)
move c21 c11 up (1)
move c11 c12 right (1)
push c12 c22 c32 b1 down (1)
push c22 c32 c42 b1 down (1)
push c32 c42 c52 b1 down (1)
push c42 c52 c62 b1 down (1)
push c52 c62 c72 b1 down (1)
push c62 c72 c82 b1 down (1)
push c72 c82 c92 b1 down (1)
[t=19.104634s, 2335440 KB] Plan length: 26 step(s).
[t=19.104634s, 2335440 KB] Plan cost: 26
[t=19.104634s, 2335440 KB] Expanded 27 state(s).
[t=19.104634s, 2335440 KB] Reopened 0 state(s).
[t=19.104634s, 2335440 KB] Evaluated 74 state(s).
[t=19.104634s, 2335440 KB] Evaluations: 74
[t=19.104634s, 2335440 KB] Generated 91 state(s).
[t=19.104634s, 2335440 KB] Dead ends: 2 state(s).
[t=19.104634s, 2335440 KB] Expanded until last jump: 0 state(s).
[t=19.104634s, 2335440 KB] Reopened until last jump: 0 state(s).
[t=19.104634s, 2335440 KB] Evaluated until last jump: 1 state(s).
[t=19.104634s, 2335440 KB] Generated until last jump: 0 state(s).
[t=19.104634s, 2335440 KB] Number of registered states: 74
[t=19.104634s, 2335440 KB] Int hash set load factor: 74/128 = 0.578125
[t=19.104634s, 2335440 KB] Int hash set resizes: 7
[t=19.104634s, 2335440 KB] Search time: 0.001413s
[t=19.104634s, 2335440 KB] Total time: 19.104634s
Solution found.
Remove intermediate file output.sas
search exit code: 0


