$ D:\Miniforge3\python.exe C:/Users/user/Desktop/theoria/.worktrees/p13/engine-rig/.toolchain/downward/fast-downward.py --plan-file C:\Users\user\AppData\Local\Temp\e7verifyq7gf8tb3\sas_plan C:\Users\user\Desktop\theoria\.worktrees\e7-deadlock-claim\engine-rig\fixtures\data\sokoban_domain.pddl C:\Users\user\Desktop\theoria\.worktrees\e7-deadlock-claim\engine-rig\runs\20260728T150713Z-E7-deadlock-claim-audit\attacks\work\a2\far9\far9.pddl --search astar(ipdb(pdb_max_size=20000000,collection_max_size=100000000,max_time=300,random_seed=42))

INFO     planner time limit: None
INFO     planner memory limit: None

INFO     Running translator.
INFO     translator stdin: None
INFO     translator time limit: None
INFO     translator memory limit: None
INFO     translator command line string: 'D:\Miniforge3\python.exe' -m translate 'C:\Users\user\Desktop\theoria\.worktrees\e7-deadlock-claim\engine-rig\fixtures\data\sokoban_domain.pddl' 'C:\Users\user\Desktop\theoria\.worktrees\e7-deadlock-claim\engine-rig\runs\20260728T150713Z-E7-deadlock-claim-audit\attacks\work\a2\far9\far9.pddl' --sas-file output.sas
Warning! SIGXCPU is not available on your platform. This means that the planner cannot be gracefully terminated when using a time limit, which, however, is probably supported on your platform anyway.
Parsing...
Parsing: [0.000s CPU, 0.121s wall-clock]
Normalizing task... [0.000s CPU, 0.000s wall-clock]
Instantiating...
Generating Datalog program... [0.000s CPU, 0.000s wall-clock]
Normalizing Datalog program...
Normalizing Datalog program: [0.000s CPU, 0.001s wall-clock]
Preparing model... [0.000s CPU, 0.001s wall-clock]
Generated 20 rules.
Computing model... [0.016s CPU, 0.010s wall-clock]
1666 relevant atoms
2340 auxiliary atoms
4006 final queue length
5851 total queue pushes
Completing instantiation... [0.016s CPU, 0.011s wall-clock]
Instantiating: [0.031s CPU, 0.024s wall-clock]
Computing fact groups...
Finding invariants...
7 initial candidates
Finding invariants: [0.000s CPU, 0.001s wall-clock]
Checking invariant weight... [0.000s CPU, 0.000s wall-clock]
Instantiating groups... [0.000s CPU, 0.002s wall-clock]
Collecting mutex groups... [0.000s CPU, 0.000s wall-clock]
Choosing groups...
81 uncovered facts
Choosing groups: [0.000s CPU, 0.000s wall-clock]
Building translation key... [0.000s CPU, 0.000s wall-clock]
Computing fact groups: [0.000s CPU, 0.004s wall-clock]
Building STRIPS to SAS dictionary... [0.000s CPU, 0.000s wall-clock]
Building dictionary for full mutex groups... [0.000s CPU, 0.000s wall-clock]
Building mutex information...
Building mutex information: [0.000s CPU, 0.000s wall-clock]
Translating task...
Processing axioms...
Simplifying axioms... [0.000s CPU, 0.000s wall-clock]
Translator axioms removed by simplifying: 0
Processing axioms: [0.000s CPU, 0.001s wall-clock]
Translating task: [0.016s CPU, 0.013s wall-clock]
1296 effect conditions simplified
0 implied preconditions added
Detecting unreachable propositions...
0 operators removed
0 axioms removed
3 propositions removed
Detecting unreachable propositions: [0.000s CPU, 0.007s wall-clock]
Reordering and filtering variables...
84 of 84 variables necessary.
81 of 84 mutex groups necessary.
792 of 792 operators necessary.
0 of 0 axiom rules necessary.
Reordering and filtering variables: [0.000s CPU, 0.006s wall-clock]
Translator variables: 84
Translator derived variables: 0
Translator facts: 405
Translator goal facts: 2
Translator mutex groups: 81
Translator total mutex groups size: 324
Translator operators: 792
Translator axioms: 0
Translator task size: 7079
warning: could not determine peak memory
Writing output... [0.000s CPU, 0.016s wall-clock]
Done! [0.047s CPU, 0.193s wall-clock]
translate exit code: 0

INFO     Running search (release).
INFO     search stdin: output.sas
INFO     search time limit: None
INFO     search memory limit: None
INFO     search command line string: 'C:\Users\user\Desktop\theoria\.worktrees\p13\engine-rig\.toolchain\downward\builds\release\bin\downward.exe' --search 'astar(ipdb(pdb_max_size=20000000,collection_max_size=100000000,max_time=300,random_seed=42))' --internal-plan-file 'C:\Users\user\AppData\Local\Temp\e7verifyq7gf8tb3\sas_plan' < output.sas
[t=0.000160s, 1964 KB] Search code revision: 7120aa0
[t=0.000255s, 1964 KB] reading input...
[t=0.007237s, 2728 KB] done reading input!
[t=0.008628s, 3088 KB] Initializing canonical PDB heuristic...
[t=0.008640s, 3088 KB] Generating patterns using: hill climbing pattern collection generator
[t=0.008951s, 3112 KB] Done calculating initial pattern collection: 0.000313s
[t=0.008968s, 3112 KB] Average operator cost: 1.000000
[t=0.008974s, 3112 KB] Building causal graph... done!
[t=0.027932s, 3616 KB] Done calculating initial candidate PDBs
[t=0.044110s, 4080 KB] found a better pattern with improvement 997
[t=0.153669s, 12136 KB] found a better pattern with improvement 287
[t=3.043322s, 351240 KB] found a better pattern with improvement 12
[t=9.364375s, 1019844 KB] found a better pattern with improvement 949
[t=17.228727s, 2335192 KB] found a better pattern with improvement 17
[t=35.918434s, 4937556 KB] Improvement below threshold. Stop hill climbing.
[t=35.918466s, 4937556 KB] Hill climbing iterations: 6
[t=35.918469s, 4937556 KB] Hill climbing generated patterns: 564
[t=35.918472s, 4937556 KB] Hill climbing rejected patterns: 0
[t=35.918474s, 4937556 KB] Hill climbing maximum PDB size: 8503056
[t=35.918476s, 4937556 KB] Hill climbing time: 35.909510s
[t=36.083808s, 4937556 KB] hill climbing pattern collection generator number of patterns: 7
[t=36.083849s, 4937556 KB] hill climbing pattern collection generator total PDB size: 7978338
[t=36.083855s, 4937556 KB] hill climbing pattern collection generator computation time: 36.075157s
[t=36.083863s, 4937556 KB] Running dominance pruning...
[t=36.083872s, 4937556 KB] Pruned 5 of 6 pattern cliques
[t=36.083875s, 4937556 KB] Pruned 6 of 7 PDBs
[t=36.083877s, 4937556 KB] Dominance pruning took 0.000011s
[t=36.084486s, 4937556 KB] Canonical PDB heuristic number of patterns: 1
[t=36.084497s, 4937556 KB] Canonical PDB heuristic total PDB size: 4251528
[t=36.084500s, 4937556 KB] Canonical PDB heuristic computation time: 36.075857s
[t=36.084558s, 4937556 KB] Building successor generator... done!
[t=36.084855s, 4937556 KB] peak memory difference for successor generator creation: 0 KB
[t=36.084857s, 4937556 KB] time for successor generation creation: 0.000284s
[t=36.084866s, 4937556 KB] Variables: 84
[t=36.084869s, 4937556 KB] FactPairs: 405
[t=36.084871s, 4937556 KB] Bytes per state: 16
[t=36.084879s, 4937556 KB] Conducting best first search with reopening closed nodes, (real) bound = 2147483647
[t=36.084912s, 4937556 KB] New best heuristic value for cpdbs: 26
[t=36.084916s, 4937556 KB] g=0, 1 evaluated, 0 expanded
[t=36.084919s, 4937556 KB] f = 26, 1 evaluated, 0 expanded
[t=36.084928s, 4937556 KB] Initial heuristic value for cpdbs: 26
[t=36.084939s, 4937556 KB] pruning method: none
[t=36.084955s, 4937556 KB] New best heuristic value for cpdbs: 25
[t=36.084961s, 4937556 KB] g=1, 2 evaluated, 1 expanded
[t=36.084974s, 4937556 KB] New best heuristic value for cpdbs: 24
[t=36.084978s, 4937556 KB] g=2, 4 evaluated, 2 expanded
[t=36.084988s, 4937556 KB] New best heuristic value for cpdbs: 23
[t=36.084991s, 4937556 KB] g=3, 6 evaluated, 3 expanded
[t=36.084998s, 4937556 KB] New best heuristic value for cpdbs: 22
[t=36.085003s, 4937556 KB] g=4, 8 evaluated, 4 expanded
[t=36.085012s, 4937556 KB] New best heuristic value for cpdbs: 21
[t=36.085014s, 4937556 KB] g=5, 10 evaluated, 5 expanded
[t=36.085029s, 4937556 KB] New best heuristic value for cpdbs: 20
[t=36.085033s, 4937556 KB] g=6, 13 evaluated, 6 expanded
[t=36.085041s, 4937556 KB] New best heuristic value for cpdbs: 19
[t=36.085044s, 4937556 KB] g=7, 15 evaluated, 7 expanded
[t=36.085053s, 4937556 KB] New best heuristic value for cpdbs: 18
[t=36.085056s, 4937556 KB] g=8, 18 evaluated, 8 expanded
[t=36.085063s, 4937556 KB] New best heuristic value for cpdbs: 17
[t=36.085068s, 4937556 KB] g=9, 20 evaluated, 9 expanded
[t=36.085074s, 4937556 KB] New best heuristic value for cpdbs: 16
[t=36.085078s, 4937556 KB] g=10, 23 evaluated, 10 expanded
[t=36.085089s, 4937556 KB] New best heuristic value for cpdbs: 15
[t=36.085092s, 4937556 KB] g=11, 26 evaluated, 11 expanded
[t=36.085098s, 4937556 KB] New best heuristic value for cpdbs: 14
[t=36.085101s, 4937556 KB] g=12, 28 evaluated, 12 expanded
[t=36.085108s, 4937556 KB] New best heuristic value for cpdbs: 13
[t=36.085110s, 4937556 KB] g=13, 31 evaluated, 13 expanded
[t=36.085122s, 4937556 KB] New best heuristic value for cpdbs: 12
[t=36.085124s, 4937556 KB] g=14, 36 evaluated, 14 expanded
[t=36.085130s, 4937556 KB] New best heuristic value for cpdbs: 11
[t=36.085133s, 4937556 KB] g=15, 38 evaluated, 15 expanded
[t=36.085141s, 4937556 KB] New best heuristic value for cpdbs: 10
[t=36.085144s, 4937556 KB] g=16, 41 evaluated, 16 expanded
[t=36.085164s, 4937556 KB] New best heuristic value for cpdbs: 9
[t=36.085168s, 4937556 KB] g=17, 51 evaluated, 20 expanded
[t=36.085174s, 4937556 KB] New best heuristic value for cpdbs: 8
[t=36.085177s, 4937556 KB] g=18, 53 evaluated, 21 expanded
[t=36.085183s, 4937556 KB] New best heuristic value for cpdbs: 7
[t=36.085186s, 4937556 KB] g=19, 55 evaluated, 22 expanded
[t=36.085192s, 4937556 KB] New best heuristic value for cpdbs: 6
[t=36.085196s, 4937556 KB] g=20, 57 evaluated, 23 expanded
[t=36.085206s, 4937556 KB] New best heuristic value for cpdbs: 5
[t=36.085210s, 4937556 KB] g=21, 61 evaluated, 24 expanded
[t=36.085219s, 4937556 KB] New best heuristic value for cpdbs: 4
[t=36.085221s, 4937556 KB] g=22, 64 evaluated, 25 expanded
[t=36.085233s, 4937556 KB] New best heuristic value for cpdbs: 3
[t=36.085237s, 4937556 KB] g=23, 68 evaluated, 26 expanded
[t=36.085244s, 4937556 KB] New best heuristic value for cpdbs: 2
[t=36.085246s, 4937556 KB] g=24, 71 evaluated, 27 expanded
[t=36.085254s, 4937556 KB] New best heuristic value for cpdbs: 1
[t=36.085256s, 4937556 KB] g=25, 75 evaluated, 28 expanded
[t=36.085264s, 4937556 KB] New best heuristic value for cpdbs: 0
[t=36.085267s, 4937556 KB] g=26, 78 evaluated, 29 expanded
[t=36.085273s, 4937556 KB] Solution found!
[t=36.085278s, 4937556 KB] Actual search time: 0.000338s
move c99 c89 up (1)
move c89 c79 up (1)
move c79 c69 up (1)
move c69 c59 up (1)
move c59 c49 up (1)
move c49 c48 left (1)
move c48 c47 left (1)
move c47 c46 left (1)
move c46 c45 left (1)
move c45 c44 left (1)
move c44 c43 left (1)
push c43 c33 c23 b2 up (1)
push c33 c23 c13 b2 up (1)
move c23 c33 down (1)
move c33 c32 left (1)
move c32 c31 left (1)
move c31 c21 up (1)
move c21 c11 up (1)
move c11 c12 right (1)
push c12 c22 c32 b1 down (1)
push c22 c32 c42 b1 down (1)
push c32 c42 c52 b1 down (1)
push c42 c52 c62 b1 down (1)
push c52 c62 c72 b1 down (1)
push c62 c72 c82 b1 down (1)
push c72 c82 c92 b1 down (1)
[t=36.085281s, 4937556 KB] Plan length: 26 step(s).
[t=36.085281s, 4937556 KB] Plan cost: 26
[t=36.085281s, 4937556 KB] Expanded 30 state(s).
[t=36.085281s, 4937556 KB] Reopened 0 state(s).
[t=36.085281s, 4937556 KB] Evaluated 81 state(s).
[t=36.085281s, 4937556 KB] Evaluations: 81
[t=36.085281s, 4937556 KB] Generated 101 state(s).
[t=36.085281s, 4937556 KB] Dead ends: 3 state(s).
[t=36.085281s, 4937556 KB] Expanded until last jump: 0 state(s).
[t=36.085281s, 4937556 KB] Reopened until last jump: 0 state(s).
[t=36.085281s, 4937556 KB] Evaluated until last jump: 1 state(s).
[t=36.085281s, 4937556 KB] Generated until last jump: 0 state(s).
[t=36.085281s, 4937556 KB] Number of registered states: 81
[t=36.085281s, 4937556 KB] Int hash set load factor: 81/128 = 0.632812
[t=36.085281s, 4937556 KB] Int hash set resizes: 7
[t=36.085281s, 4937556 KB] Search time: 0.000403s
[t=36.085281s, 4937556 KB] Total time: 36.085281s
Solution found.
Remove intermediate file output.sas
search exit code: 0


