$ D:\Miniforge3\python.exe C:/Users/user/Desktop/theoria/.worktrees/p13/engine-rig/.toolchain/downward/fast-downward.py --plan-file C:\Users\user\AppData\Local\Temp\e7verifyu6zt_y5n\sas_plan C:\Users\user\Desktop\theoria\.worktrees\e7-deadlock-claim\engine-rig\fixtures\data\sokoban_domain.pddl C:\Users\user\Desktop\theoria\.worktrees\e7-deadlock-claim\engine-rig\runs\20260728T150713Z-E7-deadlock-claim-audit\attacks\work\a2\far9\far9.pddl --search astar(ipdb(pdb_max_size=8000000,collection_max_size=40000000,max_time=120,random_seed=42))

INFO     planner time limit: None
INFO     planner memory limit: None

INFO     Running translator.
INFO     translator stdin: None
INFO     translator time limit: None
INFO     translator memory limit: None
INFO     translator command line string: 'D:\Miniforge3\python.exe' -m translate 'C:\Users\user\Desktop\theoria\.worktrees\e7-deadlock-claim\engine-rig\fixtures\data\sokoban_domain.pddl' 'C:\Users\user\Desktop\theoria\.worktrees\e7-deadlock-claim\engine-rig\runs\20260728T150713Z-E7-deadlock-claim-audit\attacks\work\a2\far9\far9.pddl' --sas-file output.sas
Warning! SIGXCPU is not available on your platform. This means that the planner cannot be gracefully terminated when using a time limit, which, however, is probably supported on your platform anyway.
Parsing...
Parsing: [0.000s CPU, 0.864s wall-clock]
Normalizing task... [0.000s CPU, 0.000s wall-clock]
Instantiating...
Generating Datalog program... [0.000s CPU, 0.000s wall-clock]
Normalizing Datalog program...
Normalizing Datalog program: [0.000s CPU, 0.002s wall-clock]
Preparing model... [0.000s CPU, 0.001s wall-clock]
Generated 20 rules.
Computing model... [0.016s CPU, 0.010s wall-clock]
1666 relevant atoms
2340 auxiliary atoms
4006 final queue length
5851 total queue pushes
Completing instantiation... [0.000s CPU, 0.011s wall-clock]
Instantiating: [0.016s CPU, 0.024s wall-clock]
Computing fact groups...
Finding invariants...
7 initial candidates
Finding invariants: [0.000s CPU, 0.597s wall-clock]
Checking invariant weight... [0.000s CPU, 0.000s wall-clock]
Instantiating groups... [0.000s CPU, 0.002s wall-clock]
Collecting mutex groups... [0.000s CPU, 0.000s wall-clock]
Choosing groups...
81 uncovered facts
Choosing groups: [0.000s CPU, 0.000s wall-clock]
Building translation key... [0.000s CPU, 0.000s wall-clock]
Computing fact groups: [0.000s CPU, 0.601s wall-clock]
Building STRIPS to SAS dictionary... [0.000s CPU, 0.000s wall-clock]
Building dictionary for full mutex groups... [0.000s CPU, 0.000s wall-clock]
Building mutex information...
Building mutex information: [0.000s CPU, 0.000s wall-clock]
Translating task...
Processing axioms...
Simplifying axioms... [0.000s CPU, 0.000s wall-clock]
Translator axioms removed by simplifying: 0
Processing axioms: [0.000s CPU, 0.001s wall-clock]
Translating task: [0.016s CPU, 0.014s wall-clock]
1296 effect conditions simplified
0 implied preconditions added
Detecting unreachable propositions...
0 operators removed
0 axioms removed
3 propositions removed
Detecting unreachable propositions: [0.000s CPU, 0.007s wall-clock]
Reordering and filtering variables...
84 of 84 variables necessary.
81 of 84 mutex groups necessary.
792 of 792 operators necessary.
0 of 0 axiom rules necessary.
Reordering and filtering variables: [0.000s CPU, 0.272s wall-clock]
Translator variables: 84
Translator derived variables: 0
Translator facts: 405
Translator goal facts: 2
Translator mutex groups: 81
Translator total mutex groups size: 324
Translator operators: 792
Translator axioms: 0
Translator task size: 7079
warning: could not determine peak memory
Writing output... [0.000s CPU, 0.016s wall-clock]
Done! [0.031s CPU, 1.922s wall-clock]
translate exit code: 0

INFO     Running search (release).
INFO     search stdin: output.sas
INFO     search time limit: None
INFO     search memory limit: None
INFO     search command line string: 'C:\Users\user\Desktop\theoria\.worktrees\p13\engine-rig\.toolchain\downward\builds\release\bin\downward.exe' --search 'astar(ipdb(pdb_max_size=8000000,collection_max_size=40000000,max_time=120,random_seed=42))' --internal-plan-file 'C:\Users\user\AppData\Local\Temp\e7verifyu6zt_y5n\sas_plan' < output.sas
[t=0.000714s, 2328 KB] Search code revision: 7120aa0
[t=0.000745s, 2328 KB] reading input...
[t=0.008036s, 2704 KB] done reading input!
[t=0.014833s, 3064 KB] Initializing canonical PDB heuristic...
[t=0.014849s, 3064 KB] Generating patterns using: hill climbing pattern collection generator
[t=0.015135s, 3104 KB] Done calculating initial pattern collection: 0.000284s
[t=0.015144s, 3104 KB] Average operator cost: 1.000000
[t=0.015300s, 3104 KB] Building causal graph... done!
[t=0.033105s, 3612 KB] Done calculating initial candidate PDBs
[t=0.049763s, 4068 KB] found a better pattern with improvement 997
[t=0.161616s, 12128 KB] found a better pattern with improvement 287
[t=2.998597s, 351228 KB] found a better pattern with improvement 12
[t=9.320513s, 1020376 KB] found a better pattern with improvement 949
[t=16.980405s, 2336180 KB] found a better pattern with improvement 17
[t=17.036071s, 2336180 KB] Improvement below threshold. Stop hill climbing.
[t=17.036096s, 2336180 KB] Hill climbing iterations: 6
[t=17.036100s, 2336180 KB] Hill climbing generated patterns: 486
[t=17.036103s, 2336180 KB] Hill climbing rejected patterns: 251
[t=17.036105s, 2336180 KB] Hill climbing maximum PDB size: 4251528
[t=17.036107s, 2336180 KB] Hill climbing time: 17.020965s
[t=17.113073s, 2336180 KB] hill climbing pattern collection generator number of patterns: 7
[t=17.113101s, 2336180 KB] hill climbing pattern collection generator total PDB size: 7978338
[t=17.113106s, 2336180 KB] hill climbing pattern collection generator computation time: 17.098216s
[t=17.113112s, 2336180 KB] Running dominance pruning...
[t=17.113118s, 2336180 KB] Pruned 5 of 6 pattern cliques
[t=17.113120s, 2336180 KB] Pruned 6 of 7 PDBs
[t=17.113123s, 2336180 KB] Dominance pruning took 0.000009s
[t=17.113585s, 2336180 KB] Canonical PDB heuristic number of patterns: 1
[t=17.113591s, 2336180 KB] Canonical PDB heuristic total PDB size: 4251528
[t=17.113595s, 2336180 KB] Canonical PDB heuristic computation time: 17.098753s
[t=17.113636s, 2336180 KB] Building successor generator... done!
[t=17.113870s, 2336180 KB] peak memory difference for successor generator creation: 0 KB
[t=17.113873s, 2336180 KB] time for successor generation creation: 0.000227s
[t=17.113880s, 2336180 KB] Variables: 84
[t=17.113883s, 2336180 KB] FactPairs: 405
[t=17.113885s, 2336180 KB] Bytes per state: 16
[t=17.113895s, 2336180 KB] Conducting best first search with reopening closed nodes, (real) bound = 2147483647
[t=17.113915s, 2336180 KB] New best heuristic value for cpdbs: 26
[t=17.113918s, 2336180 KB] g=0, 1 evaluated, 0 expanded
[t=17.113920s, 2336180 KB] f = 26, 1 evaluated, 0 expanded
[t=17.113926s, 2336180 KB] Initial heuristic value for cpdbs: 26
[t=17.113931s, 2336180 KB] pruning method: none
[t=17.113940s, 2336180 KB] New best heuristic value for cpdbs: 25
[t=17.113944s, 2336180 KB] g=1, 2 evaluated, 1 expanded
[t=17.113951s, 2336180 KB] New best heuristic value for cpdbs: 24
[t=17.113953s, 2336180 KB] g=2, 4 evaluated, 2 expanded
[t=17.113960s, 2336180 KB] New best heuristic value for cpdbs: 23
[t=17.113964s, 2336180 KB] g=3, 6 evaluated, 3 expanded
[t=17.113971s, 2336180 KB] New best heuristic value for cpdbs: 22
[t=17.113973s, 2336180 KB] g=4, 8 evaluated, 4 expanded
[t=17.113982s, 2336180 KB] New best heuristic value for cpdbs: 21
[t=17.113985s, 2336180 KB] g=5, 10 evaluated, 5 expanded
[t=17.113993s, 2336180 KB] New best heuristic value for cpdbs: 20
[t=17.113996s, 2336180 KB] g=6, 13 evaluated, 6 expanded
[t=17.114003s, 2336180 KB] New best heuristic value for cpdbs: 19
[t=17.114006s, 2336180 KB] g=7, 15 evaluated, 7 expanded
[t=17.114013s, 2336180 KB] New best heuristic value for cpdbs: 18
[t=17.114017s, 2336180 KB] g=8, 18 evaluated, 8 expanded
[t=17.114023s, 2336180 KB] New best heuristic value for cpdbs: 17
[t=17.114026s, 2336180 KB] g=9, 20 evaluated, 9 expanded
[t=17.114033s, 2336180 KB] New best heuristic value for cpdbs: 16
[t=17.114035s, 2336180 KB] g=10, 23 evaluated, 10 expanded
[t=17.114041s, 2336180 KB] New best heuristic value for cpdbs: 15
[t=17.114043s, 2336180 KB] g=11, 26 evaluated, 11 expanded
[t=17.114050s, 2336180 KB] New best heuristic value for cpdbs: 14
[t=17.114054s, 2336180 KB] g=12, 28 evaluated, 12 expanded
[t=17.114062s, 2336180 KB] New best heuristic value for cpdbs: 13
[t=17.114066s, 2336180 KB] g=13, 31 evaluated, 13 expanded
[t=17.114076s, 2336180 KB] New best heuristic value for cpdbs: 12
[t=17.114078s, 2336180 KB] g=14, 36 evaluated, 14 expanded
[t=17.114084s, 2336180 KB] New best heuristic value for cpdbs: 11
[t=17.114087s, 2336180 KB] g=15, 38 evaluated, 15 expanded
[t=17.114094s, 2336180 KB] New best heuristic value for cpdbs: 10
[t=17.114096s, 2336180 KB] g=16, 41 evaluated, 16 expanded
[t=17.114112s, 2336180 KB] New best heuristic value for cpdbs: 9
[t=17.114116s, 2336180 KB] g=17, 51 evaluated, 20 expanded
[t=17.114121s, 2336180 KB] New best heuristic value for cpdbs: 8
[t=17.114124s, 2336180 KB] g=18, 53 evaluated, 21 expanded
[t=17.114129s, 2336180 KB] New best heuristic value for cpdbs: 7
[t=17.114132s, 2336180 KB] g=19, 55 evaluated, 22 expanded
[t=17.114138s, 2336180 KB] New best heuristic value for cpdbs: 6
[t=17.114141s, 2336180 KB] g=20, 57 evaluated, 23 expanded
[t=17.114148s, 2336180 KB] New best heuristic value for cpdbs: 5
[t=17.114151s, 2336180 KB] g=21, 61 evaluated, 24 expanded
[t=17.114157s, 2336180 KB] New best heuristic value for cpdbs: 4
[t=17.114161s, 2336180 KB] g=22, 64 evaluated, 25 expanded
[t=17.114170s, 2336180 KB] New best heuristic value for cpdbs: 3
[t=17.114174s, 2336180 KB] g=23, 68 evaluated, 26 expanded
[t=17.114180s, 2336180 KB] New best heuristic value for cpdbs: 2
[t=17.114184s, 2336180 KB] g=24, 71 evaluated, 27 expanded
[t=17.114191s, 2336180 KB] New best heuristic value for cpdbs: 1
[t=17.114194s, 2336180 KB] g=25, 75 evaluated, 28 expanded
[t=17.114200s, 2336180 KB] New best heuristic value for cpdbs: 0
[t=17.114204s, 2336180 KB] g=26, 78 evaluated, 29 expanded
[t=17.114209s, 2336180 KB] Solution found!
[t=17.114214s, 2336180 KB] Actual search time: 0.000282s
move c99 c89 up (1)
move c89 c79 up (1)
move c79 c69 up (1)
move c69 c59 up (1)
move c59 c49 up (1)
move c49 c48 left (1)
move c48 c47 left (1)
move c47 c46 left (1)
move c46 c45 left (1)
move c45 c44 left (1)
move c44 c43 left (1)
push c43 c33 c23 b2 up (1)
push c33 c23 c13 b2 up (1)
move c23 c33 down (1)
move c33 c32 left (1)
move c32 c31 left (1)
move c31 c21 up (1)
move c21 c11 up (1)
move c11 c12 right (1)
push c12 c22 c32 b1 down (1)
push c22 c32 c42 b1 down (1)
push c32 c42 c52 b1 down (1)
push c42 c52 c62 b1 down (1)
push c52 c62 c72 b1 down (1)
push c62 c72 c82 b1 down (1)
push c72 c82 c92 b1 down (1)
[t=17.114217s, 2336180 KB] Plan length: 26 step(s).
[t=17.114217s, 2336180 KB] Plan cost: 26
[t=17.114217s, 2336180 KB] Expanded 30 state(s).
[t=17.114217s, 2336180 KB] Reopened 0 state(s).
[t=17.114217s, 2336180 KB] Evaluated 81 state(s).
[t=17.114217s, 2336180 KB] Evaluations: 81
[t=17.114217s, 2336180 KB] Generated 101 state(s).
[t=17.114217s, 2336180 KB] Dead ends: 3 state(s).
[t=17.114217s, 2336180 KB] Expanded until last jump: 0 state(s).
[t=17.114217s, 2336180 KB] Reopened until last jump: 0 state(s).
[t=17.114217s, 2336180 KB] Evaluated until last jump: 1 state(s).
[t=17.114217s, 2336180 KB] Generated until last jump: 0 state(s).
[t=17.114217s, 2336180 KB] Number of registered states: 81
[t=17.114217s, 2336180 KB] Int hash set load factor: 81/128 = 0.632812
[t=17.114217s, 2336180 KB] Int hash set resizes: 7
[t=17.114217s, 2336180 KB] Search time: 0.000323s
[t=17.114217s, 2336180 KB] Total time: 17.114217s
Solution found.
Remove intermediate file output.sas
search exit code: 0


