$ D:\Miniforge3\python.exe C:/Users/user/Desktop/theoria/.worktrees/p13/engine-rig/.toolchain/downward/fast-downward.py --plan-file C:\Users\user\AppData\Local\Temp\e7verifyizzqi5ox\sas_plan C:\Users\user\Desktop\theoria\.worktrees\e7-deadlock-claim\engine-rig\fixtures\data\sokoban_domain.pddl C:\Users\user\Desktop\theoria\.worktrees\e7-deadlock-claim\engine-rig\runs\20260728T150713Z-E7-deadlock-claim-audit\attacks\work\a2\far9\far9.pddl --search astar(ipdb(random_seed=7))

INFO     planner time limit: None
INFO     planner memory limit: None

INFO     Running translator.
INFO     translator stdin: None
INFO     translator time limit: None
INFO     translator memory limit: None
INFO     translator command line string: 'D:\Miniforge3\python.exe' -m translate 'C:\Users\user\Desktop\theoria\.worktrees\e7-deadlock-claim\engine-rig\fixtures\data\sokoban_domain.pddl' 'C:\Users\user\Desktop\theoria\.worktrees\e7-deadlock-claim\engine-rig\runs\20260728T150713Z-E7-deadlock-claim-audit\attacks\work\a2\far9\far9.pddl' --sas-file output.sas
Warning! SIGXCPU is not available on your platform. This means that the planner cannot be gracefully terminated when using a time limit, which, however, is probably supported on your platform anyway.
Parsing...
Parsing: [0.016s CPU, 0.002s wall-clock]
Normalizing task... [0.000s CPU, 0.000s wall-clock]
Instantiating...
Generating Datalog program... [0.000s CPU, 0.000s wall-clock]
Normalizing Datalog program...
Normalizing Datalog program: [0.000s CPU, 0.001s wall-clock]
Preparing model... [0.000s CPU, 0.001s wall-clock]
Generated 20 rules.
Computing model... [0.000s CPU, 0.011s wall-clock]
1666 relevant atoms
2340 auxiliary atoms
4006 final queue length
5851 total queue pushes
Completing instantiation... [0.016s CPU, 0.012s wall-clock]
Instantiating: [0.016s CPU, 0.025s wall-clock]
Computing fact groups...
Finding invariants...
7 initial candidates
Finding invariants: [0.000s CPU, 0.001s wall-clock]
Checking invariant weight... [0.000s CPU, 0.000s wall-clock]
Instantiating groups... [0.000s CPU, 0.002s wall-clock]
Collecting mutex groups... [0.000s CPU, 0.000s wall-clock]
Choosing groups...
81 uncovered facts
Choosing groups: [0.000s CPU, 0.000s wall-clock]
Building translation key... [0.000s CPU, 0.000s wall-clock]
Computing fact groups: [0.000s CPU, 0.005s wall-clock]
Building STRIPS to SAS dictionary... [0.000s CPU, 0.000s wall-clock]
Building dictionary for full mutex groups... [0.000s CPU, 0.000s wall-clock]
Building mutex information...
Building mutex information: [0.000s CPU, 0.000s wall-clock]
Translating task...
Processing axioms...
Simplifying axioms... [0.000s CPU, 0.000s wall-clock]
Translator axioms removed by simplifying: 0
Processing axioms: [0.016s CPU, 0.001s wall-clock]
Translating task: [0.016s CPU, 0.014s wall-clock]
1296 effect conditions simplified
0 implied preconditions added
Detecting unreachable propositions...
0 operators removed
0 axioms removed
3 propositions removed
Detecting unreachable propositions: [0.016s CPU, 0.007s wall-clock]
Reordering and filtering variables...
84 of 84 variables necessary.
81 of 84 mutex groups necessary.
792 of 792 operators necessary.
0 of 0 axiom rules necessary.
Reordering and filtering variables: [0.000s CPU, 0.004s wall-clock]
Translator variables: 84
Translator derived variables: 0
Translator facts: 405
Translator goal facts: 2
Translator mutex groups: 81
Translator total mutex groups size: 324
Translator operators: 792
Translator axioms: 0
Translator task size: 7079
warning: could not determine peak memory
Writing output... [0.016s CPU, 0.016s wall-clock]
Done! [0.078s CPU, 0.074s wall-clock]
translate exit code: 0

INFO     Running search (release).
INFO     search stdin: output.sas
INFO     search time limit: None
INFO     search memory limit: None
INFO     search command line string: 'C:\Users\user\Desktop\theoria\.worktrees\p13\engine-rig\.toolchain\downward\builds\release\bin\downward.exe' --search 'astar(ipdb(random_seed=7))' --internal-plan-file 'C:\Users\user\AppData\Local\Temp\e7verifyizzqi5ox\sas_plan' < output.sas
[t=0.000142s, 1968 KB] Search code revision: 7120aa0
[t=0.000237s, 1968 KB] reading input...
[t=0.007266s, 2712 KB] done reading input!
[t=0.008470s, 3076 KB] Initializing canonical PDB heuristic...
[t=0.008482s, 3076 KB] Generating patterns using: hill climbing pattern collection generator
[t=0.008764s, 3124 KB] Done calculating initial pattern collection: 0.000280s
[t=0.008773s, 3124 KB] Average operator cost: 1.000000
[t=0.008780s, 3124 KB] Building causal graph... done!
[t=0.026679s, 3620 KB] Done calculating initial candidate PDBs
[t=0.042401s, 4076 KB] found a better pattern with improvement 997
[t=0.154468s, 12140 KB] found a better pattern with improvement 304
[t=3.080593s, 351236 KB] found a better pattern with improvement 16
[t=3.117976s, 351236 KB] Improvement below threshold. Stop hill climbing.
[t=3.118002s, 351236 KB] Hill climbing iterations: 4
[t=3.118005s, 351236 KB] Hill climbing generated patterns: 327
[t=3.118007s, 351236 KB] Hill climbing rejected patterns: 246
[t=3.118009s, 351236 KB] Hill climbing maximum PDB size: 1062882
[t=3.118012s, 351236 KB] Hill climbing time: 3.109240s
[t=3.130077s, 351236 KB] hill climbing pattern collection generator number of patterns: 5
[t=3.130110s, 351236 KB] hill climbing pattern collection generator total PDB size: 1601046
[t=3.130116s, 351236 KB] hill climbing pattern collection generator computation time: 3.121586s
[t=3.130125s, 351236 KB] Running dominance pruning...
[t=3.130136s, 351236 KB] Pruned 3 of 4 pattern cliques
[t=3.130139s, 351236 KB] Pruned 4 of 5 PDBs
[t=3.130142s, 351236 KB] Dominance pruning took 0.000014s
[t=3.130278s, 351236 KB] Canonical PDB heuristic number of patterns: 1
[t=3.130285s, 351236 KB] Canonical PDB heuristic total PDB size: 1062882
[t=3.130289s, 351236 KB] Canonical PDB heuristic computation time: 3.121808s
[t=3.130356s, 351236 KB] Building successor generator... done!
[t=3.130653s, 351236 KB] peak memory difference for successor generator creation: 0 KB
[t=3.130657s, 351236 KB] time for successor generation creation: 0.000288s
[t=3.130668s, 351236 KB] Variables: 84
[t=3.130671s, 351236 KB] FactPairs: 405
[t=3.130674s, 351236 KB] Bytes per state: 16
[t=3.130688s, 351236 KB] Conducting best first search with reopening closed nodes, (real) bound = 2147483647
[t=3.130713s, 351236 KB] New best heuristic value for cpdbs: 22
[t=3.130717s, 351236 KB] g=0, 1 evaluated, 0 expanded
[t=3.130720s, 351236 KB] f = 22, 1 evaluated, 0 expanded
[t=3.130734s, 351236 KB] Initial heuristic value for cpdbs: 22
[t=3.130739s, 351236 KB] pruning method: none
[t=3.130753s, 351236 KB] New best heuristic value for cpdbs: 21
[t=3.130757s, 351236 KB] g=1, 2 evaluated, 1 expanded
[t=3.130765s, 351236 KB] New best heuristic value for cpdbs: 20
[t=3.130768s, 351236 KB] g=2, 4 evaluated, 2 expanded
[t=3.130777s, 351236 KB] New best heuristic value for cpdbs: 19
[t=3.130779s, 351236 KB] g=3, 6 evaluated, 3 expanded
[t=3.130788s, 351236 KB] New best heuristic value for cpdbs: 18
[t=3.130791s, 351236 KB] g=4, 8 evaluated, 4 expanded
[t=3.130802s, 351236 KB] New best heuristic value for cpdbs: 17
[t=3.130806s, 351236 KB] g=5, 10 evaluated, 5 expanded
[t=3.130815s, 351236 KB] New best heuristic value for cpdbs: 16
[t=3.130818s, 351236 KB] g=6, 13 evaluated, 6 expanded
[t=3.130825s, 351236 KB] New best heuristic value for cpdbs: 15
[t=3.130828s, 351236 KB] g=7, 15 evaluated, 7 expanded
[t=3.130837s, 351236 KB] New best heuristic value for cpdbs: 14
[t=3.130840s, 351236 KB] g=8, 18 evaluated, 8 expanded
[t=3.130847s, 351236 KB] New best heuristic value for cpdbs: 13
[t=3.130849s, 351236 KB] g=9, 20 evaluated, 9 expanded
[t=3.130856s, 351236 KB] New best heuristic value for cpdbs: 12
[t=3.130859s, 351236 KB] g=10, 23 evaluated, 10 expanded
[t=3.130866s, 351236 KB] New best heuristic value for cpdbs: 11
[t=3.130868s, 351236 KB] g=11, 26 evaluated, 11 expanded
[t=3.130874s, 351236 KB] New best heuristic value for cpdbs: 10
[t=3.130878s, 351236 KB] g=12, 28 evaluated, 12 expanded
[t=3.130885s, 351236 KB] New best heuristic value for cpdbs: 9
[t=3.130888s, 351236 KB] g=13, 31 evaluated, 13 expanded
[t=3.130983s, 351236 KB] f = 24, 62 evaluated, 44 expanded
[t=3.131039s, 351236 KB] f = 26, 90 evaluated, 62 expanded
[t=3.131064s, 351236 KB] New best heuristic value for cpdbs: 8
[t=3.131069s, 351236 KB] g=18, 103 evaluated, 69 expanded
[t=3.131075s, 351236 KB] New best heuristic value for cpdbs: 7
[t=3.131077s, 351236 KB] g=19, 105 evaluated, 70 expanded
[t=3.131084s, 351236 KB] New best heuristic value for cpdbs: 6
[t=3.131086s, 351236 KB] g=20, 107 evaluated, 71 expanded
[t=3.131094s, 351236 KB] New best heuristic value for cpdbs: 5
[t=3.131097s, 351236 KB] g=21, 111 evaluated, 72 expanded
[t=3.131103s, 351236 KB] New best heuristic value for cpdbs: 4
[t=3.131106s, 351236 KB] g=22, 114 evaluated, 73 expanded
[t=3.131113s, 351236 KB] New best heuristic value for cpdbs: 3
[t=3.131115s, 351236 KB] g=23, 118 evaluated, 74 expanded
[t=3.131121s, 351236 KB] New best heuristic value for cpdbs: 2
[t=3.131126s, 351236 KB] g=24, 121 evaluated, 75 expanded
[t=3.131133s, 351236 KB] New best heuristic value for cpdbs: 1
[t=3.131135s, 351236 KB] g=25, 125 evaluated, 76 expanded
[t=3.131141s, 351236 KB] New best heuristic value for cpdbs: 0
[t=3.131144s, 351236 KB] g=26, 128 evaluated, 77 expanded
[t=3.131156s, 351236 KB] Solution found!
[t=3.131162s, 351236 KB] Actual search time: 0.000422s
move c99 c89 up (1)
move c89 c79 up (1)
move c79 c69 up (1)
move c69 c59 up (1)
move c59 c49 up (1)
move c49 c48 left (1)
move c48 c47 left (1)
move c47 c46 left (1)
move c46 c45 left (1)
move c45 c44 left (1)
move c44 c43 left (1)
push c43 c33 c23 b2 up (1)
push c33 c23 c13 b2 up (1)
move c23 c33 down (1)
move c33 c32 left (1)
move c32 c31 left (1)
move c31 c21 up (1)
move c21 c11 up (1)
move c11 c12 right (1)
push c12 c22 c32 b1 down (1)
push c22 c32 c42 b1 down (1)
push c32 c42 c52 b1 down (1)
push c42 c52 c62 b1 down (1)
push c52 c62 c72 b1 down (1)
push c62 c72 c82 b1 down (1)
push c72 c82 c92 b1 down (1)
[t=3.131166s, 351236 KB] Plan length: 26 step(s).
[t=3.131166s, 351236 KB] Plan cost: 26
[t=3.131166s, 351236 KB] Expanded 78 state(s).
[t=3.131166s, 351236 KB] Reopened 0 state(s).
[t=3.131166s, 351236 KB] Evaluated 131 state(s).
[t=3.131166s, 351236 KB] Evaluations: 131
[t=3.131166s, 351236 KB] Generated 284 state(s).
[t=3.131166s, 351236 KB] Dead ends: 4 state(s).
[t=3.131166s, 351236 KB] Expanded until last jump: 62 state(s).
[t=3.131166s, 351236 KB] Reopened until last jump: 0 state(s).
[t=3.131166s, 351236 KB] Evaluated until last jump: 90 state(s).
[t=3.131166s, 351236 KB] Generated until last jump: 231 state(s).
[t=3.131166s, 351236 KB] Number of registered states: 131
[t=3.131166s, 351236 KB] Int hash set load factor: 131/256 = 0.511719
[t=3.131166s, 351236 KB] Int hash set resizes: 8
[t=3.131166s, 351236 KB] Search time: 0.000479s
[t=3.131166s, 351236 KB] Total time: 3.131166s
Solution found.
Remove intermediate file output.sas
search exit code: 0


