$ D:\Miniforge3\python.exe C:/Users/user/Desktop/theoria/.worktrees/p13/engine-rig/.toolchain/downward/fast-downward.py --plan-file C:\Users\user\AppData\Local\Temp\e7verifyglppzib7\sas_plan C:\Users\user\Desktop\theoria\.worktrees\e7-deadlock-claim\engine-rig\fixtures\data\sokoban_domain.pddl C:\Users\user\Desktop\theoria\.worktrees\e7-deadlock-claim\engine-rig\runs\20260728T150713Z-E7-deadlock-claim-audit\attacks\work\a2\far9\far9.pddl --search astar(cpdbs(patterns=systematic(1)))

INFO     planner time limit: None
INFO     planner memory limit: None

INFO     Running translator.
INFO     translator stdin: None
INFO     translator time limit: None
INFO     translator memory limit: None
INFO     translator command line string: 'D:\Miniforge3\python.exe' -m translate 'C:\Users\user\Desktop\theoria\.worktrees\e7-deadlock-claim\engine-rig\fixtures\data\sokoban_domain.pddl' 'C:\Users\user\Desktop\theoria\.worktrees\e7-deadlock-claim\engine-rig\runs\20260728T150713Z-E7-deadlock-claim-audit\attacks\work\a2\far9\far9.pddl' --sas-file output.sas
Warning! SIGXCPU is not available on your platform. This means that the planner cannot be gracefully terminated when using a time limit, which, however, is probably supported on your platform anyway.
Parsing...
Parsing: [0.000s CPU, 0.002s wall-clock]
Normalizing task... [0.000s CPU, 0.000s wall-clock]
Instantiating...
Generating Datalog program... [0.000s CPU, 0.000s wall-clock]
Normalizing Datalog program...
Normalizing Datalog program: [0.016s CPU, 0.001s wall-clock]
Preparing model... [0.000s CPU, 0.001s wall-clock]
Generated 20 rules.
Computing model... [0.000s CPU, 0.010s wall-clock]
1666 relevant atoms
2340 auxiliary atoms
4006 final queue length
5851 total queue pushes
Completing instantiation... [0.016s CPU, 0.011s wall-clock]
Instantiating: [0.031s CPU, 0.024s wall-clock]
Computing fact groups...
Finding invariants...
7 initial candidates
Finding invariants: [0.000s CPU, 0.001s wall-clock]
Checking invariant weight... [0.000s CPU, 0.000s wall-clock]
Instantiating groups... [0.000s CPU, 0.002s wall-clock]
Collecting mutex groups... [0.000s CPU, 0.000s wall-clock]
Choosing groups...
81 uncovered facts
Choosing groups: [0.000s CPU, 0.000s wall-clock]
Building translation key... [0.000s CPU, 0.000s wall-clock]
Computing fact groups: [0.000s CPU, 0.005s wall-clock]
Building STRIPS to SAS dictionary... [0.000s CPU, 0.000s wall-clock]
Building dictionary for full mutex groups... [0.000s CPU, 0.000s wall-clock]
Building mutex information...
Building mutex information: [0.000s CPU, 0.000s wall-clock]
Translating task...
Processing axioms...
Simplifying axioms... [0.000s CPU, 0.000s wall-clock]
Translator axioms removed by simplifying: 0
Processing axioms: [0.000s CPU, 0.001s wall-clock]
Translating task: [0.016s CPU, 0.014s wall-clock]
1296 effect conditions simplified
0 implied preconditions added
Detecting unreachable propositions...
0 operators removed
0 axioms removed
3 propositions removed
Detecting unreachable propositions: [0.016s CPU, 0.007s wall-clock]
Reordering and filtering variables...
84 of 84 variables necessary.
81 of 84 mutex groups necessary.
792 of 792 operators necessary.
0 of 0 axiom rules necessary.
Reordering and filtering variables: [0.000s CPU, 0.004s wall-clock]
Translator variables: 84
Translator derived variables: 0
Translator facts: 405
Translator goal facts: 2
Translator mutex groups: 81
Translator total mutex groups size: 324
Translator operators: 792
Translator axioms: 0
Translator task size: 7079
warning: could not determine peak memory
Writing output... [0.016s CPU, 0.024s wall-clock]
Done! [0.078s CPU, 0.082s wall-clock]
translate exit code: 0

INFO     Running search (release).
INFO     search stdin: output.sas
INFO     search time limit: None
INFO     search memory limit: None
INFO     search command line string: 'C:\Users\user\Desktop\theoria\.worktrees\p13\engine-rig\.toolchain\downward\builds\release\bin\downward.exe' --search 'astar(cpdbs(patterns=systematic(1)))' --internal-plan-file 'C:\Users\user\AppData\Local\Temp\e7verifyglppzib7\sas_plan' < output.sas
[t=0.000151s, 1928 KB] Search code revision: 7120aa0
[t=0.000237s, 1940 KB] reading input...
[t=0.007314s, 2728 KB] done reading input!
[t=0.008433s, 3068 KB] Initializing canonical PDB heuristic...
[t=0.008443s, 3068 KB] Generating patterns using: systematic pattern collection generator
[t=0.008454s, 3068 KB] Building causal graph... done!
[t=0.009106s, 3384 KB] Found 2 SGA patterns.
[t=0.009119s, 3384 KB] Found 2 interesting patterns.
[t=0.009130s, 3384 KB] systematic pattern collection generator number of patterns: 2
[t=0.009134s, 3384 KB] systematic pattern collection generator total PDB size: 162
[t=0.009136s, 3384 KB] systematic pattern collection generator computation time: 0.0006806s
[t=0.009142s, 3384 KB] Computing PDBs for pattern collection...
[t=0.009347s, 3384 KB] Done computing PDBs for pattern collection: 0.000208s
[t=0.009354s, 3384 KB] Computing pattern cliques for pattern collection...
[t=0.009393s, 3384 KB] Done computing pattern cliques for pattern collection: 0.000041s
[t=0.009403s, 3384 KB] Running dominance pruning...
[t=0.009407s, 3384 KB] Pruned 0 of 1 pattern cliques
[t=0.009409s, 3384 KB] Pruned 0 of 2 PDBs
[t=0.009411s, 3384 KB] Dominance pruning took 0.000007s
[t=0.009414s, 3384 KB] Canonical PDB heuristic number of patterns: 2
[t=0.009418s, 3384 KB] Canonical PDB heuristic total PDB size: 162
[t=0.009421s, 3384 KB] Canonical PDB heuristic computation time: 0.000981s
[t=0.009936s, 3384 KB] Building successor generator... done!
[t=0.010211s, 3384 KB] peak memory difference for successor generator creation: 0 KB
[t=0.010214s, 3384 KB] time for successor generation creation: 0.000251s
[t=0.010221s, 3384 KB] Variables: 84
[t=0.010226s, 3384 KB] FactPairs: 405
[t=0.010228s, 3384 KB] Bytes per state: 16
[t=0.010238s, 3384 KB] Conducting best first search with reopening closed nodes, (real) bound = 2147483647
[t=0.010256s, 3384 KB] New best heuristic value for cpdbs: 9
[t=0.010260s, 3384 KB] g=0, 1 evaluated, 0 expanded
[t=0.010262s, 3384 KB] f = 9, 1 evaluated, 0 expanded
[t=0.010268s, 3384 KB] Initial heuristic value for cpdbs: 9
[t=0.010272s, 3384 KB] pruning method: none
[t=0.010283s, 3384 KB] f = 10, 3 evaluated, 1 expanded
[t=0.010294s, 3384 KB] f = 11, 6 evaluated, 3 expanded
[t=0.010308s, 3384 KB] f = 12, 10 evaluated, 6 expanded
[t=0.010324s, 3384 KB] f = 13, 15 evaluated, 10 expanded
[t=0.010344s, 3384 KB] f = 14, 21 evaluated, 15 expanded
[t=0.010365s, 3384 KB] f = 15, 28 evaluated, 21 expanded
[t=0.010391s, 3384 KB] f = 16, 36 evaluated, 28 expanded
[t=0.010415s, 3384 KB] f = 17, 45 evaluated, 36 expanded
[t=0.010441s, 3384 KB] f = 18, 53 evaluated, 45 expanded
[t=0.010465s, 3384 KB] f = 19, 60 evaluated, 53 expanded
[t=0.010491s, 3384 KB] f = 20, 66 evaluated, 60 expanded
[t=0.010506s, 3384 KB] New best heuristic value for cpdbs: 8
[t=0.010509s, 3384 KB] g=12, 70 evaluated, 64 expanded
[t=0.010516s, 3384 KB] New best heuristic value for cpdbs: 7
[t=0.010519s, 3384 KB] g=13, 72 evaluated, 65 expanded
[t=0.010535s, 3384 KB] f = 21, 79 evaluated, 68 expanded
[t=0.010570s, 3384 KB] f = 22, 95 evaluated, 77 expanded
[t=0.010657s, 3384 KB] f = 23, 123 evaluated, 93 expanded
[t=0.010728s, 3384 KB] f = 24, 152 evaluated, 114 expanded
[t=0.010800s, 3384 KB] New best heuristic value for cpdbs: 6
[t=0.010804s, 3384 KB] g=18, 186 evaluated, 138 expanded
[t=0.010812s, 3384 KB] New best heuristic value for cpdbs: 5
[t=0.010814s, 3384 KB] g=19, 190 evaluated, 139 expanded
[t=0.010821s, 3384 KB] New best heuristic value for cpdbs: 4
[t=0.010825s, 3384 KB] g=20, 193 evaluated, 140 expanded
[t=0.010834s, 3384 KB] New best heuristic value for cpdbs: 3
[t=0.010836s, 3384 KB] g=21, 197 evaluated, 141 expanded
[t=0.010844s, 3384 KB] New best heuristic value for cpdbs: 2
[t=0.010849s, 3384 KB] g=22, 200 evaluated, 142 expanded
[t=0.010888s, 3384 KB] f = 25, 224 evaluated, 152 expanded
[t=0.011031s, 3384 KB] New best heuristic value for cpdbs: 1
[t=0.011035s, 3384 KB] g=24, 301 evaluated, 190 expanded
[t=0.011124s, 3384 KB] f = 26, 350 evaluated, 220 expanded
[t=0.011338s, 3384 KB] New best heuristic value for cpdbs: 0
[t=0.011341s, 3384 KB] g=26, 478 evaluated, 288 expanded
[t=0.011347s, 3384 KB] Solution found!
[t=0.011350s, 3384 KB] Actual search time: 0.001077s
move c99 c89 up (1)
move c89 c79 up (1)
move c79 c69 up (1)
move c69 c59 up (1)
move c59 c49 up (1)
move c49 c48 left (1)
move c48 c47 left (1)
move c47 c46 left (1)
move c46 c45 left (1)
move c45 c44 left (1)
move c44 c43 left (1)
push c43 c33 c23 b2 up (1)
push c33 c23 c13 b2 up (1)
move c23 c33 down (1)
move c33 c32 left (1)
move c32 c31 left (1)
move c31 c21 up (1)
move c21 c11 up (1)
move c11 c12 right (1)
push c12 c22 c32 b1 down (1)
push c22 c32 c42 b1 down (1)
push c32 c42 c52 b1 down (1)
push c42 c52 c62 b1 down (1)
push c52 c62 c72 b1 down (1)
push c62 c72 c82 b1 down (1)
push c72 c82 c92 b1 down (1)
[t=0.011354s, 3384 KB] Plan length: 26 step(s).
[t=0.011354s, 3384 KB] Plan cost: 26
[t=0.011354s, 3384 KB] Expanded 289 state(s).
[t=0.011354s, 3384 KB] Reopened 0 state(s).
[t=0.011354s, 3384 KB] Evaluated 481 state(s).
[t=0.011354s, 3384 KB] Evaluations: 481
[t=0.011354s, 3384 KB] Generated 1049 state(s).
[t=0.011354s, 3384 KB] Dead ends: 18 state(s).
[t=0.011354s, 3384 KB] Expanded until last jump: 220 state(s).
[t=0.011354s, 3384 KB] Reopened until last jump: 0 state(s).
[t=0.011354s, 3384 KB] Evaluated until last jump: 350 state(s).
[t=0.011354s, 3384 KB] Generated until last jump: 800 state(s).
[t=0.011354s, 3384 KB] Number of registered states: 481
[t=0.011354s, 3384 KB] Int hash set load factor: 481/512 = 0.939453
[t=0.011354s, 3384 KB] Int hash set resizes: 9
[t=0.011354s, 3384 KB] Search time: 0.001118s
[t=0.011354s, 3384 KB] Total time: 0.011354s
Solution found.
Remove intermediate file output.sas
search exit code: 0


