$ D:\Miniforge3\python.exe C:/Users/user/Desktop/theoria/.worktrees/p13/engine-rig/.toolchain/downward/fast-downward.py --plan-file C:\Users\user\AppData\Local\Temp\e7verifyjkywxa_x\sas_plan C:\Users\user\Desktop\theoria\.worktrees\e7-deadlock-claim\engine-rig\fixtures\data\sokoban_domain.pddl C:\Users\user\Desktop\theoria\.worktrees\e7-deadlock-claim\engine-rig\runs\20260728T150713Z-E7-deadlock-claim-audit\attacks\work\a2\far9\far9.pddl --search astar(ipdb(pdb_max_size=20000000,collection_max_size=100000000,max_time=300,random_seed=1))

INFO     planner time limit: None
INFO     planner memory limit: None

INFO     Running translator.
INFO     translator stdin: None
INFO     translator time limit: None
INFO     translator memory limit: None
INFO     translator command line string: 'D:\Miniforge3\python.exe' -m translate 'C:\Users\user\Desktop\theoria\.worktrees\e7-deadlock-claim\engine-rig\fixtures\data\sokoban_domain.pddl' 'C:\Users\user\Desktop\theoria\.worktrees\e7-deadlock-claim\engine-rig\runs\20260728T150713Z-E7-deadlock-claim-audit\attacks\work\a2\far9\far9.pddl' --sas-file output.sas
Warning! SIGXCPU is not available on your platform. This means that the planner cannot be gracefully terminated when using a time limit, which, however, is probably supported on your platform anyway.
Parsing...
Parsing: [0.016s CPU, 0.002s wall-clock]
Normalizing task... [0.000s CPU, 0.000s wall-clock]
Instantiating...
Generating Datalog program... [0.000s CPU, 0.000s wall-clock]
Normalizing Datalog program...
Normalizing Datalog program: [0.000s CPU, 0.001s wall-clock]
Preparing model... [0.000s CPU, 0.001s wall-clock]
Generated 20 rules.
Computing model... [0.000s CPU, 0.010s wall-clock]
1666 relevant atoms
2340 auxiliary atoms
4006 final queue length
5851 total queue pushes
Completing instantiation... [0.016s CPU, 0.010s wall-clock]
Instantiating: [0.016s CPU, 0.022s wall-clock]
Computing fact groups...
Finding invariants...
7 initial candidates
Finding invariants: [0.000s CPU, 0.001s wall-clock]
Checking invariant weight... [0.000s CPU, 0.000s wall-clock]
Instantiating groups... [0.000s CPU, 0.002s wall-clock]
Collecting mutex groups... [0.000s CPU, 0.000s wall-clock]
Choosing groups...
81 uncovered facts
Choosing groups: [0.000s CPU, 0.000s wall-clock]
Building translation key... [0.000s CPU, 0.000s wall-clock]
Computing fact groups: [0.000s CPU, 0.005s wall-clock]
Building STRIPS to SAS dictionary... [0.000s CPU, 0.000s wall-clock]
Building dictionary for full mutex groups... [0.000s CPU, 0.000s wall-clock]
Building mutex information...
Building mutex information: [0.000s CPU, 0.000s wall-clock]
Translating task...
Processing axioms...
Simplifying axioms... [0.000s CPU, 0.000s wall-clock]
Translator axioms removed by simplifying: 0
Processing axioms: [0.016s CPU, 0.001s wall-clock]
Translating task: [0.016s CPU, 0.013s wall-clock]
1296 effect conditions simplified
0 implied preconditions added
Detecting unreachable propositions...
0 operators removed
0 axioms removed
3 propositions removed
Detecting unreachable propositions: [0.016s CPU, 0.007s wall-clock]
Reordering and filtering variables...
84 of 84 variables necessary.
81 of 84 mutex groups necessary.
792 of 792 operators necessary.
0 of 0 axiom rules necessary.
Reordering and filtering variables: [0.000s CPU, 0.004s wall-clock]
Translator variables: 84
Translator derived variables: 0
Translator facts: 405
Translator goal facts: 2
Translator mutex groups: 81
Translator total mutex groups size: 324
Translator operators: 792
Translator axioms: 0
Translator task size: 7079
warning: could not determine peak memory
Writing output... [0.016s CPU, 0.016s wall-clock]
Done! [0.078s CPU, 0.071s wall-clock]
translate exit code: 0

INFO     Running search (release).
INFO     search stdin: output.sas
INFO     search time limit: None
INFO     search memory limit: None
INFO     search command line string: 'C:\Users\user\Desktop\theoria\.worktrees\p13\engine-rig\.toolchain\downward\builds\release\bin\downward.exe' --search 'astar(ipdb(pdb_max_size=20000000,collection_max_size=100000000,max_time=300,random_seed=1))' --internal-plan-file 'C:\Users\user\AppData\Local\Temp\e7verifyjkywxa_x\sas_plan' < output.sas
[t=0.000140s, 1956 KB] Search code revision: 7120aa0
[t=0.000233s, 1956 KB] reading input...
[t=0.007186s, 2720 KB] done reading input!
[t=0.008377s, 3088 KB] Initializing canonical PDB heuristic...
[t=0.008387s, 3088 KB] Generating patterns using: hill climbing pattern collection generator
[t=0.008663s, 3120 KB] Done calculating initial pattern collection: 0.000274s
[t=0.008672s, 3120 KB] Average operator cost: 1.000000
[t=0.008679s, 3120 KB] Building causal graph... done!
[t=0.026772s, 3624 KB] Done calculating initial candidate PDBs
[t=0.043250s, 4116 KB] found a better pattern with improvement 998
[t=0.151567s, 12156 KB] found a better pattern with improvement 283
[t=3.016381s, 351224 KB] found a better pattern with improvement 10
[t=9.265574s, 1019964 KB] found a better pattern with improvement 941
[t=16.908500s, 2335700 KB] found a better pattern with improvement 12
[t=35.550345s, 4938860 KB] found a better pattern with improvement 10
[t=57.499378s, 7500992 KB] Improvement below threshold. Stop hill climbing.
[t=57.499542s, 7500992 KB] Hill climbing iterations: 7
[t=57.499548s, 7500992 KB] Hill climbing generated patterns: 641
[t=57.499552s, 7500992 KB] Hill climbing rejected patterns: 0
[t=57.499555s, 7500992 KB] Hill climbing maximum PDB size: 8503056
[t=57.499558s, 7500992 KB] Hill climbing time: 57.490887s
[t=57.791425s, 7500992 KB] hill climbing pattern collection generator number of patterns: 8
[t=57.791551s, 7500992 KB] hill climbing pattern collection generator total PDB size: 12229866
[t=57.791558s, 7500992 KB] hill climbing pattern collection generator computation time: 57.782916s
[t=57.791857s, 7500992 KB] Running dominance pruning...
[t=57.792120s, 7500992 KB] Pruned 5 of 7 pattern cliques
[t=57.792129s, 7500992 KB] Pruned 6 of 8 PDBs
[t=57.792134s, 7500992 KB] Dominance pruning took 0.000140s
[t=57.793218s, 7500992 KB] Canonical PDB heuristic number of patterns: 2
[t=57.793240s, 7500992 KB] Canonical PDB heuristic total PDB size: 8503056
[t=57.793245s, 7500992 KB] Canonical PDB heuristic computation time: 57.784833s
[t=57.796983s, 7500992 KB] Building successor generator... done!
[t=57.797687s, 7500992 KB] peak memory difference for successor generator creation: 0 KB
[t=57.797695s, 7500992 KB] time for successor generation creation: 0.000530s
[t=57.797864s, 7500992 KB] Variables: 84
[t=57.797876s, 7500992 KB] FactPairs: 405
[t=57.797880s, 7500992 KB] Bytes per state: 16
[t=57.798326s, 7500992 KB] Conducting best first search with reopening closed nodes, (real) bound = 2147483647
[t=57.799619s, 7500992 KB] New best heuristic value for cpdbs: 26
[t=57.799633s, 7500992 KB] g=0, 1 evaluated, 0 expanded
[t=57.799638s, 7500992 KB] f = 26, 1 evaluated, 0 expanded
[t=57.799995s, 7500992 KB] Initial heuristic value for cpdbs: 26
[t=57.800055s, 7500992 KB] pruning method: none
[t=57.800077s, 7500992 KB] New best heuristic value for cpdbs: 25
[t=57.800082s, 7500992 KB] g=1, 2 evaluated, 1 expanded
[t=57.800091s, 7500992 KB] New best heuristic value for cpdbs: 24
[t=57.800095s, 7500992 KB] g=2, 4 evaluated, 2 expanded
[t=57.800102s, 7500992 KB] New best heuristic value for cpdbs: 23
[t=57.800105s, 7500992 KB] g=3, 6 evaluated, 3 expanded
[t=57.800112s, 7500992 KB] New best heuristic value for cpdbs: 22
[t=57.800116s, 7500992 KB] g=4, 8 evaluated, 4 expanded
[t=57.800127s, 7500992 KB] New best heuristic value for cpdbs: 21
[t=57.800131s, 7500992 KB] g=5, 10 evaluated, 5 expanded
[t=57.800145s, 7500992 KB] New best heuristic value for cpdbs: 20
[t=57.800149s, 7500992 KB] g=6, 13 evaluated, 6 expanded
[t=57.800156s, 7500992 KB] New best heuristic value for cpdbs: 19
[t=57.800158s, 7500992 KB] g=7, 15 evaluated, 7 expanded
[t=57.800167s, 7500992 KB] New best heuristic value for cpdbs: 18
[t=57.800171s, 7500992 KB] g=8, 18 evaluated, 8 expanded
[t=57.800178s, 7500992 KB] New best heuristic value for cpdbs: 17
[t=57.800182s, 7500992 KB] g=9, 20 evaluated, 9 expanded
[t=57.800189s, 7500992 KB] New best heuristic value for cpdbs: 16
[t=57.800193s, 7500992 KB] g=10, 23 evaluated, 10 expanded
[t=57.800201s, 7500992 KB] New best heuristic value for cpdbs: 15
[t=57.800205s, 7500992 KB] g=11, 26 evaluated, 11 expanded
[t=57.800211s, 7500992 KB] New best heuristic value for cpdbs: 14
[t=57.800215s, 7500992 KB] g=12, 28 evaluated, 12 expanded
[t=57.800227s, 7500992 KB] New best heuristic value for cpdbs: 13
[t=57.800231s, 7500992 KB] g=13, 31 evaluated, 13 expanded
[t=57.800243s, 7500992 KB] New best heuristic value for cpdbs: 12
[t=57.800247s, 7500992 KB] g=14, 37 evaluated, 14 expanded
[t=57.800252s, 7500992 KB] New best heuristic value for cpdbs: 11
[t=57.800254s, 7500992 KB] g=15, 38 evaluated, 15 expanded
[t=57.800261s, 7500992 KB] New best heuristic value for cpdbs: 10
[t=57.800265s, 7500992 KB] g=16, 42 evaluated, 16 expanded
[t=57.800271s, 7500992 KB] New best heuristic value for cpdbs: 9
[t=57.800273s, 7500992 KB] g=17, 44 evaluated, 17 expanded
[t=57.800279s, 7500992 KB] New best heuristic value for cpdbs: 8
[t=57.800281s, 7500992 KB] g=18, 46 evaluated, 18 expanded
[t=57.800287s, 7500992 KB] New best heuristic value for cpdbs: 7
[t=57.800291s, 7500992 KB] g=19, 48 evaluated, 19 expanded
[t=57.800298s, 7500992 KB] New best heuristic value for cpdbs: 6
[t=57.800301s, 7500992 KB] g=20, 50 evaluated, 20 expanded
[t=57.800308s, 7500992 KB] New best heuristic value for cpdbs: 5
[t=57.800312s, 7500992 KB] g=21, 54 evaluated, 21 expanded
[t=57.800318s, 7500992 KB] New best heuristic value for cpdbs: 4
[t=57.800322s, 7500992 KB] g=22, 57 evaluated, 22 expanded
[t=57.800329s, 7500992 KB] New best heuristic value for cpdbs: 3
[t=57.800332s, 7500992 KB] g=23, 61 evaluated, 23 expanded
[t=57.800338s, 7500992 KB] New best heuristic value for cpdbs: 2
[t=57.800341s, 7500992 KB] g=24, 64 evaluated, 24 expanded
[t=57.800352s, 7500992 KB] New best heuristic value for cpdbs: 1
[t=57.800356s, 7500992 KB] g=25, 68 evaluated, 25 expanded
[t=57.800362s, 7500992 KB] New best heuristic value for cpdbs: 0
[t=57.800365s, 7500992 KB] g=26, 71 evaluated, 26 expanded
[t=57.800370s, 7500992 KB] Solution found!
[t=57.800375s, 7500992 KB] Actual search time: 0.000314s
move c99 c89 up (1)
move c89 c79 up (1)
move c79 c69 up (1)
move c69 c59 up (1)
move c59 c49 up (1)
move c49 c48 left (1)
move c48 c47 left (1)
move c47 c46 left (1)
move c46 c45 left (1)
move c45 c44 left (1)
move c44 c43 left (1)
push c43 c33 c23 b2 up (1)
push c33 c23 c13 b2 up (1)
move c23 c33 down (1)
move c33 c32 left (1)
move c32 c31 left (1)
move c31 c21 up (1)
move c21 c11 up (1)
move c11 c12 right (1)
push c12 c22 c32 b1 down (1)
push c22 c32 c42 b1 down (1)
push c32 c42 c52 b1 down (1)
push c42 c52 c62 b1 down (1)
push c52 c62 c72 b1 down (1)
push c62 c72 c82 b1 down (1)
push c72 c82 c92 b1 down (1)
[t=57.800379s, 7500992 KB] Plan length: 26 step(s).
[t=57.800379s, 7500992 KB] Plan cost: 26
[t=57.800379s, 7500992 KB] Expanded 27 state(s).
[t=57.800379s, 7500992 KB] Reopened 0 state(s).
[t=57.800379s, 7500992 KB] Evaluated 74 state(s).
[t=57.800379s, 7500992 KB] Evaluations: 74
[t=57.800379s, 7500992 KB] Generated 91 state(s).
[t=57.800379s, 7500992 KB] Dead ends: 2 state(s).
[t=57.800379s, 7500992 KB] Expanded until last jump: 0 state(s).
[t=57.800379s, 7500992 KB] Reopened until last jump: 0 state(s).
[t=57.800379s, 7500992 KB] Evaluated until last jump: 1 state(s).
[t=57.800379s, 7500992 KB] Generated until last jump: 0 state(s).
[t=57.800379s, 7500992 KB] Number of registered states: 74
[t=57.800379s, 7500992 KB] Int hash set load factor: 74/128 = 0.578125
[t=57.800379s, 7500992 KB] Int hash set resizes: 7
[t=57.800379s, 7500992 KB] Search time: 0.002165s
[t=57.800379s, 7500992 KB] Total time: 57.800379s
Solution found.
Remove intermediate file output.sas
search exit code: 0


