$ D:\Miniforge3\python.exe C:/Users/user/Desktop/theoria/.worktrees/p13/engine-rig/.toolchain/downward/fast-downward.py --plan-file C:\Users\user\AppData\Local\Temp\e7verifyc80qj03t\sas_plan C:\Users\user\Desktop\theoria\.worktrees\e7-deadlock-claim\engine-rig\runs\20260728T150713Z-E7-deadlock-claim-audit\attacks\work\a2\far9\singleton\sokoban_guarded_singleton_domain.pddl C:\Users\user\Desktop\theoria\.worktrees\e7-deadlock-claim\engine-rig\runs\20260728T150713Z-E7-deadlock-claim-audit\attacks\work\a2\far9\singleton\far9_guarded_singleton.pddl --search astar(cpdbs(patterns=systematic(3)))

INFO     planner time limit: None
INFO     planner memory limit: None

INFO     Running translator.
INFO     translator stdin: None
INFO     translator time limit: None
INFO     translator memory limit: None
INFO     translator command line string: 'D:\Miniforge3\python.exe' -m translate 'C:\Users\user\Desktop\theoria\.worktrees\e7-deadlock-claim\engine-rig\runs\20260728T150713Z-E7-deadlock-claim-audit\attacks\work\a2\far9\singleton\sokoban_guarded_singleton_domain.pddl' 'C:\Users\user\Desktop\theoria\.worktrees\e7-deadlock-claim\engine-rig\runs\20260728T150713Z-E7-deadlock-claim-audit\attacks\work\a2\far9\singleton\far9_guarded_singleton.pddl' --sas-file output.sas
Warning! SIGXCPU is not available on your platform. This means that the planner cannot be gracefully terminated when using a time limit, which, however, is probably supported on your platform anyway.
Parsing...
Parsing: [0.000s CPU, 0.002s wall-clock]
Normalizing task... [0.000s CPU, 0.000s wall-clock]
Instantiating...
Generating Datalog program... [0.016s CPU, 0.000s wall-clock]
Normalizing Datalog program...
Normalizing Datalog program: [0.000s CPU, 0.001s wall-clock]
Preparing model... [0.000s CPU, 0.001s wall-clock]
Generated 20 rules.
Computing model... [0.000s CPU, 0.011s wall-clock]
1674 relevant atoms
2340 auxiliary atoms
4014 final queue length
5859 total queue pushes
Completing instantiation... [0.016s CPU, 0.012s wall-clock]
Instantiating: [0.031s CPU, 0.024s wall-clock]
Computing fact groups...
Finding invariants...
7 initial candidates
Finding invariants: [0.000s CPU, 0.001s wall-clock]
Checking invariant weight... [0.000s CPU, 0.000s wall-clock]
Instantiating groups... [0.000s CPU, 0.002s wall-clock]
Collecting mutex groups... [0.000s CPU, 0.000s wall-clock]
Choosing groups...
81 uncovered facts
Choosing groups: [0.000s CPU, 0.000s wall-clock]
Building translation key... [0.000s CPU, 0.000s wall-clock]
Computing fact groups: [0.000s CPU, 0.005s wall-clock]
Building STRIPS to SAS dictionary... [0.000s CPU, 0.000s wall-clock]
Building dictionary for full mutex groups... [0.000s CPU, 0.000s wall-clock]
Building mutex information...
Building mutex information: [0.000s CPU, 0.000s wall-clock]
Translating task...
Processing axioms...
Simplifying axioms... [0.000s CPU, 0.000s wall-clock]
Translator axioms removed by simplifying: 0
Processing axioms: [0.000s CPU, 0.001s wall-clock]
Translating task: [0.016s CPU, 0.014s wall-clock]
1264 effect conditions simplified
0 implied preconditions added
Detecting unreachable propositions...
0 operators removed
0 axioms removed
11 propositions removed
Detecting unreachable propositions: [0.016s CPU, 0.007s wall-clock]
Reordering and filtering variables...
84 of 84 variables necessary.
81 of 84 mutex groups necessary.
776 of 776 operators necessary.
0 of 0 axiom rules necessary.
Reordering and filtering variables: [0.000s CPU, 0.004s wall-clock]
Translator variables: 84
Translator derived variables: 0
Translator facts: 397
Translator goal facts: 2
Translator mutex groups: 81
Translator total mutex groups size: 316
Translator operators: 776
Translator axioms: 0
Translator task size: 6919
warning: could not determine peak memory
Writing output... [0.016s CPU, 0.016s wall-clock]
Done! [0.078s CPU, 0.074s wall-clock]
translate exit code: 0

INFO     Running search (release).
INFO     search stdin: output.sas
INFO     search time limit: None
INFO     search memory limit: None
INFO     search command line string: 'C:\Users\user\Desktop\theoria\.worktrees\p13\engine-rig\.toolchain\downward\builds\release\bin\downward.exe' --search 'astar(cpdbs(patterns=systematic(3)))' --internal-plan-file 'C:\Users\user\AppData\Local\Temp\e7verifyc80qj03t\sas_plan' < output.sas
[t=0.000157s, 1952 KB] Search code revision: 7120aa0
[t=0.000247s, 1964 KB] reading input...
[t=0.007171s, 2728 KB] done reading input!
[t=0.008300s, 3068 KB] Initializing canonical PDB heuristic...
[t=0.008310s, 3068 KB] Generating patterns using: systematic pattern collection generator
[t=0.008320s, 3068 KB] Building causal graph... done!
[t=0.011938s, 5048 KB] Found 6266 SGA patterns.
[t=0.033722s, 5048 KB] Found 6266 interesting patterns.
[t=0.034423s, 5048 KB] systematic pattern collection generator number of patterns: 6266
[t=0.034434s, 5048 KB] systematic pattern collection generator total PDB size: 5257791
[t=0.034469s, 5048 KB] systematic pattern collection generator computation time: 0.0261068s
[t=0.034476s, 5048 KB] Computing PDBs for pattern collection...
[t=1.029511s, 27764 KB] Done computing PDBs for pattern collection: 0.995048s
[t=1.029536s, 27764 KB] Computing pattern cliques for pattern collection...
[t=1.085268s, 28516 KB] Done computing pattern cliques for pattern collection: 0.055744s
[t=1.085296s, 28516 KB] Running dominance pruning...
[t=1.186002s, 28808 KB] Pruned 157 of 6265 pattern cliques
[t=1.186027s, 28808 KB] Pruned 158 of 6266 PDBs
[t=1.186030s, 28808 KB] Dominance pruning took 0.100734s
[t=1.186086s, 28808 KB] Canonical PDB heuristic number of patterns: 6108
[t=1.186091s, 28808 KB] Canonical PDB heuristic total PDB size: 5221447
[t=1.186127s, 28808 KB] Canonical PDB heuristic computation time: 1.177785s
[t=1.186270s, 28812 KB] Building successor generator... done!
[t=1.186514s, 28812 KB] peak memory difference for successor generator creation: 0 KB
[t=1.186517s, 28812 KB] time for successor generation creation: 0.000236s
[t=1.186524s, 28812 KB] Variables: 84
[t=1.186527s, 28812 KB] FactPairs: 397
[t=1.186530s, 28812 KB] Bytes per state: 16
[t=1.186539s, 28812 KB] Conducting best first search with reopening closed nodes, (real) bound = 2147483647
[t=1.186745s, 28812 KB] New best heuristic value for cpdbs: 22
[t=1.186750s, 28812 KB] g=0, 1 evaluated, 0 expanded
[t=1.186753s, 28812 KB] f = 22, 1 evaluated, 0 expanded
[t=1.186761s, 28812 KB] Initial heuristic value for cpdbs: 22
[t=1.186763s, 28812 KB] pruning method: none
[t=1.186919s, 28812 KB] New best heuristic value for cpdbs: 21
[t=1.186924s, 28812 KB] g=1, 2 evaluated, 1 expanded
[t=1.187018s, 28812 KB] New best heuristic value for cpdbs: 20
[t=1.187024s, 28812 KB] g=2, 4 evaluated, 2 expanded
[t=1.187109s, 28812 KB] New best heuristic value for cpdbs: 19
[t=1.187115s, 28812 KB] g=3, 6 evaluated, 3 expanded
[t=1.187200s, 28812 KB] New best heuristic value for cpdbs: 18
[t=1.187206s, 28812 KB] g=4, 8 evaluated, 4 expanded
[t=1.187291s, 28812 KB] New best heuristic value for cpdbs: 17
[t=1.187296s, 28812 KB] g=5, 10 evaluated, 5 expanded
[t=1.187419s, 28812 KB] New best heuristic value for cpdbs: 16
[t=1.187424s, 28812 KB] g=6, 13 evaluated, 6 expanded
[t=1.187510s, 28812 KB] New best heuristic value for cpdbs: 15
[t=1.187515s, 28812 KB] g=7, 15 evaluated, 7 expanded
[t=1.187634s, 28812 KB] New best heuristic value for cpdbs: 14
[t=1.187639s, 28812 KB] g=8, 18 evaluated, 8 expanded
[t=1.187737s, 28812 KB] New best heuristic value for cpdbs: 13
[t=1.187742s, 28812 KB] g=9, 20 evaluated, 9 expanded
[t=1.187871s, 28812 KB] New best heuristic value for cpdbs: 12
[t=1.187877s, 28812 KB] g=10, 23 evaluated, 10 expanded
[t=1.188003s, 28812 KB] New best heuristic value for cpdbs: 11
[t=1.188008s, 28812 KB] g=11, 26 evaluated, 11 expanded
[t=1.188146s, 28812 KB] New best heuristic value for cpdbs: 10
[t=1.188152s, 28812 KB] g=12, 28 evaluated, 12 expanded
[t=1.188327s, 28812 KB] New best heuristic value for cpdbs: 9
[t=1.188333s, 28812 KB] g=13, 31 evaluated, 13 expanded
[t=1.189599s, 28812 KB] f = 24, 62 evaluated, 44 expanded
[t=1.190835s, 28812 KB] f = 26, 93 evaluated, 63 expanded
[t=1.191009s, 28812 KB] New best heuristic value for cpdbs: 8
[t=1.191015s, 28812 KB] g=18, 97 evaluated, 66 expanded
[t=1.191105s, 28812 KB] New best heuristic value for cpdbs: 7
[t=1.191111s, 28812 KB] g=19, 99 evaluated, 67 expanded
[t=1.191248s, 28812 KB] New best heuristic value for cpdbs: 6
[t=1.191255s, 28812 KB] g=20, 101 evaluated, 68 expanded
[t=1.191475s, 28812 KB] New best heuristic value for cpdbs: 5
[t=1.191482s, 28812 KB] g=21, 105 evaluated, 69 expanded
[t=1.191672s, 28812 KB] New best heuristic value for cpdbs: 4
[t=1.191680s, 28812 KB] g=22, 108 evaluated, 70 expanded
[t=1.191940s, 28812 KB] New best heuristic value for cpdbs: 3
[t=1.191947s, 28812 KB] g=23, 112 evaluated, 71 expanded
[t=1.192142s, 28812 KB] New best heuristic value for cpdbs: 2
[t=1.192148s, 28812 KB] g=24, 115 evaluated, 72 expanded
[t=1.192364s, 28812 KB] New best heuristic value for cpdbs: 1
[t=1.192370s, 28812 KB] g=25, 119 evaluated, 73 expanded
[t=1.192538s, 28812 KB] New best heuristic value for cpdbs: 0
[t=1.192543s, 28812 KB] g=26, 122 evaluated, 74 expanded
[t=1.192669s, 28812 KB] Solution found!
[t=1.192675s, 28812 KB] Actual search time: 0.005910s
move c99 c89 up (1)
move c89 c79 up (1)
move c79 c69 up (1)
move c69 c59 up (1)
move c59 c49 up (1)
move c49 c48 left (1)
move c48 c47 left (1)
move c47 c46 left (1)
move c46 c45 left (1)
move c45 c44 left (1)
move c44 c43 left (1)
push c43 c33 c23 b2 up (1)
push c33 c23 c13 b2 up (1)
move c23 c33 down (1)
move c33 c32 left (1)
move c32 c31 left (1)
move c31 c21 up (1)
move c21 c11 up (1)
move c11 c12 right (1)
push c12 c22 c32 b1 down (1)
push c22 c32 c42 b1 down (1)
push c32 c42 c52 b1 down (1)
push c42 c52 c62 b1 down (1)
push c52 c62 c72 b1 down (1)
push c62 c72 c82 b1 down (1)
push c72 c82 c92 b1 down (1)
[t=1.192679s, 28812 KB] Plan length: 26 step(s).
[t=1.192679s, 28812 KB] Plan cost: 26
[t=1.192679s, 28812 KB] Expanded 75 state(s).
[t=1.192679s, 28812 KB] Reopened 0 state(s).
[t=1.192679s, 28812 KB] Evaluated 125 state(s).
[t=1.192679s, 28812 KB] Evaluations: 125
[t=1.192679s, 28812 KB] Generated 273 state(s).
[t=1.192679s, 28812 KB] Dead ends: 3 state(s).
[t=1.192679s, 28812 KB] Expanded until last jump: 63 state(s).
[t=1.192679s, 28812 KB] Reopened until last jump: 0 state(s).
[t=1.192679s, 28812 KB] Evaluated until last jump: 93 state(s).
[t=1.192679s, 28812 KB] Generated until last jump: 235 state(s).
[t=1.192679s, 28812 KB] Number of registered states: 125
[t=1.192679s, 28812 KB] Int hash set load factor: 125/128 = 0.976562
[t=1.192679s, 28812 KB] Int hash set resizes: 7
[t=1.192679s, 28812 KB] Search time: 0.006142s
[t=1.192679s, 28812 KB] Total time: 1.192679s
Solution found.
Remove intermediate file output.sas
search exit code: 0


