$ D:\Miniforge3\python.exe C:/Users/user/Desktop/theoria/.worktrees/p13/engine-rig/.toolchain/downward/fast-downward.py --plan-file C:\Users\user\AppData\Local\Temp\e7verifypmei_n9t\sas_plan C:\Users\user\Desktop\theoria\.worktrees\e7-deadlock-claim\engine-rig\runs\20260728T150713Z-E7-deadlock-claim-audit\attacks\work\a7\hunt0070\singleton\sokoban_guarded_singleton_domain.pddl C:\Users\user\Desktop\theoria\.worktrees\e7-deadlock-claim\engine-rig\runs\20260728T150713Z-E7-deadlock-claim-audit\attacks\work\a7\hunt0070\singleton\hunt0070_guarded_singleton.pddl --search eager(tiebreaking([sum([g(),lmcut()]),lmcut()]),reopen_closed=true,f_eval=sum([g(),lmcut()]))

INFO     planner time limit: None
INFO     planner memory limit: None

INFO     Running translator.
INFO     translator stdin: None
INFO     translator time limit: None
INFO     translator memory limit: None
INFO     translator command line string: 'D:\Miniforge3\python.exe' -m translate 'C:\Users\user\Desktop\theoria\.worktrees\e7-deadlock-claim\engine-rig\runs\20260728T150713Z-E7-deadlock-claim-audit\attacks\work\a7\hunt0070\singleton\sokoban_guarded_singleton_domain.pddl' 'C:\Users\user\Desktop\theoria\.worktrees\e7-deadlock-claim\engine-rig\runs\20260728T150713Z-E7-deadlock-claim-audit\attacks\work\a7\hunt0070\singleton\hunt0070_guarded_singleton.pddl' --sas-file output.sas
Warning! SIGXCPU is not available on your platform. This means that the planner cannot be gracefully terminated when using a time limit, which, however, is probably supported on your platform anyway.
Parsing...
Parsing: [0.016s CPU, 0.002s wall-clock]
Normalizing task... [0.000s CPU, 0.000s wall-clock]
Instantiating...
Generating Datalog program... [0.000s CPU, 0.000s wall-clock]
Normalizing Datalog program...
Normalizing Datalog program: [0.000s CPU, 0.001s wall-clock]
Preparing model... [0.000s CPU, 0.000s wall-clock]
Generated 20 rules.
Computing model... [0.000s CPU, 0.006s wall-clock]
626 relevant atoms
862 auxiliary atoms
1488 final queue length
2065 total queue pushes
Completing instantiation... [0.000s CPU, 0.003s wall-clock]
Instantiating: [0.000s CPU, 0.011s wall-clock]
Computing fact groups...
Finding invariants...
7 initial candidates
Finding invariants: [0.000s CPU, 0.001s wall-clock]
Checking invariant weight... [0.000s CPU, 0.000s wall-clock]
Instantiating groups... [0.000s CPU, 0.000s wall-clock]
Collecting mutex groups... [0.000s CPU, 0.000s wall-clock]
Choosing groups...
33 uncovered facts
Choosing groups: [0.000s CPU, 0.000s wall-clock]
Building translation key... [0.000s CPU, 0.000s wall-clock]
Computing fact groups: [0.000s CPU, 0.002s wall-clock]
Building STRIPS to SAS dictionary... [0.000s CPU, 0.000s wall-clock]
Building dictionary for full mutex groups... [0.000s CPU, 0.000s wall-clock]
Building mutex information...
Building mutex information: [0.000s CPU, 0.000s wall-clock]
Translating task...
Processing axioms...
Simplifying axioms... [0.000s CPU, 0.000s wall-clock]
Translator axioms removed by simplifying: 0
Processing axioms: [0.000s CPU, 0.000s wall-clock]
Translating task: [0.016s CPU, 0.004s wall-clock]
372 effect conditions simplified
0 implied preconditions added
Detecting unreachable propositions...
0 operators removed
0 axioms removed
15 propositions removed
Detecting unreachable propositions: [0.000s CPU, 0.002s wall-clock]
Reordering and filtering variables...
36 of 36 variables necessary.
33 of 36 mutex groups necessary.
238 of 238 operators necessary.
0 of 0 axiom rules necessary.
Reordering and filtering variables: [0.000s CPU, 0.001s wall-clock]
Translator variables: 36
Translator derived variables: 0
Translator facts: 153
Translator goal facts: 2
Translator mutex groups: 33
Translator total mutex groups size: 120
Translator operators: 238
Translator axioms: 0
Translator task size: 2141
warning: could not determine peak memory
Writing output... [0.000s CPU, 0.012s wall-clock]
Done! [0.031s CPU, 0.035s wall-clock]
translate exit code: 0

INFO     Running search (release).
INFO     search stdin: output.sas
INFO     search time limit: None
INFO     search memory limit: None
INFO     search command line string: 'C:\Users\user\Desktop\theoria\.worktrees\p13\engine-rig\.toolchain\downward\builds\release\bin\downward.exe' --search 'eager(tiebreaking([sum([g(),lmcut()]),lmcut()]),reopen_closed=true,f_eval=sum([g(),lmcut()]))' --internal-plan-file 'C:\Users\user\AppData\Local\Temp\e7verifypmei_n9t\sas_plan' < output.sas
[t=0.000118s, 1904 KB] Search code revision: 7120aa0
[t=0.000202s, 1904 KB] reading input...
[t=0.002601s, 2344 KB] done reading input!
[t=0.003865s, 2988 KB] Initializing landmark cut heuristic...
[t=0.004004s, 3064 KB] Initializing landmark cut heuristic...
[t=0.004114s, 3128 KB] Initializing landmark cut heuristic...
[t=0.004134s, 3136 KB] Building successor generator... done!
[t=0.004220s, 3176 KB] peak memory difference for successor generator creation: 40 KB
[t=0.004223s, 3176 KB] time for successor generation creation: 0.000079s
[t=0.004229s, 3176 KB] Variables: 36
[t=0.004232s, 3176 KB] FactPairs: 153
[t=0.004234s, 3176 KB] Bytes per state: 8
[t=0.004246s, 3176 KB] Conducting best first search with reopening closed nodes, (real) bound = 2147483647
[t=0.004392s, 3212 KB] New best heuristic value for lmcut: 14
[t=0.004397s, 3212 KB] New best heuristic value for lmcut: 14
[t=0.004399s, 3212 KB] g=0, 1 evaluated, 0 expanded
[t=0.004448s, 3212 KB] f = 14, 1 evaluated, 0 expanded
[t=0.004459s, 3224 KB] Initial heuristic value for lmcut: 14
[t=0.004462s, 3224 KB] Initial heuristic value for lmcut: 14
[t=0.004464s, 3224 KB] Initial heuristic value for lmcut: 14
[t=0.004466s, 3224 KB] pruning method: none
[t=0.004763s, 3224 KB] New best heuristic value for lmcut: 13
[t=0.004769s, 3224 KB] New best heuristic value for lmcut: 13
[t=0.004770s, 3224 KB] g=1, 4 evaluated, 1 expanded
[t=0.005058s, 3224 KB] New best heuristic value for lmcut: 12
[t=0.005062s, 3224 KB] New best heuristic value for lmcut: 12
[t=0.005065s, 3224 KB] g=2, 7 evaluated, 2 expanded
[t=0.005174s, 3224 KB] New best heuristic value for lmcut: 11
[t=0.005178s, 3224 KB] New best heuristic value for lmcut: 11
[t=0.005180s, 3224 KB] g=3, 8 evaluated, 3 expanded
[t=0.005475s, 3224 KB] New best heuristic value for lmcut: 10
[t=0.005480s, 3224 KB] New best heuristic value for lmcut: 10
[t=0.005482s, 3224 KB] g=4, 11 evaluated, 4 expanded
[t=0.005804s, 3224 KB] f = 15, 14 evaluated, 5 expanded
[t=0.006823s, 3224 KB] f = 16, 24 evaluated, 11 expanded
[t=0.006887s, 3224 KB] New best heuristic value for lmcut: 9
[t=0.006892s, 3224 KB] New best heuristic value for lmcut: 9
[t=0.006894s, 3224 KB] g=7, 25 evaluated, 12 expanded
[t=0.007115s, 3244 KB] New best heuristic value for lmcut: 8
[t=0.007122s, 3244 KB] New best heuristic value for lmcut: 8
[t=0.007124s, 3244 KB] g=8, 28 evaluated, 13 expanded
[t=0.008232s, 3244 KB] f = 17, 39 evaluated, 21 expanded
[t=0.008341s, 3244 KB] New best heuristic value for lmcut: 7
[t=0.008346s, 3244 KB] New best heuristic value for lmcut: 7
[t=0.008348s, 3244 KB] g=10, 41 evaluated, 22 expanded
[t=0.008596s, 3244 KB] New best heuristic value for lmcut: 6
[t=0.008601s, 3244 KB] New best heuristic value for lmcut: 6
[t=0.008603s, 3244 KB] g=10, 46 evaluated, 24 expanded
[t=0.012007s, 3244 KB] f = 18, 82 evaluated, 45 expanded
[t=0.017238s, 3244 KB] f = 19, 129 evaluated, 71 expanded
[t=0.017722s, 3244 KB] New best heuristic value for lmcut: 5
[t=0.017731s, 3244 KB] New best heuristic value for lmcut: 5
[t=0.017734s, 3244 KB] g=14, 135 evaluated, 74 expanded
[t=0.018000s, 3244 KB] New best heuristic value for lmcut: 4
[t=0.018007s, 3244 KB] New best heuristic value for lmcut: 4
[t=0.018010s, 3244 KB] g=15, 139 evaluated, 75 expanded
[t=0.023560s, 3244 KB] f = 20, 201 evaluated, 108 expanded
[t=0.024050s, 3244 KB] New best heuristic value for lmcut: 3
[t=0.024056s, 3244 KB] New best heuristic value for lmcut: 3
[t=0.024059s, 3244 KB] g=17, 210 evaluated, 113 expanded
[t=0.024217s, 3244 KB] New best heuristic value for lmcut: 2
[t=0.024222s, 3244 KB] New best heuristic value for lmcut: 2
[t=0.024224s, 3244 KB] g=18, 215 evaluated, 114 expanded
[t=0.024311s, 3244 KB] New best heuristic value for lmcut: 1
[t=0.024316s, 3244 KB] New best heuristic value for lmcut: 1
[t=0.024318s, 3244 KB] g=19, 218 evaluated, 115 expanded
[t=0.024389s, 3244 KB] New best heuristic value for lmcut: 0
[t=0.024393s, 3244 KB] New best heuristic value for lmcut: 0
[t=0.024396s, 3244 KB] g=20, 221 evaluated, 116 expanded
[t=0.024401s, 3244 KB] Solution found!
[t=0.024404s, 3244 KB] Actual search time: 0.019937s
move c53 c43 up (1)
move c43 c33 up (1)
move c33 c32 left (1)
push c32 c22 c12 b1 up (1)
move c22 c21 left (1)
move c21 c11 up (1)
push c11 c12 c13 b1 right (1)
push c12 c13 c14 b1 right (1)
push c13 c14 c15 b1 right (1)
move c14 c24 down (1)
move c24 c34 down (1)
move c34 c35 right (1)
move c35 c36 right (1)
move c36 c26 up (1)
push c26 c25 c24 b2 left (1)
push c25 c24 c23 b2 left (1)
push c24 c23 c22 b2 left (1)
move c23 c13 up (1)
move c13 c12 left (1)
push c12 c22 c32 b2 down (1)
[t=0.024407s, 3244 KB] Plan length: 20 step(s).
[t=0.024407s, 3244 KB] Plan cost: 20
[t=0.024407s, 3244 KB] Expanded 117 state(s).
[t=0.024407s, 3244 KB] Reopened 0 state(s).
[t=0.024407s, 3244 KB] Evaluated 221 state(s).
[t=0.024407s, 3244 KB] Evaluations: 548
[t=0.024407s, 3244 KB] Generated 372 state(s).
[t=0.024407s, 3244 KB] Dead ends: 11 state(s).
[t=0.024407s, 3244 KB] Expanded until last jump: 108 state(s).
[t=0.024407s, 3244 KB] Reopened until last jump: 0 state(s).
[t=0.024407s, 3244 KB] Evaluated until last jump: 201 state(s).
[t=0.024407s, 3244 KB] Generated until last jump: 347 state(s).
[t=0.024407s, 3244 KB] Number of registered states: 221
[t=0.024407s, 3244 KB] Int hash set load factor: 221/256 = 0.863281
[t=0.024407s, 3244 KB] Int hash set resizes: 8
[t=0.024407s, 3244 KB] Search time: 0.020163s
[t=0.024407s, 3244 KB] Total time: 0.024407s
Solution found.
Remove intermediate file output.sas
search exit code: 0


