$ D:\Miniforge3\python.exe C:/Users/user/Desktop/theoria/.worktrees/p13/engine-rig/.toolchain/downward/fast-downward.py --plan-file C:\Users\user\AppData\Local\Temp\e7verifyn_vl0_8v\sas_plan C:\Users\user\Desktop\theoria\.worktrees\e7-deadlock-claim\engine-rig\runs\20260728T150713Z-E7-deadlock-claim-audit\attacks\work\a7\hunt0037\singleton\sokoban_guarded_singleton_domain.pddl C:\Users\user\Desktop\theoria\.worktrees\e7-deadlock-claim\engine-rig\runs\20260728T150713Z-E7-deadlock-claim-audit\attacks\work\a7\hunt0037\singleton\hunt0037_guarded_singleton.pddl --search eager(tiebreaking([sum([g(),lmcut()]),lmcut()]),reopen_closed=true,f_eval=sum([g(),lmcut()]))

INFO     planner time limit: None
INFO     planner memory limit: None

INFO     Running translator.
INFO     translator stdin: None
INFO     translator time limit: None
INFO     translator memory limit: None
INFO     translator command line string: 'D:\Miniforge3\python.exe' -m translate 'C:\Users\user\Desktop\theoria\.worktrees\e7-deadlock-claim\engine-rig\runs\20260728T150713Z-E7-deadlock-claim-audit\attacks\work\a7\hunt0037\singleton\sokoban_guarded_singleton_domain.pddl' 'C:\Users\user\Desktop\theoria\.worktrees\e7-deadlock-claim\engine-rig\runs\20260728T150713Z-E7-deadlock-claim-audit\attacks\work\a7\hunt0037\singleton\hunt0037_guarded_singleton.pddl' --sas-file output.sas
Warning! SIGXCPU is not available on your platform. This means that the planner cannot be gracefully terminated when using a time limit, which, however, is probably supported on your platform anyway.
Parsing...
Parsing: [0.000s CPU, 0.002s wall-clock]
Normalizing task... [0.000s CPU, 0.000s wall-clock]
Instantiating...
Generating Datalog program... [0.000s CPU, 0.000s wall-clock]
Normalizing Datalog program...
Normalizing Datalog program: [0.016s CPU, 0.001s wall-clock]
Preparing model... [0.000s CPU, 0.001s wall-clock]
Generated 20 rules.
Computing model... [0.000s CPU, 0.006s wall-clock]
720 relevant atoms
1124 auxiliary atoms
1844 final queue length
2405 total queue pushes
Completing instantiation... [0.000s CPU, 0.003s wall-clock]
Instantiating: [0.016s CPU, 0.011s wall-clock]
Computing fact groups...
Finding invariants...
7 initial candidates
Finding invariants: [0.000s CPU, 0.001s wall-clock]
Checking invariant weight... [0.000s CPU, 0.000s wall-clock]
Instantiating groups... [0.000s CPU, 0.001s wall-clock]
Collecting mutex groups... [0.000s CPU, 0.000s wall-clock]
Choosing groups...
46 uncovered facts
Choosing groups: [0.000s CPU, 0.000s wall-clock]
Building translation key... [0.000s CPU, 0.000s wall-clock]
Computing fact groups: [0.000s CPU, 0.002s wall-clock]
Building STRIPS to SAS dictionary... [0.000s CPU, 0.000s wall-clock]
Building dictionary for full mutex groups... [0.000s CPU, 0.000s wall-clock]
Building mutex information...
Building mutex information: [0.000s CPU, 0.000s wall-clock]
Translating task...
Processing axioms...
Simplifying axioms... [0.000s CPU, 0.000s wall-clock]
Translator axioms removed by simplifying: 0
Processing axioms: [0.000s CPU, 0.000s wall-clock]
Translating task: [0.000s CPU, 0.004s wall-clock]
372 effect conditions simplified
0 implied preconditions added
Detecting unreachable propositions...
0 operators removed
0 axioms removed
9 propositions removed
Detecting unreachable propositions: [0.016s CPU, 0.002s wall-clock]
Reordering and filtering variables...
49 of 49 variables necessary.
46 of 49 mutex groups necessary.
258 of 258 operators necessary.
0 of 0 axiom rules necessary.
Reordering and filtering variables: [0.000s CPU, 0.001s wall-clock]
Translator variables: 49
Translator derived variables: 0
Translator facts: 185
Translator goal facts: 2
Translator mutex groups: 46
Translator total mutex groups size: 139
Translator operators: 258
Translator axioms: 0
Translator task size: 2265
warning: could not determine peak memory
Writing output... [0.000s CPU, 0.011s wall-clock]
Done! [0.031s CPU, 0.035s wall-clock]
translate exit code: 0

INFO     Running search (release).
INFO     search stdin: output.sas
INFO     search time limit: None
INFO     search memory limit: None
INFO     search command line string: 'C:\Users\user\Desktop\theoria\.worktrees\p13\engine-rig\.toolchain\downward\builds\release\bin\downward.exe' --search 'eager(tiebreaking([sum([g(),lmcut()]),lmcut()]),reopen_closed=true,f_eval=sum([g(),lmcut()]))' --internal-plan-file 'C:\Users\user\AppData\Local\Temp\e7verifyn_vl0_8v\sas_plan' < output.sas
[t=0.000110s, 1932 KB] Search code revision: 7120aa0
[t=0.000191s, 1932 KB] reading input...
[t=0.002756s, 2448 KB] done reading input!
[t=0.004001s, 3044 KB] Initializing landmark cut heuristic...
[t=0.004141s, 3136 KB] Initializing landmark cut heuristic...
[t=0.004266s, 3240 KB] Initializing landmark cut heuristic...
[t=0.004282s, 3240 KB] Building successor generator... done!
[t=0.004376s, 3280 KB] peak memory difference for successor generator creation: 40 KB
[t=0.004378s, 3280 KB] time for successor generation creation: 0.000087s
[t=0.004384s, 3280 KB] Variables: 49
[t=0.004387s, 3280 KB] FactPairs: 185
[t=0.004391s, 3280 KB] Bytes per state: 8
[t=0.004403s, 3280 KB] Conducting best first search with reopening closed nodes, (real) bound = 2147483647
[t=0.004590s, 3304 KB] New best heuristic value for lmcut: 18
[t=0.004595s, 3304 KB] New best heuristic value for lmcut: 18
[t=0.004597s, 3304 KB] g=0, 1 evaluated, 0 expanded
[t=0.004666s, 3316 KB] f = 18, 1 evaluated, 0 expanded
[t=0.004680s, 3328 KB] Initial heuristic value for lmcut: 18
[t=0.004683s, 3328 KB] Initial heuristic value for lmcut: 18
[t=0.004686s, 3328 KB] Initial heuristic value for lmcut: 18
[t=0.004688s, 3328 KB] pruning method: none
[t=0.004936s, 3328 KB] New best heuristic value for lmcut: 17
[t=0.004941s, 3328 KB] New best heuristic value for lmcut: 17
[t=0.004943s, 3328 KB] g=1, 3 evaluated, 1 expanded
[t=0.005218s, 3328 KB] New best heuristic value for lmcut: 16
[t=0.005223s, 3328 KB] New best heuristic value for lmcut: 16
[t=0.005225s, 3328 KB] g=2, 5 evaluated, 2 expanded
[t=0.005491s, 3348 KB] New best heuristic value for lmcut: 15
[t=0.005497s, 3348 KB] New best heuristic value for lmcut: 15
[t=0.005499s, 3348 KB] g=3, 7 evaluated, 3 expanded
[t=0.005897s, 3348 KB] f = 19, 10 evaluated, 4 expanded
[t=0.006234s, 3348 KB] New best heuristic value for lmcut: 14
[t=0.006241s, 3348 KB] New best heuristic value for lmcut: 14
[t=0.006243s, 3348 KB] g=5, 13 evaluated, 5 expanded
[t=0.006606s, 3348 KB] New best heuristic value for lmcut: 13
[t=0.006610s, 3348 KB] New best heuristic value for lmcut: 13
[t=0.006613s, 3348 KB] g=6, 16 evaluated, 6 expanded
[t=0.008606s, 3348 KB] New best heuristic value for lmcut: 12
[t=0.008615s, 3348 KB] New best heuristic value for lmcut: 12
[t=0.008617s, 3348 KB] g=7, 31 evaluated, 13 expanded
[t=0.009017s, 3348 KB] f = 20, 33 evaluated, 14 expanded
[t=0.009493s, 3348 KB] New best heuristic value for lmcut: 11
[t=0.009499s, 3348 KB] New best heuristic value for lmcut: 11
[t=0.009501s, 3348 KB] g=9, 38 evaluated, 16 expanded
[t=0.011378s, 3348 KB] f = 21, 49 evaluated, 25 expanded
[t=0.014124s, 3348 KB] f = 22, 66 evaluated, 37 expanded
[t=0.014259s, 3348 KB] New best heuristic value for lmcut: 9
[t=0.014265s, 3348 KB] New best heuristic value for lmcut: 9
[t=0.014268s, 3348 KB] g=11, 67 evaluated, 38 expanded
[t=0.014417s, 3348 KB] New best heuristic value for lmcut: 8
[t=0.014421s, 3348 KB] New best heuristic value for lmcut: 8
[t=0.014424s, 3348 KB] g=12, 68 evaluated, 39 expanded
[t=0.014642s, 3348 KB] New best heuristic value for lmcut: 7
[t=0.014647s, 3348 KB] New best heuristic value for lmcut: 7
[t=0.014649s, 3348 KB] g=13, 70 evaluated, 40 expanded
[t=0.021125s, 3368 KB] f = 23, 118 evaluated, 70 expanded
[t=0.026697s, 3368 KB] f = 24, 155 evaluated, 96 expanded
[t=0.027712s, 3368 KB] New best heuristic value for lmcut: 6
[t=0.027719s, 3368 KB] New best heuristic value for lmcut: 6
[t=0.027722s, 3368 KB] g=18, 165 evaluated, 102 expanded
[t=0.039648s, 3368 KB] f = 25, 255 evaluated, 154 expanded
[t=0.043170s, 3376 KB] New best heuristic value for lmcut: 5
[t=0.043180s, 3376 KB] New best heuristic value for lmcut: 5
[t=0.043183s, 3376 KB] g=20, 288 evaluated, 172 expanded
[t=0.043309s, 3376 KB] New best heuristic value for lmcut: 4
[t=0.043313s, 3376 KB] New best heuristic value for lmcut: 4
[t=0.043315s, 3376 KB] g=21, 290 evaluated, 173 expanded
[t=0.043491s, 3376 KB] New best heuristic value for lmcut: 3
[t=0.043497s, 3376 KB] New best heuristic value for lmcut: 3
[t=0.043499s, 3376 KB] g=22, 293 evaluated, 174 expanded
[t=0.043560s, 3376 KB] New best heuristic value for lmcut: 2
[t=0.043565s, 3376 KB] New best heuristic value for lmcut: 2
[t=0.043567s, 3376 KB] g=23, 294 evaluated, 175 expanded
[t=0.043698s, 3376 KB] New best heuristic value for lmcut: 1
[t=0.043702s, 3376 KB] New best heuristic value for lmcut: 1
[t=0.043704s, 3376 KB] g=24, 297 evaluated, 176 expanded
[t=0.043808s, 3376 KB] New best heuristic value for lmcut: 0
[t=0.043813s, 3376 KB] New best heuristic value for lmcut: 0
[t=0.043815s, 3376 KB] g=25, 300 evaluated, 177 expanded
[t=0.043851s, 3376 KB] Solution found!
[t=0.043857s, 3376 KB] Actual search time: 0.039168s
move c41 c51 down (1)
move c51 c52 right (1)
move c52 c53 right (1)
move c53 c54 right (1)
move c54 c55 right (1)
push c55 c45 c35 b2 up (1)
move c45 c55 down (1)
move c55 c56 right (1)
move c56 c57 right (1)
move c57 c47 up (1)
move c47 c37 up (1)
move c37 c36 left (1)
push c36 c35 c34 b2 left (1)
push c35 c34 c33 b2 left (1)
move c34 c35 right (1)
move c35 c36 right (1)
move c36 c37 right (1)
move c37 c27 up (1)
move c27 c17 up (1)
push c17 c16 c15 b1 left (1)
push c16 c15 c14 b1 left (1)
push c15 c14 c13 b1 left (1)
push c14 c13 c12 b1 left (1)
move c13 c23 down (1)
push c23 c33 c43 b2 down (1)
[t=0.043861s, 3376 KB] Plan length: 25 step(s).
[t=0.043861s, 3376 KB] Plan cost: 25
[t=0.043861s, 3376 KB] Expanded 178 state(s).
[t=0.043861s, 3376 KB] Reopened 0 state(s).
[t=0.043861s, 3376 KB] Evaluated 301 state(s).
[t=0.043861s, 3376 KB] Evaluations: 776
[t=0.043861s, 3376 KB] Generated 541 state(s).
[t=0.043861s, 3376 KB] Dead ends: 4 state(s).
[t=0.043861s, 3376 KB] Expanded until last jump: 154 state(s).
[t=0.043861s, 3376 KB] Reopened until last jump: 0 state(s).
[t=0.043861s, 3376 KB] Evaluated until last jump: 255 state(s).
[t=0.043861s, 3376 KB] Generated until last jump: 474 state(s).
[t=0.043861s, 3376 KB] Number of registered states: 301
[t=0.043861s, 3376 KB] Int hash set load factor: 301/512 = 0.587891
[t=0.043861s, 3376 KB] Int hash set resizes: 9
[t=0.043861s, 3376 KB] Search time: 0.039460s
[t=0.043861s, 3376 KB] Total time: 0.043861s
Solution found.
Remove intermediate file output.sas
search exit code: 0


