$ D:\Miniforge3\python.exe C:/Users/user/Desktop/theoria/.worktrees/p13/engine-rig/.toolchain/downward/fast-downward.py --plan-file C:\Users\user\AppData\Local\Temp\e7verifysjskd8u_\sas_plan C:\Users\user\Desktop\theoria\.worktrees\e7-deadlock-claim\engine-rig\fixtures\data\sokoban_domain.pddl C:\Users\user\Desktop\theoria\.worktrees\e7-deadlock-claim\engine-rig\runs\20260728T150713Z-E7-deadlock-claim-audit\attacks\work\a7\hunt0037\hunt0037.pddl --search astar(lmcut())

INFO     planner time limit: None
INFO     planner memory limit: None

INFO     Running translator.
INFO     translator stdin: None
INFO     translator time limit: None
INFO     translator memory limit: None
INFO     translator command line string: 'D:\Miniforge3\python.exe' -m translate 'C:\Users\user\Desktop\theoria\.worktrees\e7-deadlock-claim\engine-rig\fixtures\data\sokoban_domain.pddl' 'C:\Users\user\Desktop\theoria\.worktrees\e7-deadlock-claim\engine-rig\runs\20260728T150713Z-E7-deadlock-claim-audit\attacks\work\a7\hunt0037\hunt0037.pddl' --sas-file output.sas
Warning! SIGXCPU is not available on your platform. This means that the planner cannot be gracefully terminated when using a time limit, which, however, is probably supported on your platform anyway.
Parsing...
Parsing: [0.000s CPU, 0.002s wall-clock]
Normalizing task... [0.000s CPU, 0.000s wall-clock]
Instantiating...
Generating Datalog program... [0.016s CPU, 0.000s wall-clock]
Normalizing Datalog program...
Normalizing Datalog program: [0.000s CPU, 0.001s wall-clock]
Preparing model... [0.000s CPU, 0.001s wall-clock]
Generated 20 rules.
Computing model... [0.000s CPU, 0.006s wall-clock]
714 relevant atoms
1124 auxiliary atoms
1838 final queue length
2399 total queue pushes
Completing instantiation... [0.000s CPU, 0.003s wall-clock]
Instantiating: [0.016s CPU, 0.011s wall-clock]
Computing fact groups...
Finding invariants...
7 initial candidates
Finding invariants: [0.000s CPU, 0.001s wall-clock]
Checking invariant weight... [0.000s CPU, 0.000s wall-clock]
Instantiating groups... [0.000s CPU, 0.001s wall-clock]
Collecting mutex groups... [0.000s CPU, 0.000s wall-clock]
Choosing groups...
46 uncovered facts
Choosing groups: [0.000s CPU, 0.000s wall-clock]
Building translation key... [0.000s CPU, 0.000s wall-clock]
Computing fact groups: [0.000s CPU, 0.003s wall-clock]
Building STRIPS to SAS dictionary... [0.000s CPU, 0.000s wall-clock]
Building dictionary for full mutex groups... [0.000s CPU, 0.000s wall-clock]
Building mutex information...
Building mutex information: [0.000s CPU, 0.000s wall-clock]
Translating task...
Processing axioms...
Simplifying axioms... [0.000s CPU, 0.000s wall-clock]
Translator axioms removed by simplifying: 0
Processing axioms: [0.000s CPU, 0.000s wall-clock]
Translating task: [0.016s CPU, 0.004s wall-clock]
392 effect conditions simplified
0 implied preconditions added
Detecting unreachable propositions...
0 operators removed
0 axioms removed
3 propositions removed
Detecting unreachable propositions: [0.000s CPU, 0.002s wall-clock]
Reordering and filtering variables...
49 of 49 variables necessary.
46 of 49 mutex groups necessary.
268 of 268 operators necessary.
0 of 0 axiom rules necessary.
Reordering and filtering variables: [0.000s CPU, 0.002s wall-clock]
Translator variables: 49
Translator derived variables: 0
Translator facts: 191
Translator goal facts: 2
Translator mutex groups: 46
Translator total mutex groups size: 145
Translator operators: 268
Translator axioms: 0
Translator task size: 2367
warning: could not determine peak memory
Writing output... [0.000s CPU, 0.011s wall-clock]
Done! [0.031s CPU, 0.036s wall-clock]
translate exit code: 0

INFO     Running search (release).
INFO     search stdin: output.sas
INFO     search time limit: None
INFO     search memory limit: None
INFO     search command line string: 'C:\Users\user\Desktop\theoria\.worktrees\p13\engine-rig\.toolchain\downward\builds\release\bin\downward.exe' --search 'astar(lmcut())' --internal-plan-file 'C:\Users\user\AppData\Local\Temp\e7verifysjskd8u_\sas_plan' < output.sas
[t=0.000112s, 1936 KB] Search code revision: 7120aa0
[t=0.000194s, 1944 KB] reading input...
[t=0.002867s, 2460 KB] done reading input!
[t=0.003879s, 2988 KB] Initializing landmark cut heuristic...
[t=0.003914s, 2988 KB] Building successor generator... done!
[t=0.004020s, 3036 KB] peak memory difference for successor generator creation: 48 KB
[t=0.004023s, 3036 KB] time for successor generation creation: 0.000098s
[t=0.004029s, 3036 KB] Variables: 49
[t=0.004033s, 3036 KB] FactPairs: 191
[t=0.004036s, 3036 KB] Bytes per state: 8
[t=0.004047s, 3036 KB] Conducting best first search with reopening closed nodes, (real) bound = 2147483647
[t=0.004153s, 3048 KB] New best heuristic value for lmcut: 18
[t=0.004158s, 3048 KB] g=0, 1 evaluated, 0 expanded
[t=0.004160s, 3048 KB] f = 18, 1 evaluated, 0 expanded
[t=0.004167s, 3048 KB] Initial heuristic value for lmcut: 18
[t=0.004170s, 3048 KB] pruning method: none
[t=0.004324s, 3048 KB] f = 19, 3 evaluated, 1 expanded
[t=0.004463s, 3048 KB] New best heuristic value for lmcut: 17
[t=0.004468s, 3048 KB] g=2, 5 evaluated, 2 expanded
[t=0.004594s, 3048 KB] New best heuristic value for lmcut: 16
[t=0.004599s, 3048 KB] g=3, 7 evaluated, 3 expanded
[t=0.004779s, 3048 KB] New best heuristic value for lmcut: 15
[t=0.004784s, 3048 KB] g=4, 10 evaluated, 4 expanded
[t=0.004982s, 3048 KB] New best heuristic value for lmcut: 14
[t=0.004987s, 3048 KB] g=5, 13 evaluated, 5 expanded
[t=0.005180s, 3068 KB] New best heuristic value for lmcut: 13
[t=0.005184s, 3068 KB] g=6, 16 evaluated, 6 expanded
[t=0.006133s, 3068 KB] New best heuristic value for lmcut: 12
[t=0.006141s, 3068 KB] g=7, 31 evaluated, 13 expanded
[t=0.006306s, 3068 KB] f = 20, 33 evaluated, 14 expanded
[t=0.006548s, 3068 KB] New best heuristic value for lmcut: 11
[t=0.006554s, 3068 KB] g=9, 38 evaluated, 16 expanded
[t=0.007087s, 3068 KB] f = 21, 46 evaluated, 22 expanded
[t=0.008448s, 3068 KB] f = 22, 66 evaluated, 38 expanded
[t=0.008518s, 3068 KB] New best heuristic value for lmcut: 9
[t=0.008523s, 3068 KB] g=11, 67 evaluated, 39 expanded
[t=0.008577s, 3068 KB] New best heuristic value for lmcut: 8
[t=0.008580s, 3068 KB] g=12, 68 evaluated, 40 expanded
[t=0.009018s, 3068 KB] New best heuristic value for lmcut: 7
[t=0.009022s, 3068 KB] g=15, 77 evaluated, 44 expanded
[t=0.011368s, 3068 KB] f = 23, 119 evaluated, 72 expanded
[t=0.013818s, 3068 KB] f = 24, 161 evaluated, 99 expanded
[t=0.014274s, 3068 KB] New best heuristic value for lmcut: 6
[t=0.014278s, 3068 KB] g=18, 170 evaluated, 104 expanded
[t=0.019526s, 3068 KB] f = 25, 267 evaluated, 162 expanded
[t=0.021439s, 3068 KB] New best heuristic value for lmcut: 5
[t=0.021445s, 3068 KB] g=20, 311 evaluated, 187 expanded
[t=0.021508s, 3068 KB] New best heuristic value for lmcut: 4
[t=0.021513s, 3068 KB] g=21, 313 evaluated, 188 expanded
[t=0.021598s, 3068 KB] New best heuristic value for lmcut: 3
[t=0.021605s, 3068 KB] g=22, 316 evaluated, 189 expanded
[t=0.021661s, 3088 KB] New best heuristic value for lmcut: 2
[t=0.021669s, 3088 KB] g=23, 318 evaluated, 190 expanded
[t=0.021717s, 3088 KB] New best heuristic value for lmcut: 1
[t=0.021723s, 3088 KB] g=24, 321 evaluated, 191 expanded
[t=0.021779s, 3088 KB] New best heuristic value for lmcut: 0
[t=0.021785s, 3088 KB] g=25, 324 evaluated, 192 expanded
[t=0.021804s, 3088 KB] Solution found!
[t=0.021808s, 3088 KB] Actual search time: 0.017636s
move c41 c51 down (1)
move c51 c52 right (1)
move c52 c53 right (1)
move c53 c54 right (1)
move c54 c55 right (1)
push c55 c45 c35 b2 up (1)
move c45 c55 down (1)
move c55 c56 right (1)
move c56 c57 right (1)
move c57 c47 up (1)
move c47 c37 up (1)
move c37 c36 left (1)
push c36 c35 c34 b2 left (1)
push c35 c34 c33 b2 left (1)
move c34 c35 right (1)
move c35 c36 right (1)
move c36 c37 right (1)
move c37 c27 up (1)
move c27 c17 up (1)
push c17 c16 c15 b1 left (1)
push c16 c15 c14 b1 left (1)
push c15 c14 c13 b1 left (1)
push c14 c13 c12 b1 left (1)
move c13 c23 down (1)
push c23 c33 c43 b2 down (1)
[t=0.021811s, 3088 KB] Plan length: 25 step(s).
[t=0.021811s, 3088 KB] Plan cost: 25
[t=0.021811s, 3088 KB] Expanded 193 state(s).
[t=0.021811s, 3088 KB] Reopened 0 state(s).
[t=0.021811s, 3088 KB] Evaluated 325 state(s).
[t=0.021811s, 3088 KB] Evaluations: 325
[t=0.021811s, 3088 KB] Generated 592 state(s).
[t=0.021811s, 3088 KB] Dead ends: 15 state(s).
[t=0.021811s, 3088 KB] Expanded until last jump: 162 state(s).
[t=0.021811s, 3088 KB] Reopened until last jump: 0 state(s).
[t=0.021811s, 3088 KB] Evaluated until last jump: 267 state(s).
[t=0.021811s, 3088 KB] Generated until last jump: 501 state(s).
[t=0.021811s, 3088 KB] Number of registered states: 325
[t=0.021811s, 3088 KB] Int hash set load factor: 325/512 = 0.634766
[t=0.021811s, 3088 KB] Int hash set resizes: 9
[t=0.021811s, 3088 KB] Search time: 0.017766s
[t=0.021811s, 3088 KB] Total time: 0.021811s
Solution found.
Remove intermediate file output.sas
search exit code: 0


