$ D:\Miniforge3\python.exe C:/Users/user/Desktop/theoria/.worktrees/p13/engine-rig/.toolchain/downward/fast-downward.py --plan-file C:\Users\user\AppData\Local\Temp\e7verify79lov71b\sas_plan C:\Users\user\Desktop\theoria\.worktrees\e7-deadlock-claim\engine-rig\fixtures\data\sokoban_domain.pddl C:\Users\user\Desktop\theoria\.worktrees\e7-deadlock-claim\engine-rig\runs\20260728T150713Z-E7-deadlock-claim-audit\attacks\work\a7\hunt0037\hunt0037.pddl --search eager(tiebreaking([sum([g(),lmcut()]),g()]),reopen_closed=true,f_eval=sum([g(),lmcut()]))

INFO     planner time limit: None
INFO     planner memory limit: None

INFO     Running translator.
INFO     translator stdin: None
INFO     translator time limit: None
INFO     translator memory limit: None
INFO     translator command line string: 'D:\Miniforge3\python.exe' -m translate 'C:\Users\user\Desktop\theoria\.worktrees\e7-deadlock-claim\engine-rig\fixtures\data\sokoban_domain.pddl' 'C:\Users\user\Desktop\theoria\.worktrees\e7-deadlock-claim\engine-rig\runs\20260728T150713Z-E7-deadlock-claim-audit\attacks\work\a7\hunt0037\hunt0037.pddl' --sas-file output.sas
Warning! SIGXCPU is not available on your platform. This means that the planner cannot be gracefully terminated when using a time limit, which, however, is probably supported on your platform anyway.
Parsing...
Parsing: [0.000s CPU, 0.002s wall-clock]
Normalizing task... [0.000s CPU, 0.000s wall-clock]
Instantiating...
Generating Datalog program... [0.000s CPU, 0.000s wall-clock]
Normalizing Datalog program...
Normalizing Datalog program: [0.000s CPU, 0.001s wall-clock]
Preparing model... [0.000s CPU, 0.001s wall-clock]
Generated 20 rules.
Computing model... [0.016s CPU, 0.006s wall-clock]
714 relevant atoms
1124 auxiliary atoms
1838 final queue length
2399 total queue pushes
Completing instantiation... [0.000s CPU, 0.003s wall-clock]
Instantiating: [0.016s CPU, 0.011s wall-clock]
Computing fact groups...
Finding invariants...
7 initial candidates
Finding invariants: [0.000s CPU, 0.001s wall-clock]
Checking invariant weight... [0.000s CPU, 0.000s wall-clock]
Instantiating groups... [0.000s CPU, 0.001s wall-clock]
Collecting mutex groups... [0.000s CPU, 0.000s wall-clock]
Choosing groups...
46 uncovered facts
Choosing groups: [0.000s CPU, 0.000s wall-clock]
Building translation key... [0.000s CPU, 0.000s wall-clock]
Computing fact groups: [0.000s CPU, 0.002s wall-clock]
Building STRIPS to SAS dictionary... [0.000s CPU, 0.000s wall-clock]
Building dictionary for full mutex groups... [0.000s CPU, 0.000s wall-clock]
Building mutex information...
Building mutex information: [0.000s CPU, 0.000s wall-clock]
Translating task...
Processing axioms...
Simplifying axioms... [0.000s CPU, 0.000s wall-clock]
Translator axioms removed by simplifying: 0
Processing axioms: [0.000s CPU, 0.000s wall-clock]
Translating task: [0.000s CPU, 0.004s wall-clock]
392 effect conditions simplified
0 implied preconditions added
Detecting unreachable propositions...
0 operators removed
0 axioms removed
3 propositions removed
Detecting unreachable propositions: [0.016s CPU, 0.002s wall-clock]
Reordering and filtering variables...
49 of 49 variables necessary.
46 of 49 mutex groups necessary.
268 of 268 operators necessary.
0 of 0 axiom rules necessary.
Reordering and filtering variables: [0.000s CPU, 0.002s wall-clock]
Translator variables: 49
Translator derived variables: 0
Translator facts: 191
Translator goal facts: 2
Translator mutex groups: 46
Translator total mutex groups size: 145
Translator operators: 268
Translator axioms: 0
Translator task size: 2367
warning: could not determine peak memory
Writing output... [0.000s CPU, 0.011s wall-clock]
Done! [0.031s CPU, 0.036s wall-clock]
translate exit code: 0

INFO     Running search (release).
INFO     search stdin: output.sas
INFO     search time limit: None
INFO     search memory limit: None
INFO     search command line string: 'C:\Users\user\Desktop\theoria\.worktrees\p13\engine-rig\.toolchain\downward\builds\release\bin\downward.exe' --search 'eager(tiebreaking([sum([g(),lmcut()]),g()]),reopen_closed=true,f_eval=sum([g(),lmcut()]))' --internal-plan-file 'C:\Users\user\AppData\Local\Temp\e7verify79lov71b\sas_plan' < output.sas
[t=0.000118s, 1932 KB] Search code revision: 7120aa0
[t=0.000201s, 1932 KB] reading input...
[t=0.002861s, 2472 KB] done reading input!
[t=0.004100s, 3008 KB] Initializing landmark cut heuristic...
[t=0.004252s, 3112 KB] Initializing landmark cut heuristic...
[t=0.004269s, 3112 KB] Building successor generator... done!
[t=0.004373s, 3164 KB] peak memory difference for successor generator creation: 52 KB
[t=0.004376s, 3164 KB] time for successor generation creation: 0.000096s
[t=0.004382s, 3164 KB] Variables: 49
[t=0.004386s, 3164 KB] FactPairs: 191
[t=0.004389s, 3164 KB] Bytes per state: 8
[t=0.004400s, 3164 KB] Conducting best first search with reopening closed nodes, (real) bound = 2147483647
[t=0.004510s, 3188 KB] New best heuristic value for lmcut: 18
[t=0.004515s, 3188 KB] g=0, 1 evaluated, 0 expanded
[t=0.004593s, 3212 KB] f = 18, 1 evaluated, 0 expanded
[t=0.004601s, 3212 KB] Initial heuristic value for lmcut: 18
[t=0.004604s, 3212 KB] Initial heuristic value for lmcut: 18
[t=0.004606s, 3212 KB] pruning method: none
[t=0.004820s, 3212 KB] f = 19, 3 evaluated, 1 expanded
[t=0.004956s, 3212 KB] New best heuristic value for lmcut: 17
[t=0.004960s, 3212 KB] g=2, 5 evaluated, 2 expanded
[t=0.005357s, 3212 KB] New best heuristic value for lmcut: 16
[t=0.005361s, 3212 KB] g=3, 9 evaluated, 4 expanded
[t=0.005843s, 3224 KB] New best heuristic value for lmcut: 15
[t=0.005848s, 3224 KB] g=4, 14 evaluated, 6 expanded
[t=0.006278s, 3224 KB] New best heuristic value for lmcut: 14
[t=0.006286s, 3224 KB] g=5, 19 evaluated, 8 expanded
[t=0.006709s, 3224 KB] New best heuristic value for lmcut: 13
[t=0.006718s, 3224 KB] g=6, 24 evaluated, 10 expanded
[t=0.007319s, 3224 KB] New best heuristic value for lmcut: 12
[t=0.007327s, 3224 KB] g=7, 31 evaluated, 13 expanded
[t=0.007606s, 3224 KB] f = 20, 33 evaluated, 14 expanded
[t=0.008613s, 3244 KB] New best heuristic value for lmcut: 11
[t=0.008621s, 3244 KB] g=9, 44 evaluated, 21 expanded
[t=0.008887s, 3244 KB] f = 21, 46 evaluated, 22 expanded
[t=0.011362s, 3244 KB] f = 22, 66 evaluated, 38 expanded
[t=0.013701s, 3244 KB] New best heuristic value for lmcut: 9
[t=0.013714s, 3244 KB] g=11, 89 evaluated, 54 expanded
[t=0.013822s, 3244 KB] New best heuristic value for lmcut: 8
[t=0.013831s, 3244 KB] g=12, 90 evaluated, 55 expanded
[t=0.015817s, 3244 KB] New best heuristic value for lmcut: 7
[t=0.015830s, 3244 KB] g=15, 113 evaluated, 69 expanded
[t=0.016347s, 3244 KB] f = 23, 119 evaluated, 72 expanded
[t=0.020492s, 3244 KB] f = 24, 161 evaluated, 99 expanded
[t=0.029346s, 3244 KB] New best heuristic value for lmcut: 6
[t=0.029370s, 3244 KB] g=18, 260 evaluated, 159 expanded
[t=0.029822s, 3244 KB] f = 25, 267 evaluated, 162 expanded
[t=0.036534s, 3244 KB] New best heuristic value for lmcut: 5
[t=0.036543s, 3244 KB] g=20, 342 evaluated, 215 expanded
[t=0.036636s, 3244 KB] New best heuristic value for lmcut: 4
[t=0.036643s, 3244 KB] g=21, 344 evaluated, 216 expanded
[t=0.036757s, 3244 KB] New best heuristic value for lmcut: 3
[t=0.036765s, 3244 KB] g=22, 347 evaluated, 217 expanded
[t=0.036838s, 3244 KB] New best heuristic value for lmcut: 2
[t=0.036845s, 3244 KB] g=23, 349 evaluated, 218 expanded
[t=0.036918s, 3244 KB] New best heuristic value for lmcut: 1
[t=0.036925s, 3244 KB] g=24, 352 evaluated, 219 expanded
[t=0.036991s, 3244 KB] New best heuristic value for lmcut: 0
[t=0.036998s, 3244 KB] g=25, 355 evaluated, 220 expanded
[t=0.037024s, 3244 KB] Solution found!
[t=0.037029s, 3244 KB] Actual search time: 0.032422s
move c41 c51 down (1)
move c51 c52 right (1)
move c52 c53 right (1)
move c53 c54 right (1)
move c54 c55 right (1)
push c55 c45 c35 b2 up (1)
move c45 c55 down (1)
move c55 c56 right (1)
move c56 c57 right (1)
move c57 c47 up (1)
move c47 c37 up (1)
move c37 c36 left (1)
push c36 c35 c34 b2 left (1)
push c35 c34 c33 b2 left (1)
move c34 c35 right (1)
move c35 c36 right (1)
move c36 c37 right (1)
move c37 c27 up (1)
move c27 c17 up (1)
push c17 c16 c15 b1 left (1)
push c16 c15 c14 b1 left (1)
push c15 c14 c13 b1 left (1)
push c14 c13 c12 b1 left (1)
move c13 c23 down (1)
push c23 c33 c43 b2 down (1)
[t=0.037033s, 3244 KB] Plan length: 25 step(s).
[t=0.037033s, 3244 KB] Plan cost: 25
[t=0.037033s, 3244 KB] Expanded 221 state(s).
[t=0.037033s, 3244 KB] Reopened 0 state(s).
[t=0.037033s, 3244 KB] Evaluated 356 state(s).
[t=0.037033s, 3244 KB] Evaluations: 577
[t=0.037033s, 3244 KB] Generated 681 state(s).
[t=0.037033s, 3244 KB] Dead ends: 15 state(s).
[t=0.037033s, 3244 KB] Expanded until last jump: 162 state(s).
[t=0.037033s, 3244 KB] Reopened until last jump: 0 state(s).
[t=0.037033s, 3244 KB] Evaluated until last jump: 267 state(s).
[t=0.037033s, 3244 KB] Generated until last jump: 501 state(s).
[t=0.037033s, 3244 KB] Number of registered states: 356
[t=0.037033s, 3244 KB] Int hash set load factor: 356/512 = 0.695312
[t=0.037033s, 3244 KB] Int hash set resizes: 9
[t=0.037033s, 3244 KB] Search time: 0.032634s
[t=0.037033s, 3244 KB] Total time: 0.037033s
Solution found.
Remove intermediate file output.sas
search exit code: 0


