$ D:\Miniforge3\python.exe C:/Users/user/Desktop/theoria/.worktrees/p13/engine-rig/.toolchain/downward/fast-downward.py --plan-file C:\Users\user\AppData\Local\Temp\e7verifydhe5yulb\sas_plan C:\Users\user\Desktop\theoria\.worktrees\e7-deadlock-claim\engine-rig\runs\20260728T150713Z-E7-deadlock-claim-audit\attacks\work\a7\hunt0021\singleton\sokoban_guarded_singleton_domain.pddl C:\Users\user\Desktop\theoria\.worktrees\e7-deadlock-claim\engine-rig\runs\20260728T150713Z-E7-deadlock-claim-audit\attacks\work\a7\hunt0021\singleton\hunt0021_guarded_singleton.pddl --search eager(tiebreaking([sum([g(),lmcut()]),g()]),reopen_closed=true,f_eval=sum([g(),lmcut()]))

INFO     planner time limit: None
INFO     planner memory limit: None

INFO     Running translator.
INFO     translator stdin: None
INFO     translator time limit: None
INFO     translator memory limit: None
INFO     translator command line string: 'D:\Miniforge3\python.exe' -m translate 'C:\Users\user\Desktop\theoria\.worktrees\e7-deadlock-claim\engine-rig\runs\20260728T150713Z-E7-deadlock-claim-audit\attacks\work\a7\hunt0021\singleton\sokoban_guarded_singleton_domain.pddl' 'C:\Users\user\Desktop\theoria\.worktrees\e7-deadlock-claim\engine-rig\runs\20260728T150713Z-E7-deadlock-claim-audit\attacks\work\a7\hunt0021\singleton\hunt0021_guarded_singleton.pddl' --sas-file output.sas
Warning! SIGXCPU is not available on your platform. This means that the planner cannot be gracefully terminated when using a time limit, which, however, is probably supported on your platform anyway.
Parsing...
Parsing: [0.000s CPU, 0.001s wall-clock]
Normalizing task... [0.000s CPU, 0.000s wall-clock]
Instantiating...
Generating Datalog program... [0.000s CPU, 0.000s wall-clock]
Normalizing Datalog program...
Normalizing Datalog program: [0.000s CPU, 0.001s wall-clock]
Preparing model... [0.000s CPU, 0.000s wall-clock]
Generated 20 rules.
Computing model... [0.000s CPU, 0.004s wall-clock]
367 relevant atoms
502 auxiliary atoms
869 final queue length
1144 total queue pushes
Completing instantiation... [0.000s CPU, 0.002s wall-clock]
Instantiating: [0.000s CPU, 0.007s wall-clock]
Computing fact groups...
Finding invariants...
7 initial candidates
Finding invariants: [0.000s CPU, 0.001s wall-clock]
Checking invariant weight... [0.000s CPU, 0.000s wall-clock]
Instantiating groups... [0.000s CPU, 0.000s wall-clock]
Collecting mutex groups... [0.000s CPU, 0.000s wall-clock]
Choosing groups...
21 uncovered facts
Choosing groups: [0.000s CPU, 0.000s wall-clock]
Building translation key... [0.000s CPU, 0.000s wall-clock]
Computing fact groups: [0.000s CPU, 0.002s wall-clock]
Building STRIPS to SAS dictionary... [0.000s CPU, 0.000s wall-clock]
Building dictionary for full mutex groups... [0.000s CPU, 0.000s wall-clock]
Building mutex information...
Building mutex information: [0.000s CPU, 0.000s wall-clock]
Translating task...
Processing axioms...
Simplifying axioms... [0.000s CPU, 0.000s wall-clock]
Translator axioms removed by simplifying: 0
Processing axioms: [0.000s CPU, 0.000s wall-clock]
Translating task: [0.000s CPU, 0.002s wall-clock]
168 effect conditions simplified
0 implied preconditions added
Detecting unreachable propositions...
0 operators removed
0 axioms removed
14 propositions removed
Detecting unreachable propositions: [0.000s CPU, 0.001s wall-clock]
Reordering and filtering variables...
24 of 24 variables necessary.
21 of 24 mutex groups necessary.
114 of 114 operators necessary.
0 of 0 axiom rules necessary.
Reordering and filtering variables: [0.000s CPU, 0.001s wall-clock]
Translator variables: 24
Translator derived variables: 0
Translator facts: 92
Translator goal facts: 2
Translator mutex groups: 21
Translator total mutex groups size: 71
Translator operators: 114
Translator axioms: 0
Translator task size: 1035
warning: could not determine peak memory
Writing output... [0.000s CPU, 0.010s wall-clock]
Done! [0.016s CPU, 0.024s wall-clock]
translate exit code: 0

INFO     Running search (release).
INFO     search stdin: output.sas
INFO     search time limit: None
INFO     search memory limit: None
INFO     search command line string: 'C:\Users\user\Desktop\theoria\.worktrees\p13\engine-rig\.toolchain\downward\builds\release\bin\downward.exe' --search 'eager(tiebreaking([sum([g(),lmcut()]),g()]),reopen_closed=true,f_eval=sum([g(),lmcut()]))' --internal-plan-file 'C:\Users\user\AppData\Local\Temp\e7verifydhe5yulb\sas_plan' < output.sas
[t=0.000111s, 1940 KB] Search code revision: 7120aa0
[t=0.000191s, 1968 KB] reading input...
[t=0.001383s, 2192 KB] done reading input!
[t=0.002525s, 2836 KB] Initializing landmark cut heuristic...
[t=0.002607s, 2876 KB] Initializing landmark cut heuristic...
[t=0.002624s, 2876 KB] Building successor generator... done!
[t=0.002678s, 2916 KB] peak memory difference for successor generator creation: 40 KB
[t=0.002681s, 2916 KB] time for successor generation creation: 0.000046s
[t=0.002689s, 2916 KB] Variables: 24
[t=0.002692s, 2916 KB] FactPairs: 92
[t=0.002694s, 2916 KB] Bytes per state: 8
[t=0.002707s, 2916 KB] Conducting best first search with reopening closed nodes, (real) bound = 2147483647
[t=0.002784s, 2976 KB] New best heuristic value for lmcut: 18
[t=0.002792s, 2976 KB] g=0, 1 evaluated, 0 expanded
[t=0.002843s, 3112 KB] f = 18, 1 evaluated, 0 expanded
[t=0.002852s, 3112 KB] Initial heuristic value for lmcut: 18
[t=0.002854s, 3112 KB] Initial heuristic value for lmcut: 18
[t=0.002857s, 3112 KB] pruning method: none
[t=0.002920s, 3112 KB] New best heuristic value for lmcut: 17
[t=0.002924s, 3112 KB] g=1, 3 evaluated, 1 expanded
[t=0.003025s, 3124 KB] New best heuristic value for lmcut: 16
[t=0.003029s, 3124 KB] g=2, 6 evaluated, 2 expanded
[t=0.003105s, 3124 KB] f = 19, 7 evaluated, 3 expanded
[t=0.003172s, 3128 KB] f = 20, 8 evaluated, 4 expanded
[t=0.003350s, 3136 KB] f = 21, 12 evaluated, 7 expanded
[t=0.003536s, 3148 KB] New best heuristic value for lmcut: 15
[t=0.003540s, 3148 KB] g=6, 16 evaluated, 11 expanded
[t=0.003620s, 3148 KB] f = 22, 17 evaluated, 12 expanded
[t=0.003671s, 3148 KB] f = 23, 17 evaluated, 14 expanded
[t=0.003772s, 3148 KB] f = 24, 19 evaluated, 16 expanded
[t=0.003930s, 3148 KB] New best heuristic value for lmcut: 14
[t=0.003934s, 3148 KB] g=9, 26 evaluated, 18 expanded
[t=0.004183s, 3148 KB] f = 25, 32 evaluated, 21 expanded
[t=0.004367s, 3148 KB] New best heuristic value for lmcut: 13
[t=0.004372s, 3148 KB] g=11, 36 evaluated, 25 expanded
[t=0.004453s, 3148 KB] f = 26, 37 evaluated, 26 expanded
[t=0.005204s, 3160 KB] f = 27, 54 evaluated, 38 expanded
[t=0.005843s, 3160 KB] f = 28, 66 evaluated, 50 expanded
[t=0.006182s, 3160 KB] New best heuristic value for lmcut: 12
[t=0.006186s, 3160 KB] g=16, 73 evaluated, 57 expanded
[t=0.006259s, 3160 KB] f = 29, 74 evaluated, 58 expanded
[t=0.006850s, 3172 KB] f = 30, 87 evaluated, 67 expanded
[t=0.007447s, 3172 KB] f = 31, 99 evaluated, 76 expanded
[t=0.008818s, 3184 KB] f = 32, 129 evaluated, 97 expanded
[t=0.010204s, 3184 KB] f = 33, 159 evaluated, 119 expanded, 1 reopened
[t=0.011642s, 3184 KB] New best heuristic value for lmcut: 11
[t=0.011647s, 3184 KB] g=22, 192 evaluated, 142 expanded, 1 reopened
[t=0.011753s, 3184 KB] f = 34, 194 evaluated, 143 expanded, 1 reopened
[t=0.013872s, 3184 KB] f = 35, 236 evaluated, 182 expanded, 1 reopened
[t=0.016177s, 3184 KB] New best heuristic value for lmcut: 10
[t=0.016187s, 3184 KB] g=25, 287 evaluated, 220 expanded, 1 reopened
[t=0.016420s, 3184 KB] f = 36, 293 evaluated, 223 expanded, 1 reopened
[t=0.018689s, 3184 KB] f = 37, 343 evaluated, 265 expanded, 1 reopened
[t=0.021138s, 3184 KB] f = 38, 391 evaluated, 315 expanded, 1 reopened
[t=0.021730s, 3184 KB] New best heuristic value for lmcut: 9
[t=0.021735s, 3184 KB] g=28, 407 evaluated, 325 expanded, 1 reopened
[t=0.023809s, 3184 KB] f = 39, 453 evaluated, 367 expanded, 1 reopened
[t=0.026277s, 3184 KB] New best heuristic value for lmcut: 8
[t=0.026283s, 3184 KB] g=30, 502 evaluated, 424 expanded, 1 reopened
[t=0.026826s, 3184 KB] New best heuristic value for lmcut: 7
[t=0.026832s, 3184 KB] g=32, 524 evaluated, 435 expanded, 1 reopened
[t=0.026902s, 3184 KB] f = 40, 527 evaluated, 436 expanded, 1 reopened
[t=0.029070s, 3184 KB] f = 41, 572 evaluated, 488 expanded, 1 reopened
[t=0.031306s, 3184 KB] f = 42, 628 evaluated, 541 expanded, 1 reopened
[t=0.033156s, 3184 KB] f = 43, 674 evaluated, 585 expanded, 1 reopened
[t=0.034854s, 3184 KB] New best heuristic value for lmcut: 6
[t=0.034863s, 3184 KB] g=37, 715 evaluated, 634 expanded, 1 reopened
[t=0.034902s, 3184 KB] New best heuristic value for lmcut: 5
[t=0.034906s, 3184 KB] g=38, 717 evaluated, 635 expanded, 1 reopened
[t=0.034928s, 3184 KB] New best heuristic value for lmcut: 4
[t=0.034933s, 3184 KB] g=39, 718 evaluated, 636 expanded, 1 reopened
[t=0.034977s, 3184 KB] New best heuristic value for lmcut: 3
[t=0.034981s, 3184 KB] g=40, 721 evaluated, 637 expanded, 1 reopened
[t=0.035030s, 3184 KB] f = 44, 722 evaluated, 638 expanded, 1 reopened
[t=0.036884s, 3184 KB] f = 45, 776 evaluated, 684 expanded, 1 reopened
[t=0.039121s, 3184 KB] New best heuristic value for lmcut: 2
[t=0.039129s, 3184 KB] g=43, 843 evaluated, 741 expanded, 1 reopened
[t=0.039183s, 3184 KB] New best heuristic value for lmcut: 1
[t=0.039187s, 3184 KB] g=44, 848 evaluated, 743 expanded, 1 reopened
[t=0.039195s, 3184 KB] New best heuristic value for lmcut: 0
[t=0.039197s, 3184 KB] g=45, 849 evaluated, 744 expanded, 1 reopened
[t=0.039208s, 3184 KB] Solution found!
[t=0.039212s, 3184 KB] Actual search time: 0.036352s
move c22 c12 up (1)
move c12 c13 right (1)
move c13 c14 right (1)
move c14 c15 right (1)
move c15 c25 down (1)
move c25 c35 down (1)
push c35 c34 c33 b2 left (1)
push c34 c33 c32 b2 left (1)
move c33 c43 down (1)
move c43 c42 left (1)
move c42 c41 left (1)
move c41 c31 up (1)
move c31 c21 up (1)
move c21 c22 right (1)
push c22 c32 c42 b2 down (1)
move c32 c31 left (1)
move c31 c41 down (1)
push c41 c42 c43 b2 right (1)
move c42 c32 up (1)
move c32 c22 up (1)
move c22 c12 up (1)
move c12 c13 right (1)
move c13 c14 right (1)
push c14 c24 c34 b1 down (1)
move c24 c25 right (1)
move c25 c35 down (1)
push c35 c34 c33 b1 left (1)
push c34 c33 c32 b1 left (1)
push c33 c43 c53 b2 down (1)
move c43 c42 left (1)
move c42 c41 left (1)
move c41 c31 up (1)
move c31 c21 up (1)
move c21 c22 right (1)
push c22 c32 c42 b1 down (1)
move c32 c31 left (1)
move c31 c41 down (1)
push c41 c42 c43 b1 right (1)
move c42 c52 down (1)
push c52 c53 c54 b2 right (1)
move c53 c52 left (1)
move c52 c42 up (1)
move c42 c32 up (1)
move c32 c33 right (1)
push c33 c43 c53 b1 down (1)
[t=0.039215s, 3184 KB] Plan length: 45 step(s).
[t=0.039215s, 3184 KB] Plan cost: 45
[t=0.039215s, 3184 KB] Expanded 745 state(s).
[t=0.039215s, 3184 KB] Reopened 1 state(s).
[t=0.039215s, 3184 KB] Evaluated 850 state(s).
[t=0.039215s, 3184 KB] Evaluations: 1594
[t=0.039215s, 3184 KB] Generated 2024 state(s).
[t=0.039215s, 3184 KB] Dead ends: 29 state(s).
[t=0.039215s, 3184 KB] Expanded until last jump: 684 state(s).
[t=0.039215s, 3184 KB] Reopened until last jump: 1 state(s).
[t=0.039215s, 3184 KB] Evaluated until last jump: 776 state(s).
[t=0.039215s, 3184 KB] Generated until last jump: 1847 state(s).
[t=0.039215s, 3184 KB] Number of registered states: 850
[t=0.039215s, 3184 KB] Int hash set load factor: 850/1024 = 0.830078
[t=0.039215s, 3184 KB] Int hash set resizes: 10
[t=0.039215s, 3184 KB] Search time: 0.036511s
[t=0.039215s, 3184 KB] Total time: 0.039215s
Solution found.
Remove intermediate file output.sas
search exit code: 0


