$ D:\Miniforge3\python.exe C:/Users/user/Desktop/theoria/.worktrees/p13/engine-rig/.toolchain/downward/fast-downward.py --plan-file C:\Users\user\AppData\Local\Temp\e7verifynpa79zw0\sas_plan C:\Users\user\Desktop\theoria\.worktrees\e7-deadlock-claim\engine-rig\runs\20260728T150713Z-E7-deadlock-claim-audit\attacks\work\a7\hunt0037\singleton\sokoban_guarded_singleton_domain.pddl C:\Users\user\Desktop\theoria\.worktrees\e7-deadlock-claim\engine-rig\runs\20260728T150713Z-E7-deadlock-claim-audit\attacks\work\a7\hunt0037\singleton\hunt0037_guarded_singleton.pddl --search eager(tiebreaking([sum([g(),lmcut()]),g()]),reopen_closed=true,f_eval=sum([g(),lmcut()]))

INFO     planner time limit: None
INFO     planner memory limit: None

INFO     Running translator.
INFO     translator stdin: None
INFO     translator time limit: None
INFO     translator memory limit: None
INFO     translator command line string: 'D:\Miniforge3\python.exe' -m translate 'C:\Users\user\Desktop\theoria\.worktrees\e7-deadlock-claim\engine-rig\runs\20260728T150713Z-E7-deadlock-claim-audit\attacks\work\a7\hunt0037\singleton\sokoban_guarded_singleton_domain.pddl' 'C:\Users\user\Desktop\theoria\.worktrees\e7-deadlock-claim\engine-rig\runs\20260728T150713Z-E7-deadlock-claim-audit\attacks\work\a7\hunt0037\singleton\hunt0037_guarded_singleton.pddl' --sas-file output.sas
Warning! SIGXCPU is not available on your platform. This means that the planner cannot be gracefully terminated when using a time limit, which, however, is probably supported on your platform anyway.
Parsing...
Parsing: [0.000s CPU, 0.002s wall-clock]
Normalizing task... [0.000s CPU, 0.000s wall-clock]
Instantiating...
Generating Datalog program... [0.000s CPU, 0.000s wall-clock]
Normalizing Datalog program...
Normalizing Datalog program: [0.000s CPU, 0.001s wall-clock]
Preparing model... [0.000s CPU, 0.001s wall-clock]
Generated 20 rules.
Computing model... [0.000s CPU, 0.006s wall-clock]
720 relevant atoms
1124 auxiliary atoms
1844 final queue length
2405 total queue pushes
Completing instantiation... [0.016s CPU, 0.004s wall-clock]
Instantiating: [0.016s CPU, 0.011s wall-clock]
Computing fact groups...
Finding invariants...
7 initial candidates
Finding invariants: [0.000s CPU, 0.001s wall-clock]
Checking invariant weight... [0.000s CPU, 0.000s wall-clock]
Instantiating groups... [0.000s CPU, 0.001s wall-clock]
Collecting mutex groups... [0.000s CPU, 0.000s wall-clock]
Choosing groups...
46 uncovered facts
Choosing groups: [0.000s CPU, 0.000s wall-clock]
Building translation key... [0.000s CPU, 0.000s wall-clock]
Computing fact groups: [0.000s CPU, 0.003s wall-clock]
Building STRIPS to SAS dictionary... [0.000s CPU, 0.000s wall-clock]
Building dictionary for full mutex groups... [0.000s CPU, 0.000s wall-clock]
Building mutex information...
Building mutex information: [0.000s CPU, 0.000s wall-clock]
Translating task...
Processing axioms...
Simplifying axioms... [0.000s CPU, 0.000s wall-clock]
Translator axioms removed by simplifying: 0
Processing axioms: [0.000s CPU, 0.000s wall-clock]
Translating task: [0.000s CPU, 0.004s wall-clock]
372 effect conditions simplified
0 implied preconditions added
Detecting unreachable propositions...
0 operators removed
0 axioms removed
9 propositions removed
Detecting unreachable propositions: [0.000s CPU, 0.002s wall-clock]
Reordering and filtering variables...
49 of 49 variables necessary.
46 of 49 mutex groups necessary.
258 of 258 operators necessary.
0 of 0 axiom rules necessary.
Reordering and filtering variables: [0.000s CPU, 0.001s wall-clock]
Translator variables: 49
Translator derived variables: 0
Translator facts: 185
Translator goal facts: 2
Translator mutex groups: 46
Translator total mutex groups size: 139
Translator operators: 258
Translator axioms: 0
Translator task size: 2265
warning: could not determine peak memory
Writing output... [0.016s CPU, 0.011s wall-clock]
Done! [0.031s CPU, 0.036s wall-clock]
translate exit code: 0

INFO     Running search (release).
INFO     search stdin: output.sas
INFO     search time limit: None
INFO     search memory limit: None
INFO     search command line string: 'C:\Users\user\Desktop\theoria\.worktrees\p13\engine-rig\.toolchain\downward\builds\release\bin\downward.exe' --search 'eager(tiebreaking([sum([g(),lmcut()]),g()]),reopen_closed=true,f_eval=sum([g(),lmcut()]))' --internal-plan-file 'C:\Users\user\AppData\Local\Temp\e7verifynpa79zw0\sas_plan' < output.sas
[t=0.000121s, 1956 KB] Search code revision: 7120aa0
[t=0.000202s, 1956 KB] reading input...
[t=0.002709s, 2468 KB] done reading input!
[t=0.003991s, 3056 KB] Initializing landmark cut heuristic...
[t=0.004133s, 3156 KB] Initializing landmark cut heuristic...
[t=0.004151s, 3156 KB] Building successor generator... done!
[t=0.004244s, 3192 KB] peak memory difference for successor generator creation: 36 KB
[t=0.004247s, 3192 KB] time for successor generation creation: 0.000087s
[t=0.004253s, 3192 KB] Variables: 49
[t=0.004255s, 3192 KB] FactPairs: 185
[t=0.004258s, 3192 KB] Bytes per state: 8
[t=0.004271s, 3192 KB] Conducting best first search with reopening closed nodes, (real) bound = 2147483647
[t=0.004386s, 3224 KB] New best heuristic value for lmcut: 18
[t=0.004390s, 3224 KB] g=0, 1 evaluated, 0 expanded
[t=0.004468s, 3236 KB] f = 18, 1 evaluated, 0 expanded
[t=0.004479s, 3248 KB] Initial heuristic value for lmcut: 18
[t=0.004483s, 3248 KB] Initial heuristic value for lmcut: 18
[t=0.004485s, 3248 KB] pruning method: none
[t=0.004625s, 3248 KB] New best heuristic value for lmcut: 17
[t=0.004629s, 3248 KB] g=1, 3 evaluated, 1 expanded
[t=0.004798s, 3248 KB] New best heuristic value for lmcut: 16
[t=0.004802s, 3248 KB] g=2, 5 evaluated, 2 expanded
[t=0.004953s, 3248 KB] New best heuristic value for lmcut: 15
[t=0.004957s, 3248 KB] g=3, 7 evaluated, 3 expanded
[t=0.005247s, 3248 KB] f = 19, 10 evaluated, 4 expanded
[t=0.005938s, 3268 KB] New best heuristic value for lmcut: 14
[t=0.005943s, 3268 KB] g=5, 19 evaluated, 8 expanded
[t=0.006338s, 3268 KB] New best heuristic value for lmcut: 13
[t=0.006343s, 3268 KB] g=6, 24 evaluated, 10 expanded
[t=0.006951s, 3268 KB] New best heuristic value for lmcut: 12
[t=0.006956s, 3268 KB] g=7, 31 evaluated, 13 expanded
[t=0.007220s, 3268 KB] f = 20, 33 evaluated, 14 expanded
[t=0.008516s, 3268 KB] New best heuristic value for lmcut: 11
[t=0.008525s, 3268 KB] g=9, 47 evaluated, 24 expanded
[t=0.008761s, 3268 KB] f = 21, 49 evaluated, 25 expanded
[t=0.010504s, 3268 KB] f = 22, 66 evaluated, 37 expanded
[t=0.012698s, 3268 KB] New best heuristic value for lmcut: 9
[t=0.012706s, 3268 KB] g=11, 89 evaluated, 53 expanded
[t=0.012812s, 3268 KB] New best heuristic value for lmcut: 8
[t=0.012817s, 3268 KB] g=12, 90 evaluated, 54 expanded
[t=0.012967s, 3268 KB] New best heuristic value for lmcut: 7
[t=0.012972s, 3268 KB] g=13, 92 evaluated, 55 expanded
[t=0.015055s, 3268 KB] f = 23, 118 evaluated, 70 expanded
[t=0.018713s, 3272 KB] f = 24, 155 evaluated, 96 expanded
[t=0.026523s, 3272 KB] New best heuristic value for lmcut: 6
[t=0.026533s, 3272 KB] g=18, 248 evaluated, 151 expanded
[t=0.026979s, 3272 KB] f = 25, 255 evaluated, 154 expanded
[t=0.032557s, 3280 KB] New best heuristic value for lmcut: 5
[t=0.032566s, 3280 KB] g=20, 315 evaluated, 200 expanded
[t=0.032656s, 3280 KB] New best heuristic value for lmcut: 4
[t=0.032664s, 3280 KB] g=21, 317 evaluated, 201 expanded
[t=0.032774s, 3280 KB] New best heuristic value for lmcut: 3
[t=0.032782s, 3280 KB] g=22, 320 evaluated, 202 expanded
[t=0.032830s, 3280 KB] New best heuristic value for lmcut: 2
[t=0.032837s, 3280 KB] g=23, 321 evaluated, 203 expanded
[t=0.032925s, 3280 KB] New best heuristic value for lmcut: 1
[t=0.032932s, 3280 KB] g=24, 324 evaluated, 204 expanded
[t=0.033010s, 3300 KB] New best heuristic value for lmcut: 0
[t=0.033015s, 3300 KB] g=25, 327 evaluated, 205 expanded
[t=0.033040s, 3300 KB] Solution found!
[t=0.033045s, 3300 KB] Actual search time: 0.028559s
move c41 c51 down (1)
move c51 c52 right (1)
move c52 c53 right (1)
move c53 c54 right (1)
move c54 c55 right (1)
push c55 c45 c35 b2 up (1)
move c45 c55 down (1)
move c55 c56 right (1)
move c56 c57 right (1)
move c57 c47 up (1)
move c47 c37 up (1)
move c37 c36 left (1)
push c36 c35 c34 b2 left (1)
push c35 c34 c33 b2 left (1)
move c34 c35 right (1)
move c35 c36 right (1)
move c36 c37 right (1)
move c37 c27 up (1)
move c27 c17 up (1)
push c17 c16 c15 b1 left (1)
push c16 c15 c14 b1 left (1)
push c15 c14 c13 b1 left (1)
push c14 c13 c12 b1 left (1)
move c13 c23 down (1)
push c23 c33 c43 b2 down (1)
[t=0.033049s, 3300 KB] Plan length: 25 step(s).
[t=0.033049s, 3300 KB] Plan cost: 25
[t=0.033049s, 3300 KB] Expanded 206 state(s).
[t=0.033049s, 3300 KB] Reopened 0 state(s).
[t=0.033049s, 3300 KB] Evaluated 328 state(s).
[t=0.033049s, 3300 KB] Evaluations: 534
[t=0.033049s, 3300 KB] Generated 626 state(s).
[t=0.033049s, 3300 KB] Dead ends: 4 state(s).
[t=0.033049s, 3300 KB] Expanded until last jump: 154 state(s).
[t=0.033049s, 3300 KB] Reopened until last jump: 0 state(s).
[t=0.033049s, 3300 KB] Evaluated until last jump: 255 state(s).
[t=0.033049s, 3300 KB] Generated until last jump: 474 state(s).
[t=0.033049s, 3300 KB] Number of registered states: 328
[t=0.033049s, 3300 KB] Int hash set load factor: 328/512 = 0.640625
[t=0.033049s, 3300 KB] Int hash set resizes: 9
[t=0.033049s, 3300 KB] Search time: 0.028779s
[t=0.033049s, 3300 KB] Total time: 0.033049s
Solution found.
Remove intermediate file output.sas
search exit code: 0


