$ D:\Miniforge3\python.exe C:/Users/user/Desktop/theoria/.worktrees/p13/engine-rig/.toolchain/downward/fast-downward.py --plan-file C:\Users\user\AppData\Local\Temp\e7verify16y3bb_a\sas_plan C:\Users\user\Desktop\theoria\.worktrees\e7-deadlock-claim\engine-rig\fixtures\data\sokoban_domain.pddl C:\Users\user\Desktop\theoria\.worktrees\e7-deadlock-claim\engine-rig\runs\20260728T150713Z-E7-deadlock-claim-audit\attacks\work\a7\hunt0037\hunt0037.pddl --search eager(tiebreaking([sum([g(),lmcut()]),lmcut()]),reopen_closed=true,f_eval=sum([g(),lmcut()]))

INFO     planner time limit: None
INFO     planner memory limit: None

INFO     Running translator.
INFO     translator stdin: None
INFO     translator time limit: None
INFO     translator memory limit: None
INFO     translator command line string: 'D:\Miniforge3\python.exe' -m translate 'C:\Users\user\Desktop\theoria\.worktrees\e7-deadlock-claim\engine-rig\fixtures\data\sokoban_domain.pddl' 'C:\Users\user\Desktop\theoria\.worktrees\e7-deadlock-claim\engine-rig\runs\20260728T150713Z-E7-deadlock-claim-audit\attacks\work\a7\hunt0037\hunt0037.pddl' --sas-file output.sas
Warning! SIGXCPU is not available on your platform. This means that the planner cannot be gracefully terminated when using a time limit, which, however, is probably supported on your platform anyway.
Parsing...
Parsing: [0.000s CPU, 0.002s wall-clock]
Normalizing task... [0.000s CPU, 0.000s wall-clock]
Instantiating...
Generating Datalog program... [0.000s CPU, 0.000s wall-clock]
Normalizing Datalog program...
Normalizing Datalog program: [0.000s CPU, 0.001s wall-clock]
Preparing model... [0.000s CPU, 0.001s wall-clock]
Generated 20 rules.
Computing model... [0.000s CPU, 0.006s wall-clock]
714 relevant atoms
1124 auxiliary atoms
1838 final queue length
2399 total queue pushes
Completing instantiation... [0.016s CPU, 0.003s wall-clock]
Instantiating: [0.016s CPU, 0.011s wall-clock]
Computing fact groups...
Finding invariants...
7 initial candidates
Finding invariants: [0.000s CPU, 0.001s wall-clock]
Checking invariant weight... [0.000s CPU, 0.000s wall-clock]
Instantiating groups... [0.000s CPU, 0.001s wall-clock]
Collecting mutex groups... [0.000s CPU, 0.000s wall-clock]
Choosing groups...
46 uncovered facts
Choosing groups: [0.000s CPU, 0.000s wall-clock]
Building translation key... [0.000s CPU, 0.000s wall-clock]
Computing fact groups: [0.000s CPU, 0.002s wall-clock]
Building STRIPS to SAS dictionary... [0.000s CPU, 0.000s wall-clock]
Building dictionary for full mutex groups... [0.000s CPU, 0.000s wall-clock]
Building mutex information...
Building mutex information: [0.000s CPU, 0.000s wall-clock]
Translating task...
Processing axioms...
Simplifying axioms... [0.000s CPU, 0.000s wall-clock]
Translator axioms removed by simplifying: 0
Processing axioms: [0.000s CPU, 0.000s wall-clock]
Translating task: [0.000s CPU, 0.004s wall-clock]
392 effect conditions simplified
0 implied preconditions added
Detecting unreachable propositions...
0 operators removed
0 axioms removed
3 propositions removed
Detecting unreachable propositions: [0.000s CPU, 0.002s wall-clock]
Reordering and filtering variables...
49 of 49 variables necessary.
46 of 49 mutex groups necessary.
268 of 268 operators necessary.
0 of 0 axiom rules necessary.
Reordering and filtering variables: [0.000s CPU, 0.002s wall-clock]
Translator variables: 49
Translator derived variables: 0
Translator facts: 191
Translator goal facts: 2
Translator mutex groups: 46
Translator total mutex groups size: 145
Translator operators: 268
Translator axioms: 0
Translator task size: 2367
warning: could not determine peak memory
Writing output... [0.016s CPU, 0.011s wall-clock]
Done! [0.031s CPU, 0.036s wall-clock]
translate exit code: 0

INFO     Running search (release).
INFO     search stdin: output.sas
INFO     search time limit: None
INFO     search memory limit: None
INFO     search command line string: 'C:\Users\user\Desktop\theoria\.worktrees\p13\engine-rig\.toolchain\downward\builds\release\bin\downward.exe' --search 'eager(tiebreaking([sum([g(),lmcut()]),lmcut()]),reopen_closed=true,f_eval=sum([g(),lmcut()]))' --internal-plan-file 'C:\Users\user\AppData\Local\Temp\e7verify16y3bb_a\sas_plan' < output.sas
[t=0.000111s, 1920 KB] Search code revision: 7120aa0
[t=0.000192s, 1920 KB] reading input...
[t=0.002847s, 2448 KB] done reading input!
[t=0.004118s, 3012 KB] Initializing landmark cut heuristic...
[t=0.004266s, 3116 KB] Initializing landmark cut heuristic...
[t=0.004392s, 3216 KB] Initializing landmark cut heuristic...
[t=0.004411s, 3216 KB] Building successor generator... done!
[t=0.004521s, 3276 KB] peak memory difference for successor generator creation: 60 KB
[t=0.004524s, 3276 KB] time for successor generation creation: 0.000102s
[t=0.004530s, 3276 KB] Variables: 49
[t=0.004533s, 3276 KB] FactPairs: 191
[t=0.004535s, 3276 KB] Bytes per state: 8
[t=0.004547s, 3276 KB] Conducting best first search with reopening closed nodes, (real) bound = 2147483647
[t=0.004737s, 3320 KB] New best heuristic value for lmcut: 18
[t=0.004745s, 3320 KB] New best heuristic value for lmcut: 18
[t=0.004748s, 3320 KB] g=0, 1 evaluated, 0 expanded
[t=0.004817s, 3332 KB] f = 18, 1 evaluated, 0 expanded
[t=0.004830s, 3332 KB] Initial heuristic value for lmcut: 18
[t=0.004832s, 3332 KB] Initial heuristic value for lmcut: 18
[t=0.004834s, 3332 KB] Initial heuristic value for lmcut: 18
[t=0.004836s, 3332 KB] pruning method: none
[t=0.005175s, 3332 KB] f = 19, 3 evaluated, 1 expanded
[t=0.005434s, 3352 KB] New best heuristic value for lmcut: 17
[t=0.005439s, 3352 KB] New best heuristic value for lmcut: 17
[t=0.005442s, 3352 KB] g=2, 5 evaluated, 2 expanded
[t=0.005716s, 3352 KB] New best heuristic value for lmcut: 16
[t=0.005721s, 3352 KB] New best heuristic value for lmcut: 16
[t=0.005723s, 3352 KB] g=3, 7 evaluated, 3 expanded
[t=0.006111s, 3352 KB] New best heuristic value for lmcut: 15
[t=0.006119s, 3352 KB] New best heuristic value for lmcut: 15
[t=0.006122s, 3352 KB] g=4, 10 evaluated, 4 expanded
[t=0.006518s, 3352 KB] New best heuristic value for lmcut: 14
[t=0.006526s, 3352 KB] New best heuristic value for lmcut: 14
[t=0.006528s, 3352 KB] g=5, 13 evaluated, 5 expanded
[t=0.006945s, 3352 KB] New best heuristic value for lmcut: 13
[t=0.006951s, 3352 KB] New best heuristic value for lmcut: 13
[t=0.006953s, 3352 KB] g=6, 16 evaluated, 6 expanded
[t=0.009116s, 3352 KB] New best heuristic value for lmcut: 12
[t=0.009127s, 3352 KB] New best heuristic value for lmcut: 12
[t=0.009129s, 3352 KB] g=7, 31 evaluated, 13 expanded
[t=0.009513s, 3352 KB] f = 20, 33 evaluated, 14 expanded
[t=0.009980s, 3352 KB] New best heuristic value for lmcut: 11
[t=0.009988s, 3352 KB] New best heuristic value for lmcut: 11
[t=0.009990s, 3352 KB] g=9, 38 evaluated, 16 expanded
[t=0.011418s, 3352 KB] f = 21, 46 evaluated, 22 expanded
[t=0.014905s, 3352 KB] f = 22, 66 evaluated, 38 expanded
[t=0.015026s, 3352 KB] New best heuristic value for lmcut: 9
[t=0.015034s, 3352 KB] New best heuristic value for lmcut: 9
[t=0.015036s, 3352 KB] g=11, 67 evaluated, 39 expanded
[t=0.015192s, 3352 KB] New best heuristic value for lmcut: 8
[t=0.015201s, 3352 KB] New best heuristic value for lmcut: 8
[t=0.015203s, 3352 KB] g=12, 68 evaluated, 40 expanded
[t=0.016181s, 3372 KB] New best heuristic value for lmcut: 7
[t=0.016187s, 3372 KB] New best heuristic value for lmcut: 7
[t=0.016189s, 3372 KB] g=15, 77 evaluated, 44 expanded
[t=0.022134s, 3372 KB] f = 23, 119 evaluated, 72 expanded
[t=0.028243s, 3372 KB] f = 24, 161 evaluated, 99 expanded
[t=0.029184s, 3372 KB] New best heuristic value for lmcut: 6
[t=0.029191s, 3372 KB] New best heuristic value for lmcut: 6
[t=0.029193s, 3372 KB] g=18, 170 evaluated, 104 expanded
[t=0.042535s, 3372 KB] f = 25, 267 evaluated, 162 expanded
[t=0.047102s, 3372 KB] New best heuristic value for lmcut: 5
[t=0.047113s, 3372 KB] New best heuristic value for lmcut: 5
[t=0.047116s, 3372 KB] g=20, 311 evaluated, 187 expanded
[t=0.047242s, 3372 KB] New best heuristic value for lmcut: 4
[t=0.047249s, 3372 KB] New best heuristic value for lmcut: 4
[t=0.047252s, 3372 KB] g=21, 313 evaluated, 188 expanded
[t=0.047418s, 3372 KB] New best heuristic value for lmcut: 3
[t=0.047426s, 3372 KB] New best heuristic value for lmcut: 3
[t=0.047428s, 3372 KB] g=22, 316 evaluated, 189 expanded
[t=0.047529s, 3372 KB] New best heuristic value for lmcut: 2
[t=0.047536s, 3372 KB] New best heuristic value for lmcut: 2
[t=0.047538s, 3372 KB] g=23, 318 evaluated, 190 expanded
[t=0.047630s, 3372 KB] New best heuristic value for lmcut: 1
[t=0.047635s, 3372 KB] New best heuristic value for lmcut: 1
[t=0.047637s, 3372 KB] g=24, 321 evaluated, 191 expanded
[t=0.047937s, 3372 KB] New best heuristic value for lmcut: 0
[t=0.047954s, 3372 KB] New best heuristic value for lmcut: 0
[t=0.047958s, 3372 KB] g=25, 324 evaluated, 192 expanded
[t=0.048003s, 3372 KB] Solution found!
[t=0.048009s, 3372 KB] Actual search time: 0.043172s
move c41 c51 down (1)
move c51 c52 right (1)
move c52 c53 right (1)
move c53 c54 right (1)
move c54 c55 right (1)
push c55 c45 c35 b2 up (1)
move c45 c55 down (1)
move c55 c56 right (1)
move c56 c57 right (1)
move c57 c47 up (1)
move c47 c37 up (1)
move c37 c36 left (1)
push c36 c35 c34 b2 left (1)
push c35 c34 c33 b2 left (1)
move c34 c35 right (1)
move c35 c36 right (1)
move c36 c37 right (1)
move c37 c27 up (1)
move c27 c17 up (1)
push c17 c16 c15 b1 left (1)
push c16 c15 c14 b1 left (1)
push c15 c14 c13 b1 left (1)
push c14 c13 c12 b1 left (1)
move c13 c23 down (1)
push c23 c33 c43 b2 down (1)
[t=0.048013s, 3372 KB] Plan length: 25 step(s).
[t=0.048013s, 3372 KB] Plan cost: 25
[t=0.048013s, 3372 KB] Expanded 193 state(s).
[t=0.048013s, 3372 KB] Reopened 0 state(s).
[t=0.048013s, 3372 KB] Evaluated 325 state(s).
[t=0.048013s, 3372 KB] Evaluations: 828
[t=0.048013s, 3372 KB] Generated 592 state(s).
[t=0.048013s, 3372 KB] Dead ends: 15 state(s).
[t=0.048013s, 3372 KB] Expanded until last jump: 162 state(s).
[t=0.048013s, 3372 KB] Reopened until last jump: 0 state(s).
[t=0.048013s, 3372 KB] Evaluated until last jump: 267 state(s).
[t=0.048013s, 3372 KB] Generated until last jump: 501 state(s).
[t=0.048013s, 3372 KB] Number of registered states: 325
[t=0.048013s, 3372 KB] Int hash set load factor: 325/512 = 0.634766
[t=0.048013s, 3372 KB] Int hash set resizes: 9
[t=0.048013s, 3372 KB] Search time: 0.043468s
[t=0.048013s, 3372 KB] Total time: 0.048013s
Solution found.
Remove intermediate file output.sas
search exit code: 0


