$ D:\Miniforge3\python.exe C:/Users/user/Desktop/theoria/.worktrees/p13/engine-rig/.toolchain/downward/fast-downward.py --plan-file C:\Users\user\AppData\Local\Temp\e7verifyiowg2ffo\sas_plan C:\Users\user\Desktop\theoria\.worktrees\e7-deadlock-claim\engine-rig\runs\20260728T150713Z-E7-deadlock-claim-audit\attacks\work\a7\hunt0070\singleton\sokoban_guarded_singleton_domain.pddl C:\Users\user\Desktop\theoria\.worktrees\e7-deadlock-claim\engine-rig\runs\20260728T150713Z-E7-deadlock-claim-audit\attacks\work\a7\hunt0070\singleton\hunt0070_guarded_singleton.pddl --search eager(tiebreaking([sum([g(),lmcut()]),g()]),reopen_closed=true,f_eval=sum([g(),lmcut()]))

INFO     planner time limit: None
INFO     planner memory limit: None

INFO     Running translator.
INFO     translator stdin: None
INFO     translator time limit: None
INFO     translator memory limit: None
INFO     translator command line string: 'D:\Miniforge3\python.exe' -m translate 'C:\Users\user\Desktop\theoria\.worktrees\e7-deadlock-claim\engine-rig\runs\20260728T150713Z-E7-deadlock-claim-audit\attacks\work\a7\hunt0070\singleton\sokoban_guarded_singleton_domain.pddl' 'C:\Users\user\Desktop\theoria\.worktrees\e7-deadlock-claim\engine-rig\runs\20260728T150713Z-E7-deadlock-claim-audit\attacks\work\a7\hunt0070\singleton\hunt0070_guarded_singleton.pddl' --sas-file output.sas
Warning! SIGXCPU is not available on your platform. This means that the planner cannot be gracefully terminated when using a time limit, which, however, is probably supported on your platform anyway.
Parsing...
Parsing: [0.016s CPU, 0.002s wall-clock]
Normalizing task... [0.000s CPU, 0.000s wall-clock]
Instantiating...
Generating Datalog program... [0.000s CPU, 0.000s wall-clock]
Normalizing Datalog program...
Normalizing Datalog program: [0.000s CPU, 0.001s wall-clock]
Preparing model... [0.000s CPU, 0.000s wall-clock]
Generated 20 rules.
Computing model... [0.000s CPU, 0.005s wall-clock]
626 relevant atoms
862 auxiliary atoms
1488 final queue length
2065 total queue pushes
Completing instantiation... [0.000s CPU, 0.003s wall-clock]
Instantiating: [0.000s CPU, 0.011s wall-clock]
Computing fact groups...
Finding invariants...
7 initial candidates
Finding invariants: [0.000s CPU, 0.001s wall-clock]
Checking invariant weight... [0.000s CPU, 0.000s wall-clock]
Instantiating groups... [0.000s CPU, 0.001s wall-clock]
Collecting mutex groups... [0.000s CPU, 0.000s wall-clock]
Choosing groups...
33 uncovered facts
Choosing groups: [0.000s CPU, 0.000s wall-clock]
Building translation key... [0.000s CPU, 0.000s wall-clock]
Computing fact groups: [0.000s CPU, 0.002s wall-clock]
Building STRIPS to SAS dictionary... [0.000s CPU, 0.000s wall-clock]
Building dictionary for full mutex groups... [0.000s CPU, 0.000s wall-clock]
Building mutex information...
Building mutex information: [0.000s CPU, 0.000s wall-clock]
Translating task...
Processing axioms...
Simplifying axioms... [0.000s CPU, 0.000s wall-clock]
Translator axioms removed by simplifying: 0
Processing axioms: [0.000s CPU, 0.000s wall-clock]
Translating task: [0.016s CPU, 0.004s wall-clock]
372 effect conditions simplified
0 implied preconditions added
Detecting unreachable propositions...
0 operators removed
0 axioms removed
15 propositions removed
Detecting unreachable propositions: [0.000s CPU, 0.002s wall-clock]
Reordering and filtering variables...
36 of 36 variables necessary.
33 of 36 mutex groups necessary.
238 of 238 operators necessary.
0 of 0 axiom rules necessary.
Reordering and filtering variables: [0.000s CPU, 0.001s wall-clock]
Translator variables: 36
Translator derived variables: 0
Translator facts: 153
Translator goal facts: 2
Translator mutex groups: 33
Translator total mutex groups size: 120
Translator operators: 238
Translator axioms: 0
Translator task size: 2141
warning: could not determine peak memory
Writing output... [0.000s CPU, 0.011s wall-clock]
Done! [0.031s CPU, 0.034s wall-clock]
translate exit code: 0

INFO     Running search (release).
INFO     search stdin: output.sas
INFO     search time limit: None
INFO     search memory limit: None
INFO     search command line string: 'C:\Users\user\Desktop\theoria\.worktrees\p13\engine-rig\.toolchain\downward\builds\release\bin\downward.exe' --search 'eager(tiebreaking([sum([g(),lmcut()]),g()]),reopen_closed=true,f_eval=sum([g(),lmcut()]))' --internal-plan-file 'C:\Users\user\AppData\Local\Temp\e7verifyiowg2ffo\sas_plan' < output.sas
[t=0.000106s, 1860 KB] Search code revision: 7120aa0
[t=0.000188s, 1884 KB] reading input...
[t=0.002551s, 2420 KB] done reading input!
[t=0.003793s, 3008 KB] Initializing landmark cut heuristic...
[t=0.003926s, 3080 KB] Initializing landmark cut heuristic...
[t=0.003943s, 3080 KB] Building successor generator... done!
[t=0.004026s, 3112 KB] peak memory difference for successor generator creation: 32 KB
[t=0.004029s, 3112 KB] time for successor generation creation: 0.000077s
[t=0.004034s, 3112 KB] Variables: 36
[t=0.004037s, 3112 KB] FactPairs: 153
[t=0.004041s, 3112 KB] Bytes per state: 8
[t=0.004053s, 3112 KB] Conducting best first search with reopening closed nodes, (real) bound = 2147483647
[t=0.004145s, 3144 KB] New best heuristic value for lmcut: 14
[t=0.004149s, 3144 KB] g=0, 1 evaluated, 0 expanded
[t=0.004201s, 3144 KB] f = 14, 1 evaluated, 0 expanded
[t=0.004213s, 3156 KB] Initial heuristic value for lmcut: 14
[t=0.004215s, 3156 KB] Initial heuristic value for lmcut: 14
[t=0.004217s, 3156 KB] pruning method: none
[t=0.004376s, 3156 KB] New best heuristic value for lmcut: 13
[t=0.004380s, 3156 KB] g=1, 4 evaluated, 1 expanded
[t=0.004556s, 3156 KB] New best heuristic value for lmcut: 12
[t=0.004560s, 3156 KB] g=2, 7 evaluated, 2 expanded
[t=0.004640s, 3156 KB] New best heuristic value for lmcut: 11
[t=0.004644s, 3156 KB] g=3, 8 evaluated, 3 expanded
[t=0.004821s, 3156 KB] New best heuristic value for lmcut: 10
[t=0.004825s, 3156 KB] g=4, 11 evaluated, 4 expanded
[t=0.005056s, 3156 KB] f = 15, 14 evaluated, 5 expanded
[t=0.005773s, 3156 KB] f = 16, 24 evaluated, 11 expanded
[t=0.006370s, 3156 KB] New best heuristic value for lmcut: 9
[t=0.006376s, 3156 KB] g=7, 32 evaluated, 18 expanded
[t=0.006569s, 3156 KB] New best heuristic value for lmcut: 8
[t=0.006573s, 3156 KB] g=8, 36 evaluated, 20 expanded
[t=0.006801s, 3176 KB] f = 17, 39 evaluated, 21 expanded
[t=0.009341s, 3176 KB] New best heuristic value for lmcut: 7
[t=0.009366s, 3176 KB] g=10, 74 evaluated, 42 expanded
[t=0.009494s, 3176 KB] New best heuristic value for lmcut: 6
[t=0.009506s, 3176 KB] g=10, 76 evaluated, 43 expanded
[t=0.009741s, 3176 KB] f = 18, 82 evaluated, 45 expanded
[t=0.012820s, 3196 KB] f = 19, 129 evaluated, 71 expanded
[t=0.016724s, 3196 KB] New best heuristic value for lmcut: 5
[t=0.016738s, 3196 KB] g=14, 193 evaluated, 106 expanded
[t=0.016901s, 3196 KB] New best heuristic value for lmcut: 4
[t=0.016907s, 3196 KB] g=15, 197 evaluated, 107 expanded
[t=0.017095s, 3196 KB] f = 20, 201 evaluated, 108 expanded
[t=0.023593s, 3196 KB] New best heuristic value for lmcut: 3
[t=0.023605s, 3196 KB] g=17, 319 evaluated, 171 expanded
[t=0.023765s, 3196 KB] New best heuristic value for lmcut: 2
[t=0.023770s, 3196 KB] g=18, 326 evaluated, 173 expanded
[t=0.023827s, 3196 KB] New best heuristic value for lmcut: 1
[t=0.023831s, 3196 KB] g=19, 329 evaluated, 174 expanded
[t=0.023876s, 3196 KB] New best heuristic value for lmcut: 0
[t=0.023880s, 3196 KB] g=20, 332 evaluated, 175 expanded
[t=0.023886s, 3196 KB] Solution found!
[t=0.023890s, 3196 KB] Actual search time: 0.019671s
move c53 c43 up (1)
move c43 c33 up (1)
move c33 c32 left (1)
push c32 c22 c12 b1 up (1)
move c22 c21 left (1)
move c21 c11 up (1)
push c11 c12 c13 b1 right (1)
push c12 c13 c14 b1 right (1)
push c13 c14 c15 b1 right (1)
move c14 c24 down (1)
move c24 c34 down (1)
move c34 c35 right (1)
move c35 c36 right (1)
move c36 c26 up (1)
push c26 c25 c24 b2 left (1)
push c25 c24 c23 b2 left (1)
push c24 c23 c22 b2 left (1)
move c23 c13 up (1)
move c13 c12 left (1)
push c12 c22 c32 b2 down (1)
[t=0.023894s, 3196 KB] Plan length: 20 step(s).
[t=0.023894s, 3196 KB] Plan cost: 20
[t=0.023894s, 3196 KB] Expanded 176 state(s).
[t=0.023894s, 3196 KB] Reopened 0 state(s).
[t=0.023894s, 3196 KB] Evaluated 332 state(s).
[t=0.023894s, 3196 KB] Evaluations: 508
[t=0.023894s, 3196 KB] Generated 569 state(s).
[t=0.023894s, 3196 KB] Dead ends: 19 state(s).
[t=0.023894s, 3196 KB] Expanded until last jump: 108 state(s).
[t=0.023894s, 3196 KB] Reopened until last jump: 0 state(s).
[t=0.023894s, 3196 KB] Evaluated until last jump: 201 state(s).
[t=0.023894s, 3196 KB] Generated until last jump: 347 state(s).
[t=0.023894s, 3196 KB] Number of registered states: 332
[t=0.023894s, 3196 KB] Int hash set load factor: 332/512 = 0.648438
[t=0.023894s, 3196 KB] Int hash set resizes: 9
[t=0.023894s, 3196 KB] Search time: 0.019842s
[t=0.023894s, 3196 KB] Total time: 0.023894s
Solution found.
Remove intermediate file output.sas
search exit code: 0


