$ D:\Miniforge3\python.exe C:/Users/user/Desktop/theoria/.worktrees/p13/engine-rig/.toolchain/downward/fast-downward.py --plan-file C:\Users\user\AppData\Local\Temp\e7verify8i1zzpp8\sas_plan C:\Users\user\Desktop\theoria\.worktrees\e7-deadlock-claim\engine-rig\fixtures\data\sokoban_domain.pddl C:\Users\user\Desktop\theoria\.worktrees\e7-deadlock-claim\engine-rig\runs\20260728T150713Z-E7-deadlock-claim-audit\attacks\work\a7\hunt0021\hunt0021.pddl --search eager(tiebreaking([sum([g(),lmcut()]),g()]),reopen_closed=true,f_eval=sum([g(),lmcut()]))

INFO     planner time limit: None
INFO     planner memory limit: None

INFO     Running translator.
INFO     translator stdin: None
INFO     translator time limit: None
INFO     translator memory limit: None
INFO     translator command line string: 'D:\Miniforge3\python.exe' -m translate 'C:\Users\user\Desktop\theoria\.worktrees\e7-deadlock-claim\engine-rig\fixtures\data\sokoban_domain.pddl' 'C:\Users\user\Desktop\theoria\.worktrees\e7-deadlock-claim\engine-rig\runs\20260728T150713Z-E7-deadlock-claim-audit\attacks\work\a7\hunt0021\hunt0021.pddl' --sas-file output.sas
Warning! SIGXCPU is not available on your platform. This means that the planner cannot be gracefully terminated when using a time limit, which, however, is probably supported on your platform anyway.
Parsing...
Parsing: [0.000s CPU, 0.001s wall-clock]
Normalizing task... [0.000s CPU, 0.000s wall-clock]
Instantiating...
Generating Datalog program... [0.000s CPU, 0.000s wall-clock]
Normalizing Datalog program...
Normalizing Datalog program: [0.000s CPU, 0.001s wall-clock]
Preparing model... [0.000s CPU, 0.000s wall-clock]
Generated 20 rules.
Computing model... [0.000s CPU, 0.004s wall-clock]
356 relevant atoms
502 auxiliary atoms
858 final queue length
1133 total queue pushes
Completing instantiation... [0.016s CPU, 0.002s wall-clock]
Instantiating: [0.016s CPU, 0.007s wall-clock]
Computing fact groups...
Finding invariants...
7 initial candidates
Finding invariants: [0.000s CPU, 0.001s wall-clock]
Checking invariant weight... [0.000s CPU, 0.000s wall-clock]
Instantiating groups... [0.000s CPU, 0.000s wall-clock]
Collecting mutex groups... [0.000s CPU, 0.000s wall-clock]
Choosing groups...
21 uncovered facts
Choosing groups: [0.000s CPU, 0.000s wall-clock]
Building translation key... [0.000s CPU, 0.000s wall-clock]
Computing fact groups: [0.000s CPU, 0.002s wall-clock]
Building STRIPS to SAS dictionary... [0.000s CPU, 0.000s wall-clock]
Building dictionary for full mutex groups... [0.000s CPU, 0.000s wall-clock]
Building mutex information...
Building mutex information: [0.000s CPU, 0.000s wall-clock]
Translating task...
Processing axioms...
Simplifying axioms... [0.000s CPU, 0.000s wall-clock]
Translator axioms removed by simplifying: 0
Processing axioms: [0.000s CPU, 0.000s wall-clock]
Translating task: [0.000s CPU, 0.002s wall-clock]
204 effect conditions simplified
0 implied preconditions added
Detecting unreachable propositions...
0 operators removed
0 axioms removed
3 propositions removed
Detecting unreachable propositions: [0.000s CPU, 0.001s wall-clock]
Reordering and filtering variables...
24 of 24 variables necessary.
21 of 24 mutex groups necessary.
132 of 132 operators necessary.
0 of 0 axiom rules necessary.
Reordering and filtering variables: [0.000s CPU, 0.001s wall-clock]
Translator variables: 24
Translator derived variables: 0
Translator facts: 103
Translator goal facts: 2
Translator mutex groups: 21
Translator total mutex groups size: 82
Translator operators: 132
Translator axioms: 0
Translator task size: 1219
warning: could not determine peak memory
Writing output... [0.000s CPU, 0.010s wall-clock]
Done! [0.016s CPU, 0.025s wall-clock]
translate exit code: 0

INFO     Running search (release).
INFO     search stdin: output.sas
INFO     search time limit: None
INFO     search memory limit: None
INFO     search command line string: 'C:\Users\user\Desktop\theoria\.worktrees\p13\engine-rig\.toolchain\downward\builds\release\bin\downward.exe' --search 'eager(tiebreaking([sum([g(),lmcut()]),g()]),reopen_closed=true,f_eval=sum([g(),lmcut()]))' --internal-plan-file 'C:\Users\user\AppData\Local\Temp\e7verify8i1zzpp8\sas_plan' < output.sas
[t=0.000113s, 1932 KB] Search code revision: 7120aa0
[t=0.000194s, 1952 KB] reading input...
[t=0.001556s, 2188 KB] done reading input!
[t=0.002782s, 2920 KB] Initializing landmark cut heuristic...
[t=0.002902s, 3120 KB] Initializing landmark cut heuristic...
[t=0.002920s, 3120 KB] Building successor generator... done!
[t=0.002979s, 3128 KB] peak memory difference for successor generator creation: 8 KB
[t=0.002983s, 3128 KB] time for successor generation creation: 0.000051s
[t=0.002991s, 3128 KB] Variables: 24
[t=0.002994s, 3128 KB] FactPairs: 103
[t=0.002996s, 3128 KB] Bytes per state: 8
[t=0.003008s, 3128 KB] Conducting best first search with reopening closed nodes, (real) bound = 2147483647
[t=0.003074s, 3152 KB] New best heuristic value for lmcut: 15
[t=0.003079s, 3152 KB] g=0, 1 evaluated, 0 expanded
[t=0.003117s, 3156 KB] f = 15, 1 evaluated, 0 expanded
[t=0.003129s, 3168 KB] Initial heuristic value for lmcut: 15
[t=0.003132s, 3168 KB] Initial heuristic value for lmcut: 15
[t=0.003134s, 3168 KB] pruning method: none
[t=0.003260s, 3168 KB] f = 17, 4 evaluated, 1 expanded
[t=0.003505s, 3168 KB] f = 18, 9 evaluated, 4 expanded
[t=0.003777s, 3192 KB] f = 19, 14 evaluated, 9 expanded
[t=0.003969s, 3192 KB] f = 20, 17 evaluated, 12 expanded
[t=0.004070s, 3192 KB] f = 21, 18 evaluated, 14 expanded
[t=0.004291s, 3192 KB] f = 23, 21 evaluated, 18 expanded
[t=0.004331s, 3192 KB] f = 24, 21 evaluated, 19 expanded
[t=0.004528s, 3192 KB] New best heuristic value for lmcut: 14
[t=0.004532s, 3192 KB] g=9, 28 evaluated, 21 expanded
[t=0.004816s, 3192 KB] f = 25, 34 evaluated, 24 expanded
[t=0.005033s, 3192 KB] New best heuristic value for lmcut: 13
[t=0.005038s, 3192 KB] g=11, 39 evaluated, 27 expanded
[t=0.005240s, 3192 KB] f = 26, 43 evaluated, 29 expanded
[t=0.006000s, 3192 KB] f = 27, 57 evaluated, 40 expanded
[t=0.006653s, 3192 KB] f = 28, 67 evaluated, 51 expanded
[t=0.007038s, 3192 KB] New best heuristic value for lmcut: 12
[t=0.007044s, 3192 KB] g=16, 74 evaluated, 57 expanded
[t=0.007249s, 3192 KB] f = 29, 76 evaluated, 59 expanded
[t=0.008039s, 3192 KB] f = 30, 94 evaluated, 69 expanded
[t=0.008987s, 3192 KB] f = 31, 109 evaluated, 83 expanded
[t=0.010270s, 3212 KB] f = 32, 135 evaluated, 99 expanded
[t=0.012037s, 3212 KB] f = 33, 169 evaluated, 123 expanded, 1 reopened
[t=0.013463s, 3212 KB] New best heuristic value for lmcut: 11
[t=0.013473s, 3212 KB] g=22, 196 evaluated, 144 expanded, 1 reopened
[t=0.013598s, 3212 KB] f = 34, 198 evaluated, 145 expanded, 1 reopened
[t=0.015881s, 3212 KB] f = 35, 238 evaluated, 181 expanded, 1 reopened
[t=0.018593s, 3212 KB] f = 36, 297 evaluated, 215 expanded, 1 reopened
[t=0.020560s, 3212 KB] New best heuristic value for lmcut: 10
[t=0.020567s, 3212 KB] g=24, 332 evaluated, 246 expanded, 1 reopened
[t=0.021935s, 3212 KB] f = 37, 365 evaluated, 265 expanded, 1 reopened
[t=0.025852s, 3212 KB] New best heuristic value for lmcut: 9
[t=0.025873s, 3212 KB] g=28, 436 evaluated, 331 expanded, 1 reopened
[t=0.025981s, 3212 KB] f = 38, 439 evaluated, 332 expanded, 1 reopened
[t=0.029020s, 3212 KB] f = 39, 497 evaluated, 382 expanded, 1 reopened
[t=0.031629s, 3212 KB] New best heuristic value for lmcut: 8
[t=0.031640s, 3212 KB] g=30, 536 evaluated, 433 expanded, 1 reopened
[t=0.032249s, 3212 KB] New best heuristic value for lmcut: 7
[t=0.032257s, 3212 KB] g=32, 558 evaluated, 444 expanded, 1 reopened
[t=0.032340s, 3212 KB] f = 40, 561 evaluated, 445 expanded, 1 reopened
[t=0.035327s, 3212 KB] f = 41, 611 evaluated, 505 expanded, 1 reopened
[t=0.037839s, 3212 KB] f = 42, 666 evaluated, 557 expanded, 1 reopened
[t=0.040263s, 3212 KB] f = 43, 708 evaluated, 604 expanded, 1 reopened
[t=0.042218s, 3212 KB] New best heuristic value for lmcut: 6
[t=0.042230s, 3212 KB] g=37, 752 evaluated, 647 expanded, 1 reopened
[t=0.042345s, 3212 KB] New best heuristic value for lmcut: 5
[t=0.042352s, 3212 KB] g=38, 756 evaluated, 649 expanded, 1 reopened
[t=0.042390s, 3212 KB] New best heuristic value for lmcut: 4
[t=0.042395s, 3212 KB] g=39, 758 evaluated, 650 expanded, 1 reopened
[t=0.042434s, 3212 KB] New best heuristic value for lmcut: 3
[t=0.042441s, 3212 KB] g=40, 760 evaluated, 651 expanded, 1 reopened
[t=0.042505s, 3212 KB] f = 44, 761 evaluated, 652 expanded, 1 reopened
[t=0.044633s, 3212 KB] f = 45, 815 evaluated, 696 expanded, 1 reopened
[t=0.046961s, 3212 KB] New best heuristic value for lmcut: 2
[t=0.046973s, 3212 KB] g=43, 883 evaluated, 746 expanded, 1 reopened
[t=0.047034s, 3212 KB] New best heuristic value for lmcut: 1
[t=0.047038s, 3212 KB] g=44, 888 evaluated, 748 expanded, 1 reopened
[t=0.047047s, 3212 KB] New best heuristic value for lmcut: 0
[t=0.047050s, 3212 KB] g=45, 889 evaluated, 749 expanded, 1 reopened
[t=0.047076s, 3232 KB] Solution found!
[t=0.047083s, 3232 KB] Actual search time: 0.043948s
move c22 c12 up (1)
move c12 c13 right (1)
move c13 c14 right (1)
move c14 c15 right (1)
move c15 c25 down (1)
move c25 c35 down (1)
push c35 c34 c33 b2 left (1)
push c34 c33 c32 b2 left (1)
move c33 c43 down (1)
move c43 c42 left (1)
move c42 c41 left (1)
move c41 c31 up (1)
move c31 c21 up (1)
move c21 c22 right (1)
push c22 c32 c42 b2 down (1)
move c32 c31 left (1)
move c31 c41 down (1)
push c41 c42 c43 b2 right (1)
move c42 c32 up (1)
move c32 c22 up (1)
move c22 c12 up (1)
move c12 c13 right (1)
move c13 c14 right (1)
push c14 c24 c34 b1 down (1)
move c24 c25 right (1)
move c25 c35 down (1)
push c35 c34 c33 b1 left (1)
push c34 c33 c32 b1 left (1)
push c33 c43 c53 b2 down (1)
move c43 c42 left (1)
move c42 c41 left (1)
move c41 c31 up (1)
move c31 c21 up (1)
move c21 c22 right (1)
push c22 c32 c42 b1 down (1)
move c32 c31 left (1)
move c31 c41 down (1)
push c41 c42 c43 b1 right (1)
move c42 c52 down (1)
push c52 c53 c54 b2 right (1)
move c53 c52 left (1)
move c52 c42 up (1)
move c42 c32 up (1)
move c32 c33 right (1)
push c33 c43 c53 b1 down (1)
[t=0.047087s, 3232 KB] Plan length: 45 step(s).
[t=0.047087s, 3232 KB] Plan cost: 45
[t=0.047087s, 3232 KB] Expanded 750 state(s).
[t=0.047087s, 3232 KB] Reopened 1 state(s).
[t=0.047087s, 3232 KB] Evaluated 890 state(s).
[t=0.047087s, 3232 KB] Evaluations: 1639
[t=0.047087s, 3232 KB] Generated 2071 state(s).
[t=0.047087s, 3232 KB] Dead ends: 62 state(s).
[t=0.047087s, 3232 KB] Expanded until last jump: 696 state(s).
[t=0.047087s, 3232 KB] Reopened until last jump: 1 state(s).
[t=0.047087s, 3232 KB] Evaluated until last jump: 815 state(s).
[t=0.047087s, 3232 KB] Generated until last jump: 1908 state(s).
[t=0.047087s, 3232 KB] Number of registered states: 890
[t=0.047087s, 3232 KB] Int hash set load factor: 890/1024 = 0.869141
[t=0.047087s, 3232 KB] Int hash set resizes: 10
[t=0.047087s, 3232 KB] Search time: 0.044081s
[t=0.047087s, 3232 KB] Total time: 0.047087s
Solution found.
Remove intermediate file output.sas
search exit code: 0


