$ D:\Miniforge3\python.exe C:/Users/user/Desktop/theoria/.worktrees/p13/engine-rig/.toolchain/downward/fast-downward.py --plan-file C:\Users\user\AppData\Local\Temp\e7verifyalvwmu7z\sas_plan C:\Users\user\Desktop\theoria\.worktrees\e7-deadlock-claim\engine-rig\fixtures\data\sokoban_domain.pddl C:\Users\user\Desktop\theoria\.worktrees\e7-deadlock-claim\engine-rig\runs\20260728T150713Z-E7-deadlock-claim-audit\attacks\work\a2\far9\far9.pddl --search astar(ipdb(random_seed=7))

INFO     planner time limit: None
INFO     planner memory limit: None

INFO     Running translator.
INFO     translator stdin: None
INFO     translator time limit: None
INFO     translator memory limit: None
INFO     translator command line string: 'D:\Miniforge3\python.exe' -m translate 'C:\Users\user\Desktop\theoria\.worktrees\e7-deadlock-claim\engine-rig\fixtures\data\sokoban_domain.pddl' 'C:\Users\user\Desktop\theoria\.worktrees\e7-deadlock-claim\engine-rig\runs\20260728T150713Z-E7-deadlock-claim-audit\attacks\work\a2\far9\far9.pddl' --sas-file output.sas
Warning! SIGXCPU is not available on your platform. This means that the planner cannot be gracefully terminated when using a time limit, which, however, is probably supported on your platform anyway.
Parsing...
Parsing: [0.000s CPU, 0.002s wall-clock]
Normalizing task... [0.000s CPU, 0.000s wall-clock]
Instantiating...
Generating Datalog program... [0.000s CPU, 0.001s wall-clock]
Normalizing Datalog program...
Normalizing Datalog program: [0.000s CPU, 0.001s wall-clock]
Preparing model... [0.000s CPU, 0.001s wall-clock]
Generated 20 rules.
Computing model... [0.016s CPU, 0.010s wall-clock]
1666 relevant atoms
2340 auxiliary atoms
4006 final queue length
5851 total queue pushes
Completing instantiation... [0.016s CPU, 0.011s wall-clock]
Instantiating: [0.031s CPU, 0.024s wall-clock]
Computing fact groups...
Finding invariants...
7 initial candidates
Finding invariants: [0.000s CPU, 0.001s wall-clock]
Checking invariant weight... [0.000s CPU, 0.000s wall-clock]
Instantiating groups... [0.000s CPU, 0.002s wall-clock]
Collecting mutex groups... [0.000s CPU, 0.000s wall-clock]
Choosing groups...
81 uncovered facts
Choosing groups: [0.000s CPU, 0.000s wall-clock]
Building translation key... [0.000s CPU, 0.000s wall-clock]
Computing fact groups: [0.000s CPU, 0.005s wall-clock]
Building STRIPS to SAS dictionary... [0.000s CPU, 0.000s wall-clock]
Building dictionary for full mutex groups... [0.000s CPU, 0.000s wall-clock]
Building mutex information...
Building mutex information: [0.000s CPU, 0.000s wall-clock]
Translating task...
Processing axioms...
Simplifying axioms... [0.000s CPU, 0.000s wall-clock]
Translator axioms removed by simplifying: 0
Processing axioms: [0.000s CPU, 0.001s wall-clock]
Translating task: [0.016s CPU, 0.014s wall-clock]
1296 effect conditions simplified
0 implied preconditions added
Detecting unreachable propositions...
0 operators removed
0 axioms removed
3 propositions removed
Detecting unreachable propositions: [0.016s CPU, 0.008s wall-clock]
Reordering and filtering variables...
84 of 84 variables necessary.
81 of 84 mutex groups necessary.
792 of 792 operators necessary.
0 of 0 axiom rules necessary.
Reordering and filtering variables: [0.000s CPU, 0.004s wall-clock]
Translator variables: 84
Translator derived variables: 0
Translator facts: 405
Translator goal facts: 2
Translator mutex groups: 81
Translator total mutex groups size: 324
Translator operators: 792
Translator axioms: 0
Translator task size: 7079
warning: could not determine peak memory
Writing output... [0.000s CPU, 0.015s wall-clock]
Done! [0.062s CPU, 0.075s wall-clock]
translate exit code: 0

INFO     Running search (release).
INFO     search stdin: output.sas
INFO     search time limit: None
INFO     search memory limit: None
INFO     search command line string: 'C:\Users\user\Desktop\theoria\.worktrees\p13\engine-rig\.toolchain\downward\builds\release\bin\downward.exe' --search 'astar(ipdb(random_seed=7))' --internal-plan-file 'C:\Users\user\AppData\Local\Temp\e7verifyalvwmu7z\sas_plan' < output.sas
[t=0.000154s, 1956 KB] Search code revision: 7120aa0
[t=0.000238s, 1956 KB] reading input...
[t=0.007568s, 2732 KB] done reading input!
[t=0.008742s, 3112 KB] Initializing canonical PDB heuristic...
[t=0.008751s, 3112 KB] Generating patterns using: hill climbing pattern collection generator
[t=0.009010s, 3140 KB] Done calculating initial pattern collection: 0.000257s
[t=0.009022s, 3140 KB] Average operator cost: 1.000000
[t=0.009028s, 3140 KB] Building causal graph... done!
[t=0.027448s, 3660 KB] Done calculating initial candidate PDBs
[t=0.043729s, 4096 KB] found a better pattern with improvement 997
[t=0.154901s, 12128 KB] found a better pattern with improvement 304
[t=3.058509s, 351240 KB] found a better pattern with improvement 16
[t=3.096611s, 351240 KB] Improvement below threshold. Stop hill climbing.
[t=3.096634s, 351240 KB] Hill climbing iterations: 4
[t=3.096638s, 351240 KB] Hill climbing generated patterns: 327
[t=3.096640s, 351240 KB] Hill climbing rejected patterns: 246
[t=3.096643s, 351240 KB] Hill climbing maximum PDB size: 1062882
[t=3.096645s, 351240 KB] Hill climbing time: 3.087625s
[t=3.110019s, 351240 KB] hill climbing pattern collection generator number of patterns: 5
[t=3.110059s, 351240 KB] hill climbing pattern collection generator total PDB size: 1601046
[t=3.110064s, 351240 KB] hill climbing pattern collection generator computation time: 3.101256s
[t=3.110073s, 351240 KB] Running dominance pruning...
[t=3.110082s, 351240 KB] Pruned 3 of 4 pattern cliques
[t=3.110085s, 351240 KB] Pruned 4 of 5 PDBs
[t=3.110088s, 351240 KB] Dominance pruning took 0.000013s
[t=3.110206s, 351240 KB] Canonical PDB heuristic number of patterns: 1
[t=3.110213s, 351240 KB] Canonical PDB heuristic total PDB size: 1062882
[t=3.110218s, 351240 KB] Canonical PDB heuristic computation time: 3.101463s
[t=3.110269s, 351240 KB] Building successor generator... done!
[t=3.110681s, 351240 KB] peak memory difference for successor generator creation: 0 KB
[t=3.110684s, 351240 KB] time for successor generation creation: 0.000400s
[t=3.110701s, 351240 KB] Variables: 84
[t=3.110748s, 351240 KB] FactPairs: 405
[t=3.110751s, 351240 KB] Bytes per state: 16
[t=3.110765s, 351240 KB] Conducting best first search with reopening closed nodes, (real) bound = 2147483647
[t=3.110793s, 351240 KB] New best heuristic value for cpdbs: 22
[t=3.110798s, 351240 KB] g=0, 1 evaluated, 0 expanded
[t=3.110800s, 351240 KB] f = 22, 1 evaluated, 0 expanded
[t=3.110807s, 351240 KB] Initial heuristic value for cpdbs: 22
[t=3.110809s, 351240 KB] pruning method: none
[t=3.110820s, 351240 KB] New best heuristic value for cpdbs: 21
[t=3.110823s, 351240 KB] g=1, 2 evaluated, 1 expanded
[t=3.110831s, 351240 KB] New best heuristic value for cpdbs: 20
[t=3.110833s, 351240 KB] g=2, 4 evaluated, 2 expanded
[t=3.110841s, 351240 KB] New best heuristic value for cpdbs: 19
[t=3.110844s, 351240 KB] g=3, 6 evaluated, 3 expanded
[t=3.110851s, 351240 KB] New best heuristic value for cpdbs: 18
[t=3.110854s, 351240 KB] g=4, 8 evaluated, 4 expanded
[t=3.110863s, 351240 KB] New best heuristic value for cpdbs: 17
[t=3.110867s, 351240 KB] g=5, 10 evaluated, 5 expanded
[t=3.110874s, 351240 KB] New best heuristic value for cpdbs: 16
[t=3.110878s, 351240 KB] g=6, 13 evaluated, 6 expanded
[t=3.110884s, 351240 KB] New best heuristic value for cpdbs: 15
[t=3.110886s, 351240 KB] g=7, 15 evaluated, 7 expanded
[t=3.110895s, 351240 KB] New best heuristic value for cpdbs: 14
[t=3.110898s, 351240 KB] g=8, 18 evaluated, 8 expanded
[t=3.110904s, 351240 KB] New best heuristic value for cpdbs: 13
[t=3.110906s, 351240 KB] g=9, 20 evaluated, 9 expanded
[t=3.110912s, 351240 KB] New best heuristic value for cpdbs: 12
[t=3.110916s, 351240 KB] g=10, 23 evaluated, 10 expanded
[t=3.110926s, 351240 KB] New best heuristic value for cpdbs: 11
[t=3.110928s, 351240 KB] g=11, 26 evaluated, 11 expanded
[t=3.110935s, 351240 KB] New best heuristic value for cpdbs: 10
[t=3.110937s, 351240 KB] g=12, 28 evaluated, 12 expanded
[t=3.110943s, 351240 KB] New best heuristic value for cpdbs: 9
[t=3.110947s, 351240 KB] g=13, 31 evaluated, 13 expanded
[t=3.111032s, 351240 KB] f = 24, 62 evaluated, 44 expanded
[t=3.111086s, 351240 KB] f = 26, 90 evaluated, 62 expanded
[t=3.111108s, 351240 KB] New best heuristic value for cpdbs: 8
[t=3.111112s, 351240 KB] g=18, 103 evaluated, 69 expanded
[t=3.111117s, 351240 KB] New best heuristic value for cpdbs: 7
[t=3.111119s, 351240 KB] g=19, 105 evaluated, 70 expanded
[t=3.111125s, 351240 KB] New best heuristic value for cpdbs: 6
[t=3.111127s, 351240 KB] g=20, 107 evaluated, 71 expanded
[t=3.111133s, 351240 KB] New best heuristic value for cpdbs: 5
[t=3.111137s, 351240 KB] g=21, 111 evaluated, 72 expanded
[t=3.111142s, 351240 KB] New best heuristic value for cpdbs: 4
[t=3.111144s, 351240 KB] g=22, 114 evaluated, 73 expanded
[t=3.111151s, 351240 KB] New best heuristic value for cpdbs: 3
[t=3.111155s, 351240 KB] g=23, 118 evaluated, 74 expanded
[t=3.111160s, 351240 KB] New best heuristic value for cpdbs: 2
[t=3.111163s, 351240 KB] g=24, 121 evaluated, 75 expanded
[t=3.111170s, 351240 KB] New best heuristic value for cpdbs: 1
[t=3.111173s, 351240 KB] g=25, 125 evaluated, 76 expanded
[t=3.111179s, 351240 KB] New best heuristic value for cpdbs: 0
[t=3.111181s, 351240 KB] g=26, 128 evaluated, 77 expanded
[t=3.111191s, 351240 KB] Solution found!
[t=3.111196s, 351240 KB] Actual search time: 0.000385s
move c99 c89 up (1)
move c89 c79 up (1)
move c79 c69 up (1)
move c69 c59 up (1)
move c59 c49 up (1)
move c49 c48 left (1)
move c48 c47 left (1)
move c47 c46 left (1)
move c46 c45 left (1)
move c45 c44 left (1)
move c44 c43 left (1)
push c43 c33 c23 b2 up (1)
push c33 c23 c13 b2 up (1)
move c23 c33 down (1)
move c33 c32 left (1)
move c32 c31 left (1)
move c31 c21 up (1)
move c21 c11 up (1)
move c11 c12 right (1)
push c12 c22 c32 b1 down (1)
push c22 c32 c42 b1 down (1)
push c32 c42 c52 b1 down (1)
push c42 c52 c62 b1 down (1)
push c52 c62 c72 b1 down (1)
push c62 c72 c82 b1 down (1)
push c72 c82 c92 b1 down (1)
[t=3.111199s, 351240 KB] Plan length: 26 step(s).
[t=3.111199s, 351240 KB] Plan cost: 26
[t=3.111199s, 351240 KB] Expanded 78 state(s).
[t=3.111199s, 351240 KB] Reopened 0 state(s).
[t=3.111199s, 351240 KB] Evaluated 131 state(s).
[t=3.111199s, 351240 KB] Evaluations: 131
[t=3.111199s, 351240 KB] Generated 284 state(s).
[t=3.111199s, 351240 KB] Dead ends: 4 state(s).
[t=3.111199s, 351240 KB] Expanded until last jump: 62 state(s).
[t=3.111199s, 351240 KB] Reopened until last jump: 0 state(s).
[t=3.111199s, 351240 KB] Evaluated until last jump: 90 state(s).
[t=3.111199s, 351240 KB] Generated until last jump: 231 state(s).
[t=3.111199s, 351240 KB] Number of registered states: 131
[t=3.111199s, 351240 KB] Int hash set load factor: 131/256 = 0.511719
[t=3.111199s, 351240 KB] Int hash set resizes: 8
[t=3.111199s, 351240 KB] Search time: 0.000437s
[t=3.111199s, 351240 KB] Total time: 3.111199s
Solution found.
Remove intermediate file output.sas
search exit code: 0


