$ D:\Miniforge3\python.exe C:/Users/user/Desktop/theoria/.worktrees/p13/engine-rig/.toolchain/downward/fast-downward.py --plan-file C:\Users\user\AppData\Local\Temp\e7verifyy6kgkohn\sas_plan C:\Users\user\Desktop\theoria\.worktrees\e7-deadlock-claim\engine-rig\runs\20260728T150713Z-E7-deadlock-claim-audit\attacks\work\a5\swap\singleton\sokoban_guarded_singleton_domain.pddl C:\Users\user\Desktop\theoria\.worktrees\e7-deadlock-claim\engine-rig\runs\20260728T150713Z-E7-deadlock-claim-audit\attacks\work\a5\swap\singleton\swap-passage_guarded_singleton.pddl --search astar(cpdbs(patterns=manual_patterns([[23,24,22,19,17]])))

INFO     planner time limit: None
INFO     planner memory limit: None

INFO     Running translator.
INFO     translator stdin: None
INFO     translator time limit: None
INFO     translator memory limit: None
INFO     translator command line string: 'D:\Miniforge3\python.exe' -m translate 'C:\Users\user\Desktop\theoria\.worktrees\e7-deadlock-claim\engine-rig\runs\20260728T150713Z-E7-deadlock-claim-audit\attacks\work\a5\swap\singleton\sokoban_guarded_singleton_domain.pddl' 'C:\Users\user\Desktop\theoria\.worktrees\e7-deadlock-claim\engine-rig\runs\20260728T150713Z-E7-deadlock-claim-audit\attacks\work\a5\swap\singleton\swap-passage_guarded_singleton.pddl' --sas-file output.sas
Warning! SIGXCPU is not available on your platform. This means that the planner cannot be gracefully terminated when using a time limit, which, however, is probably supported on your platform anyway.
Parsing...
Parsing: [0.000s CPU, 0.002s wall-clock]
Normalizing task... [0.000s CPU, 0.000s wall-clock]
Instantiating...
Generating Datalog program... [0.000s CPU, 0.000s wall-clock]
Normalizing Datalog program...
Normalizing Datalog program: [0.000s CPU, 0.001s wall-clock]
Preparing model... [0.000s CPU, 0.000s wall-clock]
Generated 20 rules.
Computing model... [0.016s CPU, 0.005s wall-clock]
613 relevant atoms
888 auxiliary atoms
1501 final queue length
1771 total queue pushes
Completing instantiation... [0.000s CPU, 0.002s wall-clock]
Instantiating: [0.016s CPU, 0.008s wall-clock]
Computing fact groups...
Finding invariants...
7 initial candidates
Finding invariants: [0.000s CPU, 0.001s wall-clock]
Checking invariant weight... [0.000s CPU, 0.000s wall-clock]
Instantiating groups... [0.000s CPU, 0.001s wall-clock]
Collecting mutex groups... [0.000s CPU, 0.000s wall-clock]
Choosing groups...
54 uncovered facts
Choosing groups: [0.000s CPU, 0.000s wall-clock]
Building translation key... [0.000s CPU, 0.000s wall-clock]
Computing fact groups: [0.000s CPU, 0.003s wall-clock]
Building STRIPS to SAS dictionary... [0.000s CPU, 0.000s wall-clock]
Building dictionary for full mutex groups... [0.000s CPU, 0.000s wall-clock]
Building mutex information...
Building mutex information: [0.000s CPU, 0.000s wall-clock]
Translating task...
Processing axioms...
Simplifying axioms... [0.000s CPU, 0.000s wall-clock]
Translator axioms removed by simplifying: 0
Processing axioms: [0.000s CPU, 0.000s wall-clock]
Translating task: [0.000s CPU, 0.002s wall-clock]
172 effect conditions simplified
0 implied preconditions added
Detecting unreachable propositions...
0 operators removed
0 axioms removed
83 propositions removed
Detecting unreachable propositions: [0.000s CPU, 0.001s wall-clock]
Reordering and filtering variables...
25 of 25 variables necessary.
22 of 25 mutex groups necessary.
116 of 116 operators necessary.
0 of 0 axiom rules necessary.
Reordering and filtering variables: [0.000s CPU, 0.001s wall-clock]
Translator variables: 25
Translator derived variables: 0
Translator facts: 94
Translator goal facts: 2
Translator mutex groups: 22
Translator total mutex groups size: 72
Translator operators: 116
Translator axioms: 0
Translator task size: 1057
warning: could not determine peak memory
Writing output... [0.000s CPU, 0.010s wall-clock]
Done! [0.016s CPU, 0.027s wall-clock]
translate exit code: 0

INFO     Running search (release).
INFO     search stdin: output.sas
INFO     search time limit: None
INFO     search memory limit: None
INFO     search command line string: 'C:\Users\user\Desktop\theoria\.worktrees\p13\engine-rig\.toolchain\downward\builds\release\bin\downward.exe' --search 'astar(cpdbs(patterns=manual_patterns([[23,24,22,19,17]])))' --internal-plan-file 'C:\Users\user\AppData\Local\Temp\e7verifyy6kgkohn\sas_plan' < output.sas
[t=0.000099s, 1828 KB] Search code revision: 7120aa0
[t=0.000170s, 1828 KB] reading input...
[t=0.001403s, 2164 KB] done reading input!
[t=0.002379s, 2628 KB] Initializing canonical PDB heuristic...
[t=0.002398s, 2628 KB] Generating patterns using: manual pattern collection generator
[t=0.002404s, 2628 KB] Manual pattern collection: [[23, 24, 22, 19, 17]]
[t=0.002414s, 2628 KB] manual pattern collection generator number of patterns: 1
[t=0.002417s, 2628 KB] manual pattern collection generator total PDB size: 17248
[t=0.002420s, 2628 KB] manual pattern collection generator computation time: 1.1e-05s
[t=0.002427s, 2628 KB] Computing PDBs for pattern collection...
[t=0.002917s, 2820 KB] Done computing PDBs for pattern collection: 0.000494s
[t=0.002925s, 2820 KB] Computing pattern cliques for pattern collection...
[t=0.002935s, 2820 KB] Done computing pattern cliques for pattern collection: 0.000011s
[t=0.002939s, 2820 KB] Running dominance pruning...
[t=0.002944s, 2820 KB] Pruned 0 of 1 pattern cliques
[t=0.002948s, 2820 KB] Pruned 0 of 1 PDBs
[t=0.002950s, 2820 KB] Dominance pruning took 0.000010s
[t=0.002954s, 2820 KB] Canonical PDB heuristic number of patterns: 1
[t=0.002956s, 2820 KB] Canonical PDB heuristic total PDB size: 17248
[t=0.002961s, 2820 KB] Canonical PDB heuristic computation time: 0.000576s
[t=0.002987s, 2820 KB] Building successor generator... done!
[t=0.003031s, 2848 KB] peak memory difference for successor generator creation: 28 KB
[t=0.003034s, 2848 KB] time for successor generation creation: 0.000036s
[t=0.003038s, 2848 KB] Variables: 25
[t=0.003043s, 2848 KB] FactPairs: 94
[t=0.003045s, 2848 KB] Bytes per state: 8
[t=0.003056s, 2860 KB] Conducting best first search with reopening closed nodes, (real) bound = 2147483647
[t=0.003075s, 2880 KB] New best heuristic value for cpdbs: 11
[t=0.003079s, 2880 KB] g=0, 1 evaluated, 0 expanded
[t=0.003082s, 2880 KB] f = 11, 1 evaluated, 0 expanded
[t=0.003095s, 2892 KB] Initial heuristic value for cpdbs: 11
[t=0.003103s, 2892 KB] pruning method: none
[t=0.003132s, 2900 KB] New best heuristic value for cpdbs: 10
[t=0.003137s, 2900 KB] g=1, 4 evaluated, 1 expanded
[t=0.003142s, 2900 KB] New best heuristic value for cpdbs: 9
[t=0.003146s, 2900 KB] g=2, 6 evaluated, 2 expanded
[t=0.003153s, 2900 KB] New best heuristic value for cpdbs: 8
[t=0.003155s, 2900 KB] g=3, 10 evaluated, 3 expanded
[t=0.003159s, 2900 KB] New best heuristic value for cpdbs: 7
[t=0.003163s, 2900 KB] g=4, 12 evaluated, 4 expanded
[t=0.003168s, 2900 KB] New best heuristic value for cpdbs: 6
[t=0.003170s, 2900 KB] g=5, 14 evaluated, 5 expanded
[t=0.003176s, 2900 KB] New best heuristic value for cpdbs: 5
[t=0.003178s, 2900 KB] g=6, 17 evaluated, 6 expanded
[t=0.003184s, 2900 KB] New best heuristic value for cpdbs: 4
[t=0.003189s, 2900 KB] g=7, 20 evaluated, 7 expanded
[t=0.003193s, 2900 KB] f = 13, 21 evaluated, 8 expanded
[t=0.003217s, 2900 KB] f = 15, 36 evaluated, 23 expanded
[t=0.003236s, 2900 KB] f = 17, 38 evaluated, 32 expanded
[t=0.003275s, 2920 KB] f = 19, 66 evaluated, 46 expanded
[t=0.003312s, 2948 KB] f = 21, 88 evaluated, 65 expanded
[t=0.003343s, 2948 KB] f = 23, 110 evaluated, 88 expanded
[t=0.003378s, 2948 KB] f = 25, 131 evaluated, 110 expanded
[t=0.003405s, 2948 KB] f = 27, 154 evaluated, 130 expanded
[t=0.003443s, 2948 KB] f = 29, 186 evaluated, 157 expanded
[t=0.003461s, 2948 KB] New best heuristic value for cpdbs: 3
[t=0.003464s, 2948 KB] g=26, 203 evaluated, 166 expanded
[t=0.003491s, 2948 KB] f = 31, 226 evaluated, 188 expanded
[t=0.003575s, 2948 KB] f = 33, 296 evaluated, 238 expanded
[t=0.003664s, 2948 KB] f = 35, 381 evaluated, 309 expanded
[t=0.003768s, 2960 KB] f = 37, 470 evaluated, 391 expanded
[t=0.003881s, 3000 KB] f = 39, 542 evaluated, 469 expanded
[t=0.003936s, 3000 KB] f = 41, 579 evaluated, 526 expanded
[t=0.003973s, 3000 KB] f = 43, 602 evaluated, 562 expanded
[t=0.004002s, 3000 KB] f = 45, 626 evaluated, 585 expanded
[t=0.004024s, 3000 KB] f = 47, 642 evaluated, 602 expanded
[t=0.004041s, 3000 KB] f = 49, 652 evaluated, 616 expanded
[t=0.004053s, 3000 KB] f = 51, 657 evaluated, 625 expanded
[t=0.004060s, 3000 KB] f = 53, 658 evaluated, 629 expanded
[t=0.004064s, 3000 KB] Completely explored state space -- no solution!
[t=0.004066s, 3000 KB] Actual search time: 0.000943s
[t=0.004069s, 3000 KB] Expanded 630 state(s).
[t=0.004069s, 3000 KB] Reopened 0 state(s).
[t=0.004069s, 3000 KB] Evaluated 658 state(s).
[t=0.004069s, 3000 KB] Evaluations: 658
[t=0.004069s, 3000 KB] Generated 1644 state(s).
[t=0.004069s, 3000 KB] Dead ends: 28 state(s).
[t=0.004069s, 3000 KB] Expanded until last jump: 629 state(s).
[t=0.004069s, 3000 KB] Reopened until last jump: 0 state(s).
[t=0.004069s, 3000 KB] Evaluated until last jump: 658 state(s).
[t=0.004069s, 3000 KB] Generated until last jump: 1642 state(s).
[t=0.004069s, 3000 KB] Number of registered states: 658
[t=0.004069s, 3000 KB] Int hash set load factor: 658/1024 = 0.642578
[t=0.004069s, 3000 KB] Int hash set resizes: 10
[t=0.004069s, 3000 KB] Search time: 0.001015s
[t=0.004069s, 3000 KB] Total time: 0.004069s
Search stopped without finding a solution.
Remove intermediate file output.sas
search exit code: 12

Driver aborting after search

