$ D:\Miniforge3\python.exe C:/Users/user/Desktop/theoria/.worktrees/p13/engine-rig/.toolchain/downward/fast-downward.py --plan-file C:\Users\user\AppData\Local\Temp\e7verify8nc561y2\sas_plan C:\Users\user\Desktop\theoria\.worktrees\e7-deadlock-claim\engine-rig\runs\20260728T150713Z-E7-deadlock-claim-audit\attacks\work\a5\swap\singleton\sokoban_guarded_singleton_domain.pddl C:\Users\user\Desktop\theoria\.worktrees\e7-deadlock-claim\engine-rig\runs\20260728T150713Z-E7-deadlock-claim-audit\attacks\work\a5\swap\singleton\swap-passage_guarded_singleton.pddl --search astar(cpdbs(patterns=manual_patterns([[23,24,22,19,18,17,16,20,21,1]])))

INFO     planner time limit: None
INFO     planner memory limit: None

INFO     Running translator.
INFO     translator stdin: None
INFO     translator time limit: None
INFO     translator memory limit: None
INFO     translator command line string: 'D:\Miniforge3\python.exe' -m translate 'C:\Users\user\Desktop\theoria\.worktrees\e7-deadlock-claim\engine-rig\runs\20260728T150713Z-E7-deadlock-claim-audit\attacks\work\a5\swap\singleton\sokoban_guarded_singleton_domain.pddl' 'C:\Users\user\Desktop\theoria\.worktrees\e7-deadlock-claim\engine-rig\runs\20260728T150713Z-E7-deadlock-claim-audit\attacks\work\a5\swap\singleton\swap-passage_guarded_singleton.pddl' --sas-file output.sas
Warning! SIGXCPU is not available on your platform. This means that the planner cannot be gracefully terminated when using a time limit, which, however, is probably supported on your platform anyway.
Parsing...
Parsing: [0.000s CPU, 0.002s wall-clock]
Normalizing task... [0.000s CPU, 0.000s wall-clock]
Instantiating...
Generating Datalog program... [0.000s CPU, 0.000s wall-clock]
Normalizing Datalog program...
Normalizing Datalog program: [0.000s CPU, 0.001s wall-clock]
Preparing model... [0.000s CPU, 0.000s wall-clock]
Generated 20 rules.
Computing model... [0.016s CPU, 0.005s wall-clock]
613 relevant atoms
888 auxiliary atoms
1501 final queue length
1771 total queue pushes
Completing instantiation... [0.000s CPU, 0.002s wall-clock]
Instantiating: [0.016s CPU, 0.008s wall-clock]
Computing fact groups...
Finding invariants...
7 initial candidates
Finding invariants: [0.000s CPU, 0.001s wall-clock]
Checking invariant weight... [0.000s CPU, 0.000s wall-clock]
Instantiating groups... [0.000s CPU, 0.001s wall-clock]
Collecting mutex groups... [0.000s CPU, 0.000s wall-clock]
Choosing groups...
54 uncovered facts
Choosing groups: [0.000s CPU, 0.000s wall-clock]
Building translation key... [0.000s CPU, 0.000s wall-clock]
Computing fact groups: [0.000s CPU, 0.003s wall-clock]
Building STRIPS to SAS dictionary... [0.000s CPU, 0.000s wall-clock]
Building dictionary for full mutex groups... [0.000s CPU, 0.000s wall-clock]
Building mutex information...
Building mutex information: [0.000s CPU, 0.000s wall-clock]
Translating task...
Processing axioms...
Simplifying axioms... [0.000s CPU, 0.000s wall-clock]
Translator axioms removed by simplifying: 0
Processing axioms: [0.000s CPU, 0.000s wall-clock]
Translating task: [0.000s CPU, 0.002s wall-clock]
172 effect conditions simplified
0 implied preconditions added
Detecting unreachable propositions...
0 operators removed
0 axioms removed
83 propositions removed
Detecting unreachable propositions: [0.000s CPU, 0.001s wall-clock]
Reordering and filtering variables...
25 of 25 variables necessary.
22 of 25 mutex groups necessary.
116 of 116 operators necessary.
0 of 0 axiom rules necessary.
Reordering and filtering variables: [0.000s CPU, 0.001s wall-clock]
Translator variables: 25
Translator derived variables: 0
Translator facts: 94
Translator goal facts: 2
Translator mutex groups: 22
Translator total mutex groups size: 72
Translator operators: 116
Translator axioms: 0
Translator task size: 1057
warning: could not determine peak memory
Writing output... [0.000s CPU, 0.009s wall-clock]
Done! [0.016s CPU, 0.026s wall-clock]
translate exit code: 0

INFO     Running search (release).
INFO     search stdin: output.sas
INFO     search time limit: None
INFO     search memory limit: None
INFO     search command line string: 'C:\Users\user\Desktop\theoria\.worktrees\p13\engine-rig\.toolchain\downward\builds\release\bin\downward.exe' --search 'astar(cpdbs(patterns=manual_patterns([[23,24,22,19,18,17,16,20,21,1]])))' --internal-plan-file 'C:\Users\user\AppData\Local\Temp\e7verify8nc561y2\sas_plan' < output.sas
[t=0.000161s, 1956 KB] Search code revision: 7120aa0
[t=0.000250s, 1956 KB] reading input...
[t=0.001484s, 2188 KB] done reading input!
[t=0.002832s, 2812 KB] Initializing canonical PDB heuristic...
[t=0.002844s, 2812 KB] Generating patterns using: manual pattern collection generator
[t=0.002850s, 2812 KB] Manual pattern collection: [[23, 24, 22, 19, 18, 17, 16, 20, 21, 1]]
[t=0.002861s, 2812 KB] manual pattern collection generator number of patterns: 1
[t=0.002864s, 2812 KB] manual pattern collection generator total PDB size: 551936
[t=0.002867s, 2812 KB] manual pattern collection generator computation time: 1.12e-05s
[t=0.002875s, 2812 KB] Computing PDBs for pattern collection...
[t=0.008644s, 5200 KB] Done computing PDBs for pattern collection: 0.005774s
[t=0.008655s, 5200 KB] Computing pattern cliques for pattern collection...
[t=0.008672s, 5200 KB] Done computing pattern cliques for pattern collection: 0.000018s
[t=0.008678s, 5200 KB] Running dominance pruning...
[t=0.008683s, 5200 KB] Pruned 0 of 1 pattern cliques
[t=0.008687s, 5200 KB] Pruned 0 of 1 PDBs
[t=0.008689s, 5200 KB] Dominance pruning took 0.000009s
[t=0.008692s, 5200 KB] Canonical PDB heuristic number of patterns: 1
[t=0.008694s, 5200 KB] Canonical PDB heuristic total PDB size: 551936
[t=0.008697s, 5200 KB] Canonical PDB heuristic computation time: 0.005860s
[t=0.008724s, 5200 KB] Building successor generator... done!
[t=0.008784s, 5200 KB] peak memory difference for successor generator creation: 0 KB
[t=0.008786s, 5200 KB] time for successor generation creation: 0.000047s
[t=0.008791s, 5200 KB] Variables: 25
[t=0.008793s, 5200 KB] FactPairs: 94
[t=0.008795s, 5200 KB] Bytes per state: 8
[t=0.008805s, 5200 KB] Conducting best first search with reopening closed nodes, (real) bound = 2147483647
[t=0.008835s, 5276 KB] New best heuristic value for cpdbs: 29
[t=0.008839s, 5276 KB] g=0, 1 evaluated, 0 expanded
[t=0.008841s, 5276 KB] f = 29, 1 evaluated, 0 expanded
[t=0.008849s, 5276 KB] Initial heuristic value for cpdbs: 29
[t=0.008853s, 5276 KB] pruning method: none
[t=0.008861s, 5276 KB] New best heuristic value for cpdbs: 28
[t=0.008865s, 5276 KB] g=1, 4 evaluated, 1 expanded
[t=0.008869s, 5276 KB] New best heuristic value for cpdbs: 27
[t=0.008871s, 5276 KB] g=2, 5 evaluated, 2 expanded
[t=0.008876s, 5276 KB] New best heuristic value for cpdbs: 26
[t=0.008880s, 5276 KB] g=3, 7 evaluated, 3 expanded
[t=0.008884s, 5276 KB] New best heuristic value for cpdbs: 25
[t=0.008886s, 5276 KB] g=4, 8 evaluated, 4 expanded
[t=0.008891s, 5276 KB] New best heuristic value for cpdbs: 24
[t=0.008895s, 5276 KB] g=5, 11 evaluated, 5 expanded
[t=0.008899s, 5276 KB] New best heuristic value for cpdbs: 23
[t=0.008906s, 5276 KB] g=6, 13 evaluated, 6 expanded
[t=0.008913s, 5276 KB] New best heuristic value for cpdbs: 22
[t=0.008917s, 5276 KB] g=7, 15 evaluated, 7 expanded
[t=0.008922s, 5276 KB] New best heuristic value for cpdbs: 21
[t=0.008925s, 5276 KB] g=8, 17 evaluated, 8 expanded
[t=0.008929s, 5276 KB] New best heuristic value for cpdbs: 20
[t=0.008931s, 5276 KB] g=9, 18 evaluated, 9 expanded
[t=0.008936s, 5276 KB] New best heuristic value for cpdbs: 19
[t=0.008940s, 5276 KB] g=10, 20 evaluated, 10 expanded
[t=0.008946s, 5276 KB] New best heuristic value for cpdbs: 18
[t=0.008949s, 5276 KB] g=11, 24 evaluated, 11 expanded
[t=0.008953s, 5276 KB] New best heuristic value for cpdbs: 17
[t=0.008955s, 5276 KB] g=12, 26 evaluated, 12 expanded
[t=0.008960s, 5276 KB] New best heuristic value for cpdbs: 16
[t=0.008963s, 5276 KB] g=13, 28 evaluated, 13 expanded
[t=0.008968s, 5276 KB] New best heuristic value for cpdbs: 15
[t=0.008971s, 5276 KB] g=14, 31 evaluated, 14 expanded
[t=0.008977s, 5276 KB] New best heuristic value for cpdbs: 14
[t=0.008981s, 5276 KB] g=15, 34 evaluated, 15 expanded
[t=0.008984s, 5276 KB] New best heuristic value for cpdbs: 13
[t=0.008986s, 5276 KB] g=16, 35 evaluated, 16 expanded
[t=0.008991s, 5276 KB] New best heuristic value for cpdbs: 12
[t=0.008994s, 5276 KB] g=17, 37 evaluated, 17 expanded
[t=0.008998s, 5276 KB] New best heuristic value for cpdbs: 11
[t=0.009000s, 5276 KB] g=18, 39 evaluated, 18 expanded
[t=0.009006s, 5276 KB] New best heuristic value for cpdbs: 10
[t=0.009008s, 5276 KB] g=19, 40 evaluated, 19 expanded
[t=0.009012s, 5276 KB] New best heuristic value for cpdbs: 9
[t=0.009016s, 5276 KB] g=20, 41 evaluated, 20 expanded
[t=0.009020s, 5276 KB] New best heuristic value for cpdbs: 8
[t=0.009022s, 5276 KB] g=21, 43 evaluated, 21 expanded
[t=0.009026s, 5276 KB] f = 31, 44 evaluated, 23 expanded
[t=0.009047s, 5276 KB] f = 33, 54 evaluated, 40 expanded
[t=0.009061s, 5276 KB] f = 35, 61 evaluated, 50 expanded
[t=0.009076s, 5276 KB] f = 37, 68 evaluated, 57 expanded
[t=0.009158s, 5276 KB] f = 39, 145 evaluated, 100 expanded
[t=0.009200s, 5276 KB] f = 41, 177 evaluated, 137 expanded
[t=0.009227s, 5276 KB] f = 43, 189 evaluated, 166 expanded
[t=0.009286s, 5276 KB] f = 45, 248 evaluated, 201 expanded
[t=0.009361s, 5276 KB] f = 47, 300 evaluated, 252 expanded
[t=0.009419s, 5276 KB] f = 49, 341 evaluated, 300 expanded
[t=0.009457s, 5276 KB] f = 51, 368 evaluated, 331 expanded
[t=0.009492s, 5276 KB] f = 53, 393 evaluated, 361 expanded
[t=0.009531s, 5276 KB] f = 55, 424 evaluated, 392 expanded
[t=0.009569s, 5276 KB] f = 57, 457 evaluated, 418 expanded
[t=0.009592s, 5276 KB] f = 59, 466 evaluated, 438 expanded
[t=0.009605s, 5276 KB] f = 61, 472 evaluated, 447 expanded
[t=0.009611s, 5276 KB] f = 63, 474 evaluated, 452 expanded
[t=0.009615s, 5276 KB] Completely explored state space -- no solution!
[t=0.009617s, 5276 KB] Actual search time: 0.000764s
[t=0.009621s, 5276 KB] Expanded 454 state(s).
[t=0.009621s, 5276 KB] Reopened 0 state(s).
[t=0.009621s, 5276 KB] Evaluated 474 state(s).
[t=0.009621s, 5276 KB] Evaluations: 474
[t=0.009621s, 5276 KB] Generated 1164 state(s).
[t=0.009621s, 5276 KB] Dead ends: 20 state(s).
[t=0.009621s, 5276 KB] Expanded until last jump: 452 state(s).
[t=0.009621s, 5276 KB] Reopened until last jump: 0 state(s).
[t=0.009621s, 5276 KB] Evaluated until last jump: 474 state(s).
[t=0.009621s, 5276 KB] Generated until last jump: 1160 state(s).
[t=0.009621s, 5276 KB] Number of registered states: 474
[t=0.009621s, 5276 KB] Int hash set load factor: 474/512 = 0.925781
[t=0.009621s, 5276 KB] Int hash set resizes: 9
[t=0.009621s, 5276 KB] Search time: 0.000817s
[t=0.009621s, 5276 KB] Total time: 0.009621s
Search stopped without finding a solution.
Remove intermediate file output.sas
search exit code: 12

Driver aborting after search

