$ D:\Miniforge3\python.exe C:/Users/user/Desktop/theoria/.worktrees/p13/engine-rig/.toolchain/downward/fast-downward.py --plan-file C:\Users\user\AppData\Local\Temp\e7verifypjo0bew9\sas_plan C:\Users\user\Desktop\theoria\.worktrees\e7-deadlock-claim\engine-rig\runs\20260728T150713Z-E7-deadlock-claim-audit\attacks\work\a5\swap\singleton\sokoban_guarded_singleton_domain.pddl C:\Users\user\Desktop\theoria\.worktrees\e7-deadlock-claim\engine-rig\runs\20260728T150713Z-E7-deadlock-claim-audit\attacks\work\a5\swap\singleton\swap-passage_guarded_singleton.pddl --search astar(cpdbs(patterns=manual_patterns([[23,24,22,12,4,7,8,14,17,6,15]])))

INFO     planner time limit: None
INFO     planner memory limit: None

INFO     Running translator.
INFO     translator stdin: None
INFO     translator time limit: None
INFO     translator memory limit: None
INFO     translator command line string: 'D:\Miniforge3\python.exe' -m translate 'C:\Users\user\Desktop\theoria\.worktrees\e7-deadlock-claim\engine-rig\runs\20260728T150713Z-E7-deadlock-claim-audit\attacks\work\a5\swap\singleton\sokoban_guarded_singleton_domain.pddl' 'C:\Users\user\Desktop\theoria\.worktrees\e7-deadlock-claim\engine-rig\runs\20260728T150713Z-E7-deadlock-claim-audit\attacks\work\a5\swap\singleton\swap-passage_guarded_singleton.pddl' --sas-file output.sas
Warning! SIGXCPU is not available on your platform. This means that the planner cannot be gracefully terminated when using a time limit, which, however, is probably supported on your platform anyway.
Parsing...
Parsing: [0.000s CPU, 0.002s wall-clock]
Normalizing task... [0.000s CPU, 0.000s wall-clock]
Instantiating...
Generating Datalog program... [0.016s CPU, 0.000s wall-clock]
Normalizing Datalog program...
Normalizing Datalog program: [0.000s CPU, 0.015s wall-clock]
Preparing model... [0.000s CPU, 0.000s wall-clock]
Generated 20 rules.
Computing model... [0.016s CPU, 0.005s wall-clock]
613 relevant atoms
888 auxiliary atoms
1501 final queue length
1771 total queue pushes
Completing instantiation... [0.000s CPU, 0.002s wall-clock]
Instantiating: [0.031s CPU, 0.023s wall-clock]
Computing fact groups...
Finding invariants...
7 initial candidates
Finding invariants: [0.000s CPU, 0.001s wall-clock]
Checking invariant weight... [0.000s CPU, 0.000s wall-clock]
Instantiating groups... [0.000s CPU, 0.001s wall-clock]
Collecting mutex groups... [0.000s CPU, 0.000s wall-clock]
Choosing groups...
54 uncovered facts
Choosing groups: [0.000s CPU, 0.000s wall-clock]
Building translation key... [0.000s CPU, 0.000s wall-clock]
Computing fact groups: [0.000s CPU, 0.003s wall-clock]
Building STRIPS to SAS dictionary... [0.000s CPU, 0.000s wall-clock]
Building dictionary for full mutex groups... [0.000s CPU, 0.000s wall-clock]
Building mutex information...
Building mutex information: [0.000s CPU, 0.000s wall-clock]
Translating task...
Processing axioms...
Simplifying axioms... [0.000s CPU, 0.000s wall-clock]
Translator axioms removed by simplifying: 0
Processing axioms: [0.000s CPU, 0.000s wall-clock]
Translating task: [0.000s CPU, 0.002s wall-clock]
172 effect conditions simplified
0 implied preconditions added
Detecting unreachable propositions...
0 operators removed
0 axioms removed
83 propositions removed
Detecting unreachable propositions: [0.000s CPU, 0.001s wall-clock]
Reordering and filtering variables...
25 of 25 variables necessary.
22 of 25 mutex groups necessary.
116 of 116 operators necessary.
0 of 0 axiom rules necessary.
Reordering and filtering variables: [0.000s CPU, 0.001s wall-clock]
Translator variables: 25
Translator derived variables: 0
Translator facts: 94
Translator goal facts: 2
Translator mutex groups: 22
Translator total mutex groups size: 72
Translator operators: 116
Translator axioms: 0
Translator task size: 1057
warning: could not determine peak memory
Writing output... [0.000s CPU, 0.010s wall-clock]
Done! [0.031s CPU, 0.041s wall-clock]
translate exit code: 0

INFO     Running search (release).
INFO     search stdin: output.sas
INFO     search time limit: None
INFO     search memory limit: None
INFO     search command line string: 'C:\Users\user\Desktop\theoria\.worktrees\p13\engine-rig\.toolchain\downward\builds\release\bin\downward.exe' --search 'astar(cpdbs(patterns=manual_patterns([[23,24,22,12,4,7,8,14,17,6,15]])))' --internal-plan-file 'C:\Users\user\AppData\Local\Temp\e7verifypjo0bew9\sas_plan' < output.sas
[t=0.000627s, 2324 KB] Search code revision: 7120aa0
[t=0.000713s, 2324 KB] reading input...
[t=0.002242s, 2420 KB] done reading input!
[t=0.006809s, 2788 KB] Initializing canonical PDB heuristic...
[t=0.006823s, 2788 KB] Generating patterns using: manual pattern collection generator
[t=0.006827s, 2788 KB] Manual pattern collection: [[23, 24, 22, 12, 4, 7, 8, 14, 17, 6, 15]]
[t=0.006837s, 2788 KB] manual pattern collection generator number of patterns: 1
[t=0.006840s, 2788 KB] manual pattern collection generator total PDB size: 1103872
[t=0.006842s, 2788 KB] manual pattern collection generator computation time: 9.3e-06s
[t=0.006950s, 2788 KB] Computing PDBs for pattern collection...
[t=0.047756s, 8540 KB] Done computing PDBs for pattern collection: 0.040818s
[t=0.047778s, 8540 KB] Computing pattern cliques for pattern collection...
[t=0.047801s, 8540 KB] Done computing pattern cliques for pattern collection: 0.000025s
[t=0.047807s, 8540 KB] Running dominance pruning...
[t=0.047812s, 8540 KB] Pruned 0 of 1 pattern cliques
[t=0.047816s, 8540 KB] Pruned 0 of 1 PDBs
[t=0.047818s, 8540 KB] Dominance pruning took 0.000010s
[t=0.047822s, 8540 KB] Canonical PDB heuristic number of patterns: 1
[t=0.047825s, 8540 KB] Canonical PDB heuristic total PDB size: 1103872
[t=0.047829s, 8540 KB] Canonical PDB heuristic computation time: 0.041014s
[t=0.048000s, 8540 KB] Building successor generator... done!
[t=0.048137s, 8540 KB] peak memory difference for successor generator creation: 0 KB
[t=0.048140s, 8540 KB] time for successor generation creation: 0.000128s
[t=0.048145s, 8540 KB] Variables: 25
[t=0.048148s, 8540 KB] FactPairs: 94
[t=0.048150s, 8540 KB] Bytes per state: 8
[t=0.048162s, 8540 KB] Conducting best first search with reopening closed nodes, (real) bound = 2147483647
[t=0.048199s, 8540 KB] New best heuristic value for cpdbs: 9
[t=0.048204s, 8540 KB] g=0, 1 evaluated, 0 expanded
[t=0.048209s, 8540 KB] f = 9, 1 evaluated, 0 expanded
[t=0.048215s, 8540 KB] Initial heuristic value for cpdbs: 9
[t=0.048219s, 8540 KB] pruning method: none
[t=0.048230s, 8540 KB] New best heuristic value for cpdbs: 8
[t=0.048234s, 8540 KB] g=1, 4 evaluated, 1 expanded
[t=0.048240s, 8540 KB] New best heuristic value for cpdbs: 7
[t=0.048242s, 8540 KB] g=2, 6 evaluated, 2 expanded
[t=0.048250s, 8540 KB] New best heuristic value for cpdbs: 6
[t=0.048254s, 8540 KB] g=3, 10 evaluated, 3 expanded
[t=0.048260s, 8540 KB] f = 11, 12 evaluated, 4 expanded
[t=0.048397s, 8540 KB] New best heuristic value for cpdbs: 5
[t=0.048411s, 8540 KB] g=6, 17 evaluated, 6 expanded
[t=0.048421s, 8540 KB] New best heuristic value for cpdbs: 4
[t=0.048423s, 8540 KB] g=7, 20 evaluated, 7 expanded
[t=0.048440s, 8540 KB] f = 13, 27 evaluated, 14 expanded
[t=0.048464s, 8540 KB] f = 15, 37 evaluated, 27 expanded
[t=0.048473s, 8540 KB] f = 17, 38 evaluated, 32 expanded
[t=0.048514s, 8540 KB] f = 19, 66 evaluated, 46 expanded
[t=0.048549s, 8540 KB] f = 21, 88 evaluated, 65 expanded
[t=0.048587s, 8540 KB] f = 23, 110 evaluated, 88 expanded
[t=0.048629s, 8540 KB] f = 25, 131 evaluated, 110 expanded
[t=0.048683s, 8540 KB] f = 27, 170 evaluated, 137 expanded
[t=0.048756s, 8540 KB] f = 29, 225 evaluated, 177 expanded
[t=0.048765s, 8540 KB] New best heuristic value for cpdbs: 3
[t=0.048767s, 8540 KB] g=26, 230 evaluated, 179 expanded
[t=0.048846s, 8540 KB] f = 31, 275 evaluated, 225 expanded
[t=0.048935s, 8540 KB] f = 33, 345 evaluated, 281 expanded
[t=0.049057s, 8540 KB] f = 35, 434 evaluated, 358 expanded
[t=0.049199s, 8540 KB] f = 37, 521 evaluated, 442 expanded
[t=0.049284s, 8540 KB] f = 39, 577 evaluated, 510 expanded
[t=0.049353s, 8540 KB] f = 41, 621 evaluated, 563 expanded
[t=0.049398s, 8540 KB] f = 43, 647 evaluated, 601 expanded
[t=0.049417s, 8540 KB] f = 45, 654 evaluated, 619 expanded
[t=0.049427s, 8540 KB] f = 47, 657 evaluated, 626 expanded
[t=0.049434s, 8540 KB] f = 49, 658 evaluated, 629 expanded
[t=0.049437s, 8540 KB] Completely explored state space -- no solution!
[t=0.049440s, 8540 KB] Actual search time: 0.001220s
[t=0.049444s, 8540 KB] Expanded 630 state(s).
[t=0.049444s, 8540 KB] Reopened 0 state(s).
[t=0.049444s, 8540 KB] Evaluated 658 state(s).
[t=0.049444s, 8540 KB] Evaluations: 658
[t=0.049444s, 8540 KB] Generated 1644 state(s).
[t=0.049444s, 8540 KB] Dead ends: 28 state(s).
[t=0.049444s, 8540 KB] Expanded until last jump: 629 state(s).
[t=0.049444s, 8540 KB] Reopened until last jump: 0 state(s).
[t=0.049444s, 8540 KB] Evaluated until last jump: 658 state(s).
[t=0.049444s, 8540 KB] Generated until last jump: 1642 state(s).
[t=0.049444s, 8540 KB] Number of registered states: 658
[t=0.049444s, 8540 KB] Int hash set load factor: 658/1024 = 0.642578
[t=0.049444s, 8540 KB] Int hash set resizes: 10
[t=0.049444s, 8540 KB] Search time: 0.001283s
[t=0.049444s, 8540 KB] Total time: 0.049444s
Search stopped without finding a solution.
Remove intermediate file output.sas
search exit code: 12

Driver aborting after search

