$ D:\Miniforge3\python.exe C:/Users/user/Desktop/theoria/.worktrees/p13/engine-rig/.toolchain/downward/fast-downward.py --plan-file C:\Users\user\AppData\Local\Temp\e7verifyn4tybo50\sas_plan C:\Users\user\Desktop\theoria\.worktrees\e7-deadlock-claim\engine-rig\fixtures\data\sokoban_domain.pddl C:\Users\user\Desktop\theoria\.worktrees\e7-deadlock-claim\engine-rig\runs\20260728T150713Z-E7-deadlock-claim-audit\attacks\work\a5\swap\swap-passage.pddl --search astar(cpdbs(patterns=manual_patterns([[23,24,22,12,18,6,19,15,17,1]])))

INFO     planner time limit: None
INFO     planner memory limit: None

INFO     Running translator.
INFO     translator stdin: None
INFO     translator time limit: None
INFO     translator memory limit: None
INFO     translator command line string: 'D:\Miniforge3\python.exe' -m translate 'C:\Users\user\Desktop\theoria\.worktrees\e7-deadlock-claim\engine-rig\fixtures\data\sokoban_domain.pddl' 'C:\Users\user\Desktop\theoria\.worktrees\e7-deadlock-claim\engine-rig\runs\20260728T150713Z-E7-deadlock-claim-audit\attacks\work\a5\swap\swap-passage.pddl' --sas-file output.sas
Warning! SIGXCPU is not available on your platform. This means that the planner cannot be gracefully terminated when using a time limit, which, however, is probably supported on your platform anyway.
Parsing...
Parsing: [0.000s CPU, 0.002s wall-clock]
Normalizing task... [0.000s CPU, 0.000s wall-clock]
Instantiating...
Generating Datalog program... [0.000s CPU, 0.000s wall-clock]
Normalizing Datalog program...
Normalizing Datalog program: [0.000s CPU, 0.001s wall-clock]
Preparing model... [0.000s CPU, 0.000s wall-clock]
Generated 20 rules.
Computing model... [0.000s CPU, 0.005s wall-clock]
597 relevant atoms
888 auxiliary atoms
1485 final queue length
1755 total queue pushes
Completing instantiation... [0.000s CPU, 0.002s wall-clock]
Instantiating: [0.000s CPU, 0.008s wall-clock]
Computing fact groups...
Finding invariants...
7 initial candidates
Finding invariants: [0.000s CPU, 0.001s wall-clock]
Checking invariant weight... [0.000s CPU, 0.000s wall-clock]
Instantiating groups... [0.000s CPU, 0.001s wall-clock]
Collecting mutex groups... [0.000s CPU, 0.000s wall-clock]
Choosing groups...
54 uncovered facts
Choosing groups: [0.000s CPU, 0.000s wall-clock]
Building translation key... [0.000s CPU, 0.000s wall-clock]
Computing fact groups: [0.000s CPU, 0.003s wall-clock]
Building STRIPS to SAS dictionary... [0.000s CPU, 0.000s wall-clock]
Building dictionary for full mutex groups... [0.000s CPU, 0.000s wall-clock]
Building mutex information...
Building mutex information: [0.000s CPU, 0.000s wall-clock]
Translating task...
Processing axioms...
Simplifying axioms... [0.000s CPU, 0.000s wall-clock]
Translator axioms removed by simplifying: 0
Processing axioms: [0.000s CPU, 0.000s wall-clock]
Translating task: [0.016s CPU, 0.002s wall-clock]
204 effect conditions simplified
0 implied preconditions added
Detecting unreachable propositions...
0 operators removed
0 axioms removed
67 propositions removed
Detecting unreachable propositions: [0.000s CPU, 0.001s wall-clock]
Reordering and filtering variables...
25 of 25 variables necessary.
22 of 25 mutex groups necessary.
132 of 132 operators necessary.
0 of 0 axiom rules necessary.
Reordering and filtering variables: [0.000s CPU, 0.001s wall-clock]
Translator variables: 25
Translator derived variables: 0
Translator facts: 110
Translator goal facts: 2
Translator mutex groups: 22
Translator total mutex groups size: 88
Translator operators: 132
Translator axioms: 0
Translator task size: 1233
warning: could not determine peak memory
Writing output... [0.000s CPU, 0.010s wall-clock]
Done! [0.016s CPU, 0.027s wall-clock]
translate exit code: 0

INFO     Running search (release).
INFO     search stdin: output.sas
INFO     search time limit: None
INFO     search memory limit: None
INFO     search command line string: 'C:\Users\user\Desktop\theoria\.worktrees\p13\engine-rig\.toolchain\downward\builds\release\bin\downward.exe' --search 'astar(cpdbs(patterns=manual_patterns([[23,24,22,12,18,6,19,15,17,1]])))' --internal-plan-file 'C:\Users\user\AppData\Local\Temp\e7verifyn4tybo50\sas_plan' < output.sas
[t=0.000153s, 1940 KB] Search code revision: 7120aa0
[t=0.000239s, 1940 KB] reading input...
[t=0.001685s, 2252 KB] done reading input!
[t=0.003067s, 2840 KB] Initializing canonical PDB heuristic...
[t=0.003080s, 2840 KB] Generating patterns using: manual pattern collection generator
[t=0.003085s, 2840 KB] Manual pattern collection: [[23, 24, 22, 12, 18, 6, 19, 15, 17, 1]]
[t=0.003095s, 2840 KB] manual pattern collection generator number of patterns: 1
[t=0.003097s, 2848 KB] manual pattern collection generator total PDB size: 1362944
[t=0.003100s, 2848 KB] manual pattern collection generator computation time: 9.5e-06s
[t=0.003108s, 2848 KB] Computing PDBs for pattern collection...
[t=0.017937s, 8568 KB] Done computing PDBs for pattern collection: 0.014844s
[t=0.017968s, 8568 KB] Computing pattern cliques for pattern collection...
[t=0.017996s, 8568 KB] Done computing pattern cliques for pattern collection: 0.000030s
[t=0.018007s, 8568 KB] Running dominance pruning...
[t=0.018014s, 8568 KB] Pruned 0 of 1 pattern cliques
[t=0.018020s, 8568 KB] Pruned 0 of 1 PDBs
[t=0.018024s, 8568 KB] Dominance pruning took 0.000014s
[t=0.018028s, 8568 KB] Canonical PDB heuristic number of patterns: 1
[t=0.018032s, 8568 KB] Canonical PDB heuristic total PDB size: 1362944
[t=0.018035s, 8568 KB] Canonical PDB heuristic computation time: 0.014962s
[t=0.018121s, 8568 KB] Building successor generator... done!
[t=0.018210s, 8568 KB] peak memory difference for successor generator creation: 0 KB
[t=0.018215s, 8568 KB] time for successor generation creation: 0.000071s
[t=0.018224s, 8568 KB] Variables: 25
[t=0.018229s, 8568 KB] FactPairs: 110
[t=0.018234s, 8568 KB] Bytes per state: 8
[t=0.018251s, 8568 KB] Conducting best first search with reopening closed nodes, (real) bound = 2147483647
[t=0.018301s, 8568 KB] New best heuristic value for cpdbs: 13
[t=0.018306s, 8568 KB] g=0, 1 evaluated, 0 expanded
[t=0.018310s, 8568 KB] f = 13, 1 evaluated, 0 expanded
[t=0.018321s, 8568 KB] Initial heuristic value for cpdbs: 13
[t=0.018327s, 8568 KB] pruning method: none
[t=0.018340s, 8568 KB] New best heuristic value for cpdbs: 12
[t=0.018345s, 8568 KB] g=1, 3 evaluated, 1 expanded
[t=0.018353s, 8568 KB] New best heuristic value for cpdbs: 11
[t=0.018357s, 8568 KB] g=2, 6 evaluated, 2 expanded
[t=0.018367s, 8568 KB] f = 15, 10 evaluated, 3 expanded
[t=0.018385s, 8568 KB] f = 17, 17 evaluated, 9 expanded
[t=0.018405s, 8568 KB] New best heuristic value for cpdbs: 10
[t=0.018412s, 8568 KB] g=7, 28 evaluated, 16 expanded
[t=0.018424s, 8568 KB] New best heuristic value for cpdbs: 9
[t=0.018428s, 8568 KB] g=8, 31 evaluated, 17 expanded
[t=0.018433s, 8568 KB] New best heuristic value for cpdbs: 8
[t=0.018436s, 8568 KB] g=9, 32 evaluated, 18 expanded
[t=0.018444s, 8568 KB] New best heuristic value for cpdbs: 7
[t=0.018449s, 8568 KB] g=10, 34 evaluated, 19 expanded
[t=0.018457s, 8568 KB] New best heuristic value for cpdbs: 6
[t=0.018461s, 8568 KB] g=11, 38 evaluated, 20 expanded
[t=0.018473s, 8568 KB] f = 19, 43 evaluated, 24 expanded
[t=0.018497s, 8568 KB] f = 21, 55 evaluated, 38 expanded
[t=0.018541s, 8568 KB] f = 23, 82 evaluated, 57 expanded
[t=0.018569s, 8568 KB] f = 25, 97 evaluated, 74 expanded
[t=0.018609s, 8568 KB] f = 27, 121 evaluated, 95 expanded
[t=0.018645s, 8568 KB] f = 29, 134 evaluated, 111 expanded
[t=0.018689s, 8568 KB] f = 31, 166 evaluated, 131 expanded
[t=0.018803s, 8568 KB] f = 33, 250 evaluated, 177 expanded
[t=0.018956s, 8568 KB] f = 35, 339 evaluated, 254 expanded
[t=0.018967s, 8568 KB] New best heuristic value for cpdbs: 5
[t=0.018970s, 8568 KB] g=30, 344 evaluated, 256 expanded
[t=0.018977s, 8568 KB] New best heuristic value for cpdbs: 4
[t=0.018981s, 8568 KB] g=31, 347 evaluated, 257 expanded
[t=0.019114s, 8568 KB] f = 37, 443 evaluated, 344 expanded
[t=0.019126s, 8568 KB] New best heuristic value for cpdbs: 3
[t=0.019129s, 8568 KB] g=34, 448 evaluated, 346 expanded
[t=0.019222s, 8568 KB] f = 39, 498 evaluated, 422 expanded
[t=0.019320s, 8568 KB] f = 41, 535 evaluated, 472 expanded
[t=0.019368s, 8568 KB] f = 43, 563 evaluated, 501 expanded
[t=0.019428s, 8568 KB] f = 45, 599 evaluated, 539 expanded
[t=0.019452s, 8568 KB] f = 47, 607 evaluated, 555 expanded
[t=0.019464s, 8568 KB] f = 49, 608 evaluated, 562 expanded
[t=0.019488s, 8568 KB] f = 51, 627 evaluated, 570 expanded
[t=0.019504s, 8568 KB] f = 53, 631 evaluated, 580 expanded
[t=0.019514s, 8568 KB] Completely explored state space -- no solution!
[t=0.019518s, 8568 KB] Actual search time: 0.001189s
[t=0.019521s, 8568 KB] Expanded 584 state(s).
[t=0.019521s, 8568 KB] Reopened 0 state(s).
[t=0.019521s, 8568 KB] Evaluated 631 state(s).
[t=0.019521s, 8568 KB] Evaluations: 631
[t=0.019521s, 8568 KB] Generated 1540 state(s).
[t=0.019521s, 8568 KB] Dead ends: 47 state(s).
[t=0.019521s, 8568 KB] Expanded until last jump: 580 state(s).
[t=0.019521s, 8568 KB] Reopened until last jump: 0 state(s).
[t=0.019521s, 8568 KB] Evaluated until last jump: 631 state(s).
[t=0.019521s, 8568 KB] Generated until last jump: 1532 state(s).
[t=0.019521s, 8568 KB] Number of registered states: 631
[t=0.019521s, 8568 KB] Int hash set load factor: 631/1024 = 0.616211
[t=0.019521s, 8568 KB] Int hash set resizes: 10
[t=0.019521s, 8568 KB] Search time: 0.001272s
[t=0.019521s, 8568 KB] Total time: 0.019521s
Search stopped without finding a solution.
Remove intermediate file output.sas
search exit code: 12

Driver aborting after search

