$ D:\Miniforge3\python.exe C:/Users/user/Desktop/theoria/.worktrees/p13/engine-rig/.toolchain/downward/fast-downward.py --plan-file C:\Users\user\AppData\Local\Temp\e7verifywbd846b2\sas_plan C:\Users\user\Desktop\theoria\.worktrees\e7-deadlock-claim\engine-rig\runs\20260728T150713Z-E7-deadlock-claim-audit\attacks\work\a5\swap\singleton\sokoban_guarded_singleton_domain.pddl C:\Users\user\Desktop\theoria\.worktrees\e7-deadlock-claim\engine-rig\runs\20260728T150713Z-E7-deadlock-claim-audit\attacks\work\a5\swap\singleton\swap-passage_guarded_singleton.pddl --search astar(cpdbs(patterns=manual_patterns([[23,24,22,19,18,17,16,20,21,11,5]])))

INFO     planner time limit: None
INFO     planner memory limit: None

INFO     Running translator.
INFO     translator stdin: None
INFO     translator time limit: None
INFO     translator memory limit: None
INFO     translator command line string: 'D:\Miniforge3\python.exe' -m translate 'C:\Users\user\Desktop\theoria\.worktrees\e7-deadlock-claim\engine-rig\runs\20260728T150713Z-E7-deadlock-claim-audit\attacks\work\a5\swap\singleton\sokoban_guarded_singleton_domain.pddl' 'C:\Users\user\Desktop\theoria\.worktrees\e7-deadlock-claim\engine-rig\runs\20260728T150713Z-E7-deadlock-claim-audit\attacks\work\a5\swap\singleton\swap-passage_guarded_singleton.pddl' --sas-file output.sas
Warning! SIGXCPU is not available on your platform. This means that the planner cannot be gracefully terminated when using a time limit, which, however, is probably supported on your platform anyway.
Parsing...
Parsing: [0.000s CPU, 0.002s wall-clock]
Normalizing task... [0.000s CPU, 0.000s wall-clock]
Instantiating...
Generating Datalog program... [0.000s CPU, 0.000s wall-clock]
Normalizing Datalog program...
Normalizing Datalog program: [0.016s CPU, 0.001s wall-clock]
Preparing model... [0.000s CPU, 0.000s wall-clock]
Generated 20 rules.
Computing model... [0.000s CPU, 0.005s wall-clock]
613 relevant atoms
888 auxiliary atoms
1501 final queue length
1771 total queue pushes
Completing instantiation... [0.000s CPU, 0.002s wall-clock]
Instantiating: [0.016s CPU, 0.008s wall-clock]
Computing fact groups...
Finding invariants...
7 initial candidates
Finding invariants: [0.000s CPU, 0.001s wall-clock]
Checking invariant weight... [0.000s CPU, 0.000s wall-clock]
Instantiating groups... [0.000s CPU, 0.001s wall-clock]
Collecting mutex groups... [0.000s CPU, 0.000s wall-clock]
Choosing groups...
54 uncovered facts
Choosing groups: [0.000s CPU, 0.000s wall-clock]
Building translation key... [0.000s CPU, 0.000s wall-clock]
Computing fact groups: [0.000s CPU, 0.003s wall-clock]
Building STRIPS to SAS dictionary... [0.000s CPU, 0.000s wall-clock]
Building dictionary for full mutex groups... [0.000s CPU, 0.000s wall-clock]
Building mutex information...
Building mutex information: [0.000s CPU, 0.000s wall-clock]
Translating task...
Processing axioms...
Simplifying axioms... [0.000s CPU, 0.000s wall-clock]
Translator axioms removed by simplifying: 0
Processing axioms: [0.000s CPU, 0.000s wall-clock]
Translating task: [0.000s CPU, 0.002s wall-clock]
172 effect conditions simplified
0 implied preconditions added
Detecting unreachable propositions...
0 operators removed
0 axioms removed
83 propositions removed
Detecting unreachable propositions: [0.000s CPU, 0.001s wall-clock]
Reordering and filtering variables...
25 of 25 variables necessary.
22 of 25 mutex groups necessary.
116 of 116 operators necessary.
0 of 0 axiom rules necessary.
Reordering and filtering variables: [0.000s CPU, 0.001s wall-clock]
Translator variables: 25
Translator derived variables: 0
Translator facts: 94
Translator goal facts: 2
Translator mutex groups: 22
Translator total mutex groups size: 72
Translator operators: 116
Translator axioms: 0
Translator task size: 1057
warning: could not determine peak memory
Writing output... [0.016s CPU, 0.009s wall-clock]
Done! [0.031s CPU, 0.026s wall-clock]
translate exit code: 0

INFO     Running search (release).
INFO     search stdin: output.sas
INFO     search time limit: None
INFO     search memory limit: None
INFO     search command line string: 'C:\Users\user\Desktop\theoria\.worktrees\p13\engine-rig\.toolchain\downward\builds\release\bin\downward.exe' --search 'astar(cpdbs(patterns=manual_patterns([[23,24,22,19,18,17,16,20,21,11,5]])))' --internal-plan-file 'C:\Users\user\AppData\Local\Temp\e7verifywbd846b2\sas_plan' < output.sas
[t=0.000147s, 1956 KB] Search code revision: 7120aa0
[t=0.000238s, 1956 KB] reading input...
[t=0.001501s, 2224 KB] done reading input!
[t=0.002884s, 2844 KB] Initializing canonical PDB heuristic...
[t=0.002896s, 2844 KB] Generating patterns using: manual pattern collection generator
[t=0.002900s, 2844 KB] Manual pattern collection: [[23, 24, 22, 19, 18, 17, 16, 20, 21, 11, 5]]
[t=0.002910s, 2844 KB] manual pattern collection generator number of patterns: 1
[t=0.002914s, 2844 KB] manual pattern collection generator total PDB size: 1103872
[t=0.002917s, 2844 KB] manual pattern collection generator computation time: 9.5e-06s
[t=0.002924s, 2844 KB] Computing PDBs for pattern collection...
[t=0.014021s, 7480 KB] Done computing PDBs for pattern collection: 0.011107s
[t=0.014042s, 7480 KB] Computing pattern cliques for pattern collection...
[t=0.014060s, 7480 KB] Done computing pattern cliques for pattern collection: 0.000019s
[t=0.014065s, 7480 KB] Running dominance pruning...
[t=0.014070s, 7480 KB] Pruned 0 of 1 pattern cliques
[t=0.014072s, 7480 KB] Pruned 0 of 1 PDBs
[t=0.014078s, 7480 KB] Dominance pruning took 0.000012s
[t=0.014082s, 7480 KB] Canonical PDB heuristic number of patterns: 1
[t=0.014085s, 7480 KB] Canonical PDB heuristic total PDB size: 1103872
[t=0.014087s, 7480 KB] Canonical PDB heuristic computation time: 0.011198s
[t=0.014119s, 7480 KB] Building successor generator... done!
[t=0.014178s, 7480 KB] peak memory difference for successor generator creation: 0 KB
[t=0.014181s, 7480 KB] time for successor generation creation: 0.000045s
[t=0.014186s, 7480 KB] Variables: 25
[t=0.014188s, 7480 KB] FactPairs: 94
[t=0.014190s, 7480 KB] Bytes per state: 8
[t=0.014200s, 7480 KB] Conducting best first search with reopening closed nodes, (real) bound = 2147483647
[t=0.014229s, 7480 KB] New best heuristic value for cpdbs: 37
[t=0.014233s, 7480 KB] g=0, 1 evaluated, 0 expanded
[t=0.014236s, 7480 KB] f = 37, 1 evaluated, 0 expanded
[t=0.014244s, 7480 KB] Initial heuristic value for cpdbs: 37
[t=0.014246s, 7480 KB] pruning method: none
[t=0.014256s, 7480 KB] New best heuristic value for cpdbs: 36
[t=0.014260s, 7480 KB] g=1, 4 evaluated, 1 expanded
[t=0.014265s, 7480 KB] New best heuristic value for cpdbs: 35
[t=0.014267s, 7480 KB] g=2, 5 evaluated, 2 expanded
[t=0.014271s, 7480 KB] New best heuristic value for cpdbs: 34
[t=0.014273s, 7480 KB] g=3, 7 evaluated, 3 expanded
[t=0.014277s, 7480 KB] New best heuristic value for cpdbs: 33
[t=0.014280s, 7480 KB] g=4, 8 evaluated, 4 expanded
[t=0.014287s, 7480 KB] New best heuristic value for cpdbs: 32
[t=0.014290s, 7480 KB] g=5, 11 evaluated, 5 expanded
[t=0.014308s, 7480 KB] New best heuristic value for cpdbs: 31
[t=0.014311s, 7480 KB] g=6, 13 evaluated, 6 expanded
[t=0.014317s, 7480 KB] New best heuristic value for cpdbs: 30
[t=0.014320s, 7480 KB] g=7, 15 evaluated, 7 expanded
[t=0.014326s, 7480 KB] New best heuristic value for cpdbs: 29
[t=0.014329s, 7480 KB] g=8, 17 evaluated, 8 expanded
[t=0.014332s, 7480 KB] New best heuristic value for cpdbs: 28
[t=0.014336s, 7480 KB] g=9, 18 evaluated, 9 expanded
[t=0.014339s, 7480 KB] New best heuristic value for cpdbs: 27
[t=0.014342s, 7480 KB] g=10, 19 evaluated, 10 expanded
[t=0.014346s, 7480 KB] New best heuristic value for cpdbs: 26
[t=0.014349s, 7480 KB] g=11, 21 evaluated, 11 expanded
[t=0.014353s, 7480 KB] New best heuristic value for cpdbs: 25
[t=0.014356s, 7480 KB] g=12, 22 evaluated, 12 expanded
[t=0.014362s, 7480 KB] New best heuristic value for cpdbs: 24
[t=0.014365s, 7480 KB] g=13, 25 evaluated, 13 expanded
[t=0.014370s, 7480 KB] New best heuristic value for cpdbs: 23
[t=0.014373s, 7480 KB] g=14, 27 evaluated, 14 expanded
[t=0.014378s, 7480 KB] New best heuristic value for cpdbs: 22
[t=0.014380s, 7480 KB] g=15, 30 evaluated, 15 expanded
[t=0.014384s, 7480 KB] New best heuristic value for cpdbs: 21
[t=0.014387s, 7480 KB] g=16, 31 evaluated, 16 expanded
[t=0.014397s, 7480 KB] New best heuristic value for cpdbs: 20
[t=0.014401s, 7480 KB] g=17, 34 evaluated, 17 expanded
[t=0.014405s, 7480 KB] New best heuristic value for cpdbs: 19
[t=0.014408s, 7480 KB] g=18, 36 evaluated, 18 expanded
[t=0.014413s, 7480 KB] New best heuristic value for cpdbs: 18
[t=0.014417s, 7480 KB] g=19, 40 evaluated, 19 expanded
[t=0.014421s, 7480 KB] New best heuristic value for cpdbs: 17
[t=0.014423s, 7480 KB] g=20, 42 evaluated, 20 expanded
[t=0.014427s, 7480 KB] New best heuristic value for cpdbs: 16
[t=0.014430s, 7480 KB] g=21, 44 evaluated, 21 expanded
[t=0.014435s, 7480 KB] New best heuristic value for cpdbs: 15
[t=0.014439s, 7480 KB] g=22, 47 evaluated, 22 expanded
[t=0.014444s, 7480 KB] New best heuristic value for cpdbs: 14
[t=0.014447s, 7480 KB] g=23, 50 evaluated, 23 expanded
[t=0.014450s, 7480 KB] New best heuristic value for cpdbs: 13
[t=0.014453s, 7480 KB] g=24, 51 evaluated, 24 expanded
[t=0.014457s, 7480 KB] New best heuristic value for cpdbs: 12
[t=0.014460s, 7480 KB] g=25, 53 evaluated, 25 expanded
[t=0.014464s, 7480 KB] New best heuristic value for cpdbs: 11
[t=0.014467s, 7480 KB] g=26, 55 evaluated, 26 expanded
[t=0.014470s, 7480 KB] New best heuristic value for cpdbs: 10
[t=0.014474s, 7480 KB] g=27, 56 evaluated, 27 expanded
[t=0.014477s, 7480 KB] New best heuristic value for cpdbs: 9
[t=0.014480s, 7480 KB] g=28, 57 evaluated, 28 expanded
[t=0.014485s, 7480 KB] New best heuristic value for cpdbs: 8
[t=0.014488s, 7480 KB] g=29, 59 evaluated, 29 expanded
[t=0.014493s, 7480 KB] f = 39, 60 evaluated, 31 expanded
[t=0.014525s, 7480 KB] f = 41, 77 evaluated, 54 expanded
[t=0.014545s, 7480 KB] f = 43, 87 evaluated, 71 expanded
[t=0.014616s, 7480 KB] f = 45, 151 evaluated, 109 expanded
[t=0.014684s, 7480 KB] f = 47, 205 evaluated, 162 expanded
[t=0.014726s, 7480 KB] f = 49, 231 evaluated, 202 expanded
[t=0.014754s, 7480 KB] f = 51, 249 evaluated, 223 expanded
[t=0.014792s, 7480 KB] f = 53, 266 evaluated, 240 expanded
[t=0.014820s, 7480 KB] f = 55, 288 evaluated, 261 expanded
[t=0.014852s, 7480 KB] f = 57, 313 evaluated, 282 expanded
[t=0.014885s, 7480 KB] f = 59, 341 evaluated, 306 expanded
[t=0.014923s, 7480 KB] f = 61, 369 evaluated, 336 expanded
[t=0.014956s, 7480 KB] f = 63, 394 evaluated, 361 expanded
[t=0.014973s, 7480 KB] f = 65, 401 evaluated, 376 expanded
[t=0.015000s, 7480 KB] f = 67, 424 evaluated, 392 expanded
[t=0.015033s, 7480 KB] f = 69, 450 evaluated, 417 expanded
[t=0.015051s, 7480 KB] f = 71, 460 evaluated, 431 expanded
[t=0.015062s, 7480 KB] f = 73, 463 evaluated, 440 expanded
[t=0.015074s, 7480 KB] f = 75, 471 evaluated, 445 expanded
[t=0.015084s, 7480 KB] f = 77, 474 evaluated, 452 expanded
[t=0.015089s, 7480 KB] Completely explored state space -- no solution!
[t=0.015091s, 7480 KB] Actual search time: 0.000843s
[t=0.015094s, 7480 KB] Expanded 454 state(s).
[t=0.015094s, 7480 KB] Reopened 0 state(s).
[t=0.015094s, 7480 KB] Evaluated 474 state(s).
[t=0.015094s, 7480 KB] Evaluations: 474
[t=0.015094s, 7480 KB] Generated 1164 state(s).
[t=0.015094s, 7480 KB] Dead ends: 20 state(s).
[t=0.015094s, 7480 KB] Expanded until last jump: 452 state(s).
[t=0.015094s, 7480 KB] Reopened until last jump: 0 state(s).
[t=0.015094s, 7480 KB] Evaluated until last jump: 474 state(s).
[t=0.015094s, 7480 KB] Generated until last jump: 1160 state(s).
[t=0.015094s, 7480 KB] Number of registered states: 474
[t=0.015094s, 7480 KB] Int hash set load factor: 474/512 = 0.925781
[t=0.015094s, 7480 KB] Int hash set resizes: 9
[t=0.015094s, 7480 KB] Search time: 0.000896s
[t=0.015094s, 7480 KB] Total time: 0.015094s
Search stopped without finding a solution.
Remove intermediate file output.sas
search exit code: 12

Driver aborting after search

