$ D:\Miniforge3\python.exe C:/Users/user/Desktop/theoria/.worktrees/p13/engine-rig/.toolchain/downward/fast-downward.py --plan-file C:\Users\user\AppData\Local\Temp\e7verifytuoh_jue\sas_plan C:\Users\user\Desktop\theoria\.worktrees\e7-deadlock-claim\engine-rig\runs\20260728T150713Z-E7-deadlock-claim-audit\attacks\work\a5\swap\singleton\sokoban_guarded_singleton_domain.pddl C:\Users\user\Desktop\theoria\.worktrees\e7-deadlock-claim\engine-rig\runs\20260728T150713Z-E7-deadlock-claim-audit\attacks\work\a5\swap\singleton\swap-passage_guarded_singleton.pddl --search astar(cpdbs(patterns=manual_patterns([[23,24,22,19,10]])))

INFO     planner time limit: None
INFO     planner memory limit: None

INFO     Running translator.
INFO     translator stdin: None
INFO     translator time limit: None
INFO     translator memory limit: None
INFO     translator command line string: 'D:\Miniforge3\python.exe' -m translate 'C:\Users\user\Desktop\theoria\.worktrees\e7-deadlock-claim\engine-rig\runs\20260728T150713Z-E7-deadlock-claim-audit\attacks\work\a5\swap\singleton\sokoban_guarded_singleton_domain.pddl' 'C:\Users\user\Desktop\theoria\.worktrees\e7-deadlock-claim\engine-rig\runs\20260728T150713Z-E7-deadlock-claim-audit\attacks\work\a5\swap\singleton\swap-passage_guarded_singleton.pddl' --sas-file output.sas
Warning! SIGXCPU is not available on your platform. This means that the planner cannot be gracefully terminated when using a time limit, which, however, is probably supported on your platform anyway.
Parsing...
Parsing: [0.000s CPU, 0.002s wall-clock]
Normalizing task... [0.000s CPU, 0.000s wall-clock]
Instantiating...
Generating Datalog program... [0.000s CPU, 0.000s wall-clock]
Normalizing Datalog program...
Normalizing Datalog program: [0.000s CPU, 0.001s wall-clock]
Preparing model... [0.000s CPU, 0.000s wall-clock]
Generated 20 rules.
Computing model... [0.000s CPU, 0.005s wall-clock]
613 relevant atoms
888 auxiliary atoms
1501 final queue length
1771 total queue pushes
Completing instantiation... [0.000s CPU, 0.002s wall-clock]
Instantiating: [0.000s CPU, 0.008s wall-clock]
Computing fact groups...
Finding invariants...
7 initial candidates
Finding invariants: [0.000s CPU, 0.001s wall-clock]
Checking invariant weight... [0.000s CPU, 0.000s wall-clock]
Instantiating groups... [0.000s CPU, 0.001s wall-clock]
Collecting mutex groups... [0.000s CPU, 0.000s wall-clock]
Choosing groups...
54 uncovered facts
Choosing groups: [0.000s CPU, 0.000s wall-clock]
Building translation key... [0.000s CPU, 0.000s wall-clock]
Computing fact groups: [0.000s CPU, 0.003s wall-clock]
Building STRIPS to SAS dictionary... [0.000s CPU, 0.000s wall-clock]
Building dictionary for full mutex groups... [0.000s CPU, 0.000s wall-clock]
Building mutex information...
Building mutex information: [0.000s CPU, 0.000s wall-clock]
Translating task...
Processing axioms...
Simplifying axioms... [0.000s CPU, 0.000s wall-clock]
Translator axioms removed by simplifying: 0
Processing axioms: [0.000s CPU, 0.000s wall-clock]
Translating task: [0.016s CPU, 0.002s wall-clock]
172 effect conditions simplified
0 implied preconditions added
Detecting unreachable propositions...
0 operators removed
0 axioms removed
83 propositions removed
Detecting unreachable propositions: [0.000s CPU, 0.001s wall-clock]
Reordering and filtering variables...
25 of 25 variables necessary.
22 of 25 mutex groups necessary.
116 of 116 operators necessary.
0 of 0 axiom rules necessary.
Reordering and filtering variables: [0.000s CPU, 0.001s wall-clock]
Translator variables: 25
Translator derived variables: 0
Translator facts: 94
Translator goal facts: 2
Translator mutex groups: 22
Translator total mutex groups size: 72
Translator operators: 116
Translator axioms: 0
Translator task size: 1057
warning: could not determine peak memory
Writing output... [0.000s CPU, 0.009s wall-clock]
Done! [0.016s CPU, 0.026s wall-clock]
translate exit code: 0

INFO     Running search (release).
INFO     search stdin: output.sas
INFO     search time limit: None
INFO     search memory limit: None
INFO     search command line string: 'C:\Users\user\Desktop\theoria\.worktrees\p13\engine-rig\.toolchain\downward\builds\release\bin\downward.exe' --search 'astar(cpdbs(patterns=manual_patterns([[23,24,22,19,10]])))' --internal-plan-file 'C:\Users\user\AppData\Local\Temp\e7verifytuoh_jue\sas_plan' < output.sas
[t=0.000101s, 1904 KB] Search code revision: 7120aa0
[t=0.000179s, 1904 KB] reading input...
[t=0.001502s, 2192 KB] done reading input!
[t=0.002523s, 2792 KB] Initializing canonical PDB heuristic...
[t=0.002534s, 2792 KB] Generating patterns using: manual pattern collection generator
[t=0.002540s, 2792 KB] Manual pattern collection: [[23, 24, 22, 19, 10]]
[t=0.002551s, 2792 KB] manual pattern collection generator number of patterns: 1
[t=0.002555s, 2792 KB] manual pattern collection generator total PDB size: 17248
[t=0.002559s, 2792 KB] manual pattern collection generator computation time: 1.25e-05s
[t=0.002566s, 2792 KB] Computing PDBs for pattern collection...
[t=0.002978s, 2952 KB] Done computing PDBs for pattern collection: 0.000415s
[t=0.002986s, 2952 KB] Computing pattern cliques for pattern collection...
[t=0.002995s, 2952 KB] Done computing pattern cliques for pattern collection: 0.000011s
[t=0.003000s, 2952 KB] Running dominance pruning...
[t=0.003005s, 2952 KB] Pruned 0 of 1 pattern cliques
[t=0.003008s, 2952 KB] Pruned 0 of 1 PDBs
[t=0.003010s, 2952 KB] Dominance pruning took 0.000009s
[t=0.003014s, 2952 KB] Canonical PDB heuristic number of patterns: 1
[t=0.003016s, 2952 KB] Canonical PDB heuristic total PDB size: 17248
[t=0.003018s, 2952 KB] Canonical PDB heuristic computation time: 0.000491s
[t=0.003047s, 2964 KB] Building successor generator... done!
[t=0.003098s, 2964 KB] peak memory difference for successor generator creation: 0 KB
[t=0.003101s, 2964 KB] time for successor generation creation: 0.000044s
[t=0.003106s, 2964 KB] Variables: 25
[t=0.003109s, 2964 KB] FactPairs: 94
[t=0.003112s, 2964 KB] Bytes per state: 8
[t=0.003122s, 2964 KB] Conducting best first search with reopening closed nodes, (real) bound = 2147483647
[t=0.003140s, 2988 KB] New best heuristic value for cpdbs: 11
[t=0.003145s, 2988 KB] g=0, 1 evaluated, 0 expanded
[t=0.003147s, 2988 KB] f = 11, 1 evaluated, 0 expanded
[t=0.003154s, 2988 KB] Initial heuristic value for cpdbs: 11
[t=0.003156s, 2988 KB] pruning method: none
[t=0.003165s, 2988 KB] New best heuristic value for cpdbs: 10
[t=0.003168s, 2988 KB] g=1, 4 evaluated, 1 expanded
[t=0.003174s, 2988 KB] New best heuristic value for cpdbs: 9
[t=0.003176s, 2988 KB] g=2, 6 evaluated, 2 expanded
[t=0.003184s, 2988 KB] New best heuristic value for cpdbs: 8
[t=0.003187s, 2988 KB] g=3, 10 evaluated, 3 expanded
[t=0.003191s, 2988 KB] New best heuristic value for cpdbs: 7
[t=0.003194s, 2988 KB] g=4, 12 evaluated, 4 expanded
[t=0.003211s, 3004 KB] New best heuristic value for cpdbs: 6
[t=0.003215s, 3004 KB] g=5, 14 evaluated, 5 expanded
[t=0.003221s, 3004 KB] New best heuristic value for cpdbs: 5
[t=0.003223s, 3004 KB] g=6, 17 evaluated, 6 expanded
[t=0.003230s, 3004 KB] New best heuristic value for cpdbs: 4
[t=0.003232s, 3004 KB] g=7, 20 evaluated, 7 expanded
[t=0.003236s, 3004 KB] f = 13, 21 evaluated, 8 expanded
[t=0.003259s, 3004 KB] f = 15, 36 evaluated, 23 expanded
[t=0.003270s, 3004 KB] f = 17, 38 evaluated, 32 expanded
[t=0.003303s, 3004 KB] f = 19, 66 evaluated, 46 expanded
[t=0.003335s, 3012 KB] f = 21, 88 evaluated, 65 expanded
[t=0.003366s, 3012 KB] f = 23, 110 evaluated, 88 expanded
[t=0.003400s, 3012 KB] f = 25, 131 evaluated, 110 expanded
[t=0.003429s, 3012 KB] f = 27, 154 evaluated, 130 expanded
[t=0.003564s, 3024 KB] f = 29, 186 evaluated, 157 expanded
[t=0.003600s, 3044 KB] New best heuristic value for cpdbs: 3
[t=0.003604s, 3044 KB] g=26, 203 evaluated, 166 expanded
[t=0.003643s, 3044 KB] f = 31, 234 evaluated, 191 expanded
[t=0.003734s, 3044 KB] f = 33, 305 evaluated, 244 expanded
[t=0.003830s, 3044 KB] f = 35, 395 evaluated, 321 expanded
[t=0.003936s, 3044 KB] f = 37, 494 evaluated, 409 expanded
[t=0.004055s, 3068 KB] f = 39, 566 evaluated, 493 expanded
[t=0.004100s, 3068 KB] f = 41, 586 evaluated, 544 expanded
[t=0.004131s, 3068 KB] f = 43, 607 evaluated, 569 expanded
[t=0.004164s, 3068 KB] f = 45, 634 evaluated, 592 expanded
[t=0.004188s, 3068 KB] f = 47, 650 evaluated, 610 expanded
[t=0.004203s, 3068 KB] f = 49, 656 evaluated, 623 expanded
[t=0.004290s, 3068 KB] f = 51, 658 evaluated, 629 expanded
[t=0.004294s, 3068 KB] Completely explored state space -- no solution!
[t=0.004297s, 3068 KB] Actual search time: 0.001139s
[t=0.004300s, 3068 KB] Expanded 630 state(s).
[t=0.004300s, 3068 KB] Reopened 0 state(s).
[t=0.004300s, 3068 KB] Evaluated 658 state(s).
[t=0.004300s, 3068 KB] Evaluations: 658
[t=0.004300s, 3068 KB] Generated 1644 state(s).
[t=0.004300s, 3068 KB] Dead ends: 28 state(s).
[t=0.004300s, 3068 KB] Expanded until last jump: 629 state(s).
[t=0.004300s, 3068 KB] Reopened until last jump: 0 state(s).
[t=0.004300s, 3068 KB] Evaluated until last jump: 658 state(s).
[t=0.004300s, 3068 KB] Generated until last jump: 1642 state(s).
[t=0.004300s, 3068 KB] Number of registered states: 658
[t=0.004300s, 3068 KB] Int hash set load factor: 658/1024 = 0.642578
[t=0.004300s, 3068 KB] Int hash set resizes: 10
[t=0.004300s, 3068 KB] Search time: 0.001180s
[t=0.004300s, 3068 KB] Total time: 0.004300s
Search stopped without finding a solution.
Remove intermediate file output.sas
search exit code: 12

Driver aborting after search

