$ D:\Miniforge3\python.exe C:/Users/user/Desktop/theoria/.worktrees/p13/engine-rig/.toolchain/downward/fast-downward.py --plan-file C:\Users\user\AppData\Local\Temp\e7verifyipipf82e\sas_plan C:\Users\user\Desktop\theoria\.worktrees\e7-deadlock-claim\engine-rig\fixtures\data\sokoban_domain.pddl C:\Users\user\Desktop\theoria\.worktrees\e7-deadlock-claim\engine-rig\runs\20260728T150713Z-E7-deadlock-claim-audit\attacks\work\a5\swap\swap-passage.pddl --search astar(ipdb(pdb_max_size=20000000,collection_max_size=60000000,max_time=300,random_seed=1))

INFO     planner time limit: None
INFO     planner memory limit: None

INFO     Running translator.
INFO     translator stdin: None
INFO     translator time limit: None
INFO     translator memory limit: None
INFO     translator command line string: 'D:\Miniforge3\python.exe' -m translate 'C:\Users\user\Desktop\theoria\.worktrees\e7-deadlock-claim\engine-rig\fixtures\data\sokoban_domain.pddl' 'C:\Users\user\Desktop\theoria\.worktrees\e7-deadlock-claim\engine-rig\runs\20260728T150713Z-E7-deadlock-claim-audit\attacks\work\a5\swap\swap-passage.pddl' --sas-file output.sas
Warning! SIGXCPU is not available on your platform. This means that the planner cannot be gracefully terminated when using a time limit, which, however, is probably supported on your platform anyway.
Parsing...
Parsing: [0.000s CPU, 0.002s wall-clock]
Normalizing task... [0.000s CPU, 0.000s wall-clock]
Instantiating...
Generating Datalog program... [0.000s CPU, 0.000s wall-clock]
Normalizing Datalog program...
Normalizing Datalog program: [0.000s CPU, 0.001s wall-clock]
Preparing model... [0.000s CPU, 0.000s wall-clock]
Generated 20 rules.
Computing model... [0.000s CPU, 0.005s wall-clock]
597 relevant atoms
888 auxiliary atoms
1485 final queue length
1755 total queue pushes
Completing instantiation... [0.000s CPU, 0.002s wall-clock]
Instantiating: [0.000s CPU, 0.008s wall-clock]
Computing fact groups...
Finding invariants...
7 initial candidates
Finding invariants: [0.000s CPU, 0.001s wall-clock]
Checking invariant weight... [0.000s CPU, 0.000s wall-clock]
Instantiating groups... [0.000s CPU, 0.001s wall-clock]
Collecting mutex groups... [0.000s CPU, 0.000s wall-clock]
Choosing groups...
54 uncovered facts
Choosing groups: [0.000s CPU, 0.000s wall-clock]
Building translation key... [0.000s CPU, 0.000s wall-clock]
Computing fact groups: [0.000s CPU, 0.003s wall-clock]
Building STRIPS to SAS dictionary... [0.000s CPU, 0.000s wall-clock]
Building dictionary for full mutex groups... [0.000s CPU, 0.000s wall-clock]
Building mutex information...
Building mutex information: [0.000s CPU, 0.000s wall-clock]
Translating task...
Processing axioms...
Simplifying axioms... [0.000s CPU, 0.000s wall-clock]
Translator axioms removed by simplifying: 0
Processing axioms: [0.000s CPU, 0.000s wall-clock]
Translating task: [0.000s CPU, 0.002s wall-clock]
204 effect conditions simplified
0 implied preconditions added
Detecting unreachable propositions...
0 operators removed
0 axioms removed
67 propositions removed
Detecting unreachable propositions: [0.016s CPU, 0.001s wall-clock]
Reordering and filtering variables...
25 of 25 variables necessary.
22 of 25 mutex groups necessary.
132 of 132 operators necessary.
0 of 0 axiom rules necessary.
Reordering and filtering variables: [0.000s CPU, 0.001s wall-clock]
Translator variables: 25
Translator derived variables: 0
Translator facts: 110
Translator goal facts: 2
Translator mutex groups: 22
Translator total mutex groups size: 88
Translator operators: 132
Translator axioms: 0
Translator task size: 1233
warning: could not determine peak memory
Writing output... [0.000s CPU, 0.009s wall-clock]
Done! [0.016s CPU, 0.027s wall-clock]
translate exit code: 0

INFO     Running search (release).
INFO     search stdin: output.sas
INFO     search time limit: None
INFO     search memory limit: None
INFO     search command line string: 'C:\Users\user\Desktop\theoria\.worktrees\p13\engine-rig\.toolchain\downward\builds\release\bin\downward.exe' --search 'astar(ipdb(pdb_max_size=20000000,collection_max_size=60000000,max_time=300,random_seed=1))' --internal-plan-file 'C:\Users\user\AppData\Local\Temp\e7verifyipipf82e\sas_plan' < output.sas
[t=0.000144s, 1968 KB] Search code revision: 7120aa0
[t=0.000240s, 1968 KB] reading input...
[t=0.001666s, 2244 KB] done reading input!
[t=0.003062s, 2856 KB] Initializing canonical PDB heuristic...
[t=0.003074s, 2856 KB] Generating patterns using: hill climbing pattern collection generator
[t=0.003161s, 2864 KB] Done calculating initial pattern collection: 0.000085s
[t=0.003170s, 2864 KB] Average operator cost: 1.000000
[t=0.003177s, 2864 KB] Building causal graph... done!
[t=0.004325s, 2960 KB] Done calculating initial candidate PDBs
[t=0.008247s, 3168 KB] found a better pattern with improvement 960
[t=0.015995s, 3424 KB] found a better pattern with improvement 748
[t=0.034072s, 5296 KB] found a better pattern with improvement 589
[t=0.054469s, 8848 KB] found a better pattern with improvement 933
[t=0.083321s, 15736 KB] found a better pattern with improvement 1000
[t=0.124359s, 28460 KB] found a better pattern with improvement 630
[t=0.186407s, 52500 KB] found a better pattern with improvement 867
[t=0.283394s, 98020 KB] found a better pattern with improvement 995
[t=0.436642s, 183452 KB] found a better pattern with improvement 948
[t=0.706500s, 343808 KB] found a better pattern with improvement 1000
[t=1.146596s, 642624 KB] Initial state is a dead end. Stop hill climbing.
[t=1.146614s, 642624 KB] Hill climbing iterations: 11
[t=1.146618s, 642624 KB] Hill climbing generated patterns: 231
[t=1.146620s, 642624 KB] Hill climbing rejected patterns: 0
[t=1.146622s, 642624 KB] Hill climbing maximum PDB size: 5451776
[t=1.146624s, 642624 KB] Hill climbing time: 1.143456s
[t=1.178223s, 642624 KB] hill climbing pattern collection generator number of patterns: 12
[t=1.178246s, 642624 KB] hill climbing pattern collection generator total PDB size: 5441656
[t=1.178250s, 642624 KB] hill climbing pattern collection generator computation time: 1.175142s
[t=1.178255s, 642624 KB] Running dominance pruning...
[t=1.178262s, 642624 KB] Pruned 10 of 11 pattern cliques
[t=1.178264s, 642624 KB] Pruned 11 of 12 PDBs
[t=1.178268s, 642624 KB] Dominance pruning took 0.000011s
[t=1.178735s, 642624 KB] Canonical PDB heuristic number of patterns: 1
[t=1.178741s, 642624 KB] Canonical PDB heuristic total PDB size: 2725888
[t=1.178744s, 642624 KB] Canonical PDB heuristic computation time: 1.175672s
[t=1.178782s, 642624 KB] Building successor generator... done!
[t=1.178836s, 642624 KB] peak memory difference for successor generator creation: 0 KB
[t=1.178838s, 642624 KB] time for successor generation creation: 0.000045s
[t=1.178843s, 642624 KB] Variables: 25
[t=1.178848s, 642624 KB] FactPairs: 110
[t=1.178850s, 642624 KB] Bytes per state: 8
[t=1.178858s, 642624 KB] Conducting best first search with reopening closed nodes, (real) bound = 2147483647
[t=1.178874s, 642624 KB] Initial state is a dead end.
[t=1.178878s, 642624 KB] Initial heuristic value for cpdbs: infinity
[t=1.178880s, 642624 KB] pruning method: none
[t=1.178885s, 642624 KB] Completely explored state space -- no solution!
[t=1.178889s, 642624 KB] Actual search time: 0.000007s
[t=1.178892s, 642624 KB] Expanded 0 state(s).
[t=1.178892s, 642624 KB] Reopened 0 state(s).
[t=1.178892s, 642624 KB] Evaluated 1 state(s).
[t=1.178892s, 642624 KB] Evaluations: 1
[t=1.178892s, 642624 KB] Generated 0 state(s).
[t=1.178892s, 642624 KB] Dead ends: 0 state(s).
[t=1.178892s, 642624 KB] Number of registered states: 1
[t=1.178892s, 642624 KB] Int hash set load factor: 1/1 = 1.000000
[t=1.178892s, 642624 KB] Int hash set resizes: 0
[t=1.178892s, 642624 KB] Search time: 0.000036s
[t=1.178892s, 642624 KB] Total time: 1.178892s
Search stopped without finding a solution.
Remove intermediate file output.sas
search exit code: 12

Driver aborting after search

