$ D:\Miniforge3\python.exe C:/Users/user/Desktop/theoria/.worktrees/p13/engine-rig/.toolchain/downward/fast-downward.py --plan-file C:\Users\user\AppData\Local\Temp\e7verifytmdsjirh\sas_plan C:\Users\user\Desktop\theoria\.worktrees\e7-deadlock-claim\engine-rig\runs\20260728T150713Z-E7-deadlock-claim-audit\attacks\work\a5\swap\singleton\sokoban_guarded_singleton_domain.pddl C:\Users\user\Desktop\theoria\.worktrees\e7-deadlock-claim\engine-rig\runs\20260728T150713Z-E7-deadlock-claim-audit\attacks\work\a5\swap\singleton\swap-passage_guarded_singleton.pddl --search astar(cpdbs(patterns=manual_patterns([[23,24,22,19,18,17,16,21]])))

INFO     planner time limit: None
INFO     planner memory limit: None

INFO     Running translator.
INFO     translator stdin: None
INFO     translator time limit: None
INFO     translator memory limit: None
INFO     translator command line string: 'D:\Miniforge3\python.exe' -m translate 'C:\Users\user\Desktop\theoria\.worktrees\e7-deadlock-claim\engine-rig\runs\20260728T150713Z-E7-deadlock-claim-audit\attacks\work\a5\swap\singleton\sokoban_guarded_singleton_domain.pddl' 'C:\Users\user\Desktop\theoria\.worktrees\e7-deadlock-claim\engine-rig\runs\20260728T150713Z-E7-deadlock-claim-audit\attacks\work\a5\swap\singleton\swap-passage_guarded_singleton.pddl' --sas-file output.sas
Warning! SIGXCPU is not available on your platform. This means that the planner cannot be gracefully terminated when using a time limit, which, however, is probably supported on your platform anyway.
Parsing...
Parsing: [0.016s CPU, 0.002s wall-clock]
Normalizing task... [0.000s CPU, 0.000s wall-clock]
Instantiating...
Generating Datalog program... [0.000s CPU, 0.000s wall-clock]
Normalizing Datalog program...
Normalizing Datalog program: [0.000s CPU, 0.001s wall-clock]
Preparing model... [0.000s CPU, 0.000s wall-clock]
Generated 20 rules.
Computing model... [0.000s CPU, 0.005s wall-clock]
613 relevant atoms
888 auxiliary atoms
1501 final queue length
1771 total queue pushes
Completing instantiation... [0.000s CPU, 0.002s wall-clock]
Instantiating: [0.000s CPU, 0.008s wall-clock]
Computing fact groups...
Finding invariants...
7 initial candidates
Finding invariants: [0.000s CPU, 0.001s wall-clock]
Checking invariant weight... [0.000s CPU, 0.000s wall-clock]
Instantiating groups... [0.000s CPU, 0.001s wall-clock]
Collecting mutex groups... [0.000s CPU, 0.000s wall-clock]
Choosing groups...
54 uncovered facts
Choosing groups: [0.000s CPU, 0.000s wall-clock]
Building translation key... [0.000s CPU, 0.000s wall-clock]
Computing fact groups: [0.000s CPU, 0.003s wall-clock]
Building STRIPS to SAS dictionary... [0.000s CPU, 0.000s wall-clock]
Building dictionary for full mutex groups... [0.000s CPU, 0.000s wall-clock]
Building mutex information...
Building mutex information: [0.000s CPU, 0.000s wall-clock]
Translating task...
Processing axioms...
Simplifying axioms... [0.000s CPU, 0.000s wall-clock]
Translator axioms removed by simplifying: 0
Processing axioms: [0.000s CPU, 0.000s wall-clock]
Translating task: [0.000s CPU, 0.002s wall-clock]
172 effect conditions simplified
0 implied preconditions added
Detecting unreachable propositions...
0 operators removed
0 axioms removed
83 propositions removed
Detecting unreachable propositions: [0.000s CPU, 0.001s wall-clock]
Reordering and filtering variables...
25 of 25 variables necessary.
22 of 25 mutex groups necessary.
116 of 116 operators necessary.
0 of 0 axiom rules necessary.
Reordering and filtering variables: [0.000s CPU, 0.001s wall-clock]
Translator variables: 25
Translator derived variables: 0
Translator facts: 94
Translator goal facts: 2
Translator mutex groups: 22
Translator total mutex groups size: 72
Translator operators: 116
Translator axioms: 0
Translator task size: 1057
warning: could not determine peak memory
Writing output... [0.016s CPU, 0.010s wall-clock]
Done! [0.031s CPU, 0.027s wall-clock]
translate exit code: 0

INFO     Running search (release).
INFO     search stdin: output.sas
INFO     search time limit: None
INFO     search memory limit: None
INFO     search command line string: 'C:\Users\user\Desktop\theoria\.worktrees\p13\engine-rig\.toolchain\downward\builds\release\bin\downward.exe' --search 'astar(cpdbs(patterns=manual_patterns([[23,24,22,19,18,17,16,21]])))' --internal-plan-file 'C:\Users\user\AppData\Local\Temp\e7verifytmdsjirh\sas_plan' < output.sas
[t=0.000154s, 1956 KB] Search code revision: 7120aa0
[t=0.000254s, 1956 KB] reading input...
[t=0.001582s, 2236 KB] done reading input!
[t=0.002987s, 2788 KB] Initializing canonical PDB heuristic...
[t=0.002998s, 2788 KB] Generating patterns using: manual pattern collection generator
[t=0.003002s, 2788 KB] Manual pattern collection: [[23, 24, 22, 19, 18, 17, 16, 21]]
[t=0.003013s, 2788 KB] manual pattern collection generator number of patterns: 1
[t=0.003016s, 2788 KB] manual pattern collection generator total PDB size: 137984
[t=0.003020s, 2788 KB] manual pattern collection generator computation time: 9.9e-06s
[t=0.003028s, 2788 KB] Computing PDBs for pattern collection...
[t=0.004928s, 3436 KB] Done computing PDBs for pattern collection: 0.001908s
[t=0.004944s, 3436 KB] Computing pattern cliques for pattern collection...
[t=0.004960s, 3436 KB] Done computing pattern cliques for pattern collection: 0.000017s
[t=0.004968s, 3436 KB] Running dominance pruning...
[t=0.004972s, 3436 KB] Pruned 0 of 1 pattern cliques
[t=0.004975s, 3436 KB] Pruned 0 of 1 PDBs
[t=0.004977s, 3436 KB] Dominance pruning took 0.000008s
[t=0.004981s, 3436 KB] Canonical PDB heuristic number of patterns: 1
[t=0.004984s, 3436 KB] Canonical PDB heuristic total PDB size: 137984
[t=0.004987s, 3436 KB] Canonical PDB heuristic computation time: 0.001994s
[t=0.005015s, 3436 KB] Building successor generator... done!
[t=0.005066s, 3436 KB] peak memory difference for successor generator creation: 0 KB
[t=0.005069s, 3436 KB] time for successor generation creation: 0.000044s
[t=0.005074s, 3436 KB] Variables: 25
[t=0.005077s, 3436 KB] FactPairs: 94
[t=0.005079s, 3436 KB] Bytes per state: 8
[t=0.005088s, 3436 KB] Conducting best first search with reopening closed nodes, (real) bound = 2147483647
[t=0.005104s, 3436 KB] New best heuristic value for cpdbs: 17
[t=0.005108s, 3436 KB] g=0, 1 evaluated, 0 expanded
[t=0.005111s, 3436 KB] f = 17, 1 evaluated, 0 expanded
[t=0.005117s, 3436 KB] Initial heuristic value for cpdbs: 17
[t=0.005121s, 3436 KB] pruning method: none
[t=0.005130s, 3436 KB] New best heuristic value for cpdbs: 16
[t=0.005134s, 3436 KB] g=1, 4 evaluated, 1 expanded
[t=0.005139s, 3436 KB] New best heuristic value for cpdbs: 15
[t=0.005141s, 3436 KB] g=2, 5 evaluated, 2 expanded
[t=0.005146s, 3436 KB] New best heuristic value for cpdbs: 14
[t=0.005149s, 3436 KB] g=3, 7 evaluated, 3 expanded
[t=0.005153s, 3436 KB] New best heuristic value for cpdbs: 13
[t=0.005155s, 3436 KB] g=4, 8 evaluated, 4 expanded
[t=0.005162s, 3436 KB] New best heuristic value for cpdbs: 12
[t=0.005165s, 3436 KB] g=5, 11 evaluated, 5 expanded
[t=0.005169s, 3436 KB] New best heuristic value for cpdbs: 11
[t=0.005171s, 3436 KB] g=6, 13 evaluated, 6 expanded
[t=0.005176s, 3436 KB] New best heuristic value for cpdbs: 10
[t=0.005179s, 3436 KB] g=7, 15 evaluated, 7 expanded
[t=0.005184s, 3436 KB] New best heuristic value for cpdbs: 9
[t=0.005186s, 3436 KB] g=8, 17 evaluated, 8 expanded
[t=0.005190s, 3436 KB] New best heuristic value for cpdbs: 8
[t=0.005192s, 3436 KB] g=9, 18 evaluated, 9 expanded
[t=0.005197s, 3436 KB] New best heuristic value for cpdbs: 7
[t=0.005201s, 3436 KB] g=10, 20 evaluated, 10 expanded
[t=0.005207s, 3436 KB] New best heuristic value for cpdbs: 6
[t=0.005209s, 3436 KB] g=11, 24 evaluated, 11 expanded
[t=0.005216s, 3436 KB] f = 19, 27 evaluated, 13 expanded
[t=0.005235s, 3436 KB] f = 21, 38 evaluated, 24 expanded
[t=0.005269s, 3436 KB] f = 23, 65 evaluated, 44 expanded
[t=0.005296s, 3436 KB] f = 25, 84 evaluated, 65 expanded
[t=0.005324s, 3436 KB] f = 27, 105 evaluated, 85 expanded
[t=0.005343s, 3436 KB] f = 29, 118 evaluated, 100 expanded
[t=0.005373s, 3436 KB] f = 31, 137 evaluated, 116 expanded
[t=0.005407s, 3436 KB] f = 33, 168 evaluated, 138 expanded
[t=0.005465s, 3456 KB] f = 35, 217 evaluated, 180 expanded
[t=0.005492s, 3456 KB] New best heuristic value for cpdbs: 5
[t=0.005496s, 3456 KB] g=30, 241 evaluated, 197 expanded
[t=0.005501s, 3456 KB] New best heuristic value for cpdbs: 4
[t=0.005503s, 3456 KB] g=31, 245 evaluated, 198 expanded
[t=0.005685s, 3456 KB] f = 37, 316 evaluated, 246 expanded
[t=0.005763s, 3456 KB] f = 39, 379 evaluated, 318 expanded
[t=0.005825s, 3456 KB] f = 41, 428 evaluated, 375 expanded
[t=0.005865s, 3456 KB] f = 43, 456 evaluated, 412 expanded
[t=0.005941s, 3456 KB] f = 45, 507 evaluated, 456 expanded
[t=0.005976s, 3468 KB] f = 47, 529 evaluated, 487 expanded
[t=0.005996s, 3468 KB] f = 49, 538 evaluated, 506 expanded
[t=0.006065s, 3468 KB] f = 51, 545 evaluated, 517 expanded
[t=0.006076s, 3468 KB] f = 53, 552 evaluated, 522 expanded
[t=0.006088s, 3468 KB] f = 55, 558 evaluated, 531 expanded
[t=0.006098s, 3468 KB] f = 57, 564 evaluated, 535 expanded
[t=0.006106s, 3468 KB] f = 59, 566 evaluated, 540 expanded
[t=0.006110s, 3468 KB] Completely explored state space -- no solution!
[t=0.006112s, 3468 KB] Actual search time: 0.000990s
[t=0.006115s, 3468 KB] Expanded 542 state(s).
[t=0.006115s, 3468 KB] Reopened 0 state(s).
[t=0.006115s, 3468 KB] Evaluated 566 state(s).
[t=0.006115s, 3468 KB] Evaluations: 566
[t=0.006115s, 3468 KB] Generated 1404 state(s).
[t=0.006115s, 3468 KB] Dead ends: 24 state(s).
[t=0.006115s, 3468 KB] Expanded until last jump: 540 state(s).
[t=0.006115s, 3468 KB] Reopened until last jump: 0 state(s).
[t=0.006115s, 3468 KB] Evaluated until last jump: 566 state(s).
[t=0.006115s, 3468 KB] Generated until last jump: 1400 state(s).
[t=0.006115s, 3468 KB] Number of registered states: 566
[t=0.006115s, 3468 KB] Int hash set load factor: 566/1024 = 0.552734
[t=0.006115s, 3468 KB] Int hash set resizes: 10
[t=0.006115s, 3468 KB] Search time: 0.001028s
[t=0.006115s, 3468 KB] Total time: 0.006115s
Search stopped without finding a solution.
Remove intermediate file output.sas
search exit code: 12

Driver aborting after search

