$ D:\Miniforge3\python.exe C:/Users/user/Desktop/theoria/.worktrees/p13/engine-rig/.toolchain/downward/fast-downward.py --plan-file C:\Users\user\AppData\Local\Temp\e7verifyqhnh9avf\sas_plan C:\Users\user\Desktop\theoria\.worktrees\e7-deadlock-claim\engine-rig\fixtures\data\sokoban_domain.pddl C:\Users\user\Desktop\theoria\.worktrees\e7-deadlock-claim\engine-rig\runs\20260728T150713Z-E7-deadlock-claim-audit\attacks\work\a5\swap\swap-passage.pddl --search astar(cpdbs(patterns=systematic(2)))

INFO     planner time limit: None
INFO     planner memory limit: None

INFO     Running translator.
INFO     translator stdin: None
INFO     translator time limit: None
INFO     translator memory limit: None
INFO     translator command line string: 'D:\Miniforge3\python.exe' -m translate 'C:\Users\user\Desktop\theoria\.worktrees\e7-deadlock-claim\engine-rig\fixtures\data\sokoban_domain.pddl' 'C:\Users\user\Desktop\theoria\.worktrees\e7-deadlock-claim\engine-rig\runs\20260728T150713Z-E7-deadlock-claim-audit\attacks\work\a5\swap\swap-passage.pddl' --sas-file output.sas
Warning! SIGXCPU is not available on your platform. This means that the planner cannot be gracefully terminated when using a time limit, which, however, is probably supported on your platform anyway.
Parsing...
Parsing: [0.000s CPU, 0.002s wall-clock]
Normalizing task... [0.000s CPU, 0.000s wall-clock]
Instantiating...
Generating Datalog program... [0.000s CPU, 0.000s wall-clock]
Normalizing Datalog program...
Normalizing Datalog program: [0.000s CPU, 0.001s wall-clock]
Preparing model... [0.000s CPU, 0.000s wall-clock]
Generated 20 rules.
Computing model... [0.000s CPU, 0.005s wall-clock]
597 relevant atoms
888 auxiliary atoms
1485 final queue length
1755 total queue pushes
Completing instantiation... [0.000s CPU, 0.002s wall-clock]
Instantiating: [0.000s CPU, 0.008s wall-clock]
Computing fact groups...
Finding invariants...
7 initial candidates
Finding invariants: [0.000s CPU, 0.001s wall-clock]
Checking invariant weight... [0.000s CPU, 0.000s wall-clock]
Instantiating groups... [0.000s CPU, 0.001s wall-clock]
Collecting mutex groups... [0.000s CPU, 0.000s wall-clock]
Choosing groups...
54 uncovered facts
Choosing groups: [0.000s CPU, 0.000s wall-clock]
Building translation key... [0.000s CPU, 0.000s wall-clock]
Computing fact groups: [0.000s CPU, 0.003s wall-clock]
Building STRIPS to SAS dictionary... [0.000s CPU, 0.000s wall-clock]
Building dictionary for full mutex groups... [0.000s CPU, 0.000s wall-clock]
Building mutex information...
Building mutex information: [0.000s CPU, 0.000s wall-clock]
Translating task...
Processing axioms...
Simplifying axioms... [0.000s CPU, 0.000s wall-clock]
Translator axioms removed by simplifying: 0
Processing axioms: [0.000s CPU, 0.000s wall-clock]
Translating task: [0.016s CPU, 0.002s wall-clock]
204 effect conditions simplified
0 implied preconditions added
Detecting unreachable propositions...
0 operators removed
0 axioms removed
67 propositions removed
Detecting unreachable propositions: [0.000s CPU, 0.001s wall-clock]
Reordering and filtering variables...
25 of 25 variables necessary.
22 of 25 mutex groups necessary.
132 of 132 operators necessary.
0 of 0 axiom rules necessary.
Reordering and filtering variables: [0.000s CPU, 0.001s wall-clock]
Translator variables: 25
Translator derived variables: 0
Translator facts: 110
Translator goal facts: 2
Translator mutex groups: 22
Translator total mutex groups size: 88
Translator operators: 132
Translator axioms: 0
Translator task size: 1233
warning: could not determine peak memory
Writing output... [0.000s CPU, 0.009s wall-clock]
Done! [0.016s CPU, 0.026s wall-clock]
translate exit code: 0

INFO     Running search (release).
INFO     search stdin: output.sas
INFO     search time limit: None
INFO     search memory limit: None
INFO     search command line string: 'C:\Users\user\Desktop\theoria\.worktrees\p13\engine-rig\.toolchain\downward\builds\release\bin\downward.exe' --search 'astar(cpdbs(patterns=systematic(2)))' --internal-plan-file 'C:\Users\user\AppData\Local\Temp\e7verifyqhnh9avf\sas_plan' < output.sas
[t=0.000162s, 1964 KB] Search code revision: 7120aa0
[t=0.000255s, 1972 KB] reading input...
[t=0.001671s, 2248 KB] done reading input!
[t=0.003045s, 2828 KB] Initializing canonical PDB heuristic...
[t=0.003058s, 2836 KB] Generating patterns using: systematic pattern collection generator
[t=0.003070s, 2840 KB] Building causal graph... done!
[t=0.003232s, 2912 KB] Found 48 SGA patterns.
[t=0.003286s, 2912 KB] Found 48 interesting patterns.
[t=0.003301s, 2912 KB] systematic pattern collection generator number of patterns: 48
[t=0.003305s, 2912 KB] systematic pattern collection generator total PDB size: 2948
[t=0.003308s, 2912 KB] systematic pattern collection generator computation time: 0.0002362s
[t=0.003314s, 2912 KB] Computing PDBs for pattern collection...
[t=0.004397s, 2932 KB] Done computing PDBs for pattern collection: 0.001086s
[t=0.004404s, 2932 KB] Computing pattern cliques for pattern collection...
[t=0.004427s, 2932 KB] Done computing pattern cliques for pattern collection: 0.000024s
[t=0.004434s, 2932 KB] Running dominance pruning...
[t=0.004446s, 2932 KB] Pruned 0 of 47 pattern cliques
[t=0.004450s, 2932 KB] Pruned 0 of 48 PDBs
[t=0.004452s, 2932 KB] Dominance pruning took 0.000017s
[t=0.004456s, 2932 KB] Canonical PDB heuristic number of patterns: 48
[t=0.004458s, 2932 KB] Canonical PDB heuristic total PDB size: 2948
[t=0.004460s, 2932 KB] Canonical PDB heuristic computation time: 0.001411s
[t=0.004483s, 2932 KB] Building successor generator... done!
[t=0.004534s, 2932 KB] peak memory difference for successor generator creation: 0 KB
[t=0.004536s, 2932 KB] time for successor generation creation: 0.000044s
[t=0.004541s, 2932 KB] Variables: 25
[t=0.004543s, 2932 KB] FactPairs: 110
[t=0.004545s, 2932 KB] Bytes per state: 8
[t=0.004554s, 2932 KB] Conducting best first search with reopening closed nodes, (real) bound = 2147483647
[t=0.004569s, 2944 KB] New best heuristic value for cpdbs: 7
[t=0.004573s, 2944 KB] g=0, 1 evaluated, 0 expanded
[t=0.004575s, 2944 KB] f = 7, 1 evaluated, 0 expanded
[t=0.004591s, 2956 KB] Initial heuristic value for cpdbs: 7
[t=0.004595s, 2956 KB] pruning method: none
[t=0.004602s, 2956 KB] New best heuristic value for cpdbs: 6
[t=0.004605s, 2956 KB] g=1, 2 evaluated, 1 expanded
[t=0.004614s, 2956 KB] New best heuristic value for cpdbs: 5
[t=0.004618s, 2956 KB] g=2, 6 evaluated, 2 expanded
[t=0.004625s, 2956 KB] f = 9, 9 evaluated, 4 expanded
[t=0.004646s, 2968 KB] New best heuristic value for cpdbs: 4
[t=0.004649s, 2968 KB] g=5, 20 evaluated, 11 expanded
[t=0.004655s, 2968 KB] f = 11, 24 evaluated, 13 expanded
[t=0.004679s, 2968 KB] f = 13, 41 evaluated, 25 expanded
[t=0.004706s, 2968 KB] f = 15, 61 evaluated, 42 expanded
[t=0.004731s, 2968 KB] f = 17, 74 evaluated, 57 expanded
[t=0.004751s, 2968 KB] f = 19, 88 evaluated, 69 expanded
[t=0.004776s, 2968 KB] f = 21, 107 evaluated, 82 expanded
[t=0.004815s, 2968 KB] f = 23, 135 evaluated, 102 expanded
[t=0.004870s, 2968 KB] f = 25, 183 evaluated, 137 expanded
[t=0.004951s, 2968 KB] f = 27, 252 evaluated, 189 expanded
[t=0.004974s, 2968 KB] New best heuristic value for cpdbs: 3
[t=0.004978s, 2968 KB] g=24, 260 evaluated, 193 expanded
[t=0.005054s, 2968 KB] f = 29, 325 evaluated, 251 expanded
[t=0.005153s, 2968 KB] f = 31, 413 evaluated, 324 expanded
[t=0.005262s, 2968 KB] f = 33, 507 evaluated, 411 expanded
[t=0.005375s, 2992 KB] f = 35, 572 evaluated, 488 expanded
[t=0.005455s, 2992 KB] f = 37, 623 evaluated, 546 expanded
[t=0.005506s, 2992 KB] f = 39, 660 evaluated, 588 expanded
[t=0.005536s, 2992 KB] f = 41, 675 evaluated, 615 expanded
[t=0.005550s, 2992 KB] f = 43, 678 evaluated, 628 expanded
[t=0.005571s, 2992 KB] Completely explored state space -- no solution!
[t=0.005574s, 2992 KB] Actual search time: 0.000977s
[t=0.005576s, 2992 KB] Expanded 630 state(s).
[t=0.005576s, 2992 KB] Reopened 0 state(s).
[t=0.005576s, 2992 KB] Evaluated 678 state(s).
[t=0.005576s, 2992 KB] Evaluations: 678
[t=0.005576s, 2992 KB] Generated 1664 state(s).
[t=0.005576s, 2992 KB] Dead ends: 48 state(s).
[t=0.005576s, 2992 KB] Expanded until last jump: 628 state(s).
[t=0.005576s, 2992 KB] Reopened until last jump: 0 state(s).
[t=0.005576s, 2992 KB] Evaluated until last jump: 678 state(s).
[t=0.005576s, 2992 KB] Generated until last jump: 1660 state(s).
[t=0.005576s, 2992 KB] Number of registered states: 678
[t=0.005576s, 2992 KB] Int hash set load factor: 678/1024 = 0.662109
[t=0.005576s, 2992 KB] Int hash set resizes: 10
[t=0.005576s, 2992 KB] Search time: 0.001024s
[t=0.005576s, 2992 KB] Total time: 0.005576s
Search stopped without finding a solution.
Remove intermediate file output.sas
search exit code: 12

Driver aborting after search

