$ D:\Miniforge3\python.exe C:/Users/user/Desktop/theoria/.worktrees/p13/engine-rig/.toolchain/downward/fast-downward.py --plan-file C:\Users\user\AppData\Local\Temp\e7verify0gr6cz4p\sas_plan C:\Users\user\Desktop\theoria\.worktrees\e7-deadlock-claim\engine-rig\runs\20260728T150713Z-E7-deadlock-claim-audit\attacks\work\a5\swap\singleton\sokoban_guarded_singleton_domain.pddl C:\Users\user\Desktop\theoria\.worktrees\e7-deadlock-claim\engine-rig\runs\20260728T150713Z-E7-deadlock-claim-audit\attacks\work\a5\swap\singleton\swap-passage_guarded_singleton.pddl --search astar(cpdbs(patterns=manual_patterns([[23,24,22,6,13,9,0,19,17,16,12]])))

INFO     planner time limit: None
INFO     planner memory limit: None

INFO     Running translator.
INFO     translator stdin: None
INFO     translator time limit: None
INFO     translator memory limit: None
INFO     translator command line string: 'D:\Miniforge3\python.exe' -m translate 'C:\Users\user\Desktop\theoria\.worktrees\e7-deadlock-claim\engine-rig\runs\20260728T150713Z-E7-deadlock-claim-audit\attacks\work\a5\swap\singleton\sokoban_guarded_singleton_domain.pddl' 'C:\Users\user\Desktop\theoria\.worktrees\e7-deadlock-claim\engine-rig\runs\20260728T150713Z-E7-deadlock-claim-audit\attacks\work\a5\swap\singleton\swap-passage_guarded_singleton.pddl' --sas-file output.sas
Warning! SIGXCPU is not available on your platform. This means that the planner cannot be gracefully terminated when using a time limit, which, however, is probably supported on your platform anyway.
Parsing...
Parsing: [0.000s CPU, 0.002s wall-clock]
Normalizing task... [0.000s CPU, 0.000s wall-clock]
Instantiating...
Generating Datalog program... [0.016s CPU, 0.000s wall-clock]
Normalizing Datalog program...
Normalizing Datalog program: [0.000s CPU, 0.001s wall-clock]
Preparing model... [0.000s CPU, 0.000s wall-clock]
Generated 20 rules.
Computing model... [0.000s CPU, 0.006s wall-clock]
613 relevant atoms
888 auxiliary atoms
1501 final queue length
1771 total queue pushes
Completing instantiation... [0.000s CPU, 0.002s wall-clock]
Instantiating: [0.016s CPU, 0.009s wall-clock]
Computing fact groups...
Finding invariants...
7 initial candidates
Finding invariants: [0.000s CPU, 0.001s wall-clock]
Checking invariant weight... [0.000s CPU, 0.000s wall-clock]
Instantiating groups... [0.000s CPU, 0.001s wall-clock]
Collecting mutex groups... [0.000s CPU, 0.000s wall-clock]
Choosing groups...
54 uncovered facts
Choosing groups: [0.000s CPU, 0.000s wall-clock]
Building translation key... [0.000s CPU, 0.000s wall-clock]
Computing fact groups: [0.000s CPU, 0.003s wall-clock]
Building STRIPS to SAS dictionary... [0.000s CPU, 0.000s wall-clock]
Building dictionary for full mutex groups... [0.000s CPU, 0.000s wall-clock]
Building mutex information...
Building mutex information: [0.000s CPU, 0.000s wall-clock]
Translating task...
Processing axioms...
Simplifying axioms... [0.000s CPU, 0.000s wall-clock]
Translator axioms removed by simplifying: 0
Processing axioms: [0.000s CPU, 0.000s wall-clock]
Translating task: [0.000s CPU, 0.002s wall-clock]
172 effect conditions simplified
0 implied preconditions added
Detecting unreachable propositions...
0 operators removed
0 axioms removed
83 propositions removed
Detecting unreachable propositions: [0.000s CPU, 0.001s wall-clock]
Reordering and filtering variables...
25 of 25 variables necessary.
22 of 25 mutex groups necessary.
116 of 116 operators necessary.
0 of 0 axiom rules necessary.
Reordering and filtering variables: [0.000s CPU, 0.001s wall-clock]
Translator variables: 25
Translator derived variables: 0
Translator facts: 94
Translator goal facts: 2
Translator mutex groups: 22
Translator total mutex groups size: 72
Translator operators: 116
Translator axioms: 0
Translator task size: 1057
warning: could not determine peak memory
Writing output... [0.016s CPU, 0.009s wall-clock]
Done! [0.031s CPU, 0.027s wall-clock]
translate exit code: 0

INFO     Running search (release).
INFO     search stdin: output.sas
INFO     search time limit: None
INFO     search memory limit: None
INFO     search command line string: 'C:\Users\user\Desktop\theoria\.worktrees\p13\engine-rig\.toolchain\downward\builds\release\bin\downward.exe' --search 'astar(cpdbs(patterns=manual_patterns([[23,24,22,6,13,9,0,19,17,16,12]])))' --internal-plan-file 'C:\Users\user\AppData\Local\Temp\e7verify0gr6cz4p\sas_plan' < output.sas
[t=0.000137s, 1944 KB] Search code revision: 7120aa0
[t=0.000229s, 1944 KB] reading input...
[t=0.001453s, 2172 KB] done reading input!
[t=0.002777s, 2804 KB] Initializing canonical PDB heuristic...
[t=0.002787s, 2804 KB] Generating patterns using: manual pattern collection generator
[t=0.002791s, 2804 KB] Manual pattern collection: [[23, 24, 22, 6, 13, 9, 0, 19, 17, 16, 12]]
[t=0.002800s, 2804 KB] manual pattern collection generator number of patterns: 1
[t=0.002805s, 2804 KB] manual pattern collection generator total PDB size: 1103872
[t=0.002807s, 2804 KB] manual pattern collection generator computation time: 8.6e-06s
[t=0.002813s, 2804 KB] Computing PDBs for pattern collection...
[t=0.030665s, 8028 KB] Done computing PDBs for pattern collection: 0.027866s
[t=0.030691s, 8028 KB] Computing pattern cliques for pattern collection...
[t=0.030713s, 8028 KB] Done computing pattern cliques for pattern collection: 0.000024s
[t=0.030719s, 8028 KB] Running dominance pruning...
[t=0.030724s, 8028 KB] Pruned 0 of 1 pattern cliques
[t=0.030726s, 8028 KB] Pruned 0 of 1 PDBs
[t=0.030729s, 8028 KB] Dominance pruning took 0.000009s
[t=0.030733s, 8028 KB] Canonical PDB heuristic number of patterns: 1
[t=0.030735s, 8028 KB] Canonical PDB heuristic total PDB size: 1103872
[t=0.030738s, 8028 KB] Canonical PDB heuristic computation time: 0.027956s
[t=0.030770s, 8028 KB] Building successor generator... done!
[t=0.030819s, 8028 KB] peak memory difference for successor generator creation: 0 KB
[t=0.030821s, 8028 KB] time for successor generation creation: 0.000041s
[t=0.030826s, 8028 KB] Variables: 25
[t=0.030828s, 8028 KB] FactPairs: 94
[t=0.030830s, 8028 KB] Bytes per state: 8
[t=0.030840s, 8028 KB] Conducting best first search with reopening closed nodes, (real) bound = 2147483647
[t=0.030881s, 8028 KB] New best heuristic value for cpdbs: 11
[t=0.030885s, 8028 KB] g=0, 1 evaluated, 0 expanded
[t=0.030887s, 8028 KB] f = 11, 1 evaluated, 0 expanded
[t=0.030894s, 8028 KB] Initial heuristic value for cpdbs: 11
[t=0.030898s, 8028 KB] pruning method: none
[t=0.030908s, 8028 KB] New best heuristic value for cpdbs: 10
[t=0.030912s, 8028 KB] g=1, 4 evaluated, 1 expanded
[t=0.030916s, 8028 KB] New best heuristic value for cpdbs: 9
[t=0.030919s, 8028 KB] g=2, 6 evaluated, 2 expanded
[t=0.030925s, 8028 KB] New best heuristic value for cpdbs: 8
[t=0.030929s, 8028 KB] g=3, 10 evaluated, 3 expanded
[t=0.030933s, 8028 KB] New best heuristic value for cpdbs: 7
[t=0.030943s, 8028 KB] g=4, 12 evaluated, 4 expanded
[t=0.030948s, 8028 KB] New best heuristic value for cpdbs: 6
[t=0.030950s, 8028 KB] g=5, 14 evaluated, 5 expanded
[t=0.030956s, 8028 KB] New best heuristic value for cpdbs: 5
[t=0.030960s, 8028 KB] g=6, 17 evaluated, 6 expanded
[t=0.030964s, 8028 KB] New best heuristic value for cpdbs: 4
[t=0.030967s, 8028 KB] g=7, 20 evaluated, 7 expanded
[t=0.030971s, 8028 KB] f = 13, 21 evaluated, 8 expanded
[t=0.030995s, 8028 KB] f = 15, 36 evaluated, 23 expanded
[t=0.031006s, 8028 KB] f = 17, 38 evaluated, 32 expanded
[t=0.031039s, 8028 KB] f = 19, 66 evaluated, 46 expanded
[t=0.031067s, 8028 KB] f = 21, 88 evaluated, 65 expanded
[t=0.031098s, 8028 KB] f = 23, 110 evaluated, 88 expanded
[t=0.031120s, 8028 KB] f = 25, 124 evaluated, 105 expanded
[t=0.031148s, 8028 KB] f = 27, 140 evaluated, 119 expanded
[t=0.031180s, 8028 KB] f = 29, 170 evaluated, 141 expanded
[t=0.031213s, 8028 KB] f = 31, 196 evaluated, 167 expanded
[t=0.031316s, 8028 KB] f = 33, 283 evaluated, 222 expanded
[t=0.031405s, 8028 KB] f = 35, 360 evaluated, 291 expanded
[t=0.031505s, 8028 KB] f = 37, 453 evaluated, 372 expanded
[t=0.031629s, 8028 KB] f = 39, 535 evaluated, 457 expanded
[t=0.031691s, 8028 KB] f = 41, 576 evaluated, 520 expanded
[t=0.031731s, 8028 KB] f = 43, 601 evaluated, 559 expanded
[t=0.031761s, 8028 KB] f = 45, 625 evaluated, 582 expanded
[t=0.031784s, 8028 KB] f = 47, 642 evaluated, 601 expanded
[t=0.031802s, 8028 KB] f = 49, 652 evaluated, 616 expanded
[t=0.031814s, 8028 KB] f = 51, 657 evaluated, 625 expanded
[t=0.031821s, 8028 KB] f = 53, 658 evaluated, 629 expanded
[t=0.031824s, 8028 KB] Completely explored state space -- no solution!
[t=0.031828s, 8028 KB] Actual search time: 0.000928s
[t=0.031831s, 8028 KB] Expanded 630 state(s).
[t=0.031831s, 8028 KB] Reopened 0 state(s).
[t=0.031831s, 8028 KB] Evaluated 658 state(s).
[t=0.031831s, 8028 KB] Evaluations: 658
[t=0.031831s, 8028 KB] Generated 1644 state(s).
[t=0.031831s, 8028 KB] Dead ends: 28 state(s).
[t=0.031831s, 8028 KB] Expanded until last jump: 629 state(s).
[t=0.031831s, 8028 KB] Reopened until last jump: 0 state(s).
[t=0.031831s, 8028 KB] Evaluated until last jump: 658 state(s).
[t=0.031831s, 8028 KB] Generated until last jump: 1642 state(s).
[t=0.031831s, 8028 KB] Number of registered states: 658
[t=0.031831s, 8028 KB] Int hash set load factor: 658/1024 = 0.642578
[t=0.031831s, 8028 KB] Int hash set resizes: 10
[t=0.031831s, 8028 KB] Search time: 0.000992s
[t=0.031831s, 8028 KB] Total time: 0.031831s
Search stopped without finding a solution.
Remove intermediate file output.sas
search exit code: 12

Driver aborting after search

