$ D:\Miniforge3\python.exe C:/Users/user/Desktop/theoria/.worktrees/p13/engine-rig/.toolchain/downward/fast-downward.py --plan-file C:\Users\user\AppData\Local\Temp\e7verify1hh3vc_q\sas_plan C:\Users\user\Desktop\theoria\.worktrees\e7-deadlock-claim\engine-rig\runs\20260728T150713Z-E7-deadlock-claim-audit\attacks\work\a5\swap\singleton\sokoban_guarded_singleton_domain.pddl C:\Users\user\Desktop\theoria\.worktrees\e7-deadlock-claim\engine-rig\runs\20260728T150713Z-E7-deadlock-claim-audit\attacks\work\a5\swap\singleton\swap-passage_guarded_singleton.pddl --search astar(ipdb(pdb_max_size=20000000,collection_max_size=60000000,max_time=300,random_seed=1))

INFO     planner time limit: None
INFO     planner memory limit: None

INFO     Running translator.
INFO     translator stdin: None
INFO     translator time limit: None
INFO     translator memory limit: None
INFO     translator command line string: 'D:\Miniforge3\python.exe' -m translate 'C:\Users\user\Desktop\theoria\.worktrees\e7-deadlock-claim\engine-rig\runs\20260728T150713Z-E7-deadlock-claim-audit\attacks\work\a5\swap\singleton\sokoban_guarded_singleton_domain.pddl' 'C:\Users\user\Desktop\theoria\.worktrees\e7-deadlock-claim\engine-rig\runs\20260728T150713Z-E7-deadlock-claim-audit\attacks\work\a5\swap\singleton\swap-passage_guarded_singleton.pddl' --sas-file output.sas
Warning! SIGXCPU is not available on your platform. This means that the planner cannot be gracefully terminated when using a time limit, which, however, is probably supported on your platform anyway.
Parsing...
Parsing: [0.016s CPU, 0.002s wall-clock]
Normalizing task... [0.000s CPU, 0.000s wall-clock]
Instantiating...
Generating Datalog program... [0.000s CPU, 0.000s wall-clock]
Normalizing Datalog program...
Normalizing Datalog program: [0.000s CPU, 0.001s wall-clock]
Preparing model... [0.000s CPU, 0.000s wall-clock]
Generated 20 rules.
Computing model... [0.000s CPU, 0.005s wall-clock]
613 relevant atoms
888 auxiliary atoms
1501 final queue length
1771 total queue pushes
Completing instantiation... [0.000s CPU, 0.002s wall-clock]
Instantiating: [0.000s CPU, 0.008s wall-clock]
Computing fact groups...
Finding invariants...
7 initial candidates
Finding invariants: [0.000s CPU, 0.001s wall-clock]
Checking invariant weight... [0.000s CPU, 0.000s wall-clock]
Instantiating groups... [0.000s CPU, 0.001s wall-clock]
Collecting mutex groups... [0.000s CPU, 0.000s wall-clock]
Choosing groups...
54 uncovered facts
Choosing groups: [0.000s CPU, 0.000s wall-clock]
Building translation key... [0.000s CPU, 0.000s wall-clock]
Computing fact groups: [0.000s CPU, 0.003s wall-clock]
Building STRIPS to SAS dictionary... [0.000s CPU, 0.000s wall-clock]
Building dictionary for full mutex groups... [0.000s CPU, 0.000s wall-clock]
Building mutex information...
Building mutex information: [0.000s CPU, 0.000s wall-clock]
Translating task...
Processing axioms...
Simplifying axioms... [0.000s CPU, 0.000s wall-clock]
Translator axioms removed by simplifying: 0
Processing axioms: [0.000s CPU, 0.000s wall-clock]
Translating task: [0.000s CPU, 0.002s wall-clock]
172 effect conditions simplified
0 implied preconditions added
Detecting unreachable propositions...
0 operators removed
0 axioms removed
83 propositions removed
Detecting unreachable propositions: [0.016s CPU, 0.001s wall-clock]
Reordering and filtering variables...
25 of 25 variables necessary.
22 of 25 mutex groups necessary.
116 of 116 operators necessary.
0 of 0 axiom rules necessary.
Reordering and filtering variables: [0.000s CPU, 0.001s wall-clock]
Translator variables: 25
Translator derived variables: 0
Translator facts: 94
Translator goal facts: 2
Translator mutex groups: 22
Translator total mutex groups size: 72
Translator operators: 116
Translator axioms: 0
Translator task size: 1057
warning: could not determine peak memory
Writing output... [0.000s CPU, 0.009s wall-clock]
Done! [0.031s CPU, 0.026s wall-clock]
translate exit code: 0

INFO     Running search (release).
INFO     search stdin: output.sas
INFO     search time limit: None
INFO     search memory limit: None
INFO     search command line string: 'C:\Users\user\Desktop\theoria\.worktrees\p13\engine-rig\.toolchain\downward\builds\release\bin\downward.exe' --search 'astar(ipdb(pdb_max_size=20000000,collection_max_size=60000000,max_time=300,random_seed=1))' --internal-plan-file 'C:\Users\user\AppData\Local\Temp\e7verify1hh3vc_q\sas_plan' < output.sas
[t=0.000152s, 1928 KB] Search code revision: 7120aa0
[t=0.000241s, 1948 KB] reading input...
[t=0.001485s, 2200 KB] done reading input!
[t=0.002836s, 2880 KB] Initializing canonical PDB heuristic...
[t=0.002845s, 2880 KB] Generating patterns using: hill climbing pattern collection generator
[t=0.002925s, 2888 KB] Done calculating initial pattern collection: 0.000078s
[t=0.002934s, 2888 KB] Average operator cost: 1.000000
[t=0.002940s, 2888 KB] Building causal graph... done!
[t=0.003726s, 3020 KB] Done calculating initial candidate PDBs
[t=0.006694s, 3240 KB] found a better pattern with improvement 951
[t=0.013217s, 3320 KB] found a better pattern with improvement 766
[t=0.025581s, 4116 KB] found a better pattern with improvement 549
[t=0.042291s, 5548 KB] found a better pattern with improvement 939
[t=0.067857s, 8380 KB] found a better pattern with improvement 1000
[t=0.101523s, 13564 KB] found a better pattern with improvement 575
[t=0.151857s, 23308 KB] found a better pattern with improvement 842
[t=0.226054s, 41900 KB] found a better pattern with improvement 996
[t=0.340326s, 76528 KB] found a better pattern with improvement 897
[t=0.546590s, 141740 KB] found a better pattern with improvement 1000
[t=0.841367s, 262844 KB] Initial state is a dead end. Stop hill climbing.
[t=0.841390s, 262844 KB] Hill climbing iterations: 11
[t=0.841398s, 262844 KB] Hill climbing generated patterns: 215
[t=0.841401s, 262844 KB] Hill climbing rejected patterns: 0
[t=0.841403s, 262844 KB] Hill climbing maximum PDB size: 2207744
[t=0.841405s, 262844 KB] Hill climbing time: 0.838473s
[t=0.850146s, 262844 KB] hill climbing pattern collection generator number of patterns: 12
[t=0.850165s, 262844 KB] hill climbing pattern collection generator total PDB size: 2203768
[t=0.850170s, 262844 KB] hill climbing pattern collection generator computation time: 0.847295s
[t=0.850175s, 262844 KB] Running dominance pruning...
[t=0.850181s, 262844 KB] Pruned 10 of 11 pattern cliques
[t=0.850186s, 262844 KB] Pruned 11 of 12 PDBs
[t=0.850189s, 262844 KB] Dominance pruning took 0.000012s
[t=0.850443s, 262844 KB] Canonical PDB heuristic number of patterns: 1
[t=0.850450s, 262844 KB] Canonical PDB heuristic total PDB size: 1103872
[t=0.850453s, 262844 KB] Canonical PDB heuristic computation time: 0.847607s
[t=0.850486s, 262844 KB] Building successor generator... done!
[t=0.850534s, 262844 KB] peak memory difference for successor generator creation: 0 KB
[t=0.850536s, 262844 KB] time for successor generation creation: 0.000040s
[t=0.850541s, 262844 KB] Variables: 25
[t=0.850545s, 262844 KB] FactPairs: 94
[t=0.850547s, 262844 KB] Bytes per state: 8
[t=0.850555s, 262844 KB] Conducting best first search with reopening closed nodes, (real) bound = 2147483647
[t=0.850571s, 262844 KB] Initial state is a dead end.
[t=0.850575s, 262844 KB] Initial heuristic value for cpdbs: infinity
[t=0.850578s, 262844 KB] pruning method: none
[t=0.850582s, 262844 KB] Completely explored state space -- no solution!
[t=0.850584s, 262844 KB] Actual search time: 0.000005s
[t=0.850587s, 262844 KB] Expanded 0 state(s).
[t=0.850587s, 262844 KB] Reopened 0 state(s).
[t=0.850587s, 262844 KB] Evaluated 1 state(s).
[t=0.850587s, 262844 KB] Evaluations: 1
[t=0.850587s, 262844 KB] Generated 0 state(s).
[t=0.850587s, 262844 KB] Dead ends: 0 state(s).
[t=0.850587s, 262844 KB] Number of registered states: 1
[t=0.850587s, 262844 KB] Int hash set load factor: 1/1 = 1.000000
[t=0.850587s, 262844 KB] Int hash set resizes: 0
[t=0.850587s, 262844 KB] Search time: 0.000033s
[t=0.850587s, 262844 KB] Total time: 0.850587s
Search stopped without finding a solution.
Remove intermediate file output.sas
search exit code: 12

Driver aborting after search

