$ D:\Miniforge3\python.exe C:/Users/user/Desktop/theoria/.worktrees/p13/engine-rig/.toolchain/downward/fast-downward.py --plan-file C:\Users\user\AppData\Local\Temp\e7verifyxo70jiht\sas_plan C:\Users\user\Desktop\theoria\.worktrees\e7-deadlock-claim\engine-rig\runs\20260728T150713Z-E7-deadlock-claim-audit\attacks\work\a5\swap\singleton\sokoban_guarded_singleton_domain.pddl C:\Users\user\Desktop\theoria\.worktrees\e7-deadlock-claim\engine-rig\runs\20260728T150713Z-E7-deadlock-claim-audit\attacks\work\a5\swap\singleton\swap-passage_guarded_singleton.pddl --search astar(cpdbs(patterns=manual_patterns([[23,24,22,19,18,17,9]])))

INFO     planner time limit: None
INFO     planner memory limit: None

INFO     Running translator.
INFO     translator stdin: None
INFO     translator time limit: None
INFO     translator memory limit: None
INFO     translator command line string: 'D:\Miniforge3\python.exe' -m translate 'C:\Users\user\Desktop\theoria\.worktrees\e7-deadlock-claim\engine-rig\runs\20260728T150713Z-E7-deadlock-claim-audit\attacks\work\a5\swap\singleton\sokoban_guarded_singleton_domain.pddl' 'C:\Users\user\Desktop\theoria\.worktrees\e7-deadlock-claim\engine-rig\runs\20260728T150713Z-E7-deadlock-claim-audit\attacks\work\a5\swap\singleton\swap-passage_guarded_singleton.pddl' --sas-file output.sas
Warning! SIGXCPU is not available on your platform. This means that the planner cannot be gracefully terminated when using a time limit, which, however, is probably supported on your platform anyway.
Parsing...
Parsing: [0.000s CPU, 0.002s wall-clock]
Normalizing task... [0.000s CPU, 0.000s wall-clock]
Instantiating...
Generating Datalog program... [0.000s CPU, 0.000s wall-clock]
Normalizing Datalog program...
Normalizing Datalog program: [0.000s CPU, 0.001s wall-clock]
Preparing model... [0.000s CPU, 0.000s wall-clock]
Generated 20 rules.
Computing model... [0.000s CPU, 0.005s wall-clock]
613 relevant atoms
888 auxiliary atoms
1501 final queue length
1771 total queue pushes
Completing instantiation... [0.000s CPU, 0.002s wall-clock]
Instantiating: [0.000s CPU, 0.008s wall-clock]
Computing fact groups...
Finding invariants...
7 initial candidates
Finding invariants: [0.000s CPU, 0.001s wall-clock]
Checking invariant weight... [0.000s CPU, 0.000s wall-clock]
Instantiating groups... [0.000s CPU, 0.001s wall-clock]
Collecting mutex groups... [0.000s CPU, 0.000s wall-clock]
Choosing groups...
54 uncovered facts
Choosing groups: [0.000s CPU, 0.000s wall-clock]
Building translation key... [0.000s CPU, 0.000s wall-clock]
Computing fact groups: [0.000s CPU, 0.003s wall-clock]
Building STRIPS to SAS dictionary... [0.000s CPU, 0.000s wall-clock]
Building dictionary for full mutex groups... [0.000s CPU, 0.000s wall-clock]
Building mutex information...
Building mutex information: [0.000s CPU, 0.000s wall-clock]
Translating task...
Processing axioms...
Simplifying axioms... [0.000s CPU, 0.000s wall-clock]
Translator axioms removed by simplifying: 0
Processing axioms: [0.000s CPU, 0.000s wall-clock]
Translating task: [0.016s CPU, 0.002s wall-clock]
172 effect conditions simplified
0 implied preconditions added
Detecting unreachable propositions...
0 operators removed
0 axioms removed
83 propositions removed
Detecting unreachable propositions: [0.000s CPU, 0.001s wall-clock]
Reordering and filtering variables...
25 of 25 variables necessary.
22 of 25 mutex groups necessary.
116 of 116 operators necessary.
0 of 0 axiom rules necessary.
Reordering and filtering variables: [0.000s CPU, 0.001s wall-clock]
Translator variables: 25
Translator derived variables: 0
Translator facts: 94
Translator goal facts: 2
Translator mutex groups: 22
Translator total mutex groups size: 72
Translator operators: 116
Translator axioms: 0
Translator task size: 1057
warning: could not determine peak memory
Writing output... [0.000s CPU, 0.009s wall-clock]
Done! [0.016s CPU, 0.026s wall-clock]
translate exit code: 0

INFO     Running search (release).
INFO     search stdin: output.sas
INFO     search time limit: None
INFO     search memory limit: None
INFO     search command line string: 'C:\Users\user\Desktop\theoria\.worktrees\p13\engine-rig\.toolchain\downward\builds\release\bin\downward.exe' --search 'astar(cpdbs(patterns=manual_patterns([[23,24,22,19,18,17,9]])))' --internal-plan-file 'C:\Users\user\AppData\Local\Temp\e7verifyxo70jiht\sas_plan' < output.sas
[t=0.000101s, 1892 KB] Search code revision: 7120aa0
[t=0.000178s, 1892 KB] reading input...
[t=0.001586s, 2208 KB] done reading input!
[t=0.002591s, 2812 KB] Initializing canonical PDB heuristic...
[t=0.002602s, 2832 KB] Generating patterns using: manual pattern collection generator
[t=0.002607s, 2832 KB] Manual pattern collection: [[23, 24, 22, 19, 18, 17, 9]]
[t=0.002616s, 2832 KB] manual pattern collection generator number of patterns: 1
[t=0.002620s, 2832 KB] manual pattern collection generator total PDB size: 68992
[t=0.002623s, 2832 KB] manual pattern collection generator computation time: 9.6e-06s
[t=0.002629s, 2832 KB] Computing PDBs for pattern collection...
[t=0.004029s, 3236 KB] Done computing PDBs for pattern collection: 0.001404s
[t=0.004038s, 3236 KB] Computing pattern cliques for pattern collection...
[t=0.004049s, 3236 KB] Done computing pattern cliques for pattern collection: 0.000012s
[t=0.004053s, 3236 KB] Running dominance pruning...
[t=0.004058s, 3236 KB] Pruned 0 of 1 pattern cliques
[t=0.004061s, 3236 KB] Pruned 0 of 1 PDBs
[t=0.004063s, 3236 KB] Dominance pruning took 0.000008s
[t=0.004067s, 3236 KB] Canonical PDB heuristic number of patterns: 1
[t=0.004070s, 3236 KB] Canonical PDB heuristic total PDB size: 68992
[t=0.004072s, 3236 KB] Canonical PDB heuristic computation time: 0.001477s
[t=0.004096s, 3236 KB] Building successor generator... done!
[t=0.004138s, 3236 KB] peak memory difference for successor generator creation: 0 KB
[t=0.004141s, 3236 KB] time for successor generation creation: 0.000036s
[t=0.004145s, 3236 KB] Variables: 25
[t=0.004149s, 3236 KB] FactPairs: 94
[t=0.004151s, 3236 KB] Bytes per state: 8
[t=0.004160s, 3236 KB] Conducting best first search with reopening closed nodes, (real) bound = 2147483647
[t=0.004175s, 3236 KB] New best heuristic value for cpdbs: 15
[t=0.004178s, 3236 KB] g=0, 1 evaluated, 0 expanded
[t=0.004181s, 3236 KB] f = 15, 1 evaluated, 0 expanded
[t=0.004188s, 3236 KB] Initial heuristic value for cpdbs: 15
[t=0.004191s, 3236 KB] pruning method: none
[t=0.004198s, 3236 KB] New best heuristic value for cpdbs: 14
[t=0.004202s, 3236 KB] g=1, 2 evaluated, 1 expanded
[t=0.004213s, 3236 KB] f = 17, 7 evaluated, 3 expanded
[t=0.004222s, 3236 KB] New best heuristic value for cpdbs: 13
[t=0.004226s, 3236 KB] g=4, 11 evaluated, 6 expanded
[t=0.004231s, 3236 KB] New best heuristic value for cpdbs: 12
[t=0.004235s, 3236 KB] g=5, 14 evaluated, 7 expanded
[t=0.004239s, 3236 KB] New best heuristic value for cpdbs: 11
[t=0.004243s, 3236 KB] g=6, 16 evaluated, 8 expanded
[t=0.004248s, 3236 KB] New best heuristic value for cpdbs: 10
[t=0.004252s, 3236 KB] g=7, 18 evaluated, 9 expanded
[t=0.004256s, 3236 KB] New best heuristic value for cpdbs: 9
[t=0.004259s, 3236 KB] g=8, 20 evaluated, 10 expanded
[t=0.004263s, 3236 KB] New best heuristic value for cpdbs: 8
[t=0.004265s, 3236 KB] g=9, 21 evaluated, 11 expanded
[t=0.004270s, 3236 KB] New best heuristic value for cpdbs: 7
[t=0.004273s, 3236 KB] g=10, 23 evaluated, 12 expanded
[t=0.004279s, 3236 KB] New best heuristic value for cpdbs: 6
[t=0.004282s, 3236 KB] g=11, 27 evaluated, 13 expanded
[t=0.004290s, 3236 KB] f = 19, 31 evaluated, 16 expanded
[t=0.004311s, 3236 KB] f = 21, 41 evaluated, 28 expanded
[t=0.004346s, 3236 KB] f = 23, 66 evaluated, 46 expanded
[t=0.004375s, 3236 KB] f = 25, 84 evaluated, 65 expanded
[t=0.004402s, 3236 KB] f = 27, 101 evaluated, 84 expanded
[t=0.004466s, 3236 KB] f = 29, 150 evaluated, 116 expanded
[t=0.004483s, 3236 KB] New best heuristic value for cpdbs: 5
[t=0.004486s, 3236 KB] g=24, 162 evaluated, 122 expanded
[t=0.004494s, 3256 KB] New best heuristic value for cpdbs: 4
[t=0.004497s, 3256 KB] g=25, 164 evaluated, 123 expanded
[t=0.004502s, 3256 KB] New best heuristic value for cpdbs: 3
[t=0.004506s, 3256 KB] g=26, 167 evaluated, 124 expanded
[t=0.004549s, 3256 KB] f = 31, 196 evaluated, 158 expanded
[t=0.004648s, 3256 KB] f = 33, 269 evaluated, 211 expanded
[t=0.004723s, 3256 KB] f = 35, 323 evaluated, 270 expanded
[t=0.004819s, 3256 KB] f = 37, 404 evaluated, 335 expanded
[t=0.004907s, 3256 KB] f = 39, 467 evaluated, 403 expanded
[t=0.005005s, 3256 KB] f = 41, 522 evaluated, 465 expanded
[t=0.005050s, 3256 KB] f = 43, 548 evaluated, 504 expanded
[t=0.005077s, 3256 KB] f = 45, 560 evaluated, 528 expanded
[t=0.005096s, 3256 KB] f = 47, 572 evaluated, 540 expanded
[t=0.005111s, 3256 KB] f = 49, 580 evaluated, 547 expanded
[t=0.005122s, 3256 KB] f = 51, 586 evaluated, 554 expanded
[t=0.005149s, 3256 KB] f = 53, 607 evaluated, 569 expanded
[t=0.005169s, 3256 KB] f = 55, 611 evaluated, 580 expanded
[t=0.005174s, 3256 KB] Completely explored state space -- no solution!
[t=0.005176s, 3256 KB] Actual search time: 0.000984s
[t=0.005179s, 3256 KB] Expanded 584 state(s).
[t=0.005179s, 3256 KB] Reopened 0 state(s).
[t=0.005179s, 3256 KB] Evaluated 611 state(s).
[t=0.005179s, 3256 KB] Evaluations: 611
[t=0.005179s, 3256 KB] Generated 1520 state(s).
[t=0.005179s, 3256 KB] Dead ends: 27 state(s).
[t=0.005179s, 3256 KB] Expanded until last jump: 580 state(s).
[t=0.005179s, 3256 KB] Reopened until last jump: 0 state(s).
[t=0.005179s, 3256 KB] Evaluated until last jump: 611 state(s).
[t=0.005179s, 3256 KB] Generated until last jump: 1513 state(s).
[t=0.005179s, 3256 KB] Number of registered states: 611
[t=0.005179s, 3256 KB] Int hash set load factor: 611/1024 = 0.596680
[t=0.005179s, 3256 KB] Int hash set resizes: 10
[t=0.005179s, 3256 KB] Search time: 0.001021s
[t=0.005179s, 3256 KB] Total time: 0.005179s
Search stopped without finding a solution.
Remove intermediate file output.sas
search exit code: 12

Driver aborting after search

