$ D:\Miniforge3\python.exe C:/Users/user/Desktop/theoria/.worktrees/p13/engine-rig/.toolchain/downward/fast-downward.py --plan-file C:\Users\user\AppData\Local\Temp\e7verify1mga23kb\sas_plan C:\Users\user\Desktop\theoria\.worktrees\e7-deadlock-claim\engine-rig\runs\20260728T150713Z-E7-deadlock-claim-audit\attacks\work\a5\swap\singleton\sokoban_guarded_singleton_domain.pddl C:\Users\user\Desktop\theoria\.worktrees\e7-deadlock-claim\engine-rig\runs\20260728T150713Z-E7-deadlock-claim-audit\attacks\work\a5\swap\singleton\swap-passage_guarded_singleton.pddl --search astar(cpdbs(patterns=manual_patterns([[23,24,22,19,18,9]])))

INFO     planner time limit: None
INFO     planner memory limit: None

INFO     Running translator.
INFO     translator stdin: None
INFO     translator time limit: None
INFO     translator memory limit: None
INFO     translator command line string: 'D:\Miniforge3\python.exe' -m translate 'C:\Users\user\Desktop\theoria\.worktrees\e7-deadlock-claim\engine-rig\runs\20260728T150713Z-E7-deadlock-claim-audit\attacks\work\a5\swap\singleton\sokoban_guarded_singleton_domain.pddl' 'C:\Users\user\Desktop\theoria\.worktrees\e7-deadlock-claim\engine-rig\runs\20260728T150713Z-E7-deadlock-claim-audit\attacks\work\a5\swap\singleton\swap-passage_guarded_singleton.pddl' --sas-file output.sas
Warning! SIGXCPU is not available on your platform. This means that the planner cannot be gracefully terminated when using a time limit, which, however, is probably supported on your platform anyway.
Parsing...
Parsing: [0.016s CPU, 0.002s wall-clock]
Normalizing task... [0.000s CPU, 0.000s wall-clock]
Instantiating...
Generating Datalog program... [0.000s CPU, 0.000s wall-clock]
Normalizing Datalog program...
Normalizing Datalog program: [0.000s CPU, 0.001s wall-clock]
Preparing model... [0.000s CPU, 0.000s wall-clock]
Generated 20 rules.
Computing model... [0.000s CPU, 0.005s wall-clock]
613 relevant atoms
888 auxiliary atoms
1501 final queue length
1771 total queue pushes
Completing instantiation... [0.000s CPU, 0.002s wall-clock]
Instantiating: [0.000s CPU, 0.008s wall-clock]
Computing fact groups...
Finding invariants...
7 initial candidates
Finding invariants: [0.000s CPU, 0.001s wall-clock]
Checking invariant weight... [0.000s CPU, 0.000s wall-clock]
Instantiating groups... [0.000s CPU, 0.001s wall-clock]
Collecting mutex groups... [0.000s CPU, 0.000s wall-clock]
Choosing groups...
54 uncovered facts
Choosing groups: [0.000s CPU, 0.000s wall-clock]
Building translation key... [0.000s CPU, 0.000s wall-clock]
Computing fact groups: [0.000s CPU, 0.003s wall-clock]
Building STRIPS to SAS dictionary... [0.000s CPU, 0.000s wall-clock]
Building dictionary for full mutex groups... [0.000s CPU, 0.000s wall-clock]
Building mutex information...
Building mutex information: [0.000s CPU, 0.000s wall-clock]
Translating task...
Processing axioms...
Simplifying axioms... [0.000s CPU, 0.000s wall-clock]
Translator axioms removed by simplifying: 0
Processing axioms: [0.000s CPU, 0.000s wall-clock]
Translating task: [0.000s CPU, 0.002s wall-clock]
172 effect conditions simplified
0 implied preconditions added
Detecting unreachable propositions...
0 operators removed
0 axioms removed
83 propositions removed
Detecting unreachable propositions: [0.000s CPU, 0.001s wall-clock]
Reordering and filtering variables...
25 of 25 variables necessary.
22 of 25 mutex groups necessary.
116 of 116 operators necessary.
0 of 0 axiom rules necessary.
Reordering and filtering variables: [0.000s CPU, 0.001s wall-clock]
Translator variables: 25
Translator derived variables: 0
Translator facts: 94
Translator goal facts: 2
Translator mutex groups: 22
Translator total mutex groups size: 72
Translator operators: 116
Translator axioms: 0
Translator task size: 1057
warning: could not determine peak memory
Writing output... [0.000s CPU, 0.009s wall-clock]
Done! [0.016s CPU, 0.026s wall-clock]
translate exit code: 0

INFO     Running search (release).
INFO     search stdin: output.sas
INFO     search time limit: None
INFO     search memory limit: None
INFO     search command line string: 'C:\Users\user\Desktop\theoria\.worktrees\p13\engine-rig\.toolchain\downward\builds\release\bin\downward.exe' --search 'astar(cpdbs(patterns=manual_patterns([[23,24,22,19,18,9]])))' --internal-plan-file 'C:\Users\user\AppData\Local\Temp\e7verify1mga23kb\sas_plan' < output.sas
[t=0.000104s, 1888 KB] Search code revision: 7120aa0
[t=0.000184s, 1916 KB] reading input...
[t=0.001413s, 2176 KB] done reading input!
[t=0.002422s, 2728 KB] Initializing canonical PDB heuristic...
[t=0.002459s, 2728 KB] Generating patterns using: manual pattern collection generator
[t=0.002464s, 2728 KB] Manual pattern collection: [[23, 24, 22, 19, 18, 9]]
[t=0.002473s, 2728 KB] manual pattern collection generator number of patterns: 1
[t=0.002475s, 2728 KB] manual pattern collection generator total PDB size: 34496
[t=0.002478s, 2728 KB] manual pattern collection generator computation time: 1e-05s
[t=0.002484s, 2728 KB] Computing PDBs for pattern collection...
[t=0.003333s, 3024 KB] Done computing PDBs for pattern collection: 0.000852s
[t=0.003340s, 3024 KB] Computing pattern cliques for pattern collection...
[t=0.003351s, 3024 KB] Done computing pattern cliques for pattern collection: 0.000012s
[t=0.003356s, 3024 KB] Running dominance pruning...
[t=0.003361s, 3028 KB] Pruned 0 of 1 pattern cliques
[t=0.003364s, 3028 KB] Pruned 0 of 1 PDBs
[t=0.003367s, 3028 KB] Dominance pruning took 0.000010s
[t=0.003370s, 3028 KB] Canonical PDB heuristic number of patterns: 1
[t=0.003372s, 3028 KB] Canonical PDB heuristic total PDB size: 34496
[t=0.003374s, 3028 KB] Canonical PDB heuristic computation time: 0.000948s
[t=0.003410s, 3028 KB] Building successor generator... done!
[t=0.003489s, 3032 KB] peak memory difference for successor generator creation: 4 KB
[t=0.003505s, 3032 KB] time for successor generation creation: 0.000061s
[t=0.003517s, 3032 KB] Variables: 25
[t=0.003522s, 3032 KB] FactPairs: 94
[t=0.003524s, 3032 KB] Bytes per state: 8
[t=0.003539s, 3032 KB] Conducting best first search with reopening closed nodes, (real) bound = 2147483647
[t=0.003565s, 3056 KB] New best heuristic value for cpdbs: 13
[t=0.003572s, 3056 KB] g=0, 1 evaluated, 0 expanded
[t=0.003574s, 3056 KB] f = 13, 1 evaluated, 0 expanded
[t=0.003585s, 3068 KB] Initial heuristic value for cpdbs: 13
[t=0.003588s, 3068 KB] pruning method: none
[t=0.003604s, 3068 KB] New best heuristic value for cpdbs: 12
[t=0.003611s, 3068 KB] g=1, 4 evaluated, 1 expanded
[t=0.003618s, 3068 KB] New best heuristic value for cpdbs: 11
[t=0.003621s, 3068 KB] g=2, 6 evaluated, 2 expanded
[t=0.003629s, 3068 KB] f = 15, 10 evaluated, 3 expanded
[t=0.003644s, 3068 KB] f = 17, 16 evaluated, 9 expanded
[t=0.003663s, 3068 KB] New best heuristic value for cpdbs: 10
[t=0.003670s, 3068 KB] g=7, 27 evaluated, 16 expanded
[t=0.003677s, 3068 KB] New best heuristic value for cpdbs: 9
[t=0.003679s, 3068 KB] g=8, 29 evaluated, 17 expanded
[t=0.003683s, 3068 KB] New best heuristic value for cpdbs: 8
[t=0.003685s, 3068 KB] g=9, 30 evaluated, 18 expanded
[t=0.003691s, 3068 KB] New best heuristic value for cpdbs: 7
[t=0.003693s, 3068 KB] g=10, 32 evaluated, 19 expanded
[t=0.003701s, 3068 KB] New best heuristic value for cpdbs: 6
[t=0.003705s, 3068 KB] g=11, 36 evaluated, 20 expanded
[t=0.003716s, 3068 KB] f = 19, 41 evaluated, 24 expanded
[t=0.003738s, 3068 KB] f = 21, 53 evaluated, 38 expanded
[t=0.003781s, 3068 KB] f = 23, 78 evaluated, 57 expanded
[t=0.003812s, 3068 KB] f = 25, 96 evaluated, 76 expanded
[t=0.003843s, 3068 KB] f = 27, 113 evaluated, 95 expanded
[t=0.003911s, 3068 KB] f = 29, 162 evaluated, 127 expanded
[t=0.003929s, 3068 KB] New best heuristic value for cpdbs: 5
[t=0.003932s, 3068 KB] g=24, 174 evaluated, 133 expanded
[t=0.003941s, 3088 KB] New best heuristic value for cpdbs: 4
[t=0.003945s, 3088 KB] g=25, 176 evaluated, 134 expanded
[t=0.003951s, 3088 KB] New best heuristic value for cpdbs: 3
[t=0.003953s, 3088 KB] g=26, 179 evaluated, 135 expanded
[t=0.004002s, 3088 KB] f = 31, 216 evaluated, 172 expanded
[t=0.004103s, 3088 KB] f = 33, 289 evaluated, 228 expanded
[t=0.004198s, 3088 KB] f = 35, 361 evaluated, 298 expanded
[t=0.004296s, 3088 KB] f = 37, 441 evaluated, 370 expanded
[t=0.004407s, 3100 KB] f = 39, 502 evaluated, 440 expanded
[t=0.004475s, 3124 KB] f = 41, 540 evaluated, 494 expanded
[t=0.004512s, 3124 KB] f = 43, 564 evaluated, 522 expanded
[t=0.004541s, 3124 KB] f = 45, 578 evaluated, 546 expanded
[t=0.004554s, 3124 KB] f = 47, 584 evaluated, 554 expanded
[t=0.004565s, 3124 KB] f = 49, 591 evaluated, 559 expanded
[t=0.004589s, 3124 KB] f = 51, 609 evaluated, 570 expanded
[t=0.004621s, 3124 KB] f = 53, 631 evaluated, 591 expanded
[t=0.004634s, 3124 KB] f = 55, 634 evaluated, 603 expanded
[t=0.004640s, 3124 KB] Completely explored state space -- no solution!
[t=0.004642s, 3124 KB] Actual search time: 0.001054s
[t=0.004646s, 3124 KB] Expanded 606 state(s).
[t=0.004646s, 3124 KB] Reopened 0 state(s).
[t=0.004646s, 3124 KB] Evaluated 634 state(s).
[t=0.004646s, 3124 KB] Evaluations: 634
[t=0.004646s, 3124 KB] Generated 1580 state(s).
[t=0.004646s, 3124 KB] Dead ends: 28 state(s).
[t=0.004646s, 3124 KB] Expanded until last jump: 603 state(s).
[t=0.004646s, 3124 KB] Reopened until last jump: 0 state(s).
[t=0.004646s, 3124 KB] Evaluated until last jump: 634 state(s).
[t=0.004646s, 3124 KB] Generated until last jump: 1575 state(s).
[t=0.004646s, 3124 KB] Number of registered states: 634
[t=0.004646s, 3124 KB] Int hash set load factor: 634/1024 = 0.619141
[t=0.004646s, 3124 KB] Int hash set resizes: 10
[t=0.004646s, 3124 KB] Search time: 0.001109s
[t=0.004646s, 3124 KB] Total time: 0.004646s
Search stopped without finding a solution.
Remove intermediate file output.sas
search exit code: 12

Driver aborting after search

