$ D:\Miniforge3\python.exe C:/Users/user/Desktop/theoria/.worktrees/p13/engine-rig/.toolchain/downward/fast-downward.py --plan-file C:\Users\user\AppData\Local\Temp\e7verifypgzr2kxe\sas_plan C:\Users\user\Desktop\theoria\.worktrees\e7-deadlock-claim\engine-rig\fixtures\data\sokoban_domain.pddl C:\Users\user\Desktop\theoria\.worktrees\e7-deadlock-claim\engine-rig\runs\20260728T150713Z-E7-deadlock-claim-audit\attacks\work\a5\swap\swap-passage.pddl --search astar(cpdbs(patterns=manual_patterns([[23,24,22,0,9],[23,24,22,0,8],[23,24,22,0,10],[23,24,22,0,2],[23,24,22,0,1],[23,24,22,0,18],[23,24,22,0,11],[23,24,22,0,19],[23,24,22,0,3],[23,24,22,0,12],[23,24,22,0,13],[23,24,22,0,5],[23,24,22,0,20],[23,24,22,0,17],[23,24,22,0,21],[23,24,22,0,6],[23,24,22,0,4],[23,24,22,0,14],[23,24,22,0,15],[23,24,22,0,16],[23,24,22,0,7],[23,24,22,9,8],[23,24,22,9,10],[23,24,22,9,2],[23,24,22,9,1],[23,24,22,9,18],[23,24,22,9,11],[23,24,22,9,19],[23,24,22,9,3],[23,24,22,9,12],[23,24,22,9,13],[23,24,22,9,5],[23,24,22,9,20],[23,24,22,9,17],[23,24,22,9,21],[23,24,22,9,6],[23,24,22,9,4],[23,24,22,9,14],[23,24,22,9,15],[23,24,22,9,16],[23,24,22,9,7],[23,24,22,8,10],[23,24,22,8,2],[23,24,22,8,1],[23,24,22,8,18],[23,24,22,8,11],[23,24,22,8,19],[23,24,22,8,3],[23,24,22,8,12],[23,24,22,8,13],[23,24,22,8,5],[23,24,22,8,20],[23,24,22,8,17],[23,24,22,8,21],[23,24,22,8,6],[23,24,22,8,4],[23,24,22,8,14],[23,24,22,8,15],[23,24,22,8,16],[23,24,22,8,7],[23,24,22,10,2],[23,24,22,10,1],[23,24,22,10,18],[23,24,22,10,11],[23,24,22,10,19],[23,24,22,10,3],[23,24,22,10,12],[23,24,22,10,13],[23,24,22,10,5],[23,24,22,10,20],[23,24,22,10,17],[23,24,22,10,21],[23,24,22,10,6],[23,24,22,10,4],[23,24,22,10,14],[23,24,22,10,15],[23,24,22,10,16],[23,24,22,10,7],[23,24,22,2,1],[23,24,22,2,18],[23,24,22,2,11],[23,24,22,2,19],[23,24,22,2,3],[23,24,22,2,12],[23,24,22,2,13],[23,24,22,2,5],[23,24,22,2,20],[23,24,22,2,17],[23,24,22,2,21],[23,24,22,2,6],[23,24,22,2,4],[23,24,22,2,14],[23,24,22,2,15],[23,24,22,2,16],[23,24,22,2,7],[23,24,22,1,18],[23,24,22,1,11],[23,24,22,1,19],[23,24,22,1,3],[23,24,22,1,12],[23,24,22,1,13],[23,24,22,1,5],[23,24,22,1,20],[23,24,22,1,17],[23,24,22,1,21],[23,24,22,1,6],[23,24,22,1,4],[23,24,22,1,14],[23,24,22,1,15],[23,24,22,1,16],[23,24,22,1,7],[23,24,22,18,11],[23,24,22,18,19],[23,24,22,18,3],[23,24,22,18,12],[23,24,22,18,13],[23,24,22,18,5],[23,24,22,18,20],[23,24,22,18,17],[23,24,22,18,21],[23,24,22,18,6],[23,24,22,18,4],[23,24,22,18,14],[23,24,22,18,15],[23,24,22,18,16],[23,24,22,18,7],[23,24,22,11,19],[23,24,22,11,3],[23,24,22,11,12],[23,24,22,11,13],[23,24,22,11,5],[23,24,22,11,20],[23,24,22,11,17],[23,24,22,11,21],[23,24,22,11,6],[23,24,22,11,4],[23,24,22,11,14],[23,24,22,11,15],[23,24,22,11,16],[23,24,22,11,7],[23,24,22,19,3],[23,24,22,19,12],[23,24,22,19,13],[23,24,22,19,5],[23,24,22,19,20],[23,24,22,19,17],[23,24,22,19,21],[23,24,22,19,6],[23,24,22,19,4],[23,24,22,19,14],[23,24,22,19,15],[23,24,22,19,16],[23,24,22,19,7],[23,24,22,3,12],[23,24,22,3,13],[23,24,22,3,5],[23,24,22,3,20],[23,24,22,3,17],[23,24,22,3,21],[23,24,22,3,6],[23,24,22,3,4],[23,24,22,3,14],[23,24,22,3,15],[23,24,22,3,16],[23,24,22,3,7],[23,24,22,12,13],[23,24,22,12,5],[23,24,22,12,20],[23,24,22,12,17],[23,24,22,12,21],[23,24,22,12,6],[23,24,22,12,4],[23,24,22,12,14],[23,24,22,12,15],[23,24,22,12,16],[23,24,22,12,7],[23,24,22,13,5],[23,24,22,13,20],[23,24,22,13,17],[23,24,22,13,21],[23,24,22,13,6],[23,24,22,13,4],[23,24,22,13,14],[23,24,22,13,15],[23,24,22,13,16],[23,24,22,13,7],[23,24,22,5,20],[23,24,22,5,17],[23,24,22,5,21],[23,24,22,5,6],[23,24,22,5,4],[23,24,22,5,14],[23,24,22,5,15],[23,24,22,5,16],[23,24,22,5,7],[23,24,22,20,17],[23,24,22,20,21],[23,24,22,20,6],[23,24,22,20,4],[23,24,22,20,14],[23,24,22,20,15],[23,24,22,20,16],[23,24,22,20,7],[23,24,22,17,21],[23,24,22,17,6],[23,24,22,17,4],[23,24,22,17,14],[23,24,22,17,15],[23,24,22,17,16],[23,24,22,17,7],[23,24,22,21,6],[23,24,22,21,4],[23,24,22,21,14],[23,24,22,21,15],[23,24,22,21,16],[23,24,22,21,7],[23,24,22,6,4],[23,24,22,6,14],[23,24,22,6,15],[23,24,22,6,16],[23,24,22,6,7],[23,24,22,4,14],[23,24,22,4,15],[23,24,22,4,16],[23,24,22,4,7],[23,24,22,14,15],[23,24,22,14,16],[23,24,22,14,7],[23,24,22,15,16],[23,24,22,15,7],[23,24,22,16,7]])))

INFO     planner time limit: None
INFO     planner memory limit: None

INFO     Running translator.
INFO     translator stdin: None
INFO     translator time limit: None
INFO     translator memory limit: None
INFO     translator command line string: 'D:\Miniforge3\python.exe' -m translate 'C:\Users\user\Desktop\theoria\.worktrees\e7-deadlock-claim\engine-rig\fixtures\data\sokoban_domain.pddl' 'C:\Users\user\Desktop\theoria\.worktrees\e7-deadlock-claim\engine-rig\runs\20260728T150713Z-E7-deadlock-claim-audit\attacks\work\a5\swap\swap-passage.pddl' --sas-file output.sas
Warning! SIGXCPU is not available on your platform. This means that the planner cannot be gracefully terminated when using a time limit, which, however, is probably supported on your platform anyway.
Parsing...
Parsing: [0.016s CPU, 0.002s wall-clock]
Normalizing task... [0.000s CPU, 0.000s wall-clock]
Instantiating...
Generating Datalog program... [0.000s CPU, 0.000s wall-clock]
Normalizing Datalog program...
Normalizing Datalog program: [0.000s CPU, 0.001s wall-clock]
Preparing model... [0.000s CPU, 0.000s wall-clock]
Generated 20 rules.
Computing model... [0.000s CPU, 0.005s wall-clock]
597 relevant atoms
888 auxiliary atoms
1485 final queue length
1755 total queue pushes
Completing instantiation... [0.000s CPU, 0.002s wall-clock]
Instantiating: [0.000s CPU, 0.008s wall-clock]
Computing fact groups...
Finding invariants...
7 initial candidates
Finding invariants: [0.000s CPU, 0.001s wall-clock]
Checking invariant weight... [0.000s CPU, 0.000s wall-clock]
Instantiating groups... [0.000s CPU, 0.001s wall-clock]
Collecting mutex groups... [0.000s CPU, 0.000s wall-clock]
Choosing groups...
54 uncovered facts
Choosing groups: [0.000s CPU, 0.000s wall-clock]
Building translation key... [0.000s CPU, 0.000s wall-clock]
Computing fact groups: [0.000s CPU, 0.003s wall-clock]
Building STRIPS to SAS dictionary... [0.000s CPU, 0.000s wall-clock]
Building dictionary for full mutex groups... [0.000s CPU, 0.000s wall-clock]
Building mutex information...
Building mutex information: [0.000s CPU, 0.000s wall-clock]
Translating task...
Processing axioms...
Simplifying axioms... [0.000s CPU, 0.000s wall-clock]
Translator axioms removed by simplifying: 0
Processing axioms: [0.000s CPU, 0.000s wall-clock]
Translating task: [0.000s CPU, 0.003s wall-clock]
204 effect conditions simplified
0 implied preconditions added
Detecting unreachable propositions...
0 operators removed
0 axioms removed
67 propositions removed
Detecting unreachable propositions: [0.000s CPU, 0.001s wall-clock]
Reordering and filtering variables...
25 of 25 variables necessary.
22 of 25 mutex groups necessary.
132 of 132 operators necessary.
0 of 0 axiom rules necessary.
Reordering and filtering variables: [0.016s CPU, 0.001s wall-clock]
Translator variables: 25
Translator derived variables: 0
Translator facts: 110
Translator goal facts: 2
Translator mutex groups: 22
Translator total mutex groups size: 88
Translator operators: 132
Translator axioms: 0
Translator task size: 1233
warning: could not determine peak memory
Writing output... [0.000s CPU, 0.010s wall-clock]
Done! [0.031s CPU, 0.027s wall-clock]
translate exit code: 0

INFO     Running search (release).
INFO     search stdin: output.sas
INFO     search time limit: None
INFO     search memory limit: None
INFO     search command line string: 'C:\Users\user\Desktop\theoria\.worktrees\p13\engine-rig\.toolchain\downward\builds\release\bin\downward.exe' --search 'astar(cpdbs(patterns=manual_patterns([[23,24,22,0,9],[23,24,22,0,8],[23,24,22,0,10],[23,24,22,0,2],[23,24,22,0,1],[23,24,22,0,18],[23,24,22,0,11],[23,24,22,0,19],[23,24,22,0,3],[23,24,22,0,12],[23,24,22,0,13],[23,24,22,0,5],[23,24,22,0,20],[23,24,22,0,17],[23,24,22,0,21],[23,24,22,0,6],[23,24,22,0,4],[23,24,22,0,14],[23,24,22,0,15],[23,24,22,0,16],[23,24,22,0,7],[23,24,22,9,8],[23,24,22,9,10],[23,24,22,9,2],[23,24,22,9,1],[23,24,22,9,18],[23,24,22,9,11],[23,24,22,9,19],[23,24,22,9,3],[23,24,22,9,12],[23,24,22,9,13],[23,24,22,9,5],[23,24,22,9,20],[23,24,22,9,17],[23,24,22,9,21],[23,24,22,9,6],[23,24,22,9,4],[23,24,22,9,14],[23,24,22,9,15],[23,24,22,9,16],[23,24,22,9,7],[23,24,22,8,10],[23,24,22,8,2],[23,24,22,8,1],[23,24,22,8,18],[23,24,22,8,11],[23,24,22,8,19],[23,24,22,8,3],[23,24,22,8,12],[23,24,22,8,13],[23,24,22,8,5],[23,24,22,8,20],[23,24,22,8,17],[23,24,22,8,21],[23,24,22,8,6],[23,24,22,8,4],[23,24,22,8,14],[23,24,22,8,15],[23,24,22,8,16],[23,24,22,8,7],[23,24,22,10,2],[23,24,22,10,1],[23,24,22,10,18],[23,24,22,10,11],[23,24,22,10,19],[23,24,22,10,3],[23,24,22,10,12],[23,24,22,10,13],[23,24,22,10,5],[23,24,22,10,20],[23,24,22,10,17],[23,24,22,10,21],[23,24,22,10,6],[23,24,22,10,4],[23,24,22,10,14],[23,24,22,10,15],[23,24,22,10,16],[23,24,22,10,7],[23,24,22,2,1],[23,24,22,2,18],[23,24,22,2,11],[23,24,22,2,19],[23,24,22,2,3],[23,24,22,2,12],[23,24,22,2,13],[23,24,22,2,5],[23,24,22,2,20],[23,24,22,2,17],[23,24,22,2,21],[23,24,22,2,6],[23,24,22,2,4],[23,24,22,2,14],[23,24,22,2,15],[23,24,22,2,16],[23,24,22,2,7],[23,24,22,1,18],[23,24,22,1,11],[23,24,22,1,19],[23,24,22,1,3],[23,24,22,1,12],[23,24,22,1,13],[23,24,22,1,5],[23,24,22,1,20],[23,24,22,1,17],[23,24,22,1,21],[23,24,22,1,6],[23,24,22,1,4],[23,24,22,1,14],[23,24,22,1,15],[23,24,22,1,16],[23,24,22,1,7],[23,24,22,18,11],[23,24,22,18,19],[23,24,22,18,3],[23,24,22,18,12],[23,24,22,18,13],[23,24,22,18,5],[23,24,22,18,20],[23,24,22,18,17],[23,24,22,18,21],[23,24,22,18,6],[23,24,22,18,4],[23,24,22,18,14],[23,24,22,18,15],[23,24,22,18,16],[23,24,22,18,7],[23,24,22,11,19],[23,24,22,11,3],[23,24,22,11,12],[23,24,22,11,13],[23,24,22,11,5],[23,24,22,11,20],[23,24,22,11,17],[23,24,22,11,21],[23,24,22,11,6],[23,24,22,11,4],[23,24,22,11,14],[23,24,22,11,15],[23,24,22,11,16],[23,24,22,11,7],[23,24,22,19,3],[23,24,22,19,12],[23,24,22,19,13],[23,24,22,19,5],[23,24,22,19,20],[23,24,22,19,17],[23,24,22,19,21],[23,24,22,19,6],[23,24,22,19,4],[23,24,22,19,14],[23,24,22,19,15],[23,24,22,19,16],[23,24,22,19,7],[23,24,22,3,12],[23,24,22,3,13],[23,24,22,3,5],[23,24,22,3,20],[23,24,22,3,17],[23,24,22,3,21],[23,24,22,3,6],[23,24,22,3,4],[23,24,22,3,14],[23,24,22,3,15],[23,24,22,3,16],[23,24,22,3,7],[23,24,22,12,13],[23,24,22,12,5],[23,24,22,12,20],[23,24,22,12,17],[23,24,22,12,21],[23,24,22,12,6],[23,24,22,12,4],[23,24,22,12,14],[23,24,22,12,15],[23,24,22,12,16],[23,24,22,12,7],[23,24,22,13,5],[23,24,22,13,20],[23,24,22,13,17],[23,24,22,13,21],[23,24,22,13,6],[23,24,22,13,4],[23,24,22,13,14],[23,24,22,13,15],[23,24,22,13,16],[23,24,22,13,7],[23,24,22,5,20],[23,24,22,5,17],[23,24,22,5,21],[23,24,22,5,6],[23,24,22,5,4],[23,24,22,5,14],[23,24,22,5,15],[23,24,22,5,16],[23,24,22,5,7],[23,24,22,20,17],[23,24,22,20,21],[23,24,22,20,6],[23,24,22,20,4],[23,24,22,20,14],[23,24,22,20,15],[23,24,22,20,16],[23,24,22,20,7],[23,24,22,17,21],[23,24,22,17,6],[23,24,22,17,4],[23,24,22,17,14],[23,24,22,17,15],[23,24,22,17,16],[23,24,22,17,7],[23,24,22,21,6],[23,24,22,21,4],[23,24,22,21,14],[23,24,22,21,15],[23,24,22,21,16],[23,24,22,21,7],[23,24,22,6,4],[23,24,22,6,14],[23,24,22,6,15],[23,24,22,6,16],[23,24,22,6,7],[23,24,22,4,14],[23,24,22,4,15],[23,24,22,4,16],[23,24,22,4,7],[23,24,22,14,15],[23,24,22,14,16],[23,24,22,14,7],[23,24,22,15,16],[23,24,22,15,7],[23,24,22,16,7]])))' --internal-plan-file 'C:\Users\user\AppData\Local\Temp\e7verifypgzr2kxe\sas_plan' < output.sas
[t=0.000157s, 1976 KB] Search code revision: 7120aa0
[t=0.000253s, 1976 KB] reading input...
[t=0.001623s, 2216 KB] done reading input!
[t=0.010126s, 3588 KB] Initializing canonical PDB heuristic...
[t=0.010141s, 3588 KB] Generating patterns using: manual pattern collection generator
[t=0.010145s, 3588 KB] Manual pattern collection: [[23, 24, 22, 0, 9], [23, 24, 22, 0, 8], [23, 24, 22, 0, 10], [23, 24, 22, 0, 2], [23, 24, 22, 0, 1], [23, 24, 22, 0, 18], [23, 24, 22, 0, 11], [23, 24, 22, 0, 19], [23, 24, 22, 0, 3], [23, 24, 22, 0, 12], [23, 24, 22, 0, 13], [23, 24, 22, 0, 5], [23, 24, 22, 0, 20], [23, 24, 22, 0, 17], [23, 24, 22, 0, 21], [23, 24, 22, 0, 6], [23, 24, 22, 0, 4], [23, 24, 22, 0, 14], [23, 24, 22, 0, 15], [23, 24, 22, 0, 16], [23, 24, 22, 0, 7], [23, 24, 22, 9, 8], [23, 24, 22, 9, 10], [23, 24, 22, 9, 2], [23, 24, 22, 9, 1], [23, 24, 22, 9, 18], [23, 24, 22, 9, 11], [23, 24, 22, 9, 19], [23, 24, 22, 9, 3], [23, 24, 22, 9, 12], [23, 24, 22, 9, 13], [23, 24, 22, 9, 5], [23, 24, 22, 9, 20], [23, 24, 22, 9, 17], [23, 24, 22, 9, 21], [23, 24, 22, 9, 6], [23, 24, 22, 9, 4], [23, 24, 22, 9, 14], [23, 24, 22, 9, 15], [23, 24, 22, 9, 16], [23, 24, 22, 9, 7], [23, 24, 22, 8, 10], [23, 24, 22, 8, 2], [23, 24, 22, 8, 1], [23, 24, 22, 8, 18], [23, 24, 22, 8, 11], [23, 24, 22, 8, 19], [23, 24, 22, 8, 3], [23, 24, 22, 8, 12], [23, 24, 22, 8, 13], [23, 24, 22, 8, 5], [23, 24, 22, 8, 20], [23, 24, 22, 8, 17], [23, 24, 22, 8, 21], [23, 24, 22, 8, 6], [23, 24, 22, 8, 4], [23, 24, 22, 8, 14], [23, 24, 22, 8, 15], [23, 24, 22, 8, 16], [23, 24, 22, 8, 7], [23, 24, 22, 10, 2], [23, 24, 22, 10, 1], [23, 24, 22, 10, 18], [23, 24, 22, 10, 11], [23, 24, 22, 10, 19], [23, 24, 22, 10, 3], [23, 24, 22, 10, 12], [23, 24, 22, 10, 13], [23, 24, 22, 10, 5], [23, 24, 22, 10, 20], [23, 24, 22, 10, 17], [23, 24, 22, 10, 21], [23, 24, 22, 10, 6], [23, 24, 22, 10, 4], [23, 24, 22, 10, 14], [23, 24, 22, 10, 15], [23, 24, 22, 10, 16], [23, 24, 22, 10, 7], [23, 24, 22, 2, 1], [23, 24, 22, 2, 18], [23, 24, 22, 2, 11], [23, 24, 22, 2, 19], [23, 24, 22, 2, 3], [23, 24, 22, 2, 12], [23, 24, 22, 2, 13], [23, 24, 22, 2, 5], [23, 24, 22, 2, 20], [23, 24, 22, 2, 17], [23, 24, 22, 2, 21], [23, 24, 22, 2, 6], [23, 24, 22, 2, 4], [23, 24, 22, 2, 14], [23, 24, 22, 2, 15], [23, 24, 22, 2, 16], [23, 24, 22, 2, 7], [23, 24, 22, 1, 18], [23, 24, 22, 1, 11], [23, 24, 22, 1, 19], [23, 24, 22, 1, 3], [23, 24, 22, 1, 12], [23, 24, 22, 1, 13], [23, 24, 22, 1, 5], [23, 24, 22, 1, 20], [23, 24, 22, 1, 17], [23, 24, 22, 1, 21], [23, 24, 22, 1, 6], [23, 24, 22, 1, 4], [23, 24, 22, 1, 14], [23, 24, 22, 1, 15], [23, 24, 22, 1, 16], [23, 24, 22, 1, 7], [23, 24, 22, 18, 11], [23, 24, 22, 18, 19], [23, 24, 22, 18, 3], [23, 24, 22, 18, 12], [23, 24, 22, 18, 13], [23, 24, 22, 18, 5], [23, 24, 22, 18, 20], [23, 24, 22, 18, 17], [23, 24, 22, 18, 21], [23, 24, 22, 18, 6], [23, 24, 22, 18, 4], [23, 24, 22, 18, 14], [23, 24, 22, 18, 15], [23, 24, 22, 18, 16], [23, 24, 22, 18, 7], [23, 24, 22, 11, 19], [23, 24, 22, 11, 3], [23, 24, 22, 11, 12], [23, 24, 22, 11, 13], [23, 24, 22, 11, 5], [23, 24, 22, 11, 20], [23, 24, 22, 11, 17], [23, 24, 22, 11, 21], [23, 24, 22, 11, 6], [23, 24, 22, 11, 4], [23, 24, 22, 11, 14], [23, 24, 22, 11, 15], [23, 24, 22, 11, 16], [23, 24, 22, 11, 7], [23, 24, 22, 19, 3], [23, 24, 22, 19, 12], [23, 24, 22, 19, 13], [23, 24, 22, 19, 5], [23, 24, 22, 19, 20], [23, 24, 22, 19, 17], [23, 24, 22, 19, 21], [23, 24, 22, 19, 6], [23, 24, 22, 19, 4], [23, 24, 22, 19, 14], [23, 24, 22, 19, 15], [23, 24, 22, 19, 16], [23, 24, 22, 19, 7], [23, 24, 22, 3, 12], [23, 24, 22, 3, 13], [23, 24, 22, 3, 5], [23, 24, 22, 3, 20], [23, 24, 22, 3, 17], [23, 24, 22, 3, 21], [23, 24, 22, 3, 6], [23, 24, 22, 3, 4], [23, 24, 22, 3, 14], [23, 24, 22, 3, 15], [23, 24, 22, 3, 16], [23, 24, 22, 3, 7], [23, 24, 22, 12, 13], [23, 24, 22, 12, 5], [23, 24, 22, 12, 20], [23, 24, 22, 12, 17], [23, 24, 22, 12, 21], [23, 24, 22, 12, 6], [23, 24, 22, 12, 4], [23, 24, 22, 12, 14], [23, 24, 22, 12, 15], [23, 24, 22, 12, 16], [23, 24, 22, 12, 7], [23, 24, 22, 13, 5], [23, 24, 22, 13, 20], [23, 24, 22, 13, 17], [23, 24, 22, 13, 21], [23, 24, 22, 13, 6], [23, 24, 22, 13, 4], [23, 24, 22, 13, 14], [23, 24, 22, 13, 15], [23, 24, 22, 13, 16], [23, 24, 22, 13, 7], [23, 24, 22, 5, 20], [23, 24, 22, 5, 17], [23, 24, 22, 5, 21], [23, 24, 22, 5, 6], [23, 24, 22, 5, 4], [23, 24, 22, 5, 14], [23, 24, 22, 5, 15], [23, 24, 22, 5, 16], [23, 24, 22, 5, 7], [23, 24, 22, 20, 17], [23, 24, 22, 20, 21], [23, 24, 22, 20, 6], [23, 24, 22, 20, 4], [23, 24, 22, 20, 14], [23, 24, 22, 20, 15], [23, 24, 22, 20, 16], [23, 24, 22, 20, 7], [23, 24, 22, 17, 21], [23, 24, 22, 17, 6], [23, 24, 22, 17, 4], [23, 24, 22, 17, 14], [23, 24, 22, 17, 15], [23, 24, 22, 17, 16], [23, 24, 22, 17, 7], [23, 24, 22, 21, 6], [23, 24, 22, 21, 4], [23, 24, 22, 21, 14], [23, 24, 22, 21, 15], [23, 24, 22, 21, 16], [23, 24, 22, 21, 7], [23, 24, 22, 6, 4], [23, 24, 22, 6, 14], [23, 24, 22, 6, 15], [23, 24, 22, 6, 16], [23, 24, 22, 6, 7], [23, 24, 22, 4, 14], [23, 24, 22, 4, 15], [23, 24, 22, 4, 16], [23, 24, 22, 4, 7], [23, 24, 22, 14, 15], [23, 24, 22, 14, 16], [23, 24, 22, 14, 7], [23, 24, 22, 15, 16], [23, 24, 22, 15, 7], [23, 24, 22, 16, 7]]
[t=0.010263s, 3588 KB] manual pattern collection generator number of patterns: 231
[t=0.010268s, 3588 KB] manual pattern collection generator total PDB size: 9838752
[t=0.010272s, 3588 KB] manual pattern collection generator computation time: 0.0001173s
[t=0.010278s, 3588 KB] Computing PDBs for pattern collection...
[t=0.140419s, 42216 KB] Done computing PDBs for pattern collection: 0.130156s
[t=0.140445s, 42216 KB] Computing pattern cliques for pattern collection...
[t=0.140595s, 42216 KB] Done computing pattern cliques for pattern collection: 0.000151s
[t=0.140602s, 42216 KB] Running dominance pruning...
[t=0.140761s, 42232 KB] Pruned 0 of 231 pattern cliques
[t=0.140765s, 42232 KB] Pruned 0 of 231 PDBs
[t=0.140767s, 42232 KB] Dominance pruning took 0.000164s
[t=0.140772s, 42232 KB] Canonical PDB heuristic number of patterns: 231
[t=0.140775s, 42232 KB] Canonical PDB heuristic total PDB size: 9838752
[t=0.140779s, 42232 KB] Canonical PDB heuristic computation time: 0.130647s
[t=0.140814s, 42232 KB] Building successor generator... done!
[t=0.140865s, 42232 KB] peak memory difference for successor generator creation: 0 KB
[t=0.140868s, 42232 KB] time for successor generation creation: 0.000045s
[t=0.140873s, 42232 KB] Variables: 25
[t=0.140875s, 42232 KB] FactPairs: 110
[t=0.140877s, 42232 KB] Bytes per state: 8
[t=0.140887s, 42232 KB] Conducting best first search with reopening closed nodes, (real) bound = 2147483647
[t=0.140919s, 42256 KB] New best heuristic value for cpdbs: 13
[t=0.140922s, 42256 KB] g=0, 1 evaluated, 0 expanded
[t=0.140925s, 42256 KB] f = 13, 1 evaluated, 0 expanded
[t=0.140932s, 42256 KB] Initial heuristic value for cpdbs: 13
[t=0.140953s, 42256 KB] pruning method: none
[t=0.140970s, 42256 KB] New best heuristic value for cpdbs: 12
[t=0.140974s, 42256 KB] g=1, 3 evaluated, 1 expanded
[t=0.140999s, 42256 KB] New best heuristic value for cpdbs: 11
[t=0.141001s, 42256 KB] g=2, 6 evaluated, 2 expanded
[t=0.141027s, 42256 KB] f = 15, 10 evaluated, 3 expanded
[t=0.141058s, 42256 KB] f = 17, 17 evaluated, 9 expanded
[t=0.141122s, 42256 KB] f = 19, 27 evaluated, 16 expanded
[t=0.141148s, 42256 KB] f = 21, 33 evaluated, 24 expanded
[t=0.141187s, 42256 KB] f = 23, 40 evaluated, 29 expanded
[t=0.141256s, 42256 KB] f = 25, 55 evaluated, 39 expanded
[t=0.141357s, 42256 KB] f = 27, 74 evaluated, 55 expanded
[t=0.141395s, 42256 KB] f = 29, 82 evaluated, 64 expanded
[t=0.141509s, 42256 KB] New best heuristic value for cpdbs: 10
[t=0.141513s, 42256 KB] g=19, 113 evaluated, 81 expanded
[t=0.141528s, 42256 KB] f = 31, 117 evaluated, 85 expanded
[t=0.141564s, 42256 KB] New best heuristic value for cpdbs: 9
[t=0.141567s, 42256 KB] g=22, 125 evaluated, 90 expanded
[t=0.141598s, 42256 KB] New best heuristic value for cpdbs: 8
[t=0.141602s, 42256 KB] g=23, 129 evaluated, 91 expanded
[t=0.141610s, 42256 KB] New best heuristic value for cpdbs: 7
[t=0.141612s, 42256 KB] g=24, 131 evaluated, 92 expanded
[t=0.141624s, 42256 KB] New best heuristic value for cpdbs: 6
[t=0.141626s, 42256 KB] g=25, 134 evaluated, 93 expanded
[t=0.141858s, 42284 KB] f = 33, 180 evaluated, 129 expanded
[t=0.142103s, 42284 KB] f = 35, 239 evaluated, 182 expanded
[t=0.142291s, 42284 KB] f = 37, 275 evaluated, 226 expanded
[t=0.142572s, 42284 KB] f = 39, 351 evaluated, 280 expanded
[t=0.142863s, 42284 KB] f = 41, 418 evaluated, 345 expanded
[t=0.143142s, 42284 KB] f = 43, 482 evaluated, 401 expanded
[t=0.143341s, 42284 KB] f = 45, 528 evaluated, 453 expanded
[t=0.143466s, 42284 KB] f = 47, 558 evaluated, 492 expanded
[t=0.143592s, 42284 KB] f = 49, 588 evaluated, 523 expanded
[t=0.143682s, 42284 KB] f = 51, 610 evaluated, 549 expanded
[t=0.143746s, 42284 KB] f = 53, 627 evaluated, 568 expanded
[t=0.143797s, 42284 KB] f = 55, 630 evaluated, 579 expanded
[t=0.143814s, 42284 KB] Completely explored state space -- no solution!
[t=0.143817s, 42284 KB] Actual search time: 0.002862s
[t=0.143821s, 42284 KB] Expanded 582 state(s).
[t=0.143821s, 42284 KB] Reopened 0 state(s).
[t=0.143821s, 42284 KB] Evaluated 630 state(s).
[t=0.143821s, 42284 KB] Evaluations: 630
[t=0.143821s, 42284 KB] Generated 1536 state(s).
[t=0.143821s, 42284 KB] Dead ends: 48 state(s).
[t=0.143821s, 42284 KB] Expanded until last jump: 579 state(s).
[t=0.143821s, 42284 KB] Reopened until last jump: 0 state(s).
[t=0.143821s, 42284 KB] Evaluated until last jump: 630 state(s).
[t=0.143821s, 42284 KB] Generated until last jump: 1530 state(s).
[t=0.143821s, 42284 KB] Number of registered states: 630
[t=0.143821s, 42284 KB] Int hash set load factor: 630/1024 = 0.615234
[t=0.143821s, 42284 KB] Int hash set resizes: 10
[t=0.143821s, 42284 KB] Search time: 0.002935s
[t=0.143821s, 42284 KB] Total time: 0.143821s
Search stopped without finding a solution.
Remove intermediate file output.sas
search exit code: 12

Driver aborting after search

