$ D:\Miniforge3\python.exe C:/Users/user/Desktop/theoria/.worktrees/p13/engine-rig/.toolchain/downward/fast-downward.py --plan-file C:\Users\user\AppData\Local\Temp\e7verifygrtbes0x\sas_plan C:\Users\user\Desktop\theoria\.worktrees\e7-deadlock-claim\engine-rig\runs\20260728T150713Z-E7-deadlock-claim-audit\attacks\work\a5\swap\singleton\sokoban_guarded_singleton_domain.pddl C:\Users\user\Desktop\theoria\.worktrees\e7-deadlock-claim\engine-rig\runs\20260728T150713Z-E7-deadlock-claim-audit\attacks\work\a5\swap\singleton\swap-passage_guarded_singleton.pddl --search astar(cpdbs(patterns=manual_patterns([[23,24,22,4,20,3,12,16,14,21]])))

INFO     planner time limit: None
INFO     planner memory limit: None

INFO     Running translator.
INFO     translator stdin: None
INFO     translator time limit: None
INFO     translator memory limit: None
INFO     translator command line string: 'D:\Miniforge3\python.exe' -m translate 'C:\Users\user\Desktop\theoria\.worktrees\e7-deadlock-claim\engine-rig\runs\20260728T150713Z-E7-deadlock-claim-audit\attacks\work\a5\swap\singleton\sokoban_guarded_singleton_domain.pddl' 'C:\Users\user\Desktop\theoria\.worktrees\e7-deadlock-claim\engine-rig\runs\20260728T150713Z-E7-deadlock-claim-audit\attacks\work\a5\swap\singleton\swap-passage_guarded_singleton.pddl' --sas-file output.sas
Warning! SIGXCPU is not available on your platform. This means that the planner cannot be gracefully terminated when using a time limit, which, however, is probably supported on your platform anyway.
Parsing...
Parsing: [0.000s CPU, 0.002s wall-clock]
Normalizing task... [0.000s CPU, 0.000s wall-clock]
Instantiating...
Generating Datalog program... [0.000s CPU, 0.000s wall-clock]
Normalizing Datalog program...
Normalizing Datalog program: [0.000s CPU, 0.001s wall-clock]
Preparing model... [0.000s CPU, 0.000s wall-clock]
Generated 20 rules.
Computing model... [0.000s CPU, 0.005s wall-clock]
613 relevant atoms
888 auxiliary atoms
1501 final queue length
1771 total queue pushes
Completing instantiation... [0.016s CPU, 0.002s wall-clock]
Instantiating: [0.016s CPU, 0.008s wall-clock]
Computing fact groups...
Finding invariants...
7 initial candidates
Finding invariants: [0.000s CPU, 0.001s wall-clock]
Checking invariant weight... [0.000s CPU, 0.000s wall-clock]
Instantiating groups... [0.000s CPU, 0.001s wall-clock]
Collecting mutex groups... [0.000s CPU, 0.000s wall-clock]
Choosing groups...
54 uncovered facts
Choosing groups: [0.000s CPU, 0.000s wall-clock]
Building translation key... [0.000s CPU, 0.000s wall-clock]
Computing fact groups: [0.000s CPU, 0.003s wall-clock]
Building STRIPS to SAS dictionary... [0.000s CPU, 0.000s wall-clock]
Building dictionary for full mutex groups... [0.000s CPU, 0.000s wall-clock]
Building mutex information...
Building mutex information: [0.000s CPU, 0.000s wall-clock]
Translating task...
Processing axioms...
Simplifying axioms... [0.000s CPU, 0.000s wall-clock]
Translator axioms removed by simplifying: 0
Processing axioms: [0.000s CPU, 0.000s wall-clock]
Translating task: [0.000s CPU, 0.002s wall-clock]
172 effect conditions simplified
0 implied preconditions added
Detecting unreachable propositions...
0 operators removed
0 axioms removed
83 propositions removed
Detecting unreachable propositions: [0.000s CPU, 0.001s wall-clock]
Reordering and filtering variables...
25 of 25 variables necessary.
22 of 25 mutex groups necessary.
116 of 116 operators necessary.
0 of 0 axiom rules necessary.
Reordering and filtering variables: [0.000s CPU, 0.001s wall-clock]
Translator variables: 25
Translator derived variables: 0
Translator facts: 94
Translator goal facts: 2
Translator mutex groups: 22
Translator total mutex groups size: 72
Translator operators: 116
Translator axioms: 0
Translator task size: 1057
warning: could not determine peak memory
Writing output... [0.000s CPU, 0.009s wall-clock]
Done! [0.016s CPU, 0.026s wall-clock]
translate exit code: 0

INFO     Running search (release).
INFO     search stdin: output.sas
INFO     search time limit: None
INFO     search memory limit: None
INFO     search command line string: 'C:\Users\user\Desktop\theoria\.worktrees\p13\engine-rig\.toolchain\downward\builds\release\bin\downward.exe' --search 'astar(cpdbs(patterns=manual_patterns([[23,24,22,4,20,3,12,16,14,21]])))' --internal-plan-file 'C:\Users\user\AppData\Local\Temp\e7verifygrtbes0x\sas_plan' < output.sas
[t=0.000159s, 1944 KB] Search code revision: 7120aa0
[t=0.000250s, 1956 KB] reading input...
[t=0.001492s, 2188 KB] done reading input!
[t=0.002780s, 2808 KB] Initializing canonical PDB heuristic...
[t=0.002791s, 2808 KB] Generating patterns using: manual pattern collection generator
[t=0.002796s, 2808 KB] Manual pattern collection: [[23, 24, 22, 4, 20, 3, 12, 16, 14, 21]]
[t=0.002805s, 2808 KB] manual pattern collection generator number of patterns: 1
[t=0.002809s, 2808 KB] manual pattern collection generator total PDB size: 551936
[t=0.002811s, 2808 KB] manual pattern collection generator computation time: 9.2e-06s
[t=0.002817s, 2808 KB] Computing PDBs for pattern collection...
[t=0.014755s, 5424 KB] Done computing PDBs for pattern collection: 0.011947s
[t=0.014772s, 5424 KB] Computing pattern cliques for pattern collection...
[t=0.014788s, 5424 KB] Done computing pattern cliques for pattern collection: 0.000018s
[t=0.014794s, 5424 KB] Running dominance pruning...
[t=0.014799s, 5424 KB] Pruned 0 of 1 pattern cliques
[t=0.014803s, 5424 KB] Pruned 0 of 1 PDBs
[t=0.014805s, 5424 KB] Dominance pruning took 0.000010s
[t=0.014809s, 5424 KB] Canonical PDB heuristic number of patterns: 1
[t=0.014811s, 5424 KB] Canonical PDB heuristic total PDB size: 551936
[t=0.014814s, 5424 KB] Canonical PDB heuristic computation time: 0.012029s
[t=0.014841s, 5424 KB] Building successor generator... done!
[t=0.014888s, 5424 KB] peak memory difference for successor generator creation: 0 KB
[t=0.014891s, 5424 KB] time for successor generation creation: 0.000040s
[t=0.014896s, 5424 KB] Variables: 25
[t=0.014898s, 5424 KB] FactPairs: 94
[t=0.014900s, 5424 KB] Bytes per state: 8
[t=0.014911s, 5424 KB] Conducting best first search with reopening closed nodes, (real) bound = 2147483647
[t=0.014950s, 5424 KB] New best heuristic value for cpdbs: 9
[t=0.014954s, 5424 KB] g=0, 1 evaluated, 0 expanded
[t=0.014956s, 5424 KB] f = 9, 1 evaluated, 0 expanded
[t=0.014962s, 5424 KB] Initial heuristic value for cpdbs: 9
[t=0.014965s, 5424 KB] pruning method: none
[t=0.014976s, 5424 KB] New best heuristic value for cpdbs: 8
[t=0.014981s, 5424 KB] g=1, 4 evaluated, 1 expanded
[t=0.014986s, 5424 KB] New best heuristic value for cpdbs: 7
[t=0.014988s, 5424 KB] g=2, 6 evaluated, 2 expanded
[t=0.015005s, 5424 KB] New best heuristic value for cpdbs: 6
[t=0.015008s, 5424 KB] g=3, 10 evaluated, 3 expanded
[t=0.015013s, 5424 KB] f = 11, 12 evaluated, 4 expanded
[t=0.015024s, 5424 KB] New best heuristic value for cpdbs: 5
[t=0.015027s, 5424 KB] g=6, 17 evaluated, 6 expanded
[t=0.015032s, 5424 KB] New best heuristic value for cpdbs: 4
[t=0.015034s, 5424 KB] g=7, 20 evaluated, 7 expanded
[t=0.015045s, 5424 KB] f = 13, 27 evaluated, 14 expanded
[t=0.015061s, 5424 KB] f = 15, 35 evaluated, 25 expanded
[t=0.015071s, 5424 KB] f = 17, 38 evaluated, 32 expanded
[t=0.015085s, 5424 KB] f = 19, 51 evaluated, 38 expanded
[t=0.015108s, 5424 KB] f = 21, 66 evaluated, 50 expanded
[t=0.015124s, 5424 KB] f = 23, 75 evaluated, 63 expanded
[t=0.015138s, 5424 KB] f = 25, 84 evaluated, 71 expanded
[t=0.015178s, 5424 KB] f = 27, 124 evaluated, 92 expanded
[t=0.015235s, 5424 KB] f = 29, 162 evaluated, 123 expanded
[t=0.015307s, 5424 KB] f = 31, 226 evaluated, 176 expanded
[t=0.015393s, 5424 KB] f = 33, 277 evaluated, 227 expanded
[t=0.015450s, 5424 KB] f = 35, 319 evaluated, 277 expanded
[t=0.015512s, 5424 KB] f = 37, 378 evaluated, 325 expanded
[t=0.015530s, 5424 KB] New best heuristic value for cpdbs: 3
[t=0.015533s, 5424 KB] g=34, 395 evaluated, 333 expanded
[t=0.015623s, 5424 KB] f = 39, 480 evaluated, 404 expanded
[t=0.015713s, 5424 KB] f = 41, 530 evaluated, 471 expanded
[t=0.015763s, 5424 KB] f = 43, 565 evaluated, 517 expanded
[t=0.015786s, 5424 KB] f = 45, 576 evaluated, 540 expanded
[t=0.015815s, 5424 KB] f = 47, 601 evaluated, 561 expanded
[t=0.015832s, 5424 KB] f = 49, 610 evaluated, 575 expanded
[t=0.015842s, 5424 KB] f = 51, 611 evaluated, 583 expanded
[t=0.015846s, 5424 KB] Completely explored state space -- no solution!
[t=0.015848s, 5424 KB] Actual search time: 0.000880s
[t=0.015851s, 5424 KB] Expanded 584 state(s).
[t=0.015851s, 5424 KB] Reopened 0 state(s).
[t=0.015851s, 5424 KB] Evaluated 611 state(s).
[t=0.015851s, 5424 KB] Evaluations: 611
[t=0.015851s, 5424 KB] Generated 1520 state(s).
[t=0.015851s, 5424 KB] Dead ends: 27 state(s).
[t=0.015851s, 5424 KB] Expanded until last jump: 583 state(s).
[t=0.015851s, 5424 KB] Reopened until last jump: 0 state(s).
[t=0.015851s, 5424 KB] Evaluated until last jump: 611 state(s).
[t=0.015851s, 5424 KB] Generated until last jump: 1518 state(s).
[t=0.015851s, 5424 KB] Number of registered states: 611
[t=0.015851s, 5424 KB] Int hash set load factor: 611/1024 = 0.596680
[t=0.015851s, 5424 KB] Int hash set resizes: 10
[t=0.015851s, 5424 KB] Search time: 0.000941s
[t=0.015851s, 5424 KB] Total time: 0.015851s
Search stopped without finding a solution.
Remove intermediate file output.sas
search exit code: 12

Driver aborting after search

