$ D:\Miniforge3\python.exe C:/Users/user/Desktop/theoria/.worktrees/p13/engine-rig/.toolchain/downward/fast-downward.py --plan-file C:\Users\user\AppData\Local\Temp\e7verifyf7dn87tu\sas_plan C:\Users\user\Desktop\theoria\.worktrees\e7-deadlock-claim\engine-rig\runs\20260728T150713Z-E7-deadlock-claim-audit\attacks\work\a5\swap\singleton\sokoban_guarded_singleton_domain.pddl C:\Users\user\Desktop\theoria\.worktrees\e7-deadlock-claim\engine-rig\runs\20260728T150713Z-E7-deadlock-claim-audit\attacks\work\a5\swap\singleton\swap-passage_guarded_singleton.pddl --search astar(cpdbs(patterns=manual_patterns([[23,24,22,9]])))

INFO     planner time limit: None
INFO     planner memory limit: None

INFO     Running translator.
INFO     translator stdin: None
INFO     translator time limit: None
INFO     translator memory limit: None
INFO     translator command line string: 'D:\Miniforge3\python.exe' -m translate 'C:\Users\user\Desktop\theoria\.worktrees\e7-deadlock-claim\engine-rig\runs\20260728T150713Z-E7-deadlock-claim-audit\attacks\work\a5\swap\singleton\sokoban_guarded_singleton_domain.pddl' 'C:\Users\user\Desktop\theoria\.worktrees\e7-deadlock-claim\engine-rig\runs\20260728T150713Z-E7-deadlock-claim-audit\attacks\work\a5\swap\singleton\swap-passage_guarded_singleton.pddl' --sas-file output.sas
Warning! SIGXCPU is not available on your platform. This means that the planner cannot be gracefully terminated when using a time limit, which, however, is probably supported on your platform anyway.
Parsing...
Parsing: [0.000s CPU, 0.002s wall-clock]
Normalizing task... [0.000s CPU, 0.000s wall-clock]
Instantiating...
Generating Datalog program... [0.000s CPU, 0.000s wall-clock]
Normalizing Datalog program...
Normalizing Datalog program: [0.000s CPU, 0.001s wall-clock]
Preparing model... [0.000s CPU, 0.001s wall-clock]
Generated 20 rules.
Computing model... [0.000s CPU, 0.005s wall-clock]
613 relevant atoms
888 auxiliary atoms
1501 final queue length
1771 total queue pushes
Completing instantiation... [0.000s CPU, 0.002s wall-clock]
Instantiating: [0.000s CPU, 0.009s wall-clock]
Computing fact groups...
Finding invariants...
7 initial candidates
Finding invariants: [0.000s CPU, 0.001s wall-clock]
Checking invariant weight... [0.016s CPU, 0.000s wall-clock]
Instantiating groups... [0.000s CPU, 0.001s wall-clock]
Collecting mutex groups... [0.000s CPU, 0.000s wall-clock]
Choosing groups...
54 uncovered facts
Choosing groups: [0.000s CPU, 0.000s wall-clock]
Building translation key... [0.000s CPU, 0.000s wall-clock]
Computing fact groups: [0.016s CPU, 0.003s wall-clock]
Building STRIPS to SAS dictionary... [0.000s CPU, 0.000s wall-clock]
Building dictionary for full mutex groups... [0.000s CPU, 0.000s wall-clock]
Building mutex information...
Building mutex information: [0.000s CPU, 0.000s wall-clock]
Translating task...
Processing axioms...
Simplifying axioms... [0.000s CPU, 0.000s wall-clock]
Translator axioms removed by simplifying: 0
Processing axioms: [0.000s CPU, 0.000s wall-clock]
Translating task: [0.000s CPU, 0.002s wall-clock]
172 effect conditions simplified
0 implied preconditions added
Detecting unreachable propositions...
0 operators removed
0 axioms removed
83 propositions removed
Detecting unreachable propositions: [0.000s CPU, 0.001s wall-clock]
Reordering and filtering variables...
25 of 25 variables necessary.
22 of 25 mutex groups necessary.
116 of 116 operators necessary.
0 of 0 axiom rules necessary.
Reordering and filtering variables: [0.000s CPU, 0.001s wall-clock]
Translator variables: 25
Translator derived variables: 0
Translator facts: 94
Translator goal facts: 2
Translator mutex groups: 22
Translator total mutex groups size: 72
Translator operators: 116
Translator axioms: 0
Translator task size: 1057
warning: could not determine peak memory
Writing output... [0.000s CPU, 0.010s wall-clock]
Done! [0.016s CPU, 0.028s wall-clock]
translate exit code: 0

INFO     Running search (release).
INFO     search stdin: output.sas
INFO     search time limit: None
INFO     search memory limit: None
INFO     search command line string: 'C:\Users\user\Desktop\theoria\.worktrees\p13\engine-rig\.toolchain\downward\builds\release\bin\downward.exe' --search 'astar(cpdbs(patterns=manual_patterns([[23,24,22,9]])))' --internal-plan-file 'C:\Users\user\AppData\Local\Temp\e7verifyf7dn87tu\sas_plan' < output.sas
[t=0.000098s, 1856 KB] Search code revision: 7120aa0
[t=0.000168s, 1856 KB] reading input...
[t=0.001398s, 2180 KB] done reading input!
[t=0.002399s, 2620 KB] Initializing canonical PDB heuristic...
[t=0.002414s, 2620 KB] Generating patterns using: manual pattern collection generator
[t=0.002421s, 2620 KB] Manual pattern collection: [[23, 24, 22, 9]]
[t=0.002431s, 2620 KB] manual pattern collection generator number of patterns: 1
[t=0.002436s, 2620 KB] manual pattern collection generator total PDB size: 8624
[t=0.002439s, 2620 KB] manual pattern collection generator computation time: 1.15e-05s
[t=0.002446s, 2620 KB] Computing PDBs for pattern collection...
[t=0.002752s, 2688 KB] Done computing PDBs for pattern collection: 0.000310s
[t=0.002760s, 2688 KB] Computing pattern cliques for pattern collection...
[t=0.002770s, 2688 KB] Done computing pattern cliques for pattern collection: 0.000012s
[t=0.002775s, 2688 KB] Running dominance pruning...
[t=0.002780s, 2716 KB] Pruned 0 of 1 pattern cliques
[t=0.002784s, 2716 KB] Pruned 0 of 1 PDBs
[t=0.002786s, 2716 KB] Dominance pruning took 0.000009s
[t=0.002789s, 2716 KB] Canonical PDB heuristic number of patterns: 1
[t=0.002792s, 2716 KB] Canonical PDB heuristic total PDB size: 8624
[t=0.002794s, 2716 KB] Canonical PDB heuristic computation time: 0.000391s
[t=0.002829s, 2716 KB] Building successor generator... done!
[t=0.002883s, 2752 KB] peak memory difference for successor generator creation: 36 KB
[t=0.002887s, 2752 KB] time for successor generation creation: 0.000043s
[t=0.002895s, 2752 KB] Variables: 25
[t=0.002900s, 2752 KB] FactPairs: 94
[t=0.002903s, 2760 KB] Bytes per state: 8
[t=0.002917s, 2760 KB] Conducting best first search with reopening closed nodes, (real) bound = 2147483647
[t=0.002939s, 2784 KB] New best heuristic value for cpdbs: 9
[t=0.002943s, 2784 KB] g=0, 1 evaluated, 0 expanded
[t=0.002946s, 2784 KB] f = 9, 1 evaluated, 0 expanded
[t=0.002953s, 2784 KB] Initial heuristic value for cpdbs: 9
[t=0.002956s, 2784 KB] pruning method: none
[t=0.002967s, 2784 KB] New best heuristic value for cpdbs: 8
[t=0.002971s, 2784 KB] g=1, 4 evaluated, 1 expanded
[t=0.002977s, 2784 KB] New best heuristic value for cpdbs: 7
[t=0.002979s, 2784 KB] g=2, 6 evaluated, 2 expanded
[t=0.002986s, 2784 KB] New best heuristic value for cpdbs: 6
[t=0.002990s, 2784 KB] g=3, 10 evaluated, 3 expanded
[t=0.002997s, 2784 KB] f = 11, 12 evaluated, 4 expanded
[t=0.003007s, 2784 KB] New best heuristic value for cpdbs: 5
[t=0.003009s, 2784 KB] g=6, 17 evaluated, 6 expanded
[t=0.003037s, 2784 KB] New best heuristic value for cpdbs: 4
[t=0.003040s, 2784 KB] g=7, 20 evaluated, 7 expanded
[t=0.003054s, 2784 KB] f = 13, 27 evaluated, 14 expanded
[t=0.003076s, 2784 KB] f = 15, 37 evaluated, 27 expanded
[t=0.003084s, 2784 KB] f = 17, 38 evaluated, 32 expanded
[t=0.003118s, 2784 KB] f = 19, 66 evaluated, 46 expanded
[t=0.003145s, 2784 KB] f = 21, 88 evaluated, 65 expanded
[t=0.003180s, 2788 KB] f = 23, 110 evaluated, 88 expanded
[t=0.003214s, 2816 KB] f = 25, 131 evaluated, 110 expanded
[t=0.003274s, 2856 KB] f = 27, 170 evaluated, 137 expanded
[t=0.003342s, 2864 KB] f = 29, 225 evaluated, 177 expanded
[t=0.003351s, 2864 KB] New best heuristic value for cpdbs: 3
[t=0.003354s, 2864 KB] g=26, 230 evaluated, 179 expanded
[t=0.003487s, 2916 KB] f = 31, 275 evaluated, 225 expanded
[t=0.003593s, 2932 KB] f = 33, 348 evaluated, 283 expanded
[t=0.003744s, 2932 KB] f = 35, 443 evaluated, 364 expanded
[t=0.003874s, 2936 KB] f = 37, 522 evaluated, 451 expanded
[t=0.003951s, 2936 KB] f = 39, 585 evaluated, 515 expanded
[t=0.004006s, 2936 KB] f = 41, 622 evaluated, 567 expanded
[t=0.004041s, 2936 KB] f = 43, 645 evaluated, 600 expanded
[t=0.004060s, 2936 KB] f = 45, 653 evaluated, 617 expanded
[t=0.004071s, 2936 KB] f = 47, 657 evaluated, 625 expanded
[t=0.004078s, 2936 KB] f = 49, 658 evaluated, 629 expanded
[t=0.004080s, 2936 KB] Completely explored state space -- no solution!
[t=0.004083s, 2936 KB] Actual search time: 0.001125s
[t=0.004086s, 2936 KB] Expanded 630 state(s).
[t=0.004086s, 2936 KB] Reopened 0 state(s).
[t=0.004086s, 2936 KB] Evaluated 658 state(s).
[t=0.004086s, 2936 KB] Evaluations: 658
[t=0.004086s, 2936 KB] Generated 1644 state(s).
[t=0.004086s, 2936 KB] Dead ends: 28 state(s).
[t=0.004086s, 2936 KB] Expanded until last jump: 629 state(s).
[t=0.004086s, 2936 KB] Reopened until last jump: 0 state(s).
[t=0.004086s, 2936 KB] Evaluated until last jump: 658 state(s).
[t=0.004086s, 2936 KB] Generated until last jump: 1642 state(s).
[t=0.004086s, 2936 KB] Number of registered states: 658
[t=0.004086s, 2936 KB] Int hash set load factor: 658/1024 = 0.642578
[t=0.004086s, 2936 KB] Int hash set resizes: 10
[t=0.004086s, 2936 KB] Search time: 0.001172s
[t=0.004086s, 2936 KB] Total time: 0.004086s
Search stopped without finding a solution.
Remove intermediate file output.sas
search exit code: 12

Driver aborting after search

