$ D:\Miniforge3\python.exe C:/Users/user/Desktop/theoria/.worktrees/p13/engine-rig/.toolchain/downward/fast-downward.py --plan-file C:\Users\user\AppData\Local\Temp\e7verify36rwuoru\sas_plan C:\Users\user\Desktop\theoria\.worktrees\e7-deadlock-claim\engine-rig\fixtures\data\sokoban_domain.pddl C:\Users\user\Desktop\theoria\.worktrees\e7-deadlock-claim\engine-rig\runs\20260728T150713Z-E7-deadlock-claim-audit\attacks\work\a5\swap\swap-passage.pddl --search astar(cpdbs(patterns=manual_patterns([[23,24,22,17,14,16,4,21,6]])))

INFO     planner time limit: None
INFO     planner memory limit: None

INFO     Running translator.
INFO     translator stdin: None
INFO     translator time limit: None
INFO     translator memory limit: None
INFO     translator command line string: 'D:\Miniforge3\python.exe' -m translate 'C:\Users\user\Desktop\theoria\.worktrees\e7-deadlock-claim\engine-rig\fixtures\data\sokoban_domain.pddl' 'C:\Users\user\Desktop\theoria\.worktrees\e7-deadlock-claim\engine-rig\runs\20260728T150713Z-E7-deadlock-claim-audit\attacks\work\a5\swap\swap-passage.pddl' --sas-file output.sas
Warning! SIGXCPU is not available on your platform. This means that the planner cannot be gracefully terminated when using a time limit, which, however, is probably supported on your platform anyway.
Parsing...
Parsing: [0.000s CPU, 0.002s wall-clock]
Normalizing task... [0.000s CPU, 0.000s wall-clock]
Instantiating...
Generating Datalog program... [0.000s CPU, 0.000s wall-clock]
Normalizing Datalog program...
Normalizing Datalog program: [0.000s CPU, 0.001s wall-clock]
Preparing model... [0.000s CPU, 0.000s wall-clock]
Generated 20 rules.
Computing model... [0.000s CPU, 0.005s wall-clock]
597 relevant atoms
888 auxiliary atoms
1485 final queue length
1755 total queue pushes
Completing instantiation... [0.000s CPU, 0.002s wall-clock]
Instantiating: [0.000s CPU, 0.008s wall-clock]
Computing fact groups...
Finding invariants...
7 initial candidates
Finding invariants: [0.016s CPU, 0.001s wall-clock]
Checking invariant weight... [0.000s CPU, 0.000s wall-clock]
Instantiating groups... [0.000s CPU, 0.001s wall-clock]
Collecting mutex groups... [0.000s CPU, 0.000s wall-clock]
Choosing groups...
54 uncovered facts
Choosing groups: [0.000s CPU, 0.000s wall-clock]
Building translation key... [0.000s CPU, 0.000s wall-clock]
Computing fact groups: [0.016s CPU, 0.003s wall-clock]
Building STRIPS to SAS dictionary... [0.000s CPU, 0.000s wall-clock]
Building dictionary for full mutex groups... [0.000s CPU, 0.000s wall-clock]
Building mutex information...
Building mutex information: [0.000s CPU, 0.000s wall-clock]
Translating task...
Processing axioms...
Simplifying axioms... [0.000s CPU, 0.000s wall-clock]
Translator axioms removed by simplifying: 0
Processing axioms: [0.000s CPU, 0.000s wall-clock]
Translating task: [0.000s CPU, 0.002s wall-clock]
204 effect conditions simplified
0 implied preconditions added
Detecting unreachable propositions...
0 operators removed
0 axioms removed
67 propositions removed
Detecting unreachable propositions: [0.000s CPU, 0.001s wall-clock]
Reordering and filtering variables...
25 of 25 variables necessary.
22 of 25 mutex groups necessary.
132 of 132 operators necessary.
0 of 0 axiom rules necessary.
Reordering and filtering variables: [0.000s CPU, 0.001s wall-clock]
Translator variables: 25
Translator derived variables: 0
Translator facts: 110
Translator goal facts: 2
Translator mutex groups: 22
Translator total mutex groups size: 88
Translator operators: 132
Translator axioms: 0
Translator task size: 1233
warning: could not determine peak memory
Writing output... [0.000s CPU, 0.009s wall-clock]
Done! [0.016s CPU, 0.027s wall-clock]
translate exit code: 0

INFO     Running search (release).
INFO     search stdin: output.sas
INFO     search time limit: None
INFO     search memory limit: None
INFO     search command line string: 'C:\Users\user\Desktop\theoria\.worktrees\p13\engine-rig\.toolchain\downward\builds\release\bin\downward.exe' --search 'astar(cpdbs(patterns=manual_patterns([[23,24,22,17,14,16,4,21,6]])))' --internal-plan-file 'C:\Users\user\AppData\Local\Temp\e7verify36rwuoru\sas_plan' < output.sas
[t=0.000163s, 1912 KB] Search code revision: 7120aa0
[t=0.000250s, 1940 KB] reading input...
[t=0.001719s, 2216 KB] done reading input!
[t=0.003256s, 2900 KB] Initializing canonical PDB heuristic...
[t=0.003271s, 2904 KB] Generating patterns using: manual pattern collection generator
[t=0.003276s, 2904 KB] Manual pattern collection: [[23, 24, 22, 17, 14, 16, 4, 21, 6]]
[t=0.003287s, 2904 KB] manual pattern collection generator number of patterns: 1
[t=0.003296s, 2904 KB] manual pattern collection generator total PDB size: 681472
[t=0.003301s, 2904 KB] manual pattern collection generator computation time: 1.06e-05s
[t=0.003311s, 2904 KB] Computing PDBs for pattern collection...
[t=0.015403s, 5960 KB] Done computing PDBs for pattern collection: 0.012105s
[t=0.015427s, 5960 KB] Computing pattern cliques for pattern collection...
[t=0.015453s, 5960 KB] Done computing pattern cliques for pattern collection: 0.000027s
[t=0.015458s, 5960 KB] Running dominance pruning...
[t=0.015464s, 5960 KB] Pruned 0 of 1 pattern cliques
[t=0.015467s, 5960 KB] Pruned 0 of 1 PDBs
[t=0.015470s, 5960 KB] Dominance pruning took 0.000010s
[t=0.015474s, 5960 KB] Canonical PDB heuristic number of patterns: 1
[t=0.015477s, 5960 KB] Canonical PDB heuristic total PDB size: 681472
[t=0.015479s, 5960 KB] Canonical PDB heuristic computation time: 0.012219s
[t=0.015514s, 5960 KB] Building successor generator... done!
[t=0.015575s, 5960 KB] peak memory difference for successor generator creation: 0 KB
[t=0.015578s, 5960 KB] time for successor generation creation: 0.000053s
[t=0.015615s, 5960 KB] Variables: 25
[t=0.015635s, 5960 KB] FactPairs: 110
[t=0.015637s, 5960 KB] Bytes per state: 8
[t=0.015647s, 5960 KB] Conducting best first search with reopening closed nodes, (real) bound = 2147483647
[t=0.015682s, 5960 KB] New best heuristic value for cpdbs: 9
[t=0.015686s, 5960 KB] g=0, 1 evaluated, 0 expanded
[t=0.015688s, 5960 KB] f = 9, 1 evaluated, 0 expanded
[t=0.015698s, 5960 KB] Initial heuristic value for cpdbs: 9
[t=0.015704s, 5960 KB] pruning method: none
[t=0.015717s, 5960 KB] New best heuristic value for cpdbs: 8
[t=0.015721s, 5960 KB] g=1, 3 evaluated, 1 expanded
[t=0.015728s, 5960 KB] New best heuristic value for cpdbs: 7
[t=0.015731s, 5960 KB] g=2, 6 evaluated, 2 expanded
[t=0.015739s, 5960 KB] New best heuristic value for cpdbs: 6
[t=0.015742s, 5960 KB] g=3, 10 evaluated, 3 expanded
[t=0.015748s, 5960 KB] f = 11, 12 evaluated, 4 expanded
[t=0.015761s, 5960 KB] New best heuristic value for cpdbs: 5
[t=0.015765s, 5960 KB] g=6, 17 evaluated, 6 expanded
[t=0.015770s, 5960 KB] New best heuristic value for cpdbs: 4
[t=0.015772s, 5960 KB] g=7, 19 evaluated, 7 expanded
[t=0.015787s, 5960 KB] f = 13, 28 evaluated, 14 expanded
[t=0.015810s, 5960 KB] f = 15, 38 evaluated, 27 expanded
[t=0.015818s, 5960 KB] f = 17, 39 evaluated, 32 expanded
[t=0.015858s, 5960 KB] f = 19, 69 evaluated, 46 expanded
[t=0.015893s, 5960 KB] f = 21, 91 evaluated, 65 expanded
[t=0.015941s, 5960 KB] f = 23, 114 evaluated, 88 expanded
[t=0.015977s, 5960 KB] f = 25, 133 evaluated, 108 expanded
[t=0.016039s, 5960 KB] f = 27, 177 evaluated, 136 expanded
[t=0.016103s, 5960 KB] f = 29, 224 evaluated, 173 expanded
[t=0.016114s, 5960 KB] New best heuristic value for cpdbs: 3
[t=0.016117s, 5960 KB] g=26, 229 evaluated, 175 expanded
[t=0.016194s, 5960 KB] f = 31, 272 evaluated, 218 expanded
[t=0.016263s, 5960 KB] f = 33, 313 evaluated, 257 expanded
[t=0.016359s, 5960 KB] f = 35, 387 evaluated, 314 expanded
[t=0.016463s, 5960 KB] f = 37, 465 evaluated, 380 expanded
[t=0.016578s, 5960 KB] f = 39, 528 evaluated, 441 expanded
[t=0.016656s, 5960 KB] f = 41, 580 evaluated, 499 expanded
[t=0.016760s, 5960 KB] f = 43, 635 evaluated, 556 expanded
[t=0.016813s, 5960 KB] f = 45, 651 evaluated, 590 expanded
[t=0.016853s, 5960 KB] f = 47, 674 evaluated, 614 expanded
[t=0.016868s, 5960 KB] f = 49, 678 evaluated, 626 expanded
[t=0.016874s, 5960 KB] Completely explored state space -- no solution!
[t=0.016877s, 5960 KB] Actual search time: 0.001171s
[t=0.016881s, 5960 KB] Expanded 630 state(s).
[t=0.016881s, 5960 KB] Reopened 0 state(s).
[t=0.016881s, 5960 KB] Evaluated 678 state(s).
[t=0.016881s, 5960 KB] Evaluations: 678
[t=0.016881s, 5960 KB] Generated 1664 state(s).
[t=0.016881s, 5960 KB] Dead ends: 48 state(s).
[t=0.016881s, 5960 KB] Expanded until last jump: 626 state(s).
[t=0.016881s, 5960 KB] Reopened until last jump: 0 state(s).
[t=0.016881s, 5960 KB] Evaluated until last jump: 678 state(s).
[t=0.016881s, 5960 KB] Generated until last jump: 1656 state(s).
[t=0.016881s, 5960 KB] Number of registered states: 678
[t=0.016881s, 5960 KB] Int hash set load factor: 678/1024 = 0.662109
[t=0.016881s, 5960 KB] Int hash set resizes: 10
[t=0.016881s, 5960 KB] Search time: 0.001236s
[t=0.016881s, 5960 KB] Total time: 0.016881s
Search stopped without finding a solution.
Remove intermediate file output.sas
search exit code: 12

Driver aborting after search

