$ D:\Miniforge3\python.exe C:/Users/user/Desktop/theoria/.worktrees/p13/engine-rig/.toolchain/downward/fast-downward.py --plan-file C:\Users\user\AppData\Local\Temp\e7verifybxfxdic3\sas_plan C:\Users\user\Desktop\theoria\.worktrees\e7-deadlock-claim\engine-rig\runs\20260728T150713Z-E7-deadlock-claim-audit\attacks\work\a5\swap\singleton\sokoban_guarded_singleton_domain.pddl C:\Users\user\Desktop\theoria\.worktrees\e7-deadlock-claim\engine-rig\runs\20260728T150713Z-E7-deadlock-claim-audit\attacks\work\a5\swap\singleton\swap-passage_guarded_singleton.pddl --search astar(cpdbs(patterns=manual_patterns([[23,24,22,19,18,17,16,9]])))

INFO     planner time limit: None
INFO     planner memory limit: None

INFO     Running translator.
INFO     translator stdin: None
INFO     translator time limit: None
INFO     translator memory limit: None
INFO     translator command line string: 'D:\Miniforge3\python.exe' -m translate 'C:\Users\user\Desktop\theoria\.worktrees\e7-deadlock-claim\engine-rig\runs\20260728T150713Z-E7-deadlock-claim-audit\attacks\work\a5\swap\singleton\sokoban_guarded_singleton_domain.pddl' 'C:\Users\user\Desktop\theoria\.worktrees\e7-deadlock-claim\engine-rig\runs\20260728T150713Z-E7-deadlock-claim-audit\attacks\work\a5\swap\singleton\swap-passage_guarded_singleton.pddl' --sas-file output.sas
Warning! SIGXCPU is not available on your platform. This means that the planner cannot be gracefully terminated when using a time limit, which, however, is probably supported on your platform anyway.
Parsing...
Parsing: [0.000s CPU, 0.002s wall-clock]
Normalizing task... [0.000s CPU, 0.000s wall-clock]
Instantiating...
Generating Datalog program... [0.000s CPU, 0.000s wall-clock]
Normalizing Datalog program...
Normalizing Datalog program: [0.000s CPU, 0.001s wall-clock]
Preparing model... [0.000s CPU, 0.000s wall-clock]
Generated 20 rules.
Computing model... [0.000s CPU, 0.005s wall-clock]
613 relevant atoms
888 auxiliary atoms
1501 final queue length
1771 total queue pushes
Completing instantiation... [0.000s CPU, 0.002s wall-clock]
Instantiating: [0.000s CPU, 0.008s wall-clock]
Computing fact groups...
Finding invariants...
7 initial candidates
Finding invariants: [0.000s CPU, 0.001s wall-clock]
Checking invariant weight... [0.000s CPU, 0.000s wall-clock]
Instantiating groups... [0.000s CPU, 0.001s wall-clock]
Collecting mutex groups... [0.000s CPU, 0.000s wall-clock]
Choosing groups...
54 uncovered facts
Choosing groups: [0.000s CPU, 0.000s wall-clock]
Building translation key... [0.000s CPU, 0.000s wall-clock]
Computing fact groups: [0.000s CPU, 0.003s wall-clock]
Building STRIPS to SAS dictionary... [0.000s CPU, 0.000s wall-clock]
Building dictionary for full mutex groups... [0.000s CPU, 0.000s wall-clock]
Building mutex information...
Building mutex information: [0.000s CPU, 0.000s wall-clock]
Translating task...
Processing axioms...
Simplifying axioms... [0.000s CPU, 0.000s wall-clock]
Translator axioms removed by simplifying: 0
Processing axioms: [0.000s CPU, 0.000s wall-clock]
Translating task: [0.000s CPU, 0.002s wall-clock]
172 effect conditions simplified
0 implied preconditions added
Detecting unreachable propositions...
0 operators removed
0 axioms removed
83 propositions removed
Detecting unreachable propositions: [0.016s CPU, 0.001s wall-clock]
Reordering and filtering variables...
25 of 25 variables necessary.
22 of 25 mutex groups necessary.
116 of 116 operators necessary.
0 of 0 axiom rules necessary.
Reordering and filtering variables: [0.000s CPU, 0.001s wall-clock]
Translator variables: 25
Translator derived variables: 0
Translator facts: 94
Translator goal facts: 2
Translator mutex groups: 22
Translator total mutex groups size: 72
Translator operators: 116
Translator axioms: 0
Translator task size: 1057
warning: could not determine peak memory
Writing output... [0.000s CPU, 0.010s wall-clock]
Done! [0.016s CPU, 0.026s wall-clock]
translate exit code: 0

INFO     Running search (release).
INFO     search stdin: output.sas
INFO     search time limit: None
INFO     search memory limit: None
INFO     search command line string: 'C:\Users\user\Desktop\theoria\.worktrees\p13\engine-rig\.toolchain\downward\builds\release\bin\downward.exe' --search 'astar(cpdbs(patterns=manual_patterns([[23,24,22,19,18,17,16,9]])))' --internal-plan-file 'C:\Users\user\AppData\Local\Temp\e7verifybxfxdic3\sas_plan' < output.sas
[t=0.000163s, 1912 KB] Search code revision: 7120aa0
[t=0.000253s, 1912 KB] reading input...
[t=0.001523s, 2168 KB] done reading input!
[t=0.002960s, 2864 KB] Initializing canonical PDB heuristic...
[t=0.002972s, 2864 KB] Generating patterns using: manual pattern collection generator
[t=0.002977s, 2864 KB] Manual pattern collection: [[23, 24, 22, 19, 18, 17, 16, 9]]
[t=0.002987s, 2864 KB] manual pattern collection generator number of patterns: 1
[t=0.002989s, 2864 KB] manual pattern collection generator total PDB size: 137984
[t=0.002992s, 2864 KB] manual pattern collection generator computation time: 9.6e-06s
[t=0.002998s, 2864 KB] Computing PDBs for pattern collection...
[t=0.005598s, 3544 KB] Done computing PDBs for pattern collection: 0.002604s
[t=0.005606s, 3544 KB] Computing pattern cliques for pattern collection...
[t=0.005621s, 3544 KB] Done computing pattern cliques for pattern collection: 0.000017s
[t=0.005627s, 3544 KB] Running dominance pruning...
[t=0.005633s, 3544 KB] Pruned 0 of 1 pattern cliques
[t=0.005635s, 3544 KB] Pruned 0 of 1 PDBs
[t=0.005638s, 3544 KB] Dominance pruning took 0.000009s
[t=0.005641s, 3544 KB] Canonical PDB heuristic number of patterns: 1
[t=0.005644s, 3544 KB] Canonical PDB heuristic total PDB size: 137984
[t=0.005646s, 3544 KB] Canonical PDB heuristic computation time: 0.002681s
[t=0.005675s, 3544 KB] Building successor generator... done!
[t=0.005724s, 3544 KB] peak memory difference for successor generator creation: 0 KB
[t=0.005726s, 3544 KB] time for successor generation creation: 0.000042s
[t=0.005731s, 3544 KB] Variables: 25
[t=0.005733s, 3544 KB] FactPairs: 94
[t=0.005735s, 3544 KB] Bytes per state: 8
[t=0.005744s, 3544 KB] Conducting best first search with reopening closed nodes, (real) bound = 2147483647
[t=0.005791s, 3676 KB] New best heuristic value for cpdbs: 15
[t=0.005797s, 3676 KB] g=0, 1 evaluated, 0 expanded
[t=0.005800s, 3676 KB] f = 15, 1 evaluated, 0 expanded
[t=0.005806s, 3676 KB] Initial heuristic value for cpdbs: 15
[t=0.005809s, 3676 KB] pruning method: none
[t=0.005817s, 3676 KB] New best heuristic value for cpdbs: 14
[t=0.005821s, 3676 KB] g=1, 2 evaluated, 1 expanded
[t=0.005832s, 3676 KB] f = 17, 7 evaluated, 3 expanded
[t=0.005842s, 3676 KB] New best heuristic value for cpdbs: 13
[t=0.005845s, 3676 KB] g=4, 11 evaluated, 6 expanded
[t=0.005850s, 3676 KB] New best heuristic value for cpdbs: 12
[t=0.005854s, 3676 KB] g=5, 14 evaluated, 7 expanded
[t=0.005859s, 3676 KB] New best heuristic value for cpdbs: 11
[t=0.005862s, 3676 KB] g=6, 16 evaluated, 8 expanded
[t=0.005869s, 3676 KB] New best heuristic value for cpdbs: 10
[t=0.005873s, 3676 KB] g=7, 18 evaluated, 9 expanded
[t=0.005878s, 3676 KB] New best heuristic value for cpdbs: 9
[t=0.005880s, 3676 KB] g=8, 20 evaluated, 10 expanded
[t=0.005883s, 3676 KB] New best heuristic value for cpdbs: 8
[t=0.005886s, 3676 KB] g=9, 21 evaluated, 11 expanded
[t=0.005890s, 3676 KB] New best heuristic value for cpdbs: 7
[t=0.005892s, 3676 KB] g=10, 23 evaluated, 12 expanded
[t=0.005899s, 3676 KB] New best heuristic value for cpdbs: 6
[t=0.005902s, 3676 KB] g=11, 27 evaluated, 13 expanded
[t=0.005910s, 3676 KB] f = 19, 31 evaluated, 16 expanded
[t=0.005932s, 3676 KB] f = 21, 41 evaluated, 28 expanded
[t=0.005968s, 3676 KB] f = 23, 66 evaluated, 46 expanded
[t=0.005997s, 3676 KB] f = 25, 84 evaluated, 65 expanded
[t=0.006026s, 3676 KB] f = 27, 101 evaluated, 84 expanded
[t=0.006065s, 3676 KB] f = 29, 129 evaluated, 103 expanded
[t=0.006096s, 3676 KB] f = 31, 150 evaluated, 124 expanded
[t=0.006176s, 3676 KB] f = 33, 218 evaluated, 166 expanded
[t=0.006268s, 3676 KB] f = 35, 278 evaluated, 225 expanded
[t=0.006277s, 3676 KB] New best heuristic value for cpdbs: 5
[t=0.006279s, 3676 KB] g=30, 283 evaluated, 227 expanded
[t=0.006284s, 3676 KB] New best heuristic value for cpdbs: 4
[t=0.006288s, 3676 KB] g=31, 286 evaluated, 228 expanded
[t=0.006380s, 3676 KB] f = 37, 361 evaluated, 293 expanded
[t=0.006480s, 3676 KB] f = 39, 435 evaluated, 369 expanded
[t=0.006563s, 3676 KB] f = 41, 492 evaluated, 433 expanded
[t=0.006625s, 3676 KB] f = 43, 513 evaluated, 474 expanded
[t=0.006650s, 3676 KB] f = 45, 525 evaluated, 495 expanded
[t=0.006667s, 3676 KB] f = 47, 535 evaluated, 506 expanded
[t=0.006676s, 3676 KB] f = 49, 537 evaluated, 511 expanded
[t=0.006686s, 3676 KB] f = 51, 544 evaluated, 515 expanded
[t=0.006710s, 3676 KB] f = 53, 563 evaluated, 529 expanded
[t=0.006722s, 3676 KB] f = 55, 566 evaluated, 539 expanded
[t=0.006729s, 3676 KB] Completely explored state space -- no solution!
[t=0.006732s, 3676 KB] Actual search time: 0.000921s
[t=0.006735s, 3676 KB] Expanded 542 state(s).
[t=0.006735s, 3676 KB] Reopened 0 state(s).
[t=0.006735s, 3676 KB] Evaluated 566 state(s).
[t=0.006735s, 3676 KB] Evaluations: 566
[t=0.006735s, 3676 KB] Generated 1404 state(s).
[t=0.006735s, 3676 KB] Dead ends: 24 state(s).
[t=0.006735s, 3676 KB] Expanded until last jump: 539 state(s).
[t=0.006735s, 3676 KB] Reopened until last jump: 0 state(s).
[t=0.006735s, 3676 KB] Evaluated until last jump: 566 state(s).
[t=0.006735s, 3676 KB] Generated until last jump: 1399 state(s).
[t=0.006735s, 3676 KB] Number of registered states: 566
[t=0.006735s, 3676 KB] Int hash set load factor: 566/1024 = 0.552734
[t=0.006735s, 3676 KB] Int hash set resizes: 10
[t=0.006735s, 3676 KB] Search time: 0.000992s
[t=0.006735s, 3676 KB] Total time: 0.006735s
Search stopped without finding a solution.
Remove intermediate file output.sas
search exit code: 12

Driver aborting after search

