$ D:\Miniforge3\python.exe C:/Users/user/Desktop/theoria/.worktrees/p13/engine-rig/.toolchain/downward/fast-downward.py --plan-file C:\Users\user\AppData\Local\Temp\e7verify_nusrn27\sas_plan C:\Users\user\Desktop\theoria\.worktrees\e7-deadlock-claim\engine-rig\runs\20260728T150713Z-E7-deadlock-claim-audit\attacks\work\a5\swap\singleton\sokoban_guarded_singleton_domain.pddl C:\Users\user\Desktop\theoria\.worktrees\e7-deadlock-claim\engine-rig\runs\20260728T150713Z-E7-deadlock-claim-audit\attacks\work\a5\swap\singleton\swap-passage_guarded_singleton.pddl --search astar(cpdbs(patterns=manual_patterns([[23,24,22,13]])))

INFO     planner time limit: None
INFO     planner memory limit: None

INFO     Running translator.
INFO     translator stdin: None
INFO     translator time limit: None
INFO     translator memory limit: None
INFO     translator command line string: 'D:\Miniforge3\python.exe' -m translate 'C:\Users\user\Desktop\theoria\.worktrees\e7-deadlock-claim\engine-rig\runs\20260728T150713Z-E7-deadlock-claim-audit\attacks\work\a5\swap\singleton\sokoban_guarded_singleton_domain.pddl' 'C:\Users\user\Desktop\theoria\.worktrees\e7-deadlock-claim\engine-rig\runs\20260728T150713Z-E7-deadlock-claim-audit\attacks\work\a5\swap\singleton\swap-passage_guarded_singleton.pddl' --sas-file output.sas
Warning! SIGXCPU is not available on your platform. This means that the planner cannot be gracefully terminated when using a time limit, which, however, is probably supported on your platform anyway.
Parsing...
Parsing: [0.000s CPU, 0.002s wall-clock]
Normalizing task... [0.000s CPU, 0.000s wall-clock]
Instantiating...
Generating Datalog program... [0.000s CPU, 0.000s wall-clock]
Normalizing Datalog program...
Normalizing Datalog program: [0.000s CPU, 0.001s wall-clock]
Preparing model... [0.000s CPU, 0.000s wall-clock]
Generated 20 rules.
Computing model... [0.000s CPU, 0.005s wall-clock]
613 relevant atoms
888 auxiliary atoms
1501 final queue length
1771 total queue pushes
Completing instantiation... [0.000s CPU, 0.002s wall-clock]
Instantiating: [0.000s CPU, 0.008s wall-clock]
Computing fact groups...
Finding invariants...
7 initial candidates
Finding invariants: [0.000s CPU, 0.001s wall-clock]
Checking invariant weight... [0.000s CPU, 0.000s wall-clock]
Instantiating groups... [0.000s CPU, 0.001s wall-clock]
Collecting mutex groups... [0.000s CPU, 0.000s wall-clock]
Choosing groups...
54 uncovered facts
Choosing groups: [0.000s CPU, 0.000s wall-clock]
Building translation key... [0.000s CPU, 0.000s wall-clock]
Computing fact groups: [0.000s CPU, 0.003s wall-clock]
Building STRIPS to SAS dictionary... [0.000s CPU, 0.000s wall-clock]
Building dictionary for full mutex groups... [0.000s CPU, 0.000s wall-clock]
Building mutex information...
Building mutex information: [0.000s CPU, 0.000s wall-clock]
Translating task...
Processing axioms...
Simplifying axioms... [0.000s CPU, 0.000s wall-clock]
Translator axioms removed by simplifying: 0
Processing axioms: [0.000s CPU, 0.000s wall-clock]
Translating task: [0.000s CPU, 0.002s wall-clock]
172 effect conditions simplified
0 implied preconditions added
Detecting unreachable propositions...
0 operators removed
0 axioms removed
83 propositions removed
Detecting unreachable propositions: [0.000s CPU, 0.001s wall-clock]
Reordering and filtering variables...
25 of 25 variables necessary.
22 of 25 mutex groups necessary.
116 of 116 operators necessary.
0 of 0 axiom rules necessary.
Reordering and filtering variables: [0.000s CPU, 0.001s wall-clock]
Translator variables: 25
Translator derived variables: 0
Translator facts: 94
Translator goal facts: 2
Translator mutex groups: 22
Translator total mutex groups size: 72
Translator operators: 116
Translator axioms: 0
Translator task size: 1057
warning: could not determine peak memory
Writing output... [0.000s CPU, 0.012s wall-clock]
Done! [0.000s CPU, 0.029s wall-clock]
translate exit code: 0

INFO     Running search (release).
INFO     search stdin: output.sas
INFO     search time limit: None
INFO     search memory limit: None
INFO     search command line string: 'C:\Users\user\Desktop\theoria\.worktrees\p13\engine-rig\.toolchain\downward\builds\release\bin\downward.exe' --search 'astar(cpdbs(patterns=manual_patterns([[23,24,22,13]])))' --internal-plan-file 'C:\Users\user\AppData\Local\Temp\e7verify_nusrn27\sas_plan' < output.sas
[t=0.000131s, 1920 KB] Search code revision: 7120aa0
[t=0.000207s, 1920 KB] reading input...
[t=0.001476s, 2224 KB] done reading input!
[t=0.002613s, 2820 KB] Initializing canonical PDB heuristic...
[t=0.002623s, 2820 KB] Generating patterns using: manual pattern collection generator
[t=0.002628s, 2820 KB] Manual pattern collection: [[23, 24, 22, 13]]
[t=0.002636s, 2820 KB] manual pattern collection generator number of patterns: 1
[t=0.002641s, 2820 KB] manual pattern collection generator total PDB size: 8624
[t=0.002643s, 2820 KB] manual pattern collection generator computation time: 8.8e-06s
[t=0.002650s, 2820 KB] Computing PDBs for pattern collection...
[t=0.002981s, 2924 KB] Done computing PDBs for pattern collection: 0.000334s
[t=0.002988s, 2924 KB] Computing pattern cliques for pattern collection...
[t=0.002999s, 2924 KB] Done computing pattern cliques for pattern collection: 0.000013s
[t=0.003005s, 2924 KB] Running dominance pruning...
[t=0.003010s, 2924 KB] Pruned 0 of 1 pattern cliques
[t=0.003014s, 2924 KB] Pruned 0 of 1 PDBs
[t=0.003016s, 2924 KB] Dominance pruning took 0.000009s
[t=0.003020s, 2924 KB] Canonical PDB heuristic number of patterns: 1
[t=0.003022s, 2924 KB] Canonical PDB heuristic total PDB size: 8624
[t=0.003048s, 2924 KB] Canonical PDB heuristic computation time: 0.000407s
[t=0.003090s, 2924 KB] Building successor generator... done!
[t=0.003138s, 2924 KB] peak memory difference for successor generator creation: 0 KB
[t=0.003140s, 2924 KB] time for successor generation creation: 0.000040s
[t=0.003146s, 2924 KB] Variables: 25
[t=0.003150s, 2924 KB] FactPairs: 94
[t=0.003152s, 2924 KB] Bytes per state: 8
[t=0.003161s, 2924 KB] Conducting best first search with reopening closed nodes, (real) bound = 2147483647
[t=0.003175s, 2924 KB] New best heuristic value for cpdbs: 9
[t=0.003179s, 2924 KB] g=0, 1 evaluated, 0 expanded
[t=0.003181s, 2924 KB] f = 9, 1 evaluated, 0 expanded
[t=0.003187s, 2924 KB] Initial heuristic value for cpdbs: 9
[t=0.003191s, 2924 KB] pruning method: none
[t=0.003200s, 2924 KB] New best heuristic value for cpdbs: 8
[t=0.003203s, 2924 KB] g=1, 4 evaluated, 1 expanded
[t=0.003208s, 2924 KB] New best heuristic value for cpdbs: 7
[t=0.003212s, 2924 KB] g=2, 6 evaluated, 2 expanded
[t=0.003218s, 2924 KB] New best heuristic value for cpdbs: 6
[t=0.003221s, 2924 KB] g=3, 10 evaluated, 3 expanded
[t=0.003226s, 2924 KB] f = 11, 12 evaluated, 4 expanded
[t=0.003236s, 2924 KB] New best heuristic value for cpdbs: 5
[t=0.003239s, 2924 KB] g=6, 17 evaluated, 6 expanded
[t=0.003244s, 2924 KB] New best heuristic value for cpdbs: 4
[t=0.003247s, 2924 KB] g=7, 20 evaluated, 7 expanded
[t=0.003258s, 2924 KB] f = 13, 27 evaluated, 14 expanded
[t=0.003278s, 2924 KB] f = 15, 37 evaluated, 27 expanded
[t=0.003285s, 2924 KB] f = 17, 38 evaluated, 32 expanded
[t=0.003317s, 2924 KB] f = 19, 66 evaluated, 46 expanded
[t=0.003344s, 2924 KB] f = 21, 88 evaluated, 65 expanded
[t=0.003374s, 2924 KB] f = 23, 110 evaluated, 88 expanded
[t=0.003410s, 2924 KB] f = 25, 131 evaluated, 110 expanded
[t=0.003475s, 2944 KB] f = 27, 170 evaluated, 137 expanded
[t=0.003546s, 2944 KB] f = 29, 225 evaluated, 177 expanded
[t=0.003555s, 2944 KB] New best heuristic value for cpdbs: 3
[t=0.003559s, 2944 KB] g=26, 230 evaluated, 179 expanded
[t=0.003630s, 2952 KB] f = 31, 275 evaluated, 225 expanded
[t=0.003713s, 2952 KB] f = 33, 354 evaluated, 286 expanded
[t=0.003816s, 2952 KB] f = 35, 453 evaluated, 370 expanded
[t=0.003938s, 2964 KB] f = 37, 534 evaluated, 458 expanded
[t=0.004006s, 2964 KB] f = 39, 587 evaluated, 522 expanded
[t=0.004057s, 2964 KB] f = 41, 622 evaluated, 569 expanded
[t=0.004093s, 2964 KB] f = 43, 647 evaluated, 603 expanded
[t=0.004110s, 2964 KB] f = 45, 654 evaluated, 619 expanded
[t=0.004120s, 2964 KB] f = 47, 657 evaluated, 626 expanded
[t=0.004126s, 2964 KB] f = 49, 658 evaluated, 629 expanded
[t=0.004129s, 2964 KB] Completely explored state space -- no solution!
[t=0.004132s, 2964 KB] Actual search time: 0.000940s
[t=0.004137s, 2964 KB] Expanded 630 state(s).
[t=0.004137s, 2964 KB] Reopened 0 state(s).
[t=0.004137s, 2964 KB] Evaluated 658 state(s).
[t=0.004137s, 2964 KB] Evaluations: 658
[t=0.004137s, 2964 KB] Generated 1644 state(s).
[t=0.004137s, 2964 KB] Dead ends: 28 state(s).
[t=0.004137s, 2964 KB] Expanded until last jump: 629 state(s).
[t=0.004137s, 2964 KB] Reopened until last jump: 0 state(s).
[t=0.004137s, 2964 KB] Evaluated until last jump: 658 state(s).
[t=0.004137s, 2964 KB] Generated until last jump: 1642 state(s).
[t=0.004137s, 2964 KB] Number of registered states: 658
[t=0.004137s, 2964 KB] Int hash set load factor: 658/1024 = 0.642578
[t=0.004137s, 2964 KB] Int hash set resizes: 10
[t=0.004137s, 2964 KB] Search time: 0.000977s
[t=0.004137s, 2964 KB] Total time: 0.004137s
Search stopped without finding a solution.
Remove intermediate file output.sas
search exit code: 12

Driver aborting after search

