$ D:\Miniforge3\python.exe C:/Users/user/Desktop/theoria/.worktrees/p13/engine-rig/.toolchain/downward/fast-downward.py --plan-file C:\Users\user\AppData\Local\Temp\e7verifymqb0f4xz\sas_plan C:\Users\user\Desktop\theoria\.worktrees\e7-deadlock-claim\engine-rig\fixtures\data\sokoban_domain.pddl C:\Users\user\Desktop\theoria\.worktrees\e7-deadlock-claim\engine-rig\runs\20260728T150713Z-E7-deadlock-claim-audit\attacks\work\a5\swap\swap-passage.pddl --search astar(ipdb(pdb_max_size=200000,collection_max_size=1000000,max_time=30,random_seed=42))

INFO     planner time limit: None
INFO     planner memory limit: None

INFO     Running translator.
INFO     translator stdin: None
INFO     translator time limit: None
INFO     translator memory limit: None
INFO     translator command line string: 'D:\Miniforge3\python.exe' -m translate 'C:\Users\user\Desktop\theoria\.worktrees\e7-deadlock-claim\engine-rig\fixtures\data\sokoban_domain.pddl' 'C:\Users\user\Desktop\theoria\.worktrees\e7-deadlock-claim\engine-rig\runs\20260728T150713Z-E7-deadlock-claim-audit\attacks\work\a5\swap\swap-passage.pddl' --sas-file output.sas
Warning! SIGXCPU is not available on your platform. This means that the planner cannot be gracefully terminated when using a time limit, which, however, is probably supported on your platform anyway.
Parsing...
Parsing: [0.000s CPU, 0.002s wall-clock]
Normalizing task... [0.000s CPU, 0.000s wall-clock]
Instantiating...
Generating Datalog program... [0.000s CPU, 0.000s wall-clock]
Normalizing Datalog program...
Normalizing Datalog program: [0.000s CPU, 0.001s wall-clock]
Preparing model... [0.000s CPU, 0.000s wall-clock]
Generated 20 rules.
Computing model... [0.000s CPU, 0.005s wall-clock]
597 relevant atoms
888 auxiliary atoms
1485 final queue length
1755 total queue pushes
Completing instantiation... [0.016s CPU, 0.002s wall-clock]
Instantiating: [0.016s CPU, 0.008s wall-clock]
Computing fact groups...
Finding invariants...
7 initial candidates
Finding invariants: [0.000s CPU, 0.001s wall-clock]
Checking invariant weight... [0.000s CPU, 0.000s wall-clock]
Instantiating groups... [0.000s CPU, 0.001s wall-clock]
Collecting mutex groups... [0.000s CPU, 0.000s wall-clock]
Choosing groups...
54 uncovered facts
Choosing groups: [0.000s CPU, 0.000s wall-clock]
Building translation key... [0.000s CPU, 0.000s wall-clock]
Computing fact groups: [0.000s CPU, 0.003s wall-clock]
Building STRIPS to SAS dictionary... [0.000s CPU, 0.000s wall-clock]
Building dictionary for full mutex groups... [0.000s CPU, 0.000s wall-clock]
Building mutex information...
Building mutex information: [0.000s CPU, 0.000s wall-clock]
Translating task...
Processing axioms...
Simplifying axioms... [0.000s CPU, 0.000s wall-clock]
Translator axioms removed by simplifying: 0
Processing axioms: [0.000s CPU, 0.000s wall-clock]
Translating task: [0.000s CPU, 0.002s wall-clock]
204 effect conditions simplified
0 implied preconditions added
Detecting unreachable propositions...
0 operators removed
0 axioms removed
67 propositions removed
Detecting unreachable propositions: [0.000s CPU, 0.001s wall-clock]
Reordering and filtering variables...
25 of 25 variables necessary.
22 of 25 mutex groups necessary.
132 of 132 operators necessary.
0 of 0 axiom rules necessary.
Reordering and filtering variables: [0.000s CPU, 0.001s wall-clock]
Translator variables: 25
Translator derived variables: 0
Translator facts: 110
Translator goal facts: 2
Translator mutex groups: 22
Translator total mutex groups size: 88
Translator operators: 132
Translator axioms: 0
Translator task size: 1233
warning: could not determine peak memory
Writing output... [0.000s CPU, 0.009s wall-clock]
Done! [0.016s CPU, 0.027s wall-clock]
translate exit code: 0

INFO     Running search (release).
INFO     search stdin: output.sas
INFO     search time limit: None
INFO     search memory limit: None
INFO     search command line string: 'C:\Users\user\Desktop\theoria\.worktrees\p13\engine-rig\.toolchain\downward\builds\release\bin\downward.exe' --search 'astar(ipdb(pdb_max_size=200000,collection_max_size=1000000,max_time=30,random_seed=42))' --internal-plan-file 'C:\Users\user\AppData\Local\Temp\e7verifymqb0f4xz\sas_plan' < output.sas
[t=0.000153s, 1980 KB] Search code revision: 7120aa0
[t=0.000249s, 1980 KB] reading input...
[t=0.001687s, 2248 KB] done reading input!
[t=0.003035s, 2892 KB] Initializing canonical PDB heuristic...
[t=0.003046s, 2892 KB] Generating patterns using: hill climbing pattern collection generator
[t=0.003144s, 2904 KB] Done calculating initial pattern collection: 0.000097s
[t=0.003155s, 2904 KB] Average operator cost: 1.000000
[t=0.003165s, 2916 KB] Building causal graph... done!
[t=0.004266s, 2996 KB] Done calculating initial candidate PDBs
[t=0.008028s, 3200 KB] found a better pattern with improvement 966
[t=0.015321s, 3396 KB] found a better pattern with improvement 741
[t=0.032825s, 5264 KB] found a better pattern with improvement 602
[t=0.053575s, 8840 KB] found a better pattern with improvement 932
[t=0.083084s, 15576 KB] found a better pattern with improvement 1000
[t=0.124849s, 28296 KB] found a better pattern with improvement 625
[t=0.140533s, 28296 KB] found a better pattern with improvement 52
[t=0.156471s, 28296 KB] Improvement below threshold. Stop hill climbing.
[t=0.156485s, 28296 KB] Hill climbing iterations: 8
[t=0.156488s, 28296 KB] Hill climbing generated patterns: 151
[t=0.156491s, 28296 KB] Hill climbing rejected patterns: 138
[t=0.156493s, 28296 KB] Hill climbing maximum PDB size: 170368
[t=0.156495s, 28296 KB] Hill climbing time: 0.153341s
[t=0.158058s, 28296 KB] hill climbing pattern collection generator number of patterns: 9
[t=0.158065s, 28296 KB] hill climbing pattern collection generator total PDB size: 500984
[t=0.158069s, 28296 KB] hill climbing pattern collection generator computation time: 0.155008s
[t=0.158073s, 28296 KB] Running dominance pruning...
[t=0.158079s, 28296 KB] Pruned 6 of 8 pattern cliques
[t=0.158083s, 28296 KB] Pruned 7 of 9 PDBs
[t=0.158086s, 28296 KB] Dominance pruning took 0.000011s
[t=0.158149s, 28296 KB] Canonical PDB heuristic number of patterns: 2
[t=0.158154s, 28296 KB] Canonical PDB heuristic total PDB size: 340736
[t=0.158157s, 28296 KB] Canonical PDB heuristic computation time: 0.155114s
[t=0.158189s, 28296 KB] Building successor generator... done!
[t=0.158242s, 28296 KB] peak memory difference for successor generator creation: 0 KB
[t=0.158244s, 28296 KB] time for successor generation creation: 0.000045s
[t=0.158249s, 28296 KB] Variables: 25
[t=0.158252s, 28296 KB] FactPairs: 110
[t=0.158255s, 28296 KB] Bytes per state: 8
[t=0.158263s, 28296 KB] Conducting best first search with reopening closed nodes, (real) bound = 2147483647
[t=0.158280s, 28296 KB] New best heuristic value for cpdbs: 17
[t=0.158284s, 28296 KB] g=0, 1 evaluated, 0 expanded
[t=0.158287s, 28296 KB] f = 17, 1 evaluated, 0 expanded
[t=0.158294s, 28296 KB] Initial heuristic value for cpdbs: 17
[t=0.158297s, 28296 KB] pruning method: none
[t=0.158306s, 28296 KB] New best heuristic value for cpdbs: 16
[t=0.158311s, 28296 KB] g=1, 3 evaluated, 1 expanded
[t=0.158320s, 28296 KB] f = 19, 8 evaluated, 3 expanded
[t=0.158330s, 28296 KB] f = 21, 13 evaluated, 7 expanded
[t=0.158336s, 28296 KB] f = 23, 14 evaluated, 10 expanded
[t=0.158343s, 28296 KB] f = 25, 18 evaluated, 11 expanded
[t=0.158355s, 28296 KB] f = 27, 26 evaluated, 17 expanded
[t=0.158374s, 28296 KB] f = 29, 38 evaluated, 27 expanded
[t=0.158392s, 28296 KB] New best heuristic value for cpdbs: 15
[t=0.158396s, 28296 KB] g=14, 51 evaluated, 35 expanded
[t=0.158401s, 28296 KB] New best heuristic value for cpdbs: 14
[t=0.158404s, 28296 KB] g=15, 54 evaluated, 36 expanded
[t=0.158408s, 28296 KB] New best heuristic value for cpdbs: 13
[t=0.158410s, 28296 KB] g=16, 56 evaluated, 37 expanded
[t=0.158416s, 28296 KB] New best heuristic value for cpdbs: 12
[t=0.158419s, 28296 KB] g=17, 60 evaluated, 38 expanded
[t=0.158443s, 28296 KB] New best heuristic value for cpdbs: 11
[t=0.158447s, 28296 KB] g=18, 81 evaluated, 47 expanded
[t=0.158450s, 28296 KB] New best heuristic value for cpdbs: 10
[t=0.158452s, 28296 KB] g=19, 82 evaluated, 48 expanded
[t=0.158456s, 28296 KB] New best heuristic value for cpdbs: 9
[t=0.158458s, 28296 KB] g=20, 83 evaluated, 49 expanded
[t=0.158463s, 28296 KB] New best heuristic value for cpdbs: 8
[t=0.158466s, 28296 KB] g=21, 85 evaluated, 50 expanded
[t=0.158474s, 28296 KB] f = 31, 89 evaluated, 54 expanded
[t=0.158543s, 28296 KB] f = 33, 146 evaluated, 94 expanded
[t=0.158608s, 28296 KB] f = 35, 200 evaluated, 144 expanded
[t=0.158642s, 28296 KB] New best heuristic value for cpdbs: 7
[t=0.158646s, 28296 KB] g=28, 228 evaluated, 168 expanded
[t=0.158650s, 28296 KB] New best heuristic value for cpdbs: 6
[t=0.158653s, 28296 KB] g=29, 231 evaluated, 169 expanded
[t=0.158657s, 28296 KB] New best heuristic value for cpdbs: 5
[t=0.158659s, 28296 KB] g=30, 233 evaluated, 170 expanded
[t=0.158664s, 28296 KB] New best heuristic value for cpdbs: 4
[t=0.158667s, 28296 KB] g=31, 236 evaluated, 171 expanded
[t=0.158756s, 28296 KB] f = 37, 290 evaluated, 214 expanded
[t=0.158853s, 28296 KB] f = 39, 372 evaluated, 287 expanded
[t=0.158924s, 28296 KB] f = 41, 426 evaluated, 353 expanded
[t=0.158997s, 28296 KB] f = 43, 486 evaluated, 414 expanded
[t=0.159099s, 28296 KB] f = 45, 550 evaluated, 472 expanded
[t=0.159143s, 28296 KB] f = 47, 580 evaluated, 513 expanded
[t=0.159171s, 28296 KB] f = 49, 595 evaluated, 539 expanded
[t=0.159182s, 28296 KB] f = 51, 597 evaluated, 550 expanded
[t=0.159190s, 28296 KB] f = 53, 601 evaluated, 553 expanded
[t=0.159196s, 28296 KB] f = 55, 604 evaluated, 556 expanded
[t=0.159203s, 28296 KB] f = 57, 607 evaluated, 559 expanded
[t=0.159208s, 28296 KB] f = 59, 608 evaluated, 561 expanded
[t=0.159211s, 28296 KB] Completely explored state space -- no solution!
[t=0.159213s, 28296 KB] Actual search time: 0.000915s
[t=0.159216s, 28296 KB] Expanded 562 state(s).
[t=0.159216s, 28296 KB] Reopened 0 state(s).
[t=0.159216s, 28296 KB] Evaluated 608 state(s).
[t=0.159216s, 28296 KB] Evaluations: 608
[t=0.159216s, 28296 KB] Generated 1480 state(s).
[t=0.159216s, 28296 KB] Dead ends: 46 state(s).
[t=0.159216s, 28296 KB] Expanded until last jump: 561 state(s).
[t=0.159216s, 28296 KB] Reopened until last jump: 0 state(s).
[t=0.159216s, 28296 KB] Evaluated until last jump: 608 state(s).
[t=0.159216s, 28296 KB] Generated until last jump: 1478 state(s).
[t=0.159216s, 28296 KB] Number of registered states: 608
[t=0.159216s, 28296 KB] Int hash set load factor: 608/1024 = 0.593750
[t=0.159216s, 28296 KB] Int hash set resizes: 10
[t=0.159216s, 28296 KB] Search time: 0.000955s
[t=0.159216s, 28296 KB] Total time: 0.159216s
Search stopped without finding a solution.
Remove intermediate file output.sas
search exit code: 12

Driver aborting after search

