$ D:\Miniforge3\python.exe C:/Users/user/Desktop/theoria/.worktrees/p13/engine-rig/.toolchain/downward/fast-downward.py --plan-file C:\Users\user\AppData\Local\Temp\e7verify753nezg5\sas_plan C:\Users\user\Desktop\theoria\.worktrees\e7-deadlock-claim\engine-rig\runs\20260728T150713Z-E7-deadlock-claim-audit\attacks\work\a5\swap\singleton\sokoban_guarded_singleton_domain.pddl C:\Users\user\Desktop\theoria\.worktrees\e7-deadlock-claim\engine-rig\runs\20260728T150713Z-E7-deadlock-claim-audit\attacks\work\a5\swap\singleton\swap-passage_guarded_singleton.pddl --search astar(cpdbs(patterns=manual_patterns([[23,24,22,21,16,8,1,19,6,2,3]])))

INFO     planner time limit: None
INFO     planner memory limit: None

INFO     Running translator.
INFO     translator stdin: None
INFO     translator time limit: None
INFO     translator memory limit: None
INFO     translator command line string: 'D:\Miniforge3\python.exe' -m translate 'C:\Users\user\Desktop\theoria\.worktrees\e7-deadlock-claim\engine-rig\runs\20260728T150713Z-E7-deadlock-claim-audit\attacks\work\a5\swap\singleton\sokoban_guarded_singleton_domain.pddl' 'C:\Users\user\Desktop\theoria\.worktrees\e7-deadlock-claim\engine-rig\runs\20260728T150713Z-E7-deadlock-claim-audit\attacks\work\a5\swap\singleton\swap-passage_guarded_singleton.pddl' --sas-file output.sas
Warning! SIGXCPU is not available on your platform. This means that the planner cannot be gracefully terminated when using a time limit, which, however, is probably supported on your platform anyway.
Parsing...
Parsing: [0.016s CPU, 0.002s wall-clock]
Normalizing task... [0.000s CPU, 0.000s wall-clock]
Instantiating...
Generating Datalog program... [0.000s CPU, 0.000s wall-clock]
Normalizing Datalog program...
Normalizing Datalog program: [0.000s CPU, 0.001s wall-clock]
Preparing model... [0.000s CPU, 0.000s wall-clock]
Generated 20 rules.
Computing model... [0.000s CPU, 0.005s wall-clock]
613 relevant atoms
888 auxiliary atoms
1501 final queue length
1771 total queue pushes
Completing instantiation... [0.000s CPU, 0.002s wall-clock]
Instantiating: [0.000s CPU, 0.008s wall-clock]
Computing fact groups...
Finding invariants...
7 initial candidates
Finding invariants: [0.000s CPU, 0.001s wall-clock]
Checking invariant weight... [0.000s CPU, 0.000s wall-clock]
Instantiating groups... [0.000s CPU, 0.001s wall-clock]
Collecting mutex groups... [0.000s CPU, 0.000s wall-clock]
Choosing groups...
54 uncovered facts
Choosing groups: [0.000s CPU, 0.000s wall-clock]
Building translation key... [0.000s CPU, 0.000s wall-clock]
Computing fact groups: [0.000s CPU, 0.003s wall-clock]
Building STRIPS to SAS dictionary... [0.000s CPU, 0.000s wall-clock]
Building dictionary for full mutex groups... [0.000s CPU, 0.000s wall-clock]
Building mutex information...
Building mutex information: [0.000s CPU, 0.000s wall-clock]
Translating task...
Processing axioms...
Simplifying axioms... [0.000s CPU, 0.000s wall-clock]
Translator axioms removed by simplifying: 0
Processing axioms: [0.000s CPU, 0.000s wall-clock]
Translating task: [0.000s CPU, 0.002s wall-clock]
172 effect conditions simplified
0 implied preconditions added
Detecting unreachable propositions...
0 operators removed
0 axioms removed
83 propositions removed
Detecting unreachable propositions: [0.016s CPU, 0.001s wall-clock]
Reordering and filtering variables...
25 of 25 variables necessary.
22 of 25 mutex groups necessary.
116 of 116 operators necessary.
0 of 0 axiom rules necessary.
Reordering and filtering variables: [0.000s CPU, 0.001s wall-clock]
Translator variables: 25
Translator derived variables: 0
Translator facts: 94
Translator goal facts: 2
Translator mutex groups: 22
Translator total mutex groups size: 72
Translator operators: 116
Translator axioms: 0
Translator task size: 1057
warning: could not determine peak memory
Writing output... [0.000s CPU, 0.010s wall-clock]
Done! [0.031s CPU, 0.027s wall-clock]
translate exit code: 0

INFO     Running search (release).
INFO     search stdin: output.sas
INFO     search time limit: None
INFO     search memory limit: None
INFO     search command line string: 'C:\Users\user\Desktop\theoria\.worktrees\p13\engine-rig\.toolchain\downward\builds\release\bin\downward.exe' --search 'astar(cpdbs(patterns=manual_patterns([[23,24,22,21,16,8,1,19,6,2,3]])))' --internal-plan-file 'C:\Users\user\AppData\Local\Temp\e7verify753nezg5\sas_plan' < output.sas
[t=0.000148s, 1940 KB] Search code revision: 7120aa0
[t=0.000226s, 1952 KB] reading input...
[t=0.001876s, 2224 KB] done reading input!
[t=0.003560s, 2796 KB] Initializing canonical PDB heuristic...
[t=0.003570s, 2796 KB] Generating patterns using: manual pattern collection generator
[t=0.003574s, 2796 KB] Manual pattern collection: [[23, 24, 22, 21, 16, 8, 1, 19, 6, 2, 3]]
[t=0.003583s, 2796 KB] manual pattern collection generator number of patterns: 1
[t=0.003586s, 2796 KB] manual pattern collection generator total PDB size: 1103872
[t=0.003588s, 2796 KB] manual pattern collection generator computation time: 8.5e-06s
[t=0.003594s, 2796 KB] Computing PDBs for pattern collection...
[t=0.023200s, 7800 KB] Done computing PDBs for pattern collection: 0.019619s
[t=0.023226s, 7800 KB] Computing pattern cliques for pattern collection...
[t=0.023248s, 7800 KB] Done computing pattern cliques for pattern collection: 0.000024s
[t=0.023255s, 7800 KB] Running dominance pruning...
[t=0.023259s, 7800 KB] Pruned 0 of 1 pattern cliques
[t=0.023263s, 7800 KB] Pruned 0 of 1 PDBs
[t=0.023266s, 7800 KB] Dominance pruning took 0.000009s
[t=0.023269s, 7800 KB] Canonical PDB heuristic number of patterns: 1
[t=0.023272s, 7800 KB] Canonical PDB heuristic total PDB size: 1103872
[t=0.023275s, 7800 KB] Canonical PDB heuristic computation time: 0.019709s
[t=0.023308s, 7800 KB] Building successor generator... done!
[t=0.023361s, 7800 KB] peak memory difference for successor generator creation: 0 KB
[t=0.023363s, 7800 KB] time for successor generation creation: 0.000046s
[t=0.023368s, 7800 KB] Variables: 25
[t=0.023371s, 7800 KB] FactPairs: 94
[t=0.023373s, 7800 KB] Bytes per state: 8
[t=0.023383s, 7800 KB] Conducting best first search with reopening closed nodes, (real) bound = 2147483647
[t=0.023413s, 7800 KB] New best heuristic value for cpdbs: 11
[t=0.023418s, 7800 KB] g=0, 1 evaluated, 0 expanded
[t=0.023420s, 7800 KB] f = 11, 1 evaluated, 0 expanded
[t=0.023429s, 7800 KB] Initial heuristic value for cpdbs: 11
[t=0.023433s, 7800 KB] pruning method: none
[t=0.023442s, 7800 KB] New best heuristic value for cpdbs: 10
[t=0.023446s, 7800 KB] g=1, 4 evaluated, 1 expanded
[t=0.023451s, 7800 KB] New best heuristic value for cpdbs: 9
[t=0.023453s, 7800 KB] g=2, 6 evaluated, 2 expanded
[t=0.023462s, 7800 KB] New best heuristic value for cpdbs: 8
[t=0.023465s, 7800 KB] g=3, 10 evaluated, 3 expanded
[t=0.023470s, 7800 KB] New best heuristic value for cpdbs: 7
[t=0.023472s, 7800 KB] g=4, 12 evaluated, 4 expanded
[t=0.023479s, 7800 KB] New best heuristic value for cpdbs: 6
[t=0.023484s, 7800 KB] g=5, 14 evaluated, 5 expanded
[t=0.023490s, 7800 KB] New best heuristic value for cpdbs: 5
[t=0.023492s, 7800 KB] g=6, 17 evaluated, 6 expanded
[t=0.023498s, 7800 KB] New best heuristic value for cpdbs: 4
[t=0.023500s, 7800 KB] g=7, 20 evaluated, 7 expanded
[t=0.023503s, 7800 KB] f = 13, 21 evaluated, 8 expanded
[t=0.023529s, 7800 KB] f = 15, 36 evaluated, 23 expanded
[t=0.023542s, 7800 KB] f = 17, 38 evaluated, 32 expanded
[t=0.023573s, 7800 KB] f = 19, 66 evaluated, 46 expanded
[t=0.023603s, 7800 KB] f = 21, 88 evaluated, 65 expanded
[t=0.023632s, 7800 KB] f = 23, 110 evaluated, 88 expanded
[t=0.023653s, 7800 KB] f = 25, 124 evaluated, 105 expanded
[t=0.023685s, 7800 KB] f = 27, 144 evaluated, 120 expanded
[t=0.023708s, 7800 KB] f = 29, 159 evaluated, 138 expanded
[t=0.023744s, 7800 KB] f = 31, 193 evaluated, 163 expanded
[t=0.023807s, 7800 KB] f = 33, 247 evaluated, 203 expanded
[t=0.023875s, 7800 KB] f = 35, 292 evaluated, 249 expanded
[t=0.023959s, 7800 KB] f = 37, 375 evaluated, 307 expanded
[t=0.023971s, 7800 KB] New best heuristic value for cpdbs: 3
[t=0.023973s, 7800 KB] g=34, 380 evaluated, 309 expanded
[t=0.024061s, 7800 KB] f = 39, 458 evaluated, 383 expanded
[t=0.024155s, 7800 KB] f = 41, 514 evaluated, 453 expanded
[t=0.024210s, 7800 KB] f = 43, 556 evaluated, 502 expanded
[t=0.024253s, 7800 KB] f = 45, 591 evaluated, 539 expanded
[t=0.024284s, 7800 KB] f = 47, 610 evaluated, 568 expanded
[t=0.024305s, 7800 KB] f = 49, 623 evaluated, 585 expanded
[t=0.024328s, 7800 KB] f = 51, 641 evaluated, 602 expanded
[t=0.024348s, 7800 KB] f = 53, 655 evaluated, 617 expanded
[t=0.024359s, 7800 KB] f = 55, 658 evaluated, 627 expanded
[t=0.024364s, 7800 KB] Completely explored state space -- no solution!
[t=0.024366s, 7800 KB] Actual search time: 0.000932s
[t=0.024369s, 7800 KB] Expanded 630 state(s).
[t=0.024369s, 7800 KB] Reopened 0 state(s).
[t=0.024369s, 7800 KB] Evaluated 658 state(s).
[t=0.024369s, 7800 KB] Evaluations: 658
[t=0.024369s, 7800 KB] Generated 1644 state(s).
[t=0.024369s, 7800 KB] Dead ends: 28 state(s).
[t=0.024369s, 7800 KB] Expanded until last jump: 627 state(s).
[t=0.024369s, 7800 KB] Reopened until last jump: 0 state(s).
[t=0.024369s, 7800 KB] Evaluated until last jump: 658 state(s).
[t=0.024369s, 7800 KB] Generated until last jump: 1638 state(s).
[t=0.024369s, 7800 KB] Number of registered states: 658
[t=0.024369s, 7800 KB] Int hash set load factor: 658/1024 = 0.642578
[t=0.024369s, 7800 KB] Int hash set resizes: 10
[t=0.024369s, 7800 KB] Search time: 0.000988s
[t=0.024369s, 7800 KB] Total time: 0.024369s
Search stopped without finding a solution.
Remove intermediate file output.sas
search exit code: 12

Driver aborting after search

