$ D:\Miniforge3\python.exe C:/Users/user/Desktop/theoria/.worktrees/p13/engine-rig/.toolchain/downward/fast-downward.py --plan-file C:\Users\user\AppData\Local\Temp\e7verifyj6831118\sas_plan C:\Users\user\Desktop\theoria\.worktrees\e7-deadlock-claim\engine-rig\runs\20260728T150713Z-E7-deadlock-claim-audit\attacks\work\a5\swap\singleton\sokoban_guarded_singleton_domain.pddl C:\Users\user\Desktop\theoria\.worktrees\e7-deadlock-claim\engine-rig\runs\20260728T150713Z-E7-deadlock-claim-audit\attacks\work\a5\swap\singleton\swap-passage_guarded_singleton.pddl --search astar(ipdb(random_seed=0))

INFO     planner time limit: None
INFO     planner memory limit: None

INFO     Running translator.
INFO     translator stdin: None
INFO     translator time limit: None
INFO     translator memory limit: None
INFO     translator command line string: 'D:\Miniforge3\python.exe' -m translate 'C:\Users\user\Desktop\theoria\.worktrees\e7-deadlock-claim\engine-rig\runs\20260728T150713Z-E7-deadlock-claim-audit\attacks\work\a5\swap\singleton\sokoban_guarded_singleton_domain.pddl' 'C:\Users\user\Desktop\theoria\.worktrees\e7-deadlock-claim\engine-rig\runs\20260728T150713Z-E7-deadlock-claim-audit\attacks\work\a5\swap\singleton\swap-passage_guarded_singleton.pddl' --sas-file output.sas
Warning! SIGXCPU is not available on your platform. This means that the planner cannot be gracefully terminated when using a time limit, which, however, is probably supported on your platform anyway.
Parsing...
Parsing: [0.000s CPU, 0.002s wall-clock]
Normalizing task... [0.000s CPU, 0.000s wall-clock]
Instantiating...
Generating Datalog program... [0.000s CPU, 0.000s wall-clock]
Normalizing Datalog program...
Normalizing Datalog program: [0.000s CPU, 0.001s wall-clock]
Preparing model... [0.000s CPU, 0.000s wall-clock]
Generated 20 rules.
Computing model... [0.000s CPU, 0.005s wall-clock]
613 relevant atoms
888 auxiliary atoms
1501 final queue length
1771 total queue pushes
Completing instantiation... [0.016s CPU, 0.002s wall-clock]
Instantiating: [0.016s CPU, 0.008s wall-clock]
Computing fact groups...
Finding invariants...
7 initial candidates
Finding invariants: [0.000s CPU, 0.001s wall-clock]
Checking invariant weight... [0.000s CPU, 0.000s wall-clock]
Instantiating groups... [0.000s CPU, 0.001s wall-clock]
Collecting mutex groups... [0.000s CPU, 0.000s wall-clock]
Choosing groups...
54 uncovered facts
Choosing groups: [0.000s CPU, 0.000s wall-clock]
Building translation key... [0.000s CPU, 0.000s wall-clock]
Computing fact groups: [0.000s CPU, 0.003s wall-clock]
Building STRIPS to SAS dictionary... [0.000s CPU, 0.000s wall-clock]
Building dictionary for full mutex groups... [0.000s CPU, 0.000s wall-clock]
Building mutex information...
Building mutex information: [0.000s CPU, 0.000s wall-clock]
Translating task...
Processing axioms...
Simplifying axioms... [0.000s CPU, 0.000s wall-clock]
Translator axioms removed by simplifying: 0
Processing axioms: [0.000s CPU, 0.000s wall-clock]
Translating task: [0.000s CPU, 0.002s wall-clock]
172 effect conditions simplified
0 implied preconditions added
Detecting unreachable propositions...
0 operators removed
0 axioms removed
83 propositions removed
Detecting unreachable propositions: [0.000s CPU, 0.001s wall-clock]
Reordering and filtering variables...
25 of 25 variables necessary.
22 of 25 mutex groups necessary.
116 of 116 operators necessary.
0 of 0 axiom rules necessary.
Reordering and filtering variables: [0.000s CPU, 0.001s wall-clock]
Translator variables: 25
Translator derived variables: 0
Translator facts: 94
Translator goal facts: 2
Translator mutex groups: 22
Translator total mutex groups size: 72
Translator operators: 116
Translator axioms: 0
Translator task size: 1057
warning: could not determine peak memory
Writing output... [0.000s CPU, 0.010s wall-clock]
Done! [0.016s CPU, 0.028s wall-clock]
translate exit code: 0

INFO     Running search (release).
INFO     search stdin: output.sas
INFO     search time limit: None
INFO     search memory limit: None
INFO     search command line string: 'C:\Users\user\Desktop\theoria\.worktrees\p13\engine-rig\.toolchain\downward\builds\release\bin\downward.exe' --search 'astar(ipdb(random_seed=0))' --internal-plan-file 'C:\Users\user\AppData\Local\Temp\e7verifyj6831118\sas_plan' < output.sas
[t=0.000152s, 1960 KB] Search code revision: 7120aa0
[t=0.000248s, 1960 KB] reading input...
[t=0.001476s, 2196 KB] done reading input!
[t=0.002784s, 2816 KB] Initializing canonical PDB heuristic...
[t=0.002794s, 2816 KB] Generating patterns using: hill climbing pattern collection generator
[t=0.002871s, 2816 KB] Done calculating initial pattern collection: 0.000075s
[t=0.002880s, 2816 KB] Average operator cost: 1.000000
[t=0.002887s, 2816 KB] Building causal graph... done!
[t=0.003611s, 2920 KB] Done calculating initial candidate PDBs
[t=0.006509s, 3140 KB] found a better pattern with improvement 959
[t=0.012798s, 3268 KB] found a better pattern with improvement 757
[t=0.025152s, 4064 KB] found a better pattern with improvement 585
[t=0.042126s, 5508 KB] found a better pattern with improvement 931
[t=0.067004s, 8272 KB] found a better pattern with improvement 1000
[t=0.101584s, 13524 KB] found a better pattern with improvement 566
[t=0.151753s, 23336 KB] found a better pattern with improvement 855
[t=0.225979s, 41916 KB] found a better pattern with improvement 994
[t=0.339636s, 76532 KB] found a better pattern with improvement 887
[t=0.535029s, 141416 KB] found a better pattern with improvement 1000
[t=0.535062s, 141416 KB] Initial state is a dead end. Stop hill climbing.
[t=0.535065s, 141416 KB] Hill climbing iterations: 11
[t=0.535068s, 141416 KB] Hill climbing generated patterns: 201
[t=0.535070s, 141416 KB] Hill climbing rejected patterns: 40
[t=0.535073s, 141416 KB] Hill climbing maximum PDB size: 1103872
[t=0.535075s, 141416 KB] Hill climbing time: 0.532196s
[t=0.541188s, 141416 KB] hill climbing pattern collection generator number of patterns: 12
[t=0.541208s, 141416 KB] hill climbing pattern collection generator total PDB size: 2203768
[t=0.541212s, 141416 KB] hill climbing pattern collection generator computation time: 0.538389s
[t=0.541218s, 141416 KB] Running dominance pruning...
[t=0.541224s, 141416 KB] Pruned 10 of 11 pattern cliques
[t=0.541227s, 141416 KB] Pruned 11 of 12 PDBs
[t=0.541229s, 141416 KB] Dominance pruning took 0.000010s
[t=0.541482s, 141416 KB] Canonical PDB heuristic number of patterns: 1
[t=0.541488s, 141416 KB] Canonical PDB heuristic total PDB size: 1103872
[t=0.541491s, 141416 KB] Canonical PDB heuristic computation time: 0.538698s
[t=0.541526s, 141416 KB] Building successor generator... done!
[t=0.541573s, 141416 KB] peak memory difference for successor generator creation: 0 KB
[t=0.541576s, 141416 KB] time for successor generation creation: 0.000040s
[t=0.541581s, 141416 KB] Variables: 25
[t=0.541583s, 141416 KB] FactPairs: 94
[t=0.541585s, 141416 KB] Bytes per state: 8
[t=0.541594s, 141416 KB] Conducting best first search with reopening closed nodes, (real) bound = 2147483647
[t=0.541609s, 141416 KB] Initial state is a dead end.
[t=0.541613s, 141416 KB] Initial heuristic value for cpdbs: infinity
[t=0.541615s, 141416 KB] pruning method: none
[t=0.541619s, 141416 KB] Completely explored state space -- no solution!
[t=0.541621s, 141416 KB] Actual search time: 0.000005s
[t=0.541625s, 141416 KB] Expanded 0 state(s).
[t=0.541625s, 141416 KB] Reopened 0 state(s).
[t=0.541625s, 141416 KB] Evaluated 1 state(s).
[t=0.541625s, 141416 KB] Evaluations: 1
[t=0.541625s, 141416 KB] Generated 0 state(s).
[t=0.541625s, 141416 KB] Dead ends: 0 state(s).
[t=0.541625s, 141416 KB] Number of registered states: 1
[t=0.541625s, 141416 KB] Int hash set load factor: 1/1 = 1.000000
[t=0.541625s, 141416 KB] Int hash set resizes: 0
[t=0.541625s, 141416 KB] Search time: 0.000032s
[t=0.541625s, 141416 KB] Total time: 0.541625s
Search stopped without finding a solution.
Remove intermediate file output.sas
search exit code: 12

Driver aborting after search

