$ D:\Miniforge3\python.exe C:/Users/user/Desktop/theoria/.worktrees/p13/engine-rig/.toolchain/downward/fast-downward.py --plan-file C:\Users\user\AppData\Local\Temp\e7verify4lxhez64\sas_plan C:\Users\user\Desktop\theoria\.worktrees\e7-deadlock-claim\engine-rig\runs\20260728T150713Z-E7-deadlock-claim-audit\attacks\work\a5\swap\singleton\sokoban_guarded_singleton_domain.pddl C:\Users\user\Desktop\theoria\.worktrees\e7-deadlock-claim\engine-rig\runs\20260728T150713Z-E7-deadlock-claim-audit\attacks\work\a5\swap\singleton\swap-passage_guarded_singleton.pddl --search astar(cpdbs(patterns=manual_patterns([[23,24,22,19,18,15]])))

INFO     planner time limit: None
INFO     planner memory limit: None

INFO     Running translator.
INFO     translator stdin: None
INFO     translator time limit: None
INFO     translator memory limit: None
INFO     translator command line string: 'D:\Miniforge3\python.exe' -m translate 'C:\Users\user\Desktop\theoria\.worktrees\e7-deadlock-claim\engine-rig\runs\20260728T150713Z-E7-deadlock-claim-audit\attacks\work\a5\swap\singleton\sokoban_guarded_singleton_domain.pddl' 'C:\Users\user\Desktop\theoria\.worktrees\e7-deadlock-claim\engine-rig\runs\20260728T150713Z-E7-deadlock-claim-audit\attacks\work\a5\swap\singleton\swap-passage_guarded_singleton.pddl' --sas-file output.sas
Warning! SIGXCPU is not available on your platform. This means that the planner cannot be gracefully terminated when using a time limit, which, however, is probably supported on your platform anyway.
Parsing...
Parsing: [0.000s CPU, 0.002s wall-clock]
Normalizing task... [0.000s CPU, 0.000s wall-clock]
Instantiating...
Generating Datalog program... [0.000s CPU, 0.000s wall-clock]
Normalizing Datalog program...
Normalizing Datalog program: [0.000s CPU, 0.001s wall-clock]
Preparing model... [0.000s CPU, 0.000s wall-clock]
Generated 20 rules.
Computing model... [0.000s CPU, 0.005s wall-clock]
613 relevant atoms
888 auxiliary atoms
1501 final queue length
1771 total queue pushes
Completing instantiation... [0.000s CPU, 0.002s wall-clock]
Instantiating: [0.000s CPU, 0.008s wall-clock]
Computing fact groups...
Finding invariants...
7 initial candidates
Finding invariants: [0.000s CPU, 0.001s wall-clock]
Checking invariant weight... [0.000s CPU, 0.000s wall-clock]
Instantiating groups... [0.000s CPU, 0.001s wall-clock]
Collecting mutex groups... [0.000s CPU, 0.000s wall-clock]
Choosing groups...
54 uncovered facts
Choosing groups: [0.000s CPU, 0.000s wall-clock]
Building translation key... [0.000s CPU, 0.000s wall-clock]
Computing fact groups: [0.000s CPU, 0.003s wall-clock]
Building STRIPS to SAS dictionary... [0.000s CPU, 0.000s wall-clock]
Building dictionary for full mutex groups... [0.000s CPU, 0.000s wall-clock]
Building mutex information...
Building mutex information: [0.000s CPU, 0.000s wall-clock]
Translating task...
Processing axioms...
Simplifying axioms... [0.000s CPU, 0.000s wall-clock]
Translator axioms removed by simplifying: 0
Processing axioms: [0.000s CPU, 0.000s wall-clock]
Translating task: [0.000s CPU, 0.002s wall-clock]
172 effect conditions simplified
0 implied preconditions added
Detecting unreachable propositions...
0 operators removed
0 axioms removed
83 propositions removed
Detecting unreachable propositions: [0.016s CPU, 0.001s wall-clock]
Reordering and filtering variables...
25 of 25 variables necessary.
22 of 25 mutex groups necessary.
116 of 116 operators necessary.
0 of 0 axiom rules necessary.
Reordering and filtering variables: [0.000s CPU, 0.001s wall-clock]
Translator variables: 25
Translator derived variables: 0
Translator facts: 94
Translator goal facts: 2
Translator mutex groups: 22
Translator total mutex groups size: 72
Translator operators: 116
Translator axioms: 0
Translator task size: 1057
warning: could not determine peak memory
Writing output... [0.000s CPU, 0.009s wall-clock]
Done! [0.016s CPU, 0.026s wall-clock]
translate exit code: 0

INFO     Running search (release).
INFO     search stdin: output.sas
INFO     search time limit: None
INFO     search memory limit: None
INFO     search command line string: 'C:\Users\user\Desktop\theoria\.worktrees\p13\engine-rig\.toolchain\downward\builds\release\bin\downward.exe' --search 'astar(cpdbs(patterns=manual_patterns([[23,24,22,19,18,15]])))' --internal-plan-file 'C:\Users\user\AppData\Local\Temp\e7verify4lxhez64\sas_plan' < output.sas
[t=0.000102s, 1884 KB] Search code revision: 7120aa0
[t=0.000182s, 1884 KB] reading input...
[t=0.001386s, 2216 KB] done reading input!
[t=0.002459s, 2788 KB] Initializing canonical PDB heuristic...
[t=0.002469s, 2788 KB] Generating patterns using: manual pattern collection generator
[t=0.002475s, 2788 KB] Manual pattern collection: [[23, 24, 22, 19, 18, 15]]
[t=0.002484s, 2788 KB] manual pattern collection generator number of patterns: 1
[t=0.002486s, 2788 KB] manual pattern collection generator total PDB size: 34496
[t=0.002488s, 2788 KB] manual pattern collection generator computation time: 9.8e-06s
[t=0.002495s, 2788 KB] Computing PDBs for pattern collection...
[t=0.003229s, 3064 KB] Done computing PDBs for pattern collection: 0.000737s
[t=0.003236s, 3064 KB] Computing pattern cliques for pattern collection...
[t=0.003247s, 3068 KB] Done computing pattern cliques for pattern collection: 0.000012s
[t=0.003251s, 3072 KB] Running dominance pruning...
[t=0.003258s, 3072 KB] Pruned 0 of 1 pattern cliques
[t=0.003260s, 3076 KB] Pruned 0 of 1 PDBs
[t=0.003265s, 3076 KB] Dominance pruning took 0.000010s
[t=0.003268s, 3076 KB] Canonical PDB heuristic number of patterns: 1
[t=0.003271s, 3076 KB] Canonical PDB heuristic total PDB size: 34496
[t=0.003273s, 3076 KB] Canonical PDB heuristic computation time: 0.000809s
[t=0.003309s, 3076 KB] Building successor generator... done!
[t=0.003356s, 3076 KB] peak memory difference for successor generator creation: 0 KB
[t=0.003359s, 3076 KB] time for successor generation creation: 0.000038s
[t=0.003364s, 3076 KB] Variables: 25
[t=0.003366s, 3076 KB] FactPairs: 94
[t=0.003368s, 3076 KB] Bytes per state: 8
[t=0.003379s, 3076 KB] Conducting best first search with reopening closed nodes, (real) bound = 2147483647
[t=0.003400s, 3100 KB] New best heuristic value for cpdbs: 13
[t=0.003402s, 3100 KB] g=0, 1 evaluated, 0 expanded
[t=0.003405s, 3100 KB] f = 13, 1 evaluated, 0 expanded
[t=0.003414s, 3112 KB] Initial heuristic value for cpdbs: 13
[t=0.003418s, 3112 KB] pruning method: none
[t=0.003453s, 3112 KB] New best heuristic value for cpdbs: 12
[t=0.003465s, 3112 KB] g=1, 4 evaluated, 1 expanded
[t=0.003472s, 3112 KB] New best heuristic value for cpdbs: 11
[t=0.003474s, 3112 KB] g=2, 6 evaluated, 2 expanded
[t=0.003482s, 3112 KB] f = 15, 10 evaluated, 3 expanded
[t=0.003496s, 3112 KB] f = 17, 16 evaluated, 9 expanded
[t=0.003514s, 3112 KB] New best heuristic value for cpdbs: 10
[t=0.003517s, 3112 KB] g=7, 27 evaluated, 16 expanded
[t=0.003522s, 3112 KB] New best heuristic value for cpdbs: 9
[t=0.003526s, 3112 KB] g=8, 29 evaluated, 17 expanded
[t=0.003530s, 3112 KB] New best heuristic value for cpdbs: 8
[t=0.003533s, 3112 KB] g=9, 30 evaluated, 18 expanded
[t=0.003538s, 3112 KB] New best heuristic value for cpdbs: 7
[t=0.003542s, 3112 KB] g=10, 32 evaluated, 19 expanded
[t=0.003550s, 3112 KB] New best heuristic value for cpdbs: 6
[t=0.003553s, 3112 KB] g=11, 36 evaluated, 20 expanded
[t=0.003563s, 3112 KB] f = 19, 41 evaluated, 24 expanded
[t=0.003584s, 3112 KB] f = 21, 53 evaluated, 38 expanded
[t=0.003621s, 3112 KB] f = 23, 78 evaluated, 57 expanded
[t=0.003649s, 3112 KB] f = 25, 96 evaluated, 76 expanded
[t=0.003680s, 3112 KB] f = 27, 117 evaluated, 96 expanded
[t=0.003749s, 3140 KB] f = 29, 163 evaluated, 129 expanded
[t=0.003765s, 3140 KB] New best heuristic value for cpdbs: 5
[t=0.003769s, 3140 KB] g=24, 175 evaluated, 135 expanded
[t=0.003773s, 3140 KB] New best heuristic value for cpdbs: 4
[t=0.003776s, 3140 KB] g=25, 177 evaluated, 136 expanded
[t=0.003781s, 3140 KB] New best heuristic value for cpdbs: 3
[t=0.003784s, 3140 KB] g=26, 180 evaluated, 137 expanded
[t=0.003835s, 3140 KB] f = 31, 220 evaluated, 173 expanded
[t=0.003934s, 3140 KB] f = 33, 290 evaluated, 230 expanded
[t=0.004025s, 3140 KB] f = 35, 361 evaluated, 298 expanded
[t=0.004127s, 3140 KB] f = 37, 444 evaluated, 371 expanded
[t=0.004235s, 3140 KB] f = 39, 503 evaluated, 443 expanded
[t=0.004295s, 3140 KB] f = 41, 540 evaluated, 495 expanded
[t=0.004331s, 3140 KB] f = 43, 564 evaluated, 522 expanded
[t=0.004377s, 3140 KB] f = 45, 596 evaluated, 557 expanded
[t=0.004395s, 3140 KB] f = 47, 604 evaluated, 572 expanded
[t=0.004408s, 3140 KB] f = 49, 611 evaluated, 579 expanded
[t=0.004430s, 3140 KB] f = 51, 629 evaluated, 590 expanded
[t=0.004445s, 3140 KB] f = 53, 634 evaluated, 602 expanded
[t=0.004451s, 3140 KB] Completely explored state space -- no solution!
[t=0.004454s, 3140 KB] Actual search time: 0.001034s
[t=0.004458s, 3140 KB] Expanded 606 state(s).
[t=0.004458s, 3140 KB] Reopened 0 state(s).
[t=0.004458s, 3140 KB] Evaluated 634 state(s).
[t=0.004458s, 3140 KB] Evaluations: 634
[t=0.004458s, 3140 KB] Generated 1580 state(s).
[t=0.004458s, 3140 KB] Dead ends: 28 state(s).
[t=0.004458s, 3140 KB] Expanded until last jump: 602 state(s).
[t=0.004458s, 3140 KB] Reopened until last jump: 0 state(s).
[t=0.004458s, 3140 KB] Evaluated until last jump: 634 state(s).
[t=0.004458s, 3140 KB] Generated until last jump: 1572 state(s).
[t=0.004458s, 3140 KB] Number of registered states: 634
[t=0.004458s, 3140 KB] Int hash set load factor: 634/1024 = 0.619141
[t=0.004458s, 3140 KB] Int hash set resizes: 10
[t=0.004458s, 3140 KB] Search time: 0.001080s
[t=0.004458s, 3140 KB] Total time: 0.004458s
Search stopped without finding a solution.
Remove intermediate file output.sas
search exit code: 12

Driver aborting after search

