$ D:\Miniforge3\python.exe C:/Users/user/Desktop/theoria/.worktrees/p13/engine-rig/.toolchain/downward/fast-downward.py --plan-file C:\Users\user\AppData\Local\Temp\e7verifywx4xljjr\sas_plan C:\Users\user\Desktop\theoria\.worktrees\e7-deadlock-claim\engine-rig\runs\20260728T150713Z-E7-deadlock-claim-audit\attacks\work\a5\swap\singleton\sokoban_guarded_singleton_domain.pddl C:\Users\user\Desktop\theoria\.worktrees\e7-deadlock-claim\engine-rig\runs\20260728T150713Z-E7-deadlock-claim-audit\attacks\work\a5\swap\singleton\swap-passage_guarded_singleton.pddl --search astar(cpdbs(patterns=manual_patterns([[23,24,22,3]])))

INFO     planner time limit: None
INFO     planner memory limit: None

INFO     Running translator.
INFO     translator stdin: None
INFO     translator time limit: None
INFO     translator memory limit: None
INFO     translator command line string: 'D:\Miniforge3\python.exe' -m translate 'C:\Users\user\Desktop\theoria\.worktrees\e7-deadlock-claim\engine-rig\runs\20260728T150713Z-E7-deadlock-claim-audit\attacks\work\a5\swap\singleton\sokoban_guarded_singleton_domain.pddl' 'C:\Users\user\Desktop\theoria\.worktrees\e7-deadlock-claim\engine-rig\runs\20260728T150713Z-E7-deadlock-claim-audit\attacks\work\a5\swap\singleton\swap-passage_guarded_singleton.pddl' --sas-file output.sas
Warning! SIGXCPU is not available on your platform. This means that the planner cannot be gracefully terminated when using a time limit, which, however, is probably supported on your platform anyway.
Parsing...
Parsing: [0.016s CPU, 0.002s wall-clock]
Normalizing task... [0.000s CPU, 0.000s wall-clock]
Instantiating...
Generating Datalog program... [0.000s CPU, 0.000s wall-clock]
Normalizing Datalog program...
Normalizing Datalog program: [0.000s CPU, 0.001s wall-clock]
Preparing model... [0.000s CPU, 0.000s wall-clock]
Generated 20 rules.
Computing model... [0.000s CPU, 0.005s wall-clock]
613 relevant atoms
888 auxiliary atoms
1501 final queue length
1771 total queue pushes
Completing instantiation... [0.000s CPU, 0.002s wall-clock]
Instantiating: [0.000s CPU, 0.008s wall-clock]
Computing fact groups...
Finding invariants...
7 initial candidates
Finding invariants: [0.000s CPU, 0.001s wall-clock]
Checking invariant weight... [0.000s CPU, 0.000s wall-clock]
Instantiating groups... [0.000s CPU, 0.001s wall-clock]
Collecting mutex groups... [0.000s CPU, 0.000s wall-clock]
Choosing groups...
54 uncovered facts
Choosing groups: [0.000s CPU, 0.000s wall-clock]
Building translation key... [0.000s CPU, 0.000s wall-clock]
Computing fact groups: [0.000s CPU, 0.003s wall-clock]
Building STRIPS to SAS dictionary... [0.000s CPU, 0.000s wall-clock]
Building dictionary for full mutex groups... [0.000s CPU, 0.000s wall-clock]
Building mutex information...
Building mutex information: [0.000s CPU, 0.000s wall-clock]
Translating task...
Processing axioms...
Simplifying axioms... [0.000s CPU, 0.000s wall-clock]
Translator axioms removed by simplifying: 0
Processing axioms: [0.000s CPU, 0.000s wall-clock]
Translating task: [0.000s CPU, 0.002s wall-clock]
172 effect conditions simplified
0 implied preconditions added
Detecting unreachable propositions...
0 operators removed
0 axioms removed
83 propositions removed
Detecting unreachable propositions: [0.016s CPU, 0.001s wall-clock]
Reordering and filtering variables...
25 of 25 variables necessary.
22 of 25 mutex groups necessary.
116 of 116 operators necessary.
0 of 0 axiom rules necessary.
Reordering and filtering variables: [0.000s CPU, 0.001s wall-clock]
Translator variables: 25
Translator derived variables: 0
Translator facts: 94
Translator goal facts: 2
Translator mutex groups: 22
Translator total mutex groups size: 72
Translator operators: 116
Translator axioms: 0
Translator task size: 1057
warning: could not determine peak memory
Writing output... [0.000s CPU, 0.010s wall-clock]
Done! [0.031s CPU, 0.027s wall-clock]
translate exit code: 0

INFO     Running search (release).
INFO     search stdin: output.sas
INFO     search time limit: None
INFO     search memory limit: None
INFO     search command line string: 'C:\Users\user\Desktop\theoria\.worktrees\p13\engine-rig\.toolchain\downward\builds\release\bin\downward.exe' --search 'astar(cpdbs(patterns=manual_patterns([[23,24,22,3]])))' --internal-plan-file 'C:\Users\user\AppData\Local\Temp\e7verifywx4xljjr\sas_plan' < output.sas
[t=0.000114s, 1896 KB] Search code revision: 7120aa0
[t=0.000194s, 1908 KB] reading input...
[t=0.001400s, 2176 KB] done reading input!
[t=0.002377s, 2740 KB] Initializing canonical PDB heuristic...
[t=0.002387s, 2740 KB] Generating patterns using: manual pattern collection generator
[t=0.002391s, 2740 KB] Manual pattern collection: [[23, 24, 22, 3]]
[t=0.002400s, 2740 KB] manual pattern collection generator number of patterns: 1
[t=0.002403s, 2740 KB] manual pattern collection generator total PDB size: 8624
[t=0.002406s, 2740 KB] manual pattern collection generator computation time: 9.8e-06s
[t=0.002414s, 2740 KB] Computing PDBs for pattern collection...
[t=0.002708s, 2860 KB] Done computing PDBs for pattern collection: 0.000297s
[t=0.002715s, 2860 KB] Computing pattern cliques for pattern collection...
[t=0.002724s, 2860 KB] Done computing pattern cliques for pattern collection: 0.000011s
[t=0.002730s, 2860 KB] Running dominance pruning...
[t=0.002735s, 2860 KB] Pruned 0 of 1 pattern cliques
[t=0.002739s, 2860 KB] Pruned 0 of 1 PDBs
[t=0.002741s, 2860 KB] Dominance pruning took 0.000009s
[t=0.002744s, 2860 KB] Canonical PDB heuristic number of patterns: 1
[t=0.002746s, 2860 KB] Canonical PDB heuristic total PDB size: 8624
[t=0.002749s, 2860 KB] Canonical PDB heuristic computation time: 0.000368s
[t=0.002779s, 2860 KB] Building successor generator... done!
[t=0.002838s, 2884 KB] peak memory difference for successor generator creation: 24 KB
[t=0.002841s, 2884 KB] time for successor generation creation: 0.000051s
[t=0.002846s, 2884 KB] Variables: 25
[t=0.002850s, 2896 KB] FactPairs: 94
[t=0.002853s, 2896 KB] Bytes per state: 8
[t=0.002864s, 2896 KB] Conducting best first search with reopening closed nodes, (real) bound = 2147483647
[t=0.002883s, 2900 KB] New best heuristic value for cpdbs: 9
[t=0.002887s, 2900 KB] g=0, 1 evaluated, 0 expanded
[t=0.002890s, 2900 KB] f = 9, 1 evaluated, 0 expanded
[t=0.002900s, 2912 KB] Initial heuristic value for cpdbs: 9
[t=0.002904s, 2912 KB] pruning method: none
[t=0.002913s, 2912 KB] New best heuristic value for cpdbs: 8
[t=0.002917s, 2912 KB] g=1, 4 evaluated, 1 expanded
[t=0.002923s, 2912 KB] New best heuristic value for cpdbs: 7
[t=0.002927s, 2912 KB] g=2, 6 evaluated, 2 expanded
[t=0.002933s, 2912 KB] New best heuristic value for cpdbs: 6
[t=0.002936s, 2912 KB] g=3, 10 evaluated, 3 expanded
[t=0.002941s, 2912 KB] f = 11, 12 evaluated, 4 expanded
[t=0.002956s, 2924 KB] New best heuristic value for cpdbs: 5
[t=0.002959s, 2924 KB] g=6, 17 evaluated, 6 expanded
[t=0.002965s, 2924 KB] New best heuristic value for cpdbs: 4
[t=0.002968s, 2924 KB] g=7, 20 evaluated, 7 expanded
[t=0.002979s, 2924 KB] f = 13, 27 evaluated, 14 expanded
[t=0.003001s, 2924 KB] f = 15, 37 evaluated, 27 expanded
[t=0.003010s, 2924 KB] f = 17, 38 evaluated, 32 expanded
[t=0.003047s, 2932 KB] f = 19, 66 evaluated, 46 expanded
[t=0.003075s, 2932 KB] f = 21, 88 evaluated, 65 expanded
[t=0.003105s, 2932 KB] f = 23, 110 evaluated, 88 expanded
[t=0.003140s, 2940 KB] f = 25, 131 evaluated, 110 expanded
[t=0.003182s, 2940 KB] f = 27, 170 evaluated, 137 expanded
[t=0.003242s, 2940 KB] f = 29, 225 evaluated, 177 expanded
[t=0.003252s, 2940 KB] New best heuristic value for cpdbs: 3
[t=0.003254s, 2940 KB] g=26, 230 evaluated, 179 expanded
[t=0.003325s, 2956 KB] f = 31, 275 evaluated, 225 expanded
[t=0.003413s, 2956 KB] f = 33, 354 evaluated, 286 expanded
[t=0.003528s, 2956 KB] f = 35, 453 evaluated, 370 expanded
[t=0.003655s, 2992 KB] f = 37, 534 evaluated, 458 expanded
[t=0.003722s, 2992 KB] f = 39, 587 evaluated, 522 expanded
[t=0.003770s, 2992 KB] f = 41, 622 evaluated, 569 expanded
[t=0.003806s, 2992 KB] f = 43, 647 evaluated, 603 expanded
[t=0.003823s, 2992 KB] f = 45, 654 evaluated, 619 expanded
[t=0.003832s, 2992 KB] f = 47, 657 evaluated, 626 expanded
[t=0.003839s, 2992 KB] f = 49, 658 evaluated, 629 expanded
[t=0.003842s, 2992 KB] Completely explored state space -- no solution!
[t=0.003844s, 2992 KB] Actual search time: 0.000939s
[t=0.003848s, 2992 KB] Expanded 630 state(s).
[t=0.003848s, 2992 KB] Reopened 0 state(s).
[t=0.003848s, 2992 KB] Evaluated 658 state(s).
[t=0.003848s, 2992 KB] Evaluations: 658
[t=0.003848s, 2992 KB] Generated 1644 state(s).
[t=0.003848s, 2992 KB] Dead ends: 28 state(s).
[t=0.003848s, 2992 KB] Expanded until last jump: 629 state(s).
[t=0.003848s, 2992 KB] Reopened until last jump: 0 state(s).
[t=0.003848s, 2992 KB] Evaluated until last jump: 658 state(s).
[t=0.003848s, 2992 KB] Generated until last jump: 1642 state(s).
[t=0.003848s, 2992 KB] Number of registered states: 658
[t=0.003848s, 2992 KB] Int hash set load factor: 658/1024 = 0.642578
[t=0.003848s, 2992 KB] Int hash set resizes: 10
[t=0.003848s, 2992 KB] Search time: 0.000986s
[t=0.003848s, 2992 KB] Total time: 0.003848s
Search stopped without finding a solution.
Remove intermediate file output.sas
search exit code: 12

Driver aborting after search

