$ D:\Miniforge3\python.exe C:/Users/user/Desktop/theoria/.worktrees/p13/engine-rig/.toolchain/downward/fast-downward.py --plan-file C:\Users\user\AppData\Local\Temp\e7verify44z5qbn8\sas_plan C:\Users\user\Desktop\theoria\.worktrees\e7-deadlock-claim\engine-rig\runs\20260728T150713Z-E7-deadlock-claim-audit\attacks\work\a5\swap\singleton\sokoban_guarded_singleton_domain.pddl C:\Users\user\Desktop\theoria\.worktrees\e7-deadlock-claim\engine-rig\runs\20260728T150713Z-E7-deadlock-claim-audit\attacks\work\a5\swap\singleton\swap-passage_guarded_singleton.pddl --search astar(cpdbs(patterns=manual_patterns([[23,24,22,15,9,1,3,4,2,12,17]])))

INFO     planner time limit: None
INFO     planner memory limit: None

INFO     Running translator.
INFO     translator stdin: None
INFO     translator time limit: None
INFO     translator memory limit: None
INFO     translator command line string: 'D:\Miniforge3\python.exe' -m translate 'C:\Users\user\Desktop\theoria\.worktrees\e7-deadlock-claim\engine-rig\runs\20260728T150713Z-E7-deadlock-claim-audit\attacks\work\a5\swap\singleton\sokoban_guarded_singleton_domain.pddl' 'C:\Users\user\Desktop\theoria\.worktrees\e7-deadlock-claim\engine-rig\runs\20260728T150713Z-E7-deadlock-claim-audit\attacks\work\a5\swap\singleton\swap-passage_guarded_singleton.pddl' --sas-file output.sas
Warning! SIGXCPU is not available on your platform. This means that the planner cannot be gracefully terminated when using a time limit, which, however, is probably supported on your platform anyway.
Parsing...
Parsing: [0.000s CPU, 0.002s wall-clock]
Normalizing task... [0.000s CPU, 0.000s wall-clock]
Instantiating...
Generating Datalog program... [0.000s CPU, 0.000s wall-clock]
Normalizing Datalog program...
Normalizing Datalog program: [0.000s CPU, 0.001s wall-clock]
Preparing model... [0.000s CPU, 0.000s wall-clock]
Generated 20 rules.
Computing model... [0.016s CPU, 0.005s wall-clock]
613 relevant atoms
888 auxiliary atoms
1501 final queue length
1771 total queue pushes
Completing instantiation... [0.000s CPU, 0.002s wall-clock]
Instantiating: [0.016s CPU, 0.008s wall-clock]
Computing fact groups...
Finding invariants...
7 initial candidates
Finding invariants: [0.000s CPU, 0.001s wall-clock]
Checking invariant weight... [0.000s CPU, 0.000s wall-clock]
Instantiating groups... [0.000s CPU, 0.001s wall-clock]
Collecting mutex groups... [0.000s CPU, 0.000s wall-clock]
Choosing groups...
54 uncovered facts
Choosing groups: [0.000s CPU, 0.000s wall-clock]
Building translation key... [0.000s CPU, 0.000s wall-clock]
Computing fact groups: [0.000s CPU, 0.003s wall-clock]
Building STRIPS to SAS dictionary... [0.000s CPU, 0.000s wall-clock]
Building dictionary for full mutex groups... [0.000s CPU, 0.000s wall-clock]
Building mutex information...
Building mutex information: [0.000s CPU, 0.000s wall-clock]
Translating task...
Processing axioms...
Simplifying axioms... [0.000s CPU, 0.000s wall-clock]
Translator axioms removed by simplifying: 0
Processing axioms: [0.000s CPU, 0.000s wall-clock]
Translating task: [0.000s CPU, 0.002s wall-clock]
172 effect conditions simplified
0 implied preconditions added
Detecting unreachable propositions...
0 operators removed
0 axioms removed
83 propositions removed
Detecting unreachable propositions: [0.000s CPU, 0.001s wall-clock]
Reordering and filtering variables...
25 of 25 variables necessary.
22 of 25 mutex groups necessary.
116 of 116 operators necessary.
0 of 0 axiom rules necessary.
Reordering and filtering variables: [0.000s CPU, 0.001s wall-clock]
Translator variables: 25
Translator derived variables: 0
Translator facts: 94
Translator goal facts: 2
Translator mutex groups: 22
Translator total mutex groups size: 72
Translator operators: 116
Translator axioms: 0
Translator task size: 1057
warning: could not determine peak memory
Writing output... [0.000s CPU, 0.009s wall-clock]
Done! [0.016s CPU, 0.026s wall-clock]
translate exit code: 0

INFO     Running search (release).
INFO     search stdin: output.sas
INFO     search time limit: None
INFO     search memory limit: None
INFO     search command line string: 'C:\Users\user\Desktop\theoria\.worktrees\p13\engine-rig\.toolchain\downward\builds\release\bin\downward.exe' --search 'astar(cpdbs(patterns=manual_patterns([[23,24,22,15,9,1,3,4,2,12,17]])))' --internal-plan-file 'C:\Users\user\AppData\Local\Temp\e7verify44z5qbn8\sas_plan' < output.sas
[t=0.000142s, 1952 KB] Search code revision: 7120aa0
[t=0.000233s, 1952 KB] reading input...
[t=0.001472s, 2156 KB] done reading input!
[t=0.002804s, 2720 KB] Initializing canonical PDB heuristic...
[t=0.002815s, 2740 KB] Generating patterns using: manual pattern collection generator
[t=0.002820s, 2740 KB] Manual pattern collection: [[23, 24, 22, 15, 9, 1, 3, 4, 2, 12, 17]]
[t=0.002829s, 2740 KB] manual pattern collection generator number of patterns: 1
[t=0.002832s, 2740 KB] manual pattern collection generator total PDB size: 1103872
[t=0.002834s, 2740 KB] manual pattern collection generator computation time: 8.8e-06s
[t=0.002841s, 2740 KB] Computing PDBs for pattern collection...
[t=0.038525s, 8412 KB] Done computing PDBs for pattern collection: 0.035696s
[t=0.038549s, 8412 KB] Computing pattern cliques for pattern collection...
[t=0.038571s, 8412 KB] Done computing pattern cliques for pattern collection: 0.000024s
[t=0.038578s, 8412 KB] Running dominance pruning...
[t=0.038583s, 8412 KB] Pruned 0 of 1 pattern cliques
[t=0.038585s, 8412 KB] Pruned 0 of 1 PDBs
[t=0.038588s, 8412 KB] Dominance pruning took 0.000008s
[t=0.038592s, 8412 KB] Canonical PDB heuristic number of patterns: 1
[t=0.038595s, 8412 KB] Canonical PDB heuristic total PDB size: 1103872
[t=0.038597s, 8412 KB] Canonical PDB heuristic computation time: 0.035787s
[t=0.038628s, 8412 KB] Building successor generator... done!
[t=0.038688s, 8412 KB] peak memory difference for successor generator creation: 0 KB
[t=0.038691s, 8412 KB] time for successor generation creation: 0.000052s
[t=0.038696s, 8412 KB] Variables: 25
[t=0.038698s, 8412 KB] FactPairs: 94
[t=0.038700s, 8412 KB] Bytes per state: 8
[t=0.038710s, 8412 KB] Conducting best first search with reopening closed nodes, (real) bound = 2147483647
[t=0.038744s, 8412 KB] New best heuristic value for cpdbs: 9
[t=0.038748s, 8412 KB] g=0, 1 evaluated, 0 expanded
[t=0.038751s, 8412 KB] f = 9, 1 evaluated, 0 expanded
[t=0.038757s, 8412 KB] Initial heuristic value for cpdbs: 9
[t=0.038760s, 8412 KB] pruning method: none
[t=0.038770s, 8412 KB] New best heuristic value for cpdbs: 8
[t=0.038773s, 8412 KB] g=1, 4 evaluated, 1 expanded
[t=0.038778s, 8412 KB] New best heuristic value for cpdbs: 7
[t=0.038782s, 8412 KB] g=2, 6 evaluated, 2 expanded
[t=0.038789s, 8412 KB] New best heuristic value for cpdbs: 6
[t=0.038793s, 8412 KB] g=3, 10 evaluated, 3 expanded
[t=0.038798s, 8412 KB] f = 11, 12 evaluated, 4 expanded
[t=0.038810s, 8412 KB] New best heuristic value for cpdbs: 5
[t=0.038814s, 8412 KB] g=6, 17 evaluated, 6 expanded
[t=0.038819s, 8412 KB] New best heuristic value for cpdbs: 4
[t=0.038822s, 8412 KB] g=7, 20 evaluated, 7 expanded
[t=0.038835s, 8412 KB] f = 13, 27 evaluated, 14 expanded
[t=0.038854s, 8412 KB] f = 15, 37 evaluated, 27 expanded
[t=0.038862s, 8412 KB] f = 17, 38 evaluated, 32 expanded
[t=0.038894s, 8412 KB] f = 19, 66 evaluated, 46 expanded
[t=0.038922s, 8412 KB] f = 21, 88 evaluated, 65 expanded
[t=0.038952s, 8412 KB] f = 23, 110 evaluated, 88 expanded
[t=0.038987s, 8412 KB] f = 25, 131 evaluated, 110 expanded
[t=0.039028s, 8412 KB] f = 27, 170 evaluated, 137 expanded
[t=0.039085s, 8412 KB] f = 29, 225 evaluated, 177 expanded
[t=0.039094s, 8412 KB] New best heuristic value for cpdbs: 3
[t=0.039096s, 8412 KB] g=26, 230 evaluated, 179 expanded
[t=0.039177s, 8412 KB] f = 31, 275 evaluated, 225 expanded
[t=0.039247s, 8412 KB] f = 33, 339 evaluated, 278 expanded
[t=0.039338s, 8412 KB] f = 35, 424 evaluated, 352 expanded
[t=0.039441s, 8412 KB] f = 37, 509 evaluated, 435 expanded
[t=0.039542s, 8412 KB] f = 39, 575 evaluated, 503 expanded
[t=0.039603s, 8412 KB] f = 41, 621 evaluated, 561 expanded
[t=0.039641s, 8412 KB] f = 43, 645 evaluated, 598 expanded
[t=0.039660s, 8412 KB] f = 45, 653 evaluated, 617 expanded
[t=0.039671s, 8412 KB] f = 47, 657 evaluated, 625 expanded
[t=0.039678s, 8412 KB] f = 49, 658 evaluated, 629 expanded
[t=0.039680s, 8412 KB] Completely explored state space -- no solution!
[t=0.039682s, 8412 KB] Actual search time: 0.000921s
[t=0.039685s, 8412 KB] Expanded 630 state(s).
[t=0.039685s, 8412 KB] Reopened 0 state(s).
[t=0.039685s, 8412 KB] Evaluated 658 state(s).
[t=0.039685s, 8412 KB] Evaluations: 658
[t=0.039685s, 8412 KB] Generated 1644 state(s).
[t=0.039685s, 8412 KB] Dead ends: 28 state(s).
[t=0.039685s, 8412 KB] Expanded until last jump: 629 state(s).
[t=0.039685s, 8412 KB] Reopened until last jump: 0 state(s).
[t=0.039685s, 8412 KB] Evaluated until last jump: 658 state(s).
[t=0.039685s, 8412 KB] Generated until last jump: 1642 state(s).
[t=0.039685s, 8412 KB] Number of registered states: 658
[t=0.039685s, 8412 KB] Int hash set load factor: 658/1024 = 0.642578
[t=0.039685s, 8412 KB] Int hash set resizes: 10
[t=0.039685s, 8412 KB] Search time: 0.000976s
[t=0.039685s, 8412 KB] Total time: 0.039685s
Search stopped without finding a solution.
Remove intermediate file output.sas
search exit code: 12

Driver aborting after search

