$ D:\Miniforge3\python.exe C:/Users/user/Desktop/theoria/.worktrees/p13/engine-rig/.toolchain/downward/fast-downward.py --plan-file C:\Users\user\AppData\Local\Temp\e7verify9wgvggwk\sas_plan C:\Users\user\Desktop\theoria\.worktrees\e7-deadlock-claim\engine-rig\runs\20260728T150713Z-E7-deadlock-claim-audit\attacks\work\a5\swap\singleton\sokoban_guarded_singleton_domain.pddl C:\Users\user\Desktop\theoria\.worktrees\e7-deadlock-claim\engine-rig\runs\20260728T150713Z-E7-deadlock-claim-audit\attacks\work\a5\swap\singleton\swap-passage_guarded_singleton.pddl --search astar(cpdbs(patterns=systematic(3)))

INFO     planner time limit: None
INFO     planner memory limit: None

INFO     Running translator.
INFO     translator stdin: None
INFO     translator time limit: None
INFO     translator memory limit: None
INFO     translator command line string: 'D:\Miniforge3\python.exe' -m translate 'C:\Users\user\Desktop\theoria\.worktrees\e7-deadlock-claim\engine-rig\runs\20260728T150713Z-E7-deadlock-claim-audit\attacks\work\a5\swap\singleton\sokoban_guarded_singleton_domain.pddl' 'C:\Users\user\Desktop\theoria\.worktrees\e7-deadlock-claim\engine-rig\runs\20260728T150713Z-E7-deadlock-claim-audit\attacks\work\a5\swap\singleton\swap-passage_guarded_singleton.pddl' --sas-file output.sas
Warning! SIGXCPU is not available on your platform. This means that the planner cannot be gracefully terminated when using a time limit, which, however, is probably supported on your platform anyway.
Parsing...
Parsing: [0.000s CPU, 0.002s wall-clock]
Normalizing task... [0.000s CPU, 0.000s wall-clock]
Instantiating...
Generating Datalog program... [0.000s CPU, 0.000s wall-clock]
Normalizing Datalog program...
Normalizing Datalog program: [0.000s CPU, 0.001s wall-clock]
Preparing model... [0.000s CPU, 0.000s wall-clock]
Generated 20 rules.
Computing model... [0.000s CPU, 0.005s wall-clock]
613 relevant atoms
888 auxiliary atoms
1501 final queue length
1771 total queue pushes
Completing instantiation... [0.000s CPU, 0.002s wall-clock]
Instantiating: [0.000s CPU, 0.008s wall-clock]
Computing fact groups...
Finding invariants...
7 initial candidates
Finding invariants: [0.000s CPU, 0.001s wall-clock]
Checking invariant weight... [0.000s CPU, 0.000s wall-clock]
Instantiating groups... [0.000s CPU, 0.001s wall-clock]
Collecting mutex groups... [0.000s CPU, 0.000s wall-clock]
Choosing groups...
54 uncovered facts
Choosing groups: [0.000s CPU, 0.000s wall-clock]
Building translation key... [0.000s CPU, 0.000s wall-clock]
Computing fact groups: [0.000s CPU, 0.003s wall-clock]
Building STRIPS to SAS dictionary... [0.000s CPU, 0.000s wall-clock]
Building dictionary for full mutex groups... [0.000s CPU, 0.000s wall-clock]
Building mutex information...
Building mutex information: [0.000s CPU, 0.000s wall-clock]
Translating task...
Processing axioms...
Simplifying axioms... [0.000s CPU, 0.000s wall-clock]
Translator axioms removed by simplifying: 0
Processing axioms: [0.000s CPU, 0.000s wall-clock]
Translating task: [0.016s CPU, 0.002s wall-clock]
172 effect conditions simplified
0 implied preconditions added
Detecting unreachable propositions...
0 operators removed
0 axioms removed
83 propositions removed
Detecting unreachable propositions: [0.000s CPU, 0.001s wall-clock]
Reordering and filtering variables...
25 of 25 variables necessary.
22 of 25 mutex groups necessary.
116 of 116 operators necessary.
0 of 0 axiom rules necessary.
Reordering and filtering variables: [0.000s CPU, 0.001s wall-clock]
Translator variables: 25
Translator derived variables: 0
Translator facts: 94
Translator goal facts: 2
Translator mutex groups: 22
Translator total mutex groups size: 72
Translator operators: 116
Translator axioms: 0
Translator task size: 1057
warning: could not determine peak memory
Writing output... [0.000s CPU, 0.009s wall-clock]
Done! [0.016s CPU, 0.026s wall-clock]
translate exit code: 0

INFO     Running search (release).
INFO     search stdin: output.sas
INFO     search time limit: None
INFO     search memory limit: None
INFO     search command line string: 'C:\Users\user\Desktop\theoria\.worktrees\p13\engine-rig\.toolchain\downward\builds\release\bin\downward.exe' --search 'astar(cpdbs(patterns=systematic(3)))' --internal-plan-file 'C:\Users\user\AppData\Local\Temp\e7verify9wgvggwk\sas_plan' < output.sas
[t=0.000165s, 1956 KB] Search code revision: 7120aa0
[t=0.000275s, 1956 KB] reading input...
[t=0.001531s, 2204 KB] done reading input!
[t=0.002869s, 2812 KB] Initializing canonical PDB heuristic...
[t=0.002879s, 2812 KB] Generating patterns using: systematic pattern collection generator
[t=0.002890s, 2812 KB] Building causal graph... done!
[t=0.003180s, 3084 KB] Found 289 SGA patterns.
[t=0.003566s, 3096 KB] Found 289 interesting patterns.
[t=0.003603s, 3096 KB] systematic pattern collection generator number of patterns: 289
[t=0.003608s, 3096 KB] systematic pattern collection generator total PDB size: 49420
[t=0.003612s, 3096 KB] systematic pattern collection generator computation time: 0.0007182s
[t=0.003618s, 3096 KB] Computing PDBs for pattern collection...
[t=0.013126s, 3380 KB] Done computing PDBs for pattern collection: 0.009513s
[t=0.013136s, 3380 KB] Computing pattern cliques for pattern collection...
[t=0.013336s, 3392 KB] Done computing pattern cliques for pattern collection: 0.000201s
[t=0.013348s, 3392 KB] Running dominance pruning...
[t=0.013577s, 3392 KB] Pruned 31 of 288 pattern cliques
[t=0.013584s, 3392 KB] Pruned 32 of 289 PDBs
[t=0.013586s, 3392 KB] Dominance pruning took 0.000237s
[t=0.013596s, 3392 KB] Canonical PDB heuristic number of patterns: 257
[t=0.013600s, 3392 KB] Canonical PDB heuristic total PDB size: 47992
[t=0.013603s, 3392 KB] Canonical PDB heuristic computation time: 0.010727s
[t=0.013632s, 3392 KB] Building successor generator... done!
[t=0.013684s, 3392 KB] peak memory difference for successor generator creation: 0 KB
[t=0.013687s, 3392 KB] time for successor generation creation: 0.000040s
[t=0.013691s, 3392 KB] Variables: 25
[t=0.013694s, 3392 KB] FactPairs: 94
[t=0.013696s, 3392 KB] Bytes per state: 8
[t=0.013704s, 3392 KB] Conducting best first search with reopening closed nodes, (real) bound = 2147483647
[t=0.013737s, 3536 KB] New best heuristic value for cpdbs: 9
[t=0.013741s, 3536 KB] g=0, 1 evaluated, 0 expanded
[t=0.013743s, 3536 KB] f = 9, 1 evaluated, 0 expanded
[t=0.013749s, 3536 KB] Initial heuristic value for cpdbs: 9
[t=0.013753s, 3536 KB] pruning method: none
[t=0.013766s, 3536 KB] New best heuristic value for cpdbs: 8
[t=0.013770s, 3536 KB] g=1, 4 evaluated, 1 expanded
[t=0.013777s, 3536 KB] New best heuristic value for cpdbs: 7
[t=0.013780s, 3536 KB] g=2, 6 evaluated, 2 expanded
[t=0.013790s, 3536 KB] New best heuristic value for cpdbs: 6
[t=0.013794s, 3536 KB] g=3, 10 evaluated, 3 expanded
[t=0.013799s, 3536 KB] f = 11, 12 evaluated, 4 expanded
[t=0.013816s, 3536 KB] New best heuristic value for cpdbs: 5
[t=0.013820s, 3536 KB] g=6, 17 evaluated, 6 expanded
[t=0.013827s, 3536 KB] New best heuristic value for cpdbs: 4
[t=0.013831s, 3536 KB] g=7, 20 evaluated, 7 expanded
[t=0.013847s, 3536 KB] f = 13, 27 evaluated, 14 expanded
[t=0.013874s, 3536 KB] f = 15, 37 evaluated, 27 expanded
[t=0.013883s, 3536 KB] f = 17, 38 evaluated, 32 expanded
[t=0.013938s, 3536 KB] f = 19, 66 evaluated, 46 expanded
[t=0.013984s, 3536 KB] f = 21, 88 evaluated, 65 expanded
[t=0.014033s, 3536 KB] f = 23, 110 evaluated, 88 expanded
[t=0.014074s, 3536 KB] f = 25, 128 evaluated, 108 expanded
[t=0.014166s, 3572 KB] f = 27, 170 evaluated, 136 expanded
[t=0.014270s, 3572 KB] f = 29, 225 evaluated, 177 expanded
[t=0.014282s, 3572 KB] New best heuristic value for cpdbs: 3
[t=0.014286s, 3572 KB] g=26, 230 evaluated, 179 expanded
[t=0.014405s, 3640 KB] f = 31, 275 evaluated, 225 expanded
[t=0.014543s, 3640 KB] f = 33, 348 evaluated, 282 expanded
[t=0.014741s, 3660 KB] f = 35, 453 evaluated, 368 expanded
[t=0.014929s, 3660 KB] f = 37, 534 evaluated, 458 expanded
[t=0.015036s, 3660 KB] f = 39, 584 evaluated, 520 expanded
[t=0.015119s, 3660 KB] f = 41, 622 evaluated, 568 expanded
[t=0.015177s, 3660 KB] f = 43, 647 evaluated, 603 expanded
[t=0.015200s, 3660 KB] f = 45, 654 evaluated, 619 expanded
[t=0.015212s, 3660 KB] f = 47, 657 evaluated, 626 expanded
[t=0.015220s, 3660 KB] f = 49, 658 evaluated, 629 expanded
[t=0.015225s, 3660 KB] Completely explored state space -- no solution!
[t=0.015227s, 3660 KB] Actual search time: 0.001472s
[t=0.015230s, 3660 KB] Expanded 630 state(s).
[t=0.015230s, 3660 KB] Reopened 0 state(s).
[t=0.015230s, 3660 KB] Evaluated 658 state(s).
[t=0.015230s, 3660 KB] Evaluations: 658
[t=0.015230s, 3660 KB] Generated 1644 state(s).
[t=0.015230s, 3660 KB] Dead ends: 28 state(s).
[t=0.015230s, 3660 KB] Expanded until last jump: 629 state(s).
[t=0.015230s, 3660 KB] Reopened until last jump: 0 state(s).
[t=0.015230s, 3660 KB] Evaluated until last jump: 658 state(s).
[t=0.015230s, 3660 KB] Generated until last jump: 1642 state(s).
[t=0.015230s, 3660 KB] Number of registered states: 658
[t=0.015230s, 3660 KB] Int hash set load factor: 658/1024 = 0.642578
[t=0.015230s, 3660 KB] Int hash set resizes: 10
[t=0.015230s, 3660 KB] Search time: 0.001527s
[t=0.015230s, 3660 KB] Total time: 0.015230s
Search stopped without finding a solution.
Remove intermediate file output.sas
search exit code: 12

Driver aborting after search

