$ D:\Miniforge3\python.exe C:/Users/user/Desktop/theoria/.worktrees/p13/engine-rig/.toolchain/downward/fast-downward.py --plan-file C:\Users\user\AppData\Local\Temp\e7verifyx0k4n6nf\sas_plan C:\Users\user\Desktop\theoria\.worktrees\e7-deadlock-claim\engine-rig\fixtures\data\sokoban_domain.pddl C:\Users\user\Desktop\theoria\.worktrees\e7-deadlock-claim\engine-rig\runs\20260728T150713Z-E7-deadlock-claim-audit\attacks\work\a5\swap\swap-passage.pddl --search astar(cpdbs(patterns=manual_patterns([[23,24,22,1,7,11,19,6,2]])))

INFO     planner time limit: None
INFO     planner memory limit: None

INFO     Running translator.
INFO     translator stdin: None
INFO     translator time limit: None
INFO     translator memory limit: None
INFO     translator command line string: 'D:\Miniforge3\python.exe' -m translate 'C:\Users\user\Desktop\theoria\.worktrees\e7-deadlock-claim\engine-rig\fixtures\data\sokoban_domain.pddl' 'C:\Users\user\Desktop\theoria\.worktrees\e7-deadlock-claim\engine-rig\runs\20260728T150713Z-E7-deadlock-claim-audit\attacks\work\a5\swap\swap-passage.pddl' --sas-file output.sas
Warning! SIGXCPU is not available on your platform. This means that the planner cannot be gracefully terminated when using a time limit, which, however, is probably supported on your platform anyway.
Parsing...
Parsing: [0.000s CPU, 0.002s wall-clock]
Normalizing task... [0.000s CPU, 0.000s wall-clock]
Instantiating...
Generating Datalog program... [0.000s CPU, 0.000s wall-clock]
Normalizing Datalog program...
Normalizing Datalog program: [0.000s CPU, 0.001s wall-clock]
Preparing model... [0.000s CPU, 0.000s wall-clock]
Generated 20 rules.
Computing model... [0.000s CPU, 0.005s wall-clock]
597 relevant atoms
888 auxiliary atoms
1485 final queue length
1755 total queue pushes
Completing instantiation... [0.000s CPU, 0.002s wall-clock]
Instantiating: [0.000s CPU, 0.009s wall-clock]
Computing fact groups...
Finding invariants...
7 initial candidates
Finding invariants: [0.000s CPU, 0.001s wall-clock]
Checking invariant weight... [0.000s CPU, 0.000s wall-clock]
Instantiating groups... [0.000s CPU, 0.001s wall-clock]
Collecting mutex groups... [0.000s CPU, 0.000s wall-clock]
Choosing groups...
54 uncovered facts
Choosing groups: [0.000s CPU, 0.000s wall-clock]
Building translation key... [0.000s CPU, 0.000s wall-clock]
Computing fact groups: [0.000s CPU, 0.003s wall-clock]
Building STRIPS to SAS dictionary... [0.000s CPU, 0.000s wall-clock]
Building dictionary for full mutex groups... [0.000s CPU, 0.000s wall-clock]
Building mutex information...
Building mutex information: [0.000s CPU, 0.000s wall-clock]
Translating task...
Processing axioms...
Simplifying axioms... [0.000s CPU, 0.000s wall-clock]
Translator axioms removed by simplifying: 0
Processing axioms: [0.000s CPU, 0.000s wall-clock]
Translating task: [0.016s CPU, 0.002s wall-clock]
204 effect conditions simplified
0 implied preconditions added
Detecting unreachable propositions...
0 operators removed
0 axioms removed
67 propositions removed
Detecting unreachable propositions: [0.000s CPU, 0.001s wall-clock]
Reordering and filtering variables...
25 of 25 variables necessary.
22 of 25 mutex groups necessary.
132 of 132 operators necessary.
0 of 0 axiom rules necessary.
Reordering and filtering variables: [0.000s CPU, 0.001s wall-clock]
Translator variables: 25
Translator derived variables: 0
Translator facts: 110
Translator goal facts: 2
Translator mutex groups: 22
Translator total mutex groups size: 88
Translator operators: 132
Translator axioms: 0
Translator task size: 1233
warning: could not determine peak memory
Writing output... [0.000s CPU, 0.010s wall-clock]
Done! [0.016s CPU, 0.029s wall-clock]
translate exit code: 0

INFO     Running search (release).
INFO     search stdin: output.sas
INFO     search time limit: None
INFO     search memory limit: None
INFO     search command line string: 'C:\Users\user\Desktop\theoria\.worktrees\p13\engine-rig\.toolchain\downward\builds\release\bin\downward.exe' --search 'astar(cpdbs(patterns=manual_patterns([[23,24,22,1,7,11,19,6,2]])))' --internal-plan-file 'C:\Users\user\AppData\Local\Temp\e7verifyx0k4n6nf\sas_plan' < output.sas
[t=0.000136s, 1916 KB] Search code revision: 7120aa0
[t=0.000225s, 1944 KB] reading input...
[t=0.001630s, 2192 KB] done reading input!
[t=0.003008s, 2812 KB] Initializing canonical PDB heuristic...
[t=0.003021s, 2812 KB] Generating patterns using: manual pattern collection generator
[t=0.003025s, 2812 KB] Manual pattern collection: [[23, 24, 22, 1, 7, 11, 19, 6, 2]]
[t=0.003035s, 2812 KB] manual pattern collection generator number of patterns: 1
[t=0.003039s, 2812 KB] manual pattern collection generator total PDB size: 681472
[t=0.003042s, 2812 KB] manual pattern collection generator computation time: 9.6e-06s
[t=0.003049s, 2812 KB] Computing PDBs for pattern collection...
[t=0.012080s, 5800 KB] Done computing PDBs for pattern collection: 0.009046s
[t=0.012106s, 5800 KB] Computing pattern cliques for pattern collection...
[t=0.012131s, 5800 KB] Done computing pattern cliques for pattern collection: 0.000026s
[t=0.012138s, 5800 KB] Running dominance pruning...
[t=0.012143s, 5800 KB] Pruned 0 of 1 pattern cliques
[t=0.012147s, 5800 KB] Pruned 0 of 1 PDBs
[t=0.012150s, 5800 KB] Dominance pruning took 0.000010s
[t=0.012153s, 5800 KB] Canonical PDB heuristic number of patterns: 1
[t=0.012156s, 5800 KB] Canonical PDB heuristic total PDB size: 681472
[t=0.012159s, 5800 KB] Canonical PDB heuristic computation time: 0.009145s
[t=0.012196s, 5800 KB] Building successor generator... done!
[t=0.012259s, 5800 KB] peak memory difference for successor generator creation: 0 KB
[t=0.012262s, 5800 KB] time for successor generation creation: 0.000054s
[t=0.012268s, 5800 KB] Variables: 25
[t=0.012272s, 5800 KB] FactPairs: 110
[t=0.012275s, 5800 KB] Bytes per state: 8
[t=0.012285s, 5800 KB] Conducting best first search with reopening closed nodes, (real) bound = 2147483647
[t=0.012320s, 5800 KB] New best heuristic value for cpdbs: 11
[t=0.012324s, 5800 KB] g=0, 1 evaluated, 0 expanded
[t=0.012327s, 5800 KB] f = 11, 1 evaluated, 0 expanded
[t=0.012335s, 5800 KB] Initial heuristic value for cpdbs: 11
[t=0.012340s, 5800 KB] pruning method: none
[t=0.012350s, 5800 KB] New best heuristic value for cpdbs: 10
[t=0.012354s, 5800 KB] g=1, 3 evaluated, 1 expanded
[t=0.012360s, 5800 KB] New best heuristic value for cpdbs: 9
[t=0.012364s, 5800 KB] g=2, 6 evaluated, 2 expanded
[t=0.012372s, 5800 KB] New best heuristic value for cpdbs: 8
[t=0.012376s, 5800 KB] g=3, 10 evaluated, 3 expanded
[t=0.012381s, 5800 KB] New best heuristic value for cpdbs: 7
[t=0.012383s, 5800 KB] g=4, 12 evaluated, 4 expanded
[t=0.012391s, 5800 KB] New best heuristic value for cpdbs: 6
[t=0.012395s, 5800 KB] g=5, 15 evaluated, 5 expanded
[t=0.012401s, 5800 KB] New best heuristic value for cpdbs: 5
[t=0.012404s, 5800 KB] g=6, 17 evaluated, 6 expanded
[t=0.012408s, 5800 KB] New best heuristic value for cpdbs: 4
[t=0.012412s, 5800 KB] g=7, 19 evaluated, 7 expanded
[t=0.012417s, 5800 KB] f = 13, 21 evaluated, 8 expanded
[t=0.012444s, 5800 KB] f = 15, 37 evaluated, 23 expanded
[t=0.012455s, 5800 KB] f = 17, 39 evaluated, 32 expanded
[t=0.012490s, 5800 KB] f = 19, 69 evaluated, 46 expanded
[t=0.012519s, 5800 KB] f = 21, 91 evaluated, 65 expanded
[t=0.012551s, 5800 KB] f = 23, 114 evaluated, 88 expanded
[t=0.012587s, 5800 KB] f = 25, 136 evaluated, 110 expanded
[t=0.012619s, 5800 KB] f = 27, 156 evaluated, 129 expanded
[t=0.012660s, 5800 KB] f = 29, 192 evaluated, 155 expanded
[t=0.012681s, 5800 KB] New best heuristic value for cpdbs: 3
[t=0.012685s, 5800 KB] g=26, 210 evaluated, 164 expanded
[t=0.012718s, 5800 KB] f = 31, 239 evaluated, 190 expanded
[t=0.012812s, 5800 KB] f = 33, 312 evaluated, 241 expanded
[t=0.012914s, 5800 KB] f = 35, 411 evaluated, 320 expanded
[t=0.013017s, 5800 KB] f = 37, 503 evaluated, 405 expanded
[t=0.013135s, 5800 KB] f = 39, 581 evaluated, 488 expanded
[t=0.013184s, 5800 KB] f = 41, 604 evaluated, 542 expanded
[t=0.013218s, 5800 KB] f = 43, 627 evaluated, 569 expanded
[t=0.013250s, 5800 KB] f = 45, 653 evaluated, 590 expanded
[t=0.013276s, 5800 KB] f = 47, 670 evaluated, 609 expanded
[t=0.013292s, 5800 KB] f = 49, 676 evaluated, 623 expanded
[t=0.013302s, 5800 KB] f = 51, 678 evaluated, 629 expanded
[t=0.013306s, 5800 KB] Completely explored state space -- no solution!
[t=0.013309s, 5800 KB] Actual search time: 0.000967s
[t=0.013312s, 5800 KB] Expanded 630 state(s).
[t=0.013312s, 5800 KB] Reopened 0 state(s).
[t=0.013312s, 5800 KB] Evaluated 678 state(s).
[t=0.013312s, 5800 KB] Evaluations: 678
[t=0.013312s, 5800 KB] Generated 1664 state(s).
[t=0.013312s, 5800 KB] Dead ends: 48 state(s).
[t=0.013312s, 5800 KB] Expanded until last jump: 629 state(s).
[t=0.013312s, 5800 KB] Reopened until last jump: 0 state(s).
[t=0.013312s, 5800 KB] Evaluated until last jump: 678 state(s).
[t=0.013312s, 5800 KB] Generated until last jump: 1662 state(s).
[t=0.013312s, 5800 KB] Number of registered states: 678
[t=0.013312s, 5800 KB] Int hash set load factor: 678/1024 = 0.662109
[t=0.013312s, 5800 KB] Int hash set resizes: 10
[t=0.013312s, 5800 KB] Search time: 0.001028s
[t=0.013312s, 5800 KB] Total time: 0.013312s
Search stopped without finding a solution.
Remove intermediate file output.sas
search exit code: 12

Driver aborting after search

