$ D:\Miniforge3\python.exe C:/Users/user/Desktop/theoria/.worktrees/p13/engine-rig/.toolchain/downward/fast-downward.py --plan-file C:\Users\user\AppData\Local\Temp\e7verify5mv_sdls\sas_plan C:\Users\user\Desktop\theoria\.worktrees\e7-deadlock-claim\engine-rig\runs\20260728T150713Z-E7-deadlock-claim-audit\attacks\work\a5\swap\singleton\sokoban_guarded_singleton_domain.pddl C:\Users\user\Desktop\theoria\.worktrees\e7-deadlock-claim\engine-rig\runs\20260728T150713Z-E7-deadlock-claim-audit\attacks\work\a5\swap\singleton\swap-passage_guarded_singleton.pddl --search astar(cpdbs(patterns=manual_patterns([[23,24,22,20]])))

INFO     planner time limit: None
INFO     planner memory limit: None

INFO     Running translator.
INFO     translator stdin: None
INFO     translator time limit: None
INFO     translator memory limit: None
INFO     translator command line string: 'D:\Miniforge3\python.exe' -m translate 'C:\Users\user\Desktop\theoria\.worktrees\e7-deadlock-claim\engine-rig\runs\20260728T150713Z-E7-deadlock-claim-audit\attacks\work\a5\swap\singleton\sokoban_guarded_singleton_domain.pddl' 'C:\Users\user\Desktop\theoria\.worktrees\e7-deadlock-claim\engine-rig\runs\20260728T150713Z-E7-deadlock-claim-audit\attacks\work\a5\swap\singleton\swap-passage_guarded_singleton.pddl' --sas-file output.sas
Warning! SIGXCPU is not available on your platform. This means that the planner cannot be gracefully terminated when using a time limit, which, however, is probably supported on your platform anyway.
Parsing...
Parsing: [0.000s CPU, 0.002s wall-clock]
Normalizing task... [0.000s CPU, 0.000s wall-clock]
Instantiating...
Generating Datalog program... [0.000s CPU, 0.000s wall-clock]
Normalizing Datalog program...
Normalizing Datalog program: [0.000s CPU, 0.001s wall-clock]
Preparing model... [0.000s CPU, 0.000s wall-clock]
Generated 20 rules.
Computing model... [0.000s CPU, 0.005s wall-clock]
613 relevant atoms
888 auxiliary atoms
1501 final queue length
1771 total queue pushes
Completing instantiation... [0.000s CPU, 0.002s wall-clock]
Instantiating: [0.000s CPU, 0.009s wall-clock]
Computing fact groups...
Finding invariants...
7 initial candidates
Finding invariants: [0.000s CPU, 0.001s wall-clock]
Checking invariant weight... [0.000s CPU, 0.000s wall-clock]
Instantiating groups... [0.000s CPU, 0.001s wall-clock]
Collecting mutex groups... [0.000s CPU, 0.000s wall-clock]
Choosing groups...
54 uncovered facts
Choosing groups: [0.000s CPU, 0.000s wall-clock]
Building translation key... [0.000s CPU, 0.000s wall-clock]
Computing fact groups: [0.000s CPU, 0.003s wall-clock]
Building STRIPS to SAS dictionary... [0.000s CPU, 0.000s wall-clock]
Building dictionary for full mutex groups... [0.016s CPU, 0.000s wall-clock]
Building mutex information...
Building mutex information: [0.000s CPU, 0.000s wall-clock]
Translating task...
Processing axioms...
Simplifying axioms... [0.000s CPU, 0.000s wall-clock]
Translator axioms removed by simplifying: 0
Processing axioms: [0.000s CPU, 0.000s wall-clock]
Translating task: [0.000s CPU, 0.002s wall-clock]
172 effect conditions simplified
0 implied preconditions added
Detecting unreachable propositions...
0 operators removed
0 axioms removed
83 propositions removed
Detecting unreachable propositions: [0.000s CPU, 0.001s wall-clock]
Reordering and filtering variables...
25 of 25 variables necessary.
22 of 25 mutex groups necessary.
116 of 116 operators necessary.
0 of 0 axiom rules necessary.
Reordering and filtering variables: [0.000s CPU, 0.001s wall-clock]
Translator variables: 25
Translator derived variables: 0
Translator facts: 94
Translator goal facts: 2
Translator mutex groups: 22
Translator total mutex groups size: 72
Translator operators: 116
Translator axioms: 0
Translator task size: 1057
warning: could not determine peak memory
Writing output... [0.000s CPU, 0.010s wall-clock]
Done! [0.016s CPU, 0.028s wall-clock]
translate exit code: 0

INFO     Running search (release).
INFO     search stdin: output.sas
INFO     search time limit: None
INFO     search memory limit: None
INFO     search command line string: 'C:\Users\user\Desktop\theoria\.worktrees\p13\engine-rig\.toolchain\downward\builds\release\bin\downward.exe' --search 'astar(cpdbs(patterns=manual_patterns([[23,24,22,20]])))' --internal-plan-file 'C:\Users\user\AppData\Local\Temp\e7verify5mv_sdls\sas_plan' < output.sas
[t=0.000104s, 1928 KB] Search code revision: 7120aa0
[t=0.000187s, 1928 KB] reading input...
[t=0.001480s, 2192 KB] done reading input!
[t=0.002484s, 2800 KB] Initializing canonical PDB heuristic...
[t=0.002497s, 2800 KB] Generating patterns using: manual pattern collection generator
[t=0.002502s, 2800 KB] Manual pattern collection: [[23, 24, 22, 20]]
[t=0.002511s, 2800 KB] manual pattern collection generator number of patterns: 1
[t=0.002514s, 2800 KB] manual pattern collection generator total PDB size: 8624
[t=0.002516s, 2800 KB] manual pattern collection generator computation time: 1e-05s
[t=0.002523s, 2800 KB] Computing PDBs for pattern collection...
[t=0.002761s, 2896 KB] Done computing PDBs for pattern collection: 0.000241s
[t=0.002770s, 2896 KB] Computing pattern cliques for pattern collection...
[t=0.002780s, 2904 KB] Done computing pattern cliques for pattern collection: 0.000012s
[t=0.002785s, 2904 KB] Running dominance pruning...
[t=0.002792s, 2904 KB] Pruned 0 of 1 pattern cliques
[t=0.002794s, 2904 KB] Pruned 0 of 1 PDBs
[t=0.002797s, 2904 KB] Dominance pruning took 0.000008s
[t=0.002800s, 2904 KB] Canonical PDB heuristic number of patterns: 1
[t=0.002802s, 2904 KB] Canonical PDB heuristic total PDB size: 8624
[t=0.002804s, 2904 KB] Canonical PDB heuristic computation time: 0.000316s
[t=0.002830s, 2904 KB] Building successor generator... done!
[t=0.002882s, 2908 KB] peak memory difference for successor generator creation: 4 KB
[t=0.002884s, 2908 KB] time for successor generation creation: 0.000042s
[t=0.002889s, 2908 KB] Variables: 25
[t=0.002893s, 2908 KB] FactPairs: 94
[t=0.002895s, 2908 KB] Bytes per state: 8
[t=0.002905s, 2908 KB] Conducting best first search with reopening closed nodes, (real) bound = 2147483647
[t=0.002925s, 2932 KB] New best heuristic value for cpdbs: 9
[t=0.002927s, 2932 KB] g=0, 1 evaluated, 0 expanded
[t=0.002929s, 2932 KB] f = 9, 1 evaluated, 0 expanded
[t=0.002937s, 2932 KB] Initial heuristic value for cpdbs: 9
[t=0.002941s, 2932 KB] pruning method: none
[t=0.002950s, 2932 KB] New best heuristic value for cpdbs: 8
[t=0.002954s, 2932 KB] g=1, 4 evaluated, 1 expanded
[t=0.002959s, 2932 KB] New best heuristic value for cpdbs: 7
[t=0.002963s, 2932 KB] g=2, 6 evaluated, 2 expanded
[t=0.002970s, 2932 KB] New best heuristic value for cpdbs: 6
[t=0.002972s, 2932 KB] g=3, 10 evaluated, 3 expanded
[t=0.002977s, 2932 KB] f = 11, 12 evaluated, 4 expanded
[t=0.002993s, 2944 KB] New best heuristic value for cpdbs: 5
[t=0.002996s, 2944 KB] g=6, 17 evaluated, 6 expanded
[t=0.003001s, 2944 KB] New best heuristic value for cpdbs: 4
[t=0.003003s, 2944 KB] g=7, 20 evaluated, 7 expanded
[t=0.003016s, 2944 KB] f = 13, 27 evaluated, 14 expanded
[t=0.003033s, 2944 KB] f = 15, 35 evaluated, 25 expanded
[t=0.003041s, 2944 KB] f = 17, 38 evaluated, 32 expanded
[t=0.003054s, 2944 KB] f = 19, 51 evaluated, 38 expanded
[t=0.003076s, 2944 KB] f = 21, 66 evaluated, 50 expanded
[t=0.003099s, 2944 KB] f = 23, 83 evaluated, 67 expanded
[t=0.003113s, 2944 KB] f = 25, 92 evaluated, 77 expanded
[t=0.003223s, 2996 KB] f = 27, 134 evaluated, 103 expanded
[t=0.003323s, 3028 KB] f = 29, 183 evaluated, 139 expanded
[t=0.003334s, 3028 KB] New best heuristic value for cpdbs: 3
[t=0.003337s, 3028 KB] g=26, 188 evaluated, 141 expanded
[t=0.003421s, 3028 KB] f = 31, 255 evaluated, 199 expanded
[t=0.003522s, 3028 KB] f = 33, 330 evaluated, 264 expanded
[t=0.003597s, 3028 KB] f = 35, 393 evaluated, 332 expanded
[t=0.003687s, 3028 KB] f = 37, 476 evaluated, 407 expanded
[t=0.003806s, 3040 KB] f = 39, 562 evaluated, 486 expanded
[t=0.003873s, 3040 KB] f = 41, 614 evaluated, 548 expanded
[t=0.003919s, 3040 KB] f = 43, 644 evaluated, 596 expanded
[t=0.003940s, 3040 KB] f = 45, 654 evaluated, 618 expanded
[t=0.004027s, 3040 KB] f = 47, 657 evaluated, 626 expanded
[t=0.004034s, 3040 KB] f = 49, 658 evaluated, 629 expanded
[t=0.004037s, 3040 KB] Completely explored state space -- no solution!
[t=0.004039s, 3040 KB] Actual search time: 0.001097s
[t=0.004042s, 3040 KB] Expanded 630 state(s).
[t=0.004042s, 3040 KB] Reopened 0 state(s).
[t=0.004042s, 3040 KB] Evaluated 658 state(s).
[t=0.004042s, 3040 KB] Evaluations: 658
[t=0.004042s, 3040 KB] Generated 1644 state(s).
[t=0.004042s, 3040 KB] Dead ends: 28 state(s).
[t=0.004042s, 3040 KB] Expanded until last jump: 629 state(s).
[t=0.004042s, 3040 KB] Reopened until last jump: 0 state(s).
[t=0.004042s, 3040 KB] Evaluated until last jump: 658 state(s).
[t=0.004042s, 3040 KB] Generated until last jump: 1642 state(s).
[t=0.004042s, 3040 KB] Number of registered states: 658
[t=0.004042s, 3040 KB] Int hash set load factor: 658/1024 = 0.642578
[t=0.004042s, 3040 KB] Int hash set resizes: 10
[t=0.004042s, 3040 KB] Search time: 0.001139s
[t=0.004042s, 3040 KB] Total time: 0.004042s
Search stopped without finding a solution.
Remove intermediate file output.sas
search exit code: 12

Driver aborting after search

