$ D:\Miniforge3\python.exe C:/Users/user/Desktop/theoria/.worktrees/p13/engine-rig/.toolchain/downward/fast-downward.py --plan-file C:\Users\user\AppData\Local\Temp\e7verify6xnq_j94\sas_plan C:\Users\user\Desktop\theoria\.worktrees\e7-deadlock-claim\engine-rig\runs\20260728T150713Z-E7-deadlock-claim-audit\attacks\work\a5\swap\singleton\sokoban_guarded_singleton_domain.pddl C:\Users\user\Desktop\theoria\.worktrees\e7-deadlock-claim\engine-rig\runs\20260728T150713Z-E7-deadlock-claim-audit\attacks\work\a5\swap\singleton\swap-passage_guarded_singleton.pddl --search astar(cpdbs(patterns=manual_patterns([[23,24,22,19,18,17,16,20,21,10]])))

INFO     planner time limit: None
INFO     planner memory limit: None

INFO     Running translator.
INFO     translator stdin: None
INFO     translator time limit: None
INFO     translator memory limit: None
INFO     translator command line string: 'D:\Miniforge3\python.exe' -m translate 'C:\Users\user\Desktop\theoria\.worktrees\e7-deadlock-claim\engine-rig\runs\20260728T150713Z-E7-deadlock-claim-audit\attacks\work\a5\swap\singleton\sokoban_guarded_singleton_domain.pddl' 'C:\Users\user\Desktop\theoria\.worktrees\e7-deadlock-claim\engine-rig\runs\20260728T150713Z-E7-deadlock-claim-audit\attacks\work\a5\swap\singleton\swap-passage_guarded_singleton.pddl' --sas-file output.sas
Warning! SIGXCPU is not available on your platform. This means that the planner cannot be gracefully terminated when using a time limit, which, however, is probably supported on your platform anyway.
Parsing...
Parsing: [0.000s CPU, 0.002s wall-clock]
Normalizing task... [0.000s CPU, 0.000s wall-clock]
Instantiating...
Generating Datalog program... [0.000s CPU, 0.000s wall-clock]
Normalizing Datalog program...
Normalizing Datalog program: [0.000s CPU, 0.001s wall-clock]
Preparing model... [0.000s CPU, 0.000s wall-clock]
Generated 20 rules.
Computing model... [0.016s CPU, 0.005s wall-clock]
613 relevant atoms
888 auxiliary atoms
1501 final queue length
1771 total queue pushes
Completing instantiation... [0.000s CPU, 0.002s wall-clock]
Instantiating: [0.016s CPU, 0.008s wall-clock]
Computing fact groups...
Finding invariants...
7 initial candidates
Finding invariants: [0.000s CPU, 0.001s wall-clock]
Checking invariant weight... [0.000s CPU, 0.000s wall-clock]
Instantiating groups... [0.000s CPU, 0.001s wall-clock]
Collecting mutex groups... [0.000s CPU, 0.000s wall-clock]
Choosing groups...
54 uncovered facts
Choosing groups: [0.000s CPU, 0.000s wall-clock]
Building translation key... [0.000s CPU, 0.000s wall-clock]
Computing fact groups: [0.000s CPU, 0.003s wall-clock]
Building STRIPS to SAS dictionary... [0.000s CPU, 0.000s wall-clock]
Building dictionary for full mutex groups... [0.000s CPU, 0.000s wall-clock]
Building mutex information...
Building mutex information: [0.000s CPU, 0.000s wall-clock]
Translating task...
Processing axioms...
Simplifying axioms... [0.000s CPU, 0.000s wall-clock]
Translator axioms removed by simplifying: 0
Processing axioms: [0.000s CPU, 0.000s wall-clock]
Translating task: [0.000s CPU, 0.002s wall-clock]
172 effect conditions simplified
0 implied preconditions added
Detecting unreachable propositions...
0 operators removed
0 axioms removed
83 propositions removed
Detecting unreachable propositions: [0.000s CPU, 0.001s wall-clock]
Reordering and filtering variables...
25 of 25 variables necessary.
22 of 25 mutex groups necessary.
116 of 116 operators necessary.
0 of 0 axiom rules necessary.
Reordering and filtering variables: [0.000s CPU, 0.001s wall-clock]
Translator variables: 25
Translator derived variables: 0
Translator facts: 94
Translator goal facts: 2
Translator mutex groups: 22
Translator total mutex groups size: 72
Translator operators: 116
Translator axioms: 0
Translator task size: 1057
warning: could not determine peak memory
Writing output... [0.000s CPU, 0.009s wall-clock]
Done! [0.016s CPU, 0.026s wall-clock]
translate exit code: 0

INFO     Running search (release).
INFO     search stdin: output.sas
INFO     search time limit: None
INFO     search memory limit: None
INFO     search command line string: 'C:\Users\user\Desktop\theoria\.worktrees\p13\engine-rig\.toolchain\downward\builds\release\bin\downward.exe' --search 'astar(cpdbs(patterns=manual_patterns([[23,24,22,19,18,17,16,20,21,10]])))' --internal-plan-file 'C:\Users\user\AppData\Local\Temp\e7verify6xnq_j94\sas_plan' < output.sas
[t=0.000146s, 1952 KB] Search code revision: 7120aa0
[t=0.000241s, 1952 KB] reading input...
[t=0.001490s, 2212 KB] done reading input!
[t=0.002836s, 2808 KB] Initializing canonical PDB heuristic...
[t=0.002846s, 2808 KB] Generating patterns using: manual pattern collection generator
[t=0.002851s, 2808 KB] Manual pattern collection: [[23, 24, 22, 19, 18, 17, 16, 20, 21, 10]]
[t=0.002860s, 2808 KB] manual pattern collection generator number of patterns: 1
[t=0.002863s, 2808 KB] manual pattern collection generator total PDB size: 551936
[t=0.002865s, 2808 KB] manual pattern collection generator computation time: 8.8e-06s
[t=0.002871s, 2808 KB] Computing PDBs for pattern collection...
[t=0.008101s, 5152 KB] Done computing PDBs for pattern collection: 0.005239s
[t=0.008119s, 5152 KB] Computing pattern cliques for pattern collection...
[t=0.008143s, 5152 KB] Done computing pattern cliques for pattern collection: 0.000025s
[t=0.008149s, 5152 KB] Running dominance pruning...
[t=0.008153s, 5152 KB] Pruned 0 of 1 pattern cliques
[t=0.008158s, 5152 KB] Pruned 0 of 1 PDBs
[t=0.008160s, 5152 KB] Dominance pruning took 0.000010s
[t=0.008164s, 5152 KB] Canonical PDB heuristic number of patterns: 1
[t=0.008166s, 5152 KB] Canonical PDB heuristic total PDB size: 551936
[t=0.008169s, 5152 KB] Canonical PDB heuristic computation time: 0.005327s
[t=0.008196s, 5152 KB] Building successor generator... done!
[t=0.008247s, 5152 KB] peak memory difference for successor generator creation: 0 KB
[t=0.008250s, 5152 KB] time for successor generation creation: 0.000042s
[t=0.008254s, 5152 KB] Variables: 25
[t=0.008256s, 5152 KB] FactPairs: 94
[t=0.008258s, 5152 KB] Bytes per state: 8
[t=0.008269s, 5152 KB] Conducting best first search with reopening closed nodes, (real) bound = 2147483647
[t=0.008303s, 5288 KB] New best heuristic value for cpdbs: 29
[t=0.008308s, 5288 KB] g=0, 1 evaluated, 0 expanded
[t=0.008311s, 5288 KB] f = 29, 1 evaluated, 0 expanded
[t=0.008316s, 5288 KB] Initial heuristic value for cpdbs: 29
[t=0.008320s, 5288 KB] pruning method: none
[t=0.008330s, 5288 KB] New best heuristic value for cpdbs: 28
[t=0.008334s, 5288 KB] g=1, 4 evaluated, 1 expanded
[t=0.008338s, 5288 KB] New best heuristic value for cpdbs: 27
[t=0.008340s, 5288 KB] g=2, 5 evaluated, 2 expanded
[t=0.008346s, 5288 KB] New best heuristic value for cpdbs: 26
[t=0.008350s, 5288 KB] g=3, 7 evaluated, 3 expanded
[t=0.008354s, 5288 KB] New best heuristic value for cpdbs: 25
[t=0.008356s, 5288 KB] g=4, 8 evaluated, 4 expanded
[t=0.008362s, 5288 KB] New best heuristic value for cpdbs: 24
[t=0.008366s, 5288 KB] g=5, 11 evaluated, 5 expanded
[t=0.008372s, 5288 KB] New best heuristic value for cpdbs: 23
[t=0.008374s, 5288 KB] g=6, 13 evaluated, 6 expanded
[t=0.008379s, 5288 KB] New best heuristic value for cpdbs: 22
[t=0.008383s, 5288 KB] g=7, 15 evaluated, 7 expanded
[t=0.008389s, 5288 KB] New best heuristic value for cpdbs: 21
[t=0.008392s, 5288 KB] g=8, 17 evaluated, 8 expanded
[t=0.008396s, 5288 KB] New best heuristic value for cpdbs: 20
[t=0.008398s, 5288 KB] g=9, 18 evaluated, 9 expanded
[t=0.008404s, 5288 KB] New best heuristic value for cpdbs: 19
[t=0.008409s, 5288 KB] g=10, 20 evaluated, 10 expanded
[t=0.008415s, 5288 KB] New best heuristic value for cpdbs: 18
[t=0.008417s, 5288 KB] g=11, 24 evaluated, 11 expanded
[t=0.008421s, 5288 KB] New best heuristic value for cpdbs: 17
[t=0.008425s, 5288 KB] g=12, 26 evaluated, 12 expanded
[t=0.008430s, 5288 KB] New best heuristic value for cpdbs: 16
[t=0.008433s, 5288 KB] g=13, 28 evaluated, 13 expanded
[t=0.008438s, 5288 KB] New best heuristic value for cpdbs: 15
[t=0.008442s, 5288 KB] g=14, 31 evaluated, 14 expanded
[t=0.008448s, 5288 KB] New best heuristic value for cpdbs: 14
[t=0.008452s, 5288 KB] g=15, 34 evaluated, 15 expanded
[t=0.008456s, 5288 KB] New best heuristic value for cpdbs: 13
[t=0.008458s, 5288 KB] g=16, 35 evaluated, 16 expanded
[t=0.008462s, 5288 KB] New best heuristic value for cpdbs: 12
[t=0.008464s, 5288 KB] g=17, 37 evaluated, 17 expanded
[t=0.008468s, 5288 KB] New best heuristic value for cpdbs: 11
[t=0.008470s, 5288 KB] g=18, 39 evaluated, 18 expanded
[t=0.008474s, 5288 KB] New best heuristic value for cpdbs: 10
[t=0.008477s, 5288 KB] g=19, 40 evaluated, 19 expanded
[t=0.008481s, 5288 KB] New best heuristic value for cpdbs: 9
[t=0.008483s, 5288 KB] g=20, 41 evaluated, 20 expanded
[t=0.008487s, 5288 KB] New best heuristic value for cpdbs: 8
[t=0.008489s, 5288 KB] g=21, 43 evaluated, 21 expanded
[t=0.008496s, 5288 KB] f = 31, 44 evaluated, 23 expanded
[t=0.008517s, 5288 KB] f = 33, 54 evaluated, 40 expanded
[t=0.008535s, 5288 KB] f = 35, 61 evaluated, 50 expanded
[t=0.008552s, 5288 KB] f = 37, 68 evaluated, 57 expanded
[t=0.008649s, 5288 KB] f = 39, 145 evaluated, 100 expanded
[t=0.008699s, 5288 KB] f = 41, 177 evaluated, 137 expanded
[t=0.008728s, 5288 KB] f = 43, 189 evaluated, 166 expanded
[t=0.008798s, 5288 KB] f = 45, 248 evaluated, 201 expanded
[t=0.008882s, 5288 KB] f = 47, 300 evaluated, 252 expanded
[t=0.008945s, 5288 KB] f = 49, 341 evaluated, 300 expanded
[t=0.008986s, 5288 KB] f = 51, 368 evaluated, 331 expanded
[t=0.009026s, 5288 KB] f = 53, 393 evaluated, 361 expanded
[t=0.009068s, 5288 KB] f = 55, 424 evaluated, 392 expanded
[t=0.009111s, 5288 KB] f = 57, 457 evaluated, 418 expanded
[t=0.009134s, 5288 KB] f = 59, 466 evaluated, 438 expanded
[t=0.009147s, 5288 KB] f = 61, 472 evaluated, 447 expanded
[t=0.009156s, 5288 KB] f = 63, 474 evaluated, 452 expanded
[t=0.009161s, 5288 KB] Completely explored state space -- no solution!
[t=0.009163s, 5288 KB] Actual search time: 0.000841s
[t=0.009167s, 5288 KB] Expanded 454 state(s).
[t=0.009167s, 5288 KB] Reopened 0 state(s).
[t=0.009167s, 5288 KB] Evaluated 474 state(s).
[t=0.009167s, 5288 KB] Evaluations: 474
[t=0.009167s, 5288 KB] Generated 1164 state(s).
[t=0.009167s, 5288 KB] Dead ends: 20 state(s).
[t=0.009167s, 5288 KB] Expanded until last jump: 452 state(s).
[t=0.009167s, 5288 KB] Reopened until last jump: 0 state(s).
[t=0.009167s, 5288 KB] Evaluated until last jump: 474 state(s).
[t=0.009167s, 5288 KB] Generated until last jump: 1160 state(s).
[t=0.009167s, 5288 KB] Number of registered states: 474
[t=0.009167s, 5288 KB] Int hash set load factor: 474/512 = 0.925781
[t=0.009167s, 5288 KB] Int hash set resizes: 9
[t=0.009167s, 5288 KB] Search time: 0.000900s
[t=0.009167s, 5288 KB] Total time: 0.009167s
Search stopped without finding a solution.
Remove intermediate file output.sas
search exit code: 12

Driver aborting after search

