$ D:\Miniforge3\python.exe C:/Users/user/Desktop/theoria/.worktrees/p13/engine-rig/.toolchain/downward/fast-downward.py --plan-file C:\Users\user\AppData\Local\Temp\e7verifyw23vxi35\sas_plan C:\Users\user\Desktop\theoria\.worktrees\e7-deadlock-claim\engine-rig\runs\20260728T150713Z-E7-deadlock-claim-audit\attacks\work\a5\swap\singleton\sokoban_guarded_singleton_domain.pddl C:\Users\user\Desktop\theoria\.worktrees\e7-deadlock-claim\engine-rig\runs\20260728T150713Z-E7-deadlock-claim-audit\attacks\work\a5\swap\singleton\swap-passage_guarded_singleton.pddl --search astar(cpdbs(patterns=manual_patterns([[23,24,22,19,12,13,20,0,7]])))

INFO     planner time limit: None
INFO     planner memory limit: None

INFO     Running translator.
INFO     translator stdin: None
INFO     translator time limit: None
INFO     translator memory limit: None
INFO     translator command line string: 'D:\Miniforge3\python.exe' -m translate 'C:\Users\user\Desktop\theoria\.worktrees\e7-deadlock-claim\engine-rig\runs\20260728T150713Z-E7-deadlock-claim-audit\attacks\work\a5\swap\singleton\sokoban_guarded_singleton_domain.pddl' 'C:\Users\user\Desktop\theoria\.worktrees\e7-deadlock-claim\engine-rig\runs\20260728T150713Z-E7-deadlock-claim-audit\attacks\work\a5\swap\singleton\swap-passage_guarded_singleton.pddl' --sas-file output.sas
Warning! SIGXCPU is not available on your platform. This means that the planner cannot be gracefully terminated when using a time limit, which, however, is probably supported on your platform anyway.
Parsing...
Parsing: [0.000s CPU, 0.002s wall-clock]
Normalizing task... [0.000s CPU, 0.000s wall-clock]
Instantiating...
Generating Datalog program... [0.000s CPU, 0.000s wall-clock]
Normalizing Datalog program...
Normalizing Datalog program: [0.000s CPU, 0.001s wall-clock]
Preparing model... [0.000s CPU, 0.000s wall-clock]
Generated 20 rules.
Computing model... [0.000s CPU, 0.005s wall-clock]
613 relevant atoms
888 auxiliary atoms
1501 final queue length
1771 total queue pushes
Completing instantiation... [0.000s CPU, 0.002s wall-clock]
Instantiating: [0.000s CPU, 0.009s wall-clock]
Computing fact groups...
Finding invariants...
7 initial candidates
Finding invariants: [0.000s CPU, 0.001s wall-clock]
Checking invariant weight... [0.000s CPU, 0.000s wall-clock]
Instantiating groups... [0.000s CPU, 0.001s wall-clock]
Collecting mutex groups... [0.000s CPU, 0.000s wall-clock]
Choosing groups...
54 uncovered facts
Choosing groups: [0.000s CPU, 0.000s wall-clock]
Building translation key... [0.000s CPU, 0.000s wall-clock]
Computing fact groups: [0.000s CPU, 0.003s wall-clock]
Building STRIPS to SAS dictionary... [0.000s CPU, 0.000s wall-clock]
Building dictionary for full mutex groups... [0.000s CPU, 0.000s wall-clock]
Building mutex information...
Building mutex information: [0.000s CPU, 0.000s wall-clock]
Translating task...
Processing axioms...
Simplifying axioms... [0.000s CPU, 0.000s wall-clock]
Translator axioms removed by simplifying: 0
Processing axioms: [0.000s CPU, 0.000s wall-clock]
Translating task: [0.016s CPU, 0.002s wall-clock]
172 effect conditions simplified
0 implied preconditions added
Detecting unreachable propositions...
0 operators removed
0 axioms removed
83 propositions removed
Detecting unreachable propositions: [0.000s CPU, 0.001s wall-clock]
Reordering and filtering variables...
25 of 25 variables necessary.
22 of 25 mutex groups necessary.
116 of 116 operators necessary.
0 of 0 axiom rules necessary.
Reordering and filtering variables: [0.000s CPU, 0.001s wall-clock]
Translator variables: 25
Translator derived variables: 0
Translator facts: 94
Translator goal facts: 2
Translator mutex groups: 22
Translator total mutex groups size: 72
Translator operators: 116
Translator axioms: 0
Translator task size: 1057
warning: could not determine peak memory
Writing output... [0.000s CPU, 0.010s wall-clock]
Done! [0.016s CPU, 0.028s wall-clock]
translate exit code: 0

INFO     Running search (release).
INFO     search stdin: output.sas
INFO     search time limit: None
INFO     search memory limit: None
INFO     search command line string: 'C:\Users\user\Desktop\theoria\.worktrees\p13\engine-rig\.toolchain\downward\builds\release\bin\downward.exe' --search 'astar(cpdbs(patterns=manual_patterns([[23,24,22,19,12,13,20,0,7]])))' --internal-plan-file 'C:\Users\user\AppData\Local\Temp\e7verifyw23vxi35\sas_plan' < output.sas
[t=0.000155s, 1920 KB] Search code revision: 7120aa0
[t=0.000244s, 1948 KB] reading input...
[t=0.001484s, 2176 KB] done reading input!
[t=0.002850s, 2804 KB] Initializing canonical PDB heuristic...
[t=0.002860s, 2804 KB] Generating patterns using: manual pattern collection generator
[t=0.002865s, 2804 KB] Manual pattern collection: [[23, 24, 22, 19, 12, 13, 20, 0, 7]]
[t=0.002877s, 2804 KB] manual pattern collection generator number of patterns: 1
[t=0.002882s, 2804 KB] manual pattern collection generator total PDB size: 275968
[t=0.002885s, 2804 KB] manual pattern collection generator computation time: 1.15e-05s
[t=0.002894s, 2804 KB] Computing PDBs for pattern collection...
[t=0.007768s, 4100 KB] Done computing PDBs for pattern collection: 0.004878s
[t=0.007779s, 4100 KB] Computing pattern cliques for pattern collection...
[t=0.007797s, 4100 KB] Done computing pattern cliques for pattern collection: 0.000019s
[t=0.007805s, 4100 KB] Running dominance pruning...
[t=0.007811s, 4100 KB] Pruned 0 of 1 pattern cliques
[t=0.007814s, 4100 KB] Pruned 0 of 1 PDBs
[t=0.007817s, 4100 KB] Dominance pruning took 0.000009s
[t=0.007821s, 4100 KB] Canonical PDB heuristic number of patterns: 1
[t=0.007824s, 4100 KB] Canonical PDB heuristic total PDB size: 275968
[t=0.007826s, 4100 KB] Canonical PDB heuristic computation time: 0.004972s
[t=0.007855s, 4100 KB] Building successor generator... done!
[t=0.007912s, 4100 KB] peak memory difference for successor generator creation: 0 KB
[t=0.007915s, 4100 KB] time for successor generation creation: 0.000046s
[t=0.007920s, 4100 KB] Variables: 25
[t=0.007923s, 4100 KB] FactPairs: 94
[t=0.007926s, 4100 KB] Bytes per state: 8
[t=0.007937s, 4100 KB] Conducting best first search with reopening closed nodes, (real) bound = 2147483647
[t=0.007954s, 4100 KB] New best heuristic value for cpdbs: 11
[t=0.007957s, 4100 KB] g=0, 1 evaluated, 0 expanded
[t=0.007959s, 4100 KB] f = 11, 1 evaluated, 0 expanded
[t=0.007966s, 4100 KB] Initial heuristic value for cpdbs: 11
[t=0.007970s, 4100 KB] pruning method: none
[t=0.007979s, 4100 KB] New best heuristic value for cpdbs: 10
[t=0.007983s, 4100 KB] g=1, 4 evaluated, 1 expanded
[t=0.007988s, 4100 KB] New best heuristic value for cpdbs: 9
[t=0.007991s, 4100 KB] g=2, 6 evaluated, 2 expanded
[t=0.007997s, 4100 KB] New best heuristic value for cpdbs: 8
[t=0.008000s, 4100 KB] g=3, 10 evaluated, 3 expanded
[t=0.008005s, 4100 KB] New best heuristic value for cpdbs: 7
[t=0.008007s, 4100 KB] g=4, 12 evaluated, 4 expanded
[t=0.008015s, 4100 KB] New best heuristic value for cpdbs: 6
[t=0.008017s, 4100 KB] g=5, 14 evaluated, 5 expanded
[t=0.008024s, 4100 KB] New best heuristic value for cpdbs: 5
[t=0.008028s, 4100 KB] g=6, 17 evaluated, 6 expanded
[t=0.008033s, 4100 KB] New best heuristic value for cpdbs: 4
[t=0.008035s, 4100 KB] g=7, 20 evaluated, 7 expanded
[t=0.008039s, 4100 KB] f = 13, 21 evaluated, 8 expanded
[t=0.008055s, 4100 KB] f = 15, 29 evaluated, 19 expanded
[t=0.008072s, 4100 KB] f = 17, 37 evaluated, 29 expanded
[t=0.008090s, 4100 KB] f = 19, 51 evaluated, 37 expanded
[t=0.008106s, 4100 KB] f = 21, 61 evaluated, 47 expanded
[t=0.008127s, 4100 KB] f = 23, 73 evaluated, 59 expanded
[t=0.008148s, 4100 KB] f = 25, 88 evaluated, 72 expanded
[t=0.008178s, 4100 KB] f = 27, 113 evaluated, 92 expanded
[t=0.008211s, 4100 KB] f = 29, 132 evaluated, 112 expanded
[t=0.008239s, 4100 KB] New best heuristic value for cpdbs: 3
[t=0.008243s, 4100 KB] g=26, 155 evaluated, 127 expanded
[t=0.008289s, 4100 KB] f = 31, 194 evaluated, 152 expanded
[t=0.008356s, 4100 KB] f = 33, 254 evaluated, 201 expanded
[t=0.008445s, 4100 KB] f = 35, 320 evaluated, 262 expanded
[t=0.008550s, 4100 KB] f = 37, 422 evaluated, 344 expanded
[t=0.008689s, 4100 KB] f = 39, 524 evaluated, 443 expanded
[t=0.008755s, 4100 KB] f = 41, 567 evaluated, 508 expanded
[t=0.008800s, 4100 KB] f = 43, 597 evaluated, 551 expanded
[t=0.008839s, 4100 KB] f = 45, 627 evaluated, 583 expanded
[t=0.008862s, 4100 KB] f = 47, 642 evaluated, 602 expanded
[t=0.008886s, 4100 KB] f = 49, 654 evaluated, 617 expanded
[t=0.008898s, 4100 KB] f = 51, 658 evaluated, 627 expanded
[t=0.008904s, 4100 KB] Completely explored state space -- no solution!
[t=0.008906s, 4100 KB] Actual search time: 0.000935s
[t=0.008910s, 4100 KB] Expanded 630 state(s).
[t=0.008910s, 4100 KB] Reopened 0 state(s).
[t=0.008910s, 4100 KB] Evaluated 658 state(s).
[t=0.008910s, 4100 KB] Evaluations: 658
[t=0.008910s, 4100 KB] Generated 1644 state(s).
[t=0.008910s, 4100 KB] Dead ends: 28 state(s).
[t=0.008910s, 4100 KB] Expanded until last jump: 627 state(s).
[t=0.008910s, 4100 KB] Reopened until last jump: 0 state(s).
[t=0.008910s, 4100 KB] Evaluated until last jump: 658 state(s).
[t=0.008910s, 4100 KB] Generated until last jump: 1638 state(s).
[t=0.008910s, 4100 KB] Number of registered states: 658
[t=0.008910s, 4100 KB] Int hash set load factor: 658/1024 = 0.642578
[t=0.008910s, 4100 KB] Int hash set resizes: 10
[t=0.008910s, 4100 KB] Search time: 0.000974s
[t=0.008910s, 4100 KB] Total time: 0.008910s
Search stopped without finding a solution.
Remove intermediate file output.sas
search exit code: 12

Driver aborting after search

