$ D:\Miniforge3\python.exe C:/Users/user/Desktop/theoria/.worktrees/p13/engine-rig/.toolchain/downward/fast-downward.py --plan-file C:\Users\user\AppData\Local\Temp\e7verify7solm220\sas_plan C:\Users\user\Desktop\theoria\.worktrees\e7-deadlock-claim\engine-rig\fixtures\data\sokoban_domain.pddl C:\Users\user\Desktop\theoria\.worktrees\e7-deadlock-claim\engine-rig\runs\20260728T150713Z-E7-deadlock-claim-audit\attacks\work\a5\swap\swap-passage.pddl --search astar(cpdbs(patterns=manual_patterns([[23,24,22,4,19,11,7,13,3,6,8]])))

INFO     planner time limit: None
INFO     planner memory limit: None

INFO     Running translator.
INFO     translator stdin: None
INFO     translator time limit: None
INFO     translator memory limit: None
INFO     translator command line string: 'D:\Miniforge3\python.exe' -m translate 'C:\Users\user\Desktop\theoria\.worktrees\e7-deadlock-claim\engine-rig\fixtures\data\sokoban_domain.pddl' 'C:\Users\user\Desktop\theoria\.worktrees\e7-deadlock-claim\engine-rig\runs\20260728T150713Z-E7-deadlock-claim-audit\attacks\work\a5\swap\swap-passage.pddl' --sas-file output.sas
Warning! SIGXCPU is not available on your platform. This means that the planner cannot be gracefully terminated when using a time limit, which, however, is probably supported on your platform anyway.
Parsing...
Parsing: [0.000s CPU, 0.049s wall-clock]
Normalizing task... [0.000s CPU, 0.000s wall-clock]
Instantiating...
Generating Datalog program... [0.000s CPU, 0.000s wall-clock]
Normalizing Datalog program...
Normalizing Datalog program: [0.000s CPU, 0.001s wall-clock]
Preparing model... [0.000s CPU, 0.000s wall-clock]
Generated 20 rules.
Computing model... [0.016s CPU, 0.005s wall-clock]
597 relevant atoms
888 auxiliary atoms
1485 final queue length
1755 total queue pushes
Completing instantiation... [0.000s CPU, 0.002s wall-clock]
Instantiating: [0.016s CPU, 0.009s wall-clock]
Computing fact groups...
Finding invariants...
7 initial candidates
Finding invariants: [0.000s CPU, 0.001s wall-clock]
Checking invariant weight... [0.000s CPU, 0.000s wall-clock]
Instantiating groups... [0.000s CPU, 0.001s wall-clock]
Collecting mutex groups... [0.000s CPU, 0.000s wall-clock]
Choosing groups...
54 uncovered facts
Choosing groups: [0.000s CPU, 0.000s wall-clock]
Building translation key... [0.000s CPU, 0.000s wall-clock]
Computing fact groups: [0.000s CPU, 0.003s wall-clock]
Building STRIPS to SAS dictionary... [0.000s CPU, 0.000s wall-clock]
Building dictionary for full mutex groups... [0.000s CPU, 0.000s wall-clock]
Building mutex information...
Building mutex information: [0.000s CPU, 0.000s wall-clock]
Translating task...
Processing axioms...
Simplifying axioms... [0.000s CPU, 0.000s wall-clock]
Translator axioms removed by simplifying: 0
Processing axioms: [0.000s CPU, 0.000s wall-clock]
Translating task: [0.000s CPU, 0.002s wall-clock]
204 effect conditions simplified
0 implied preconditions added
Detecting unreachable propositions...
0 operators removed
0 axioms removed
67 propositions removed
Detecting unreachable propositions: [0.000s CPU, 0.001s wall-clock]
Reordering and filtering variables...
25 of 25 variables necessary.
22 of 25 mutex groups necessary.
132 of 132 operators necessary.
0 of 0 axiom rules necessary.
Reordering and filtering variables: [0.000s CPU, 0.001s wall-clock]
Translator variables: 25
Translator derived variables: 0
Translator facts: 110
Translator goal facts: 2
Translator mutex groups: 22
Translator total mutex groups size: 88
Translator operators: 132
Translator axioms: 0
Translator task size: 1233
warning: could not determine peak memory
Writing output... [0.000s CPU, 0.010s wall-clock]
Done! [0.016s CPU, 0.074s wall-clock]
translate exit code: 0

INFO     Running search (release).
INFO     search stdin: output.sas
INFO     search time limit: None
INFO     search memory limit: None
INFO     search command line string: 'C:\Users\user\Desktop\theoria\.worktrees\p13\engine-rig\.toolchain\downward\builds\release\bin\downward.exe' --search 'astar(cpdbs(patterns=manual_patterns([[23,24,22,4,19,11,7,13,3,6,8]])))' --internal-plan-file 'C:\Users\user\AppData\Local\Temp\e7verify7solm220\sas_plan' < output.sas
[t=0.000454s, 2324 KB] Search code revision: 7120aa0
[t=0.000510s, 2324 KB] reading input...
[t=0.001934s, 2396 KB] done reading input!
[t=0.005458s, 2784 KB] Initializing canonical PDB heuristic...
[t=0.005470s, 2784 KB] Generating patterns using: manual pattern collection generator
[t=0.005474s, 2784 KB] Manual pattern collection: [[23, 24, 22, 4, 19, 11, 7, 13, 3, 6, 8]]
[t=0.005483s, 2784 KB] manual pattern collection generator number of patterns: 1
[t=0.005486s, 2784 KB] manual pattern collection generator total PDB size: 2725888
[t=0.005490s, 2784 KB] manual pattern collection generator computation time: 8.9e-06s
[t=0.005496s, 2784 KB] Computing PDBs for pattern collection...
[t=0.040759s, 14388 KB] Done computing PDBs for pattern collection: 0.035273s
[t=0.040781s, 14388 KB] Computing pattern cliques for pattern collection...
[t=0.040803s, 14388 KB] Done computing pattern cliques for pattern collection: 0.000024s
[t=0.040809s, 14388 KB] Running dominance pruning...
[t=0.040816s, 14388 KB] Pruned 0 of 1 pattern cliques
[t=0.040819s, 14388 KB] Pruned 0 of 1 PDBs
[t=0.040821s, 14388 KB] Dominance pruning took 0.000009s
[t=0.040826s, 14388 KB] Canonical PDB heuristic number of patterns: 1
[t=0.040828s, 14388 KB] Canonical PDB heuristic total PDB size: 2725888
[t=0.040830s, 14388 KB] Canonical PDB heuristic computation time: 0.035368s
[t=0.041115s, 14388 KB] Building successor generator... done!
[t=0.041174s, 14388 KB] peak memory difference for successor generator creation: 0 KB
[t=0.041176s, 14388 KB] time for successor generation creation: 0.000049s
[t=0.041181s, 14388 KB] Variables: 25
[t=0.041184s, 14388 KB] FactPairs: 110
[t=0.041187s, 14388 KB] Bytes per state: 8
[t=0.041308s, 14388 KB] Conducting best first search with reopening closed nodes, (real) bound = 2147483647
[t=0.041339s, 14388 KB] New best heuristic value for cpdbs: 11
[t=0.041343s, 14388 KB] g=0, 1 evaluated, 0 expanded
[t=0.041346s, 14388 KB] f = 11, 1 evaluated, 0 expanded
[t=0.041352s, 14388 KB] Initial heuristic value for cpdbs: 11
[t=0.041356s, 14388 KB] pruning method: none
[t=0.041366s, 14388 KB] New best heuristic value for cpdbs: 10
[t=0.041369s, 14388 KB] g=1, 3 evaluated, 1 expanded
[t=0.041376s, 14388 KB] New best heuristic value for cpdbs: 9
[t=0.041379s, 14388 KB] g=2, 6 evaluated, 2 expanded
[t=0.041387s, 14388 KB] New best heuristic value for cpdbs: 8
[t=0.041390s, 14388 KB] g=3, 10 evaluated, 3 expanded
[t=0.041395s, 14388 KB] New best heuristic value for cpdbs: 7
[t=0.041397s, 14388 KB] g=4, 12 evaluated, 4 expanded
[t=0.041403s, 14388 KB] New best heuristic value for cpdbs: 6
[t=0.041405s, 14388 KB] g=5, 15 evaluated, 5 expanded
[t=0.041414s, 14388 KB] New best heuristic value for cpdbs: 5
[t=0.041417s, 14388 KB] g=6, 17 evaluated, 6 expanded
[t=0.041421s, 14388 KB] New best heuristic value for cpdbs: 4
[t=0.041424s, 14388 KB] g=7, 19 evaluated, 7 expanded
[t=0.041430s, 14388 KB] f = 13, 21 evaluated, 8 expanded
[t=0.041506s, 14388 KB] f = 15, 37 evaluated, 23 expanded
[t=0.041521s, 14388 KB] f = 17, 39 evaluated, 32 expanded
[t=0.041561s, 14388 KB] f = 19, 69 evaluated, 46 expanded
[t=0.041594s, 14388 KB] f = 21, 91 evaluated, 65 expanded
[t=0.041629s, 14388 KB] f = 23, 114 evaluated, 88 expanded
[t=0.041670s, 14388 KB] f = 25, 136 evaluated, 110 expanded
[t=0.041701s, 14388 KB] f = 27, 156 evaluated, 129 expanded
[t=0.041748s, 14388 KB] f = 29, 192 evaluated, 155 expanded
[t=0.041772s, 14388 KB] New best heuristic value for cpdbs: 3
[t=0.041775s, 14388 KB] g=26, 210 evaluated, 164 expanded
[t=0.041807s, 14388 KB] f = 31, 231 evaluated, 187 expanded
[t=0.041910s, 14388 KB] f = 33, 303 evaluated, 235 expanded
[t=0.042011s, 14388 KB] f = 35, 382 evaluated, 303 expanded
[t=0.042128s, 14388 KB] f = 37, 476 evaluated, 381 expanded
[t=0.042267s, 14388 KB] f = 39, 557 evaluated, 462 expanded
[t=0.042336s, 14388 KB] f = 41, 597 evaluated, 524 expanded
[t=0.042381s, 14388 KB] f = 43, 621 evaluated, 562 expanded
[t=0.042415s, 14388 KB] f = 45, 645 evaluated, 583 expanded
[t=0.042443s, 14388 KB] f = 47, 662 evaluated, 601 expanded
[t=0.042463s, 14388 KB] f = 49, 672 evaluated, 616 expanded
[t=0.042476s, 14388 KB] f = 51, 677 evaluated, 625 expanded
[t=0.042483s, 14388 KB] f = 53, 678 evaluated, 629 expanded
[t=0.042485s, 14388 KB] Completely explored state space -- no solution!
[t=0.042488s, 14388 KB] Actual search time: 0.001131s
[t=0.042491s, 14388 KB] Expanded 630 state(s).
[t=0.042491s, 14388 KB] Reopened 0 state(s).
[t=0.042491s, 14388 KB] Evaluated 678 state(s).
[t=0.042491s, 14388 KB] Evaluations: 678
[t=0.042491s, 14388 KB] Generated 1664 state(s).
[t=0.042491s, 14388 KB] Dead ends: 48 state(s).
[t=0.042491s, 14388 KB] Expanded until last jump: 629 state(s).
[t=0.042491s, 14388 KB] Reopened until last jump: 0 state(s).
[t=0.042491s, 14388 KB] Evaluated until last jump: 678 state(s).
[t=0.042491s, 14388 KB] Generated until last jump: 1662 state(s).
[t=0.042491s, 14388 KB] Number of registered states: 678
[t=0.042491s, 14388 KB] Int hash set load factor: 678/1024 = 0.662109
[t=0.042491s, 14388 KB] Int hash set resizes: 10
[t=0.042491s, 14388 KB] Search time: 0.001185s
[t=0.042491s, 14388 KB] Total time: 0.042491s
Search stopped without finding a solution.
Remove intermediate file output.sas
search exit code: 12

Driver aborting after search

