$ D:\Miniforge3\python.exe C:/Users/user/Desktop/theoria/.worktrees/p13/engine-rig/.toolchain/downward/fast-downward.py --plan-file C:\Users\user\AppData\Local\Temp\e7verifyz8_crm4l\sas_plan C:\Users\user\Desktop\theoria\.worktrees\e7-deadlock-claim\engine-rig\fixtures\data\sokoban_domain.pddl C:\Users\user\Desktop\theoria\.worktrees\e7-deadlock-claim\engine-rig\runs\20260728T150713Z-E7-deadlock-claim-audit\attacks\work\a5\swap\swap-passage.pddl --search astar(cpdbs(patterns=manual_patterns([[23,24,22,8,21,9,0,19,18,12,10]])))

INFO     planner time limit: None
INFO     planner memory limit: None

INFO     Running translator.
INFO     translator stdin: None
INFO     translator time limit: None
INFO     translator memory limit: None
INFO     translator command line string: 'D:\Miniforge3\python.exe' -m translate 'C:\Users\user\Desktop\theoria\.worktrees\e7-deadlock-claim\engine-rig\fixtures\data\sokoban_domain.pddl' 'C:\Users\user\Desktop\theoria\.worktrees\e7-deadlock-claim\engine-rig\runs\20260728T150713Z-E7-deadlock-claim-audit\attacks\work\a5\swap\swap-passage.pddl' --sas-file output.sas
Warning! SIGXCPU is not available on your platform. This means that the planner cannot be gracefully terminated when using a time limit, which, however, is probably supported on your platform anyway.
Parsing...
Parsing: [0.000s CPU, 0.002s wall-clock]
Normalizing task... [0.000s CPU, 0.000s wall-clock]
Instantiating...
Generating Datalog program... [0.016s CPU, 0.000s wall-clock]
Normalizing Datalog program...
Normalizing Datalog program: [0.000s CPU, 0.031s wall-clock]
Preparing model... [0.000s CPU, 0.000s wall-clock]
Generated 20 rules.
Computing model... [0.016s CPU, 0.005s wall-clock]
597 relevant atoms
888 auxiliary atoms
1485 final queue length
1755 total queue pushes
Completing instantiation... [0.000s CPU, 0.002s wall-clock]
Instantiating: [0.031s CPU, 0.039s wall-clock]
Computing fact groups...
Finding invariants...
7 initial candidates
Finding invariants: [0.000s CPU, 0.001s wall-clock]
Checking invariant weight... [0.000s CPU, 0.000s wall-clock]
Instantiating groups... [0.000s CPU, 0.001s wall-clock]
Collecting mutex groups... [0.000s CPU, 0.000s wall-clock]
Choosing groups...
54 uncovered facts
Choosing groups: [0.000s CPU, 0.000s wall-clock]
Building translation key... [0.000s CPU, 0.000s wall-clock]
Computing fact groups: [0.000s CPU, 0.003s wall-clock]
Building STRIPS to SAS dictionary... [0.000s CPU, 0.000s wall-clock]
Building dictionary for full mutex groups... [0.000s CPU, 0.000s wall-clock]
Building mutex information...
Building mutex information: [0.000s CPU, 0.000s wall-clock]
Translating task...
Processing axioms...
Simplifying axioms... [0.000s CPU, 0.000s wall-clock]
Translator axioms removed by simplifying: 0
Processing axioms: [0.000s CPU, 0.000s wall-clock]
Translating task: [0.000s CPU, 0.002s wall-clock]
204 effect conditions simplified
0 implied preconditions added
Detecting unreachable propositions...
0 operators removed
0 axioms removed
67 propositions removed
Detecting unreachable propositions: [0.000s CPU, 0.001s wall-clock]
Reordering and filtering variables...
25 of 25 variables necessary.
22 of 25 mutex groups necessary.
132 of 132 operators necessary.
0 of 0 axiom rules necessary.
Reordering and filtering variables: [0.000s CPU, 0.001s wall-clock]
Translator variables: 25
Translator derived variables: 0
Translator facts: 110
Translator goal facts: 2
Translator mutex groups: 22
Translator total mutex groups size: 88
Translator operators: 132
Translator axioms: 0
Translator task size: 1233
warning: could not determine peak memory
Writing output... [0.016s CPU, 0.010s wall-clock]
Done! [0.047s CPU, 0.058s wall-clock]
translate exit code: 0

INFO     Running search (release).
INFO     search stdin: output.sas
INFO     search time limit: None
INFO     search memory limit: None
INFO     search command line string: 'C:\Users\user\Desktop\theoria\.worktrees\p13\engine-rig\.toolchain\downward\builds\release\bin\downward.exe' --search 'astar(cpdbs(patterns=manual_patterns([[23,24,22,8,21,9,0,19,18,12,10]])))' --internal-plan-file 'C:\Users\user\AppData\Local\Temp\e7verifyz8_crm4l\sas_plan' < output.sas
[t=0.030569s, 2324 KB] Search code revision: 7120aa0
[t=0.030716s, 2324 KB] reading input...
[t=0.048125s, 2404 KB] done reading input!
[t=0.051296s, 2784 KB] Initializing canonical PDB heuristic...
[t=0.051306s, 2784 KB] Generating patterns using: manual pattern collection generator
[t=0.051311s, 2784 KB] Manual pattern collection: [[23, 24, 22, 8, 21, 9, 0, 19, 18, 12, 10]]
[t=0.051322s, 2784 KB] manual pattern collection generator number of patterns: 1
[t=0.051325s, 2784 KB] manual pattern collection generator total PDB size: 2725888
[t=0.051327s, 2784 KB] manual pattern collection generator computation time: 1e-05s
[t=0.051335s, 2784 KB] Computing PDBs for pattern collection...
[t=0.076036s, 13936 KB] Done computing PDBs for pattern collection: 0.024711s
[t=0.076056s, 13936 KB] Computing pattern cliques for pattern collection...
[t=0.076078s, 13936 KB] Done computing pattern cliques for pattern collection: 0.000023s
[t=0.076083s, 13936 KB] Running dominance pruning...
[t=0.076088s, 13936 KB] Pruned 0 of 1 pattern cliques
[t=0.076093s, 13936 KB] Pruned 0 of 1 PDBs
[t=0.076095s, 13936 KB] Dominance pruning took 0.000010s
[t=0.076099s, 13936 KB] Canonical PDB heuristic number of patterns: 1
[t=0.076102s, 13936 KB] Canonical PDB heuristic total PDB size: 2725888
[t=0.076104s, 13936 KB] Canonical PDB heuristic computation time: 0.024804s
[t=0.076279s, 13936 KB] Building successor generator... done!
[t=0.141130s, 13936 KB] peak memory difference for successor generator creation: 0 KB
[t=0.141149s, 13936 KB] time for successor generation creation: 0.064828s
[t=0.141156s, 13936 KB] Variables: 25
[t=0.141158s, 13936 KB] FactPairs: 110
[t=0.141161s, 13936 KB] Bytes per state: 8
[t=0.141319s, 13936 KB] Conducting best first search with reopening closed nodes, (real) bound = 2147483647
[t=0.141364s, 13936 KB] New best heuristic value for cpdbs: 13
[t=0.141369s, 13936 KB] g=0, 1 evaluated, 0 expanded
[t=0.141372s, 13936 KB] f = 13, 1 evaluated, 0 expanded
[t=0.141379s, 13936 KB] Initial heuristic value for cpdbs: 13
[t=0.141382s, 13936 KB] pruning method: none
[t=0.141397s, 13936 KB] New best heuristic value for cpdbs: 12
[t=0.141400s, 13936 KB] g=1, 3 evaluated, 1 expanded
[t=0.141409s, 13936 KB] New best heuristic value for cpdbs: 11
[t=0.141413s, 13936 KB] g=2, 6 evaluated, 2 expanded
[t=0.141422s, 13936 KB] f = 15, 10 evaluated, 3 expanded
[t=0.141442s, 13936 KB] f = 17, 17 evaluated, 9 expanded
[t=0.141572s, 13936 KB] New best heuristic value for cpdbs: 10
[t=0.141581s, 13936 KB] g=7, 28 evaluated, 16 expanded
[t=0.141596s, 13936 KB] New best heuristic value for cpdbs: 9
[t=0.141598s, 13936 KB] g=8, 31 evaluated, 17 expanded
[t=0.141604s, 13936 KB] New best heuristic value for cpdbs: 8
[t=0.141606s, 13936 KB] g=9, 32 evaluated, 18 expanded
[t=0.141614s, 13936 KB] New best heuristic value for cpdbs: 7
[t=0.141618s, 13936 KB] g=10, 34 evaluated, 19 expanded
[t=0.141626s, 13936 KB] New best heuristic value for cpdbs: 6
[t=0.141629s, 13936 KB] g=11, 38 evaluated, 20 expanded
[t=0.141642s, 13936 KB] f = 19, 43 evaluated, 24 expanded
[t=0.141669s, 13936 KB] f = 21, 55 evaluated, 38 expanded
[t=0.141715s, 13936 KB] f = 23, 82 evaluated, 57 expanded
[t=0.141751s, 13936 KB] f = 25, 100 evaluated, 76 expanded
[t=0.141791s, 13936 KB] f = 27, 121 evaluated, 96 expanded
[t=0.141824s, 13936 KB] f = 29, 134 evaluated, 111 expanded
[t=0.141872s, 13936 KB] f = 31, 166 evaluated, 131 expanded
[t=0.141946s, 13936 KB] f = 33, 210 evaluated, 161 expanded
[t=0.142021s, 13936 KB] f = 35, 256 evaluated, 206 expanded
[t=0.142070s, 13936 KB] New best heuristic value for cpdbs: 5
[t=0.142073s, 13936 KB] g=30, 282 evaluated, 225 expanded
[t=0.142083s, 13936 KB] New best heuristic value for cpdbs: 4
[t=0.142085s, 13936 KB] g=31, 286 evaluated, 226 expanded
[t=0.142169s, 13936 KB] f = 37, 353 evaluated, 269 expanded
[t=0.142178s, 13936 KB] New best heuristic value for cpdbs: 3
[t=0.142180s, 13936 KB] g=34, 358 evaluated, 271 expanded
[t=0.142275s, 13936 KB] f = 39, 422 evaluated, 342 expanded
[t=0.142351s, 13936 KB] f = 41, 469 evaluated, 400 expanded
[t=0.142406s, 13936 KB] f = 43, 505 evaluated, 440 expanded
[t=0.142504s, 13936 KB] f = 45, 559 evaluated, 486 expanded
[t=0.142548s, 13936 KB] f = 47, 584 evaluated, 522 expanded
[t=0.142572s, 13936 KB] f = 49, 595 evaluated, 542 expanded
[t=0.142589s, 13936 KB] f = 51, 603 evaluated, 553 expanded
[t=0.142600s, 13936 KB] f = 53, 608 evaluated, 562 expanded
[t=0.142625s, 13936 KB] f = 55, 627 evaluated, 570 expanded
[t=0.142639s, 13936 KB] f = 57, 631 evaluated, 580 expanded
[t=0.142645s, 13936 KB] Completely explored state space -- no solution!
[t=0.142647s, 13936 KB] Actual search time: 0.001263s
[t=0.142650s, 13936 KB] Expanded 584 state(s).
[t=0.142650s, 13936 KB] Reopened 0 state(s).
[t=0.142650s, 13936 KB] Evaluated 631 state(s).
[t=0.142650s, 13936 KB] Evaluations: 631
[t=0.142650s, 13936 KB] Generated 1540 state(s).
[t=0.142650s, 13936 KB] Dead ends: 47 state(s).
[t=0.142650s, 13936 KB] Expanded until last jump: 580 state(s).
[t=0.142650s, 13936 KB] Reopened until last jump: 0 state(s).
[t=0.142650s, 13936 KB] Evaluated until last jump: 631 state(s).
[t=0.142650s, 13936 KB] Generated until last jump: 1532 state(s).
[t=0.142650s, 13936 KB] Number of registered states: 631
[t=0.142650s, 13936 KB] Int hash set load factor: 631/1024 = 0.616211
[t=0.142650s, 13936 KB] Int hash set resizes: 10
[t=0.142650s, 13936 KB] Search time: 0.001334s
[t=0.142650s, 13936 KB] Total time: 0.142650s
Search stopped without finding a solution.
Remove intermediate file output.sas
search exit code: 12

Driver aborting after search

