$ D:\Miniforge3\python.exe C:/Users/user/Desktop/theoria/.worktrees/p13/engine-rig/.toolchain/downward/fast-downward.py --plan-file C:\Users\user\AppData\Local\Temp\e7verifyzqr7h2c4\sas_plan C:\Users\user\Desktop\theoria\.worktrees\e7-deadlock-claim\engine-rig\fixtures\data\sokoban_domain.pddl C:\Users\user\Desktop\theoria\.worktrees\e7-deadlock-claim\engine-rig\runs\20260728T150713Z-E7-deadlock-claim-audit\attacks\work\a5\swap\swap-passage.pddl --search astar(cpdbs(patterns=manual_patterns([[23,24,22,7,10,11,0,19,13,12,9]])))

INFO     planner time limit: None
INFO     planner memory limit: None

INFO     Running translator.
INFO     translator stdin: None
INFO     translator time limit: None
INFO     translator memory limit: None
INFO     translator command line string: 'D:\Miniforge3\python.exe' -m translate 'C:\Users\user\Desktop\theoria\.worktrees\e7-deadlock-claim\engine-rig\fixtures\data\sokoban_domain.pddl' 'C:\Users\user\Desktop\theoria\.worktrees\e7-deadlock-claim\engine-rig\runs\20260728T150713Z-E7-deadlock-claim-audit\attacks\work\a5\swap\swap-passage.pddl' --sas-file output.sas
Warning! SIGXCPU is not available on your platform. This means that the planner cannot be gracefully terminated when using a time limit, which, however, is probably supported on your platform anyway.
Parsing...
Parsing: [0.000s CPU, 0.002s wall-clock]
Normalizing task... [0.000s CPU, 0.000s wall-clock]
Instantiating...
Generating Datalog program... [0.000s CPU, 0.000s wall-clock]
Normalizing Datalog program...
Normalizing Datalog program: [0.000s CPU, 0.001s wall-clock]
Preparing model... [0.000s CPU, 0.000s wall-clock]
Generated 20 rules.
Computing model... [0.016s CPU, 0.005s wall-clock]
597 relevant atoms
888 auxiliary atoms
1485 final queue length
1755 total queue pushes
Completing instantiation... [0.000s CPU, 0.002s wall-clock]
Instantiating: [0.016s CPU, 0.008s wall-clock]
Computing fact groups...
Finding invariants...
7 initial candidates
Finding invariants: [0.000s CPU, 0.001s wall-clock]
Checking invariant weight... [0.000s CPU, 0.000s wall-clock]
Instantiating groups... [0.000s CPU, 0.001s wall-clock]
Collecting mutex groups... [0.000s CPU, 0.000s wall-clock]
Choosing groups...
54 uncovered facts
Choosing groups: [0.000s CPU, 0.000s wall-clock]
Building translation key... [0.000s CPU, 0.000s wall-clock]
Computing fact groups: [0.000s CPU, 0.003s wall-clock]
Building STRIPS to SAS dictionary... [0.000s CPU, 0.000s wall-clock]
Building dictionary for full mutex groups... [0.000s CPU, 0.000s wall-clock]
Building mutex information...
Building mutex information: [0.000s CPU, 0.000s wall-clock]
Translating task...
Processing axioms...
Simplifying axioms... [0.000s CPU, 0.000s wall-clock]
Translator axioms removed by simplifying: 0
Processing axioms: [0.000s CPU, 0.000s wall-clock]
Translating task: [0.000s CPU, 0.002s wall-clock]
204 effect conditions simplified
0 implied preconditions added
Detecting unreachable propositions...
0 operators removed
0 axioms removed
67 propositions removed
Detecting unreachable propositions: [0.000s CPU, 0.001s wall-clock]
Reordering and filtering variables...
25 of 25 variables necessary.
22 of 25 mutex groups necessary.
132 of 132 operators necessary.
0 of 0 axiom rules necessary.
Reordering and filtering variables: [0.000s CPU, 0.001s wall-clock]
Translator variables: 25
Translator derived variables: 0
Translator facts: 110
Translator goal facts: 2
Translator mutex groups: 22
Translator total mutex groups size: 88
Translator operators: 132
Translator axioms: 0
Translator task size: 1233
warning: could not determine peak memory
Writing output... [0.000s CPU, 0.010s wall-clock]
Done! [0.016s CPU, 0.027s wall-clock]
translate exit code: 0

INFO     Running search (release).
INFO     search stdin: output.sas
INFO     search time limit: None
INFO     search memory limit: None
INFO     search command line string: 'C:\Users\user\Desktop\theoria\.worktrees\p13\engine-rig\.toolchain\downward\builds\release\bin\downward.exe' --search 'astar(cpdbs(patterns=manual_patterns([[23,24,22,7,10,11,0,19,13,12,9]])))' --internal-plan-file 'C:\Users\user\AppData\Local\Temp\e7verifyzqr7h2c4\sas_plan' < output.sas
[t=0.000152s, 1916 KB] Search code revision: 7120aa0
[t=0.000238s, 1916 KB] reading input...
[t=0.001691s, 2228 KB] done reading input!
[t=0.003237s, 2840 KB] Initializing canonical PDB heuristic...
[t=0.003251s, 2840 KB] Generating patterns using: manual pattern collection generator
[t=0.003256s, 2840 KB] Manual pattern collection: [[23, 24, 22, 7, 10, 11, 0, 19, 13, 12, 9]]
[t=0.003267s, 2840 KB] manual pattern collection generator number of patterns: 1
[t=0.003271s, 2840 KB] manual pattern collection generator total PDB size: 2725888
[t=0.003274s, 2840 KB] manual pattern collection generator computation time: 1.06e-05s
[t=0.003281s, 2840 KB] Computing PDBs for pattern collection...
[t=0.035477s, 14380 KB] Done computing PDBs for pattern collection: 0.032208s
[t=0.035500s, 14380 KB] Computing pattern cliques for pattern collection...
[t=0.035526s, 14380 KB] Done computing pattern cliques for pattern collection: 0.000027s
[t=0.035533s, 14380 KB] Running dominance pruning...
[t=0.035538s, 14380 KB] Pruned 0 of 1 pattern cliques
[t=0.035541s, 14380 KB] Pruned 0 of 1 PDBs
[t=0.035545s, 14380 KB] Dominance pruning took 0.000010s
[t=0.035549s, 14380 KB] Canonical PDB heuristic number of patterns: 1
[t=0.035552s, 14380 KB] Canonical PDB heuristic total PDB size: 2725888
[t=0.035554s, 14380 KB] Canonical PDB heuristic computation time: 0.032312s
[t=0.035586s, 14380 KB] Building successor generator... done!
[t=0.035641s, 14380 KB] peak memory difference for successor generator creation: 0 KB
[t=0.035644s, 14380 KB] time for successor generation creation: 0.000048s
[t=0.035648s, 14380 KB] Variables: 25
[t=0.035650s, 14380 KB] FactPairs: 110
[t=0.035654s, 14380 KB] Bytes per state: 8
[t=0.035664s, 14380 KB] Conducting best first search with reopening closed nodes, (real) bound = 2147483647
[t=0.035697s, 14380 KB] New best heuristic value for cpdbs: 11
[t=0.035701s, 14380 KB] g=0, 1 evaluated, 0 expanded
[t=0.035703s, 14380 KB] f = 11, 1 evaluated, 0 expanded
[t=0.035709s, 14380 KB] Initial heuristic value for cpdbs: 11
[t=0.035712s, 14380 KB] pruning method: none
[t=0.035722s, 14380 KB] New best heuristic value for cpdbs: 10
[t=0.035726s, 14380 KB] g=1, 3 evaluated, 1 expanded
[t=0.035733s, 14380 KB] New best heuristic value for cpdbs: 9
[t=0.035735s, 14380 KB] g=2, 6 evaluated, 2 expanded
[t=0.035742s, 14380 KB] New best heuristic value for cpdbs: 8
[t=0.035744s, 14380 KB] g=3, 10 evaluated, 3 expanded
[t=0.035749s, 14380 KB] New best heuristic value for cpdbs: 7
[t=0.035751s, 14380 KB] g=4, 12 evaluated, 4 expanded
[t=0.035758s, 14380 KB] New best heuristic value for cpdbs: 6
[t=0.035762s, 14380 KB] g=5, 15 evaluated, 5 expanded
[t=0.035768s, 14380 KB] New best heuristic value for cpdbs: 5
[t=0.035770s, 14380 KB] g=6, 17 evaluated, 6 expanded
[t=0.035776s, 14380 KB] New best heuristic value for cpdbs: 4
[t=0.035778s, 14380 KB] g=7, 19 evaluated, 7 expanded
[t=0.035783s, 14380 KB] f = 13, 21 evaluated, 8 expanded
[t=0.035812s, 14380 KB] f = 15, 37 evaluated, 23 expanded
[t=0.035823s, 14380 KB] f = 17, 39 evaluated, 32 expanded
[t=0.035863s, 14380 KB] f = 19, 69 evaluated, 46 expanded
[t=0.035895s, 14380 KB] f = 21, 91 evaluated, 65 expanded
[t=0.035930s, 14380 KB] f = 23, 114 evaluated, 88 expanded
[t=0.035955s, 14380 KB] f = 25, 128 evaluated, 105 expanded
[t=0.035985s, 14380 KB] f = 27, 144 evaluated, 119 expanded
[t=0.036025s, 14380 KB] f = 29, 176 evaluated, 141 expanded
[t=0.036064s, 14380 KB] f = 31, 204 evaluated, 167 expanded
[t=0.036196s, 14384 KB] f = 33, 294 evaluated, 222 expanded
[t=0.036303s, 14384 KB] f = 35, 374 evaluated, 291 expanded
[t=0.036419s, 14384 KB] f = 37, 470 evaluated, 372 expanded
[t=0.036557s, 14384 KB] f = 39, 553 evaluated, 457 expanded
[t=0.036626s, 14384 KB] f = 41, 594 evaluated, 520 expanded
[t=0.036671s, 14384 KB] f = 43, 620 evaluated, 559 expanded
[t=0.036707s, 14384 KB] f = 45, 645 evaluated, 582 expanded
[t=0.036735s, 14384 KB] f = 47, 662 evaluated, 601 expanded
[t=0.036755s, 14384 KB] f = 49, 672 evaluated, 616 expanded
[t=0.036768s, 14384 KB] f = 51, 677 evaluated, 625 expanded
[t=0.036775s, 14384 KB] f = 53, 678 evaluated, 629 expanded
[t=0.036778s, 14384 KB] Completely explored state space -- no solution!
[t=0.036780s, 14384 KB] Actual search time: 0.001066s
[t=0.036783s, 14384 KB] Expanded 630 state(s).
[t=0.036783s, 14384 KB] Reopened 0 state(s).
[t=0.036783s, 14384 KB] Evaluated 678 state(s).
[t=0.036783s, 14384 KB] Evaluations: 678
[t=0.036783s, 14384 KB] Generated 1664 state(s).
[t=0.036783s, 14384 KB] Dead ends: 48 state(s).
[t=0.036783s, 14384 KB] Expanded until last jump: 629 state(s).
[t=0.036783s, 14384 KB] Reopened until last jump: 0 state(s).
[t=0.036783s, 14384 KB] Evaluated until last jump: 678 state(s).
[t=0.036783s, 14384 KB] Generated until last jump: 1662 state(s).
[t=0.036783s, 14384 KB] Number of registered states: 678
[t=0.036783s, 14384 KB] Int hash set load factor: 678/1024 = 0.662109
[t=0.036783s, 14384 KB] Int hash set resizes: 10
[t=0.036783s, 14384 KB] Search time: 0.001121s
[t=0.036783s, 14384 KB] Total time: 0.036783s
Search stopped without finding a solution.
Remove intermediate file output.sas
search exit code: 12

Driver aborting after search

