$ D:\Miniforge3\python.exe C:/Users/user/Desktop/theoria/.worktrees/p13/engine-rig/.toolchain/downward/fast-downward.py --plan-file C:\Users\user\AppData\Local\Temp\e7verify21du48vh\sas_plan C:\Users\user\Desktop\theoria\.worktrees\e7-deadlock-claim\engine-rig\fixtures\data\sokoban_domain.pddl C:\Users\user\Desktop\theoria\.worktrees\e7-deadlock-claim\engine-rig\runs\20260728T150713Z-E7-deadlock-claim-audit\attacks\work\a5\swap\swap-passage.pddl --search astar(ipdb(max_time=30,random_seed=0))

INFO     planner time limit: None
INFO     planner memory limit: None

INFO     Running translator.
INFO     translator stdin: None
INFO     translator time limit: None
INFO     translator memory limit: None
INFO     translator command line string: 'D:\Miniforge3\python.exe' -m translate 'C:\Users\user\Desktop\theoria\.worktrees\e7-deadlock-claim\engine-rig\fixtures\data\sokoban_domain.pddl' 'C:\Users\user\Desktop\theoria\.worktrees\e7-deadlock-claim\engine-rig\runs\20260728T150713Z-E7-deadlock-claim-audit\attacks\work\a5\swap\swap-passage.pddl' --sas-file output.sas
Warning! SIGXCPU is not available on your platform. This means that the planner cannot be gracefully terminated when using a time limit, which, however, is probably supported on your platform anyway.
Parsing...
Parsing: [0.000s CPU, 0.002s wall-clock]
Normalizing task... [0.000s CPU, 0.000s wall-clock]
Instantiating...
Generating Datalog program... [0.000s CPU, 0.000s wall-clock]
Normalizing Datalog program...
Normalizing Datalog program: [0.000s CPU, 0.001s wall-clock]
Preparing model... [0.000s CPU, 0.001s wall-clock]
Generated 20 rules.
Computing model... [0.016s CPU, 0.005s wall-clock]
597 relevant atoms
888 auxiliary atoms
1485 final queue length
1755 total queue pushes
Completing instantiation... [0.000s CPU, 0.002s wall-clock]
Instantiating: [0.016s CPU, 0.009s wall-clock]
Computing fact groups...
Finding invariants...
7 initial candidates
Finding invariants: [0.000s CPU, 0.001s wall-clock]
Checking invariant weight... [0.000s CPU, 0.000s wall-clock]
Instantiating groups... [0.000s CPU, 0.001s wall-clock]
Collecting mutex groups... [0.000s CPU, 0.000s wall-clock]
Choosing groups...
54 uncovered facts
Choosing groups: [0.000s CPU, 0.000s wall-clock]
Building translation key... [0.000s CPU, 0.000s wall-clock]
Computing fact groups: [0.000s CPU, 0.003s wall-clock]
Building STRIPS to SAS dictionary... [0.000s CPU, 0.000s wall-clock]
Building dictionary for full mutex groups... [0.000s CPU, 0.000s wall-clock]
Building mutex information...
Building mutex information: [0.000s CPU, 0.000s wall-clock]
Translating task...
Processing axioms...
Simplifying axioms... [0.000s CPU, 0.000s wall-clock]
Translator axioms removed by simplifying: 0
Processing axioms: [0.000s CPU, 0.000s wall-clock]
Translating task: [0.000s CPU, 0.002s wall-clock]
204 effect conditions simplified
0 implied preconditions added
Detecting unreachable propositions...
0 operators removed
0 axioms removed
67 propositions removed
Detecting unreachable propositions: [0.000s CPU, 0.001s wall-clock]
Reordering and filtering variables...
25 of 25 variables necessary.
22 of 25 mutex groups necessary.
132 of 132 operators necessary.
0 of 0 axiom rules necessary.
Reordering and filtering variables: [0.000s CPU, 0.001s wall-clock]
Translator variables: 25
Translator derived variables: 0
Translator facts: 110
Translator goal facts: 2
Translator mutex groups: 22
Translator total mutex groups size: 88
Translator operators: 132
Translator axioms: 0
Translator task size: 1233
warning: could not determine peak memory
Writing output... [0.000s CPU, 0.010s wall-clock]
Done! [0.016s CPU, 0.028s wall-clock]
translate exit code: 0

INFO     Running search (release).
INFO     search stdin: output.sas
INFO     search time limit: None
INFO     search memory limit: None
INFO     search command line string: 'C:\Users\user\Desktop\theoria\.worktrees\p13\engine-rig\.toolchain\downward\builds\release\bin\downward.exe' --search 'astar(ipdb(max_time=30,random_seed=0))' --internal-plan-file 'C:\Users\user\AppData\Local\Temp\e7verify21du48vh\sas_plan' < output.sas
[t=0.000151s, 1968 KB] Search code revision: 7120aa0
[t=0.000248s, 1968 KB] reading input...
[t=0.001634s, 2232 KB] done reading input!
[t=0.002995s, 2808 KB] Initializing canonical PDB heuristic...
[t=0.003004s, 2808 KB] Generating patterns using: hill climbing pattern collection generator
[t=0.003093s, 2816 KB] Done calculating initial pattern collection: 0.000086s
[t=0.003102s, 2816 KB] Average operator cost: 1.000000
[t=0.003108s, 2816 KB] Building causal graph... done!
[t=0.004250s, 2912 KB] Done calculating initial candidate PDBs
[t=0.008333s, 3184 KB] found a better pattern with improvement 967
[t=0.016064s, 3376 KB] found a better pattern with improvement 749
[t=0.031434s, 5240 KB] found a better pattern with improvement 596
[t=0.052111s, 8780 KB] found a better pattern with improvement 933
[t=0.082307s, 15516 KB] found a better pattern with improvement 1000
[t=0.124837s, 28244 KB] found a better pattern with improvement 614
[t=0.189890s, 52288 KB] found a better pattern with improvement 873
[t=0.290253s, 97804 KB] found a better pattern with improvement 999
[t=0.451137s, 183244 KB] found a better pattern with improvement 948
[t=0.480797s, 183244 KB] found a better pattern with improvement 55
[t=0.510870s, 183244 KB] Improvement below threshold. Stop hill climbing.
[t=0.510896s, 183244 KB] Hill climbing iterations: 11
[t=0.510899s, 183244 KB] Hill climbing generated patterns: 202
[t=0.510902s, 183244 KB] Hill climbing rejected patterns: 124
[t=0.510904s, 183244 KB] Hill climbing maximum PDB size: 1362944
[t=0.510906s, 183244 KB] Hill climbing time: 0.507806s
[t=0.522334s, 183244 KB] hill climbing pattern collection generator number of patterns: 12
[t=0.522356s, 183244 KB] hill climbing pattern collection generator total PDB size: 4078712
[t=0.522361s, 183244 KB] hill climbing pattern collection generator computation time: 0.519323s
[t=0.522367s, 183244 KB] Running dominance pruning...
[t=0.522374s, 183244 KB] Pruned 9 of 11 pattern cliques
[t=0.522376s, 183244 KB] Pruned 10 of 12 PDBs
[t=0.522381s, 183244 KB] Dominance pruning took 0.000012s
[t=0.522787s, 183244 KB] Canonical PDB heuristic number of patterns: 2
[t=0.522797s, 183244 KB] Canonical PDB heuristic total PDB size: 2725888
[t=0.522800s, 183244 KB] Canonical PDB heuristic computation time: 0.519792s
[t=0.522835s, 183244 KB] Building successor generator... done!
[t=0.522895s, 183244 KB] peak memory difference for successor generator creation: 0 KB
[t=0.522898s, 183244 KB] time for successor generation creation: 0.000047s
[t=0.522903s, 183244 KB] Variables: 25
[t=0.522906s, 183244 KB] FactPairs: 110
[t=0.522909s, 183244 KB] Bytes per state: 8
[t=0.522918s, 183244 KB] Conducting best first search with reopening closed nodes, (real) bound = 2147483647
[t=0.522936s, 183244 KB] New best heuristic value for cpdbs: 37
[t=0.522940s, 183244 KB] g=0, 1 evaluated, 0 expanded
[t=0.522942s, 183244 KB] f = 37, 1 evaluated, 0 expanded
[t=0.522949s, 183244 KB] Initial heuristic value for cpdbs: 37
[t=0.522953s, 183244 KB] pruning method: none
[t=0.522963s, 183244 KB] New best heuristic value for cpdbs: 36
[t=0.522967s, 183244 KB] g=1, 3 evaluated, 1 expanded
[t=0.522973s, 183244 KB] New best heuristic value for cpdbs: 35
[t=0.522976s, 183244 KB] g=2, 5 evaluated, 2 expanded
[t=0.522982s, 183244 KB] New best heuristic value for cpdbs: 34
[t=0.522985s, 183244 KB] g=3, 7 evaluated, 3 expanded
[t=0.522990s, 183244 KB] New best heuristic value for cpdbs: 33
[t=0.522993s, 183244 KB] g=4, 8 evaluated, 4 expanded
[t=0.522999s, 183244 KB] New best heuristic value for cpdbs: 32
[t=0.523002s, 183244 KB] g=5, 10 evaluated, 5 expanded
[t=0.523009s, 183244 KB] New best heuristic value for cpdbs: 31
[t=0.523012s, 183244 KB] g=6, 13 evaluated, 6 expanded
[t=0.523017s, 183244 KB] New best heuristic value for cpdbs: 30
[t=0.523021s, 183244 KB] g=7, 15 evaluated, 7 expanded
[t=0.523027s, 183244 KB] New best heuristic value for cpdbs: 29
[t=0.523031s, 183244 KB] g=8, 18 evaluated, 8 expanded
[t=0.523035s, 183244 KB] New best heuristic value for cpdbs: 28
[t=0.523038s, 183244 KB] g=9, 19 evaluated, 9 expanded
[t=0.523042s, 183244 KB] New best heuristic value for cpdbs: 27
[t=0.523044s, 183244 KB] g=10, 20 evaluated, 10 expanded
[t=0.523054s, 183244 KB] New best heuristic value for cpdbs: 26
[t=0.523057s, 183244 KB] g=11, 22 evaluated, 11 expanded
[t=0.523061s, 183244 KB] New best heuristic value for cpdbs: 25
[t=0.523064s, 183244 KB] g=12, 23 evaluated, 12 expanded
[t=0.523072s, 183244 KB] f = 39, 28 evaluated, 14 expanded
[t=0.523089s, 183244 KB] f = 41, 36 evaluated, 23 expanded
[t=0.523103s, 183244 KB] f = 43, 43 evaluated, 30 expanded
[t=0.523138s, 183244 KB] f = 45, 67 evaluated, 45 expanded
[t=0.523175s, 183244 KB] f = 47, 92 evaluated, 69 expanded
[t=0.523193s, 183244 KB] f = 49, 103 evaluated, 81 expanded
[t=0.523204s, 183244 KB] f = 51, 106 evaluated, 88 expanded
[t=0.523223s, 183244 KB] f = 53, 121 evaluated, 96 expanded
[t=0.523255s, 183244 KB] f = 55, 144 evaluated, 110 expanded
[t=0.523281s, 183244 KB] f = 57, 160 evaluated, 131 expanded
[t=0.523317s, 183244 KB] f = 59, 192 evaluated, 148 expanded
[t=0.523385s, 183244 KB] f = 61, 251 evaluated, 195 expanded
[t=0.523468s, 183244 KB] f = 63, 292 evaluated, 239 expanded
[t=0.523497s, 183244 KB] f = 65, 308 evaluated, 262 expanded
[t=0.523551s, 183244 KB] f = 67, 356 evaluated, 294 expanded
[t=0.523618s, 183244 KB] f = 69, 413 evaluated, 346 expanded
[t=0.523662s, 183244 KB] f = 71, 444 evaluated, 382 expanded
[t=0.523688s, 183244 KB] f = 73, 458 evaluated, 407 expanded
[t=0.523723s, 183244 KB] f = 75, 487 evaluated, 430 expanded
[t=0.523742s, 183244 KB] f = 77, 494 evaluated, 449 expanded
[t=0.523749s, 183244 KB] Completely explored state space -- no solution!
[t=0.523751s, 183244 KB] Actual search time: 0.000797s
[t=0.523755s, 183244 KB] Expanded 454 state(s).
[t=0.523755s, 183244 KB] Reopened 0 state(s).
[t=0.523755s, 183244 KB] Evaluated 494 state(s).
[t=0.523755s, 183244 KB] Evaluations: 494
[t=0.523755s, 183244 KB] Generated 1184 state(s).
[t=0.523755s, 183244 KB] Dead ends: 40 state(s).
[t=0.523755s, 183244 KB] Expanded until last jump: 449 state(s).
[t=0.523755s, 183244 KB] Reopened until last jump: 0 state(s).
[t=0.523755s, 183244 KB] Evaluated until last jump: 494 state(s).
[t=0.523755s, 183244 KB] Generated until last jump: 1175 state(s).
[t=0.523755s, 183244 KB] Number of registered states: 494
[t=0.523755s, 183244 KB] Int hash set load factor: 494/512 = 0.964844
[t=0.523755s, 183244 KB] Int hash set resizes: 9
[t=0.523755s, 183244 KB] Search time: 0.000839s
[t=0.523755s, 183244 KB] Total time: 0.523755s
Search stopped without finding a solution.
Remove intermediate file output.sas
search exit code: 12

Driver aborting after search

