$ D:\Miniforge3\python.exe C:/Users/user/Desktop/theoria/.worktrees/p13/engine-rig/.toolchain/downward/fast-downward.py --plan-file C:\Users\user\AppData\Local\Temp\e7verifyclsa7en1\sas_plan C:\Users\user\Desktop\theoria\.worktrees\e7-deadlock-claim\engine-rig\runs\20260728T150713Z-E7-deadlock-claim-audit\attacks\work\a5\swap\singleton\sokoban_guarded_singleton_domain.pddl C:\Users\user\Desktop\theoria\.worktrees\e7-deadlock-claim\engine-rig\runs\20260728T150713Z-E7-deadlock-claim-audit\attacks\work\a5\swap\singleton\swap-passage_guarded_singleton.pddl --search astar(cpdbs(patterns=manual_patterns([[23,24,22]])))

INFO     planner time limit: None
INFO     planner memory limit: None

INFO     Running translator.
INFO     translator stdin: None
INFO     translator time limit: None
INFO     translator memory limit: None
INFO     translator command line string: 'D:\Miniforge3\python.exe' -m translate 'C:\Users\user\Desktop\theoria\.worktrees\e7-deadlock-claim\engine-rig\runs\20260728T150713Z-E7-deadlock-claim-audit\attacks\work\a5\swap\singleton\sokoban_guarded_singleton_domain.pddl' 'C:\Users\user\Desktop\theoria\.worktrees\e7-deadlock-claim\engine-rig\runs\20260728T150713Z-E7-deadlock-claim-audit\attacks\work\a5\swap\singleton\swap-passage_guarded_singleton.pddl' --sas-file output.sas
Warning! SIGXCPU is not available on your platform. This means that the planner cannot be gracefully terminated when using a time limit, which, however, is probably supported on your platform anyway.
Parsing...
Parsing: [0.000s CPU, 0.002s wall-clock]
Normalizing task... [0.000s CPU, 0.000s wall-clock]
Instantiating...
Generating Datalog program... [0.000s CPU, 0.000s wall-clock]
Normalizing Datalog program...
Normalizing Datalog program: [0.000s CPU, 0.001s wall-clock]
Preparing model... [0.000s CPU, 0.000s wall-clock]
Generated 20 rules.
Computing model... [0.016s CPU, 0.005s wall-clock]
613 relevant atoms
888 auxiliary atoms
1501 final queue length
1771 total queue pushes
Completing instantiation... [0.000s CPU, 0.002s wall-clock]
Instantiating: [0.016s CPU, 0.008s wall-clock]
Computing fact groups...
Finding invariants...
7 initial candidates
Finding invariants: [0.000s CPU, 0.001s wall-clock]
Checking invariant weight... [0.000s CPU, 0.000s wall-clock]
Instantiating groups... [0.000s CPU, 0.001s wall-clock]
Collecting mutex groups... [0.000s CPU, 0.000s wall-clock]
Choosing groups...
54 uncovered facts
Choosing groups: [0.000s CPU, 0.000s wall-clock]
Building translation key... [0.000s CPU, 0.000s wall-clock]
Computing fact groups: [0.000s CPU, 0.003s wall-clock]
Building STRIPS to SAS dictionary... [0.000s CPU, 0.000s wall-clock]
Building dictionary for full mutex groups... [0.000s CPU, 0.000s wall-clock]
Building mutex information...
Building mutex information: [0.000s CPU, 0.000s wall-clock]
Translating task...
Processing axioms...
Simplifying axioms... [0.000s CPU, 0.000s wall-clock]
Translator axioms removed by simplifying: 0
Processing axioms: [0.000s CPU, 0.000s wall-clock]
Translating task: [0.000s CPU, 0.002s wall-clock]
172 effect conditions simplified
0 implied preconditions added
Detecting unreachable propositions...
0 operators removed
0 axioms removed
83 propositions removed
Detecting unreachable propositions: [0.000s CPU, 0.001s wall-clock]
Reordering and filtering variables...
25 of 25 variables necessary.
22 of 25 mutex groups necessary.
116 of 116 operators necessary.
0 of 0 axiom rules necessary.
Reordering and filtering variables: [0.000s CPU, 0.001s wall-clock]
Translator variables: 25
Translator derived variables: 0
Translator facts: 94
Translator goal facts: 2
Translator mutex groups: 22
Translator total mutex groups size: 72
Translator operators: 116
Translator axioms: 0
Translator task size: 1057
warning: could not determine peak memory
Writing output... [0.000s CPU, 0.009s wall-clock]
Done! [0.016s CPU, 0.027s wall-clock]
translate exit code: 0

INFO     Running search (release).
INFO     search stdin: output.sas
INFO     search time limit: None
INFO     search memory limit: None
INFO     search command line string: 'C:\Users\user\Desktop\theoria\.worktrees\p13\engine-rig\.toolchain\downward\builds\release\bin\downward.exe' --search 'astar(cpdbs(patterns=manual_patterns([[23,24,22]])))' --internal-plan-file 'C:\Users\user\AppData\Local\Temp\e7verifyclsa7en1\sas_plan' < output.sas
[t=0.000107s, 1912 KB] Search code revision: 7120aa0
[t=0.000188s, 1932 KB] reading input...
[t=0.001388s, 2204 KB] done reading input!
[t=0.003766s, 2852 KB] Initializing canonical PDB heuristic...
[t=0.003779s, 2852 KB] Generating patterns using: manual pattern collection generator
[t=0.003784s, 2852 KB] Manual pattern collection: [[23, 24, 22]]
[t=0.003793s, 2852 KB] manual pattern collection generator number of patterns: 1
[t=0.003796s, 2852 KB] manual pattern collection generator total PDB size: 4312
[t=0.003798s, 2852 KB] manual pattern collection generator computation time: 1.05e-05s
[t=0.003806s, 2852 KB] Computing PDBs for pattern collection...
[t=0.003973s, 2900 KB] Done computing PDBs for pattern collection: 0.000170s
[t=0.003981s, 2900 KB] Computing pattern cliques for pattern collection...
[t=0.003991s, 2900 KB] Done computing pattern cliques for pattern collection: 0.000011s
[t=0.003996s, 2900 KB] Running dominance pruning...
[t=0.004001s, 2900 KB] Pruned 0 of 1 pattern cliques
[t=0.004004s, 2900 KB] Pruned 0 of 1 PDBs
[t=0.004008s, 2900 KB] Dominance pruning took 0.000010s
[t=0.004012s, 2900 KB] Canonical PDB heuristic number of patterns: 1
[t=0.004014s, 2900 KB] Canonical PDB heuristic total PDB size: 4312
[t=0.004017s, 2900 KB] Canonical PDB heuristic computation time: 0.000247s
[t=0.004043s, 2900 KB] Building successor generator... done!
[t=0.004090s, 2900 KB] peak memory difference for successor generator creation: 0 KB
[t=0.004093s, 2900 KB] time for successor generation creation: 0.000038s
[t=0.004097s, 2900 KB] Variables: 25
[t=0.004099s, 2900 KB] FactPairs: 94
[t=0.004101s, 2900 KB] Bytes per state: 8
[t=0.004113s, 2900 KB] Conducting best first search with reopening closed nodes, (real) bound = 2147483647
[t=0.004133s, 2924 KB] New best heuristic value for cpdbs: 9
[t=0.004137s, 2924 KB] g=0, 1 evaluated, 0 expanded
[t=0.004139s, 2924 KB] f = 9, 1 evaluated, 0 expanded
[t=0.004146s, 2924 KB] Initial heuristic value for cpdbs: 9
[t=0.004150s, 2924 KB] pruning method: none
[t=0.004159s, 2924 KB] New best heuristic value for cpdbs: 8
[t=0.004161s, 2924 KB] g=1, 4 evaluated, 1 expanded
[t=0.004166s, 2924 KB] New best heuristic value for cpdbs: 7
[t=0.004169s, 2924 KB] g=2, 6 evaluated, 2 expanded
[t=0.004176s, 2924 KB] New best heuristic value for cpdbs: 6
[t=0.004179s, 2924 KB] g=3, 10 evaluated, 3 expanded
[t=0.004184s, 2924 KB] f = 11, 12 evaluated, 4 expanded
[t=0.004196s, 2936 KB] New best heuristic value for cpdbs: 5
[t=0.004198s, 2936 KB] g=6, 17 evaluated, 6 expanded
[t=0.004203s, 2936 KB] New best heuristic value for cpdbs: 4
[t=0.004207s, 2936 KB] g=7, 20 evaluated, 7 expanded
[t=0.004218s, 2936 KB] f = 13, 27 evaluated, 14 expanded
[t=0.004237s, 2936 KB] f = 15, 37 evaluated, 27 expanded
[t=0.004245s, 2936 KB] f = 17, 38 evaluated, 32 expanded
[t=0.004276s, 2936 KB] f = 19, 66 evaluated, 46 expanded
[t=0.004303s, 2936 KB] f = 21, 88 evaluated, 65 expanded
[t=0.004333s, 2936 KB] f = 23, 110 evaluated, 88 expanded
[t=0.004367s, 2936 KB] f = 25, 131 evaluated, 110 expanded
[t=0.004408s, 2936 KB] f = 27, 170 evaluated, 137 expanded
[t=0.004464s, 2936 KB] f = 29, 225 evaluated, 177 expanded
[t=0.004472s, 2936 KB] New best heuristic value for cpdbs: 3
[t=0.004475s, 2936 KB] g=26, 230 evaluated, 179 expanded
[t=0.004545s, 2956 KB] f = 31, 275 evaluated, 225 expanded
[t=0.004624s, 2956 KB] f = 33, 354 evaluated, 286 expanded
[t=0.004724s, 2956 KB] f = 35, 453 evaluated, 370 expanded
[t=0.004844s, 2968 KB] f = 37, 534 evaluated, 458 expanded
[t=0.004911s, 2968 KB] f = 39, 587 evaluated, 522 expanded
[t=0.004960s, 2968 KB] f = 41, 622 evaluated, 569 expanded
[t=0.004997s, 2968 KB] f = 43, 647 evaluated, 603 expanded
[t=0.005013s, 2968 KB] f = 45, 654 evaluated, 619 expanded
[t=0.005023s, 2968 KB] f = 47, 657 evaluated, 626 expanded
[t=0.005029s, 2968 KB] f = 49, 658 evaluated, 629 expanded
[t=0.005034s, 2968 KB] Completely explored state space -- no solution!
[t=0.005037s, 2968 KB] Actual search time: 0.000886s
[t=0.005040s, 2968 KB] Expanded 630 state(s).
[t=0.005040s, 2968 KB] Reopened 0 state(s).
[t=0.005040s, 2968 KB] Evaluated 658 state(s).
[t=0.005040s, 2968 KB] Evaluations: 658
[t=0.005040s, 2968 KB] Generated 1644 state(s).
[t=0.005040s, 2968 KB] Dead ends: 28 state(s).
[t=0.005040s, 2968 KB] Expanded until last jump: 629 state(s).
[t=0.005040s, 2968 KB] Reopened until last jump: 0 state(s).
[t=0.005040s, 2968 KB] Evaluated until last jump: 658 state(s).
[t=0.005040s, 2968 KB] Generated until last jump: 1642 state(s).
[t=0.005040s, 2968 KB] Number of registered states: 658
[t=0.005040s, 2968 KB] Int hash set load factor: 658/1024 = 0.642578
[t=0.005040s, 2968 KB] Int hash set resizes: 10
[t=0.005040s, 2968 KB] Search time: 0.000928s
[t=0.005040s, 2968 KB] Total time: 0.005040s
Search stopped without finding a solution.
Remove intermediate file output.sas
search exit code: 12

Driver aborting after search

