$ D:\Miniforge3\python.exe C:/Users/user/Desktop/theoria/.worktrees/p13/engine-rig/.toolchain/downward/fast-downward.py --plan-file C:\Users\user\AppData\Local\Temp\e7verifyosfrar6f\sas_plan C:\Users\user\Desktop\theoria\.worktrees\e7-deadlock-claim\engine-rig\runs\20260728T150713Z-E7-deadlock-claim-audit\attacks\work\a5\swap\singleton\sokoban_guarded_singleton_domain.pddl C:\Users\user\Desktop\theoria\.worktrees\e7-deadlock-claim\engine-rig\runs\20260728T150713Z-E7-deadlock-claim-audit\attacks\work\a5\swap\singleton\swap-passage_guarded_singleton.pddl --search astar(cpdbs(patterns=manual_patterns([[23,24,22,19,15,4,20,5,16,21]])))

INFO     planner time limit: None
INFO     planner memory limit: None

INFO     Running translator.
INFO     translator stdin: None
INFO     translator time limit: None
INFO     translator memory limit: None
INFO     translator command line string: 'D:\Miniforge3\python.exe' -m translate 'C:\Users\user\Desktop\theoria\.worktrees\e7-deadlock-claim\engine-rig\runs\20260728T150713Z-E7-deadlock-claim-audit\attacks\work\a5\swap\singleton\sokoban_guarded_singleton_domain.pddl' 'C:\Users\user\Desktop\theoria\.worktrees\e7-deadlock-claim\engine-rig\runs\20260728T150713Z-E7-deadlock-claim-audit\attacks\work\a5\swap\singleton\swap-passage_guarded_singleton.pddl' --sas-file output.sas
Warning! SIGXCPU is not available on your platform. This means that the planner cannot be gracefully terminated when using a time limit, which, however, is probably supported on your platform anyway.
Parsing...
Parsing: [0.016s CPU, 0.002s wall-clock]
Normalizing task... [0.000s CPU, 0.000s wall-clock]
Instantiating...
Generating Datalog program... [0.000s CPU, 0.000s wall-clock]
Normalizing Datalog program...
Normalizing Datalog program: [0.000s CPU, 0.001s wall-clock]
Preparing model... [0.000s CPU, 0.000s wall-clock]
Generated 20 rules.
Computing model... [0.000s CPU, 0.005s wall-clock]
613 relevant atoms
888 auxiliary atoms
1501 final queue length
1771 total queue pushes
Completing instantiation... [0.000s CPU, 0.002s wall-clock]
Instantiating: [0.000s CPU, 0.008s wall-clock]
Computing fact groups...
Finding invariants...
7 initial candidates
Finding invariants: [0.000s CPU, 0.001s wall-clock]
Checking invariant weight... [0.000s CPU, 0.000s wall-clock]
Instantiating groups... [0.000s CPU, 0.001s wall-clock]
Collecting mutex groups... [0.000s CPU, 0.000s wall-clock]
Choosing groups...
54 uncovered facts
Choosing groups: [0.000s CPU, 0.000s wall-clock]
Building translation key... [0.000s CPU, 0.000s wall-clock]
Computing fact groups: [0.000s CPU, 0.003s wall-clock]
Building STRIPS to SAS dictionary... [0.000s CPU, 0.000s wall-clock]
Building dictionary for full mutex groups... [0.000s CPU, 0.000s wall-clock]
Building mutex information...
Building mutex information: [0.000s CPU, 0.000s wall-clock]
Translating task...
Processing axioms...
Simplifying axioms... [0.000s CPU, 0.000s wall-clock]
Translator axioms removed by simplifying: 0
Processing axioms: [0.000s CPU, 0.000s wall-clock]
Translating task: [0.000s CPU, 0.002s wall-clock]
172 effect conditions simplified
0 implied preconditions added
Detecting unreachable propositions...
0 operators removed
0 axioms removed
83 propositions removed
Detecting unreachable propositions: [0.000s CPU, 0.001s wall-clock]
Reordering and filtering variables...
25 of 25 variables necessary.
22 of 25 mutex groups necessary.
116 of 116 operators necessary.
0 of 0 axiom rules necessary.
Reordering and filtering variables: [0.000s CPU, 0.001s wall-clock]
Translator variables: 25
Translator derived variables: 0
Translator facts: 94
Translator goal facts: 2
Translator mutex groups: 22
Translator total mutex groups size: 72
Translator operators: 116
Translator axioms: 0
Translator task size: 1057
warning: could not determine peak memory
Writing output... [0.016s CPU, 0.009s wall-clock]
Done! [0.031s CPU, 0.027s wall-clock]
translate exit code: 0

INFO     Running search (release).
INFO     search stdin: output.sas
INFO     search time limit: None
INFO     search memory limit: None
INFO     search command line string: 'C:\Users\user\Desktop\theoria\.worktrees\p13\engine-rig\.toolchain\downward\builds\release\bin\downward.exe' --search 'astar(cpdbs(patterns=manual_patterns([[23,24,22,19,15,4,20,5,16,21]])))' --internal-plan-file 'C:\Users\user\AppData\Local\Temp\e7verifyosfrar6f\sas_plan' < output.sas
[t=0.000143s, 1944 KB] Search code revision: 7120aa0
[t=0.000228s, 1944 KB] reading input...
[t=0.001515s, 2188 KB] done reading input!
[t=0.002857s, 2820 KB] Initializing canonical PDB heuristic...
[t=0.002867s, 2820 KB] Generating patterns using: manual pattern collection generator
[t=0.002871s, 2820 KB] Manual pattern collection: [[23, 24, 22, 19, 15, 4, 20, 5, 16, 21]]
[t=0.002880s, 2820 KB] manual pattern collection generator number of patterns: 1
[t=0.002883s, 2820 KB] manual pattern collection generator total PDB size: 551936
[t=0.002886s, 2820 KB] manual pattern collection generator computation time: 8.4e-06s
[t=0.002894s, 2820 KB] Computing PDBs for pattern collection...
[t=0.011612s, 5268 KB] Done computing PDBs for pattern collection: 0.008724s
[t=0.011625s, 5268 KB] Computing pattern cliques for pattern collection...
[t=0.011643s, 5268 KB] Done computing pattern cliques for pattern collection: 0.000020s
[t=0.011650s, 5268 KB] Running dominance pruning...
[t=0.011656s, 5268 KB] Pruned 0 of 1 pattern cliques
[t=0.011660s, 5268 KB] Pruned 0 of 1 PDBs
[t=0.011663s, 5268 KB] Dominance pruning took 0.000012s
[t=0.011666s, 5268 KB] Canonical PDB heuristic number of patterns: 1
[t=0.011669s, 5268 KB] Canonical PDB heuristic total PDB size: 551936
[t=0.011671s, 5268 KB] Canonical PDB heuristic computation time: 0.008810s
[t=0.011704s, 5268 KB] Building successor generator... done!
[t=0.011758s, 5268 KB] peak memory difference for successor generator creation: 0 KB
[t=0.011761s, 5268 KB] time for successor generation creation: 0.000046s
[t=0.011766s, 5268 KB] Variables: 25
[t=0.011770s, 5268 KB] FactPairs: 94
[t=0.011772s, 5268 KB] Bytes per state: 8
[t=0.011782s, 5268 KB] Conducting best first search with reopening closed nodes, (real) bound = 2147483647
[t=0.011816s, 5400 KB] New best heuristic value for cpdbs: 11
[t=0.011821s, 5400 KB] g=0, 1 evaluated, 0 expanded
[t=0.011824s, 5400 KB] f = 11, 1 evaluated, 0 expanded
[t=0.011831s, 5400 KB] Initial heuristic value for cpdbs: 11
[t=0.011834s, 5400 KB] pruning method: none
[t=0.011844s, 5400 KB] New best heuristic value for cpdbs: 10
[t=0.011848s, 5400 KB] g=1, 4 evaluated, 1 expanded
[t=0.011854s, 5400 KB] New best heuristic value for cpdbs: 9
[t=0.011857s, 5400 KB] g=2, 6 evaluated, 2 expanded
[t=0.011864s, 5400 KB] New best heuristic value for cpdbs: 8
[t=0.011866s, 5400 KB] g=3, 10 evaluated, 3 expanded
[t=0.011871s, 5400 KB] New best heuristic value for cpdbs: 7
[t=0.011874s, 5400 KB] g=4, 12 evaluated, 4 expanded
[t=0.011881s, 5400 KB] New best heuristic value for cpdbs: 6
[t=0.011885s, 5400 KB] g=5, 14 evaluated, 5 expanded
[t=0.011892s, 5400 KB] New best heuristic value for cpdbs: 5
[t=0.011895s, 5400 KB] g=6, 17 evaluated, 6 expanded
[t=0.011901s, 5400 KB] New best heuristic value for cpdbs: 4
[t=0.011905s, 5400 KB] g=7, 20 evaluated, 7 expanded
[t=0.011909s, 5400 KB] f = 13, 21 evaluated, 8 expanded
[t=0.011925s, 5400 KB] f = 15, 29 evaluated, 19 expanded
[t=0.011945s, 5400 KB] f = 17, 36 evaluated, 28 expanded
[t=0.011967s, 5400 KB] f = 19, 51 evaluated, 37 expanded
[t=0.011983s, 5400 KB] f = 21, 61 evaluated, 47 expanded
[t=0.012007s, 5400 KB] f = 23, 73 evaluated, 59 expanded
[t=0.012021s, 5400 KB] f = 25, 81 evaluated, 69 expanded
[t=0.012036s, 5400 KB] f = 27, 89 evaluated, 77 expanded
[t=0.012047s, 5400 KB] f = 29, 94 evaluated, 84 expanded
[t=0.012088s, 5400 KB] f = 31, 129 evaluated, 103 expanded
[t=0.012146s, 5400 KB] f = 33, 179 evaluated, 138 expanded
[t=0.012193s, 5400 KB] f = 35, 215 evaluated, 177 expanded
[t=0.012269s, 5400 KB] f = 37, 270 evaluated, 225 expanded
[t=0.012305s, 5400 KB] New best heuristic value for cpdbs: 3
[t=0.012309s, 5400 KB] g=34, 307 evaluated, 244 expanded
[t=0.012383s, 5400 KB] f = 39, 380 evaluated, 302 expanded
[t=0.012457s, 5400 KB] f = 41, 431 evaluated, 376 expanded
[t=0.012552s, 5400 KB] f = 43, 500 evaluated, 438 expanded
[t=0.012601s, 5400 KB] f = 45, 536 evaluated, 484 expanded
[t=0.012629s, 5400 KB] f = 47, 552 evaluated, 513 expanded
[t=0.012655s, 5400 KB] f = 49, 572 evaluated, 530 expanded
[t=0.012683s, 5400 KB] f = 51, 593 evaluated, 553 expanded
[t=0.012705s, 5400 KB] f = 53, 608 evaluated, 570 expanded
[t=0.012718s, 5400 KB] f = 55, 611 evaluated, 581 expanded
[t=0.012723s, 5400 KB] Completely explored state space -- no solution!
[t=0.012727s, 5400 KB] Actual search time: 0.000892s
[t=0.012730s, 5400 KB] Expanded 584 state(s).
[t=0.012730s, 5400 KB] Reopened 0 state(s).
[t=0.012730s, 5400 KB] Evaluated 611 state(s).
[t=0.012730s, 5400 KB] Evaluations: 611
[t=0.012730s, 5400 KB] Generated 1520 state(s).
[t=0.012730s, 5400 KB] Dead ends: 27 state(s).
[t=0.012730s, 5400 KB] Expanded until last jump: 581 state(s).
[t=0.012730s, 5400 KB] Reopened until last jump: 0 state(s).
[t=0.012730s, 5400 KB] Evaluated until last jump: 611 state(s).
[t=0.012730s, 5400 KB] Generated until last jump: 1514 state(s).
[t=0.012730s, 5400 KB] Number of registered states: 611
[t=0.012730s, 5400 KB] Int hash set load factor: 611/1024 = 0.596680
[t=0.012730s, 5400 KB] Int hash set resizes: 10
[t=0.012730s, 5400 KB] Search time: 0.000950s
[t=0.012730s, 5400 KB] Total time: 0.012730s
Search stopped without finding a solution.
Remove intermediate file output.sas
search exit code: 12

Driver aborting after search

