$ D:\Miniforge3\python.exe C:/Users/user/Desktop/theoria/.worktrees/p13/engine-rig/.toolchain/downward/fast-downward.py --plan-file C:\Users\user\AppData\Local\Temp\e7verifyf2ahph72\sas_plan C:\Users\user\Desktop\theoria\.worktrees\e7-deadlock-claim\engine-rig\runs\20260728T150713Z-E7-deadlock-claim-audit\attacks\work\a5\swap\singleton\sokoban_guarded_singleton_domain.pddl C:\Users\user\Desktop\theoria\.worktrees\e7-deadlock-claim\engine-rig\runs\20260728T150713Z-E7-deadlock-claim-audit\attacks\work\a5\swap\singleton\swap-passage_guarded_singleton.pddl --search astar(ipdb(pdb_max_size=50000,collection_max_size=200000,max_time=30,random_seed=1))

INFO     planner time limit: None
INFO     planner memory limit: None

INFO     Running translator.
INFO     translator stdin: None
INFO     translator time limit: None
INFO     translator memory limit: None
INFO     translator command line string: 'D:\Miniforge3\python.exe' -m translate 'C:\Users\user\Desktop\theoria\.worktrees\e7-deadlock-claim\engine-rig\runs\20260728T150713Z-E7-deadlock-claim-audit\attacks\work\a5\swap\singleton\sokoban_guarded_singleton_domain.pddl' 'C:\Users\user\Desktop\theoria\.worktrees\e7-deadlock-claim\engine-rig\runs\20260728T150713Z-E7-deadlock-claim-audit\attacks\work\a5\swap\singleton\swap-passage_guarded_singleton.pddl' --sas-file output.sas
Warning! SIGXCPU is not available on your platform. This means that the planner cannot be gracefully terminated when using a time limit, which, however, is probably supported on your platform anyway.
Parsing...
Parsing: [0.000s CPU, 0.002s wall-clock]
Normalizing task... [0.000s CPU, 0.000s wall-clock]
Instantiating...
Generating Datalog program... [0.000s CPU, 0.000s wall-clock]
Normalizing Datalog program...
Normalizing Datalog program: [0.000s CPU, 0.001s wall-clock]
Preparing model... [0.000s CPU, 0.000s wall-clock]
Generated 20 rules.
Computing model... [0.016s CPU, 0.005s wall-clock]
613 relevant atoms
888 auxiliary atoms
1501 final queue length
1771 total queue pushes
Completing instantiation... [0.000s CPU, 0.002s wall-clock]
Instantiating: [0.016s CPU, 0.008s wall-clock]
Computing fact groups...
Finding invariants...
7 initial candidates
Finding invariants: [0.000s CPU, 0.001s wall-clock]
Checking invariant weight... [0.000s CPU, 0.000s wall-clock]
Instantiating groups... [0.000s CPU, 0.001s wall-clock]
Collecting mutex groups... [0.000s CPU, 0.000s wall-clock]
Choosing groups...
54 uncovered facts
Choosing groups: [0.000s CPU, 0.000s wall-clock]
Building translation key... [0.000s CPU, 0.000s wall-clock]
Computing fact groups: [0.000s CPU, 0.003s wall-clock]
Building STRIPS to SAS dictionary... [0.000s CPU, 0.000s wall-clock]
Building dictionary for full mutex groups... [0.000s CPU, 0.000s wall-clock]
Building mutex information...
Building mutex information: [0.000s CPU, 0.000s wall-clock]
Translating task...
Processing axioms...
Simplifying axioms... [0.000s CPU, 0.000s wall-clock]
Translator axioms removed by simplifying: 0
Processing axioms: [0.000s CPU, 0.000s wall-clock]
Translating task: [0.000s CPU, 0.002s wall-clock]
172 effect conditions simplified
0 implied preconditions added
Detecting unreachable propositions...
0 operators removed
0 axioms removed
83 propositions removed
Detecting unreachable propositions: [0.000s CPU, 0.001s wall-clock]
Reordering and filtering variables...
25 of 25 variables necessary.
22 of 25 mutex groups necessary.
116 of 116 operators necessary.
0 of 0 axiom rules necessary.
Reordering and filtering variables: [0.000s CPU, 0.001s wall-clock]
Translator variables: 25
Translator derived variables: 0
Translator facts: 94
Translator goal facts: 2
Translator mutex groups: 22
Translator total mutex groups size: 72
Translator operators: 116
Translator axioms: 0
Translator task size: 1057
warning: could not determine peak memory
Writing output... [0.000s CPU, 0.010s wall-clock]
Done! [0.016s CPU, 0.027s wall-clock]
translate exit code: 0

INFO     Running search (release).
INFO     search stdin: output.sas
INFO     search time limit: None
INFO     search memory limit: None
INFO     search command line string: 'C:\Users\user\Desktop\theoria\.worktrees\p13\engine-rig\.toolchain\downward\builds\release\bin\downward.exe' --search 'astar(ipdb(pdb_max_size=50000,collection_max_size=200000,max_time=30,random_seed=1))' --internal-plan-file 'C:\Users\user\AppData\Local\Temp\e7verifyf2ahph72\sas_plan' < output.sas
[t=0.000151s, 1964 KB] Search code revision: 7120aa0
[t=0.000246s, 1968 KB] reading input...
[t=0.001602s, 2236 KB] done reading input!
[t=0.002976s, 2824 KB] Initializing canonical PDB heuristic...
[t=0.002985s, 2824 KB] Generating patterns using: hill climbing pattern collection generator
[t=0.003066s, 2836 KB] Done calculating initial pattern collection: 0.000080s
[t=0.003078s, 2836 KB] Average operator cost: 1.000000
[t=0.003086s, 2836 KB] Building causal graph... done!
[t=0.003866s, 2912 KB] Done calculating initial candidate PDBs
[t=0.006820s, 3148 KB] found a better pattern with improvement 951
[t=0.013260s, 3288 KB] found a better pattern with improvement 766
[t=0.025601s, 4060 KB] found a better pattern with improvement 549
[t=0.042538s, 5512 KB] found a better pattern with improvement 939
[t=0.068102s, 8356 KB] found a better pattern with improvement 1000
[t=0.080467s, 8356 KB] found a better pattern with improvement 242
[t=0.092893s, 8356 KB] found a better pattern with improvement 27
[t=0.105352s, 8356 KB] Improvement below threshold. Stop hill climbing.
[t=0.105361s, 8356 KB] Hill climbing iterations: 8
[t=0.105364s, 8356 KB] Hill climbing generated patterns: 116
[t=0.105367s, 8356 KB] Hill climbing rejected patterns: 161
[t=0.105369s, 8356 KB] Hill climbing maximum PDB size: 34496
[t=0.105371s, 8356 KB] Hill climbing time: 0.102294s
[t=0.105804s, 8356 KB] hill climbing pattern collection generator number of patterns: 9
[t=0.105813s, 8356 KB] hill climbing pattern collection generator total PDB size: 134008
[t=0.105816s, 8356 KB] hill climbing pattern collection generator computation time: 0.102815s
[t=0.105822s, 8356 KB] Running dominance pruning...
[t=0.105828s, 8356 KB] Pruned 5 of 8 pattern cliques
[t=0.105830s, 8356 KB] Pruned 6 of 9 PDBs
[t=0.105834s, 8356 KB] Dominance pruning took 0.000011s
[t=0.105859s, 8356 KB] Canonical PDB heuristic number of patterns: 3
[t=0.105867s, 8356 KB] Canonical PDB heuristic total PDB size: 103488
[t=0.105869s, 8356 KB] Canonical PDB heuristic computation time: 0.102882s
[t=0.105901s, 8356 KB] Building successor generator... done!
[t=0.105949s, 8356 KB] peak memory difference for successor generator creation: 0 KB
[t=0.105952s, 8356 KB] time for successor generation creation: 0.000038s
[t=0.105957s, 8356 KB] Variables: 25
[t=0.105961s, 8356 KB] FactPairs: 94
[t=0.105964s, 8356 KB] Bytes per state: 8
[t=0.105973s, 8356 KB] Conducting best first search with reopening closed nodes, (real) bound = 2147483647
[t=0.105992s, 8356 KB] New best heuristic value for cpdbs: 15
[t=0.105995s, 8356 KB] g=0, 1 evaluated, 0 expanded
[t=0.105997s, 8356 KB] f = 15, 1 evaluated, 0 expanded
[t=0.106007s, 8356 KB] Initial heuristic value for cpdbs: 15
[t=0.106012s, 8356 KB] pruning method: none
[t=0.106024s, 8356 KB] New best heuristic value for cpdbs: 14
[t=0.106026s, 8356 KB] g=1, 4 evaluated, 1 expanded
[t=0.106032s, 8356 KB] f = 17, 6 evaluated, 2 expanded
[t=0.106041s, 8356 KB] f = 19, 9 evaluated, 5 expanded
[t=0.106050s, 8356 KB] f = 21, 12 evaluated, 8 expanded
[t=0.106056s, 8356 KB] f = 23, 13 evaluated, 10 expanded
[t=0.106073s, 8356 KB] New best heuristic value for cpdbs: 13
[t=0.106076s, 8356 KB] g=10, 25 evaluated, 16 expanded
[t=0.106084s, 8356 KB] f = 25, 30 evaluated, 18 expanded
[t=0.106104s, 8356 KB] f = 27, 41 evaluated, 29 expanded
[t=0.106128s, 8356 KB] f = 29, 57 evaluated, 44 expanded
[t=0.106153s, 8356 KB] New best heuristic value for cpdbs: 12
[t=0.106157s, 8356 KB] g=17, 75 evaluated, 54 expanded
[t=0.106175s, 8356 KB] New best heuristic value for cpdbs: 11
[t=0.106179s, 8356 KB] g=18, 92 evaluated, 62 expanded
[t=0.106183s, 8356 KB] New best heuristic value for cpdbs: 10
[t=0.106186s, 8356 KB] g=19, 93 evaluated, 63 expanded
[t=0.106189s, 8356 KB] New best heuristic value for cpdbs: 9
[t=0.106193s, 8356 KB] g=20, 94 evaluated, 64 expanded
[t=0.106198s, 8356 KB] New best heuristic value for cpdbs: 8
[t=0.106202s, 8356 KB] g=21, 96 evaluated, 65 expanded
[t=0.106208s, 8356 KB] f = 31, 99 evaluated, 68 expanded
[t=0.106288s, 8356 KB] f = 33, 164 evaluated, 113 expanded
[t=0.106375s, 8356 KB] f = 35, 237 evaluated, 178 expanded
[t=0.106424s, 8356 KB] New best heuristic value for cpdbs: 7
[t=0.106427s, 8356 KB] g=28, 265 evaluated, 207 expanded
[t=0.106432s, 8356 KB] New best heuristic value for cpdbs: 6
[t=0.106434s, 8356 KB] g=29, 267 evaluated, 208 expanded
[t=0.106439s, 8356 KB] New best heuristic value for cpdbs: 5
[t=0.106441s, 8356 KB] g=30, 270 evaluated, 209 expanded
[t=0.106445s, 8356 KB] New best heuristic value for cpdbs: 4
[t=0.106448s, 8356 KB] g=31, 273 evaluated, 210 expanded
[t=0.106509s, 8356 KB] f = 37, 326 evaluated, 259 expanded
[t=0.106608s, 8356 KB] f = 39, 411 evaluated, 340 expanded
[t=0.106672s, 8356 KB] f = 41, 456 evaluated, 401 expanded
[t=0.106734s, 8356 KB] f = 43, 485 evaluated, 443 expanded
[t=0.106799s, 8356 KB] f = 45, 541 evaluated, 489 expanded
[t=0.106839s, 8356 KB] f = 47, 569 evaluated, 525 expanded
[t=0.106857s, 8356 KB] f = 49, 576 evaluated, 545 expanded
[t=0.106868s, 8356 KB] f = 51, 581 evaluated, 552 expanded
[t=0.106875s, 8356 KB] f = 53, 584 evaluated, 556 expanded
[t=0.106883s, 8356 KB] f = 55, 587 evaluated, 559 expanded
[t=0.106887s, 8356 KB] f = 57, 588 evaluated, 561 expanded
[t=0.106890s, 8356 KB] Completely explored state space -- no solution!
[t=0.106893s, 8356 KB] Actual search time: 0.000880s
[t=0.106896s, 8356 KB] Expanded 562 state(s).
[t=0.106896s, 8356 KB] Reopened 0 state(s).
[t=0.106896s, 8356 KB] Evaluated 588 state(s).
[t=0.106896s, 8356 KB] Evaluations: 588
[t=0.106896s, 8356 KB] Generated 1460 state(s).
[t=0.106896s, 8356 KB] Dead ends: 26 state(s).
[t=0.106896s, 8356 KB] Expanded until last jump: 561 state(s).
[t=0.106896s, 8356 KB] Reopened until last jump: 0 state(s).
[t=0.106896s, 8356 KB] Evaluated until last jump: 588 state(s).
[t=0.106896s, 8356 KB] Generated until last jump: 1458 state(s).
[t=0.106896s, 8356 KB] Number of registered states: 588
[t=0.106896s, 8356 KB] Int hash set load factor: 588/1024 = 0.574219
[t=0.106896s, 8356 KB] Int hash set resizes: 10
[t=0.106896s, 8356 KB] Search time: 0.000925s
[t=0.106896s, 8356 KB] Total time: 0.106896s
Search stopped without finding a solution.
Remove intermediate file output.sas
search exit code: 12

Driver aborting after search

