$ D:\Miniforge3\python.exe C:/Users/user/Desktop/theoria/.worktrees/p13/engine-rig/.toolchain/downward/fast-downward.py --plan-file C:\Users\user\AppData\Local\Temp\e7verifytopne1_b\sas_plan C:\Users\user\Desktop\theoria\.worktrees\e7-deadlock-claim\engine-rig\fixtures\data\sokoban_domain.pddl C:\Users\user\Desktop\theoria\.worktrees\e7-deadlock-claim\engine-rig\runs\20260728T150713Z-E7-deadlock-claim-audit\attacks\work\a5\swap\swap-passage.pddl --search astar(cpdbs(patterns=manual_patterns([[23,24,22,14,7,21,4,19,15,3]])))

INFO     planner time limit: None
INFO     planner memory limit: None

INFO     Running translator.
INFO     translator stdin: None
INFO     translator time limit: None
INFO     translator memory limit: None
INFO     translator command line string: 'D:\Miniforge3\python.exe' -m translate 'C:\Users\user\Desktop\theoria\.worktrees\e7-deadlock-claim\engine-rig\fixtures\data\sokoban_domain.pddl' 'C:\Users\user\Desktop\theoria\.worktrees\e7-deadlock-claim\engine-rig\runs\20260728T150713Z-E7-deadlock-claim-audit\attacks\work\a5\swap\swap-passage.pddl' --sas-file output.sas
Warning! SIGXCPU is not available on your platform. This means that the planner cannot be gracefully terminated when using a time limit, which, however, is probably supported on your platform anyway.
Parsing...
Parsing: [0.000s CPU, 0.002s wall-clock]
Normalizing task... [0.000s CPU, 0.000s wall-clock]
Instantiating...
Generating Datalog program... [0.000s CPU, 0.000s wall-clock]
Normalizing Datalog program...
Normalizing Datalog program: [0.000s CPU, 0.001s wall-clock]
Preparing model... [0.000s CPU, 0.000s wall-clock]
Generated 20 rules.
Computing model... [0.000s CPU, 0.005s wall-clock]
597 relevant atoms
888 auxiliary atoms
1485 final queue length
1755 total queue pushes
Completing instantiation... [0.000s CPU, 0.002s wall-clock]
Instantiating: [0.016s CPU, 0.008s wall-clock]
Computing fact groups...
Finding invariants...
7 initial candidates
Finding invariants: [0.000s CPU, 0.001s wall-clock]
Checking invariant weight... [0.000s CPU, 0.000s wall-clock]
Instantiating groups... [0.000s CPU, 0.001s wall-clock]
Collecting mutex groups... [0.000s CPU, 0.000s wall-clock]
Choosing groups...
54 uncovered facts
Choosing groups: [0.000s CPU, 0.000s wall-clock]
Building translation key... [0.000s CPU, 0.000s wall-clock]
Computing fact groups: [0.000s CPU, 0.003s wall-clock]
Building STRIPS to SAS dictionary... [0.000s CPU, 0.000s wall-clock]
Building dictionary for full mutex groups... [0.000s CPU, 0.000s wall-clock]
Building mutex information...
Building mutex information: [0.000s CPU, 0.000s wall-clock]
Translating task...
Processing axioms...
Simplifying axioms... [0.000s CPU, 0.000s wall-clock]
Translator axioms removed by simplifying: 0
Processing axioms: [0.000s CPU, 0.000s wall-clock]
Translating task: [0.000s CPU, 0.002s wall-clock]
204 effect conditions simplified
0 implied preconditions added
Detecting unreachable propositions...
0 operators removed
0 axioms removed
67 propositions removed
Detecting unreachable propositions: [0.000s CPU, 0.001s wall-clock]
Reordering and filtering variables...
25 of 25 variables necessary.
22 of 25 mutex groups necessary.
132 of 132 operators necessary.
0 of 0 axiom rules necessary.
Reordering and filtering variables: [0.000s CPU, 0.001s wall-clock]
Translator variables: 25
Translator derived variables: 0
Translator facts: 110
Translator goal facts: 2
Translator mutex groups: 22
Translator total mutex groups size: 88
Translator operators: 132
Translator axioms: 0
Translator task size: 1233
warning: could not determine peak memory
Writing output... [0.000s CPU, 0.010s wall-clock]
Done! [0.016s CPU, 0.027s wall-clock]
translate exit code: 0

INFO     Running search (release).
INFO     search stdin: output.sas
INFO     search time limit: None
INFO     search memory limit: None
INFO     search command line string: 'C:\Users\user\Desktop\theoria\.worktrees\p13\engine-rig\.toolchain\downward\builds\release\bin\downward.exe' --search 'astar(cpdbs(patterns=manual_patterns([[23,24,22,14,7,21,4,19,15,3]])))' --internal-plan-file 'C:\Users\user\AppData\Local\Temp\e7verifytopne1_b\sas_plan' < output.sas
[t=0.000151s, 1948 KB] Search code revision: 7120aa0
[t=0.000238s, 1960 KB] reading input...
[t=0.001666s, 2188 KB] done reading input!
[t=0.002996s, 2840 KB] Initializing canonical PDB heuristic...
[t=0.003006s, 2840 KB] Generating patterns using: manual pattern collection generator
[t=0.003010s, 2840 KB] Manual pattern collection: [[23, 24, 22, 14, 7, 21, 4, 19, 15, 3]]
[t=0.003019s, 2840 KB] manual pattern collection generator number of patterns: 1
[t=0.003022s, 2840 KB] manual pattern collection generator total PDB size: 1362944
[t=0.003025s, 2840 KB] manual pattern collection generator computation time: 9e-06s
[t=0.003033s, 2840 KB] Computing PDBs for pattern collection...
[t=0.020788s, 8676 KB] Done computing PDBs for pattern collection: 0.017769s
[t=0.020812s, 8676 KB] Computing pattern cliques for pattern collection...
[t=0.020834s, 8676 KB] Done computing pattern cliques for pattern collection: 0.000024s
[t=0.020842s, 8676 KB] Running dominance pruning...
[t=0.020847s, 8676 KB] Pruned 0 of 1 pattern cliques
[t=0.020850s, 8676 KB] Pruned 0 of 1 PDBs
[t=0.020854s, 8676 KB] Dominance pruning took 0.000010s
[t=0.020858s, 8676 KB] Canonical PDB heuristic number of patterns: 1
[t=0.020862s, 8676 KB] Canonical PDB heuristic total PDB size: 1362944
[t=0.020867s, 8676 KB] Canonical PDB heuristic computation time: 0.017862s
[t=0.020910s, 8676 KB] Building successor generator... done!
[t=0.020975s, 8676 KB] peak memory difference for successor generator creation: 0 KB
[t=0.020977s, 8676 KB] time for successor generation creation: 0.000057s
[t=0.020982s, 8676 KB] Variables: 25
[t=0.020986s, 8676 KB] FactPairs: 110
[t=0.020988s, 8676 KB] Bytes per state: 8
[t=0.020998s, 8676 KB] Conducting best first search with reopening closed nodes, (real) bound = 2147483647
[t=0.021043s, 8676 KB] New best heuristic value for cpdbs: 11
[t=0.021048s, 8676 KB] g=0, 1 evaluated, 0 expanded
[t=0.021050s, 8676 KB] f = 11, 1 evaluated, 0 expanded
[t=0.021057s, 8676 KB] Initial heuristic value for cpdbs: 11
[t=0.021061s, 8676 KB] pruning method: none
[t=0.021069s, 8676 KB] New best heuristic value for cpdbs: 10
[t=0.021073s, 8676 KB] g=1, 3 evaluated, 1 expanded
[t=0.021079s, 8676 KB] New best heuristic value for cpdbs: 9
[t=0.021081s, 8676 KB] g=2, 6 evaluated, 2 expanded
[t=0.021088s, 8676 KB] New best heuristic value for cpdbs: 8
[t=0.021090s, 8676 KB] g=3, 10 evaluated, 3 expanded
[t=0.021094s, 8676 KB] New best heuristic value for cpdbs: 7
[t=0.021098s, 8676 KB] g=4, 12 evaluated, 4 expanded
[t=0.021106s, 8676 KB] New best heuristic value for cpdbs: 6
[t=0.021111s, 8676 KB] g=5, 15 evaluated, 5 expanded
[t=0.021116s, 8676 KB] New best heuristic value for cpdbs: 5
[t=0.021120s, 8676 KB] g=6, 17 evaluated, 6 expanded
[t=0.021124s, 8676 KB] New best heuristic value for cpdbs: 4
[t=0.021128s, 8676 KB] g=7, 19 evaluated, 7 expanded
[t=0.021133s, 8676 KB] f = 13, 21 evaluated, 8 expanded
[t=0.021159s, 8676 KB] f = 15, 37 evaluated, 23 expanded
[t=0.021170s, 8676 KB] f = 17, 39 evaluated, 32 expanded
[t=0.021205s, 8676 KB] f = 19, 69 evaluated, 46 expanded
[t=0.021233s, 8676 KB] f = 21, 91 evaluated, 65 expanded
[t=0.021266s, 8676 KB] f = 23, 114 evaluated, 88 expanded
[t=0.021303s, 8676 KB] f = 25, 136 evaluated, 110 expanded
[t=0.021333s, 8676 KB] f = 27, 160 evaluated, 130 expanded
[t=0.021362s, 8676 KB] f = 29, 180 evaluated, 152 expanded
[t=0.021381s, 8676 KB] New best heuristic value for cpdbs: 3
[t=0.021385s, 8676 KB] g=26, 198 evaluated, 161 expanded
[t=0.021422s, 8676 KB] f = 31, 228 evaluated, 183 expanded
[t=0.021519s, 8676 KB] f = 33, 268 evaluated, 217 expanded
[t=0.021586s, 8676 KB] f = 35, 314 evaluated, 263 expanded
[t=0.021676s, 8676 KB] f = 37, 405 evaluated, 322 expanded
[t=0.021770s, 8676 KB] f = 39, 486 evaluated, 395 expanded
[t=0.021858s, 8676 KB] f = 41, 534 evaluated, 459 expanded
[t=0.021922s, 8676 KB] f = 43, 588 evaluated, 510 expanded
[t=0.021961s, 8676 KB] f = 45, 615 evaluated, 547 expanded
[t=0.021990s, 8676 KB] f = 47, 631 evaluated, 573 expanded
[t=0.022009s, 8676 KB] f = 49, 643 evaluated, 587 expanded
[t=0.022033s, 8676 KB] f = 51, 661 evaluated, 603 expanded
[t=0.022053s, 8676 KB] f = 53, 675 evaluated, 617 expanded
[t=0.022065s, 8676 KB] f = 55, 678 evaluated, 627 expanded
[t=0.022070s, 8676 KB] Completely explored state space -- no solution!
[t=0.022072s, 8676 KB] Actual search time: 0.001010s
[t=0.022075s, 8676 KB] Expanded 630 state(s).
[t=0.022075s, 8676 KB] Reopened 0 state(s).
[t=0.022075s, 8676 KB] Evaluated 678 state(s).
[t=0.022075s, 8676 KB] Evaluations: 678
[t=0.022075s, 8676 KB] Generated 1664 state(s).
[t=0.022075s, 8676 KB] Dead ends: 48 state(s).
[t=0.022075s, 8676 KB] Expanded until last jump: 627 state(s).
[t=0.022075s, 8676 KB] Reopened until last jump: 0 state(s).
[t=0.022075s, 8676 KB] Evaluated until last jump: 678 state(s).
[t=0.022075s, 8676 KB] Generated until last jump: 1658 state(s).
[t=0.022075s, 8676 KB] Number of registered states: 678
[t=0.022075s, 8676 KB] Int hash set load factor: 678/1024 = 0.662109
[t=0.022075s, 8676 KB] Int hash set resizes: 10
[t=0.022075s, 8676 KB] Search time: 0.001079s
[t=0.022075s, 8676 KB] Total time: 0.022075s
Search stopped without finding a solution.
Remove intermediate file output.sas
search exit code: 12

Driver aborting after search

