$ D:\Miniforge3\python.exe C:/Users/user/Desktop/theoria/.worktrees/p13/engine-rig/.toolchain/downward/fast-downward.py --plan-file C:\Users\user\AppData\Local\Temp\e7verifybe91k50r\sas_plan C:\Users\user\Desktop\theoria\.worktrees\e7-deadlock-claim\engine-rig\runs\20260728T150713Z-E7-deadlock-claim-audit\attacks\work\a5\swap\singleton\sokoban_guarded_singleton_domain.pddl C:\Users\user\Desktop\theoria\.worktrees\e7-deadlock-claim\engine-rig\runs\20260728T150713Z-E7-deadlock-claim-audit\attacks\work\a5\swap\singleton\swap-passage_guarded_singleton.pddl --search astar(cpdbs(patterns=systematic(2)))

INFO     planner time limit: None
INFO     planner memory limit: None

INFO     Running translator.
INFO     translator stdin: None
INFO     translator time limit: None
INFO     translator memory limit: None
INFO     translator command line string: 'D:\Miniforge3\python.exe' -m translate 'C:\Users\user\Desktop\theoria\.worktrees\e7-deadlock-claim\engine-rig\runs\20260728T150713Z-E7-deadlock-claim-audit\attacks\work\a5\swap\singleton\sokoban_guarded_singleton_domain.pddl' 'C:\Users\user\Desktop\theoria\.worktrees\e7-deadlock-claim\engine-rig\runs\20260728T150713Z-E7-deadlock-claim-audit\attacks\work\a5\swap\singleton\swap-passage_guarded_singleton.pddl' --sas-file output.sas
Warning! SIGXCPU is not available on your platform. This means that the planner cannot be gracefully terminated when using a time limit, which, however, is probably supported on your platform anyway.
Parsing...
Parsing: [0.000s CPU, 0.002s wall-clock]
Normalizing task... [0.000s CPU, 0.000s wall-clock]
Instantiating...
Generating Datalog program... [0.000s CPU, 0.000s wall-clock]
Normalizing Datalog program...
Normalizing Datalog program: [0.000s CPU, 0.001s wall-clock]
Preparing model... [0.000s CPU, 0.000s wall-clock]
Generated 20 rules.
Computing model... [0.000s CPU, 0.005s wall-clock]
613 relevant atoms
888 auxiliary atoms
1501 final queue length
1771 total queue pushes
Completing instantiation... [0.000s CPU, 0.002s wall-clock]
Instantiating: [0.000s CPU, 0.008s wall-clock]
Computing fact groups...
Finding invariants...
7 initial candidates
Finding invariants: [0.000s CPU, 0.001s wall-clock]
Checking invariant weight... [0.000s CPU, 0.000s wall-clock]
Instantiating groups... [0.000s CPU, 0.001s wall-clock]
Collecting mutex groups... [0.000s CPU, 0.000s wall-clock]
Choosing groups...
54 uncovered facts
Choosing groups: [0.000s CPU, 0.000s wall-clock]
Building translation key... [0.000s CPU, 0.000s wall-clock]
Computing fact groups: [0.000s CPU, 0.003s wall-clock]
Building STRIPS to SAS dictionary... [0.000s CPU, 0.000s wall-clock]
Building dictionary for full mutex groups... [0.000s CPU, 0.000s wall-clock]
Building mutex information...
Building mutex information: [0.000s CPU, 0.000s wall-clock]
Translating task...
Processing axioms...
Simplifying axioms... [0.000s CPU, 0.000s wall-clock]
Translator axioms removed by simplifying: 0
Processing axioms: [0.000s CPU, 0.000s wall-clock]
Translating task: [0.016s CPU, 0.002s wall-clock]
172 effect conditions simplified
0 implied preconditions added
Detecting unreachable propositions...
0 operators removed
0 axioms removed
83 propositions removed
Detecting unreachable propositions: [0.000s CPU, 0.001s wall-clock]
Reordering and filtering variables...
25 of 25 variables necessary.
22 of 25 mutex groups necessary.
116 of 116 operators necessary.
0 of 0 axiom rules necessary.
Reordering and filtering variables: [0.000s CPU, 0.001s wall-clock]
Translator variables: 25
Translator derived variables: 0
Translator facts: 94
Translator goal facts: 2
Translator mutex groups: 22
Translator total mutex groups size: 72
Translator operators: 116
Translator axioms: 0
Translator task size: 1057
warning: could not determine peak memory
Writing output... [0.000s CPU, 0.009s wall-clock]
Done! [0.016s CPU, 0.027s wall-clock]
translate exit code: 0

INFO     Running search (release).
INFO     search stdin: output.sas
INFO     search time limit: None
INFO     search memory limit: None
INFO     search command line string: 'C:\Users\user\Desktop\theoria\.worktrees\p13\engine-rig\.toolchain\downward\builds\release\bin\downward.exe' --search 'astar(cpdbs(patterns=systematic(2)))' --internal-plan-file 'C:\Users\user\AppData\Local\Temp\e7verifybe91k50r\sas_plan' < output.sas
[t=0.000154s, 1964 KB] Search code revision: 7120aa0
[t=0.000250s, 1972 KB] reading input...
[t=0.001494s, 2200 KB] done reading input!
[t=0.002776s, 2780 KB] Initializing canonical PDB heuristic...
[t=0.002787s, 2780 KB] Generating patterns using: systematic pattern collection generator
[t=0.002798s, 2780 KB] Building causal graph... done!
[t=0.002982s, 2868 KB] Found 32 SGA patterns.
[t=0.003022s, 2868 KB] Found 32 interesting patterns.
[t=0.003038s, 2880 KB] systematic pattern collection generator number of patterns: 32
[t=0.003041s, 2880 KB] systematic pattern collection generator total PDB size: 1428
[t=0.003044s, 2880 KB] systematic pattern collection generator computation time: 0.0002454s
[t=0.003050s, 2880 KB] Computing PDBs for pattern collection...
[t=0.003745s, 2888 KB] Done computing PDBs for pattern collection: 0.000699s
[t=0.003753s, 2888 KB] Computing pattern cliques for pattern collection...
[t=0.003773s, 2888 KB] Done computing pattern cliques for pattern collection: 0.000022s
[t=0.003779s, 2888 KB] Running dominance pruning...
[t=0.003787s, 2888 KB] Pruned 0 of 31 pattern cliques
[t=0.003790s, 2888 KB] Pruned 0 of 32 PDBs
[t=0.003792s, 2888 KB] Dominance pruning took 0.000012s
[t=0.003795s, 2888 KB] Canonical PDB heuristic number of patterns: 32
[t=0.003797s, 2888 KB] Canonical PDB heuristic total PDB size: 1428
[t=0.003799s, 2888 KB] Canonical PDB heuristic computation time: 0.001019s
[t=0.003823s, 2888 KB] Building successor generator... done!
[t=0.003868s, 2888 KB] peak memory difference for successor generator creation: 0 KB
[t=0.003871s, 2888 KB] time for successor generation creation: 0.000040s
[t=0.003875s, 2888 KB] Variables: 25
[t=0.003877s, 2888 KB] FactPairs: 94
[t=0.003879s, 2888 KB] Bytes per state: 8
[t=0.003888s, 2888 KB] Conducting best first search with reopening closed nodes, (real) bound = 2147483647
[t=0.003906s, 2912 KB] New best heuristic value for cpdbs: 7
[t=0.003911s, 2912 KB] g=0, 1 evaluated, 0 expanded
[t=0.003914s, 2912 KB] f = 7, 1 evaluated, 0 expanded
[t=0.003920s, 2912 KB] Initial heuristic value for cpdbs: 7
[t=0.003922s, 2912 KB] pruning method: none
[t=0.003930s, 2912 KB] New best heuristic value for cpdbs: 6
[t=0.003934s, 2912 KB] g=1, 2 evaluated, 1 expanded
[t=0.003944s, 2924 KB] New best heuristic value for cpdbs: 5
[t=0.003946s, 2924 KB] g=2, 5 evaluated, 2 expanded
[t=0.003957s, 2924 KB] f = 9, 8 evaluated, 4 expanded
[t=0.003981s, 2936 KB] New best heuristic value for cpdbs: 4
[t=0.003983s, 2936 KB] g=5, 20 evaluated, 11 expanded
[t=0.003989s, 2936 KB] f = 11, 23 evaluated, 13 expanded
[t=0.004026s, 2936 KB] f = 13, 40 evaluated, 25 expanded
[t=0.004051s, 2936 KB] f = 15, 59 evaluated, 42 expanded
[t=0.004073s, 2936 KB] f = 17, 71 evaluated, 57 expanded
[t=0.004093s, 2936 KB] f = 19, 85 evaluated, 69 expanded
[t=0.004115s, 2936 KB] f = 21, 103 evaluated, 82 expanded
[t=0.004160s, 2972 KB] f = 23, 129 evaluated, 102 expanded
[t=0.004214s, 2972 KB] f = 25, 174 evaluated, 137 expanded
[t=0.004287s, 2972 KB] f = 27, 242 evaluated, 189 expanded
[t=0.004298s, 2972 KB] New best heuristic value for cpdbs: 3
[t=0.004301s, 2972 KB] g=24, 250 evaluated, 193 expanded
[t=0.004386s, 2976 KB] f = 29, 311 evaluated, 251 expanded
[t=0.004480s, 2976 KB] f = 31, 397 evaluated, 324 expanded
[t=0.004584s, 2976 KB] f = 33, 488 evaluated, 411 expanded
[t=0.004694s, 2988 KB] f = 35, 552 evaluated, 488 expanded
[t=0.004759s, 2988 KB] f = 37, 603 evaluated, 546 expanded
[t=0.004808s, 2988 KB] f = 39, 640 evaluated, 588 expanded
[t=0.004836s, 2988 KB] f = 41, 655 evaluated, 615 expanded
[t=0.004849s, 2988 KB] f = 43, 658 evaluated, 628 expanded
[t=0.004853s, 2988 KB] Completely explored state space -- no solution!
[t=0.004855s, 2988 KB] Actual search time: 0.000932s
[t=0.004858s, 2988 KB] Expanded 630 state(s).
[t=0.004858s, 2988 KB] Reopened 0 state(s).
[t=0.004858s, 2988 KB] Evaluated 658 state(s).
[t=0.004858s, 2988 KB] Evaluations: 658
[t=0.004858s, 2988 KB] Generated 1644 state(s).
[t=0.004858s, 2988 KB] Dead ends: 28 state(s).
[t=0.004858s, 2988 KB] Expanded until last jump: 628 state(s).
[t=0.004858s, 2988 KB] Reopened until last jump: 0 state(s).
[t=0.004858s, 2988 KB] Evaluated until last jump: 658 state(s).
[t=0.004858s, 2988 KB] Generated until last jump: 1640 state(s).
[t=0.004858s, 2988 KB] Number of registered states: 658
[t=0.004858s, 2988 KB] Int hash set load factor: 658/1024 = 0.642578
[t=0.004858s, 2988 KB] Int hash set resizes: 10
[t=0.004858s, 2988 KB] Search time: 0.000972s
[t=0.004858s, 2988 KB] Total time: 0.004858s
Search stopped without finding a solution.
Remove intermediate file output.sas
search exit code: 12

Driver aborting after search

