$ D:\Miniforge3\python.exe C:/Users/user/Desktop/theoria/.worktrees/p13/engine-rig/.toolchain/downward/fast-downward.py --plan-file C:\Users\user\AppData\Local\Temp\e7verify_pg7ibr3\sas_plan C:\Users\user\Desktop\theoria\.worktrees\e7-deadlock-claim\engine-rig\fixtures\data\sokoban_domain.pddl C:\Users\user\Desktop\theoria\.worktrees\e7-deadlock-claim\engine-rig\runs\20260728T150713Z-E7-deadlock-claim-audit\attacks\work\a5\swap\swap-passage.pddl --search astar(cpdbs(patterns=manual_patterns([[23,24,22,9,4,11,13,18,2,3]])))

INFO     planner time limit: None
INFO     planner memory limit: None

INFO     Running translator.
INFO     translator stdin: None
INFO     translator time limit: None
INFO     translator memory limit: None
INFO     translator command line string: 'D:\Miniforge3\python.exe' -m translate 'C:\Users\user\Desktop\theoria\.worktrees\e7-deadlock-claim\engine-rig\fixtures\data\sokoban_domain.pddl' 'C:\Users\user\Desktop\theoria\.worktrees\e7-deadlock-claim\engine-rig\runs\20260728T150713Z-E7-deadlock-claim-audit\attacks\work\a5\swap\swap-passage.pddl' --sas-file output.sas
Warning! SIGXCPU is not available on your platform. This means that the planner cannot be gracefully terminated when using a time limit, which, however, is probably supported on your platform anyway.
Parsing...
Parsing: [0.000s CPU, 0.002s wall-clock]
Normalizing task... [0.000s CPU, 0.000s wall-clock]
Instantiating...
Generating Datalog program... [0.000s CPU, 0.000s wall-clock]
Normalizing Datalog program...
Normalizing Datalog program: [0.000s CPU, 0.001s wall-clock]
Preparing model... [0.000s CPU, 0.000s wall-clock]
Generated 20 rules.
Computing model... [0.016s CPU, 0.005s wall-clock]
597 relevant atoms
888 auxiliary atoms
1485 final queue length
1755 total queue pushes
Completing instantiation... [0.000s CPU, 0.002s wall-clock]
Instantiating: [0.016s CPU, 0.008s wall-clock]
Computing fact groups...
Finding invariants...
7 initial candidates
Finding invariants: [0.000s CPU, 0.001s wall-clock]
Checking invariant weight... [0.000s CPU, 0.000s wall-clock]
Instantiating groups... [0.000s CPU, 0.001s wall-clock]
Collecting mutex groups... [0.000s CPU, 0.000s wall-clock]
Choosing groups...
54 uncovered facts
Choosing groups: [0.000s CPU, 0.000s wall-clock]
Building translation key... [0.000s CPU, 0.000s wall-clock]
Computing fact groups: [0.000s CPU, 0.003s wall-clock]
Building STRIPS to SAS dictionary... [0.000s CPU, 0.000s wall-clock]
Building dictionary for full mutex groups... [0.000s CPU, 0.000s wall-clock]
Building mutex information...
Building mutex information: [0.000s CPU, 0.000s wall-clock]
Translating task...
Processing axioms...
Simplifying axioms... [0.000s CPU, 0.000s wall-clock]
Translator axioms removed by simplifying: 0
Processing axioms: [0.000s CPU, 0.000s wall-clock]
Translating task: [0.000s CPU, 0.003s wall-clock]
204 effect conditions simplified
0 implied preconditions added
Detecting unreachable propositions...
0 operators removed
0 axioms removed
67 propositions removed
Detecting unreachable propositions: [0.000s CPU, 0.001s wall-clock]
Reordering and filtering variables...
25 of 25 variables necessary.
22 of 25 mutex groups necessary.
132 of 132 operators necessary.
0 of 0 axiom rules necessary.
Reordering and filtering variables: [0.000s CPU, 0.001s wall-clock]
Translator variables: 25
Translator derived variables: 0
Translator facts: 110
Translator goal facts: 2
Translator mutex groups: 22
Translator total mutex groups size: 88
Translator operators: 132
Translator axioms: 0
Translator task size: 1233
warning: could not determine peak memory
Writing output... [0.000s CPU, 0.010s wall-clock]
Done! [0.016s CPU, 0.028s wall-clock]
translate exit code: 0

INFO     Running search (release).
INFO     search stdin: output.sas
INFO     search time limit: None
INFO     search memory limit: None
INFO     search command line string: 'C:\Users\user\Desktop\theoria\.worktrees\p13\engine-rig\.toolchain\downward\builds\release\bin\downward.exe' --search 'astar(cpdbs(patterns=manual_patterns([[23,24,22,9,4,11,13,18,2,3]])))' --internal-plan-file 'C:\Users\user\AppData\Local\Temp\e7verify_pg7ibr3\sas_plan' < output.sas
[t=0.000143s, 1952 KB] Search code revision: 7120aa0
[t=0.000237s, 1952 KB] reading input...
[t=0.001653s, 2296 KB] done reading input!
[t=0.002979s, 2896 KB] Initializing canonical PDB heuristic...
[t=0.002990s, 2896 KB] Generating patterns using: manual pattern collection generator
[t=0.002994s, 2896 KB] Manual pattern collection: [[23, 24, 22, 9, 4, 11, 13, 18, 2, 3]]
[t=0.003005s, 2904 KB] manual pattern collection generator number of patterns: 1
[t=0.003010s, 2904 KB] manual pattern collection generator total PDB size: 1362944
[t=0.003013s, 2904 KB] manual pattern collection generator computation time: 1.11e-05s
[t=0.003019s, 2904 KB] Computing PDBs for pattern collection...
[t=0.022524s, 8816 KB] Done computing PDBs for pattern collection: 0.019518s
[t=0.022549s, 8816 KB] Computing pattern cliques for pattern collection...
[t=0.022574s, 8816 KB] Done computing pattern cliques for pattern collection: 0.000027s
[t=0.022583s, 8816 KB] Running dominance pruning...
[t=0.022587s, 8816 KB] Pruned 0 of 1 pattern cliques
[t=0.022590s, 8816 KB] Pruned 0 of 1 PDBs
[t=0.022593s, 8816 KB] Dominance pruning took 0.000009s
[t=0.022597s, 8816 KB] Canonical PDB heuristic number of patterns: 1
[t=0.022599s, 8816 KB] Canonical PDB heuristic total PDB size: 1362944
[t=0.022602s, 8816 KB] Canonical PDB heuristic computation time: 0.019617s
[t=0.022694s, 8816 KB] Building successor generator... done!
[t=0.022755s, 8816 KB] peak memory difference for successor generator creation: 0 KB
[t=0.022757s, 8816 KB] time for successor generation creation: 0.000052s
[t=0.022763s, 8816 KB] Variables: 25
[t=0.022765s, 8816 KB] FactPairs: 110
[t=0.022770s, 8816 KB] Bytes per state: 8
[t=0.022780s, 8816 KB] Conducting best first search with reopening closed nodes, (real) bound = 2147483647
[t=0.022814s, 8816 KB] New best heuristic value for cpdbs: 9
[t=0.022819s, 8816 KB] g=0, 1 evaluated, 0 expanded
[t=0.022821s, 8816 KB] f = 9, 1 evaluated, 0 expanded
[t=0.022828s, 8816 KB] Initial heuristic value for cpdbs: 9
[t=0.022830s, 8816 KB] pruning method: none
[t=0.022839s, 8816 KB] New best heuristic value for cpdbs: 8
[t=0.022842s, 8816 KB] g=1, 3 evaluated, 1 expanded
[t=0.022848s, 8816 KB] New best heuristic value for cpdbs: 7
[t=0.022852s, 8816 KB] g=2, 6 evaluated, 2 expanded
[t=0.022860s, 8816 KB] New best heuristic value for cpdbs: 6
[t=0.022864s, 8816 KB] g=3, 10 evaluated, 3 expanded
[t=0.022869s, 8816 KB] f = 11, 12 evaluated, 4 expanded
[t=0.022890s, 8816 KB] f = 13, 22 evaluated, 11 expanded
[t=0.022909s, 8816 KB] f = 15, 31 evaluated, 20 expanded
[t=0.022924s, 8816 KB] f = 17, 37 evaluated, 28 expanded
[t=0.022954s, 8816 KB] f = 19, 59 evaluated, 41 expanded
[t=0.022983s, 8816 KB] f = 21, 76 evaluated, 55 expanded
[t=0.023023s, 8816 KB] f = 23, 104 evaluated, 78 expanded
[t=0.023050s, 8816 KB] f = 25, 117 evaluated, 94 expanded
[t=0.023099s, 8816 KB] f = 27, 151 evaluated, 115 expanded
[t=0.023132s, 8816 KB] New best heuristic value for cpdbs: 5
[t=0.023136s, 8816 KB] g=22, 175 evaluated, 134 expanded
[t=0.023142s, 8816 KB] New best heuristic value for cpdbs: 4
[t=0.023146s, 8816 KB] g=23, 179 evaluated, 135 expanded
[t=0.023197s, 8816 KB] f = 29, 224 evaluated, 161 expanded
[t=0.023209s, 8816 KB] New best heuristic value for cpdbs: 3
[t=0.023211s, 8816 KB] g=26, 229 evaluated, 163 expanded
[t=0.023300s, 8816 KB] f = 31, 283 evaluated, 219 expanded
[t=0.023387s, 8816 KB] f = 33, 351 evaluated, 277 expanded
[t=0.023478s, 8816 KB] f = 35, 419 evaluated, 343 expanded
[t=0.023580s, 8816 KB] f = 37, 498 evaluated, 414 expanded
[t=0.023668s, 8816 KB] f = 39, 541 evaluated, 468 expanded
[t=0.023734s, 8816 KB] f = 41, 586 evaluated, 516 expanded
[t=0.023763s, 8816 KB] f = 43, 600 evaluated, 542 expanded
[t=0.023785s, 8816 KB] f = 45, 611 evaluated, 558 expanded
[t=0.023816s, 8816 KB] f = 47, 634 evaluated, 576 expanded
[t=0.023850s, 8816 KB] f = 49, 658 evaluated, 596 expanded
[t=0.023877s, 8816 KB] f = 51, 675 evaluated, 615 expanded
[t=0.023890s, 8816 KB] f = 53, 678 evaluated, 627 expanded
[t=0.023896s, 8816 KB] Completely explored state space -- no solution!
[t=0.023898s, 8816 KB] Actual search time: 0.001067s
[t=0.023902s, 8816 KB] Expanded 630 state(s).
[t=0.023902s, 8816 KB] Reopened 0 state(s).
[t=0.023902s, 8816 KB] Evaluated 678 state(s).
[t=0.023902s, 8816 KB] Evaluations: 678
[t=0.023902s, 8816 KB] Generated 1664 state(s).
[t=0.023902s, 8816 KB] Dead ends: 48 state(s).
[t=0.023902s, 8816 KB] Expanded until last jump: 627 state(s).
[t=0.023902s, 8816 KB] Reopened until last jump: 0 state(s).
[t=0.023902s, 8816 KB] Evaluated until last jump: 678 state(s).
[t=0.023902s, 8816 KB] Generated until last jump: 1658 state(s).
[t=0.023902s, 8816 KB] Number of registered states: 678
[t=0.023902s, 8816 KB] Int hash set load factor: 678/1024 = 0.662109
[t=0.023902s, 8816 KB] Int hash set resizes: 10
[t=0.023902s, 8816 KB] Search time: 0.001124s
[t=0.023902s, 8816 KB] Total time: 0.023902s
Search stopped without finding a solution.
Remove intermediate file output.sas
search exit code: 12

Driver aborting after search

