$ D:\Miniforge3\python.exe C:/Users/user/Desktop/theoria/.worktrees/p13/engine-rig/.toolchain/downward/fast-downward.py --plan-file C:\Users\user\AppData\Local\Temp\e7verify455xgmo2\sas_plan C:\Users\user\Desktop\theoria\.worktrees\e7-deadlock-claim\engine-rig\fixtures\data\sokoban_domain.pddl C:\Users\user\Desktop\theoria\.worktrees\e7-deadlock-claim\engine-rig\runs\20260728T150713Z-E7-deadlock-claim-audit\attacks\work\a5\swap\swap-passage.pddl --search astar(ipdb(pdb_max_size=200000,collection_max_size=1000000,max_time=30,random_seed=1))

INFO     planner time limit: None
INFO     planner memory limit: None

INFO     Running translator.
INFO     translator stdin: None
INFO     translator time limit: None
INFO     translator memory limit: None
INFO     translator command line string: 'D:\Miniforge3\python.exe' -m translate 'C:\Users\user\Desktop\theoria\.worktrees\e7-deadlock-claim\engine-rig\fixtures\data\sokoban_domain.pddl' 'C:\Users\user\Desktop\theoria\.worktrees\e7-deadlock-claim\engine-rig\runs\20260728T150713Z-E7-deadlock-claim-audit\attacks\work\a5\swap\swap-passage.pddl' --sas-file output.sas
Warning! SIGXCPU is not available on your platform. This means that the planner cannot be gracefully terminated when using a time limit, which, however, is probably supported on your platform anyway.
Parsing...
Parsing: [0.000s CPU, 0.002s wall-clock]
Normalizing task... [0.000s CPU, 0.000s wall-clock]
Instantiating...
Generating Datalog program... [0.000s CPU, 0.000s wall-clock]
Normalizing Datalog program...
Normalizing Datalog program: [0.000s CPU, 0.001s wall-clock]
Preparing model... [0.000s CPU, 0.000s wall-clock]
Generated 20 rules.
Computing model... [0.016s CPU, 0.005s wall-clock]
597 relevant atoms
888 auxiliary atoms
1485 final queue length
1755 total queue pushes
Completing instantiation... [0.000s CPU, 0.002s wall-clock]
Instantiating: [0.016s CPU, 0.008s wall-clock]
Computing fact groups...
Finding invariants...
7 initial candidates
Finding invariants: [0.000s CPU, 0.001s wall-clock]
Checking invariant weight... [0.000s CPU, 0.000s wall-clock]
Instantiating groups... [0.000s CPU, 0.001s wall-clock]
Collecting mutex groups... [0.000s CPU, 0.000s wall-clock]
Choosing groups...
54 uncovered facts
Choosing groups: [0.000s CPU, 0.000s wall-clock]
Building translation key... [0.000s CPU, 0.000s wall-clock]
Computing fact groups: [0.000s CPU, 0.003s wall-clock]
Building STRIPS to SAS dictionary... [0.000s CPU, 0.000s wall-clock]
Building dictionary for full mutex groups... [0.000s CPU, 0.000s wall-clock]
Building mutex information...
Building mutex information: [0.000s CPU, 0.000s wall-clock]
Translating task...
Processing axioms...
Simplifying axioms... [0.000s CPU, 0.000s wall-clock]
Translator axioms removed by simplifying: 0
Processing axioms: [0.000s CPU, 0.000s wall-clock]
Translating task: [0.000s CPU, 0.002s wall-clock]
204 effect conditions simplified
0 implied preconditions added
Detecting unreachable propositions...
0 operators removed
0 axioms removed
67 propositions removed
Detecting unreachable propositions: [0.000s CPU, 0.001s wall-clock]
Reordering and filtering variables...
25 of 25 variables necessary.
22 of 25 mutex groups necessary.
132 of 132 operators necessary.
0 of 0 axiom rules necessary.
Reordering and filtering variables: [0.000s CPU, 0.001s wall-clock]
Translator variables: 25
Translator derived variables: 0
Translator facts: 110
Translator goal facts: 2
Translator mutex groups: 22
Translator total mutex groups size: 88
Translator operators: 132
Translator axioms: 0
Translator task size: 1233
warning: could not determine peak memory
Writing output... [0.000s CPU, 0.009s wall-clock]
Done! [0.016s CPU, 0.027s wall-clock]
translate exit code: 0

INFO     Running search (release).
INFO     search stdin: output.sas
INFO     search time limit: None
INFO     search memory limit: None
INFO     search command line string: 'C:\Users\user\Desktop\theoria\.worktrees\p13\engine-rig\.toolchain\downward\builds\release\bin\downward.exe' --search 'astar(ipdb(pdb_max_size=200000,collection_max_size=1000000,max_time=30,random_seed=1))' --internal-plan-file 'C:\Users\user\AppData\Local\Temp\e7verify455xgmo2\sas_plan' < output.sas
[t=0.000160s, 1956 KB] Search code revision: 7120aa0
[t=0.000251s, 1956 KB] reading input...
[t=0.001952s, 2244 KB] done reading input!
[t=0.003344s, 2816 KB] Initializing canonical PDB heuristic...
[t=0.003355s, 2816 KB] Generating patterns using: hill climbing pattern collection generator
[t=0.003446s, 2820 KB] Done calculating initial pattern collection: 0.000089s
[t=0.003455s, 2820 KB] Average operator cost: 1.000000
[t=0.003462s, 2820 KB] Building causal graph... done!
[t=0.004728s, 2904 KB] Done calculating initial candidate PDBs
[t=0.008672s, 3120 KB] found a better pattern with improvement 960
[t=0.016139s, 3348 KB] found a better pattern with improvement 748
[t=0.033854s, 5216 KB] found a better pattern with improvement 589
[t=0.054576s, 8756 KB] found a better pattern with improvement 933
[t=0.084404s, 15596 KB] found a better pattern with improvement 1000
[t=0.125794s, 28388 KB] found a better pattern with improvement 630
[t=0.141425s, 28388 KB] found a better pattern with improvement 67
[t=0.157329s, 28388 KB] Improvement below threshold. Stop hill climbing.
[t=0.157336s, 28388 KB] Hill climbing iterations: 8
[t=0.157340s, 28388 KB] Hill climbing generated patterns: 151
[t=0.157343s, 28388 KB] Hill climbing rejected patterns: 138
[t=0.157345s, 28388 KB] Hill climbing maximum PDB size: 170368
[t=0.157347s, 28388 KB] Hill climbing time: 0.153893s
[t=0.158927s, 28388 KB] hill climbing pattern collection generator number of patterns: 9
[t=0.158935s, 28388 KB] hill climbing pattern collection generator total PDB size: 500984
[t=0.158938s, 28388 KB] hill climbing pattern collection generator computation time: 0.155567s
[t=0.158943s, 28388 KB] Running dominance pruning...
[t=0.158949s, 28388 KB] Pruned 6 of 8 pattern cliques
[t=0.158951s, 28388 KB] Pruned 7 of 9 PDBs
[t=0.158954s, 28388 KB] Dominance pruning took 0.000009s
[t=0.159049s, 28388 KB] Canonical PDB heuristic number of patterns: 2
[t=0.159057s, 28388 KB] Canonical PDB heuristic total PDB size: 340736
[t=0.159060s, 28388 KB] Canonical PDB heuristic computation time: 0.155705s
[t=0.159094s, 28388 KB] Building successor generator... done!
[t=0.159153s, 28388 KB] peak memory difference for successor generator creation: 0 KB
[t=0.159156s, 28388 KB] time for successor generation creation: 0.000046s
[t=0.159161s, 28388 KB] Variables: 25
[t=0.159163s, 28388 KB] FactPairs: 110
[t=0.159165s, 28388 KB] Bytes per state: 8
[t=0.159175s, 28388 KB] Conducting best first search with reopening closed nodes, (real) bound = 2147483647
[t=0.159197s, 28388 KB] New best heuristic value for cpdbs: 17
[t=0.159201s, 28388 KB] g=0, 1 evaluated, 0 expanded
[t=0.159203s, 28388 KB] f = 17, 1 evaluated, 0 expanded
[t=0.159211s, 28388 KB] Initial heuristic value for cpdbs: 17
[t=0.159215s, 28388 KB] pruning method: none
[t=0.159224s, 28388 KB] New best heuristic value for cpdbs: 16
[t=0.159226s, 28388 KB] g=1, 3 evaluated, 1 expanded
[t=0.159235s, 28388 KB] f = 19, 8 evaluated, 3 expanded
[t=0.159245s, 28388 KB] f = 21, 13 evaluated, 7 expanded
[t=0.159251s, 28388 KB] f = 23, 14 evaluated, 10 expanded
[t=0.159258s, 28388 KB] f = 25, 18 evaluated, 11 expanded
[t=0.159270s, 28388 KB] f = 27, 26 evaluated, 17 expanded
[t=0.159289s, 28388 KB] f = 29, 38 evaluated, 27 expanded
[t=0.159306s, 28388 KB] New best heuristic value for cpdbs: 15
[t=0.159310s, 28388 KB] g=14, 51 evaluated, 35 expanded
[t=0.159315s, 28388 KB] New best heuristic value for cpdbs: 14
[t=0.159318s, 28388 KB] g=15, 54 evaluated, 36 expanded
[t=0.159323s, 28388 KB] New best heuristic value for cpdbs: 13
[t=0.159325s, 28388 KB] g=16, 56 evaluated, 37 expanded
[t=0.159334s, 28388 KB] New best heuristic value for cpdbs: 12
[t=0.159337s, 28388 KB] g=17, 60 evaluated, 38 expanded
[t=0.159361s, 28388 KB] New best heuristic value for cpdbs: 11
[t=0.159365s, 28388 KB] g=18, 81 evaluated, 47 expanded
[t=0.159368s, 28388 KB] New best heuristic value for cpdbs: 10
[t=0.159370s, 28388 KB] g=19, 82 evaluated, 48 expanded
[t=0.159374s, 28388 KB] New best heuristic value for cpdbs: 9
[t=0.159378s, 28388 KB] g=20, 83 evaluated, 49 expanded
[t=0.159382s, 28388 KB] New best heuristic value for cpdbs: 8
[t=0.159384s, 28388 KB] g=21, 85 evaluated, 50 expanded
[t=0.159392s, 28388 KB] f = 31, 89 evaluated, 54 expanded
[t=0.159461s, 28388 KB] f = 33, 146 evaluated, 94 expanded
[t=0.159527s, 28388 KB] f = 35, 200 evaluated, 144 expanded
[t=0.159561s, 28388 KB] New best heuristic value for cpdbs: 7
[t=0.159563s, 28388 KB] g=28, 228 evaluated, 168 expanded
[t=0.159568s, 28388 KB] New best heuristic value for cpdbs: 6
[t=0.159570s, 28388 KB] g=29, 231 evaluated, 169 expanded
[t=0.159574s, 28388 KB] New best heuristic value for cpdbs: 5
[t=0.159576s, 28388 KB] g=30, 233 evaluated, 170 expanded
[t=0.159581s, 28388 KB] New best heuristic value for cpdbs: 4
[t=0.159583s, 28388 KB] g=31, 236 evaluated, 171 expanded
[t=0.159651s, 28388 KB] f = 37, 290 evaluated, 214 expanded
[t=0.159744s, 28388 KB] f = 39, 372 evaluated, 287 expanded
[t=0.159819s, 28388 KB] f = 41, 426 evaluated, 353 expanded
[t=0.159894s, 28388 KB] f = 43, 486 evaluated, 414 expanded
[t=0.160003s, 28388 KB] f = 45, 550 evaluated, 472 expanded
[t=0.160047s, 28388 KB] f = 47, 580 evaluated, 513 expanded
[t=0.160075s, 28388 KB] f = 49, 595 evaluated, 539 expanded
[t=0.160087s, 28388 KB] f = 51, 597 evaluated, 550 expanded
[t=0.160093s, 28388 KB] f = 53, 601 evaluated, 553 expanded
[t=0.160099s, 28388 KB] f = 55, 604 evaluated, 556 expanded
[t=0.160107s, 28388 KB] f = 57, 607 evaluated, 559 expanded
[t=0.160112s, 28388 KB] f = 59, 608 evaluated, 561 expanded
[t=0.160115s, 28388 KB] Completely explored state space -- no solution!
[t=0.160118s, 28388 KB] Actual search time: 0.000902s
[t=0.160121s, 28388 KB] Expanded 562 state(s).
[t=0.160121s, 28388 KB] Reopened 0 state(s).
[t=0.160121s, 28388 KB] Evaluated 608 state(s).
[t=0.160121s, 28388 KB] Evaluations: 608
[t=0.160121s, 28388 KB] Generated 1480 state(s).
[t=0.160121s, 28388 KB] Dead ends: 46 state(s).
[t=0.160121s, 28388 KB] Expanded until last jump: 561 state(s).
[t=0.160121s, 28388 KB] Reopened until last jump: 0 state(s).
[t=0.160121s, 28388 KB] Evaluated until last jump: 608 state(s).
[t=0.160121s, 28388 KB] Generated until last jump: 1478 state(s).
[t=0.160121s, 28388 KB] Number of registered states: 608
[t=0.160121s, 28388 KB] Int hash set load factor: 608/1024 = 0.593750
[t=0.160121s, 28388 KB] Int hash set resizes: 10
[t=0.160121s, 28388 KB] Search time: 0.000948s
[t=0.160121s, 28388 KB] Total time: 0.160121s
Search stopped without finding a solution.
Remove intermediate file output.sas
search exit code: 12

Driver aborting after search

