$ D:\Miniforge3\python.exe C:/Users/user/Desktop/theoria/.worktrees/p13/engine-rig/.toolchain/downward/fast-downward.py --plan-file C:\Users\user\AppData\Local\Temp\e7verifylhgcmqbn\sas_plan C:\Users\user\Desktop\theoria\.worktrees\e7-deadlock-claim\engine-rig\runs\20260728T150713Z-E7-deadlock-claim-audit\attacks\work\a5\swap\singleton\sokoban_guarded_singleton_domain.pddl C:\Users\user\Desktop\theoria\.worktrees\e7-deadlock-claim\engine-rig\runs\20260728T150713Z-E7-deadlock-claim-audit\attacks\work\a5\swap\singleton\swap-passage_guarded_singleton.pddl --search astar(cpdbs(patterns=manual_patterns([[23,24,22,21,3,7,17,20,9]])))

INFO     planner time limit: None
INFO     planner memory limit: None

INFO     Running translator.
INFO     translator stdin: None
INFO     translator time limit: None
INFO     translator memory limit: None
INFO     translator command line string: 'D:\Miniforge3\python.exe' -m translate 'C:\Users\user\Desktop\theoria\.worktrees\e7-deadlock-claim\engine-rig\runs\20260728T150713Z-E7-deadlock-claim-audit\attacks\work\a5\swap\singleton\sokoban_guarded_singleton_domain.pddl' 'C:\Users\user\Desktop\theoria\.worktrees\e7-deadlock-claim\engine-rig\runs\20260728T150713Z-E7-deadlock-claim-audit\attacks\work\a5\swap\singleton\swap-passage_guarded_singleton.pddl' --sas-file output.sas
Warning! SIGXCPU is not available on your platform. This means that the planner cannot be gracefully terminated when using a time limit, which, however, is probably supported on your platform anyway.
Parsing...
Parsing: [0.000s CPU, 0.002s wall-clock]
Normalizing task... [0.000s CPU, 0.000s wall-clock]
Instantiating...
Generating Datalog program... [0.000s CPU, 0.000s wall-clock]
Normalizing Datalog program...
Normalizing Datalog program: [0.016s CPU, 0.001s wall-clock]
Preparing model... [0.000s CPU, 0.000s wall-clock]
Generated 20 rules.
Computing model... [0.000s CPU, 0.005s wall-clock]
613 relevant atoms
888 auxiliary atoms
1501 final queue length
1771 total queue pushes
Completing instantiation... [0.000s CPU, 0.002s wall-clock]
Instantiating: [0.016s CPU, 0.009s wall-clock]
Computing fact groups...
Finding invariants...
7 initial candidates
Finding invariants: [0.000s CPU, 0.001s wall-clock]
Checking invariant weight... [0.000s CPU, 0.000s wall-clock]
Instantiating groups... [0.000s CPU, 0.001s wall-clock]
Collecting mutex groups... [0.000s CPU, 0.000s wall-clock]
Choosing groups...
54 uncovered facts
Choosing groups: [0.000s CPU, 0.000s wall-clock]
Building translation key... [0.000s CPU, 0.000s wall-clock]
Computing fact groups: [0.000s CPU, 0.003s wall-clock]
Building STRIPS to SAS dictionary... [0.000s CPU, 0.000s wall-clock]
Building dictionary for full mutex groups... [0.000s CPU, 0.000s wall-clock]
Building mutex information...
Building mutex information: [0.000s CPU, 0.000s wall-clock]
Translating task...
Processing axioms...
Simplifying axioms... [0.000s CPU, 0.000s wall-clock]
Translator axioms removed by simplifying: 0
Processing axioms: [0.000s CPU, 0.000s wall-clock]
Translating task: [0.000s CPU, 0.002s wall-clock]
172 effect conditions simplified
0 implied preconditions added
Detecting unreachable propositions...
0 operators removed
0 axioms removed
83 propositions removed
Detecting unreachable propositions: [0.000s CPU, 0.001s wall-clock]
Reordering and filtering variables...
25 of 25 variables necessary.
22 of 25 mutex groups necessary.
116 of 116 operators necessary.
0 of 0 axiom rules necessary.
Reordering and filtering variables: [0.000s CPU, 0.001s wall-clock]
Translator variables: 25
Translator derived variables: 0
Translator facts: 94
Translator goal facts: 2
Translator mutex groups: 22
Translator total mutex groups size: 72
Translator operators: 116
Translator axioms: 0
Translator task size: 1057
warning: could not determine peak memory
Writing output... [0.016s CPU, 0.010s wall-clock]
Done! [0.031s CPU, 0.028s wall-clock]
translate exit code: 0

INFO     Running search (release).
INFO     search stdin: output.sas
INFO     search time limit: None
INFO     search memory limit: None
INFO     search command line string: 'C:\Users\user\Desktop\theoria\.worktrees\p13\engine-rig\.toolchain\downward\builds\release\bin\downward.exe' --search 'astar(cpdbs(patterns=manual_patterns([[23,24,22,21,3,7,17,20,9]])))' --internal-plan-file 'C:\Users\user\AppData\Local\Temp\e7verifylhgcmqbn\sas_plan' < output.sas
[t=0.000152s, 1960 KB] Search code revision: 7120aa0
[t=0.000242s, 1960 KB] reading input...
[t=0.001517s, 2184 KB] done reading input!
[t=0.002904s, 2820 KB] Initializing canonical PDB heuristic...
[t=0.002919s, 2820 KB] Generating patterns using: manual pattern collection generator
[t=0.002925s, 2820 KB] Manual pattern collection: [[23, 24, 22, 21, 3, 7, 17, 20, 9]]
[t=0.002936s, 2820 KB] manual pattern collection generator number of patterns: 1
[t=0.002939s, 2820 KB] manual pattern collection generator total PDB size: 275968
[t=0.002942s, 2820 KB] manual pattern collection generator computation time: 1.15e-05s
[t=0.002949s, 2820 KB] Computing PDBs for pattern collection...
[t=0.008869s, 4136 KB] Done computing PDBs for pattern collection: 0.005931s
[t=0.008888s, 4136 KB] Computing pattern cliques for pattern collection...
[t=0.008907s, 4136 KB] Done computing pattern cliques for pattern collection: 0.000021s
[t=0.008915s, 4136 KB] Running dominance pruning...
[t=0.008920s, 4136 KB] Pruned 0 of 1 pattern cliques
[t=0.008922s, 4136 KB] Pruned 0 of 1 PDBs
[t=0.008925s, 4136 KB] Dominance pruning took 0.000009s
[t=0.008929s, 4136 KB] Canonical PDB heuristic number of patterns: 1
[t=0.008931s, 4136 KB] Canonical PDB heuristic total PDB size: 275968
[t=0.008933s, 4136 KB] Canonical PDB heuristic computation time: 0.006025s
[t=0.008964s, 4136 KB] Building successor generator... done!
[t=0.009013s, 4136 KB] peak memory difference for successor generator creation: 0 KB
[t=0.009015s, 4136 KB] time for successor generation creation: 0.000042s
[t=0.009020s, 4136 KB] Variables: 25
[t=0.009022s, 4136 KB] FactPairs: 94
[t=0.009026s, 4136 KB] Bytes per state: 8
[t=0.009035s, 4136 KB] Conducting best first search with reopening closed nodes, (real) bound = 2147483647
[t=0.009066s, 4268 KB] New best heuristic value for cpdbs: 9
[t=0.009072s, 4268 KB] g=0, 1 evaluated, 0 expanded
[t=0.009074s, 4268 KB] f = 9, 1 evaluated, 0 expanded
[t=0.009081s, 4268 KB] Initial heuristic value for cpdbs: 9
[t=0.009084s, 4268 KB] pruning method: none
[t=0.009093s, 4268 KB] New best heuristic value for cpdbs: 8
[t=0.009112s, 4268 KB] g=1, 4 evaluated, 1 expanded
[t=0.009117s, 4268 KB] New best heuristic value for cpdbs: 7
[t=0.009119s, 4268 KB] g=2, 6 evaluated, 2 expanded
[t=0.009128s, 4268 KB] New best heuristic value for cpdbs: 6
[t=0.009131s, 4268 KB] g=3, 10 evaluated, 3 expanded
[t=0.009137s, 4268 KB] f = 11, 12 evaluated, 4 expanded
[t=0.009145s, 4268 KB] New best heuristic value for cpdbs: 5
[t=0.009150s, 4268 KB] g=6, 17 evaluated, 6 expanded
[t=0.009155s, 4268 KB] New best heuristic value for cpdbs: 4
[t=0.009157s, 4268 KB] g=7, 20 evaluated, 7 expanded
[t=0.009168s, 4268 KB] f = 13, 27 evaluated, 14 expanded
[t=0.009185s, 4268 KB] f = 15, 35 evaluated, 25 expanded
[t=0.009194s, 4268 KB] f = 17, 38 evaluated, 32 expanded
[t=0.009209s, 4268 KB] f = 19, 51 evaluated, 38 expanded
[t=0.009230s, 4268 KB] f = 21, 66 evaluated, 50 expanded
[t=0.009254s, 4268 KB] f = 23, 83 evaluated, 67 expanded
[t=0.009269s, 4268 KB] f = 25, 92 evaluated, 77 expanded
[t=0.009318s, 4268 KB] f = 27, 134 evaluated, 103 expanded
[t=0.009374s, 4268 KB] f = 29, 183 evaluated, 139 expanded
[t=0.009387s, 4268 KB] New best heuristic value for cpdbs: 3
[t=0.009390s, 4268 KB] g=26, 188 evaluated, 141 expanded
[t=0.009457s, 4268 KB] f = 31, 246 evaluated, 195 expanded
[t=0.009522s, 4268 KB] f = 33, 279 evaluated, 239 expanded
[t=0.009561s, 4268 KB] f = 35, 303 evaluated, 273 expanded
[t=0.009612s, 4268 KB] f = 37, 351 evaluated, 308 expanded
[t=0.009699s, 4268 KB] f = 39, 440 evaluated, 373 expanded
[t=0.009789s, 4268 KB] f = 41, 498 evaluated, 433 expanded
[t=0.009839s, 4268 KB] f = 43, 530 evaluated, 483 expanded
[t=0.009890s, 4268 KB] f = 45, 563 evaluated, 517 expanded
[t=0.009928s, 4268 KB] f = 47, 592 evaluated, 544 expanded
[t=0.009951s, 4268 KB] f = 49, 602 evaluated, 565 expanded
[t=0.009966s, 4268 KB] f = 51, 609 evaluated, 576 expanded
[t=0.009973s, 4268 KB] f = 53, 611 evaluated, 582 expanded
[t=0.009978s, 4268 KB] Completely explored state space -- no solution!
[t=0.009980s, 4268 KB] Actual search time: 0.000896s
[t=0.009983s, 4268 KB] Expanded 584 state(s).
[t=0.009983s, 4268 KB] Reopened 0 state(s).
[t=0.009983s, 4268 KB] Evaluated 611 state(s).
[t=0.009983s, 4268 KB] Evaluations: 611
[t=0.009983s, 4268 KB] Generated 1520 state(s).
[t=0.009983s, 4268 KB] Dead ends: 27 state(s).
[t=0.009983s, 4268 KB] Expanded until last jump: 582 state(s).
[t=0.009983s, 4268 KB] Reopened until last jump: 0 state(s).
[t=0.009983s, 4268 KB] Evaluated until last jump: 611 state(s).
[t=0.009983s, 4268 KB] Generated until last jump: 1516 state(s).
[t=0.009983s, 4268 KB] Number of registered states: 611
[t=0.009983s, 4268 KB] Int hash set load factor: 611/1024 = 0.596680
[t=0.009983s, 4268 KB] Int hash set resizes: 10
[t=0.009983s, 4268 KB] Search time: 0.000950s
[t=0.009983s, 4268 KB] Total time: 0.009983s
Search stopped without finding a solution.
Remove intermediate file output.sas
search exit code: 12

Driver aborting after search

