$ D:\Miniforge3\python.exe C:/Users/user/Desktop/theoria/.worktrees/p13/engine-rig/.toolchain/downward/fast-downward.py --plan-file C:\Users\user\AppData\Local\Temp\e7verifykdeyy7zu\sas_plan C:\Users\user\Desktop\theoria\.worktrees\e7-deadlock-claim\engine-rig\fixtures\data\sokoban_domain.pddl C:\Users\user\Desktop\theoria\.worktrees\e7-deadlock-claim\engine-rig\runs\20260728T150713Z-E7-deadlock-claim-audit\attacks\work\a5\swap\swap-passage.pddl --search astar(cpdbs(patterns=manual_patterns([[23,24,22,16,11,1,3,5,2,9,13]])))

INFO     planner time limit: None
INFO     planner memory limit: None

INFO     Running translator.
INFO     translator stdin: None
INFO     translator time limit: None
INFO     translator memory limit: None
INFO     translator command line string: 'D:\Miniforge3\python.exe' -m translate 'C:\Users\user\Desktop\theoria\.worktrees\e7-deadlock-claim\engine-rig\fixtures\data\sokoban_domain.pddl' 'C:\Users\user\Desktop\theoria\.worktrees\e7-deadlock-claim\engine-rig\runs\20260728T150713Z-E7-deadlock-claim-audit\attacks\work\a5\swap\swap-passage.pddl' --sas-file output.sas
Warning! SIGXCPU is not available on your platform. This means that the planner cannot be gracefully terminated when using a time limit, which, however, is probably supported on your platform anyway.
Parsing...
Parsing: [0.000s CPU, 0.084s wall-clock]
Normalizing task... [0.000s CPU, 0.000s wall-clock]
Instantiating...
Generating Datalog program... [0.000s CPU, 0.000s wall-clock]
Normalizing Datalog program...
Normalizing Datalog program: [0.000s CPU, 0.001s wall-clock]
Preparing model... [0.000s CPU, 0.000s wall-clock]
Generated 20 rules.
Computing model... [0.000s CPU, 0.005s wall-clock]
597 relevant atoms
888 auxiliary atoms
1485 final queue length
1755 total queue pushes
Completing instantiation... [0.000s CPU, 0.002s wall-clock]
Instantiating: [0.000s CPU, 0.009s wall-clock]
Computing fact groups...
Finding invariants...
7 initial candidates
Finding invariants: [0.000s CPU, 0.001s wall-clock]
Checking invariant weight... [0.000s CPU, 0.000s wall-clock]
Instantiating groups... [0.000s CPU, 0.001s wall-clock]
Collecting mutex groups... [0.000s CPU, 0.000s wall-clock]
Choosing groups...
54 uncovered facts
Choosing groups: [0.000s CPU, 0.000s wall-clock]
Building translation key... [0.000s CPU, 0.000s wall-clock]
Computing fact groups: [0.000s CPU, 0.003s wall-clock]
Building STRIPS to SAS dictionary... [0.000s CPU, 0.000s wall-clock]
Building dictionary for full mutex groups... [0.000s CPU, 0.000s wall-clock]
Building mutex information...
Building mutex information: [0.000s CPU, 0.000s wall-clock]
Translating task...
Processing axioms...
Simplifying axioms... [0.000s CPU, 0.000s wall-clock]
Translator axioms removed by simplifying: 0
Processing axioms: [0.000s CPU, 0.000s wall-clock]
Translating task: [0.016s CPU, 0.002s wall-clock]
204 effect conditions simplified
0 implied preconditions added
Detecting unreachable propositions...
0 operators removed
0 axioms removed
67 propositions removed
Detecting unreachable propositions: [0.000s CPU, 0.001s wall-clock]
Reordering and filtering variables...
25 of 25 variables necessary.
22 of 25 mutex groups necessary.
132 of 132 operators necessary.
0 of 0 axiom rules necessary.
Reordering and filtering variables: [0.000s CPU, 0.001s wall-clock]
Translator variables: 25
Translator derived variables: 0
Translator facts: 110
Translator goal facts: 2
Translator mutex groups: 22
Translator total mutex groups size: 88
Translator operators: 132
Translator axioms: 0
Translator task size: 1233
warning: could not determine peak memory
Writing output... [0.000s CPU, 0.010s wall-clock]
Done! [0.016s CPU, 0.111s wall-clock]
translate exit code: 0

INFO     Running search (release).
INFO     search stdin: output.sas
INFO     search time limit: None
INFO     search memory limit: None
INFO     search command line string: 'C:\Users\user\Desktop\theoria\.worktrees\p13\engine-rig\.toolchain\downward\builds\release\bin\downward.exe' --search 'astar(cpdbs(patterns=manual_patterns([[23,24,22,16,11,1,3,5,2,9,13]])))' --internal-plan-file 'C:\Users\user\AppData\Local\Temp\e7verifykdeyy7zu\sas_plan' < output.sas
[t=0.000343s, 2324 KB] Search code revision: 7120aa0
[t=0.000434s, 2324 KB] reading input...
[t=0.016764s, 2400 KB] done reading input!
[t=0.093893s, 2784 KB] Initializing canonical PDB heuristic...
[t=0.093913s, 2784 KB] Generating patterns using: manual pattern collection generator
[t=0.093919s, 2784 KB] Manual pattern collection: [[23, 24, 22, 16, 11, 1, 3, 5, 2, 9, 13]]
[t=0.093928s, 2784 KB] manual pattern collection generator number of patterns: 1
[t=0.093931s, 2784 KB] manual pattern collection generator total PDB size: 2725888
[t=0.093933s, 2784 KB] manual pattern collection generator computation time: 9e-06s
[t=0.093942s, 2784 KB] Computing PDBs for pattern collection...
[t=0.136182s, 14740 KB] Done computing PDBs for pattern collection: 0.042252s
[t=0.136206s, 14740 KB] Computing pattern cliques for pattern collection...
[t=0.136229s, 14740 KB] Done computing pattern cliques for pattern collection: 0.000024s
[t=0.136235s, 14740 KB] Running dominance pruning...
[t=0.136241s, 14740 KB] Pruned 0 of 1 pattern cliques
[t=0.136244s, 14740 KB] Pruned 0 of 1 PDBs
[t=0.136247s, 14740 KB] Dominance pruning took 0.000009s
[t=0.136250s, 14740 KB] Canonical PDB heuristic number of patterns: 1
[t=0.136253s, 14740 KB] Canonical PDB heuristic total PDB size: 2725888
[t=0.136256s, 14740 KB] Canonical PDB heuristic computation time: 0.042358s
[t=0.136431s, 14740 KB] Building successor generator... done!
[t=0.136572s, 14740 KB] peak memory difference for successor generator creation: 0 KB
[t=0.136575s, 14740 KB] time for successor generation creation: 0.000131s
[t=0.136580s, 14740 KB] Variables: 25
[t=0.136584s, 14740 KB] FactPairs: 110
[t=0.136587s, 14740 KB] Bytes per state: 8
[t=0.136620s, 14740 KB] Conducting best first search with reopening closed nodes, (real) bound = 2147483647
[t=0.136655s, 14740 KB] New best heuristic value for cpdbs: 9
[t=0.136659s, 14740 KB] g=0, 1 evaluated, 0 expanded
[t=0.136662s, 14740 KB] f = 9, 1 evaluated, 0 expanded
[t=0.136668s, 14740 KB] Initial heuristic value for cpdbs: 9
[t=0.136672s, 14740 KB] pruning method: none
[t=0.136681s, 14740 KB] New best heuristic value for cpdbs: 8
[t=0.136685s, 14740 KB] g=1, 3 evaluated, 1 expanded
[t=0.136692s, 14740 KB] New best heuristic value for cpdbs: 7
[t=0.136694s, 14740 KB] g=2, 6 evaluated, 2 expanded
[t=0.136703s, 14740 KB] New best heuristic value for cpdbs: 6
[t=0.136707s, 14740 KB] g=3, 10 evaluated, 3 expanded
[t=0.136712s, 14740 KB] f = 11, 12 evaluated, 4 expanded
[t=0.136761s, 14740 KB] New best heuristic value for cpdbs: 5
[t=0.136766s, 14740 KB] g=6, 17 evaluated, 6 expanded
[t=0.136771s, 14740 KB] New best heuristic value for cpdbs: 4
[t=0.136773s, 14740 KB] g=7, 19 evaluated, 7 expanded
[t=0.136788s, 14740 KB] f = 13, 28 evaluated, 14 expanded
[t=0.136810s, 14740 KB] f = 15, 38 evaluated, 27 expanded
[t=0.136818s, 14740 KB] f = 17, 39 evaluated, 32 expanded
[t=0.136857s, 14740 KB] f = 19, 69 evaluated, 46 expanded
[t=0.136890s, 14740 KB] f = 21, 91 evaluated, 65 expanded
[t=0.136925s, 14740 KB] f = 23, 114 evaluated, 88 expanded
[t=0.136965s, 14740 KB] f = 25, 136 evaluated, 110 expanded
[t=0.137016s, 14740 KB] f = 27, 177 evaluated, 137 expanded
[t=0.137084s, 14740 KB] f = 29, 234 evaluated, 177 expanded
[t=0.137093s, 14740 KB] New best heuristic value for cpdbs: 3
[t=0.137095s, 14740 KB] g=26, 239 evaluated, 179 expanded
[t=0.137176s, 14740 KB] f = 31, 285 evaluated, 225 expanded
[t=0.137259s, 14740 KB] f = 33, 351 evaluated, 278 expanded
[t=0.137469s, 14740 KB] f = 35, 439 evaluated, 352 expanded
[t=0.137610s, 14740 KB] f = 37, 527 evaluated, 435 expanded
[t=0.137704s, 14740 KB] f = 39, 594 evaluated, 503 expanded
[t=0.137776s, 14740 KB] f = 41, 641 evaluated, 561 expanded
[t=0.137820s, 14740 KB] f = 43, 665 evaluated, 598 expanded
[t=0.137841s, 14740 KB] f = 45, 673 evaluated, 617 expanded
[t=0.137852s, 14740 KB] f = 47, 677 evaluated, 625 expanded
[t=0.137913s, 14740 KB] f = 49, 678 evaluated, 629 expanded
[t=0.137917s, 14740 KB] Completely explored state space -- no solution!
[t=0.137919s, 14740 KB] Actual search time: 0.001246s
[t=0.137922s, 14740 KB] Expanded 630 state(s).
[t=0.137922s, 14740 KB] Reopened 0 state(s).
[t=0.137922s, 14740 KB] Evaluated 678 state(s).
[t=0.137922s, 14740 KB] Evaluations: 678
[t=0.137922s, 14740 KB] Generated 1664 state(s).
[t=0.137922s, 14740 KB] Dead ends: 48 state(s).
[t=0.137922s, 14740 KB] Expanded until last jump: 629 state(s).
[t=0.137922s, 14740 KB] Reopened until last jump: 0 state(s).
[t=0.137922s, 14740 KB] Evaluated until last jump: 678 state(s).
[t=0.137922s, 14740 KB] Generated until last jump: 1662 state(s).
[t=0.137922s, 14740 KB] Number of registered states: 678
[t=0.137922s, 14740 KB] Int hash set load factor: 678/1024 = 0.662109
[t=0.137922s, 14740 KB] Int hash set resizes: 10
[t=0.137922s, 14740 KB] Search time: 0.001304s
[t=0.137922s, 14740 KB] Total time: 0.137922s
Search stopped without finding a solution.
Remove intermediate file output.sas
search exit code: 12

Driver aborting after search

