$ D:\Miniforge3\python.exe C:/Users/user/Desktop/theoria/.worktrees/p13/engine-rig/.toolchain/downward/fast-downward.py --plan-file C:\Users\user\AppData\Local\Temp\e7verifysrmeij5_\sas_plan C:\Users\user\Desktop\theoria\.worktrees\e7-deadlock-claim\engine-rig\fixtures\data\sokoban_domain.pddl C:\Users\user\Desktop\theoria\.worktrees\e7-deadlock-claim\engine-rig\runs\20260728T150713Z-E7-deadlock-claim-audit\attacks\work\a5\swap\swap-passage.pddl --search astar(cpdbs(patterns=manual_patterns([[23,24,22,17,12,14,16,13,18]])))

INFO     planner time limit: None
INFO     planner memory limit: None

INFO     Running translator.
INFO     translator stdin: None
INFO     translator time limit: None
INFO     translator memory limit: None
INFO     translator command line string: 'D:\Miniforge3\python.exe' -m translate 'C:\Users\user\Desktop\theoria\.worktrees\e7-deadlock-claim\engine-rig\fixtures\data\sokoban_domain.pddl' 'C:\Users\user\Desktop\theoria\.worktrees\e7-deadlock-claim\engine-rig\runs\20260728T150713Z-E7-deadlock-claim-audit\attacks\work\a5\swap\swap-passage.pddl' --sas-file output.sas
Warning! SIGXCPU is not available on your platform. This means that the planner cannot be gracefully terminated when using a time limit, which, however, is probably supported on your platform anyway.
Parsing...
Parsing: [0.000s CPU, 0.002s wall-clock]
Normalizing task... [0.000s CPU, 0.000s wall-clock]
Instantiating...
Generating Datalog program... [0.000s CPU, 0.000s wall-clock]
Normalizing Datalog program...
Normalizing Datalog program: [0.000s CPU, 0.001s wall-clock]
Preparing model... [0.000s CPU, 0.000s wall-clock]
Generated 20 rules.
Computing model... [0.000s CPU, 0.005s wall-clock]
597 relevant atoms
888 auxiliary atoms
1485 final queue length
1755 total queue pushes
Completing instantiation... [0.000s CPU, 0.002s wall-clock]
Instantiating: [0.000s CPU, 0.009s wall-clock]
Computing fact groups...
Finding invariants...
7 initial candidates
Finding invariants: [0.000s CPU, 0.001s wall-clock]
Checking invariant weight... [0.000s CPU, 0.000s wall-clock]
Instantiating groups... [0.000s CPU, 0.001s wall-clock]
Collecting mutex groups... [0.000s CPU, 0.000s wall-clock]
Choosing groups...
54 uncovered facts
Choosing groups: [0.000s CPU, 0.000s wall-clock]
Building translation key... [0.000s CPU, 0.000s wall-clock]
Computing fact groups: [0.000s CPU, 0.003s wall-clock]
Building STRIPS to SAS dictionary... [0.000s CPU, 0.000s wall-clock]
Building dictionary for full mutex groups... [0.000s CPU, 0.000s wall-clock]
Building mutex information...
Building mutex information: [0.000s CPU, 0.000s wall-clock]
Translating task...
Processing axioms...
Simplifying axioms... [0.000s CPU, 0.000s wall-clock]
Translator axioms removed by simplifying: 0
Processing axioms: [0.000s CPU, 0.000s wall-clock]
Translating task: [0.016s CPU, 0.002s wall-clock]
204 effect conditions simplified
0 implied preconditions added
Detecting unreachable propositions...
0 operators removed
0 axioms removed
67 propositions removed
Detecting unreachable propositions: [0.000s CPU, 0.001s wall-clock]
Reordering and filtering variables...
25 of 25 variables necessary.
22 of 25 mutex groups necessary.
132 of 132 operators necessary.
0 of 0 axiom rules necessary.
Reordering and filtering variables: [0.000s CPU, 0.001s wall-clock]
Translator variables: 25
Translator derived variables: 0
Translator facts: 110
Translator goal facts: 2
Translator mutex groups: 22
Translator total mutex groups size: 88
Translator operators: 132
Translator axioms: 0
Translator task size: 1233
warning: could not determine peak memory
Writing output... [0.000s CPU, 0.010s wall-clock]
Done! [0.016s CPU, 0.029s wall-clock]
translate exit code: 0

INFO     Running search (release).
INFO     search stdin: output.sas
INFO     search time limit: None
INFO     search memory limit: None
INFO     search command line string: 'C:\Users\user\Desktop\theoria\.worktrees\p13\engine-rig\.toolchain\downward\builds\release\bin\downward.exe' --search 'astar(cpdbs(patterns=manual_patterns([[23,24,22,17,12,14,16,13,18]])))' --internal-plan-file 'C:\Users\user\AppData\Local\Temp\e7verifysrmeij5_\sas_plan' < output.sas
[t=0.000145s, 1956 KB] Search code revision: 7120aa0
[t=0.000236s, 1956 KB] reading input...
[t=0.001628s, 2240 KB] done reading input!
[t=0.002944s, 2820 KB] Initializing canonical PDB heuristic...
[t=0.002956s, 2820 KB] Generating patterns using: manual pattern collection generator
[t=0.002960s, 2820 KB] Manual pattern collection: [[23, 24, 22, 17, 12, 14, 16, 13, 18]]
[t=0.002970s, 2820 KB] manual pattern collection generator number of patterns: 1
[t=0.002973s, 2820 KB] manual pattern collection generator total PDB size: 681472
[t=0.002976s, 2820 KB] manual pattern collection generator computation time: 9.4e-06s
[t=0.002986s, 2820 KB] Computing PDBs for pattern collection...
[t=0.010872s, 5764 KB] Done computing PDBs for pattern collection: 0.007898s
[t=0.010891s, 5764 KB] Computing pattern cliques for pattern collection...
[t=0.010914s, 5764 KB] Done computing pattern cliques for pattern collection: 0.000024s
[t=0.010922s, 5764 KB] Running dominance pruning...
[t=0.010927s, 5764 KB] Pruned 0 of 1 pattern cliques
[t=0.010929s, 5764 KB] Pruned 0 of 1 PDBs
[t=0.010931s, 5764 KB] Dominance pruning took 0.000008s
[t=0.010934s, 5764 KB] Canonical PDB heuristic number of patterns: 1
[t=0.010937s, 5764 KB] Canonical PDB heuristic total PDB size: 681472
[t=0.010939s, 5764 KB] Canonical PDB heuristic computation time: 0.007990s
[t=0.010972s, 5764 KB] Building successor generator... done!
[t=0.011046s, 5764 KB] peak memory difference for successor generator creation: 0 KB
[t=0.011048s, 5764 KB] time for successor generation creation: 0.000048s
[t=0.011053s, 5764 KB] Variables: 25
[t=0.011055s, 5764 KB] FactPairs: 110
[t=0.011057s, 5764 KB] Bytes per state: 8
[t=0.011067s, 5764 KB] Conducting best first search with reopening closed nodes, (real) bound = 2147483647
[t=0.011100s, 5796 KB] New best heuristic value for cpdbs: 9
[t=0.011105s, 5796 KB] g=0, 1 evaluated, 0 expanded
[t=0.011108s, 5796 KB] f = 9, 1 evaluated, 0 expanded
[t=0.011114s, 5796 KB] Initial heuristic value for cpdbs: 9
[t=0.011116s, 5796 KB] pruning method: none
[t=0.011126s, 5796 KB] New best heuristic value for cpdbs: 8
[t=0.011128s, 5796 KB] g=1, 3 evaluated, 1 expanded
[t=0.011135s, 5796 KB] New best heuristic value for cpdbs: 7
[t=0.011139s, 5796 KB] g=2, 6 evaluated, 2 expanded
[t=0.011146s, 5796 KB] New best heuristic value for cpdbs: 6
[t=0.011148s, 5796 KB] g=3, 10 evaluated, 3 expanded
[t=0.011154s, 5796 KB] f = 11, 12 evaluated, 4 expanded
[t=0.011173s, 5796 KB] f = 13, 22 evaluated, 11 expanded
[t=0.011194s, 5796 KB] f = 15, 31 evaluated, 20 expanded
[t=0.011208s, 5796 KB] f = 17, 37 evaluated, 28 expanded
[t=0.011237s, 5796 KB] f = 19, 59 evaluated, 41 expanded
[t=0.011266s, 5796 KB] f = 21, 76 evaluated, 55 expanded
[t=0.011304s, 5796 KB] f = 23, 104 evaluated, 78 expanded
[t=0.011326s, 5796 KB] f = 25, 114 evaluated, 92 expanded
[t=0.011378s, 5796 KB] f = 27, 151 evaluated, 114 expanded
[t=0.011414s, 5796 KB] New best heuristic value for cpdbs: 5
[t=0.011418s, 5796 KB] g=22, 175 evaluated, 134 expanded
[t=0.011424s, 5796 KB] New best heuristic value for cpdbs: 4
[t=0.011426s, 5796 KB] g=23, 179 evaluated, 135 expanded
[t=0.011451s, 5796 KB] f = 29, 197 evaluated, 148 expanded
[t=0.011520s, 5796 KB] f = 31, 246 evaluated, 193 expanded
[t=0.011623s, 5796 KB] f = 33, 323 evaluated, 246 expanded
[t=0.011743s, 5796 KB] f = 35, 411 evaluated, 325 expanded
[t=0.011851s, 5796 KB] f = 37, 494 evaluated, 405 expanded
[t=0.011942s, 5796 KB] f = 39, 536 evaluated, 463 expanded
[t=0.012006s, 5796 KB] f = 41, 580 evaluated, 509 expanded
[t=0.012059s, 5796 KB] f = 43, 614 evaluated, 549 expanded
[t=0.012085s, 5796 KB] f = 45, 626 evaluated, 571 expanded
[t=0.012117s, 5796 KB] f = 47, 647 evaluated, 590 expanded
[t=0.012135s, 5796 KB] f = 49, 656 evaluated, 602 expanded
[t=0.012156s, 5796 KB] f = 51, 670 evaluated, 613 expanded
[t=0.012171s, 5796 KB] f = 53, 677 evaluated, 623 expanded
[t=0.012180s, 5796 KB] f = 55, 678 evaluated, 629 expanded
[t=0.012183s, 5796 KB] Completely explored state space -- no solution!
[t=0.012185s, 5796 KB] Actual search time: 0.001067s
[t=0.012188s, 5796 KB] Expanded 630 state(s).
[t=0.012188s, 5796 KB] Reopened 0 state(s).
[t=0.012188s, 5796 KB] Evaluated 678 state(s).
[t=0.012188s, 5796 KB] Evaluations: 678
[t=0.012188s, 5796 KB] Generated 1664 state(s).
[t=0.012188s, 5796 KB] Dead ends: 48 state(s).
[t=0.012188s, 5796 KB] Expanded until last jump: 629 state(s).
[t=0.012188s, 5796 KB] Reopened until last jump: 0 state(s).
[t=0.012188s, 5796 KB] Evaluated until last jump: 678 state(s).
[t=0.012188s, 5796 KB] Generated until last jump: 1662 state(s).
[t=0.012188s, 5796 KB] Number of registered states: 678
[t=0.012188s, 5796 KB] Int hash set load factor: 678/1024 = 0.662109
[t=0.012188s, 5796 KB] Int hash set resizes: 10
[t=0.012188s, 5796 KB] Search time: 0.001122s
[t=0.012188s, 5796 KB] Total time: 0.012188s
Search stopped without finding a solution.
Remove intermediate file output.sas
search exit code: 12

Driver aborting after search

