$ D:\Miniforge3\python.exe C:/Users/user/Desktop/theoria/.worktrees/p13/engine-rig/.toolchain/downward/fast-downward.py --plan-file C:\Users\user\AppData\Local\Temp\e7verifyuuee3ufs\sas_plan C:\Users\user\Desktop\theoria\.worktrees\e7-deadlock-claim\engine-rig\runs\20260728T150713Z-E7-deadlock-claim-audit\attacks\work\a5\swap\singleton\sokoban_guarded_singleton_domain.pddl C:\Users\user\Desktop\theoria\.worktrees\e7-deadlock-claim\engine-rig\runs\20260728T150713Z-E7-deadlock-claim-audit\attacks\work\a5\swap\singleton\swap-passage_guarded_singleton.pddl --search astar(cpdbs(patterns=manual_patterns([[23,24,22,21,14,13,7,11,8,9]])))

INFO     planner time limit: None
INFO     planner memory limit: None

INFO     Running translator.
INFO     translator stdin: None
INFO     translator time limit: None
INFO     translator memory limit: None
INFO     translator command line string: 'D:\Miniforge3\python.exe' -m translate 'C:\Users\user\Desktop\theoria\.worktrees\e7-deadlock-claim\engine-rig\runs\20260728T150713Z-E7-deadlock-claim-audit\attacks\work\a5\swap\singleton\sokoban_guarded_singleton_domain.pddl' 'C:\Users\user\Desktop\theoria\.worktrees\e7-deadlock-claim\engine-rig\runs\20260728T150713Z-E7-deadlock-claim-audit\attacks\work\a5\swap\singleton\swap-passage_guarded_singleton.pddl' --sas-file output.sas
Warning! SIGXCPU is not available on your platform. This means that the planner cannot be gracefully terminated when using a time limit, which, however, is probably supported on your platform anyway.
Parsing...
Parsing: [0.000s CPU, 0.002s wall-clock]
Normalizing task... [0.000s CPU, 0.000s wall-clock]
Instantiating...
Generating Datalog program... [0.000s CPU, 0.000s wall-clock]
Normalizing Datalog program...
Normalizing Datalog program: [0.000s CPU, 0.001s wall-clock]
Preparing model... [0.000s CPU, 0.000s wall-clock]
Generated 20 rules.
Computing model... [0.016s CPU, 0.005s wall-clock]
613 relevant atoms
888 auxiliary atoms
1501 final queue length
1771 total queue pushes
Completing instantiation... [0.000s CPU, 0.002s wall-clock]
Instantiating: [0.016s CPU, 0.009s wall-clock]
Computing fact groups...
Finding invariants...
7 initial candidates
Finding invariants: [0.000s CPU, 0.001s wall-clock]
Checking invariant weight... [0.000s CPU, 0.000s wall-clock]
Instantiating groups... [0.000s CPU, 0.001s wall-clock]
Collecting mutex groups... [0.000s CPU, 0.000s wall-clock]
Choosing groups...
54 uncovered facts
Choosing groups: [0.000s CPU, 0.000s wall-clock]
Building translation key... [0.000s CPU, 0.000s wall-clock]
Computing fact groups: [0.000s CPU, 0.003s wall-clock]
Building STRIPS to SAS dictionary... [0.000s CPU, 0.000s wall-clock]
Building dictionary for full mutex groups... [0.000s CPU, 0.000s wall-clock]
Building mutex information...
Building mutex information: [0.000s CPU, 0.000s wall-clock]
Translating task...
Processing axioms...
Simplifying axioms... [0.000s CPU, 0.000s wall-clock]
Translator axioms removed by simplifying: 0
Processing axioms: [0.000s CPU, 0.000s wall-clock]
Translating task: [0.000s CPU, 0.002s wall-clock]
172 effect conditions simplified
0 implied preconditions added
Detecting unreachable propositions...
0 operators removed
0 axioms removed
83 propositions removed
Detecting unreachable propositions: [0.000s CPU, 0.001s wall-clock]
Reordering and filtering variables...
25 of 25 variables necessary.
22 of 25 mutex groups necessary.
116 of 116 operators necessary.
0 of 0 axiom rules necessary.
Reordering and filtering variables: [0.000s CPU, 0.001s wall-clock]
Translator variables: 25
Translator derived variables: 0
Translator facts: 94
Translator goal facts: 2
Translator mutex groups: 22
Translator total mutex groups size: 72
Translator operators: 116
Translator axioms: 0
Translator task size: 1057
warning: could not determine peak memory
Writing output... [0.000s CPU, 0.010s wall-clock]
Done! [0.016s CPU, 0.027s wall-clock]
translate exit code: 0

INFO     Running search (release).
INFO     search stdin: output.sas
INFO     search time limit: None
INFO     search memory limit: None
INFO     search command line string: 'C:\Users\user\Desktop\theoria\.worktrees\p13\engine-rig\.toolchain\downward\builds\release\bin\downward.exe' --search 'astar(cpdbs(patterns=manual_patterns([[23,24,22,21,14,13,7,11,8,9]])))' --internal-plan-file 'C:\Users\user\AppData\Local\Temp\e7verifyuuee3ufs\sas_plan' < output.sas
[t=0.000151s, 1920 KB] Search code revision: 7120aa0
[t=0.000241s, 1920 KB] reading input...
[t=0.001517s, 2208 KB] done reading input!
[t=0.002876s, 2812 KB] Initializing canonical PDB heuristic...
[t=0.002886s, 2824 KB] Generating patterns using: manual pattern collection generator
[t=0.002891s, 2824 KB] Manual pattern collection: [[23, 24, 22, 21, 14, 13, 7, 11, 8, 9]]
[t=0.002900s, 2824 KB] manual pattern collection generator number of patterns: 1
[t=0.002905s, 2824 KB] manual pattern collection generator total PDB size: 551936
[t=0.002907s, 2824 KB] manual pattern collection generator computation time: 9.4e-06s
[t=0.002914s, 2824 KB] Computing PDBs for pattern collection...
[t=0.022921s, 5704 KB] Done computing PDBs for pattern collection: 0.020021s
[t=0.022944s, 5704 KB] Computing pattern cliques for pattern collection...
[t=0.022966s, 5704 KB] Done computing pattern cliques for pattern collection: 0.000023s
[t=0.022973s, 5704 KB] Running dominance pruning...
[t=0.022978s, 5704 KB] Pruned 0 of 1 pattern cliques
[t=0.022980s, 5704 KB] Pruned 0 of 1 PDBs
[t=0.022982s, 5704 KB] Dominance pruning took 0.000008s
[t=0.022986s, 5704 KB] Canonical PDB heuristic number of patterns: 1
[t=0.022988s, 5704 KB] Canonical PDB heuristic total PDB size: 551936
[t=0.022991s, 5704 KB] Canonical PDB heuristic computation time: 0.020111s
[t=0.023026s, 5704 KB] Building successor generator... done!
[t=0.023079s, 5704 KB] peak memory difference for successor generator creation: 0 KB
[t=0.023082s, 5704 KB] time for successor generation creation: 0.000044s
[t=0.023086s, 5704 KB] Variables: 25
[t=0.023089s, 5704 KB] FactPairs: 94
[t=0.023090s, 5704 KB] Bytes per state: 8
[t=0.023100s, 5704 KB] Conducting best first search with reopening closed nodes, (real) bound = 2147483647
[t=0.023141s, 5704 KB] New best heuristic value for cpdbs: 9
[t=0.023146s, 5704 KB] g=0, 1 evaluated, 0 expanded
[t=0.023148s, 5704 KB] f = 9, 1 evaluated, 0 expanded
[t=0.023154s, 5704 KB] Initial heuristic value for cpdbs: 9
[t=0.023158s, 5704 KB] pruning method: none
[t=0.023169s, 5704 KB] New best heuristic value for cpdbs: 8
[t=0.023171s, 5704 KB] g=1, 4 evaluated, 1 expanded
[t=0.023176s, 5704 KB] New best heuristic value for cpdbs: 7
[t=0.023178s, 5704 KB] g=2, 6 evaluated, 2 expanded
[t=0.023185s, 5704 KB] New best heuristic value for cpdbs: 6
[t=0.023187s, 5704 KB] g=3, 10 evaluated, 3 expanded
[t=0.023192s, 5704 KB] f = 11, 12 evaluated, 4 expanded
[t=0.023203s, 5704 KB] New best heuristic value for cpdbs: 5
[t=0.023207s, 5704 KB] g=6, 17 evaluated, 6 expanded
[t=0.023212s, 5704 KB] New best heuristic value for cpdbs: 4
[t=0.023214s, 5704 KB] g=7, 20 evaluated, 7 expanded
[t=0.023225s, 5704 KB] f = 13, 27 evaluated, 14 expanded
[t=0.023245s, 5704 KB] f = 15, 37 evaluated, 27 expanded
[t=0.023256s, 5704 KB] f = 17, 38 evaluated, 32 expanded
[t=0.023288s, 5704 KB] f = 19, 66 evaluated, 46 expanded
[t=0.023316s, 5704 KB] f = 21, 88 evaluated, 65 expanded
[t=0.023347s, 5704 KB] f = 23, 110 evaluated, 88 expanded
[t=0.023373s, 5704 KB] f = 25, 128 evaluated, 108 expanded
[t=0.023424s, 5704 KB] f = 27, 170 evaluated, 136 expanded
[t=0.023477s, 5704 KB] f = 29, 215 evaluated, 173 expanded
[t=0.023485s, 5704 KB] New best heuristic value for cpdbs: 3
[t=0.023487s, 5704 KB] g=26, 220 evaluated, 175 expanded
[t=0.023550s, 5704 KB] f = 31, 262 evaluated, 218 expanded
[t=0.023593s, 5704 KB] f = 33, 296 evaluated, 254 expanded
[t=0.023663s, 5704 KB] f = 35, 362 evaluated, 308 expanded
[t=0.023742s, 5704 KB] f = 37, 435 evaluated, 373 expanded
[t=0.023840s, 5704 KB] f = 39, 507 evaluated, 434 expanded
[t=0.023910s, 5704 KB] f = 41, 561 evaluated, 497 expanded
[t=0.023974s, 5704 KB] f = 43, 614 evaluated, 553 expanded
[t=0.024007s, 5704 KB] f = 45, 630 evaluated, 588 expanded
[t=0.024037s, 5704 KB] f = 47, 654 evaluated, 613 expanded
[t=0.024052s, 5704 KB] f = 49, 658 evaluated, 626 expanded
[t=0.024056s, 5704 KB] Completely explored state space -- no solution!
[t=0.024058s, 5704 KB] Actual search time: 0.000899s
[t=0.024064s, 5704 KB] Expanded 630 state(s).
[t=0.024064s, 5704 KB] Reopened 0 state(s).
[t=0.024064s, 5704 KB] Evaluated 658 state(s).
[t=0.024064s, 5704 KB] Evaluations: 658
[t=0.024064s, 5704 KB] Generated 1644 state(s).
[t=0.024064s, 5704 KB] Dead ends: 28 state(s).
[t=0.024064s, 5704 KB] Expanded until last jump: 626 state(s).
[t=0.024064s, 5704 KB] Reopened until last jump: 0 state(s).
[t=0.024064s, 5704 KB] Evaluated until last jump: 658 state(s).
[t=0.024064s, 5704 KB] Generated until last jump: 1636 state(s).
[t=0.024064s, 5704 KB] Number of registered states: 658
[t=0.024064s, 5704 KB] Int hash set load factor: 658/1024 = 0.642578
[t=0.024064s, 5704 KB] Int hash set resizes: 10
[t=0.024064s, 5704 KB] Search time: 0.000965s
[t=0.024064s, 5704 KB] Total time: 0.024064s
Search stopped without finding a solution.
Remove intermediate file output.sas
search exit code: 12

Driver aborting after search

