$ D:\Miniforge3\python.exe C:/Users/user/Desktop/theoria/.worktrees/p13/engine-rig/.toolchain/downward/fast-downward.py --plan-file C:\Users\user\AppData\Local\Temp\e7verifyo83r9co7\sas_plan C:\Users\user\Desktop\theoria\.worktrees\e7-deadlock-claim\engine-rig\runs\20260728T150713Z-E7-deadlock-claim-audit\attacks\work\a5\swap\singleton\sokoban_guarded_singleton_domain.pddl C:\Users\user\Desktop\theoria\.worktrees\e7-deadlock-claim\engine-rig\runs\20260728T150713Z-E7-deadlock-claim-audit\attacks\work\a5\swap\singleton\swap-passage_guarded_singleton.pddl --search astar(cpdbs(patterns=hillclimbing(),verbosity=debug))

INFO     planner time limit: None
INFO     planner memory limit: None

INFO     Running translator.
INFO     translator stdin: None
INFO     translator time limit: None
INFO     translator memory limit: None
INFO     translator command line string: 'D:\Miniforge3\python.exe' -m translate 'C:\Users\user\Desktop\theoria\.worktrees\e7-deadlock-claim\engine-rig\runs\20260728T150713Z-E7-deadlock-claim-audit\attacks\work\a5\swap\singleton\sokoban_guarded_singleton_domain.pddl' 'C:\Users\user\Desktop\theoria\.worktrees\e7-deadlock-claim\engine-rig\runs\20260728T150713Z-E7-deadlock-claim-audit\attacks\work\a5\swap\singleton\swap-passage_guarded_singleton.pddl' --sas-file output.sas
Warning! SIGXCPU is not available on your platform. This means that the planner cannot be gracefully terminated when using a time limit, which, however, is probably supported on your platform anyway.
Parsing...
Parsing: [0.000s CPU, 0.158s wall-clock]
Normalizing task... [0.000s CPU, 0.000s wall-clock]
Instantiating...
Generating Datalog program... [0.000s CPU, 0.000s wall-clock]
Normalizing Datalog program...
Normalizing Datalog program: [0.000s CPU, 0.001s wall-clock]
Preparing model... [0.000s CPU, 0.000s wall-clock]
Generated 20 rules.
Computing model... [0.000s CPU, 0.005s wall-clock]
613 relevant atoms
888 auxiliary atoms
1501 final queue length
1771 total queue pushes
Completing instantiation... [0.000s CPU, 0.002s wall-clock]
Instantiating: [0.000s CPU, 0.008s wall-clock]
Computing fact groups...
Finding invariants...
7 initial candidates
Finding invariants: [0.000s CPU, 0.001s wall-clock]
Checking invariant weight... [0.016s CPU, 0.000s wall-clock]
Instantiating groups... [0.000s CPU, 0.001s wall-clock]
Collecting mutex groups... [0.000s CPU, 0.000s wall-clock]
Choosing groups...
54 uncovered facts
Choosing groups: [0.000s CPU, 0.000s wall-clock]
Building translation key... [0.000s CPU, 0.000s wall-clock]
Computing fact groups: [0.016s CPU, 0.003s wall-clock]
Building STRIPS to SAS dictionary... [0.000s CPU, 0.000s wall-clock]
Building dictionary for full mutex groups... [0.000s CPU, 0.000s wall-clock]
Building mutex information...
Building mutex information: [0.000s CPU, 0.000s wall-clock]
Translating task...
Processing axioms...
Simplifying axioms... [0.000s CPU, 0.000s wall-clock]
Translator axioms removed by simplifying: 0
Processing axioms: [0.000s CPU, 0.000s wall-clock]
Translating task: [0.000s CPU, 0.002s wall-clock]
172 effect conditions simplified
0 implied preconditions added
Detecting unreachable propositions...
0 operators removed
0 axioms removed
83 propositions removed
Detecting unreachable propositions: [0.000s CPU, 0.001s wall-clock]
Reordering and filtering variables...
25 of 25 variables necessary.
22 of 25 mutex groups necessary.
116 of 116 operators necessary.
0 of 0 axiom rules necessary.
Reordering and filtering variables: [0.000s CPU, 0.001s wall-clock]
Translator variables: 25
Translator derived variables: 0
Translator facts: 94
Translator goal facts: 2
Translator mutex groups: 22
Translator total mutex groups size: 72
Translator operators: 116
Translator axioms: 0
Translator task size: 1057
warning: could not determine peak memory
Writing output... [0.000s CPU, 0.011s wall-clock]
Done! [0.016s CPU, 0.184s wall-clock]
translate exit code: 0

INFO     Running search (release).
INFO     search stdin: output.sas
INFO     search time limit: None
INFO     search memory limit: None
INFO     search command line string: 'C:\Users\user\Desktop\theoria\.worktrees\p13\engine-rig\.toolchain\downward\builds\release\bin\downward.exe' --search 'astar(cpdbs(patterns=hillclimbing(),verbosity=debug))' --internal-plan-file 'C:\Users\user\AppData\Local\Temp\e7verifyo83r9co7\sas_plan' < output.sas
[t=0.001390s, 2344 KB] Search code revision: 7120aa0
[t=0.001632s, 2344 KB] reading input...
[t=0.003944s, 2420 KB] done reading input!
[t=0.029321s, 2768 KB] Initializing canonical PDB heuristic...
[t=0.029342s, 2768 KB] Generating patterns using: hill climbing pattern collection generator
[t=0.029548s, 2772 KB] Done calculating initial pattern collection: 0.000205s
[t=0.029562s, 2772 KB] Average operator cost: 1.000000
[t=0.029569s, 2772 KB] Building causal graph... done!
[t=0.030474s, 2848 KB] Done calculating initial candidate PDBs
[t=0.033566s, 3060 KB] found a better pattern with improvement 946
[t=0.040137s, 3208 KB] found a better pattern with improvement 747
[t=0.052483s, 3968 KB] found a better pattern with improvement 544
[t=0.070127s, 5444 KB] found a better pattern with improvement 926
[t=0.095235s, 8280 KB] found a better pattern with improvement 1000
[t=0.129317s, 13528 KB] found a better pattern with improvement 563
[t=0.179589s, 23272 KB] found a better pattern with improvement 861
[t=0.254221s, 41860 KB] found a better pattern with improvement 997
[t=0.368393s, 76480 KB] found a better pattern with improvement 887
[t=0.561449s, 141596 KB] found a better pattern with improvement 1000
[t=0.561483s, 141596 KB] Initial state is a dead end. Stop hill climbing.
[t=0.561487s, 141596 KB] Hill climbing iterations: 11
[t=0.561490s, 141596 KB] Hill climbing generated patterns: 201
[t=0.561493s, 141596 KB] Hill climbing rejected patterns: 40
[t=0.561496s, 141596 KB] Hill climbing maximum PDB size: 1103872
[t=0.561498s, 141596 KB] Hill climbing time: 0.531937s
[t=0.566797s, 141596 KB] hill climbing pattern collection generator number of patterns: 12
[t=0.566814s, 141596 KB] hill climbing pattern collection generator total PDB size: 2203768
[t=0.566818s, 141596 KB] hill climbing pattern collection generator computation time: 0.537448s
[t=0.566824s, 141596 KB] Running dominance pruning...
[t=0.566832s, 141596 KB] Pruned 10 of 11 pattern cliques
[t=0.566835s, 141596 KB] Pruned 11 of 12 PDBs
[t=0.566837s, 141596 KB] Dominance pruning took 0.000010s
[t=0.567099s, 141596 KB] Canonical PDB heuristic number of patterns: 1
[t=0.567105s, 141596 KB] Canonical PDB heuristic total PDB size: 1103872
[t=0.567108s, 141596 KB] Canonical PDB heuristic computation time: 0.537780s
[t=0.567141s, 141596 KB] Building successor generator... done!
[t=0.567190s, 141596 KB] peak memory difference for successor generator creation: 0 KB
[t=0.567192s, 141596 KB] time for successor generation creation: 0.000042s
[t=0.567198s, 141596 KB] Variables: 25
[t=0.567201s, 141596 KB] FactPairs: 94
[t=0.567203s, 141596 KB] Bytes per state: 8
[t=0.567379s, 141596 KB] Conducting best first search with reopening closed nodes, (real) bound = 2147483647
[t=0.567396s, 141596 KB] Initial state is a dead end.
[t=0.567400s, 141596 KB] Initial heuristic value for cpdbs: infinity
[t=0.567403s, 141596 KB] pruning method: none
[t=0.567407s, 141596 KB] Completely explored state space -- no solution!
[t=0.567410s, 141596 KB] Actual search time: 0.000006s
[t=0.567414s, 141596 KB] Expanded 0 state(s).
[t=0.567414s, 141596 KB] Reopened 0 state(s).
[t=0.567414s, 141596 KB] Evaluated 1 state(s).
[t=0.567414s, 141596 KB] Evaluations: 1
[t=0.567414s, 141596 KB] Generated 0 state(s).
[t=0.567414s, 141596 KB] Dead ends: 0 state(s).
[t=0.567414s, 141596 KB] Number of registered states: 1
[t=0.567414s, 141596 KB] Int hash set load factor: 1/1 = 1.000000
[t=0.567414s, 141596 KB] Int hash set resizes: 0
[t=0.567414s, 141596 KB] Search time: 0.000036s
[t=0.567414s, 141596 KB] Total time: 0.567414s
Search stopped without finding a solution.
Remove intermediate file output.sas
search exit code: 12

Driver aborting after search

