$ D:\Miniforge3\python.exe C:/Users/user/Desktop/theoria/.worktrees/p13/engine-rig/.toolchain/downward/fast-downward.py --plan-file C:\Users\user\AppData\Local\Temp\e7verifyws6wu372\sas_plan C:\Users\user\Desktop\theoria\.worktrees\e7-deadlock-claim\engine-rig\runs\20260728T150713Z-E7-deadlock-claim-audit\attacks\work\a5\swap\singleton\sokoban_guarded_singleton_domain.pddl C:\Users\user\Desktop\theoria\.worktrees\e7-deadlock-claim\engine-rig\runs\20260728T150713Z-E7-deadlock-claim-audit\attacks\work\a5\swap\singleton\swap-passage_guarded_singleton.pddl --search astar(cpdbs(patterns=manual_patterns([[23,24,22,19,18,17,16]])))

INFO     planner time limit: None
INFO     planner memory limit: None

INFO     Running translator.
INFO     translator stdin: None
INFO     translator time limit: None
INFO     translator memory limit: None
INFO     translator command line string: 'D:\Miniforge3\python.exe' -m translate 'C:\Users\user\Desktop\theoria\.worktrees\e7-deadlock-claim\engine-rig\runs\20260728T150713Z-E7-deadlock-claim-audit\attacks\work\a5\swap\singleton\sokoban_guarded_singleton_domain.pddl' 'C:\Users\user\Desktop\theoria\.worktrees\e7-deadlock-claim\engine-rig\runs\20260728T150713Z-E7-deadlock-claim-audit\attacks\work\a5\swap\singleton\swap-passage_guarded_singleton.pddl' --sas-file output.sas
Warning! SIGXCPU is not available on your platform. This means that the planner cannot be gracefully terminated when using a time limit, which, however, is probably supported on your platform anyway.
Parsing...
Parsing: [0.000s CPU, 0.002s wall-clock]
Normalizing task... [0.000s CPU, 0.000s wall-clock]
Instantiating...
Generating Datalog program... [0.000s CPU, 0.000s wall-clock]
Normalizing Datalog program...
Normalizing Datalog program: [0.000s CPU, 0.001s wall-clock]
Preparing model... [0.016s CPU, 0.001s wall-clock]
Generated 20 rules.
Computing model... [0.000s CPU, 0.005s wall-clock]
613 relevant atoms
888 auxiliary atoms
1501 final queue length
1771 total queue pushes
Completing instantiation... [0.000s CPU, 0.002s wall-clock]
Instantiating: [0.016s CPU, 0.008s wall-clock]
Computing fact groups...
Finding invariants...
7 initial candidates
Finding invariants: [0.000s CPU, 0.001s wall-clock]
Checking invariant weight... [0.000s CPU, 0.000s wall-clock]
Instantiating groups... [0.000s CPU, 0.001s wall-clock]
Collecting mutex groups... [0.000s CPU, 0.000s wall-clock]
Choosing groups...
54 uncovered facts
Choosing groups: [0.000s CPU, 0.000s wall-clock]
Building translation key... [0.000s CPU, 0.000s wall-clock]
Computing fact groups: [0.000s CPU, 0.003s wall-clock]
Building STRIPS to SAS dictionary... [0.000s CPU, 0.000s wall-clock]
Building dictionary for full mutex groups... [0.000s CPU, 0.000s wall-clock]
Building mutex information...
Building mutex information: [0.000s CPU, 0.000s wall-clock]
Translating task...
Processing axioms...
Simplifying axioms... [0.000s CPU, 0.000s wall-clock]
Translator axioms removed by simplifying: 0
Processing axioms: [0.000s CPU, 0.000s wall-clock]
Translating task: [0.000s CPU, 0.002s wall-clock]
172 effect conditions simplified
0 implied preconditions added
Detecting unreachable propositions...
0 operators removed
0 axioms removed
83 propositions removed
Detecting unreachable propositions: [0.000s CPU, 0.001s wall-clock]
Reordering and filtering variables...
25 of 25 variables necessary.
22 of 25 mutex groups necessary.
116 of 116 operators necessary.
0 of 0 axiom rules necessary.
Reordering and filtering variables: [0.000s CPU, 0.001s wall-clock]
Translator variables: 25
Translator derived variables: 0
Translator facts: 94
Translator goal facts: 2
Translator mutex groups: 22
Translator total mutex groups size: 72
Translator operators: 116
Translator axioms: 0
Translator task size: 1057
warning: could not determine peak memory
Writing output... [0.000s CPU, 0.010s wall-clock]
Done! [0.016s CPU, 0.027s wall-clock]
translate exit code: 0

INFO     Running search (release).
INFO     search stdin: output.sas
INFO     search time limit: None
INFO     search memory limit: None
INFO     search command line string: 'C:\Users\user\Desktop\theoria\.worktrees\p13\engine-rig\.toolchain\downward\builds\release\bin\downward.exe' --search 'astar(cpdbs(patterns=manual_patterns([[23,24,22,19,18,17,16]])))' --internal-plan-file 'C:\Users\user\AppData\Local\Temp\e7verifyws6wu372\sas_plan' < output.sas
[t=0.000107s, 1904 KB] Search code revision: 7120aa0
[t=0.000187s, 1916 KB] reading input...
[t=0.001380s, 2192 KB] done reading input!
[t=0.002354s, 2744 KB] Initializing canonical PDB heuristic...
[t=0.002366s, 2744 KB] Generating patterns using: manual pattern collection generator
[t=0.002371s, 2744 KB] Manual pattern collection: [[23, 24, 22, 19, 18, 17, 16]]
[t=0.002380s, 2744 KB] manual pattern collection generator number of patterns: 1
[t=0.002385s, 2744 KB] manual pattern collection generator total PDB size: 68992
[t=0.002387s, 2744 KB] manual pattern collection generator computation time: 1.04e-05s
[t=0.002394s, 2744 KB] Computing PDBs for pattern collection...
[t=0.003683s, 3196 KB] Done computing PDBs for pattern collection: 0.001293s
[t=0.003692s, 3196 KB] Computing pattern cliques for pattern collection...
[t=0.003702s, 3196 KB] Done computing pattern cliques for pattern collection: 0.000012s
[t=0.003706s, 3196 KB] Running dominance pruning...
[t=0.003711s, 3196 KB] Pruned 0 of 1 pattern cliques
[t=0.003714s, 3196 KB] Pruned 0 of 1 PDBs
[t=0.003716s, 3196 KB] Dominance pruning took 0.000008s
[t=0.003719s, 3196 KB] Canonical PDB heuristic number of patterns: 1
[t=0.003721s, 3196 KB] Canonical PDB heuristic total PDB size: 68992
[t=0.003723s, 3196 KB] Canonical PDB heuristic computation time: 0.001365s
[t=0.003749s, 3196 KB] Building successor generator... done!
[t=0.003793s, 3196 KB] peak memory difference for successor generator creation: 0 KB
[t=0.003795s, 3196 KB] time for successor generation creation: 0.000037s
[t=0.003800s, 3196 KB] Variables: 25
[t=0.003802s, 3196 KB] FactPairs: 94
[t=0.003804s, 3196 KB] Bytes per state: 8
[t=0.003814s, 3196 KB] Conducting best first search with reopening closed nodes, (real) bound = 2147483647
[t=0.003828s, 3196 KB] New best heuristic value for cpdbs: 15
[t=0.003831s, 3196 KB] g=0, 1 evaluated, 0 expanded
[t=0.003833s, 3196 KB] f = 15, 1 evaluated, 0 expanded
[t=0.003844s, 3208 KB] Initial heuristic value for cpdbs: 15
[t=0.003847s, 3208 KB] pruning method: none
[t=0.003855s, 3208 KB] New best heuristic value for cpdbs: 14
[t=0.003859s, 3208 KB] g=1, 2 evaluated, 1 expanded
[t=0.003868s, 3208 KB] f = 17, 7 evaluated, 3 expanded
[t=0.003877s, 3208 KB] New best heuristic value for cpdbs: 13
[t=0.003879s, 3208 KB] g=4, 11 evaluated, 6 expanded
[t=0.003884s, 3208 KB] New best heuristic value for cpdbs: 12
[t=0.003887s, 3208 KB] g=5, 14 evaluated, 7 expanded
[t=0.003893s, 3208 KB] New best heuristic value for cpdbs: 11
[t=0.003896s, 3208 KB] g=6, 16 evaluated, 8 expanded
[t=0.003902s, 3208 KB] New best heuristic value for cpdbs: 10
[t=0.003905s, 3208 KB] g=7, 18 evaluated, 9 expanded
[t=0.003910s, 3208 KB] New best heuristic value for cpdbs: 9
[t=0.003912s, 3208 KB] g=8, 20 evaluated, 10 expanded
[t=0.003915s, 3208 KB] New best heuristic value for cpdbs: 8
[t=0.003918s, 3208 KB] g=9, 21 evaluated, 11 expanded
[t=0.003922s, 3208 KB] New best heuristic value for cpdbs: 7
[t=0.003926s, 3208 KB] g=10, 23 evaluated, 12 expanded
[t=0.003930s, 3208 KB] New best heuristic value for cpdbs: 6
[t=0.003932s, 3208 KB] g=11, 27 evaluated, 13 expanded
[t=0.003940s, 3208 KB] f = 19, 31 evaluated, 16 expanded
[t=0.003957s, 3208 KB] f = 21, 41 evaluated, 28 expanded
[t=0.003991s, 3208 KB] f = 23, 66 evaluated, 46 expanded
[t=0.004017s, 3208 KB] f = 25, 84 evaluated, 65 expanded
[t=0.004050s, 3228 KB] f = 27, 105 evaluated, 85 expanded
[t=0.004084s, 3228 KB] f = 29, 130 evaluated, 105 expanded
[t=0.004113s, 3228 KB] f = 31, 154 evaluated, 125 expanded
[t=0.004176s, 3228 KB] f = 33, 219 evaluated, 168 expanded
[t=0.004265s, 3228 KB] f = 35, 291 evaluated, 230 expanded
[t=0.004273s, 3228 KB] New best heuristic value for cpdbs: 5
[t=0.004275s, 3228 KB] g=30, 296 evaluated, 232 expanded
[t=0.004280s, 3228 KB] New best heuristic value for cpdbs: 4
[t=0.004282s, 3228 KB] g=31, 299 evaluated, 233 expanded
[t=0.004373s, 3228 KB] f = 37, 384 evaluated, 311 expanded
[t=0.004446s, 3228 KB] f = 39, 440 evaluated, 382 expanded
[t=0.004520s, 3228 KB] f = 41, 493 evaluated, 438 expanded
[t=0.004580s, 3240 KB] f = 43, 517 evaluated, 476 expanded
[t=0.004621s, 3240 KB] f = 45, 550 evaluated, 511 expanded
[t=0.004644s, 3240 KB] f = 47, 564 evaluated, 531 expanded
[t=0.004654s, 3240 KB] f = 49, 566 evaluated, 540 expanded
[t=0.004660s, 3240 KB] Completely explored state space -- no solution!
[t=0.004662s, 3240 KB] Actual search time: 0.000813s
[t=0.004665s, 3240 KB] Expanded 542 state(s).
[t=0.004665s, 3240 KB] Reopened 0 state(s).
[t=0.004665s, 3240 KB] Evaluated 566 state(s).
[t=0.004665s, 3240 KB] Evaluations: 566
[t=0.004665s, 3240 KB] Generated 1404 state(s).
[t=0.004665s, 3240 KB] Dead ends: 24 state(s).
[t=0.004665s, 3240 KB] Expanded until last jump: 540 state(s).
[t=0.004665s, 3240 KB] Reopened until last jump: 0 state(s).
[t=0.004665s, 3240 KB] Evaluated until last jump: 566 state(s).
[t=0.004665s, 3240 KB] Generated until last jump: 1400 state(s).
[t=0.004665s, 3240 KB] Number of registered states: 566
[t=0.004665s, 3240 KB] Int hash set load factor: 566/1024 = 0.552734
[t=0.004665s, 3240 KB] Int hash set resizes: 10
[t=0.004665s, 3240 KB] Search time: 0.000852s
[t=0.004665s, 3240 KB] Total time: 0.004665s
Search stopped without finding a solution.
Remove intermediate file output.sas
search exit code: 12

Driver aborting after search

