$ D:\Miniforge3\python.exe C:/Users/user/Desktop/theoria/.worktrees/p13/engine-rig/.toolchain/downward/fast-downward.py --plan-file C:\Users\user\AppData\Local\Temp\e7verifyy329flrt\sas_plan C:\Users\user\Desktop\theoria\.worktrees\e7-deadlock-claim\engine-rig\fixtures\data\sokoban_domain.pddl C:\Users\user\Desktop\theoria\.worktrees\e7-deadlock-claim\engine-rig\runs\20260728T150713Z-E7-deadlock-claim-audit\attacks\work\a5\swap\swap-passage.pddl --search astar(ipdb(pdb_max_size=20000000,collection_max_size=60000000,max_time=300,random_seed=42))

INFO     planner time limit: None
INFO     planner memory limit: None

INFO     Running translator.
INFO     translator stdin: None
INFO     translator time limit: None
INFO     translator memory limit: None
INFO     translator command line string: 'D:\Miniforge3\python.exe' -m translate 'C:\Users\user\Desktop\theoria\.worktrees\e7-deadlock-claim\engine-rig\fixtures\data\sokoban_domain.pddl' 'C:\Users\user\Desktop\theoria\.worktrees\e7-deadlock-claim\engine-rig\runs\20260728T150713Z-E7-deadlock-claim-audit\attacks\work\a5\swap\swap-passage.pddl' --sas-file output.sas
Warning! SIGXCPU is not available on your platform. This means that the planner cannot be gracefully terminated when using a time limit, which, however, is probably supported on your platform anyway.
Parsing...
Parsing: [0.000s CPU, 0.002s wall-clock]
Normalizing task... [0.000s CPU, 0.000s wall-clock]
Instantiating...
Generating Datalog program... [0.000s CPU, 0.000s wall-clock]
Normalizing Datalog program...
Normalizing Datalog program: [0.000s CPU, 0.001s wall-clock]
Preparing model... [0.000s CPU, 0.000s wall-clock]
Generated 20 rules.
Computing model... [0.000s CPU, 0.005s wall-clock]
597 relevant atoms
888 auxiliary atoms
1485 final queue length
1755 total queue pushes
Completing instantiation... [0.000s CPU, 0.002s wall-clock]
Instantiating: [0.000s CPU, 0.009s wall-clock]
Computing fact groups...
Finding invariants...
7 initial candidates
Finding invariants: [0.000s CPU, 0.001s wall-clock]
Checking invariant weight... [0.000s CPU, 0.000s wall-clock]
Instantiating groups... [0.000s CPU, 0.001s wall-clock]
Collecting mutex groups... [0.000s CPU, 0.000s wall-clock]
Choosing groups...
54 uncovered facts
Choosing groups: [0.000s CPU, 0.000s wall-clock]
Building translation key... [0.000s CPU, 0.000s wall-clock]
Computing fact groups: [0.000s CPU, 0.003s wall-clock]
Building STRIPS to SAS dictionary... [0.000s CPU, 0.000s wall-clock]
Building dictionary for full mutex groups... [0.000s CPU, 0.000s wall-clock]
Building mutex information...
Building mutex information: [0.000s CPU, 0.000s wall-clock]
Translating task...
Processing axioms...
Simplifying axioms... [0.000s CPU, 0.000s wall-clock]
Translator axioms removed by simplifying: 0
Processing axioms: [0.000s CPU, 0.000s wall-clock]
Translating task: [0.016s CPU, 0.002s wall-clock]
204 effect conditions simplified
0 implied preconditions added
Detecting unreachable propositions...
0 operators removed
0 axioms removed
67 propositions removed
Detecting unreachable propositions: [0.000s CPU, 0.001s wall-clock]
Reordering and filtering variables...
25 of 25 variables necessary.
22 of 25 mutex groups necessary.
132 of 132 operators necessary.
0 of 0 axiom rules necessary.
Reordering and filtering variables: [0.000s CPU, 0.001s wall-clock]
Translator variables: 25
Translator derived variables: 0
Translator facts: 110
Translator goal facts: 2
Translator mutex groups: 22
Translator total mutex groups size: 88
Translator operators: 132
Translator axioms: 0
Translator task size: 1233
warning: could not determine peak memory
Writing output... [0.000s CPU, 0.010s wall-clock]
Done! [0.016s CPU, 0.028s wall-clock]
translate exit code: 0

INFO     Running search (release).
INFO     search stdin: output.sas
INFO     search time limit: None
INFO     search memory limit: None
INFO     search command line string: 'C:\Users\user\Desktop\theoria\.worktrees\p13\engine-rig\.toolchain\downward\builds\release\bin\downward.exe' --search 'astar(ipdb(pdb_max_size=20000000,collection_max_size=60000000,max_time=300,random_seed=42))' --internal-plan-file 'C:\Users\user\AppData\Local\Temp\e7verifyy329flrt\sas_plan' < output.sas
[t=0.000171s, 1968 KB] Search code revision: 7120aa0
[t=0.000265s, 1968 KB] reading input...
[t=0.001672s, 2240 KB] done reading input!
[t=0.003023s, 2844 KB] Initializing canonical PDB heuristic...
[t=0.003036s, 2844 KB] Generating patterns using: hill climbing pattern collection generator
[t=0.003126s, 2848 KB] Done calculating initial pattern collection: 0.000086s
[t=0.003136s, 2848 KB] Average operator cost: 1.000000
[t=0.003144s, 2848 KB] Building causal graph... done!
[t=0.004251s, 2944 KB] Done calculating initial candidate PDBs
[t=0.008019s, 3220 KB] found a better pattern with improvement 966
[t=0.015541s, 3380 KB] found a better pattern with improvement 741
[t=0.033032s, 5232 KB] found a better pattern with improvement 602
[t=0.053823s, 8772 KB] found a better pattern with improvement 932
[t=0.082939s, 15580 KB] found a better pattern with improvement 1000
[t=0.124237s, 28368 KB] found a better pattern with improvement 625
[t=0.186878s, 52440 KB] found a better pattern with improvement 891
[t=0.282482s, 97924 KB] found a better pattern with improvement 997
[t=0.436114s, 183352 KB] found a better pattern with improvement 951
[t=0.710317s, 343728 KB] found a better pattern with improvement 1000
[t=1.230995s, 642576 KB] Initial state is a dead end. Stop hill climbing.
[t=1.231022s, 642576 KB] Hill climbing iterations: 11
[t=1.231025s, 642576 KB] Hill climbing generated patterns: 231
[t=1.231028s, 642576 KB] Hill climbing rejected patterns: 0
[t=1.231030s, 642576 KB] Hill climbing maximum PDB size: 5451776
[t=1.231032s, 642576 KB] Hill climbing time: 1.227897s
[t=1.264235s, 642576 KB] hill climbing pattern collection generator number of patterns: 12
[t=1.264258s, 642576 KB] hill climbing pattern collection generator total PDB size: 5441656
[t=1.264262s, 642576 KB] hill climbing pattern collection generator computation time: 1.261189s
[t=1.264269s, 642576 KB] Running dominance pruning...
[t=1.278378s, 642576 KB] Pruned 10 of 11 pattern cliques
[t=1.278395s, 642576 KB] Pruned 11 of 12 PDBs
[t=1.278398s, 642576 KB] Dominance pruning took 0.014128s
[t=1.278833s, 642576 KB] Canonical PDB heuristic number of patterns: 1
[t=1.278840s, 642576 KB] Canonical PDB heuristic total PDB size: 2725888
[t=1.278843s, 642576 KB] Canonical PDB heuristic computation time: 1.275810s
[t=1.279059s, 642576 KB] Building successor generator... done!
[t=1.279132s, 642576 KB] peak memory difference for successor generator creation: 0 KB
[t=1.279135s, 642576 KB] time for successor generation creation: 0.000056s
[t=1.279141s, 642576 KB] Variables: 25
[t=1.279143s, 642576 KB] FactPairs: 110
[t=1.279145s, 642576 KB] Bytes per state: 8
[t=1.279157s, 642576 KB] Conducting best first search with reopening closed nodes, (real) bound = 2147483647
[t=1.279174s, 642576 KB] Initial state is a dead end.
[t=1.279176s, 642576 KB] Initial heuristic value for cpdbs: infinity
[t=1.279178s, 642576 KB] pruning method: none
[t=1.279183s, 642576 KB] Completely explored state space -- no solution!
[t=1.279185s, 642576 KB] Actual search time: 0.000005s
[t=1.279188s, 642576 KB] Expanded 0 state(s).
[t=1.279188s, 642576 KB] Reopened 0 state(s).
[t=1.279188s, 642576 KB] Evaluated 1 state(s).
[t=1.279188s, 642576 KB] Evaluations: 1
[t=1.279188s, 642576 KB] Generated 0 state(s).
[t=1.279188s, 642576 KB] Dead ends: 0 state(s).
[t=1.279188s, 642576 KB] Number of registered states: 1
[t=1.279188s, 642576 KB] Int hash set load factor: 1/1 = 1.000000
[t=1.279188s, 642576 KB] Int hash set resizes: 0
[t=1.279188s, 642576 KB] Search time: 0.000032s
[t=1.279188s, 642576 KB] Total time: 1.279188s
Search stopped without finding a solution.
Remove intermediate file output.sas
search exit code: 12

Driver aborting after search

