$ D:\Miniforge3\python.exe C:/Users/user/Desktop/theoria/.worktrees/p13/engine-rig/.toolchain/downward/fast-downward.py --plan-file C:\Users\user\AppData\Local\Temp\e7verifyyem7zlad\sas_plan C:\Users\user\Desktop\theoria\.worktrees\e7-deadlock-claim\engine-rig\runs\20260728T150713Z-E7-deadlock-claim-audit\attacks\work\a5\swap\singleton\sokoban_guarded_singleton_domain.pddl C:\Users\user\Desktop\theoria\.worktrees\e7-deadlock-claim\engine-rig\runs\20260728T150713Z-E7-deadlock-claim-audit\attacks\work\a5\swap\singleton\swap-passage_guarded_singleton.pddl --search astar(cpdbs(patterns=manual_patterns([[23,24,22,14,6,21,5,19,10,3]])))

INFO     planner time limit: None
INFO     planner memory limit: None

INFO     Running translator.
INFO     translator stdin: None
INFO     translator time limit: None
INFO     translator memory limit: None
INFO     translator command line string: 'D:\Miniforge3\python.exe' -m translate 'C:\Users\user\Desktop\theoria\.worktrees\e7-deadlock-claim\engine-rig\runs\20260728T150713Z-E7-deadlock-claim-audit\attacks\work\a5\swap\singleton\sokoban_guarded_singleton_domain.pddl' 'C:\Users\user\Desktop\theoria\.worktrees\e7-deadlock-claim\engine-rig\runs\20260728T150713Z-E7-deadlock-claim-audit\attacks\work\a5\swap\singleton\swap-passage_guarded_singleton.pddl' --sas-file output.sas
Warning! SIGXCPU is not available on your platform. This means that the planner cannot be gracefully terminated when using a time limit, which, however, is probably supported on your platform anyway.
Parsing...
Parsing: [0.000s CPU, 0.002s wall-clock]
Normalizing task... [0.000s CPU, 0.000s wall-clock]
Instantiating...
Generating Datalog program... [0.000s CPU, 0.000s wall-clock]
Normalizing Datalog program...
Normalizing Datalog program: [0.000s CPU, 0.001s wall-clock]
Preparing model... [0.000s CPU, 0.000s wall-clock]
Generated 20 rules.
Computing model... [0.016s CPU, 0.005s wall-clock]
613 relevant atoms
888 auxiliary atoms
1501 final queue length
1771 total queue pushes
Completing instantiation... [0.000s CPU, 0.002s wall-clock]
Instantiating: [0.016s CPU, 0.009s wall-clock]
Computing fact groups...
Finding invariants...
7 initial candidates
Finding invariants: [0.000s CPU, 0.001s wall-clock]
Checking invariant weight... [0.000s CPU, 0.000s wall-clock]
Instantiating groups... [0.000s CPU, 0.001s wall-clock]
Collecting mutex groups... [0.000s CPU, 0.000s wall-clock]
Choosing groups...
54 uncovered facts
Choosing groups: [0.000s CPU, 0.000s wall-clock]
Building translation key... [0.000s CPU, 0.000s wall-clock]
Computing fact groups: [0.000s CPU, 0.003s wall-clock]
Building STRIPS to SAS dictionary... [0.000s CPU, 0.000s wall-clock]
Building dictionary for full mutex groups... [0.000s CPU, 0.000s wall-clock]
Building mutex information...
Building mutex information: [0.000s CPU, 0.000s wall-clock]
Translating task...
Processing axioms...
Simplifying axioms... [0.000s CPU, 0.000s wall-clock]
Translator axioms removed by simplifying: 0
Processing axioms: [0.000s CPU, 0.000s wall-clock]
Translating task: [0.000s CPU, 0.002s wall-clock]
172 effect conditions simplified
0 implied preconditions added
Detecting unreachable propositions...
0 operators removed
0 axioms removed
83 propositions removed
Detecting unreachable propositions: [0.000s CPU, 0.001s wall-clock]
Reordering and filtering variables...
25 of 25 variables necessary.
22 of 25 mutex groups necessary.
116 of 116 operators necessary.
0 of 0 axiom rules necessary.
Reordering and filtering variables: [0.000s CPU, 0.001s wall-clock]
Translator variables: 25
Translator derived variables: 0
Translator facts: 94
Translator goal facts: 2
Translator mutex groups: 22
Translator total mutex groups size: 72
Translator operators: 116
Translator axioms: 0
Translator task size: 1057
warning: could not determine peak memory
Writing output... [0.000s CPU, 0.010s wall-clock]
Done! [0.016s CPU, 0.027s wall-clock]
translate exit code: 0

INFO     Running search (release).
INFO     search stdin: output.sas
INFO     search time limit: None
INFO     search memory limit: None
INFO     search command line string: 'C:\Users\user\Desktop\theoria\.worktrees\p13\engine-rig\.toolchain\downward\builds\release\bin\downward.exe' --search 'astar(cpdbs(patterns=manual_patterns([[23,24,22,14,6,21,5,19,10,3]])))' --internal-plan-file 'C:\Users\user\AppData\Local\Temp\e7verifyyem7zlad\sas_plan' < output.sas
[t=0.000120s, 1848 KB] Search code revision: 7120aa0
[t=0.000206s, 1848 KB] reading input...
[t=0.001463s, 2180 KB] done reading input!
[t=0.002845s, 2824 KB] Initializing canonical PDB heuristic...
[t=0.002862s, 2832 KB] Generating patterns using: manual pattern collection generator
[t=0.002870s, 2832 KB] Manual pattern collection: [[23, 24, 22, 14, 6, 21, 5, 19, 10, 3]]
[t=0.002880s, 2832 KB] manual pattern collection generator number of patterns: 1
[t=0.002883s, 2832 KB] manual pattern collection generator total PDB size: 551936
[t=0.002886s, 2832 KB] manual pattern collection generator computation time: 1.1e-05s
[t=0.002892s, 2832 KB] Computing PDBs for pattern collection...
[t=0.017502s, 5492 KB] Done computing PDBs for pattern collection: 0.014624s
[t=0.017527s, 5492 KB] Computing pattern cliques for pattern collection...
[t=0.017550s, 5492 KB] Done computing pattern cliques for pattern collection: 0.000025s
[t=0.017555s, 5492 KB] Running dominance pruning...
[t=0.017562s, 5492 KB] Pruned 0 of 1 pattern cliques
[t=0.017566s, 5492 KB] Pruned 0 of 1 PDBs
[t=0.017568s, 5492 KB] Dominance pruning took 0.000011s
[t=0.017572s, 5492 KB] Canonical PDB heuristic number of patterns: 1
[t=0.017574s, 5492 KB] Canonical PDB heuristic total PDB size: 551936
[t=0.017577s, 5492 KB] Canonical PDB heuristic computation time: 0.014728s
[t=0.017611s, 5492 KB] Building successor generator... done!
[t=0.017697s, 5492 KB] peak memory difference for successor generator creation: 0 KB
[t=0.017706s, 5492 KB] time for successor generation creation: 0.000074s
[t=0.017714s, 5492 KB] Variables: 25
[t=0.017718s, 5492 KB] FactPairs: 94
[t=0.017720s, 5492 KB] Bytes per state: 8
[t=0.017731s, 5492 KB] Conducting best first search with reopening closed nodes, (real) bound = 2147483647
[t=0.017772s, 5496 KB] New best heuristic value for cpdbs: 11
[t=0.017777s, 5496 KB] g=0, 1 evaluated, 0 expanded
[t=0.017779s, 5496 KB] f = 11, 1 evaluated, 0 expanded
[t=0.017785s, 5496 KB] Initial heuristic value for cpdbs: 11
[t=0.017790s, 5496 KB] pruning method: none
[t=0.017801s, 5496 KB] New best heuristic value for cpdbs: 10
[t=0.017805s, 5496 KB] g=1, 4 evaluated, 1 expanded
[t=0.017811s, 5496 KB] New best heuristic value for cpdbs: 9
[t=0.017814s, 5496 KB] g=2, 6 evaluated, 2 expanded
[t=0.017822s, 5496 KB] New best heuristic value for cpdbs: 8
[t=0.017825s, 5496 KB] g=3, 10 evaluated, 3 expanded
[t=0.017830s, 5496 KB] New best heuristic value for cpdbs: 7
[t=0.017833s, 5496 KB] g=4, 12 evaluated, 4 expanded
[t=0.017837s, 5496 KB] New best heuristic value for cpdbs: 6
[t=0.017841s, 5496 KB] g=5, 14 evaluated, 5 expanded
[t=0.017849s, 5496 KB] New best heuristic value for cpdbs: 5
[t=0.017851s, 5496 KB] g=6, 17 evaluated, 6 expanded
[t=0.017858s, 5496 KB] New best heuristic value for cpdbs: 4
[t=0.017862s, 5496 KB] g=7, 20 evaluated, 7 expanded
[t=0.017867s, 5496 KB] f = 13, 21 evaluated, 8 expanded
[t=0.017897s, 5496 KB] f = 15, 36 evaluated, 23 expanded
[t=0.017908s, 5496 KB] f = 17, 38 evaluated, 32 expanded
[t=0.017949s, 5496 KB] f = 19, 66 evaluated, 46 expanded
[t=0.017982s, 5496 KB] f = 21, 88 evaluated, 65 expanded
[t=0.018017s, 5496 KB] f = 23, 110 evaluated, 88 expanded
[t=0.018058s, 5496 KB] f = 25, 131 evaluated, 110 expanded
[t=0.018093s, 5496 KB] f = 27, 154 evaluated, 130 expanded
[t=0.018127s, 5496 KB] f = 29, 174 evaluated, 152 expanded
[t=0.018149s, 5496 KB] New best heuristic value for cpdbs: 3
[t=0.018153s, 5496 KB] g=26, 191 evaluated, 161 expanded
[t=0.018191s, 5496 KB] f = 31, 219 evaluated, 183 expanded
[t=0.018262s, 5496 KB] f = 33, 259 evaluated, 217 expanded
[t=0.018328s, 5496 KB] f = 35, 303 evaluated, 263 expanded
[t=0.018431s, 5496 KB] f = 37, 390 evaluated, 322 expanded
[t=0.018538s, 5496 KB] f = 39, 469 evaluated, 395 expanded
[t=0.018635s, 5496 KB] f = 41, 517 evaluated, 459 expanded
[t=0.018707s, 5496 KB] f = 43, 569 evaluated, 510 expanded
[t=0.018752s, 5496 KB] f = 45, 596 evaluated, 547 expanded
[t=0.018783s, 5496 KB] f = 47, 612 evaluated, 573 expanded
[t=0.018804s, 5496 KB] f = 49, 624 evaluated, 587 expanded
[t=0.018830s, 5496 KB] f = 51, 641 evaluated, 603 expanded
[t=0.018853s, 5496 KB] f = 53, 655 evaluated, 617 expanded
[t=0.018865s, 5496 KB] f = 55, 658 evaluated, 627 expanded
[t=0.018869s, 5496 KB] Completely explored state space -- no solution!
[t=0.018871s, 5496 KB] Actual search time: 0.001080s
[t=0.018875s, 5496 KB] Expanded 630 state(s).
[t=0.018875s, 5496 KB] Reopened 0 state(s).
[t=0.018875s, 5496 KB] Evaluated 658 state(s).
[t=0.018875s, 5496 KB] Evaluations: 658
[t=0.018875s, 5496 KB] Generated 1644 state(s).
[t=0.018875s, 5496 KB] Dead ends: 28 state(s).
[t=0.018875s, 5496 KB] Expanded until last jump: 627 state(s).
[t=0.018875s, 5496 KB] Reopened until last jump: 0 state(s).
[t=0.018875s, 5496 KB] Evaluated until last jump: 658 state(s).
[t=0.018875s, 5496 KB] Generated until last jump: 1638 state(s).
[t=0.018875s, 5496 KB] Number of registered states: 658
[t=0.018875s, 5496 KB] Int hash set load factor: 658/1024 = 0.642578
[t=0.018875s, 5496 KB] Int hash set resizes: 10
[t=0.018875s, 5496 KB] Search time: 0.001145s
[t=0.018875s, 5496 KB] Total time: 0.018875s
Search stopped without finding a solution.
Remove intermediate file output.sas
search exit code: 12

Driver aborting after search

