$ D:\Miniforge3\python.exe C:/Users/user/Desktop/theoria/.worktrees/p13/engine-rig/.toolchain/downward/fast-downward.py --plan-file C:\Users\user\AppData\Local\Temp\e7verifyzk0je0hg\sas_plan C:\Users\user\Desktop\theoria\.worktrees\e7-deadlock-claim\engine-rig\fixtures\data\sokoban_domain.pddl C:\Users\user\Desktop\theoria\.worktrees\e7-deadlock-claim\engine-rig\runs\20260728T150713Z-E7-deadlock-claim-audit\attacks\work\a5\swap\swap-passage.pddl --search astar(cpdbs(patterns=manual_patterns([[23,24,22,6,0,4,13,3,8]])))

INFO     planner time limit: None
INFO     planner memory limit: None

INFO     Running translator.
INFO     translator stdin: None
INFO     translator time limit: None
INFO     translator memory limit: None
INFO     translator command line string: 'D:\Miniforge3\python.exe' -m translate 'C:\Users\user\Desktop\theoria\.worktrees\e7-deadlock-claim\engine-rig\fixtures\data\sokoban_domain.pddl' 'C:\Users\user\Desktop\theoria\.worktrees\e7-deadlock-claim\engine-rig\runs\20260728T150713Z-E7-deadlock-claim-audit\attacks\work\a5\swap\swap-passage.pddl' --sas-file output.sas
Warning! SIGXCPU is not available on your platform. This means that the planner cannot be gracefully terminated when using a time limit, which, however, is probably supported on your platform anyway.
Parsing...
Parsing: [0.000s CPU, 0.002s wall-clock]
Normalizing task... [0.000s CPU, 0.000s wall-clock]
Instantiating...
Generating Datalog program... [0.000s CPU, 0.000s wall-clock]
Normalizing Datalog program...
Normalizing Datalog program: [0.000s CPU, 0.001s wall-clock]
Preparing model... [0.000s CPU, 0.000s wall-clock]
Generated 20 rules.
Computing model... [0.000s CPU, 0.005s wall-clock]
597 relevant atoms
888 auxiliary atoms
1485 final queue length
1755 total queue pushes
Completing instantiation... [0.000s CPU, 0.002s wall-clock]
Instantiating: [0.000s CPU, 0.008s wall-clock]
Computing fact groups...
Finding invariants...
7 initial candidates
Finding invariants: [0.000s CPU, 0.001s wall-clock]
Checking invariant weight... [0.000s CPU, 0.000s wall-clock]
Instantiating groups... [0.000s CPU, 0.001s wall-clock]
Collecting mutex groups... [0.000s CPU, 0.000s wall-clock]
Choosing groups...
54 uncovered facts
Choosing groups: [0.000s CPU, 0.000s wall-clock]
Building translation key... [0.000s CPU, 0.000s wall-clock]
Computing fact groups: [0.000s CPU, 0.003s wall-clock]
Building STRIPS to SAS dictionary... [0.000s CPU, 0.000s wall-clock]
Building dictionary for full mutex groups... [0.000s CPU, 0.000s wall-clock]
Building mutex information...
Building mutex information: [0.000s CPU, 0.000s wall-clock]
Translating task...
Processing axioms...
Simplifying axioms... [0.000s CPU, 0.000s wall-clock]
Translator axioms removed by simplifying: 0
Processing axioms: [0.000s CPU, 0.000s wall-clock]
Translating task: [0.016s CPU, 0.002s wall-clock]
204 effect conditions simplified
0 implied preconditions added
Detecting unreachable propositions...
0 operators removed
0 axioms removed
67 propositions removed
Detecting unreachable propositions: [0.000s CPU, 0.001s wall-clock]
Reordering and filtering variables...
25 of 25 variables necessary.
22 of 25 mutex groups necessary.
132 of 132 operators necessary.
0 of 0 axiom rules necessary.
Reordering and filtering variables: [0.000s CPU, 0.001s wall-clock]
Translator variables: 25
Translator derived variables: 0
Translator facts: 110
Translator goal facts: 2
Translator mutex groups: 22
Translator total mutex groups size: 88
Translator operators: 132
Translator axioms: 0
Translator task size: 1233
warning: could not determine peak memory
Writing output... [0.000s CPU, 0.010s wall-clock]
Done! [0.016s CPU, 0.027s wall-clock]
translate exit code: 0

INFO     Running search (release).
INFO     search stdin: output.sas
INFO     search time limit: None
INFO     search memory limit: None
INFO     search command line string: 'C:\Users\user\Desktop\theoria\.worktrees\p13\engine-rig\.toolchain\downward\builds\release\bin\downward.exe' --search 'astar(cpdbs(patterns=manual_patterns([[23,24,22,6,0,4,13,3,8]])))' --internal-plan-file 'C:\Users\user\AppData\Local\Temp\e7verifyzk0je0hg\sas_plan' < output.sas
[t=0.000157s, 1952 KB] Search code revision: 7120aa0
[t=0.000247s, 1964 KB] reading input...
[t=0.001769s, 2224 KB] done reading input!
[t=0.003256s, 2828 KB] Initializing canonical PDB heuristic...
[t=0.003269s, 2828 KB] Generating patterns using: manual pattern collection generator
[t=0.003274s, 2828 KB] Manual pattern collection: [[23, 24, 22, 6, 0, 4, 13, 3, 8]]
[t=0.003283s, 2828 KB] manual pattern collection generator number of patterns: 1
[t=0.003286s, 2828 KB] manual pattern collection generator total PDB size: 681472
[t=0.003289s, 2828 KB] manual pattern collection generator computation time: 8.8e-06s
[t=0.003298s, 2828 KB] Computing PDBs for pattern collection...
[t=0.014172s, 6032 KB] Done computing PDBs for pattern collection: 0.010881s
[t=0.014187s, 6032 KB] Computing pattern cliques for pattern collection...
[t=0.014204s, 6032 KB] Done computing pattern cliques for pattern collection: 0.000019s
[t=0.014209s, 6032 KB] Running dominance pruning...
[t=0.014215s, 6032 KB] Pruned 0 of 1 pattern cliques
[t=0.014218s, 6032 KB] Pruned 0 of 1 PDBs
[t=0.014220s, 6032 KB] Dominance pruning took 0.000008s
[t=0.014226s, 6032 KB] Canonical PDB heuristic number of patterns: 1
[t=0.014228s, 6032 KB] Canonical PDB heuristic total PDB size: 681472
[t=0.014230s, 6032 KB] Canonical PDB heuristic computation time: 0.010971s
[t=0.014257s, 6032 KB] Building successor generator... done!
[t=0.014322s, 6032 KB] peak memory difference for successor generator creation: 0 KB
[t=0.014324s, 6032 KB] time for successor generation creation: 0.000057s
[t=0.014329s, 6032 KB] Variables: 25
[t=0.014331s, 6032 KB] FactPairs: 110
[t=0.014333s, 6032 KB] Bytes per state: 8
[t=0.014343s, 6032 KB] Conducting best first search with reopening closed nodes, (real) bound = 2147483647
[t=0.014372s, 6032 KB] New best heuristic value for cpdbs: 9
[t=0.014377s, 6032 KB] g=0, 1 evaluated, 0 expanded
[t=0.014379s, 6032 KB] f = 9, 1 evaluated, 0 expanded
[t=0.014385s, 6032 KB] Initial heuristic value for cpdbs: 9
[t=0.014389s, 6032 KB] pruning method: none
[t=0.014398s, 6032 KB] New best heuristic value for cpdbs: 8
[t=0.014400s, 6032 KB] g=1, 3 evaluated, 1 expanded
[t=0.014407s, 6032 KB] New best heuristic value for cpdbs: 7
[t=0.014410s, 6032 KB] g=2, 6 evaluated, 2 expanded
[t=0.014416s, 6032 KB] New best heuristic value for cpdbs: 6
[t=0.014419s, 6032 KB] g=3, 10 evaluated, 3 expanded
[t=0.014424s, 6032 KB] f = 11, 12 evaluated, 4 expanded
[t=0.014437s, 6032 KB] New best heuristic value for cpdbs: 5
[t=0.014441s, 6032 KB] g=6, 17 evaluated, 6 expanded
[t=0.014446s, 6032 KB] New best heuristic value for cpdbs: 4
[t=0.014448s, 6032 KB] g=7, 19 evaluated, 7 expanded
[t=0.014460s, 6032 KB] f = 13, 28 evaluated, 14 expanded
[t=0.014480s, 6032 KB] f = 15, 38 evaluated, 27 expanded
[t=0.014487s, 6032 KB] f = 17, 39 evaluated, 32 expanded
[t=0.014520s, 6032 KB] f = 19, 69 evaluated, 46 expanded
[t=0.014548s, 6032 KB] f = 21, 91 evaluated, 65 expanded
[t=0.014579s, 6032 KB] f = 23, 114 evaluated, 88 expanded
[t=0.014612s, 6032 KB] f = 25, 136 evaluated, 110 expanded
[t=0.014657s, 6032 KB] f = 27, 177 evaluated, 137 expanded
[t=0.014716s, 6032 KB] f = 29, 234 evaluated, 177 expanded
[t=0.014725s, 6032 KB] New best heuristic value for cpdbs: 3
[t=0.014728s, 6032 KB] g=26, 239 evaluated, 179 expanded
[t=0.014795s, 6032 KB] f = 31, 285 evaluated, 225 expanded
[t=0.014868s, 6032 KB] f = 33, 357 evaluated, 281 expanded
[t=0.014966s, 6032 KB] f = 35, 449 evaluated, 358 expanded
[t=0.015087s, 6032 KB] f = 37, 539 evaluated, 442 expanded
[t=0.015159s, 6032 KB] f = 39, 596 evaluated, 510 expanded
[t=0.015219s, 6032 KB] f = 41, 641 evaluated, 563 expanded
[t=0.015258s, 6032 KB] f = 43, 667 evaluated, 601 expanded
[t=0.015276s, 6032 KB] f = 45, 674 evaluated, 619 expanded
[t=0.015286s, 6032 KB] f = 47, 677 evaluated, 626 expanded
[t=0.015291s, 6032 KB] f = 49, 678 evaluated, 629 expanded
[t=0.015295s, 6032 KB] Completely explored state space -- no solution!
[t=0.015297s, 6032 KB] Actual search time: 0.000907s
[t=0.015300s, 6032 KB] Expanded 630 state(s).
[t=0.015300s, 6032 KB] Reopened 0 state(s).
[t=0.015300s, 6032 KB] Evaluated 678 state(s).
[t=0.015300s, 6032 KB] Evaluations: 678
[t=0.015300s, 6032 KB] Generated 1664 state(s).
[t=0.015300s, 6032 KB] Dead ends: 48 state(s).
[t=0.015300s, 6032 KB] Expanded until last jump: 629 state(s).
[t=0.015300s, 6032 KB] Reopened until last jump: 0 state(s).
[t=0.015300s, 6032 KB] Evaluated until last jump: 678 state(s).
[t=0.015300s, 6032 KB] Generated until last jump: 1662 state(s).
[t=0.015300s, 6032 KB] Number of registered states: 678
[t=0.015300s, 6032 KB] Int hash set load factor: 678/1024 = 0.662109
[t=0.015300s, 6032 KB] Int hash set resizes: 10
[t=0.015300s, 6032 KB] Search time: 0.000959s
[t=0.015300s, 6032 KB] Total time: 0.015300s
Search stopped without finding a solution.
Remove intermediate file output.sas
search exit code: 12

Driver aborting after search

