$ D:\Miniforge3\python.exe C:/Users/user/Desktop/theoria/.worktrees/p13/engine-rig/.toolchain/downward/fast-downward.py --plan-file C:\Users\user\AppData\Local\Temp\e7verify80t6yorc\sas_plan C:\Users\user\Desktop\theoria\.worktrees\e7-deadlock-claim\engine-rig\runs\20260728T150713Z-E7-deadlock-claim-audit\attacks\work\a5\swap\singleton\sokoban_guarded_singleton_domain.pddl C:\Users\user\Desktop\theoria\.worktrees\e7-deadlock-claim\engine-rig\runs\20260728T150713Z-E7-deadlock-claim-audit\attacks\work\a5\swap\singleton\swap-passage_guarded_singleton.pddl --search astar(cpdbs(patterns=manual_patterns([[23,24,22,19,18,17,16,20,21,11,3]])))

INFO     planner time limit: None
INFO     planner memory limit: None

INFO     Running translator.
INFO     translator stdin: None
INFO     translator time limit: None
INFO     translator memory limit: None
INFO     translator command line string: 'D:\Miniforge3\python.exe' -m translate 'C:\Users\user\Desktop\theoria\.worktrees\e7-deadlock-claim\engine-rig\runs\20260728T150713Z-E7-deadlock-claim-audit\attacks\work\a5\swap\singleton\sokoban_guarded_singleton_domain.pddl' 'C:\Users\user\Desktop\theoria\.worktrees\e7-deadlock-claim\engine-rig\runs\20260728T150713Z-E7-deadlock-claim-audit\attacks\work\a5\swap\singleton\swap-passage_guarded_singleton.pddl' --sas-file output.sas
Warning! SIGXCPU is not available on your platform. This means that the planner cannot be gracefully terminated when using a time limit, which, however, is probably supported on your platform anyway.
Parsing...
Parsing: [0.000s CPU, 0.002s wall-clock]
Normalizing task... [0.000s CPU, 0.000s wall-clock]
Instantiating...
Generating Datalog program... [0.000s CPU, 0.000s wall-clock]
Normalizing Datalog program...
Normalizing Datalog program: [0.000s CPU, 0.001s wall-clock]
Preparing model... [0.000s CPU, 0.000s wall-clock]
Generated 20 rules.
Computing model... [0.000s CPU, 0.005s wall-clock]
613 relevant atoms
888 auxiliary atoms
1501 final queue length
1771 total queue pushes
Completing instantiation... [0.000s CPU, 0.002s wall-clock]
Instantiating: [0.000s CPU, 0.008s wall-clock]
Computing fact groups...
Finding invariants...
7 initial candidates
Finding invariants: [0.000s CPU, 0.001s wall-clock]
Checking invariant weight... [0.000s CPU, 0.000s wall-clock]
Instantiating groups... [0.000s CPU, 0.001s wall-clock]
Collecting mutex groups... [0.000s CPU, 0.000s wall-clock]
Choosing groups...
54 uncovered facts
Choosing groups: [0.000s CPU, 0.000s wall-clock]
Building translation key... [0.000s CPU, 0.000s wall-clock]
Computing fact groups: [0.000s CPU, 0.003s wall-clock]
Building STRIPS to SAS dictionary... [0.000s CPU, 0.000s wall-clock]
Building dictionary for full mutex groups... [0.000s CPU, 0.000s wall-clock]
Building mutex information...
Building mutex information: [0.000s CPU, 0.000s wall-clock]
Translating task...
Processing axioms...
Simplifying axioms... [0.000s CPU, 0.000s wall-clock]
Translator axioms removed by simplifying: 0
Processing axioms: [0.000s CPU, 0.000s wall-clock]
Translating task: [0.000s CPU, 0.002s wall-clock]
172 effect conditions simplified
0 implied preconditions added
Detecting unreachable propositions...
0 operators removed
0 axioms removed
83 propositions removed
Detecting unreachable propositions: [0.000s CPU, 0.001s wall-clock]
Reordering and filtering variables...
25 of 25 variables necessary.
22 of 25 mutex groups necessary.
116 of 116 operators necessary.
0 of 0 axiom rules necessary.
Reordering and filtering variables: [0.000s CPU, 0.001s wall-clock]
Translator variables: 25
Translator derived variables: 0
Translator facts: 94
Translator goal facts: 2
Translator mutex groups: 22
Translator total mutex groups size: 72
Translator operators: 116
Translator axioms: 0
Translator task size: 1057
warning: could not determine peak memory
Writing output... [0.016s CPU, 0.009s wall-clock]
Done! [0.031s CPU, 0.026s wall-clock]
translate exit code: 0

INFO     Running search (release).
INFO     search stdin: output.sas
INFO     search time limit: None
INFO     search memory limit: None
INFO     search command line string: 'C:\Users\user\Desktop\theoria\.worktrees\p13\engine-rig\.toolchain\downward\builds\release\bin\downward.exe' --search 'astar(cpdbs(patterns=manual_patterns([[23,24,22,19,18,17,16,20,21,11,3]])))' --internal-plan-file 'C:\Users\user\AppData\Local\Temp\e7verify80t6yorc\sas_plan' < output.sas
[t=0.000145s, 1960 KB] Search code revision: 7120aa0
[t=0.000247s, 1960 KB] reading input...
[t=0.001516s, 2232 KB] done reading input!
[t=0.002884s, 2788 KB] Initializing canonical PDB heuristic...
[t=0.002895s, 2788 KB] Generating patterns using: manual pattern collection generator
[t=0.002901s, 2788 KB] Manual pattern collection: [[23, 24, 22, 19, 18, 17, 16, 20, 21, 11, 3]]
[t=0.002912s, 2788 KB] manual pattern collection generator number of patterns: 1
[t=0.002915s, 2788 KB] manual pattern collection generator total PDB size: 1103872
[t=0.002919s, 2788 KB] manual pattern collection generator computation time: 1.17e-05s
[t=0.002927s, 2788 KB] Computing PDBs for pattern collection...
[t=0.014242s, 7372 KB] Done computing PDBs for pattern collection: 0.011326s
[t=0.014264s, 7372 KB] Computing pattern cliques for pattern collection...
[t=0.014287s, 7372 KB] Done computing pattern cliques for pattern collection: 0.000025s
[t=0.014297s, 7372 KB] Running dominance pruning...
[t=0.014302s, 7372 KB] Pruned 0 of 1 pattern cliques
[t=0.014305s, 7372 KB] Pruned 0 of 1 PDBs
[t=0.014307s, 7372 KB] Dominance pruning took 0.000009s
[t=0.014311s, 7372 KB] Canonical PDB heuristic number of patterns: 1
[t=0.014313s, 7372 KB] Canonical PDB heuristic total PDB size: 1103872
[t=0.014316s, 7372 KB] Canonical PDB heuristic computation time: 0.011427s
[t=0.014350s, 7372 KB] Building successor generator... done!
[t=0.014405s, 7372 KB] peak memory difference for successor generator creation: 0 KB
[t=0.014408s, 7372 KB] time for successor generation creation: 0.000048s
[t=0.014413s, 7372 KB] Variables: 25
[t=0.014416s, 7372 KB] FactPairs: 94
[t=0.014418s, 7372 KB] Bytes per state: 8
[t=0.014428s, 7372 KB] Conducting best first search with reopening closed nodes, (real) bound = 2147483647
[t=0.014459s, 7372 KB] New best heuristic value for cpdbs: 37
[t=0.014463s, 7372 KB] g=0, 1 evaluated, 0 expanded
[t=0.014466s, 7372 KB] f = 37, 1 evaluated, 0 expanded
[t=0.014474s, 7372 KB] Initial heuristic value for cpdbs: 37
[t=0.014478s, 7372 KB] pruning method: none
[t=0.014491s, 7372 KB] New best heuristic value for cpdbs: 36
[t=0.014495s, 7372 KB] g=1, 4 evaluated, 1 expanded
[t=0.014500s, 7372 KB] New best heuristic value for cpdbs: 35
[t=0.014502s, 7372 KB] g=2, 5 evaluated, 2 expanded
[t=0.014508s, 7372 KB] New best heuristic value for cpdbs: 34
[t=0.014511s, 7372 KB] g=3, 7 evaluated, 3 expanded
[t=0.014516s, 7372 KB] New best heuristic value for cpdbs: 33
[t=0.014518s, 7372 KB] g=4, 8 evaluated, 4 expanded
[t=0.014524s, 7372 KB] New best heuristic value for cpdbs: 32
[t=0.014528s, 7372 KB] g=5, 11 evaluated, 5 expanded
[t=0.014534s, 7372 KB] New best heuristic value for cpdbs: 31
[t=0.014536s, 7372 KB] g=6, 13 evaluated, 6 expanded
[t=0.014542s, 7372 KB] New best heuristic value for cpdbs: 30
[t=0.014545s, 7372 KB] g=7, 15 evaluated, 7 expanded
[t=0.014553s, 7372 KB] New best heuristic value for cpdbs: 29
[t=0.014555s, 7372 KB] g=8, 17 evaluated, 8 expanded
[t=0.014559s, 7372 KB] New best heuristic value for cpdbs: 28
[t=0.014563s, 7372 KB] g=9, 18 evaluated, 9 expanded
[t=0.014567s, 7372 KB] New best heuristic value for cpdbs: 27
[t=0.014569s, 7372 KB] g=10, 19 evaluated, 10 expanded
[t=0.014574s, 7372 KB] New best heuristic value for cpdbs: 26
[t=0.014578s, 7372 KB] g=11, 21 evaluated, 11 expanded
[t=0.014582s, 7372 KB] New best heuristic value for cpdbs: 25
[t=0.014584s, 7372 KB] g=12, 22 evaluated, 12 expanded
[t=0.014591s, 7372 KB] New best heuristic value for cpdbs: 24
[t=0.014595s, 7372 KB] g=13, 25 evaluated, 13 expanded
[t=0.014600s, 7372 KB] New best heuristic value for cpdbs: 23
[t=0.014603s, 7372 KB] g=14, 27 evaluated, 14 expanded
[t=0.014609s, 7372 KB] New best heuristic value for cpdbs: 22
[t=0.014613s, 7372 KB] g=15, 30 evaluated, 15 expanded
[t=0.014617s, 7372 KB] New best heuristic value for cpdbs: 21
[t=0.014621s, 7372 KB] g=16, 31 evaluated, 16 expanded
[t=0.014629s, 7372 KB] New best heuristic value for cpdbs: 20
[t=0.014633s, 7372 KB] g=17, 34 evaluated, 17 expanded
[t=0.014638s, 7372 KB] New best heuristic value for cpdbs: 19
[t=0.014641s, 7372 KB] g=18, 36 evaluated, 18 expanded
[t=0.014647s, 7372 KB] New best heuristic value for cpdbs: 18
[t=0.014651s, 7372 KB] g=19, 40 evaluated, 19 expanded
[t=0.014656s, 7372 KB] New best heuristic value for cpdbs: 17
[t=0.014659s, 7372 KB] g=20, 42 evaluated, 20 expanded
[t=0.014668s, 7372 KB] New best heuristic value for cpdbs: 16
[t=0.014672s, 7372 KB] g=21, 44 evaluated, 21 expanded
[t=0.014677s, 7372 KB] New best heuristic value for cpdbs: 15
[t=0.014680s, 7372 KB] g=22, 47 evaluated, 22 expanded
[t=0.014686s, 7372 KB] New best heuristic value for cpdbs: 14
[t=0.014689s, 7372 KB] g=23, 50 evaluated, 23 expanded
[t=0.014693s, 7372 KB] New best heuristic value for cpdbs: 13
[t=0.014695s, 7372 KB] g=24, 51 evaluated, 24 expanded
[t=0.014700s, 7372 KB] New best heuristic value for cpdbs: 12
[t=0.014703s, 7372 KB] g=25, 53 evaluated, 25 expanded
[t=0.014708s, 7372 KB] New best heuristic value for cpdbs: 11
[t=0.014710s, 7372 KB] g=26, 55 evaluated, 26 expanded
[t=0.014714s, 7372 KB] New best heuristic value for cpdbs: 10
[t=0.014716s, 7372 KB] g=27, 56 evaluated, 27 expanded
[t=0.014720s, 7372 KB] New best heuristic value for cpdbs: 9
[t=0.014723s, 7372 KB] g=28, 57 evaluated, 28 expanded
[t=0.014728s, 7372 KB] New best heuristic value for cpdbs: 8
[t=0.014730s, 7372 KB] g=29, 59 evaluated, 29 expanded
[t=0.014735s, 7372 KB] f = 39, 60 evaluated, 31 expanded
[t=0.014769s, 7372 KB] f = 41, 77 evaluated, 54 expanded
[t=0.014792s, 7372 KB] f = 43, 87 evaluated, 71 expanded
[t=0.014873s, 7372 KB] f = 45, 151 evaluated, 109 expanded
[t=0.014949s, 7372 KB] f = 47, 205 evaluated, 162 expanded
[t=0.014997s, 7372 KB] f = 49, 231 evaluated, 202 expanded
[t=0.015027s, 7372 KB] f = 51, 249 evaluated, 223 expanded
[t=0.015067s, 7372 KB] f = 53, 266 evaluated, 240 expanded
[t=0.015099s, 7372 KB] f = 55, 288 evaluated, 261 expanded
[t=0.015138s, 7372 KB] f = 57, 313 evaluated, 282 expanded
[t=0.015177s, 7372 KB] f = 59, 341 evaluated, 306 expanded
[t=0.015220s, 7372 KB] f = 61, 369 evaluated, 336 expanded
[t=0.015258s, 7372 KB] f = 63, 394 evaluated, 361 expanded
[t=0.015277s, 7372 KB] f = 65, 401 evaluated, 376 expanded
[t=0.015308s, 7372 KB] f = 67, 424 evaluated, 392 expanded
[t=0.015346s, 7372 KB] f = 69, 450 evaluated, 417 expanded
[t=0.015367s, 7372 KB] f = 71, 460 evaluated, 431 expanded
[t=0.015378s, 7372 KB] f = 73, 463 evaluated, 440 expanded
[t=0.015392s, 7372 KB] f = 75, 471 evaluated, 445 expanded
[t=0.015402s, 7372 KB] f = 77, 474 evaluated, 452 expanded
[t=0.015407s, 7372 KB] Completely explored state space -- no solution!
[t=0.015410s, 7372 KB] Actual search time: 0.000930s
[t=0.015412s, 7372 KB] Expanded 454 state(s).
[t=0.015412s, 7372 KB] Reopened 0 state(s).
[t=0.015412s, 7372 KB] Evaluated 474 state(s).
[t=0.015412s, 7372 KB] Evaluations: 474
[t=0.015412s, 7372 KB] Generated 1164 state(s).
[t=0.015412s, 7372 KB] Dead ends: 20 state(s).
[t=0.015412s, 7372 KB] Expanded until last jump: 452 state(s).
[t=0.015412s, 7372 KB] Reopened until last jump: 0 state(s).
[t=0.015412s, 7372 KB] Evaluated until last jump: 474 state(s).
[t=0.015412s, 7372 KB] Generated until last jump: 1160 state(s).
[t=0.015412s, 7372 KB] Number of registered states: 474
[t=0.015412s, 7372 KB] Int hash set load factor: 474/512 = 0.925781
[t=0.015412s, 7372 KB] Int hash set resizes: 9
[t=0.015412s, 7372 KB] Search time: 0.000986s
[t=0.015412s, 7372 KB] Total time: 0.015412s
Search stopped without finding a solution.
Remove intermediate file output.sas
search exit code: 12

Driver aborting after search

