$ D:\Miniforge3\python.exe C:/Users/user/Desktop/theoria/.worktrees/p13/engine-rig/.toolchain/downward/fast-downward.py --plan-file C:\Users\user\AppData\Local\Temp\e7verifyu_6t9d96\sas_plan C:\Users\user\Desktop\theoria\.worktrees\e7-deadlock-claim\engine-rig\fixtures\data\sokoban_domain.pddl C:\Users\user\Desktop\theoria\.worktrees\e7-deadlock-claim\engine-rig\runs\20260728T150713Z-E7-deadlock-claim-audit\attacks\work\a5\swap\swap-passage.pddl --search astar(cpdbs(patterns=manual_patterns([[23]])))

INFO     planner time limit: None
INFO     planner memory limit: None

INFO     Running translator.
INFO     translator stdin: None
INFO     translator time limit: None
INFO     translator memory limit: None
INFO     translator command line string: 'D:\Miniforge3\python.exe' -m translate 'C:\Users\user\Desktop\theoria\.worktrees\e7-deadlock-claim\engine-rig\fixtures\data\sokoban_domain.pddl' 'C:\Users\user\Desktop\theoria\.worktrees\e7-deadlock-claim\engine-rig\runs\20260728T150713Z-E7-deadlock-claim-audit\attacks\work\a5\swap\swap-passage.pddl' --sas-file output.sas
Warning! SIGXCPU is not available on your platform. This means that the planner cannot be gracefully terminated when using a time limit, which, however, is probably supported on your platform anyway.
Parsing...
Parsing: [0.000s CPU, 0.028s wall-clock]
Normalizing task... [0.000s CPU, 0.000s wall-clock]
Instantiating...
Generating Datalog program... [0.000s CPU, 0.000s wall-clock]
Normalizing Datalog program...
Normalizing Datalog program: [0.000s CPU, 0.001s wall-clock]
Preparing model... [0.000s CPU, 0.000s wall-clock]
Generated 20 rules.
Computing model... [0.016s CPU, 0.005s wall-clock]
597 relevant atoms
888 auxiliary atoms
1485 final queue length
1755 total queue pushes
Completing instantiation... [0.000s CPU, 0.002s wall-clock]
Instantiating: [0.016s CPU, 0.009s wall-clock]
Computing fact groups...
Finding invariants...
7 initial candidates
Finding invariants: [0.000s CPU, 0.001s wall-clock]
Checking invariant weight... [0.000s CPU, 0.000s wall-clock]
Instantiating groups... [0.000s CPU, 0.001s wall-clock]
Collecting mutex groups... [0.000s CPU, 0.000s wall-clock]
Choosing groups...
54 uncovered facts
Choosing groups: [0.000s CPU, 0.000s wall-clock]
Building translation key... [0.000s CPU, 0.000s wall-clock]
Computing fact groups: [0.000s CPU, 0.003s wall-clock]
Building STRIPS to SAS dictionary... [0.000s CPU, 0.000s wall-clock]
Building dictionary for full mutex groups... [0.000s CPU, 0.000s wall-clock]
Building mutex information...
Building mutex information: [0.000s CPU, 0.000s wall-clock]
Translating task...
Processing axioms...
Simplifying axioms... [0.000s CPU, 0.000s wall-clock]
Translator axioms removed by simplifying: 0
Processing axioms: [0.000s CPU, 0.000s wall-clock]
Translating task: [0.000s CPU, 0.002s wall-clock]
204 effect conditions simplified
0 implied preconditions added
Detecting unreachable propositions...
0 operators removed
0 axioms removed
67 propositions removed
Detecting unreachable propositions: [0.000s CPU, 0.001s wall-clock]
Reordering and filtering variables...
25 of 25 variables necessary.
22 of 25 mutex groups necessary.
132 of 132 operators necessary.
0 of 0 axiom rules necessary.
Reordering and filtering variables: [0.000s CPU, 0.001s wall-clock]
Translator variables: 25
Translator derived variables: 0
Translator facts: 110
Translator goal facts: 2
Translator mutex groups: 22
Translator total mutex groups size: 88
Translator operators: 132
Translator axioms: 0
Translator task size: 1233
warning: could not determine peak memory
Writing output... [0.000s CPU, 0.010s wall-clock]
Done! [0.016s CPU, 0.055s wall-clock]
translate exit code: 0

INFO     Running search (release).
INFO     search stdin: output.sas
INFO     search time limit: None
INFO     search memory limit: None
INFO     search command line string: 'C:\Users\user\Desktop\theoria\.worktrees\p13\engine-rig\.toolchain\downward\builds\release\bin\downward.exe' --search 'astar(cpdbs(patterns=manual_patterns([[23]])))' --internal-plan-file 'C:\Users\user\AppData\Local\Temp\e7verifyu_6t9d96\sas_plan' < output.sas
[t=0.000154s, 1956 KB] Search code revision: 7120aa0
[t=0.000241s, 1968 KB] reading input...
[t=0.001641s, 2236 KB] done reading input!
[t=0.002899s, 2792 KB] Initializing canonical PDB heuristic...
[t=0.002908s, 2792 KB] Generating patterns using: manual pattern collection generator
[t=0.002912s, 2792 KB] Manual pattern collection: [[23]]
[t=0.002921s, 2792 KB] manual pattern collection generator number of patterns: 1
[t=0.002925s, 2792 KB] manual pattern collection generator total PDB size: 22
[t=0.002928s, 2792 KB] manual pattern collection generator computation time: 8.9e-06s
[t=0.002935s, 2792 KB] Computing PDBs for pattern collection...
[t=0.002973s, 2792 KB] Done computing PDBs for pattern collection: 0.000041s
[t=0.002979s, 2792 KB] Computing pattern cliques for pattern collection...
[t=0.002991s, 2792 KB] Done computing pattern cliques for pattern collection: 0.000013s
[t=0.002995s, 2792 KB] Running dominance pruning...
[t=0.002999s, 2792 KB] Pruned 0 of 1 pattern cliques
[t=0.003003s, 2792 KB] Pruned 0 of 1 PDBs
[t=0.003006s, 2792 KB] Dominance pruning took 0.000010s
[t=0.003009s, 2792 KB] Canonical PDB heuristic number of patterns: 1
[t=0.003011s, 2792 KB] Canonical PDB heuristic total PDB size: 22
[t=0.003013s, 2792 KB] Canonical PDB heuristic computation time: 0.000111s
[t=0.003042s, 2796 KB] Building successor generator... done!
[t=0.003112s, 2824 KB] peak memory difference for successor generator creation: 28 KB
[t=0.003115s, 2824 KB] time for successor generation creation: 0.000059s
[t=0.003120s, 2824 KB] Variables: 25
[t=0.003122s, 2824 KB] FactPairs: 110
[t=0.003124s, 2824 KB] Bytes per state: 8
[t=0.003139s, 2824 KB] Conducting best first search with reopening closed nodes, (real) bound = 2147483647
[t=0.003155s, 2844 KB] New best heuristic value for cpdbs: 2
[t=0.003159s, 2844 KB] g=0, 1 evaluated, 0 expanded
[t=0.003162s, 2848 KB] f = 2, 1 evaluated, 0 expanded
[t=0.003171s, 2860 KB] Initial heuristic value for cpdbs: 2
[t=0.003174s, 2860 KB] pruning method: none
[t=0.003185s, 2860 KB] f = 3, 4 evaluated, 1 expanded
[t=0.003206s, 2868 KB] f = 4, 9 evaluated, 4 expanded
[t=0.003219s, 2868 KB] f = 5, 19 evaluated, 9 expanded
[t=0.003234s, 2868 KB] f = 6, 30 evaluated, 19 expanded
[t=0.003256s, 2868 KB] f = 7, 49 evaluated, 29 expanded
[t=0.003283s, 2868 KB] f = 8, 69 evaluated, 48 expanded
[t=0.003306s, 2868 KB] f = 9, 90 evaluated, 64 expanded
[t=0.003327s, 2868 KB] New best heuristic value for cpdbs: 1
[t=0.003331s, 2868 KB] g=8, 110 evaluated, 78 expanded
[t=0.003339s, 2868 KB] New best heuristic value for cpdbs: 0
[t=0.003341s, 2868 KB] g=9, 114 evaluated, 79 expanded
[t=0.003368s, 2868 KB] f = 10, 129 evaluated, 89 expanded
[t=0.003409s, 2868 KB] f = 11, 169 evaluated, 119 expanded
[t=0.003466s, 2868 KB] f = 12, 225 evaluated, 165 expanded
[t=0.003525s, 2868 KB] f = 13, 271 evaluated, 204 expanded
[t=0.003589s, 2880 KB] f = 14, 327 evaluated, 253 expanded
[t=0.003645s, 2880 KB] f = 15, 380 evaluated, 302 expanded
[t=0.003719s, 2880 KB] f = 16, 457 evaluated, 361 expanded
[t=0.003822s, 2892 KB] f = 17, 528 evaluated, 425 expanded
[t=0.003928s, 2892 KB] f = 18, 622 evaluated, 505 expanded
[t=0.004020s, 2892 KB] f = 19, 697 evaluated, 582 expanded
[t=0.004117s, 2892 KB] f = 20, 773 evaluated, 662 expanded
[t=0.004190s, 2892 KB] f = 21, 839 evaluated, 728 expanded
[t=0.004274s, 2892 KB] f = 22, 926 evaluated, 800 expanded
[t=0.004360s, 2892 KB] f = 23, 1004 evaluated, 874 expanded
[t=0.004514s, 2924 KB] f = 24, 1113 evaluated, 962 expanded
[t=0.004625s, 2924 KB] f = 25, 1216 evaluated, 1058 expanded
[t=0.004767s, 2924 KB] f = 26, 1364 evaluated, 1171 expanded
[t=0.004900s, 2924 KB] f = 27, 1488 evaluated, 1298 expanded
[t=0.005058s, 2924 KB] f = 28, 1643 evaluated, 1435 expanded
[t=0.005203s, 2924 KB] f = 29, 1780 evaluated, 1567 expanded
[t=0.005391s, 2924 KB] f = 30, 1953 evaluated, 1723 expanded
[t=0.005854s, 2972 KB] f = 31, 2098 evaluated, 1859 expanded
[t=0.006022s, 2972 KB] f = 32, 2244 evaluated, 2015 expanded
[t=0.006149s, 2972 KB] f = 33, 2348 evaluated, 2140 expanded
[t=0.006266s, 2972 KB] f = 34, 2444 evaluated, 2251 expanded
[t=0.006350s, 2972 KB] f = 35, 2504 evaluated, 2332 expanded
[t=0.006411s, 2972 KB] f = 36, 2546 evaluated, 2393 expanded
[t=0.006452s, 2996 KB] f = 37, 2567 evaluated, 2432 expanded
[t=0.006474s, 2996 KB] f = 38, 2577 evaluated, 2453 expanded
[t=0.006485s, 2996 KB] f = 39, 2581 evaluated, 2462 expanded
[t=0.006496s, 2996 KB] f = 40, 2586 evaluated, 2467 expanded
[t=0.006503s, 2996 KB] f = 41, 2591 evaluated, 2471 expanded
[t=0.006515s, 2996 KB] f = 42, 2600 evaluated, 2477 expanded
[t=0.006528s, 2996 KB] f = 43, 2608 evaluated, 2486 expanded
[t=0.006542s, 2996 KB] f = 44, 2619 evaluated, 2494 expanded
[t=0.006556s, 2996 KB] f = 45, 2627 evaluated, 2505 expanded
[t=0.006567s, 2996 KB] f = 46, 2633 evaluated, 2513 expanded
[t=0.006576s, 2996 KB] f = 47, 2637 evaluated, 2519 expanded
[t=0.006583s, 2996 KB] f = 48, 2639 evaluated, 2523 expanded
[t=0.006591s, 2996 KB] f = 49, 2640 evaluated, 2525 expanded
[t=0.006593s, 2996 KB] Completely explored state space -- no solution!
[t=0.006595s, 2996 KB] Actual search time: 0.003420s
[t=0.006618s, 2996 KB] Expanded 2526 state(s).
[t=0.006618s, 2996 KB] Reopened 0 state(s).
[t=0.006618s, 2996 KB] Evaluated 2640 state(s).
[t=0.006618s, 2996 KB] Evaluations: 2640
[t=0.006618s, 2996 KB] Generated 6660 state(s).
[t=0.006618s, 2996 KB] Dead ends: 114 state(s).
[t=0.006618s, 2996 KB] Expanded until last jump: 2525 state(s).
[t=0.006618s, 2996 KB] Reopened until last jump: 0 state(s).
[t=0.006618s, 2996 KB] Evaluated until last jump: 2640 state(s).
[t=0.006618s, 2996 KB] Generated until last jump: 6658 state(s).
[t=0.006618s, 2996 KB] Number of registered states: 2640
[t=0.006618s, 2996 KB] Int hash set load factor: 2640/4096 = 0.644531
[t=0.006618s, 2996 KB] Int hash set resizes: 12
[t=0.006618s, 2996 KB] Search time: 0.003481s
[t=0.006618s, 2996 KB] Total time: 0.006618s
Search stopped without finding a solution.
Remove intermediate file output.sas
search exit code: 12

Driver aborting after search

