$ D:\Miniforge3\python.exe C:/Users/user/Desktop/theoria/.worktrees/p13/engine-rig/.toolchain/downward/fast-downward.py --plan-file C:\Users\user\AppData\Local\Temp\e7verify2m8gtpoc\sas_plan C:\Users\user\Desktop\theoria\.worktrees\e7-deadlock-claim\engine-rig\runs\20260728T150713Z-E7-deadlock-claim-audit\attacks\work\a5\swap\singleton\sokoban_guarded_singleton_domain.pddl C:\Users\user\Desktop\theoria\.worktrees\e7-deadlock-claim\engine-rig\runs\20260728T150713Z-E7-deadlock-claim-audit\attacks\work\a5\swap\singleton\swap-passage_guarded_singleton.pddl --search astar(cpdbs(patterns=manual_patterns([[23,24,22,19,9]])))

INFO     planner time limit: None
INFO     planner memory limit: None

INFO     Running translator.
INFO     translator stdin: None
INFO     translator time limit: None
INFO     translator memory limit: None
INFO     translator command line string: 'D:\Miniforge3\python.exe' -m translate 'C:\Users\user\Desktop\theoria\.worktrees\e7-deadlock-claim\engine-rig\runs\20260728T150713Z-E7-deadlock-claim-audit\attacks\work\a5\swap\singleton\sokoban_guarded_singleton_domain.pddl' 'C:\Users\user\Desktop\theoria\.worktrees\e7-deadlock-claim\engine-rig\runs\20260728T150713Z-E7-deadlock-claim-audit\attacks\work\a5\swap\singleton\swap-passage_guarded_singleton.pddl' --sas-file output.sas
Warning! SIGXCPU is not available on your platform. This means that the planner cannot be gracefully terminated when using a time limit, which, however, is probably supported on your platform anyway.
Parsing...
Parsing: [0.000s CPU, 0.002s wall-clock]
Normalizing task... [0.000s CPU, 0.000s wall-clock]
Instantiating...
Generating Datalog program... [0.000s CPU, 0.000s wall-clock]
Normalizing Datalog program...
Normalizing Datalog program: [0.000s CPU, 0.001s wall-clock]
Preparing model... [0.000s CPU, 0.001s wall-clock]
Generated 20 rules.
Computing model... [0.016s CPU, 0.005s wall-clock]
613 relevant atoms
888 auxiliary atoms
1501 final queue length
1771 total queue pushes
Completing instantiation... [0.000s CPU, 0.002s wall-clock]
Instantiating: [0.016s CPU, 0.009s wall-clock]
Computing fact groups...
Finding invariants...
7 initial candidates
Finding invariants: [0.000s CPU, 0.001s wall-clock]
Checking invariant weight... [0.000s CPU, 0.000s wall-clock]
Instantiating groups... [0.000s CPU, 0.001s wall-clock]
Collecting mutex groups... [0.000s CPU, 0.000s wall-clock]
Choosing groups...
54 uncovered facts
Choosing groups: [0.000s CPU, 0.000s wall-clock]
Building translation key... [0.000s CPU, 0.000s wall-clock]
Computing fact groups: [0.000s CPU, 0.003s wall-clock]
Building STRIPS to SAS dictionary... [0.000s CPU, 0.000s wall-clock]
Building dictionary for full mutex groups... [0.000s CPU, 0.000s wall-clock]
Building mutex information...
Building mutex information: [0.000s CPU, 0.000s wall-clock]
Translating task...
Processing axioms...
Simplifying axioms... [0.000s CPU, 0.000s wall-clock]
Translator axioms removed by simplifying: 0
Processing axioms: [0.000s CPU, 0.000s wall-clock]
Translating task: [0.000s CPU, 0.002s wall-clock]
172 effect conditions simplified
0 implied preconditions added
Detecting unreachable propositions...
0 operators removed
0 axioms removed
83 propositions removed
Detecting unreachable propositions: [0.000s CPU, 0.001s wall-clock]
Reordering and filtering variables...
25 of 25 variables necessary.
22 of 25 mutex groups necessary.
116 of 116 operators necessary.
0 of 0 axiom rules necessary.
Reordering and filtering variables: [0.000s CPU, 0.001s wall-clock]
Translator variables: 25
Translator derived variables: 0
Translator facts: 94
Translator goal facts: 2
Translator mutex groups: 22
Translator total mutex groups size: 72
Translator operators: 116
Translator axioms: 0
Translator task size: 1057
warning: could not determine peak memory
Writing output... [0.000s CPU, 0.010s wall-clock]
Done! [0.016s CPU, 0.027s wall-clock]
translate exit code: 0

INFO     Running search (release).
INFO     search stdin: output.sas
INFO     search time limit: None
INFO     search memory limit: None
INFO     search command line string: 'C:\Users\user\Desktop\theoria\.worktrees\p13\engine-rig\.toolchain\downward\builds\release\bin\downward.exe' --search 'astar(cpdbs(patterns=manual_patterns([[23,24,22,19,9]])))' --internal-plan-file 'C:\Users\user\AppData\Local\Temp\e7verify2m8gtpoc\sas_plan' < output.sas
[t=0.000107s, 1900 KB] Search code revision: 7120aa0
[t=0.000188s, 1900 KB] reading input...
[t=0.001386s, 2176 KB] done reading input!
[t=0.002541s, 2736 KB] Initializing canonical PDB heuristic...
[t=0.002551s, 2736 KB] Generating patterns using: manual pattern collection generator
[t=0.002556s, 2736 KB] Manual pattern collection: [[23, 24, 22, 19, 9]]
[t=0.002566s, 2736 KB] manual pattern collection generator number of patterns: 1
[t=0.002569s, 2736 KB] manual pattern collection generator total PDB size: 17248
[t=0.002572s, 2736 KB] manual pattern collection generator computation time: 1.1e-05s
[t=0.002580s, 2736 KB] Computing PDBs for pattern collection...
[t=0.003053s, 2920 KB] Done computing PDBs for pattern collection: 0.000477s
[t=0.003061s, 2920 KB] Computing pattern cliques for pattern collection...
[t=0.003071s, 2920 KB] Done computing pattern cliques for pattern collection: 0.000011s
[t=0.003075s, 2920 KB] Running dominance pruning...
[t=0.003080s, 2920 KB] Pruned 0 of 1 pattern cliques
[t=0.003084s, 2932 KB] Pruned 0 of 1 PDBs
[t=0.003087s, 2932 KB] Dominance pruning took 0.000010s
[t=0.003090s, 2932 KB] Canonical PDB heuristic number of patterns: 1
[t=0.003093s, 2932 KB] Canonical PDB heuristic total PDB size: 17248
[t=0.003095s, 2932 KB] Canonical PDB heuristic computation time: 0.000549s
[t=0.003121s, 2932 KB] Building successor generator... done!
[t=0.003168s, 2932 KB] peak memory difference for successor generator creation: 0 KB
[t=0.003170s, 2932 KB] time for successor generation creation: 0.000040s
[t=0.003175s, 2932 KB] Variables: 25
[t=0.003177s, 2932 KB] FactPairs: 94
[t=0.003179s, 2932 KB] Bytes per state: 8
[t=0.003189s, 2932 KB] Conducting best first search with reopening closed nodes, (real) bound = 2147483647
[t=0.003207s, 2936 KB] New best heuristic value for cpdbs: 11
[t=0.003210s, 2936 KB] g=0, 1 evaluated, 0 expanded
[t=0.003214s, 2936 KB] f = 11, 1 evaluated, 0 expanded
[t=0.003223s, 2948 KB] Initial heuristic value for cpdbs: 11
[t=0.003228s, 2948 KB] pruning method: none
[t=0.003237s, 2948 KB] New best heuristic value for cpdbs: 10
[t=0.003239s, 2948 KB] g=1, 4 evaluated, 1 expanded
[t=0.003244s, 2948 KB] New best heuristic value for cpdbs: 9
[t=0.003248s, 2948 KB] g=2, 6 evaluated, 2 expanded
[t=0.003254s, 2948 KB] New best heuristic value for cpdbs: 8
[t=0.003256s, 2948 KB] g=3, 10 evaluated, 3 expanded
[t=0.003260s, 2948 KB] New best heuristic value for cpdbs: 7
[t=0.003263s, 2948 KB] g=4, 12 evaluated, 4 expanded
[t=0.003270s, 2960 KB] New best heuristic value for cpdbs: 6
[t=0.003273s, 2960 KB] g=5, 14 evaluated, 5 expanded
[t=0.003280s, 2960 KB] New best heuristic value for cpdbs: 5
[t=0.003282s, 2960 KB] g=6, 17 evaluated, 6 expanded
[t=0.003287s, 2960 KB] New best heuristic value for cpdbs: 4
[t=0.003291s, 2960 KB] g=7, 20 evaluated, 7 expanded
[t=0.003294s, 2960 KB] f = 13, 21 evaluated, 8 expanded
[t=0.003317s, 2960 KB] f = 15, 36 evaluated, 23 expanded
[t=0.003328s, 2960 KB] f = 17, 38 evaluated, 32 expanded
[t=0.003359s, 2960 KB] f = 19, 66 evaluated, 46 expanded
[t=0.003389s, 2960 KB] f = 21, 88 evaluated, 65 expanded
[t=0.003419s, 2960 KB] f = 23, 110 evaluated, 88 expanded
[t=0.003465s, 2960 KB] f = 25, 131 evaluated, 110 expanded
[t=0.003492s, 2980 KB] f = 27, 150 evaluated, 129 expanded
[t=0.003530s, 2992 KB] f = 29, 185 evaluated, 155 expanded
[t=0.003558s, 2992 KB] New best heuristic value for cpdbs: 3
[t=0.003562s, 2992 KB] g=26, 202 evaluated, 164 expanded
[t=0.003595s, 2992 KB] f = 31, 230 evaluated, 190 expanded
[t=0.003680s, 2992 KB] f = 33, 301 evaluated, 241 expanded
[t=0.003778s, 2992 KB] f = 35, 395 evaluated, 320 expanded
[t=0.003876s, 2992 KB] f = 37, 485 evaluated, 405 expanded
[t=0.004001s, 3008 KB] f = 39, 563 evaluated, 488 expanded
[t=0.004048s, 3008 KB] f = 41, 586 evaluated, 542 expanded
[t=0.004079s, 3008 KB] f = 43, 607 evaluated, 569 expanded
[t=0.004110s, 3008 KB] f = 45, 633 evaluated, 590 expanded
[t=0.004134s, 3008 KB] f = 47, 650 evaluated, 609 expanded
[t=0.004149s, 3008 KB] f = 49, 656 evaluated, 623 expanded
[t=0.004158s, 3008 KB] f = 51, 658 evaluated, 629 expanded
[t=0.004161s, 3008 KB] Completely explored state space -- no solution!
[t=0.004163s, 3008 KB] Actual search time: 0.000934s
[t=0.004166s, 3008 KB] Expanded 630 state(s).
[t=0.004166s, 3008 KB] Reopened 0 state(s).
[t=0.004166s, 3008 KB] Evaluated 658 state(s).
[t=0.004166s, 3008 KB] Evaluations: 658
[t=0.004166s, 3008 KB] Generated 1644 state(s).
[t=0.004166s, 3008 KB] Dead ends: 28 state(s).
[t=0.004166s, 3008 KB] Expanded until last jump: 629 state(s).
[t=0.004166s, 3008 KB] Reopened until last jump: 0 state(s).
[t=0.004166s, 3008 KB] Evaluated until last jump: 658 state(s).
[t=0.004166s, 3008 KB] Generated until last jump: 1642 state(s).
[t=0.004166s, 3008 KB] Number of registered states: 658
[t=0.004166s, 3008 KB] Int hash set load factor: 658/1024 = 0.642578
[t=0.004166s, 3008 KB] Int hash set resizes: 10
[t=0.004166s, 3008 KB] Search time: 0.000979s
[t=0.004166s, 3008 KB] Total time: 0.004166s
Search stopped without finding a solution.
Remove intermediate file output.sas
search exit code: 12

Driver aborting after search

