$ D:\Miniforge3\python.exe C:/Users/user/Desktop/theoria/.worktrees/p13/engine-rig/.toolchain/downward/fast-downward.py --plan-file C:\Users\user\AppData\Local\Temp\e7verifyylczce_d\sas_plan C:\Users\user\Desktop\theoria\.worktrees\e7-deadlock-claim\engine-rig\runs\20260728T150713Z-E7-deadlock-claim-audit\attacks\work\a5\swap\singleton\sokoban_guarded_singleton_domain.pddl C:\Users\user\Desktop\theoria\.worktrees\e7-deadlock-claim\engine-rig\runs\20260728T150713Z-E7-deadlock-claim-audit\attacks\work\a5\swap\singleton\swap-passage_guarded_singleton.pddl --search astar(cpdbs(patterns=manual_patterns([[23,24,22,8]])))

INFO     planner time limit: None
INFO     planner memory limit: None

INFO     Running translator.
INFO     translator stdin: None
INFO     translator time limit: None
INFO     translator memory limit: None
INFO     translator command line string: 'D:\Miniforge3\python.exe' -m translate 'C:\Users\user\Desktop\theoria\.worktrees\e7-deadlock-claim\engine-rig\runs\20260728T150713Z-E7-deadlock-claim-audit\attacks\work\a5\swap\singleton\sokoban_guarded_singleton_domain.pddl' 'C:\Users\user\Desktop\theoria\.worktrees\e7-deadlock-claim\engine-rig\runs\20260728T150713Z-E7-deadlock-claim-audit\attacks\work\a5\swap\singleton\swap-passage_guarded_singleton.pddl' --sas-file output.sas
Warning! SIGXCPU is not available on your platform. This means that the planner cannot be gracefully terminated when using a time limit, which, however, is probably supported on your platform anyway.
Parsing...
Parsing: [0.000s CPU, 0.002s wall-clock]
Normalizing task... [0.000s CPU, 0.000s wall-clock]
Instantiating...
Generating Datalog program... [0.000s CPU, 0.000s wall-clock]
Normalizing Datalog program...
Normalizing Datalog program: [0.000s CPU, 0.001s wall-clock]
Preparing model... [0.000s CPU, 0.000s wall-clock]
Generated 20 rules.
Computing model... [0.016s CPU, 0.005s wall-clock]
613 relevant atoms
888 auxiliary atoms
1501 final queue length
1771 total queue pushes
Completing instantiation... [0.000s CPU, 0.002s wall-clock]
Instantiating: [0.016s CPU, 0.009s wall-clock]
Computing fact groups...
Finding invariants...
7 initial candidates
Finding invariants: [0.000s CPU, 0.001s wall-clock]
Checking invariant weight... [0.000s CPU, 0.000s wall-clock]
Instantiating groups... [0.000s CPU, 0.001s wall-clock]
Collecting mutex groups... [0.000s CPU, 0.000s wall-clock]
Choosing groups...
54 uncovered facts
Choosing groups: [0.000s CPU, 0.000s wall-clock]
Building translation key... [0.000s CPU, 0.000s wall-clock]
Computing fact groups: [0.000s CPU, 0.003s wall-clock]
Building STRIPS to SAS dictionary... [0.000s CPU, 0.000s wall-clock]
Building dictionary for full mutex groups... [0.000s CPU, 0.000s wall-clock]
Building mutex information...
Building mutex information: [0.000s CPU, 0.000s wall-clock]
Translating task...
Processing axioms...
Simplifying axioms... [0.000s CPU, 0.000s wall-clock]
Translator axioms removed by simplifying: 0
Processing axioms: [0.000s CPU, 0.000s wall-clock]
Translating task: [0.000s CPU, 0.002s wall-clock]
172 effect conditions simplified
0 implied preconditions added
Detecting unreachable propositions...
0 operators removed
0 axioms removed
83 propositions removed
Detecting unreachable propositions: [0.000s CPU, 0.001s wall-clock]
Reordering and filtering variables...
25 of 25 variables necessary.
22 of 25 mutex groups necessary.
116 of 116 operators necessary.
0 of 0 axiom rules necessary.
Reordering and filtering variables: [0.000s CPU, 0.001s wall-clock]
Translator variables: 25
Translator derived variables: 0
Translator facts: 94
Translator goal facts: 2
Translator mutex groups: 22
Translator total mutex groups size: 72
Translator operators: 116
Translator axioms: 0
Translator task size: 1057
warning: could not determine peak memory
Writing output... [0.000s CPU, 0.010s wall-clock]
Done! [0.016s CPU, 0.027s wall-clock]
translate exit code: 0

INFO     Running search (release).
INFO     search stdin: output.sas
INFO     search time limit: None
INFO     search memory limit: None
INFO     search command line string: 'C:\Users\user\Desktop\theoria\.worktrees\p13\engine-rig\.toolchain\downward\builds\release\bin\downward.exe' --search 'astar(cpdbs(patterns=manual_patterns([[23,24,22,8]])))' --internal-plan-file 'C:\Users\user\AppData\Local\Temp\e7verifyylczce_d\sas_plan' < output.sas
[t=0.000102s, 1888 KB] Search code revision: 7120aa0
[t=0.000176s, 1888 KB] reading input...
[t=0.001367s, 2176 KB] done reading input!
[t=0.002310s, 2776 KB] Initializing canonical PDB heuristic...
[t=0.002321s, 2776 KB] Generating patterns using: manual pattern collection generator
[t=0.002326s, 2776 KB] Manual pattern collection: [[23, 24, 22, 8]]
[t=0.002334s, 2776 KB] manual pattern collection generator number of patterns: 1
[t=0.002338s, 2776 KB] manual pattern collection generator total PDB size: 8624
[t=0.002340s, 2776 KB] manual pattern collection generator computation time: 8.8e-06s
[t=0.002346s, 2776 KB] Computing PDBs for pattern collection...
[t=0.002646s, 2908 KB] Done computing PDBs for pattern collection: 0.000304s
[t=0.002655s, 2908 KB] Computing pattern cliques for pattern collection...
[t=0.002666s, 2908 KB] Done computing pattern cliques for pattern collection: 0.000012s
[t=0.002669s, 2908 KB] Running dominance pruning...
[t=0.002674s, 2908 KB] Pruned 0 of 1 pattern cliques
[t=0.002677s, 2908 KB] Pruned 0 of 1 PDBs
[t=0.002679s, 2908 KB] Dominance pruning took 0.000008s
[t=0.002683s, 2908 KB] Canonical PDB heuristic number of patterns: 1
[t=0.002685s, 2908 KB] Canonical PDB heuristic total PDB size: 8624
[t=0.002687s, 2908 KB] Canonical PDB heuristic computation time: 0.000374s
[t=0.002712s, 2908 KB] Building successor generator... done!
[t=0.002767s, 2912 KB] peak memory difference for successor generator creation: 4 KB
[t=0.002769s, 2912 KB] time for successor generation creation: 0.000041s
[t=0.002774s, 2912 KB] Variables: 25
[t=0.002776s, 2912 KB] FactPairs: 94
[t=0.002778s, 2912 KB] Bytes per state: 8
[t=0.002788s, 2912 KB] Conducting best first search with reopening closed nodes, (real) bound = 2147483647
[t=0.002809s, 2948 KB] New best heuristic value for cpdbs: 9
[t=0.002813s, 2948 KB] g=0, 1 evaluated, 0 expanded
[t=0.002815s, 2948 KB] f = 9, 1 evaluated, 0 expanded
[t=0.002825s, 2952 KB] Initial heuristic value for cpdbs: 9
[t=0.002829s, 2952 KB] pruning method: none
[t=0.002841s, 2952 KB] New best heuristic value for cpdbs: 8
[t=0.002844s, 2952 KB] g=1, 4 evaluated, 1 expanded
[t=0.002849s, 2952 KB] New best heuristic value for cpdbs: 7
[t=0.002853s, 2952 KB] g=2, 6 evaluated, 2 expanded
[t=0.002860s, 2952 KB] New best heuristic value for cpdbs: 6
[t=0.002864s, 2952 KB] g=3, 10 evaluated, 3 expanded
[t=0.002869s, 2952 KB] f = 11, 12 evaluated, 4 expanded
[t=0.002883s, 2952 KB] New best heuristic value for cpdbs: 5
[t=0.002885s, 2952 KB] g=6, 17 evaluated, 6 expanded
[t=0.002890s, 2952 KB] New best heuristic value for cpdbs: 4
[t=0.002894s, 2952 KB] g=7, 20 evaluated, 7 expanded
[t=0.002911s, 2956 KB] f = 13, 27 evaluated, 14 expanded
[t=0.002933s, 2956 KB] f = 15, 37 evaluated, 27 expanded
[t=0.002942s, 2960 KB] f = 17, 38 evaluated, 32 expanded
[t=0.002980s, 2960 KB] f = 19, 66 evaluated, 46 expanded
[t=0.003014s, 2960 KB] f = 21, 88 evaluated, 65 expanded
[t=0.003049s, 2960 KB] f = 23, 110 evaluated, 88 expanded
[t=0.003092s, 2980 KB] f = 25, 131 evaluated, 110 expanded
[t=0.003139s, 2980 KB] f = 27, 170 evaluated, 137 expanded
[t=0.003205s, 2980 KB] f = 29, 225 evaluated, 177 expanded
[t=0.003214s, 2984 KB] New best heuristic value for cpdbs: 3
[t=0.003217s, 2988 KB] g=26, 230 evaluated, 179 expanded
[t=0.003308s, 3016 KB] f = 31, 275 evaluated, 225 expanded
[t=0.003403s, 3016 KB] f = 33, 354 evaluated, 286 expanded
[t=0.003533s, 3016 KB] f = 35, 453 evaluated, 370 expanded
[t=0.003668s, 3016 KB] f = 37, 534 evaluated, 458 expanded
[t=0.003746s, 3016 KB] f = 39, 587 evaluated, 522 expanded
[t=0.003802s, 3016 KB] f = 41, 622 evaluated, 569 expanded
[t=0.003842s, 3016 KB] f = 43, 647 evaluated, 603 expanded
[t=0.003860s, 3016 KB] f = 45, 654 evaluated, 619 expanded
[t=0.003871s, 3016 KB] f = 47, 657 evaluated, 626 expanded
[t=0.003878s, 3016 KB] f = 49, 658 evaluated, 629 expanded
[t=0.003881s, 3016 KB] Completely explored state space -- no solution!
[t=0.003885s, 3016 KB] Actual search time: 0.001054s
[t=0.003888s, 3016 KB] Expanded 630 state(s).
[t=0.003888s, 3016 KB] Reopened 0 state(s).
[t=0.003888s, 3016 KB] Evaluated 658 state(s).
[t=0.003888s, 3016 KB] Evaluations: 658
[t=0.003888s, 3016 KB] Generated 1644 state(s).
[t=0.003888s, 3016 KB] Dead ends: 28 state(s).
[t=0.003888s, 3016 KB] Expanded until last jump: 629 state(s).
[t=0.003888s, 3016 KB] Reopened until last jump: 0 state(s).
[t=0.003888s, 3016 KB] Evaluated until last jump: 658 state(s).
[t=0.003888s, 3016 KB] Generated until last jump: 1642 state(s).
[t=0.003888s, 3016 KB] Number of registered states: 658
[t=0.003888s, 3016 KB] Int hash set load factor: 658/1024 = 0.642578
[t=0.003888s, 3016 KB] Int hash set resizes: 10
[t=0.003888s, 3016 KB] Search time: 0.001101s
[t=0.003888s, 3016 KB] Total time: 0.003888s
Search stopped without finding a solution.
Remove intermediate file output.sas
search exit code: 12

Driver aborting after search

