$ D:\Miniforge3\python.exe C:/Users/user/Desktop/theoria/.worktrees/p13/engine-rig/.toolchain/downward/fast-downward.py --plan-file C:\Users\user\AppData\Local\Temp\e7verifyc4zmutsu\sas_plan C:\Users\user\Desktop\theoria\.worktrees\e7-deadlock-claim\engine-rig\runs\20260728T150713Z-E7-deadlock-claim-audit\attacks\work\a5\swap\singleton\sokoban_guarded_singleton_domain.pddl C:\Users\user\Desktop\theoria\.worktrees\e7-deadlock-claim\engine-rig\runs\20260728T150713Z-E7-deadlock-claim-audit\attacks\work\a5\swap\singleton\swap-passage_guarded_singleton.pddl --search astar(cpdbs(patterns=manual_patterns([[23,24,22,19,18,17,5]])))

INFO     planner time limit: None
INFO     planner memory limit: None

INFO     Running translator.
INFO     translator stdin: None
INFO     translator time limit: None
INFO     translator memory limit: None
INFO     translator command line string: 'D:\Miniforge3\python.exe' -m translate 'C:\Users\user\Desktop\theoria\.worktrees\e7-deadlock-claim\engine-rig\runs\20260728T150713Z-E7-deadlock-claim-audit\attacks\work\a5\swap\singleton\sokoban_guarded_singleton_domain.pddl' 'C:\Users\user\Desktop\theoria\.worktrees\e7-deadlock-claim\engine-rig\runs\20260728T150713Z-E7-deadlock-claim-audit\attacks\work\a5\swap\singleton\swap-passage_guarded_singleton.pddl' --sas-file output.sas
Warning! SIGXCPU is not available on your platform. This means that the planner cannot be gracefully terminated when using a time limit, which, however, is probably supported on your platform anyway.
Parsing...
Parsing: [0.000s CPU, 0.002s wall-clock]
Normalizing task... [0.000s CPU, 0.000s wall-clock]
Instantiating...
Generating Datalog program... [0.000s CPU, 0.000s wall-clock]
Normalizing Datalog program...
Normalizing Datalog program: [0.000s CPU, 0.001s wall-clock]
Preparing model... [0.000s CPU, 0.000s wall-clock]
Generated 20 rules.
Computing model... [0.016s CPU, 0.005s wall-clock]
613 relevant atoms
888 auxiliary atoms
1501 final queue length
1771 total queue pushes
Completing instantiation... [0.000s CPU, 0.002s wall-clock]
Instantiating: [0.016s CPU, 0.008s wall-clock]
Computing fact groups...
Finding invariants...
7 initial candidates
Finding invariants: [0.000s CPU, 0.001s wall-clock]
Checking invariant weight... [0.000s CPU, 0.000s wall-clock]
Instantiating groups... [0.000s CPU, 0.001s wall-clock]
Collecting mutex groups... [0.000s CPU, 0.000s wall-clock]
Choosing groups...
54 uncovered facts
Choosing groups: [0.000s CPU, 0.000s wall-clock]
Building translation key... [0.000s CPU, 0.000s wall-clock]
Computing fact groups: [0.000s CPU, 0.003s wall-clock]
Building STRIPS to SAS dictionary... [0.000s CPU, 0.000s wall-clock]
Building dictionary for full mutex groups... [0.000s CPU, 0.000s wall-clock]
Building mutex information...
Building mutex information: [0.000s CPU, 0.000s wall-clock]
Translating task...
Processing axioms...
Simplifying axioms... [0.000s CPU, 0.000s wall-clock]
Translator axioms removed by simplifying: 0
Processing axioms: [0.000s CPU, 0.000s wall-clock]
Translating task: [0.000s CPU, 0.002s wall-clock]
172 effect conditions simplified
0 implied preconditions added
Detecting unreachable propositions...
0 operators removed
0 axioms removed
83 propositions removed
Detecting unreachable propositions: [0.000s CPU, 0.001s wall-clock]
Reordering and filtering variables...
25 of 25 variables necessary.
22 of 25 mutex groups necessary.
116 of 116 operators necessary.
0 of 0 axiom rules necessary.
Reordering and filtering variables: [0.000s CPU, 0.001s wall-clock]
Translator variables: 25
Translator derived variables: 0
Translator facts: 94
Translator goal facts: 2
Translator mutex groups: 22
Translator total mutex groups size: 72
Translator operators: 116
Translator axioms: 0
Translator task size: 1057
warning: could not determine peak memory
Writing output... [0.000s CPU, 0.010s wall-clock]
Done! [0.016s CPU, 0.027s wall-clock]
translate exit code: 0

INFO     Running search (release).
INFO     search stdin: output.sas
INFO     search time limit: None
INFO     search memory limit: None
INFO     search command line string: 'C:\Users\user\Desktop\theoria\.worktrees\p13\engine-rig\.toolchain\downward\builds\release\bin\downward.exe' --search 'astar(cpdbs(patterns=manual_patterns([[23,24,22,19,18,17,5]])))' --internal-plan-file 'C:\Users\user\AppData\Local\Temp\e7verifyc4zmutsu\sas_plan' < output.sas
[t=0.000115s, 1900 KB] Search code revision: 7120aa0
[t=0.000206s, 1912 KB] reading input...
[t=0.001407s, 2192 KB] done reading input!
[t=0.002377s, 2760 KB] Initializing canonical PDB heuristic...
[t=0.002387s, 2760 KB] Generating patterns using: manual pattern collection generator
[t=0.002392s, 2760 KB] Manual pattern collection: [[23, 24, 22, 19, 18, 17, 5]]
[t=0.002401s, 2760 KB] manual pattern collection generator number of patterns: 1
[t=0.002404s, 2760 KB] manual pattern collection generator total PDB size: 68992
[t=0.002406s, 2760 KB] manual pattern collection generator computation time: 1.07e-05s
[t=0.002412s, 2760 KB] Computing PDBs for pattern collection...
[t=0.003691s, 3212 KB] Done computing PDBs for pattern collection: 0.001283s
[t=0.003699s, 3212 KB] Computing pattern cliques for pattern collection...
[t=0.003709s, 3212 KB] Done computing pattern cliques for pattern collection: 0.000012s
[t=0.003716s, 3212 KB] Running dominance pruning...
[t=0.003721s, 3212 KB] Pruned 0 of 1 pattern cliques
[t=0.003725s, 3212 KB] Pruned 0 of 1 PDBs
[t=0.003727s, 3212 KB] Dominance pruning took 0.000009s
[t=0.003730s, 3212 KB] Canonical PDB heuristic number of patterns: 1
[t=0.003734s, 3212 KB] Canonical PDB heuristic total PDB size: 68992
[t=0.003737s, 3212 KB] Canonical PDB heuristic computation time: 0.001354s
[t=0.003762s, 3212 KB] Building successor generator... done!
[t=0.003810s, 3212 KB] peak memory difference for successor generator creation: 0 KB
[t=0.003812s, 3212 KB] time for successor generation creation: 0.000038s
[t=0.003817s, 3212 KB] Variables: 25
[t=0.003819s, 3212 KB] FactPairs: 94
[t=0.003821s, 3212 KB] Bytes per state: 8
[t=0.003831s, 3212 KB] Conducting best first search with reopening closed nodes, (real) bound = 2147483647
[t=0.003847s, 3212 KB] New best heuristic value for cpdbs: 15
[t=0.003849s, 3212 KB] g=0, 1 evaluated, 0 expanded
[t=0.003852s, 3212 KB] f = 15, 1 evaluated, 0 expanded
[t=0.003860s, 3212 KB] Initial heuristic value for cpdbs: 15
[t=0.003863s, 3212 KB] pruning method: none
[t=0.003871s, 3212 KB] New best heuristic value for cpdbs: 14
[t=0.003875s, 3212 KB] g=1, 2 evaluated, 1 expanded
[t=0.003886s, 3212 KB] f = 17, 7 evaluated, 3 expanded
[t=0.003895s, 3212 KB] New best heuristic value for cpdbs: 13
[t=0.003899s, 3212 KB] g=4, 11 evaluated, 6 expanded
[t=0.003904s, 3212 KB] New best heuristic value for cpdbs: 12
[t=0.003907s, 3212 KB] g=5, 14 evaluated, 7 expanded
[t=0.003912s, 3212 KB] New best heuristic value for cpdbs: 11
[t=0.003914s, 3212 KB] g=6, 16 evaluated, 8 expanded
[t=0.003920s, 3212 KB] New best heuristic value for cpdbs: 10
[t=0.003922s, 3212 KB] g=7, 18 evaluated, 9 expanded
[t=0.003927s, 3212 KB] New best heuristic value for cpdbs: 9
[t=0.003929s, 3212 KB] g=8, 20 evaluated, 10 expanded
[t=0.003933s, 3212 KB] New best heuristic value for cpdbs: 8
[t=0.003936s, 3212 KB] g=9, 21 evaluated, 11 expanded
[t=0.003940s, 3212 KB] New best heuristic value for cpdbs: 7
[t=0.003943s, 3212 KB] g=10, 23 evaluated, 12 expanded
[t=0.003949s, 3212 KB] New best heuristic value for cpdbs: 6
[t=0.003952s, 3212 KB] g=11, 27 evaluated, 13 expanded
[t=0.003960s, 3212 KB] f = 19, 31 evaluated, 16 expanded
[t=0.003980s, 3212 KB] f = 21, 41 evaluated, 28 expanded
[t=0.004016s, 3212 KB] f = 23, 66 evaluated, 46 expanded
[t=0.004045s, 3212 KB] f = 25, 84 evaluated, 65 expanded
[t=0.004077s, 3212 KB] f = 27, 105 evaluated, 85 expanded
[t=0.004139s, 3212 KB] f = 29, 151 evaluated, 118 expanded
[t=0.004156s, 3212 KB] New best heuristic value for cpdbs: 5
[t=0.004158s, 3212 KB] g=24, 163 evaluated, 124 expanded
[t=0.004162s, 3212 KB] New best heuristic value for cpdbs: 4
[t=0.004164s, 3212 KB] g=25, 165 evaluated, 125 expanded
[t=0.004170s, 3212 KB] New best heuristic value for cpdbs: 3
[t=0.004173s, 3212 KB] g=26, 168 evaluated, 126 expanded
[t=0.004217s, 3212 KB] f = 31, 200 evaluated, 159 expanded
[t=0.004314s, 3212 KB] f = 33, 270 evaluated, 213 expanded
[t=0.004399s, 3212 KB] f = 35, 336 evaluated, 275 expanded
[t=0.004489s, 3212 KB] f = 37, 409 evaluated, 342 expanded
[t=0.004571s, 3212 KB] f = 39, 468 evaluated, 408 expanded
[t=0.004667s, 3224 KB] f = 41, 522 evaluated, 466 expanded
[t=0.004712s, 3224 KB] f = 43, 548 evaluated, 504 expanded
[t=0.004758s, 3224 KB] f = 45, 578 evaluated, 539 expanded
[t=0.004783s, 3224 KB] f = 47, 592 evaluated, 558 expanded
[t=0.004798s, 3224 KB] f = 49, 600 evaluated, 567 expanded
[t=0.004811s, 3224 KB] f = 51, 606 evaluated, 574 expanded
[t=0.004821s, 3224 KB] f = 53, 610 evaluated, 580 expanded
[t=0.004827s, 3224 KB] f = 55, 611 evaluated, 583 expanded
[t=0.004829s, 3224 KB] Completely explored state space -- no solution!
[t=0.004832s, 3224 KB] Actual search time: 0.000967s
[t=0.004835s, 3224 KB] Expanded 584 state(s).
[t=0.004835s, 3224 KB] Reopened 0 state(s).
[t=0.004835s, 3224 KB] Evaluated 611 state(s).
[t=0.004835s, 3224 KB] Evaluations: 611
[t=0.004835s, 3224 KB] Generated 1520 state(s).
[t=0.004835s, 3224 KB] Dead ends: 27 state(s).
[t=0.004835s, 3224 KB] Expanded until last jump: 583 state(s).
[t=0.004835s, 3224 KB] Reopened until last jump: 0 state(s).
[t=0.004835s, 3224 KB] Evaluated until last jump: 611 state(s).
[t=0.004835s, 3224 KB] Generated until last jump: 1518 state(s).
[t=0.004835s, 3224 KB] Number of registered states: 611
[t=0.004835s, 3224 KB] Int hash set load factor: 611/1024 = 0.596680
[t=0.004835s, 3224 KB] Int hash set resizes: 10
[t=0.004835s, 3224 KB] Search time: 0.001005s
[t=0.004835s, 3224 KB] Total time: 0.004835s
Search stopped without finding a solution.
Remove intermediate file output.sas
search exit code: 12

Driver aborting after search

