$ D:\Miniforge3\python.exe C:/Users/user/Desktop/theoria/.worktrees/p13/engine-rig/.toolchain/downward/fast-downward.py --plan-file C:\Users\user\AppData\Local\Temp\e7verify2g44mk8g\sas_plan C:\Users\user\Desktop\theoria\.worktrees\e7-deadlock-claim\engine-rig\runs\20260728T150713Z-E7-deadlock-claim-audit\attacks\work\a5\swap\singleton\sokoban_guarded_singleton_domain.pddl C:\Users\user\Desktop\theoria\.worktrees\e7-deadlock-claim\engine-rig\runs\20260728T150713Z-E7-deadlock-claim-audit\attacks\work\a5\swap\singleton\swap-passage_guarded_singleton.pddl --search astar(cpdbs(patterns=manual_patterns([[23,24,22,15,12,1,11,19,10]])))

INFO     planner time limit: None
INFO     planner memory limit: None

INFO     Running translator.
INFO     translator stdin: None
INFO     translator time limit: None
INFO     translator memory limit: None
INFO     translator command line string: 'D:\Miniforge3\python.exe' -m translate 'C:\Users\user\Desktop\theoria\.worktrees\e7-deadlock-claim\engine-rig\runs\20260728T150713Z-E7-deadlock-claim-audit\attacks\work\a5\swap\singleton\sokoban_guarded_singleton_domain.pddl' 'C:\Users\user\Desktop\theoria\.worktrees\e7-deadlock-claim\engine-rig\runs\20260728T150713Z-E7-deadlock-claim-audit\attacks\work\a5\swap\singleton\swap-passage_guarded_singleton.pddl' --sas-file output.sas
Warning! SIGXCPU is not available on your platform. This means that the planner cannot be gracefully terminated when using a time limit, which, however, is probably supported on your platform anyway.
Parsing...
Parsing: [0.000s CPU, 0.002s wall-clock]
Normalizing task... [0.000s CPU, 0.000s wall-clock]
Instantiating...
Generating Datalog program... [0.000s CPU, 0.000s wall-clock]
Normalizing Datalog program...
Normalizing Datalog program: [0.000s CPU, 0.001s wall-clock]
Preparing model... [0.000s CPU, 0.000s wall-clock]
Generated 20 rules.
Computing model... [0.000s CPU, 0.005s wall-clock]
613 relevant atoms
888 auxiliary atoms
1501 final queue length
1771 total queue pushes
Completing instantiation... [0.000s CPU, 0.002s wall-clock]
Instantiating: [0.000s CPU, 0.009s wall-clock]
Computing fact groups...
Finding invariants...
7 initial candidates
Finding invariants: [0.000s CPU, 0.001s wall-clock]
Checking invariant weight... [0.000s CPU, 0.000s wall-clock]
Instantiating groups... [0.000s CPU, 0.001s wall-clock]
Collecting mutex groups... [0.000s CPU, 0.000s wall-clock]
Choosing groups...
54 uncovered facts
Choosing groups: [0.000s CPU, 0.000s wall-clock]
Building translation key... [0.000s CPU, 0.000s wall-clock]
Computing fact groups: [0.016s CPU, 0.003s wall-clock]
Building STRIPS to SAS dictionary... [0.000s CPU, 0.000s wall-clock]
Building dictionary for full mutex groups... [0.000s CPU, 0.000s wall-clock]
Building mutex information...
Building mutex information: [0.000s CPU, 0.000s wall-clock]
Translating task...
Processing axioms...
Simplifying axioms... [0.000s CPU, 0.000s wall-clock]
Translator axioms removed by simplifying: 0
Processing axioms: [0.000s CPU, 0.000s wall-clock]
Translating task: [0.000s CPU, 0.002s wall-clock]
172 effect conditions simplified
0 implied preconditions added
Detecting unreachable propositions...
0 operators removed
0 axioms removed
83 propositions removed
Detecting unreachable propositions: [0.000s CPU, 0.001s wall-clock]
Reordering and filtering variables...
25 of 25 variables necessary.
22 of 25 mutex groups necessary.
116 of 116 operators necessary.
0 of 0 axiom rules necessary.
Reordering and filtering variables: [0.000s CPU, 0.001s wall-clock]
Translator variables: 25
Translator derived variables: 0
Translator facts: 94
Translator goal facts: 2
Translator mutex groups: 22
Translator total mutex groups size: 72
Translator operators: 116
Translator axioms: 0
Translator task size: 1057
warning: could not determine peak memory
Writing output... [0.000s CPU, 0.010s wall-clock]
Done! [0.016s CPU, 0.027s wall-clock]
translate exit code: 0

INFO     Running search (release).
INFO     search stdin: output.sas
INFO     search time limit: None
INFO     search memory limit: None
INFO     search command line string: 'C:\Users\user\Desktop\theoria\.worktrees\p13\engine-rig\.toolchain\downward\builds\release\bin\downward.exe' --search 'astar(cpdbs(patterns=manual_patterns([[23,24,22,15,12,1,11,19,10]])))' --internal-plan-file 'C:\Users\user\AppData\Local\Temp\e7verify2g44mk8g\sas_plan' < output.sas
[t=0.000152s, 1944 KB] Search code revision: 7120aa0
[t=0.000239s, 1944 KB] reading input...
[t=0.001476s, 2188 KB] done reading input!
[t=0.002824s, 2864 KB] Initializing canonical PDB heuristic...
[t=0.002834s, 2864 KB] Generating patterns using: manual pattern collection generator
[t=0.002838s, 2864 KB] Manual pattern collection: [[23, 24, 22, 15, 12, 1, 11, 19, 10]]
[t=0.002847s, 2864 KB] manual pattern collection generator number of patterns: 1
[t=0.002850s, 2864 KB] manual pattern collection generator total PDB size: 275968
[t=0.002854s, 2864 KB] manual pattern collection generator computation time: 8.4e-06s
[t=0.002866s, 2864 KB] Computing PDBs for pattern collection...
[t=0.008596s, 4224 KB] Done computing PDBs for pattern collection: 0.005739s
[t=0.008614s, 4224 KB] Computing pattern cliques for pattern collection...
[t=0.008630s, 4224 KB] Done computing pattern cliques for pattern collection: 0.000018s
[t=0.008636s, 4224 KB] Running dominance pruning...
[t=0.008640s, 4224 KB] Pruned 0 of 1 pattern cliques
[t=0.008644s, 4224 KB] Pruned 0 of 1 PDBs
[t=0.008647s, 4224 KB] Dominance pruning took 0.000010s
[t=0.008650s, 4224 KB] Canonical PDB heuristic number of patterns: 1
[t=0.008653s, 4224 KB] Canonical PDB heuristic total PDB size: 275968
[t=0.008655s, 4224 KB] Canonical PDB heuristic computation time: 0.005826s
[t=0.008688s, 4224 KB] Building successor generator... done!
[t=0.008744s, 4224 KB] peak memory difference for successor generator creation: 0 KB
[t=0.008747s, 4224 KB] time for successor generation creation: 0.000048s
[t=0.008752s, 4224 KB] Variables: 25
[t=0.008754s, 4224 KB] FactPairs: 94
[t=0.008756s, 4224 KB] Bytes per state: 8
[t=0.008766s, 4224 KB] Conducting best first search with reopening closed nodes, (real) bound = 2147483647
[t=0.008785s, 4224 KB] New best heuristic value for cpdbs: 11
[t=0.008790s, 4224 KB] g=0, 1 evaluated, 0 expanded
[t=0.008792s, 4224 KB] f = 11, 1 evaluated, 0 expanded
[t=0.008801s, 4224 KB] Initial heuristic value for cpdbs: 11
[t=0.008803s, 4224 KB] pruning method: none
[t=0.008813s, 4224 KB] New best heuristic value for cpdbs: 10
[t=0.008817s, 4224 KB] g=1, 4 evaluated, 1 expanded
[t=0.008822s, 4224 KB] New best heuristic value for cpdbs: 9
[t=0.008824s, 4224 KB] g=2, 6 evaluated, 2 expanded
[t=0.008831s, 4224 KB] New best heuristic value for cpdbs: 8
[t=0.008833s, 4224 KB] g=3, 10 evaluated, 3 expanded
[t=0.008838s, 4224 KB] New best heuristic value for cpdbs: 7
[t=0.008841s, 4224 KB] g=4, 12 evaluated, 4 expanded
[t=0.008846s, 4224 KB] New best heuristic value for cpdbs: 6
[t=0.008848s, 4224 KB] g=5, 14 evaluated, 5 expanded
[t=0.008854s, 4224 KB] New best heuristic value for cpdbs: 5
[t=0.008858s, 4224 KB] g=6, 17 evaluated, 6 expanded
[t=0.008863s, 4224 KB] New best heuristic value for cpdbs: 4
[t=0.008865s, 4224 KB] g=7, 20 evaluated, 7 expanded
[t=0.008868s, 4224 KB] f = 13, 21 evaluated, 8 expanded
[t=0.008894s, 4224 KB] f = 15, 36 evaluated, 23 expanded
[t=0.008905s, 4224 KB] f = 17, 38 evaluated, 32 expanded
[t=0.008939s, 4224 KB] f = 19, 66 evaluated, 46 expanded
[t=0.008966s, 4224 KB] f = 21, 88 evaluated, 65 expanded
[t=0.008998s, 4224 KB] f = 23, 110 evaluated, 88 expanded
[t=0.009026s, 4224 KB] f = 25, 128 evaluated, 108 expanded
[t=0.009063s, 4224 KB] f = 27, 154 evaluated, 129 expanded
[t=0.009092s, 4224 KB] f = 29, 174 evaluated, 152 expanded
[t=0.009111s, 4224 KB] New best heuristic value for cpdbs: 3
[t=0.009115s, 4224 KB] g=26, 191 evaluated, 161 expanded
[t=0.009146s, 4224 KB] f = 31, 219 evaluated, 183 expanded
[t=0.009242s, 4224 KB] f = 33, 297 evaluated, 233 expanded
[t=0.009377s, 4224 KB] f = 35, 394 evaluated, 316 expanded
[t=0.009494s, 4224 KB] f = 37, 491 evaluated, 405 expanded
[t=0.009615s, 4224 KB] f = 39, 561 evaluated, 489 expanded
[t=0.009661s, 4224 KB] f = 41, 581 evaluated, 539 expanded
[t=0.009696s, 4224 KB] f = 43, 606 evaluated, 566 expanded
[t=0.009735s, 4224 KB] f = 45, 634 evaluated, 592 expanded
[t=0.009760s, 4224 KB] f = 47, 650 evaluated, 610 expanded
[t=0.009776s, 4224 KB] f = 49, 656 evaluated, 623 expanded
[t=0.009784s, 4224 KB] f = 51, 658 evaluated, 629 expanded
[t=0.009789s, 4224 KB] Completely explored state space -- no solution!
[t=0.009792s, 4224 KB] Actual search time: 0.000986s
[t=0.009795s, 4224 KB] Expanded 630 state(s).
[t=0.009795s, 4224 KB] Reopened 0 state(s).
[t=0.009795s, 4224 KB] Evaluated 658 state(s).
[t=0.009795s, 4224 KB] Evaluations: 658
[t=0.009795s, 4224 KB] Generated 1644 state(s).
[t=0.009795s, 4224 KB] Dead ends: 28 state(s).
[t=0.009795s, 4224 KB] Expanded until last jump: 629 state(s).
[t=0.009795s, 4224 KB] Reopened until last jump: 0 state(s).
[t=0.009795s, 4224 KB] Evaluated until last jump: 658 state(s).
[t=0.009795s, 4224 KB] Generated until last jump: 1642 state(s).
[t=0.009795s, 4224 KB] Number of registered states: 658
[t=0.009795s, 4224 KB] Int hash set load factor: 658/1024 = 0.642578
[t=0.009795s, 4224 KB] Int hash set resizes: 10
[t=0.009795s, 4224 KB] Search time: 0.001031s
[t=0.009795s, 4224 KB] Total time: 0.009795s
Search stopped without finding a solution.
Remove intermediate file output.sas
search exit code: 12

Driver aborting after search

