$ D:\Miniforge3\python.exe C:/Users/user/Desktop/theoria/.worktrees/p13/engine-rig/.toolchain/downward/fast-downward.py --plan-file C:\Users\user\AppData\Local\Temp\e7verifyex2b5fmb\sas_plan C:\Users\user\Desktop\theoria\.worktrees\e7-deadlock-claim\engine-rig\runs\20260728T150713Z-E7-deadlock-claim-audit\attacks\work\a5\swap\singleton\sokoban_guarded_singleton_domain.pddl C:\Users\user\Desktop\theoria\.worktrees\e7-deadlock-claim\engine-rig\runs\20260728T150713Z-E7-deadlock-claim-audit\attacks\work\a5\swap\singleton\swap-passage_guarded_singleton.pddl --search astar(cpdbs(patterns=manual_patterns([[23,24,22,19,18,17,20]])))

INFO     planner time limit: None
INFO     planner memory limit: None

INFO     Running translator.
INFO     translator stdin: None
INFO     translator time limit: None
INFO     translator memory limit: None
INFO     translator command line string: 'D:\Miniforge3\python.exe' -m translate 'C:\Users\user\Desktop\theoria\.worktrees\e7-deadlock-claim\engine-rig\runs\20260728T150713Z-E7-deadlock-claim-audit\attacks\work\a5\swap\singleton\sokoban_guarded_singleton_domain.pddl' 'C:\Users\user\Desktop\theoria\.worktrees\e7-deadlock-claim\engine-rig\runs\20260728T150713Z-E7-deadlock-claim-audit\attacks\work\a5\swap\singleton\swap-passage_guarded_singleton.pddl' --sas-file output.sas
Warning! SIGXCPU is not available on your platform. This means that the planner cannot be gracefully terminated when using a time limit, which, however, is probably supported on your platform anyway.
Parsing...
Parsing: [0.000s CPU, 0.002s wall-clock]
Normalizing task... [0.000s CPU, 0.000s wall-clock]
Instantiating...
Generating Datalog program... [0.000s CPU, 0.000s wall-clock]
Normalizing Datalog program...
Normalizing Datalog program: [0.000s CPU, 0.001s wall-clock]
Preparing model... [0.000s CPU, 0.000s wall-clock]
Generated 20 rules.
Computing model... [0.016s CPU, 0.005s wall-clock]
613 relevant atoms
888 auxiliary atoms
1501 final queue length
1771 total queue pushes
Completing instantiation... [0.000s CPU, 0.002s wall-clock]
Instantiating: [0.016s CPU, 0.008s wall-clock]
Computing fact groups...
Finding invariants...
7 initial candidates
Finding invariants: [0.000s CPU, 0.001s wall-clock]
Checking invariant weight... [0.000s CPU, 0.000s wall-clock]
Instantiating groups... [0.000s CPU, 0.001s wall-clock]
Collecting mutex groups... [0.000s CPU, 0.000s wall-clock]
Choosing groups...
54 uncovered facts
Choosing groups: [0.000s CPU, 0.000s wall-clock]
Building translation key... [0.000s CPU, 0.000s wall-clock]
Computing fact groups: [0.000s CPU, 0.003s wall-clock]
Building STRIPS to SAS dictionary... [0.000s CPU, 0.000s wall-clock]
Building dictionary for full mutex groups... [0.000s CPU, 0.000s wall-clock]
Building mutex information...
Building mutex information: [0.000s CPU, 0.000s wall-clock]
Translating task...
Processing axioms...
Simplifying axioms... [0.000s CPU, 0.000s wall-clock]
Translator axioms removed by simplifying: 0
Processing axioms: [0.000s CPU, 0.000s wall-clock]
Translating task: [0.000s CPU, 0.002s wall-clock]
172 effect conditions simplified
0 implied preconditions added
Detecting unreachable propositions...
0 operators removed
0 axioms removed
83 propositions removed
Detecting unreachable propositions: [0.000s CPU, 0.001s wall-clock]
Reordering and filtering variables...
25 of 25 variables necessary.
22 of 25 mutex groups necessary.
116 of 116 operators necessary.
0 of 0 axiom rules necessary.
Reordering and filtering variables: [0.000s CPU, 0.001s wall-clock]
Translator variables: 25
Translator derived variables: 0
Translator facts: 94
Translator goal facts: 2
Translator mutex groups: 22
Translator total mutex groups size: 72
Translator operators: 116
Translator axioms: 0
Translator task size: 1057
warning: could not determine peak memory
Writing output... [0.000s CPU, 0.009s wall-clock]
Done! [0.016s CPU, 0.026s wall-clock]
translate exit code: 0

INFO     Running search (release).
INFO     search stdin: output.sas
INFO     search time limit: None
INFO     search memory limit: None
INFO     search command line string: 'C:\Users\user\Desktop\theoria\.worktrees\p13\engine-rig\.toolchain\downward\builds\release\bin\downward.exe' --search 'astar(cpdbs(patterns=manual_patterns([[23,24,22,19,18,17,20]])))' --internal-plan-file 'C:\Users\user\AppData\Local\Temp\e7verifyex2b5fmb\sas_plan' < output.sas
[t=0.000153s, 1964 KB] Search code revision: 7120aa0
[t=0.000248s, 1972 KB] reading input...
[t=0.001487s, 2200 KB] done reading input!
[t=0.002884s, 2804 KB] Initializing canonical PDB heuristic...
[t=0.002895s, 2804 KB] Generating patterns using: manual pattern collection generator
[t=0.002900s, 2804 KB] Manual pattern collection: [[23, 24, 22, 19, 18, 17, 20]]
[t=0.002909s, 2804 KB] manual pattern collection generator number of patterns: 1
[t=0.002912s, 2804 KB] manual pattern collection generator total PDB size: 68992
[t=0.002914s, 2804 KB] manual pattern collection generator computation time: 9.1e-06s
[t=0.002921s, 2804 KB] Computing PDBs for pattern collection...
[t=0.003950s, 3156 KB] Done computing PDBs for pattern collection: 0.001032s
[t=0.003958s, 3156 KB] Computing pattern cliques for pattern collection...
[t=0.003971s, 3156 KB] Done computing pattern cliques for pattern collection: 0.000014s
[t=0.003975s, 3156 KB] Running dominance pruning...
[t=0.003989s, 3156 KB] Pruned 0 of 1 pattern cliques
[t=0.003992s, 3156 KB] Pruned 0 of 1 PDBs
[t=0.003994s, 3156 KB] Dominance pruning took 0.000009s
[t=0.003997s, 3156 KB] Canonical PDB heuristic number of patterns: 1
[t=0.003999s, 3156 KB] Canonical PDB heuristic total PDB size: 68992
[t=0.004002s, 3156 KB] Canonical PDB heuristic computation time: 0.001113s
[t=0.004027s, 3156 KB] Building successor generator... done!
[t=0.004074s, 3156 KB] peak memory difference for successor generator creation: 0 KB
[t=0.004077s, 3156 KB] time for successor generation creation: 0.000040s
[t=0.004081s, 3156 KB] Variables: 25
[t=0.004083s, 3156 KB] FactPairs: 94
[t=0.004085s, 3156 KB] Bytes per state: 8
[t=0.004095s, 3156 KB] Conducting best first search with reopening closed nodes, (real) bound = 2147483647
[t=0.004111s, 3168 KB] New best heuristic value for cpdbs: 17
[t=0.004115s, 3168 KB] g=0, 1 evaluated, 0 expanded
[t=0.004118s, 3168 KB] f = 17, 1 evaluated, 0 expanded
[t=0.004126s, 3180 KB] Initial heuristic value for cpdbs: 17
[t=0.004130s, 3180 KB] pruning method: none
[t=0.004137s, 3180 KB] New best heuristic value for cpdbs: 16
[t=0.004141s, 3180 KB] g=1, 2 evaluated, 1 expanded
[t=0.004150s, 3180 KB] f = 19, 7 evaluated, 3 expanded
[t=0.004161s, 3180 KB] f = 21, 12 evaluated, 7 expanded
[t=0.004166s, 3180 KB] f = 23, 13 evaluated, 10 expanded
[t=0.004178s, 3180 KB] New best heuristic value for cpdbs: 15
[t=0.004181s, 3180 KB] g=8, 22 evaluated, 14 expanded
[t=0.004185s, 3180 KB] New best heuristic value for cpdbs: 14
[t=0.004187s, 3180 KB] g=9, 23 evaluated, 15 expanded
[t=0.004192s, 3180 KB] New best heuristic value for cpdbs: 13
[t=0.004195s, 3180 KB] g=10, 25 evaluated, 16 expanded
[t=0.004202s, 3180 KB] f = 25, 30 evaluated, 18 expanded
[t=0.004219s, 3180 KB] f = 27, 41 evaluated, 29 expanded
[t=0.004242s, 3180 KB] f = 29, 57 evaluated, 44 expanded
[t=0.004249s, 3180 KB] New best heuristic value for cpdbs: 12
[t=0.004251s, 3180 KB] g=17, 60 evaluated, 47 expanded
[t=0.004255s, 3180 KB] New best heuristic value for cpdbs: 11
[t=0.004258s, 3180 KB] g=18, 62 evaluated, 48 expanded
[t=0.004262s, 3180 KB] New best heuristic value for cpdbs: 10
[t=0.004265s, 3180 KB] g=19, 64 evaluated, 49 expanded
[t=0.004271s, 3180 KB] New best heuristic value for cpdbs: 9
[t=0.004273s, 3180 KB] g=20, 65 evaluated, 50 expanded
[t=0.004278s, 3180 KB] New best heuristic value for cpdbs: 8
[t=0.004281s, 3180 KB] g=21, 68 evaluated, 51 expanded
[t=0.004285s, 3180 KB] New best heuristic value for cpdbs: 7
[t=0.004304s, 3180 KB] g=22, 70 evaluated, 52 expanded
[t=0.004309s, 3180 KB] New best heuristic value for cpdbs: 6
[t=0.004311s, 3180 KB] g=23, 74 evaluated, 53 expanded
[t=0.004315s, 3180 KB] New best heuristic value for cpdbs: 5
[t=0.004317s, 3180 KB] g=24, 76 evaluated, 54 expanded
[t=0.004325s, 3200 KB] New best heuristic value for cpdbs: 4
[t=0.004329s, 3200 KB] g=25, 78 evaluated, 55 expanded
[t=0.004336s, 3200 KB] New best heuristic value for cpdbs: 3
[t=0.004339s, 3200 KB] g=26, 81 evaluated, 56 expanded
[t=0.004377s, 3200 KB] f = 31, 122 evaluated, 78 expanded
[t=0.004448s, 3200 KB] f = 33, 181 evaluated, 131 expanded
[t=0.004530s, 3200 KB] f = 35, 253 evaluated, 197 expanded
[t=0.004624s, 3200 KB] f = 37, 324 evaluated, 267 expanded
[t=0.004701s, 3200 KB] f = 39, 394 evaluated, 330 expanded
[t=0.004765s, 3200 KB] f = 41, 445 evaluated, 388 expanded
[t=0.004821s, 3200 KB] f = 43, 483 evaluated, 434 expanded
[t=0.004909s, 3212 KB] f = 45, 548 evaluated, 488 expanded
[t=0.004954s, 3212 KB] f = 47, 580 evaluated, 532 expanded
[t=0.004975s, 3212 KB] f = 49, 588 evaluated, 555 expanded
[t=0.004987s, 3212 KB] f = 51, 593 evaluated, 563 expanded
[t=0.004997s, 3212 KB] f = 53, 600 evaluated, 568 expanded
[t=0.005007s, 3212 KB] f = 55, 606 evaluated, 574 expanded
[t=0.005015s, 3212 KB] f = 57, 610 evaluated, 580 expanded
[t=0.005022s, 3212 KB] f = 59, 611 evaluated, 583 expanded
[t=0.005025s, 3212 KB] Completely explored state space -- no solution!
[t=0.005027s, 3212 KB] Actual search time: 0.000896s
[t=0.005030s, 3212 KB] Expanded 584 state(s).
[t=0.005030s, 3212 KB] Reopened 0 state(s).
[t=0.005030s, 3212 KB] Evaluated 611 state(s).
[t=0.005030s, 3212 KB] Evaluations: 611
[t=0.005030s, 3212 KB] Generated 1520 state(s).
[t=0.005030s, 3212 KB] Dead ends: 27 state(s).
[t=0.005030s, 3212 KB] Expanded until last jump: 583 state(s).
[t=0.005030s, 3212 KB] Reopened until last jump: 0 state(s).
[t=0.005030s, 3212 KB] Evaluated until last jump: 611 state(s).
[t=0.005030s, 3212 KB] Generated until last jump: 1518 state(s).
[t=0.005030s, 3212 KB] Number of registered states: 611
[t=0.005030s, 3212 KB] Int hash set load factor: 611/1024 = 0.596680
[t=0.005030s, 3212 KB] Int hash set resizes: 10
[t=0.005030s, 3212 KB] Search time: 0.000936s
[t=0.005030s, 3212 KB] Total time: 0.005030s
Search stopped without finding a solution.
Remove intermediate file output.sas
search exit code: 12

Driver aborting after search

