$ D:\Miniforge3\python.exe C:/Users/user/Desktop/theoria/.worktrees/p13/engine-rig/.toolchain/downward/fast-downward.py --plan-file C:\Users\user\AppData\Local\Temp\e7verifyj777utxu\sas_plan C:\Users\user\Desktop\theoria\.worktrees\e7-deadlock-claim\engine-rig\runs\20260728T150713Z-E7-deadlock-claim-audit\attacks\work\a5\swap\singleton\sokoban_guarded_singleton_domain.pddl C:\Users\user\Desktop\theoria\.worktrees\e7-deadlock-claim\engine-rig\runs\20260728T150713Z-E7-deadlock-claim-audit\attacks\work\a5\swap\singleton\swap-passage_guarded_singleton.pddl --search astar(cpdbs(patterns=manual_patterns([[23,24,22,19,13,10,21,12,5]])))

INFO     planner time limit: None
INFO     planner memory limit: None

INFO     Running translator.
INFO     translator stdin: None
INFO     translator time limit: None
INFO     translator memory limit: None
INFO     translator command line string: 'D:\Miniforge3\python.exe' -m translate 'C:\Users\user\Desktop\theoria\.worktrees\e7-deadlock-claim\engine-rig\runs\20260728T150713Z-E7-deadlock-claim-audit\attacks\work\a5\swap\singleton\sokoban_guarded_singleton_domain.pddl' 'C:\Users\user\Desktop\theoria\.worktrees\e7-deadlock-claim\engine-rig\runs\20260728T150713Z-E7-deadlock-claim-audit\attacks\work\a5\swap\singleton\swap-passage_guarded_singleton.pddl' --sas-file output.sas
Warning! SIGXCPU is not available on your platform. This means that the planner cannot be gracefully terminated when using a time limit, which, however, is probably supported on your platform anyway.
Parsing...
Parsing: [0.016s CPU, 0.002s wall-clock]
Normalizing task... [0.000s CPU, 0.000s wall-clock]
Instantiating...
Generating Datalog program... [0.000s CPU, 0.000s wall-clock]
Normalizing Datalog program...
Normalizing Datalog program: [0.000s CPU, 0.001s wall-clock]
Preparing model... [0.000s CPU, 0.000s wall-clock]
Generated 20 rules.
Computing model... [0.000s CPU, 0.005s wall-clock]
613 relevant atoms
888 auxiliary atoms
1501 final queue length
1771 total queue pushes
Completing instantiation... [0.000s CPU, 0.002s wall-clock]
Instantiating: [0.000s CPU, 0.008s wall-clock]
Computing fact groups...
Finding invariants...
7 initial candidates
Finding invariants: [0.000s CPU, 0.001s wall-clock]
Checking invariant weight... [0.000s CPU, 0.000s wall-clock]
Instantiating groups... [0.000s CPU, 0.001s wall-clock]
Collecting mutex groups... [0.000s CPU, 0.000s wall-clock]
Choosing groups...
54 uncovered facts
Choosing groups: [0.000s CPU, 0.000s wall-clock]
Building translation key... [0.000s CPU, 0.000s wall-clock]
Computing fact groups: [0.000s CPU, 0.003s wall-clock]
Building STRIPS to SAS dictionary... [0.000s CPU, 0.000s wall-clock]
Building dictionary for full mutex groups... [0.000s CPU, 0.000s wall-clock]
Building mutex information...
Building mutex information: [0.000s CPU, 0.000s wall-clock]
Translating task...
Processing axioms...
Simplifying axioms... [0.000s CPU, 0.000s wall-clock]
Translator axioms removed by simplifying: 0
Processing axioms: [0.000s CPU, 0.000s wall-clock]
Translating task: [0.000s CPU, 0.002s wall-clock]
172 effect conditions simplified
0 implied preconditions added
Detecting unreachable propositions...
0 operators removed
0 axioms removed
83 propositions removed
Detecting unreachable propositions: [0.016s CPU, 0.001s wall-clock]
Reordering and filtering variables...
25 of 25 variables necessary.
22 of 25 mutex groups necessary.
116 of 116 operators necessary.
0 of 0 axiom rules necessary.
Reordering and filtering variables: [0.000s CPU, 0.001s wall-clock]
Translator variables: 25
Translator derived variables: 0
Translator facts: 94
Translator goal facts: 2
Translator mutex groups: 22
Translator total mutex groups size: 72
Translator operators: 116
Translator axioms: 0
Translator task size: 1057
warning: could not determine peak memory
Writing output... [0.000s CPU, 0.009s wall-clock]
Done! [0.031s CPU, 0.026s wall-clock]
translate exit code: 0

INFO     Running search (release).
INFO     search stdin: output.sas
INFO     search time limit: None
INFO     search memory limit: None
INFO     search command line string: 'C:\Users\user\Desktop\theoria\.worktrees\p13\engine-rig\.toolchain\downward\builds\release\bin\downward.exe' --search 'astar(cpdbs(patterns=manual_patterns([[23,24,22,19,13,10,21,12,5]])))' --internal-plan-file 'C:\Users\user\AppData\Local\Temp\e7verifyj777utxu\sas_plan' < output.sas
[t=0.000158s, 1936 KB] Search code revision: 7120aa0
[t=0.000245s, 1936 KB] reading input...
[t=0.001521s, 2184 KB] done reading input!
[t=0.002868s, 2820 KB] Initializing canonical PDB heuristic...
[t=0.002877s, 2820 KB] Generating patterns using: manual pattern collection generator
[t=0.002881s, 2820 KB] Manual pattern collection: [[23, 24, 22, 19, 13, 10, 21, 12, 5]]
[t=0.002890s, 2820 KB] manual pattern collection generator number of patterns: 1
[t=0.002893s, 2820 KB] manual pattern collection generator total PDB size: 275968
[t=0.002895s, 2820 KB] manual pattern collection generator computation time: 8.7e-06s
[t=0.002904s, 2820 KB] Computing PDBs for pattern collection...
[t=0.008918s, 4148 KB] Done computing PDBs for pattern collection: 0.006021s
[t=0.008931s, 4148 KB] Computing pattern cliques for pattern collection...
[t=0.008952s, 4148 KB] Done computing pattern cliques for pattern collection: 0.000022s
[t=0.008958s, 4148 KB] Running dominance pruning...
[t=0.008965s, 4148 KB] Pruned 0 of 1 pattern cliques
[t=0.008967s, 4148 KB] Pruned 0 of 1 PDBs
[t=0.008970s, 4148 KB] Dominance pruning took 0.000009s
[t=0.008974s, 4148 KB] Canonical PDB heuristic number of patterns: 1
[t=0.008978s, 4148 KB] Canonical PDB heuristic total PDB size: 275968
[t=0.008980s, 4148 KB] Canonical PDB heuristic computation time: 0.006106s
[t=0.009016s, 4148 KB] Building successor generator... done!
[t=0.009069s, 4148 KB] peak memory difference for successor generator creation: 0 KB
[t=0.009072s, 4148 KB] time for successor generation creation: 0.000044s
[t=0.009078s, 4148 KB] Variables: 25
[t=0.009082s, 4148 KB] FactPairs: 94
[t=0.009084s, 4148 KB] Bytes per state: 8
[t=0.009093s, 4148 KB] Conducting best first search with reopening closed nodes, (real) bound = 2147483647
[t=0.009124s, 4148 KB] New best heuristic value for cpdbs: 11
[t=0.009128s, 4148 KB] g=0, 1 evaluated, 0 expanded
[t=0.009130s, 4148 KB] f = 11, 1 evaluated, 0 expanded
[t=0.009137s, 4148 KB] Initial heuristic value for cpdbs: 11
[t=0.009140s, 4148 KB] pruning method: none
[t=0.009149s, 4148 KB] New best heuristic value for cpdbs: 10
[t=0.009151s, 4148 KB] g=1, 4 evaluated, 1 expanded
[t=0.009157s, 4148 KB] New best heuristic value for cpdbs: 9
[t=0.009159s, 4148 KB] g=2, 6 evaluated, 2 expanded
[t=0.009165s, 4148 KB] New best heuristic value for cpdbs: 8
[t=0.009167s, 4148 KB] g=3, 10 evaluated, 3 expanded
[t=0.009195s, 4148 KB] New best heuristic value for cpdbs: 7
[t=0.009198s, 4148 KB] g=4, 12 evaluated, 4 expanded
[t=0.009205s, 4148 KB] New best heuristic value for cpdbs: 6
[t=0.009207s, 4148 KB] g=5, 14 evaluated, 5 expanded
[t=0.009213s, 4148 KB] New best heuristic value for cpdbs: 5
[t=0.009216s, 4148 KB] g=6, 17 evaluated, 6 expanded
[t=0.009222s, 4148 KB] New best heuristic value for cpdbs: 4
[t=0.009224s, 4148 KB] g=7, 20 evaluated, 7 expanded
[t=0.009227s, 4148 KB] f = 13, 21 evaluated, 8 expanded
[t=0.009252s, 4148 KB] f = 15, 36 evaluated, 23 expanded
[t=0.009265s, 4148 KB] f = 17, 38 evaluated, 32 expanded
[t=0.009298s, 4148 KB] f = 19, 66 evaluated, 46 expanded
[t=0.009325s, 4148 KB] f = 21, 88 evaluated, 65 expanded
[t=0.009355s, 4148 KB] f = 23, 110 evaluated, 88 expanded
[t=0.009390s, 4148 KB] f = 25, 131 evaluated, 110 expanded
[t=0.009418s, 4148 KB] f = 27, 154 evaluated, 130 expanded
[t=0.009446s, 4148 KB] f = 29, 174 evaluated, 152 expanded
[t=0.009464s, 4148 KB] New best heuristic value for cpdbs: 3
[t=0.009468s, 4148 KB] g=26, 191 evaluated, 161 expanded
[t=0.009504s, 4148 KB] f = 31, 219 evaluated, 183 expanded
[t=0.009563s, 4148 KB] f = 33, 259 evaluated, 217 expanded
[t=0.009617s, 4148 KB] f = 35, 303 evaluated, 263 expanded
[t=0.009701s, 4148 KB] f = 37, 390 evaluated, 322 expanded
[t=0.009789s, 4148 KB] f = 39, 469 evaluated, 395 expanded
[t=0.009876s, 4148 KB] f = 41, 517 evaluated, 459 expanded
[t=0.009938s, 4148 KB] f = 43, 569 evaluated, 510 expanded
[t=0.009978s, 4148 KB] f = 45, 596 evaluated, 547 expanded
[t=0.010005s, 4148 KB] f = 47, 612 evaluated, 573 expanded
[t=0.010025s, 4148 KB] f = 49, 624 evaluated, 587 expanded
[t=0.010047s, 4148 KB] f = 51, 641 evaluated, 603 expanded
[t=0.010066s, 4148 KB] f = 53, 655 evaluated, 617 expanded
[t=0.010078s, 4148 KB] f = 55, 658 evaluated, 627 expanded
[t=0.010084s, 4148 KB] Completely explored state space -- no solution!
[t=0.010086s, 4148 KB] Actual search time: 0.000945s
[t=0.010089s, 4148 KB] Expanded 630 state(s).
[t=0.010089s, 4148 KB] Reopened 0 state(s).
[t=0.010089s, 4148 KB] Evaluated 658 state(s).
[t=0.010089s, 4148 KB] Evaluations: 658
[t=0.010089s, 4148 KB] Generated 1644 state(s).
[t=0.010089s, 4148 KB] Dead ends: 28 state(s).
[t=0.010089s, 4148 KB] Expanded until last jump: 627 state(s).
[t=0.010089s, 4148 KB] Reopened until last jump: 0 state(s).
[t=0.010089s, 4148 KB] Evaluated until last jump: 658 state(s).
[t=0.010089s, 4148 KB] Generated until last jump: 1638 state(s).
[t=0.010089s, 4148 KB] Number of registered states: 658
[t=0.010089s, 4148 KB] Int hash set load factor: 658/1024 = 0.642578
[t=0.010089s, 4148 KB] Int hash set resizes: 10
[t=0.010089s, 4148 KB] Search time: 0.000997s
[t=0.010089s, 4148 KB] Total time: 0.010089s
Search stopped without finding a solution.
Remove intermediate file output.sas
search exit code: 12

Driver aborting after search

