$ D:\Miniforge3\python.exe C:/Users/user/Desktop/theoria/.worktrees/p13/engine-rig/.toolchain/downward/fast-downward.py --plan-file C:\Users\user\AppData\Local\Temp\e7verify7iudn9ms\sas_plan C:\Users\user\Desktop\theoria\.worktrees\e7-deadlock-claim\engine-rig\runs\20260728T150713Z-E7-deadlock-claim-audit\attacks\work\a5\swap\singleton\sokoban_guarded_singleton_domain.pddl C:\Users\user\Desktop\theoria\.worktrees\e7-deadlock-claim\engine-rig\runs\20260728T150713Z-E7-deadlock-claim-audit\attacks\work\a5\swap\singleton\swap-passage_guarded_singleton.pddl --search astar(cpdbs(patterns=manual_patterns([[23,24,0],[23,24,12],[23,24,8],[23,24,13],[23,24,2],[23,24,1],[23,24,18],[23,24,9],[23,24,19],[23,24,3],[23,24,16],[23,24,17],[23,24,4],[23,24,20],[23,24,11],[23,24,21],[23,24,7],[23,24,5],[23,24,14],[23,24,10],[23,24,15],[23,24,6]])))

INFO     planner time limit: None
INFO     planner memory limit: None

INFO     Running translator.
INFO     translator stdin: None
INFO     translator time limit: None
INFO     translator memory limit: None
INFO     translator command line string: 'D:\Miniforge3\python.exe' -m translate 'C:\Users\user\Desktop\theoria\.worktrees\e7-deadlock-claim\engine-rig\runs\20260728T150713Z-E7-deadlock-claim-audit\attacks\work\a5\swap\singleton\sokoban_guarded_singleton_domain.pddl' 'C:\Users\user\Desktop\theoria\.worktrees\e7-deadlock-claim\engine-rig\runs\20260728T150713Z-E7-deadlock-claim-audit\attacks\work\a5\swap\singleton\swap-passage_guarded_singleton.pddl' --sas-file output.sas
Warning! SIGXCPU is not available on your platform. This means that the planner cannot be gracefully terminated when using a time limit, which, however, is probably supported on your platform anyway.
Parsing...
Parsing: [0.000s CPU, 0.002s wall-clock]
Normalizing task... [0.000s CPU, 0.000s wall-clock]
Instantiating...
Generating Datalog program... [0.000s CPU, 0.000s wall-clock]
Normalizing Datalog program...
Normalizing Datalog program: [0.000s CPU, 0.001s wall-clock]
Preparing model... [0.000s CPU, 0.000s wall-clock]
Generated 20 rules.
Computing model... [0.016s CPU, 0.005s wall-clock]
613 relevant atoms
888 auxiliary atoms
1501 final queue length
1771 total queue pushes
Completing instantiation... [0.000s CPU, 0.002s wall-clock]
Instantiating: [0.016s CPU, 0.008s wall-clock]
Computing fact groups...
Finding invariants...
7 initial candidates
Finding invariants: [0.000s CPU, 0.001s wall-clock]
Checking invariant weight... [0.000s CPU, 0.000s wall-clock]
Instantiating groups... [0.000s CPU, 0.001s wall-clock]
Collecting mutex groups... [0.000s CPU, 0.000s wall-clock]
Choosing groups...
54 uncovered facts
Choosing groups: [0.000s CPU, 0.000s wall-clock]
Building translation key... [0.000s CPU, 0.000s wall-clock]
Computing fact groups: [0.000s CPU, 0.003s wall-clock]
Building STRIPS to SAS dictionary... [0.000s CPU, 0.000s wall-clock]
Building dictionary for full mutex groups... [0.000s CPU, 0.000s wall-clock]
Building mutex information...
Building mutex information: [0.000s CPU, 0.000s wall-clock]
Translating task...
Processing axioms...
Simplifying axioms... [0.000s CPU, 0.000s wall-clock]
Translator axioms removed by simplifying: 0
Processing axioms: [0.000s CPU, 0.000s wall-clock]
Translating task: [0.000s CPU, 0.002s wall-clock]
172 effect conditions simplified
0 implied preconditions added
Detecting unreachable propositions...
0 operators removed
0 axioms removed
83 propositions removed
Detecting unreachable propositions: [0.000s CPU, 0.001s wall-clock]
Reordering and filtering variables...
25 of 25 variables necessary.
22 of 25 mutex groups necessary.
116 of 116 operators necessary.
0 of 0 axiom rules necessary.
Reordering and filtering variables: [0.000s CPU, 0.001s wall-clock]
Translator variables: 25
Translator derived variables: 0
Translator facts: 94
Translator goal facts: 2
Translator mutex groups: 22
Translator total mutex groups size: 72
Translator operators: 116
Translator axioms: 0
Translator task size: 1057
warning: could not determine peak memory
Writing output... [0.000s CPU, 0.009s wall-clock]
Done! [0.016s CPU, 0.026s wall-clock]
translate exit code: 0

INFO     Running search (release).
INFO     search stdin: output.sas
INFO     search time limit: None
INFO     search memory limit: None
INFO     search command line string: 'C:\Users\user\Desktop\theoria\.worktrees\p13\engine-rig\.toolchain\downward\builds\release\bin\downward.exe' --search 'astar(cpdbs(patterns=manual_patterns([[23,24,0],[23,24,12],[23,24,8],[23,24,13],[23,24,2],[23,24,1],[23,24,18],[23,24,9],[23,24,19],[23,24,3],[23,24,16],[23,24,17],[23,24,4],[23,24,20],[23,24,11],[23,24,21],[23,24,7],[23,24,5],[23,24,14],[23,24,10],[23,24,15],[23,24,6]])))' --internal-plan-file 'C:\Users\user\AppData\Local\Temp\e7verify7iudn9ms\sas_plan' < output.sas
[t=0.000146s, 1920 KB] Search code revision: 7120aa0
[t=0.000231s, 1944 KB] reading input...
[t=0.001503s, 2212 KB] done reading input!
[t=0.003260s, 2904 KB] Initializing canonical PDB heuristic...
[t=0.003271s, 2904 KB] Generating patterns using: manual pattern collection generator
[t=0.003275s, 2904 KB] Manual pattern collection: [[23, 24, 0], [23, 24, 12], [23, 24, 8], [23, 24, 13], [23, 24, 2], [23, 24, 1], [23, 24, 18], [23, 24, 9], [23, 24, 19], [23, 24, 3], [23, 24, 16], [23, 24, 17], [23, 24, 4], [23, 24, 20], [23, 24, 11], [23, 24, 21], [23, 24, 7], [23, 24, 5], [23, 24, 14], [23, 24, 10], [23, 24, 15], [23, 24, 6]]
[t=0.003291s, 2904 KB] manual pattern collection generator number of patterns: 22
[t=0.003293s, 2904 KB] manual pattern collection generator total PDB size: 8624
[t=0.003296s, 2904 KB] manual pattern collection generator computation time: 1.47e-05s
[t=0.003302s, 2904 KB] Computing PDBs for pattern collection...
[t=0.004168s, 2972 KB] Done computing PDBs for pattern collection: 0.000869s
[t=0.004175s, 2972 KB] Computing pattern cliques for pattern collection...
[t=0.004190s, 2972 KB] Done computing pattern cliques for pattern collection: 0.000017s
[t=0.004194s, 2972 KB] Running dominance pruning...
[t=0.004201s, 2972 KB] Pruned 0 of 22 pattern cliques
[t=0.004204s, 2972 KB] Pruned 0 of 22 PDBs
[t=0.004206s, 2972 KB] Dominance pruning took 0.000011s
[t=0.004210s, 2972 KB] Canonical PDB heuristic number of patterns: 22
[t=0.004212s, 2972 KB] Canonical PDB heuristic total PDB size: 8624
[t=0.004214s, 2972 KB] Canonical PDB heuristic computation time: 0.000950s
[t=0.004237s, 2972 KB] Building successor generator... done!
[t=0.004290s, 2980 KB] peak memory difference for successor generator creation: 8 KB
[t=0.004293s, 2980 KB] time for successor generation creation: 0.000046s
[t=0.004297s, 2980 KB] Variables: 25
[t=0.004300s, 2980 KB] FactPairs: 94
[t=0.004303s, 2980 KB] Bytes per state: 8
[t=0.004312s, 2980 KB] Conducting best first search with reopening closed nodes, (real) bound = 2147483647
[t=0.004329s, 3004 KB] New best heuristic value for cpdbs: 4
[t=0.004333s, 3004 KB] g=0, 1 evaluated, 0 expanded
[t=0.004336s, 3004 KB] f = 4, 1 evaluated, 0 expanded
[t=0.004342s, 3004 KB] Initial heuristic value for cpdbs: 4
[t=0.004346s, 3004 KB] pruning method: none
[t=0.004356s, 3004 KB] f = 5, 4 evaluated, 1 expanded
[t=0.004367s, 3004 KB] New best heuristic value for cpdbs: 3
[t=0.004369s, 3004 KB] g=2, 8 evaluated, 4 expanded
[t=0.004376s, 3004 KB] New best heuristic value for cpdbs: 2
[t=0.004378s, 3004 KB] g=3, 12 evaluated, 5 expanded
[t=0.004382s, 3004 KB] f = 6, 14 evaluated, 6 expanded
[t=0.004409s, 3020 KB] f = 7, 22 evaluated, 12 expanded
[t=0.004422s, 3020 KB] f = 8, 28 evaluated, 20 expanded
[t=0.004436s, 3020 KB] f = 9, 33 evaluated, 26 expanded
[t=0.004444s, 3020 KB] f = 10, 37 evaluated, 31 expanded
[t=0.004453s, 3020 KB] f = 11, 44 evaluated, 36 expanded
[t=0.004462s, 3020 KB] f = 12, 48 evaluated, 40 expanded
[t=0.004475s, 3020 KB] f = 13, 59 evaluated, 47 expanded
[t=0.004493s, 3020 KB] f = 14, 66 evaluated, 55 expanded
[t=0.004509s, 3020 KB] f = 15, 78 evaluated, 62 expanded
[t=0.004531s, 3020 KB] f = 16, 94 evaluated, 76 expanded
[t=0.004547s, 3020 KB] f = 17, 103 evaluated, 87 expanded
[t=0.004564s, 3020 KB] f = 18, 114 evaluated, 97 expanded
[t=0.004582s, 3020 KB] f = 19, 125 evaluated, 108 expanded
[t=0.004610s, 3020 KB] f = 20, 141 evaluated, 122 expanded
[t=0.004637s, 3020 KB] f = 21, 161 evaluated, 140 expanded
[t=0.004659s, 3020 KB] f = 22, 178 evaluated, 153 expanded
[t=0.004696s, 3020 KB] f = 23, 210 evaluated, 178 expanded
[t=0.004731s, 3020 KB] f = 24, 241 evaluated, 203 expanded
[t=0.004742s, 3020 KB] New best heuristic value for cpdbs: 1
[t=0.004744s, 3020 KB] g=23, 248 evaluated, 207 expanded
[t=0.004789s, 3020 KB] f = 25, 277 evaluated, 233 expanded
[t=0.004841s, 3020 KB] f = 26, 322 evaluated, 272 expanded
[t=0.004884s, 3020 KB] f = 27, 354 evaluated, 308 expanded
[t=0.004935s, 3020 KB] f = 28, 397 evaluated, 348 expanded
[t=0.004990s, 3020 KB] f = 29, 445 evaluated, 391 expanded
[t=0.005043s, 3020 KB] f = 30, 488 evaluated, 433 expanded
[t=0.005158s, 3032 KB] f = 31, 526 evaluated, 472 expanded
[t=0.005219s, 3032 KB] f = 32, 557 evaluated, 507 expanded
[t=0.005266s, 3032 KB] f = 33, 582 evaluated, 537 expanded
[t=0.005305s, 3032 KB] f = 34, 608 evaluated, 564 expanded
[t=0.005336s, 3032 KB] f = 35, 630 evaluated, 586 expanded
[t=0.005355s, 3032 KB] f = 36, 640 evaluated, 601 expanded
[t=0.005376s, 3032 KB] f = 37, 650 evaluated, 615 expanded
[t=0.005388s, 3032 KB] f = 38, 655 evaluated, 623 expanded
[t=0.005397s, 3032 KB] f = 39, 658 evaluated, 628 expanded
[t=0.005402s, 3032 KB] Completely explored state space -- no solution!
[t=0.005404s, 3032 KB] Actual search time: 0.001057s
[t=0.005407s, 3032 KB] Expanded 630 state(s).
[t=0.005407s, 3032 KB] Reopened 0 state(s).
[t=0.005407s, 3032 KB] Evaluated 658 state(s).
[t=0.005407s, 3032 KB] Evaluations: 658
[t=0.005407s, 3032 KB] Generated 1644 state(s).
[t=0.005407s, 3032 KB] Dead ends: 28 state(s).
[t=0.005407s, 3032 KB] Expanded until last jump: 628 state(s).
[t=0.005407s, 3032 KB] Reopened until last jump: 0 state(s).
[t=0.005407s, 3032 KB] Evaluated until last jump: 658 state(s).
[t=0.005407s, 3032 KB] Generated until last jump: 1641 state(s).
[t=0.005407s, 3032 KB] Number of registered states: 658
[t=0.005407s, 3032 KB] Int hash set load factor: 658/1024 = 0.642578
[t=0.005407s, 3032 KB] Int hash set resizes: 10
[t=0.005407s, 3032 KB] Search time: 0.001097s
[t=0.005407s, 3032 KB] Total time: 0.005407s
Search stopped without finding a solution.
Remove intermediate file output.sas
search exit code: 12

Driver aborting after search

