$ D:\Miniforge3\python.exe C:/Users/user/Desktop/theoria/.worktrees/p13/engine-rig/.toolchain/downward/fast-downward.py --plan-file C:\Users\user\AppData\Local\Temp\e7verifyi75cqtg3\sas_plan C:\Users\user\Desktop\theoria\.worktrees\e7-deadlock-claim\engine-rig\runs\20260728T150713Z-E7-deadlock-claim-audit\attacks\work\a5\swap\singleton\sokoban_guarded_singleton_domain.pddl C:\Users\user\Desktop\theoria\.worktrees\e7-deadlock-claim\engine-rig\runs\20260728T150713Z-E7-deadlock-claim-audit\attacks\work\a5\swap\singleton\swap-passage_guarded_singleton.pddl --search astar(cpdbs(patterns=manual_patterns([[23,24,22,19,18,2]])))

INFO     planner time limit: None
INFO     planner memory limit: None

INFO     Running translator.
INFO     translator stdin: None
INFO     translator time limit: None
INFO     translator memory limit: None
INFO     translator command line string: 'D:\Miniforge3\python.exe' -m translate 'C:\Users\user\Desktop\theoria\.worktrees\e7-deadlock-claim\engine-rig\runs\20260728T150713Z-E7-deadlock-claim-audit\attacks\work\a5\swap\singleton\sokoban_guarded_singleton_domain.pddl' 'C:\Users\user\Desktop\theoria\.worktrees\e7-deadlock-claim\engine-rig\runs\20260728T150713Z-E7-deadlock-claim-audit\attacks\work\a5\swap\singleton\swap-passage_guarded_singleton.pddl' --sas-file output.sas
Warning! SIGXCPU is not available on your platform. This means that the planner cannot be gracefully terminated when using a time limit, which, however, is probably supported on your platform anyway.
Parsing...
Parsing: [0.016s CPU, 0.002s wall-clock]
Normalizing task... [0.000s CPU, 0.000s wall-clock]
Instantiating...
Generating Datalog program... [0.000s CPU, 0.000s wall-clock]
Normalizing Datalog program...
Normalizing Datalog program: [0.000s CPU, 0.001s wall-clock]
Preparing model... [0.000s CPU, 0.000s wall-clock]
Generated 20 rules.
Computing model... [0.000s CPU, 0.005s wall-clock]
613 relevant atoms
888 auxiliary atoms
1501 final queue length
1771 total queue pushes
Completing instantiation... [0.000s CPU, 0.002s wall-clock]
Instantiating: [0.000s CPU, 0.009s wall-clock]
Computing fact groups...
Finding invariants...
7 initial candidates
Finding invariants: [0.000s CPU, 0.001s wall-clock]
Checking invariant weight... [0.000s CPU, 0.000s wall-clock]
Instantiating groups... [0.000s CPU, 0.001s wall-clock]
Collecting mutex groups... [0.000s CPU, 0.000s wall-clock]
Choosing groups...
54 uncovered facts
Choosing groups: [0.000s CPU, 0.000s wall-clock]
Building translation key... [0.000s CPU, 0.000s wall-clock]
Computing fact groups: [0.000s CPU, 0.003s wall-clock]
Building STRIPS to SAS dictionary... [0.000s CPU, 0.000s wall-clock]
Building dictionary for full mutex groups... [0.000s CPU, 0.000s wall-clock]
Building mutex information...
Building mutex information: [0.000s CPU, 0.000s wall-clock]
Translating task...
Processing axioms...
Simplifying axioms... [0.000s CPU, 0.000s wall-clock]
Translator axioms removed by simplifying: 0
Processing axioms: [0.000s CPU, 0.000s wall-clock]
Translating task: [0.000s CPU, 0.002s wall-clock]
172 effect conditions simplified
0 implied preconditions added
Detecting unreachable propositions...
0 operators removed
0 axioms removed
83 propositions removed
Detecting unreachable propositions: [0.000s CPU, 0.001s wall-clock]
Reordering and filtering variables...
25 of 25 variables necessary.
22 of 25 mutex groups necessary.
116 of 116 operators necessary.
0 of 0 axiom rules necessary.
Reordering and filtering variables: [0.016s CPU, 0.001s wall-clock]
Translator variables: 25
Translator derived variables: 0
Translator facts: 94
Translator goal facts: 2
Translator mutex groups: 22
Translator total mutex groups size: 72
Translator operators: 116
Translator axioms: 0
Translator task size: 1057
warning: could not determine peak memory
Writing output... [0.000s CPU, 0.010s wall-clock]
Done! [0.031s CPU, 0.027s wall-clock]
translate exit code: 0

INFO     Running search (release).
INFO     search stdin: output.sas
INFO     search time limit: None
INFO     search memory limit: None
INFO     search command line string: 'C:\Users\user\Desktop\theoria\.worktrees\p13\engine-rig\.toolchain\downward\builds\release\bin\downward.exe' --search 'astar(cpdbs(patterns=manual_patterns([[23,24,22,19,18,2]])))' --internal-plan-file 'C:\Users\user\AppData\Local\Temp\e7verifyi75cqtg3\sas_plan' < output.sas
[t=0.000105s, 1892 KB] Search code revision: 7120aa0
[t=0.000187s, 1904 KB] reading input...
[t=0.001612s, 2188 KB] done reading input!
[t=0.002628s, 2712 KB] Initializing canonical PDB heuristic...
[t=0.002641s, 2712 KB] Generating patterns using: manual pattern collection generator
[t=0.002646s, 2712 KB] Manual pattern collection: [[23, 24, 22, 19, 18, 2]]
[t=0.002671s, 2712 KB] manual pattern collection generator number of patterns: 1
[t=0.002690s, 2712 KB] manual pattern collection generator total PDB size: 34496
[t=0.002695s, 2712 KB] manual pattern collection generator computation time: 2.42e-05s
[t=0.002704s, 2712 KB] Computing PDBs for pattern collection...
[t=0.003502s, 2972 KB] Done computing PDBs for pattern collection: 0.000804s
[t=0.003515s, 2972 KB] Computing pattern cliques for pattern collection...
[t=0.003527s, 2972 KB] Done computing pattern cliques for pattern collection: 0.000014s
[t=0.003532s, 2976 KB] Running dominance pruning...
[t=0.003537s, 2980 KB] Pruned 0 of 1 pattern cliques
[t=0.003541s, 2980 KB] Pruned 0 of 1 PDBs
[t=0.003543s, 2984 KB] Dominance pruning took 0.000010s
[t=0.003547s, 2984 KB] Canonical PDB heuristic number of patterns: 1
[t=0.003550s, 2984 KB] Canonical PDB heuristic total PDB size: 34496
[t=0.003553s, 2984 KB] Canonical PDB heuristic computation time: 0.000919s
[t=0.003590s, 2984 KB] Building successor generator... done!
[t=0.003636s, 2984 KB] peak memory difference for successor generator creation: 0 KB
[t=0.003638s, 2984 KB] time for successor generation creation: 0.000038s
[t=0.003643s, 2984 KB] Variables: 25
[t=0.003646s, 2984 KB] FactPairs: 94
[t=0.003648s, 2984 KB] Bytes per state: 8
[t=0.003658s, 2984 KB] Conducting best first search with reopening closed nodes, (real) bound = 2147483647
[t=0.003682s, 3012 KB] New best heuristic value for cpdbs: 13
[t=0.003686s, 3012 KB] g=0, 1 evaluated, 0 expanded
[t=0.003688s, 3012 KB] f = 13, 1 evaluated, 0 expanded
[t=0.003695s, 3012 KB] Initial heuristic value for cpdbs: 13
[t=0.003699s, 3012 KB] pruning method: none
[t=0.003708s, 3012 KB] New best heuristic value for cpdbs: 12
[t=0.003711s, 3012 KB] g=1, 4 evaluated, 1 expanded
[t=0.003716s, 3012 KB] New best heuristic value for cpdbs: 11
[t=0.003719s, 3012 KB] g=2, 6 evaluated, 2 expanded
[t=0.003725s, 3012 KB] f = 15, 10 evaluated, 3 expanded
[t=0.003737s, 3012 KB] f = 17, 16 evaluated, 9 expanded
[t=0.003752s, 3012 KB] New best heuristic value for cpdbs: 10
[t=0.003756s, 3012 KB] g=7, 27 evaluated, 16 expanded
[t=0.003764s, 3024 KB] New best heuristic value for cpdbs: 9
[t=0.003768s, 3024 KB] g=8, 29 evaluated, 17 expanded
[t=0.003772s, 3024 KB] New best heuristic value for cpdbs: 8
[t=0.003774s, 3024 KB] g=9, 30 evaluated, 18 expanded
[t=0.003778s, 3024 KB] New best heuristic value for cpdbs: 7
[t=0.003781s, 3024 KB] g=10, 32 evaluated, 19 expanded
[t=0.003793s, 3044 KB] New best heuristic value for cpdbs: 6
[t=0.003796s, 3044 KB] g=11, 36 evaluated, 20 expanded
[t=0.003805s, 3044 KB] f = 19, 41 evaluated, 24 expanded
[t=0.003824s, 3044 KB] f = 21, 53 evaluated, 38 expanded
[t=0.003856s, 3044 KB] f = 23, 78 evaluated, 57 expanded
[t=0.003882s, 3044 KB] f = 25, 96 evaluated, 76 expanded
[t=0.003908s, 3044 KB] f = 27, 117 evaluated, 96 expanded
[t=0.003963s, 3044 KB] f = 29, 163 evaluated, 129 expanded
[t=0.003977s, 3044 KB] New best heuristic value for cpdbs: 5
[t=0.003980s, 3044 KB] g=24, 175 evaluated, 135 expanded
[t=0.003984s, 3044 KB] New best heuristic value for cpdbs: 4
[t=0.003988s, 3044 KB] g=25, 177 evaluated, 136 expanded
[t=0.003994s, 3044 KB] New best heuristic value for cpdbs: 3
[t=0.003997s, 3044 KB] g=26, 180 evaluated, 137 expanded
[t=0.004040s, 3044 KB] f = 31, 220 evaluated, 173 expanded
[t=0.004128s, 3044 KB] f = 33, 290 evaluated, 230 expanded
[t=0.004206s, 3044 KB] f = 35, 361 evaluated, 298 expanded
[t=0.004293s, 3044 KB] f = 37, 444 evaluated, 371 expanded
[t=0.004390s, 3044 KB] f = 39, 503 evaluated, 443 expanded
[t=0.004446s, 3056 KB] f = 41, 540 evaluated, 495 expanded
[t=0.004479s, 3056 KB] f = 43, 564 evaluated, 522 expanded
[t=0.004520s, 3056 KB] f = 45, 596 evaluated, 557 expanded
[t=0.004542s, 3056 KB] f = 47, 604 evaluated, 572 expanded
[t=0.004554s, 3056 KB] f = 49, 611 evaluated, 579 expanded
[t=0.004573s, 3056 KB] f = 51, 629 evaluated, 590 expanded
[t=0.004587s, 3056 KB] f = 53, 634 evaluated, 602 expanded
[t=0.004591s, 3056 KB] Completely explored state space -- no solution!
[t=0.004593s, 3056 KB] Actual search time: 0.000893s
[t=0.004596s, 3056 KB] Expanded 606 state(s).
[t=0.004596s, 3056 KB] Reopened 0 state(s).
[t=0.004596s, 3056 KB] Evaluated 634 state(s).
[t=0.004596s, 3056 KB] Evaluations: 634
[t=0.004596s, 3056 KB] Generated 1580 state(s).
[t=0.004596s, 3056 KB] Dead ends: 28 state(s).
[t=0.004596s, 3056 KB] Expanded until last jump: 602 state(s).
[t=0.004596s, 3056 KB] Reopened until last jump: 0 state(s).
[t=0.004596s, 3056 KB] Evaluated until last jump: 634 state(s).
[t=0.004596s, 3056 KB] Generated until last jump: 1572 state(s).
[t=0.004596s, 3056 KB] Number of registered states: 634
[t=0.004596s, 3056 KB] Int hash set load factor: 634/1024 = 0.619141
[t=0.004596s, 3056 KB] Int hash set resizes: 10
[t=0.004596s, 3056 KB] Search time: 0.000940s
[t=0.004596s, 3056 KB] Total time: 0.004596s
Search stopped without finding a solution.
Remove intermediate file output.sas
search exit code: 12

Driver aborting after search

