$ D:\Miniforge3\python.exe C:/Users/user/Desktop/theoria/.worktrees/p13/engine-rig/.toolchain/downward/fast-downward.py --plan-file C:\Users\user\AppData\Local\Temp\e7verifyzi6wcp0k\sas_plan C:\Users\user\Desktop\theoria\.worktrees\e7-deadlock-claim\engine-rig\fixtures\data\sokoban_domain.pddl C:\Users\user\Desktop\theoria\.worktrees\e7-deadlock-claim\engine-rig\runs\20260728T150713Z-E7-deadlock-claim-audit\attacks\work\a5\swap\swap-passage.pddl --search astar(cpdbs(patterns=manual_patterns([[23,24,22,0],[23,24,22,9],[23,24,22,8],[23,24,22,10],[23,24,22,2],[23,24,22,1],[23,24,22,18],[23,24,22,11],[23,24,22,19],[23,24,22,3],[23,24,22,12],[23,24,22,13],[23,24,22,5],[23,24,22,20],[23,24,22,17],[23,24,22,21],[23,24,22,6],[23,24,22,4],[23,24,22,14],[23,24,22,15],[23,24,22,16],[23,24,22,7]])))

INFO     planner time limit: None
INFO     planner memory limit: None

INFO     Running translator.
INFO     translator stdin: None
INFO     translator time limit: None
INFO     translator memory limit: None
INFO     translator command line string: 'D:\Miniforge3\python.exe' -m translate 'C:\Users\user\Desktop\theoria\.worktrees\e7-deadlock-claim\engine-rig\fixtures\data\sokoban_domain.pddl' 'C:\Users\user\Desktop\theoria\.worktrees\e7-deadlock-claim\engine-rig\runs\20260728T150713Z-E7-deadlock-claim-audit\attacks\work\a5\swap\swap-passage.pddl' --sas-file output.sas
Warning! SIGXCPU is not available on your platform. This means that the planner cannot be gracefully terminated when using a time limit, which, however, is probably supported on your platform anyway.
Parsing...
Parsing: [0.000s CPU, 0.002s wall-clock]
Normalizing task... [0.000s CPU, 0.000s wall-clock]
Instantiating...
Generating Datalog program... [0.000s CPU, 0.000s wall-clock]
Normalizing Datalog program...
Normalizing Datalog program: [0.000s CPU, 0.001s wall-clock]
Preparing model... [0.000s CPU, 0.000s wall-clock]
Generated 20 rules.
Computing model... [0.016s CPU, 0.005s wall-clock]
597 relevant atoms
888 auxiliary atoms
1485 final queue length
1755 total queue pushes
Completing instantiation... [0.000s CPU, 0.002s wall-clock]
Instantiating: [0.016s CPU, 0.009s wall-clock]
Computing fact groups...
Finding invariants...
7 initial candidates
Finding invariants: [0.000s CPU, 0.001s wall-clock]
Checking invariant weight... [0.000s CPU, 0.000s wall-clock]
Instantiating groups... [0.000s CPU, 0.001s wall-clock]
Collecting mutex groups... [0.000s CPU, 0.000s wall-clock]
Choosing groups...
54 uncovered facts
Choosing groups: [0.000s CPU, 0.000s wall-clock]
Building translation key... [0.000s CPU, 0.000s wall-clock]
Computing fact groups: [0.000s CPU, 0.003s wall-clock]
Building STRIPS to SAS dictionary... [0.000s CPU, 0.000s wall-clock]
Building dictionary for full mutex groups... [0.000s CPU, 0.000s wall-clock]
Building mutex information...
Building mutex information: [0.000s CPU, 0.000s wall-clock]
Translating task...
Processing axioms...
Simplifying axioms... [0.000s CPU, 0.000s wall-clock]
Translator axioms removed by simplifying: 0
Processing axioms: [0.000s CPU, 0.000s wall-clock]
Translating task: [0.000s CPU, 0.002s wall-clock]
204 effect conditions simplified
0 implied preconditions added
Detecting unreachable propositions...
0 operators removed
0 axioms removed
67 propositions removed
Detecting unreachable propositions: [0.000s CPU, 0.001s wall-clock]
Reordering and filtering variables...
25 of 25 variables necessary.
22 of 25 mutex groups necessary.
132 of 132 operators necessary.
0 of 0 axiom rules necessary.
Reordering and filtering variables: [0.000s CPU, 0.001s wall-clock]
Translator variables: 25
Translator derived variables: 0
Translator facts: 110
Translator goal facts: 2
Translator mutex groups: 22
Translator total mutex groups size: 88
Translator operators: 132
Translator axioms: 0
Translator task size: 1233
warning: could not determine peak memory
Writing output... [0.000s CPU, 0.009s wall-clock]
Done! [0.016s CPU, 0.027s wall-clock]
translate exit code: 0

INFO     Running search (release).
INFO     search stdin: output.sas
INFO     search time limit: None
INFO     search memory limit: None
INFO     search command line string: 'C:\Users\user\Desktop\theoria\.worktrees\p13\engine-rig\.toolchain\downward\builds\release\bin\downward.exe' --search 'astar(cpdbs(patterns=manual_patterns([[23,24,22,0],[23,24,22,9],[23,24,22,8],[23,24,22,10],[23,24,22,2],[23,24,22,1],[23,24,22,18],[23,24,22,11],[23,24,22,19],[23,24,22,3],[23,24,22,12],[23,24,22,13],[23,24,22,5],[23,24,22,20],[23,24,22,17],[23,24,22,21],[23,24,22,6],[23,24,22,4],[23,24,22,14],[23,24,22,15],[23,24,22,16],[23,24,22,7]])))' --internal-plan-file 'C:\Users\user\AppData\Local\Temp\e7verifyzi6wcp0k\sas_plan' < output.sas
[t=0.000150s, 1952 KB] Search code revision: 7120aa0
[t=0.000234s, 1964 KB] reading input...
[t=0.001650s, 2240 KB] done reading input!
[t=0.003562s, 2912 KB] Initializing canonical PDB heuristic...
[t=0.003576s, 2912 KB] Generating patterns using: manual pattern collection generator
[t=0.003580s, 2912 KB] Manual pattern collection: [[23, 24, 22, 0], [23, 24, 22, 9], [23, 24, 22, 8], [23, 24, 22, 10], [23, 24, 22, 2], [23, 24, 22, 1], [23, 24, 22, 18], [23, 24, 22, 11], [23, 24, 22, 19], [23, 24, 22, 3], [23, 24, 22, 12], [23, 24, 22, 13], [23, 24, 22, 5], [23, 24, 22, 20], [23, 24, 22, 17], [23, 24, 22, 21], [23, 24, 22, 6], [23, 24, 22, 4], [23, 24, 22, 14], [23, 24, 22, 15], [23, 24, 22, 16], [23, 24, 22, 7]]
[t=0.003598s, 2912 KB] manual pattern collection generator number of patterns: 22
[t=0.003602s, 2912 KB] manual pattern collection generator total PDB size: 468512
[t=0.003605s, 2912 KB] manual pattern collection generator computation time: 1.7e-05s
[t=0.003611s, 2912 KB] Computing PDBs for pattern collection...
[t=0.010114s, 4840 KB] Done computing PDBs for pattern collection: 0.006513s
[t=0.010134s, 4840 KB] Computing pattern cliques for pattern collection...
[t=0.010155s, 4840 KB] Done computing pattern cliques for pattern collection: 0.000023s
[t=0.010161s, 4840 KB] Running dominance pruning...
[t=0.010169s, 4840 KB] Pruned 0 of 22 pattern cliques
[t=0.010172s, 4840 KB] Pruned 0 of 22 PDBs
[t=0.010174s, 4840 KB] Dominance pruning took 0.000012s
[t=0.010179s, 4840 KB] Canonical PDB heuristic number of patterns: 22
[t=0.010181s, 4840 KB] Canonical PDB heuristic total PDB size: 468512
[t=0.010184s, 4840 KB] Canonical PDB heuristic computation time: 0.006617s
[t=0.010216s, 4840 KB] Building successor generator... done!
[t=0.010268s, 4840 KB] peak memory difference for successor generator creation: 0 KB
[t=0.010271s, 4840 KB] time for successor generation creation: 0.000045s
[t=0.010275s, 4840 KB] Variables: 25
[t=0.010278s, 4840 KB] FactPairs: 110
[t=0.010280s, 4840 KB] Bytes per state: 8
[t=0.010291s, 4840 KB] Conducting best first search with reopening closed nodes, (real) bound = 2147483647
[t=0.010307s, 4840 KB] New best heuristic value for cpdbs: 11
[t=0.010311s, 4840 KB] g=0, 1 evaluated, 0 expanded
[t=0.010314s, 4840 KB] f = 11, 1 evaluated, 0 expanded
[t=0.010321s, 4840 KB] Initial heuristic value for cpdbs: 11
[t=0.010325s, 4840 KB] pruning method: none
[t=0.010333s, 4840 KB] New best heuristic value for cpdbs: 10
[t=0.010337s, 4840 KB] g=1, 3 evaluated, 1 expanded
[t=0.010343s, 4840 KB] New best heuristic value for cpdbs: 9
[t=0.010345s, 4840 KB] g=2, 6 evaluated, 2 expanded
[t=0.010353s, 4840 KB] New best heuristic value for cpdbs: 8
[t=0.010356s, 4840 KB] g=3, 10 evaluated, 3 expanded
[t=0.010360s, 4840 KB] New best heuristic value for cpdbs: 7
[t=0.010363s, 4840 KB] g=4, 12 evaluated, 4 expanded
[t=0.010368s, 4840 KB] f = 13, 15 evaluated, 5 expanded
[t=0.010397s, 4864 KB] f = 15, 30 evaluated, 16 expanded
[t=0.010415s, 4864 KB] f = 17, 37 evaluated, 28 expanded
[t=0.010426s, 4864 KB] f = 19, 43 evaluated, 33 expanded
[t=0.010441s, 4864 KB] f = 21, 54 evaluated, 41 expanded
[t=0.010474s, 4864 KB] f = 23, 76 evaluated, 57 expanded
[t=0.010490s, 4864 KB] f = 25, 84 evaluated, 66 expanded
[t=0.010511s, 4864 KB] f = 27, 99 evaluated, 77 expanded
[t=0.010562s, 4864 KB] f = 29, 139 evaluated, 102 expanded
[t=0.010577s, 4864 KB] New best heuristic value for cpdbs: 6
[t=0.010580s, 4864 KB] g=23, 150 evaluated, 107 expanded
[t=0.010584s, 4864 KB] New best heuristic value for cpdbs: 5
[t=0.010588s, 4864 KB] g=24, 152 evaluated, 108 expanded
[t=0.010660s, 4864 KB] f = 31, 210 evaluated, 155 expanded
[t=0.010719s, 4864 KB] f = 33, 253 evaluated, 202 expanded
[t=0.010785s, 4864 KB] f = 35, 293 evaluated, 243 expanded
[t=0.010890s, 4864 KB] f = 37, 397 evaluated, 310 expanded
[t=0.010995s, 4864 KB] f = 39, 487 evaluated, 394 expanded
[t=0.011100s, 4876 KB] f = 41, 547 evaluated, 466 expanded
[t=0.011173s, 4876 KB] f = 43, 603 evaluated, 524 expanded
[t=0.011215s, 4876 KB] f = 45, 628 evaluated, 564 expanded
[t=0.011251s, 4876 KB] f = 47, 653 evaluated, 592 expanded
[t=0.011277s, 4876 KB] f = 49, 671 evaluated, 611 expanded
[t=0.011293s, 4876 KB] f = 51, 677 evaluated, 624 expanded
[t=0.011301s, 4876 KB] f = 53, 678 evaluated, 629 expanded
[t=0.011304s, 4876 KB] Completely explored state space -- no solution!
[t=0.011307s, 4876 KB] Actual search time: 0.000981s
[t=0.011310s, 4876 KB] Expanded 630 state(s).
[t=0.011310s, 4876 KB] Reopened 0 state(s).
[t=0.011310s, 4876 KB] Evaluated 678 state(s).
[t=0.011310s, 4876 KB] Evaluations: 678
[t=0.011310s, 4876 KB] Generated 1664 state(s).
[t=0.011310s, 4876 KB] Dead ends: 48 state(s).
[t=0.011310s, 4876 KB] Expanded until last jump: 629 state(s).
[t=0.011310s, 4876 KB] Reopened until last jump: 0 state(s).
[t=0.011310s, 4876 KB] Evaluated until last jump: 678 state(s).
[t=0.011310s, 4876 KB] Generated until last jump: 1662 state(s).
[t=0.011310s, 4876 KB] Number of registered states: 678
[t=0.011310s, 4876 KB] Int hash set load factor: 678/1024 = 0.662109
[t=0.011310s, 4876 KB] Int hash set resizes: 10
[t=0.011310s, 4876 KB] Search time: 0.001020s
[t=0.011310s, 4876 KB] Total time: 0.011310s
Search stopped without finding a solution.
Remove intermediate file output.sas
search exit code: 12

Driver aborting after search

