$ D:\Miniforge3\python.exe C:/Users/user/Desktop/theoria/.worktrees/p13/engine-rig/.toolchain/downward/fast-downward.py --plan-file C:\Users\user\AppData\Local\Temp\e7verify7tngsr15\sas_plan C:\Users\user\Desktop\theoria\.worktrees\e7-deadlock-claim\engine-rig\runs\20260728T150713Z-E7-deadlock-claim-audit\attacks\work\a5\swap\singleton\sokoban_guarded_singleton_domain.pddl C:\Users\user\Desktop\theoria\.worktrees\e7-deadlock-claim\engine-rig\runs\20260728T150713Z-E7-deadlock-claim-audit\attacks\work\a5\swap\singleton\swap-passage_guarded_singleton.pddl --search astar(cpdbs(patterns=manual_patterns([[23,24,22,20,21,4,18,3,9]])))

INFO     planner time limit: None
INFO     planner memory limit: None

INFO     Running translator.
INFO     translator stdin: None
INFO     translator time limit: None
INFO     translator memory limit: None
INFO     translator command line string: 'D:\Miniforge3\python.exe' -m translate 'C:\Users\user\Desktop\theoria\.worktrees\e7-deadlock-claim\engine-rig\runs\20260728T150713Z-E7-deadlock-claim-audit\attacks\work\a5\swap\singleton\sokoban_guarded_singleton_domain.pddl' 'C:\Users\user\Desktop\theoria\.worktrees\e7-deadlock-claim\engine-rig\runs\20260728T150713Z-E7-deadlock-claim-audit\attacks\work\a5\swap\singleton\swap-passage_guarded_singleton.pddl' --sas-file output.sas
Warning! SIGXCPU is not available on your platform. This means that the planner cannot be gracefully terminated when using a time limit, which, however, is probably supported on your platform anyway.
Parsing...
Parsing: [0.000s CPU, 0.002s wall-clock]
Normalizing task... [0.000s CPU, 0.000s wall-clock]
Instantiating...
Generating Datalog program... [0.000s CPU, 0.000s wall-clock]
Normalizing Datalog program...
Normalizing Datalog program: [0.000s CPU, 0.001s wall-clock]
Preparing model... [0.000s CPU, 0.000s wall-clock]
Generated 20 rules.
Computing model... [0.000s CPU, 0.005s wall-clock]
613 relevant atoms
888 auxiliary atoms
1501 final queue length
1771 total queue pushes
Completing instantiation... [0.016s CPU, 0.002s wall-clock]
Instantiating: [0.016s CPU, 0.008s wall-clock]
Computing fact groups...
Finding invariants...
7 initial candidates
Finding invariants: [0.000s CPU, 0.001s wall-clock]
Checking invariant weight... [0.000s CPU, 0.000s wall-clock]
Instantiating groups... [0.000s CPU, 0.001s wall-clock]
Collecting mutex groups... [0.000s CPU, 0.000s wall-clock]
Choosing groups...
54 uncovered facts
Choosing groups: [0.000s CPU, 0.000s wall-clock]
Building translation key... [0.000s CPU, 0.000s wall-clock]
Computing fact groups: [0.000s CPU, 0.003s wall-clock]
Building STRIPS to SAS dictionary... [0.000s CPU, 0.000s wall-clock]
Building dictionary for full mutex groups... [0.000s CPU, 0.000s wall-clock]
Building mutex information...
Building mutex information: [0.000s CPU, 0.000s wall-clock]
Translating task...
Processing axioms...
Simplifying axioms... [0.000s CPU, 0.000s wall-clock]
Translator axioms removed by simplifying: 0
Processing axioms: [0.000s CPU, 0.000s wall-clock]
Translating task: [0.000s CPU, 0.002s wall-clock]
172 effect conditions simplified
0 implied preconditions added
Detecting unreachable propositions...
0 operators removed
0 axioms removed
83 propositions removed
Detecting unreachable propositions: [0.000s CPU, 0.001s wall-clock]
Reordering and filtering variables...
25 of 25 variables necessary.
22 of 25 mutex groups necessary.
116 of 116 operators necessary.
0 of 0 axiom rules necessary.
Reordering and filtering variables: [0.000s CPU, 0.001s wall-clock]
Translator variables: 25
Translator derived variables: 0
Translator facts: 94
Translator goal facts: 2
Translator mutex groups: 22
Translator total mutex groups size: 72
Translator operators: 116
Translator axioms: 0
Translator task size: 1057
warning: could not determine peak memory
Writing output... [0.016s CPU, 0.033s wall-clock]
Done! [0.031s CPU, 0.049s wall-clock]
translate exit code: 0

INFO     Running search (release).
INFO     search stdin: output.sas
INFO     search time limit: None
INFO     search memory limit: None
INFO     search command line string: 'C:\Users\user\Desktop\theoria\.worktrees\p13\engine-rig\.toolchain\downward\builds\release\bin\downward.exe' --search 'astar(cpdbs(patterns=manual_patterns([[23,24,22,20,21,4,18,3,9]])))' --internal-plan-file 'C:\Users\user\AppData\Local\Temp\e7verify7tngsr15\sas_plan' < output.sas
[t=0.000148s, 1884 KB] Search code revision: 7120aa0
[t=0.000244s, 1896 KB] reading input...
[t=0.001468s, 2184 KB] done reading input!
[t=0.002880s, 2796 KB] Initializing canonical PDB heuristic...
[t=0.002894s, 2796 KB] Generating patterns using: manual pattern collection generator
[t=0.002899s, 2796 KB] Manual pattern collection: [[23, 24, 22, 20, 21, 4, 18, 3, 9]]
[t=0.002908s, 2796 KB] manual pattern collection generator number of patterns: 1
[t=0.002911s, 2796 KB] manual pattern collection generator total PDB size: 275968
[t=0.002914s, 2796 KB] manual pattern collection generator computation time: 8.6e-06s
[t=0.002922s, 2796 KB] Computing PDBs for pattern collection...
[t=0.008295s, 4092 KB] Done computing PDBs for pattern collection: 0.005377s
[t=0.008306s, 4092 KB] Computing pattern cliques for pattern collection...
[t=0.008321s, 4092 KB] Done computing pattern cliques for pattern collection: 0.000017s
[t=0.008328s, 4092 KB] Running dominance pruning...
[t=0.008334s, 4092 KB] Pruned 0 of 1 pattern cliques
[t=0.008337s, 4092 KB] Pruned 0 of 1 PDBs
[t=0.008339s, 4092 KB] Dominance pruning took 0.000009s
[t=0.008343s, 4092 KB] Canonical PDB heuristic number of patterns: 1
[t=0.008346s, 4092 KB] Canonical PDB heuristic total PDB size: 275968
[t=0.008348s, 4092 KB] Canonical PDB heuristic computation time: 0.005464s
[t=0.008376s, 4092 KB] Building successor generator... done!
[t=0.008437s, 4092 KB] peak memory difference for successor generator creation: 0 KB
[t=0.008439s, 4092 KB] time for successor generation creation: 0.000048s
[t=0.008444s, 4092 KB] Variables: 25
[t=0.008447s, 4092 KB] FactPairs: 94
[t=0.008451s, 4092 KB] Bytes per state: 8
[t=0.008463s, 4092 KB] Conducting best first search with reopening closed nodes, (real) bound = 2147483647
[t=0.008494s, 4092 KB] New best heuristic value for cpdbs: 9
[t=0.008500s, 4092 KB] g=0, 1 evaluated, 0 expanded
[t=0.008503s, 4092 KB] f = 9, 1 evaluated, 0 expanded
[t=0.008509s, 4092 KB] Initial heuristic value for cpdbs: 9
[t=0.008511s, 4092 KB] pruning method: none
[t=0.008522s, 4092 KB] New best heuristic value for cpdbs: 8
[t=0.008526s, 4092 KB] g=1, 4 evaluated, 1 expanded
[t=0.008533s, 4092 KB] New best heuristic value for cpdbs: 7
[t=0.008536s, 4092 KB] g=2, 6 evaluated, 2 expanded
[t=0.008544s, 4092 KB] New best heuristic value for cpdbs: 6
[t=0.008548s, 4092 KB] g=3, 10 evaluated, 3 expanded
[t=0.008554s, 4092 KB] f = 11, 12 evaluated, 4 expanded
[t=0.008572s, 4092 KB] f = 13, 21 evaluated, 11 expanded
[t=0.008594s, 4092 KB] f = 15, 30 evaluated, 20 expanded
[t=0.008611s, 4092 KB] f = 17, 36 evaluated, 28 expanded
[t=0.008623s, 4092 KB] f = 19, 42 evaluated, 33 expanded
[t=0.008639s, 4092 KB] f = 21, 50 evaluated, 40 expanded
[t=0.008673s, 4092 KB] f = 23, 70 evaluated, 55 expanded
[t=0.008688s, 4092 KB] f = 25, 77 evaluated, 63 expanded
[t=0.008727s, 4092 KB] f = 27, 106 evaluated, 80 expanded
[t=0.008765s, 4092 KB] New best heuristic value for cpdbs: 5
[t=0.008769s, 4092 KB] g=22, 129 evaluated, 95 expanded
[t=0.008776s, 4092 KB] New best heuristic value for cpdbs: 4
[t=0.008779s, 4092 KB] g=23, 133 evaluated, 96 expanded
[t=0.008796s, 4092 KB] f = 29, 143 evaluated, 104 expanded
[t=0.008804s, 4092 KB] New best heuristic value for cpdbs: 3
[t=0.008808s, 4092 KB] g=26, 148 evaluated, 106 expanded
[t=0.008886s, 4092 KB] f = 31, 210 evaluated, 158 expanded
[t=0.008957s, 4092 KB] f = 33, 255 evaluated, 208 expanded
[t=0.009038s, 4100 KB] f = 35, 298 evaluated, 259 expanded
[t=0.009101s, 4100 KB] f = 37, 346 evaluated, 304 expanded
[t=0.009204s, 4100 KB] f = 39, 433 evaluated, 367 expanded
[t=0.009271s, 4100 KB] f = 41, 473 evaluated, 426 expanded
[t=0.009328s, 4100 KB] f = 43, 495 evaluated, 455 expanded
[t=0.009362s, 4100 KB] f = 45, 517 evaluated, 480 expanded
[t=0.009407s, 4100 KB] f = 47, 548 evaluated, 508 expanded
[t=0.009449s, 4100 KB] f = 49, 582 evaluated, 532 expanded
[t=0.009485s, 4100 KB] f = 51, 604 evaluated, 560 expanded
[t=0.009504s, 4100 KB] f = 53, 611 evaluated, 577 expanded
[t=0.009512s, 4100 KB] f = 55, 613 evaluated, 583 expanded
[t=0.009518s, 4100 KB] f = 57, 614 evaluated, 585 expanded
[t=0.009541s, 4100 KB] f = 59, 631 evaluated, 595 expanded
[t=0.009552s, 4100 KB] f = 61, 634 evaluated, 603 expanded
[t=0.009557s, 4100 KB] Completely explored state space -- no solution!
[t=0.009559s, 4100 KB] Actual search time: 0.001047s
[t=0.009562s, 4100 KB] Expanded 606 state(s).
[t=0.009562s, 4100 KB] Reopened 0 state(s).
[t=0.009562s, 4100 KB] Evaluated 634 state(s).
[t=0.009562s, 4100 KB] Evaluations: 634
[t=0.009562s, 4100 KB] Generated 1580 state(s).
[t=0.009562s, 4100 KB] Dead ends: 28 state(s).
[t=0.009562s, 4100 KB] Expanded until last jump: 603 state(s).
[t=0.009562s, 4100 KB] Reopened until last jump: 0 state(s).
[t=0.009562s, 4100 KB] Evaluated until last jump: 634 state(s).
[t=0.009562s, 4100 KB] Generated until last jump: 1575 state(s).
[t=0.009562s, 4100 KB] Number of registered states: 634
[t=0.009562s, 4100 KB] Int hash set load factor: 634/1024 = 0.619141
[t=0.009562s, 4100 KB] Int hash set resizes: 10
[t=0.009562s, 4100 KB] Search time: 0.001101s
[t=0.009562s, 4100 KB] Total time: 0.009562s
Search stopped without finding a solution.
Remove intermediate file output.sas
search exit code: 12

Driver aborting after search

