$ D:\Miniforge3\python.exe C:/Users/user/Desktop/theoria/.worktrees/p13/engine-rig/.toolchain/downward/fast-downward.py --plan-file C:\Users\user\AppData\Local\Temp\e7verifymrwg5o4p\sas_plan C:\Users\user\Desktop\theoria\.worktrees\e7-deadlock-claim\engine-rig\runs\20260728T150713Z-E7-deadlock-claim-audit\attacks\work\a5\swap\singleton\sokoban_guarded_singleton_domain.pddl C:\Users\user\Desktop\theoria\.worktrees\e7-deadlock-claim\engine-rig\runs\20260728T150713Z-E7-deadlock-claim-audit\attacks\work\a5\swap\singleton\swap-passage_guarded_singleton.pddl --search astar(cpdbs(patterns=systematic(1)))

INFO     planner time limit: None
INFO     planner memory limit: None

INFO     Running translator.
INFO     translator stdin: None
INFO     translator time limit: None
INFO     translator memory limit: None
INFO     translator command line string: 'D:\Miniforge3\python.exe' -m translate 'C:\Users\user\Desktop\theoria\.worktrees\e7-deadlock-claim\engine-rig\runs\20260728T150713Z-E7-deadlock-claim-audit\attacks\work\a5\swap\singleton\sokoban_guarded_singleton_domain.pddl' 'C:\Users\user\Desktop\theoria\.worktrees\e7-deadlock-claim\engine-rig\runs\20260728T150713Z-E7-deadlock-claim-audit\attacks\work\a5\swap\singleton\swap-passage_guarded_singleton.pddl' --sas-file output.sas
Warning! SIGXCPU is not available on your platform. This means that the planner cannot be gracefully terminated when using a time limit, which, however, is probably supported on your platform anyway.
Parsing...
Parsing: [0.000s CPU, 0.002s wall-clock]
Normalizing task... [0.000s CPU, 0.000s wall-clock]
Instantiating...
Generating Datalog program... [0.000s CPU, 0.000s wall-clock]
Normalizing Datalog program...
Normalizing Datalog program: [0.000s CPU, 0.001s wall-clock]
Preparing model... [0.000s CPU, 0.000s wall-clock]
Generated 20 rules.
Computing model... [0.000s CPU, 0.005s wall-clock]
613 relevant atoms
888 auxiliary atoms
1501 final queue length
1771 total queue pushes
Completing instantiation... [0.000s CPU, 0.002s wall-clock]
Instantiating: [0.000s CPU, 0.008s wall-clock]
Computing fact groups...
Finding invariants...
7 initial candidates
Finding invariants: [0.000s CPU, 0.001s wall-clock]
Checking invariant weight... [0.000s CPU, 0.000s wall-clock]
Instantiating groups... [0.000s CPU, 0.001s wall-clock]
Collecting mutex groups... [0.000s CPU, 0.000s wall-clock]
Choosing groups...
54 uncovered facts
Choosing groups: [0.016s CPU, 0.000s wall-clock]
Building translation key... [0.000s CPU, 0.000s wall-clock]
Computing fact groups: [0.016s CPU, 0.003s wall-clock]
Building STRIPS to SAS dictionary... [0.000s CPU, 0.000s wall-clock]
Building dictionary for full mutex groups... [0.000s CPU, 0.000s wall-clock]
Building mutex information...
Building mutex information: [0.000s CPU, 0.000s wall-clock]
Translating task...
Processing axioms...
Simplifying axioms... [0.000s CPU, 0.000s wall-clock]
Translator axioms removed by simplifying: 0
Processing axioms: [0.000s CPU, 0.000s wall-clock]
Translating task: [0.000s CPU, 0.002s wall-clock]
172 effect conditions simplified
0 implied preconditions added
Detecting unreachable propositions...
0 operators removed
0 axioms removed
83 propositions removed
Detecting unreachable propositions: [0.000s CPU, 0.001s wall-clock]
Reordering and filtering variables...
25 of 25 variables necessary.
22 of 25 mutex groups necessary.
116 of 116 operators necessary.
0 of 0 axiom rules necessary.
Reordering and filtering variables: [0.000s CPU, 0.001s wall-clock]
Translator variables: 25
Translator derived variables: 0
Translator facts: 94
Translator goal facts: 2
Translator mutex groups: 22
Translator total mutex groups size: 72
Translator operators: 116
Translator axioms: 0
Translator task size: 1057
warning: could not determine peak memory
Writing output... [0.000s CPU, 0.012s wall-clock]
Done! [0.016s CPU, 0.028s wall-clock]
translate exit code: 0

INFO     Running search (release).
INFO     search stdin: output.sas
INFO     search time limit: None
INFO     search memory limit: None
INFO     search command line string: 'C:\Users\user\Desktop\theoria\.worktrees\p13\engine-rig\.toolchain\downward\builds\release\bin\downward.exe' --search 'astar(cpdbs(patterns=systematic(1)))' --internal-plan-file 'C:\Users\user\AppData\Local\Temp\e7verifymrwg5o4p\sas_plan' < output.sas
[t=0.000207s, 1964 KB] Search code revision: 7120aa0
[t=0.000309s, 1964 KB] reading input...
[t=0.001611s, 2200 KB] done reading input!
[t=0.003002s, 2800 KB] Initializing canonical PDB heuristic...
[t=0.003014s, 2800 KB] Generating patterns using: systematic pattern collection generator
[t=0.003027s, 2800 KB] Building causal graph... done!
[t=0.003180s, 2892 KB] Found 2 SGA patterns.
[t=0.003188s, 2892 KB] Found 2 interesting patterns.
[t=0.003202s, 2892 KB] systematic pattern collection generator number of patterns: 2
[t=0.003207s, 2892 KB] systematic pattern collection generator total PDB size: 28
[t=0.003211s, 2892 KB] systematic pattern collection generator computation time: 0.0001809s
[t=0.003218s, 2892 KB] Computing PDBs for pattern collection...
[t=0.003272s, 2892 KB] Done computing PDBs for pattern collection: 0.000058s
[t=0.003279s, 2892 KB] Computing pattern cliques for pattern collection...
[t=0.003294s, 2892 KB] Done computing pattern cliques for pattern collection: 0.000016s
[t=0.003301s, 2892 KB] Running dominance pruning...
[t=0.003307s, 2892 KB] Pruned 0 of 1 pattern cliques
[t=0.003309s, 2892 KB] Pruned 0 of 2 PDBs
[t=0.003312s, 2892 KB] Dominance pruning took 0.000010s
[t=0.003316s, 2892 KB] Canonical PDB heuristic number of patterns: 2
[t=0.003318s, 2892 KB] Canonical PDB heuristic total PDB size: 28
[t=0.003321s, 2892 KB] Canonical PDB heuristic computation time: 0.000314s
[t=0.003346s, 2892 KB] Building successor generator... done!
[t=0.003395s, 2892 KB] peak memory difference for successor generator creation: 0 KB
[t=0.003398s, 2892 KB] time for successor generation creation: 0.000043s
[t=0.003403s, 2892 KB] Variables: 25
[t=0.003405s, 2892 KB] FactPairs: 94
[t=0.003407s, 2892 KB] Bytes per state: 8
[t=0.003416s, 2892 KB] Conducting best first search with reopening closed nodes, (real) bound = 2147483647
[t=0.003429s, 2892 KB] New best heuristic value for cpdbs: 4
[t=0.003433s, 2892 KB] g=0, 1 evaluated, 0 expanded
[t=0.003436s, 2892 KB] f = 4, 1 evaluated, 0 expanded
[t=0.003442s, 2892 KB] Initial heuristic value for cpdbs: 4
[t=0.003446s, 2900 KB] pruning method: none
[t=0.003456s, 2900 KB] f = 5, 4 evaluated, 1 expanded
[t=0.003464s, 2900 KB] New best heuristic value for cpdbs: 3
[t=0.003467s, 2900 KB] g=2, 8 evaluated, 4 expanded
[t=0.003474s, 2900 KB] New best heuristic value for cpdbs: 2
[t=0.003476s, 2900 KB] g=3, 12 evaluated, 5 expanded
[t=0.003481s, 2900 KB] f = 6, 14 evaluated, 6 expanded
[t=0.003494s, 2900 KB] f = 7, 23 evaluated, 13 expanded
[t=0.003508s, 2900 KB] f = 8, 31 evaluated, 22 expanded
[t=0.003521s, 2900 KB] f = 9, 36 evaluated, 28 expanded
[t=0.003531s, 2900 KB] f = 10, 42 evaluated, 33 expanded
[t=0.003539s, 2900 KB] f = 11, 45 evaluated, 37 expanded
[t=0.003547s, 2900 KB] f = 12, 51 evaluated, 41 expanded
[t=0.003558s, 2900 KB] f = 13, 59 evaluated, 47 expanded
[t=0.003575s, 2900 KB] f = 14, 69 evaluated, 56 expanded
[t=0.003594s, 2900 KB] f = 15, 85 evaluated, 67 expanded
[t=0.003615s, 2908 KB] f = 16, 97 evaluated, 79 expanded
[t=0.003636s, 2928 KB] f = 17, 107 evaluated, 91 expanded
[t=0.003657s, 2928 KB] f = 18, 120 evaluated, 101 expanded
[t=0.003691s, 2928 KB] f = 19, 135 evaluated, 114 expanded
[t=0.003710s, 2928 KB] f = 20, 147 evaluated, 127 expanded
[t=0.003729s, 2928 KB] f = 21, 162 evaluated, 141 expanded
[t=0.003752s, 2928 KB] f = 22, 185 evaluated, 156 expanded
[t=0.003787s, 2928 KB] f = 23, 219 evaluated, 183 expanded
[t=0.003820s, 2928 KB] f = 24, 251 evaluated, 210 expanded
[t=0.003841s, 2928 KB] New best heuristic value for cpdbs: 1
[t=0.003844s, 2928 KB] g=23, 258 evaluated, 214 expanded
[t=0.003880s, 2928 KB] f = 25, 291 evaluated, 243 expanded
[t=0.003926s, 2928 KB] f = 26, 332 evaluated, 282 expanded
[t=0.003971s, 2928 KB] f = 27, 372 evaluated, 321 expanded
[t=0.004019s, 2928 KB] f = 28, 418 evaluated, 361 expanded
[t=0.004071s, 2928 KB] f = 29, 465 evaluated, 409 expanded
[t=0.004119s, 2928 KB] f = 30, 505 evaluated, 450 expanded
[t=0.004186s, 2952 KB] f = 31, 537 evaluated, 486 expanded
[t=0.004223s, 2952 KB] f = 32, 566 evaluated, 518 expanded
[t=0.004258s, 2952 KB] f = 33, 592 evaluated, 546 expanded
[t=0.004285s, 2952 KB] f = 34, 612 evaluated, 568 expanded
[t=0.004309s, 2952 KB] f = 35, 633 evaluated, 589 expanded
[t=0.004329s, 2952 KB] f = 36, 646 evaluated, 606 expanded
[t=0.004342s, 2952 KB] f = 37, 653 evaluated, 618 expanded
[t=0.004350s, 2952 KB] f = 38, 657 evaluated, 625 expanded
[t=0.004356s, 2952 KB] f = 39, 658 evaluated, 629 expanded
[t=0.004359s, 2952 KB] Completely explored state space -- no solution!
[t=0.004361s, 2952 KB] Actual search time: 0.000914s
[t=0.004364s, 2952 KB] Expanded 630 state(s).
[t=0.004364s, 2952 KB] Reopened 0 state(s).
[t=0.004364s, 2952 KB] Evaluated 658 state(s).
[t=0.004364s, 2952 KB] Evaluations: 658
[t=0.004364s, 2952 KB] Generated 1644 state(s).
[t=0.004364s, 2952 KB] Dead ends: 28 state(s).
[t=0.004364s, 2952 KB] Expanded until last jump: 629 state(s).
[t=0.004364s, 2952 KB] Reopened until last jump: 0 state(s).
[t=0.004364s, 2952 KB] Evaluated until last jump: 658 state(s).
[t=0.004364s, 2952 KB] Generated until last jump: 1642 state(s).
[t=0.004364s, 2952 KB] Number of registered states: 658
[t=0.004364s, 2952 KB] Int hash set load factor: 658/1024 = 0.642578
[t=0.004364s, 2952 KB] Int hash set resizes: 10
[t=0.004364s, 2952 KB] Search time: 0.000949s
[t=0.004364s, 2952 KB] Total time: 0.004364s
Search stopped without finding a solution.
Remove intermediate file output.sas
search exit code: 12

Driver aborting after search

