$ D:\Miniforge3\python.exe C:/Users/user/Desktop/theoria/.worktrees/p13/engine-rig/.toolchain/downward/fast-downward.py --plan-file C:\Users\user\AppData\Local\Temp\e7verify0cl7qhql\sas_plan C:\Users\user\Desktop\theoria\.worktrees\e7-deadlock-claim\engine-rig\runs\20260728T150713Z-E7-deadlock-claim-audit\attacks\work\a5\swap\singleton\sokoban_guarded_singleton_domain.pddl C:\Users\user\Desktop\theoria\.worktrees\e7-deadlock-claim\engine-rig\runs\20260728T150713Z-E7-deadlock-claim-audit\attacks\work\a5\swap\singleton\swap-passage_guarded_singleton.pddl --search astar(cpdbs(patterns=manual_patterns([[23,24,22,1,11,17,2,20,5,16]])))

INFO     planner time limit: None
INFO     planner memory limit: None

INFO     Running translator.
INFO     translator stdin: None
INFO     translator time limit: None
INFO     translator memory limit: None
INFO     translator command line string: 'D:\Miniforge3\python.exe' -m translate 'C:\Users\user\Desktop\theoria\.worktrees\e7-deadlock-claim\engine-rig\runs\20260728T150713Z-E7-deadlock-claim-audit\attacks\work\a5\swap\singleton\sokoban_guarded_singleton_domain.pddl' 'C:\Users\user\Desktop\theoria\.worktrees\e7-deadlock-claim\engine-rig\runs\20260728T150713Z-E7-deadlock-claim-audit\attacks\work\a5\swap\singleton\swap-passage_guarded_singleton.pddl' --sas-file output.sas
Warning! SIGXCPU is not available on your platform. This means that the planner cannot be gracefully terminated when using a time limit, which, however, is probably supported on your platform anyway.
Parsing...
Parsing: [0.016s CPU, 0.002s wall-clock]
Normalizing task... [0.000s CPU, 0.000s wall-clock]
Instantiating...
Generating Datalog program... [0.000s CPU, 0.000s wall-clock]
Normalizing Datalog program...
Normalizing Datalog program: [0.000s CPU, 0.001s wall-clock]
Preparing model... [0.000s CPU, 0.000s wall-clock]
Generated 20 rules.
Computing model... [0.000s CPU, 0.005s wall-clock]
613 relevant atoms
888 auxiliary atoms
1501 final queue length
1771 total queue pushes
Completing instantiation... [0.000s CPU, 0.002s wall-clock]
Instantiating: [0.000s CPU, 0.009s wall-clock]
Computing fact groups...
Finding invariants...
7 initial candidates
Finding invariants: [0.000s CPU, 0.001s wall-clock]
Checking invariant weight... [0.000s CPU, 0.000s wall-clock]
Instantiating groups... [0.000s CPU, 0.001s wall-clock]
Collecting mutex groups... [0.000s CPU, 0.000s wall-clock]
Choosing groups...
54 uncovered facts
Choosing groups: [0.000s CPU, 0.000s wall-clock]
Building translation key... [0.000s CPU, 0.000s wall-clock]
Computing fact groups: [0.000s CPU, 0.003s wall-clock]
Building STRIPS to SAS dictionary... [0.000s CPU, 0.000s wall-clock]
Building dictionary for full mutex groups... [0.000s CPU, 0.000s wall-clock]
Building mutex information...
Building mutex information: [0.000s CPU, 0.000s wall-clock]
Translating task...
Processing axioms...
Simplifying axioms... [0.000s CPU, 0.000s wall-clock]
Translator axioms removed by simplifying: 0
Processing axioms: [0.000s CPU, 0.000s wall-clock]
Translating task: [0.016s CPU, 0.002s wall-clock]
172 effect conditions simplified
0 implied preconditions added
Detecting unreachable propositions...
0 operators removed
0 axioms removed
83 propositions removed
Detecting unreachable propositions: [0.000s CPU, 0.001s wall-clock]
Reordering and filtering variables...
25 of 25 variables necessary.
22 of 25 mutex groups necessary.
116 of 116 operators necessary.
0 of 0 axiom rules necessary.
Reordering and filtering variables: [0.000s CPU, 0.001s wall-clock]
Translator variables: 25
Translator derived variables: 0
Translator facts: 94
Translator goal facts: 2
Translator mutex groups: 22
Translator total mutex groups size: 72
Translator operators: 116
Translator axioms: 0
Translator task size: 1057
warning: could not determine peak memory
Writing output... [0.000s CPU, 0.010s wall-clock]
Done! [0.031s CPU, 0.028s wall-clock]
translate exit code: 0

INFO     Running search (release).
INFO     search stdin: output.sas
INFO     search time limit: None
INFO     search memory limit: None
INFO     search command line string: 'C:\Users\user\Desktop\theoria\.worktrees\p13\engine-rig\.toolchain\downward\builds\release\bin\downward.exe' --search 'astar(cpdbs(patterns=manual_patterns([[23,24,22,1,11,17,2,20,5,16]])))' --internal-plan-file 'C:\Users\user\AppData\Local\Temp\e7verify0cl7qhql\sas_plan' < output.sas
[t=0.000149s, 1952 KB] Search code revision: 7120aa0
[t=0.000309s, 1952 KB] reading input...
[t=0.001713s, 2212 KB] done reading input!
[t=0.003064s, 2848 KB] Initializing canonical PDB heuristic...
[t=0.003075s, 2848 KB] Generating patterns using: manual pattern collection generator
[t=0.003079s, 2848 KB] Manual pattern collection: [[23, 24, 22, 1, 11, 17, 2, 20, 5, 16]]
[t=0.003088s, 2848 KB] manual pattern collection generator number of patterns: 1
[t=0.003091s, 2848 KB] manual pattern collection generator total PDB size: 551936
[t=0.003093s, 2848 KB] manual pattern collection generator computation time: 8.5e-06s
[t=0.003100s, 2848 KB] Computing PDBs for pattern collection...
[t=0.014386s, 5472 KB] Done computing PDBs for pattern collection: 0.011300s
[t=0.014412s, 5472 KB] Computing pattern cliques for pattern collection...
[t=0.014436s, 5472 KB] Done computing pattern cliques for pattern collection: 0.000025s
[t=0.014443s, 5472 KB] Running dominance pruning...
[t=0.014449s, 5472 KB] Pruned 0 of 1 pattern cliques
[t=0.014452s, 5472 KB] Pruned 0 of 1 PDBs
[t=0.014455s, 5472 KB] Dominance pruning took 0.000010s
[t=0.014459s, 5472 KB] Canonical PDB heuristic number of patterns: 1
[t=0.014462s, 5472 KB] Canonical PDB heuristic total PDB size: 551936
[t=0.014465s, 5472 KB] Canonical PDB heuristic computation time: 0.011395s
[t=0.014503s, 5472 KB] Building successor generator... done!
[t=0.014565s, 5472 KB] peak memory difference for successor generator creation: 0 KB
[t=0.014568s, 5472 KB] time for successor generation creation: 0.000054s
[t=0.014573s, 5472 KB] Variables: 25
[t=0.014576s, 5472 KB] FactPairs: 94
[t=0.014579s, 5472 KB] Bytes per state: 8
[t=0.014590s, 5472 KB] Conducting best first search with reopening closed nodes, (real) bound = 2147483647
[t=0.014629s, 5472 KB] New best heuristic value for cpdbs: 9
[t=0.014633s, 5472 KB] g=0, 1 evaluated, 0 expanded
[t=0.014636s, 5472 KB] f = 9, 1 evaluated, 0 expanded
[t=0.014645s, 5472 KB] Initial heuristic value for cpdbs: 9
[t=0.014649s, 5472 KB] pruning method: none
[t=0.014660s, 5472 KB] New best heuristic value for cpdbs: 8
[t=0.014662s, 5472 KB] g=1, 4 evaluated, 1 expanded
[t=0.014668s, 5472 KB] New best heuristic value for cpdbs: 7
[t=0.014672s, 5472 KB] g=2, 6 evaluated, 2 expanded
[t=0.014679s, 5472 KB] New best heuristic value for cpdbs: 6
[t=0.014684s, 5472 KB] g=3, 10 evaluated, 3 expanded
[t=0.014690s, 5472 KB] f = 11, 12 evaluated, 4 expanded
[t=0.014705s, 5472 KB] New best heuristic value for cpdbs: 5
[t=0.014709s, 5472 KB] g=6, 17 evaluated, 6 expanded
[t=0.014715s, 5472 KB] New best heuristic value for cpdbs: 4
[t=0.014718s, 5472 KB] g=7, 20 evaluated, 7 expanded
[t=0.014731s, 5472 KB] f = 13, 27 evaluated, 14 expanded
[t=0.014751s, 5472 KB] f = 15, 35 evaluated, 25 expanded
[t=0.014762s, 5472 KB] f = 17, 38 evaluated, 32 expanded
[t=0.014779s, 5472 KB] f = 19, 51 evaluated, 38 expanded
[t=0.014805s, 5472 KB] f = 21, 66 evaluated, 50 expanded
[t=0.014823s, 5472 KB] f = 23, 75 evaluated, 63 expanded
[t=0.014839s, 5472 KB] f = 25, 84 evaluated, 71 expanded
[t=0.014872s, 5472 KB] f = 27, 111 evaluated, 87 expanded
[t=0.014934s, 5472 KB] f = 29, 160 evaluated, 117 expanded
[t=0.015019s, 5472 KB] f = 31, 225 evaluated, 172 expanded
[t=0.015118s, 5472 KB] f = 33, 303 evaluated, 236 expanded
[t=0.015195s, 5472 KB] f = 35, 364 evaluated, 307 expanded
[t=0.015281s, 5472 KB] f = 37, 441 evaluated, 375 expanded
[t=0.015397s, 5472 KB] f = 39, 523 evaluated, 446 expanded
[t=0.015491s, 5472 KB] f = 41, 597 evaluated, 524 expanded
[t=0.015555s, 5472 KB] f = 43, 639 evaluated, 580 expanded
[t=0.015590s, 5472 KB] f = 45, 653 evaluated, 613 expanded
[t=0.015605s, 5472 KB] f = 47, 657 evaluated, 625 expanded
[t=0.015614s, 5472 KB] f = 49, 658 evaluated, 629 expanded
[t=0.015618s, 5472 KB] Completely explored state space -- no solution!
[t=0.015620s, 5472 KB] Actual search time: 0.000969s
[t=0.015624s, 5472 KB] Expanded 630 state(s).
[t=0.015624s, 5472 KB] Reopened 0 state(s).
[t=0.015624s, 5472 KB] Evaluated 658 state(s).
[t=0.015624s, 5472 KB] Evaluations: 658
[t=0.015624s, 5472 KB] Generated 1644 state(s).
[t=0.015624s, 5472 KB] Dead ends: 28 state(s).
[t=0.015624s, 5472 KB] Expanded until last jump: 629 state(s).
[t=0.015624s, 5472 KB] Reopened until last jump: 0 state(s).
[t=0.015624s, 5472 KB] Evaluated until last jump: 658 state(s).
[t=0.015624s, 5472 KB] Generated until last jump: 1642 state(s).
[t=0.015624s, 5472 KB] Number of registered states: 658
[t=0.015624s, 5472 KB] Int hash set load factor: 658/1024 = 0.642578
[t=0.015624s, 5472 KB] Int hash set resizes: 10
[t=0.015624s, 5472 KB] Search time: 0.001035s
[t=0.015624s, 5472 KB] Total time: 0.015624s
Search stopped without finding a solution.
Remove intermediate file output.sas
search exit code: 12

Driver aborting after search

