$ D:\Miniforge3\python.exe C:/Users/user/Desktop/theoria/.worktrees/p13/engine-rig/.toolchain/downward/fast-downward.py --plan-file C:\Users\user\AppData\Local\Temp\e7verifyd8omagxp\sas_plan C:\Users\user\Desktop\theoria\.worktrees\e7-deadlock-claim\engine-rig\runs\20260728T150713Z-E7-deadlock-claim-audit\attacks\work\a5\swap\singleton\sokoban_guarded_singleton_domain.pddl C:\Users\user\Desktop\theoria\.worktrees\e7-deadlock-claim\engine-rig\runs\20260728T150713Z-E7-deadlock-claim-audit\attacks\work\a5\swap\singleton\swap-passage_guarded_singleton.pddl --search astar(cpdbs(patterns=manual_patterns([[23,24,22,16]])))

INFO     planner time limit: None
INFO     planner memory limit: None

INFO     Running translator.
INFO     translator stdin: None
INFO     translator time limit: None
INFO     translator memory limit: None
INFO     translator command line string: 'D:\Miniforge3\python.exe' -m translate 'C:\Users\user\Desktop\theoria\.worktrees\e7-deadlock-claim\engine-rig\runs\20260728T150713Z-E7-deadlock-claim-audit\attacks\work\a5\swap\singleton\sokoban_guarded_singleton_domain.pddl' 'C:\Users\user\Desktop\theoria\.worktrees\e7-deadlock-claim\engine-rig\runs\20260728T150713Z-E7-deadlock-claim-audit\attacks\work\a5\swap\singleton\swap-passage_guarded_singleton.pddl' --sas-file output.sas
Warning! SIGXCPU is not available on your platform. This means that the planner cannot be gracefully terminated when using a time limit, which, however, is probably supported on your platform anyway.
Parsing...
Parsing: [0.016s CPU, 0.002s wall-clock]
Normalizing task... [0.000s CPU, 0.000s wall-clock]
Instantiating...
Generating Datalog program... [0.000s CPU, 0.000s wall-clock]
Normalizing Datalog program...
Normalizing Datalog program: [0.000s CPU, 0.001s wall-clock]
Preparing model... [0.000s CPU, 0.000s wall-clock]
Generated 20 rules.
Computing model... [0.000s CPU, 0.005s wall-clock]
613 relevant atoms
888 auxiliary atoms
1501 final queue length
1771 total queue pushes
Completing instantiation... [0.000s CPU, 0.002s wall-clock]
Instantiating: [0.000s CPU, 0.008s wall-clock]
Computing fact groups...
Finding invariants...
7 initial candidates
Finding invariants: [0.000s CPU, 0.001s wall-clock]
Checking invariant weight... [0.000s CPU, 0.000s wall-clock]
Instantiating groups... [0.000s CPU, 0.001s wall-clock]
Collecting mutex groups... [0.000s CPU, 0.000s wall-clock]
Choosing groups...
54 uncovered facts
Choosing groups: [0.000s CPU, 0.000s wall-clock]
Building translation key... [0.000s CPU, 0.000s wall-clock]
Computing fact groups: [0.000s CPU, 0.003s wall-clock]
Building STRIPS to SAS dictionary... [0.000s CPU, 0.000s wall-clock]
Building dictionary for full mutex groups... [0.000s CPU, 0.000s wall-clock]
Building mutex information...
Building mutex information: [0.000s CPU, 0.000s wall-clock]
Translating task...
Processing axioms...
Simplifying axioms... [0.000s CPU, 0.000s wall-clock]
Translator axioms removed by simplifying: 0
Processing axioms: [0.000s CPU, 0.000s wall-clock]
Translating task: [0.000s CPU, 0.002s wall-clock]
172 effect conditions simplified
0 implied preconditions added
Detecting unreachable propositions...
0 operators removed
0 axioms removed
83 propositions removed
Detecting unreachable propositions: [0.000s CPU, 0.001s wall-clock]
Reordering and filtering variables...
25 of 25 variables necessary.
22 of 25 mutex groups necessary.
116 of 116 operators necessary.
0 of 0 axiom rules necessary.
Reordering and filtering variables: [0.000s CPU, 0.001s wall-clock]
Translator variables: 25
Translator derived variables: 0
Translator facts: 94
Translator goal facts: 2
Translator mutex groups: 22
Translator total mutex groups size: 72
Translator operators: 116
Translator axioms: 0
Translator task size: 1057
warning: could not determine peak memory
Writing output... [0.000s CPU, 0.010s wall-clock]
Done! [0.031s CPU, 0.027s wall-clock]
translate exit code: 0

INFO     Running search (release).
INFO     search stdin: output.sas
INFO     search time limit: None
INFO     search memory limit: None
INFO     search command line string: 'C:\Users\user\Desktop\theoria\.worktrees\p13\engine-rig\.toolchain\downward\builds\release\bin\downward.exe' --search 'astar(cpdbs(patterns=manual_patterns([[23,24,22,16]])))' --internal-plan-file 'C:\Users\user\AppData\Local\Temp\e7verifyd8omagxp\sas_plan' < output.sas
[t=0.000107s, 1896 KB] Search code revision: 7120aa0
[t=0.000186s, 1896 KB] reading input...
[t=0.001387s, 2180 KB] done reading input!
[t=0.002872s, 2884 KB] Initializing canonical PDB heuristic...
[t=0.002885s, 2884 KB] Generating patterns using: manual pattern collection generator
[t=0.002999s, 2884 KB] Manual pattern collection: [[23, 24, 22, 16]]
[t=0.003156s, 2884 KB] manual pattern collection generator number of patterns: 1
[t=0.003166s, 2884 KB] manual pattern collection generator total PDB size: 8624
[t=0.003169s, 2884 KB] manual pattern collection generator computation time: 0.0002649s
[t=0.003178s, 2884 KB] Computing PDBs for pattern collection...
[t=0.003481s, 2992 KB] Done computing PDBs for pattern collection: 0.000307s
[t=0.003490s, 2992 KB] Computing pattern cliques for pattern collection...
[t=0.003501s, 2992 KB] Done computing pattern cliques for pattern collection: 0.000012s
[t=0.003506s, 2992 KB] Running dominance pruning...
[t=0.003631s, 2992 KB] Pruned 0 of 1 pattern cliques
[t=0.003638s, 2992 KB] Pruned 0 of 1 PDBs
[t=0.003641s, 2992 KB] Dominance pruning took 0.000134s
[t=0.003646s, 2992 KB] Canonical PDB heuristic number of patterns: 1
[t=0.003649s, 2992 KB] Canonical PDB heuristic total PDB size: 8624
[t=0.003652s, 2992 KB] Canonical PDB heuristic computation time: 0.000774s
[t=0.003883s, 2992 KB] Building successor generator... done!
[t=0.003935s, 2992 KB] peak memory difference for successor generator creation: 0 KB
[t=0.003938s, 2992 KB] time for successor generation creation: 0.000044s
[t=0.003943s, 2992 KB] Variables: 25
[t=0.003946s, 2992 KB] FactPairs: 94
[t=0.003948s, 2992 KB] Bytes per state: 8
[t=0.003958s, 2992 KB] Conducting best first search with reopening closed nodes, (real) bound = 2147483647
[t=0.004124s, 3008 KB] New best heuristic value for cpdbs: 9
[t=0.004129s, 3008 KB] g=0, 1 evaluated, 0 expanded
[t=0.004131s, 3008 KB] f = 9, 1 evaluated, 0 expanded
[t=0.004220s, 3020 KB] Initial heuristic value for cpdbs: 9
[t=0.004224s, 3020 KB] pruning method: none
[t=0.004234s, 3020 KB] New best heuristic value for cpdbs: 8
[t=0.004237s, 3020 KB] g=1, 4 evaluated, 1 expanded
[t=0.004243s, 3020 KB] New best heuristic value for cpdbs: 7
[t=0.004246s, 3020 KB] g=2, 6 evaluated, 2 expanded
[t=0.004252s, 3020 KB] New best heuristic value for cpdbs: 6
[t=0.004255s, 3020 KB] g=3, 10 evaluated, 3 expanded
[t=0.004260s, 3020 KB] f = 11, 12 evaluated, 4 expanded
[t=0.004272s, 3020 KB] New best heuristic value for cpdbs: 5
[t=0.004275s, 3020 KB] g=6, 17 evaluated, 6 expanded
[t=0.004280s, 3020 KB] New best heuristic value for cpdbs: 4
[t=0.004283s, 3020 KB] g=7, 20 evaluated, 7 expanded
[t=0.004295s, 3020 KB] f = 13, 27 evaluated, 14 expanded
[t=0.004314s, 3020 KB] f = 15, 37 evaluated, 27 expanded
[t=0.004322s, 3020 KB] f = 17, 38 evaluated, 32 expanded
[t=0.004354s, 3020 KB] f = 19, 66 evaluated, 46 expanded
[t=0.004382s, 3020 KB] f = 21, 88 evaluated, 65 expanded
[t=0.004413s, 3020 KB] f = 23, 110 evaluated, 88 expanded
[t=0.004435s, 3020 KB] f = 25, 124 evaluated, 105 expanded
[t=0.004478s, 3020 KB] f = 27, 160 evaluated, 127 expanded
[t=0.004534s, 3020 KB] f = 29, 215 evaluated, 167 expanded
[t=0.004608s, 3020 KB] f = 31, 268 evaluated, 218 expanded
[t=0.004692s, 3020 KB] f = 33, 350 evaluated, 281 expanded
[t=0.004801s, 3040 KB] f = 35, 446 evaluated, 364 expanded
[t=0.004925s, 3052 KB] f = 37, 529 evaluated, 450 expanded
[t=0.004932s, 3052 KB] New best heuristic value for cpdbs: 3
[t=0.004935s, 3052 KB] g=34, 534 evaluated, 452 expanded
[t=0.005005s, 3052 KB] f = 39, 587 evaluated, 520 expanded
[t=0.005057s, 3052 KB] f = 41, 622 evaluated, 569 expanded
[t=0.005094s, 3052 KB] f = 43, 647 evaluated, 603 expanded
[t=0.005111s, 3052 KB] f = 45, 654 evaluated, 619 expanded
[t=0.005121s, 3052 KB] f = 47, 657 evaluated, 626 expanded
[t=0.005127s, 3052 KB] f = 49, 658 evaluated, 629 expanded
[t=0.005131s, 3052 KB] Completely explored state space -- no solution!
[t=0.005133s, 3052 KB] Actual search time: 0.000907s
[t=0.005137s, 3052 KB] Expanded 630 state(s).
[t=0.005137s, 3052 KB] Reopened 0 state(s).
[t=0.005137s, 3052 KB] Evaluated 658 state(s).
[t=0.005137s, 3052 KB] Evaluations: 658
[t=0.005137s, 3052 KB] Generated 1644 state(s).
[t=0.005137s, 3052 KB] Dead ends: 28 state(s).
[t=0.005137s, 3052 KB] Expanded until last jump: 629 state(s).
[t=0.005137s, 3052 KB] Reopened until last jump: 0 state(s).
[t=0.005137s, 3052 KB] Evaluated until last jump: 658 state(s).
[t=0.005137s, 3052 KB] Generated until last jump: 1642 state(s).
[t=0.005137s, 3052 KB] Number of registered states: 658
[t=0.005137s, 3052 KB] Int hash set load factor: 658/1024 = 0.642578
[t=0.005137s, 3052 KB] Int hash set resizes: 10
[t=0.005137s, 3052 KB] Search time: 0.001181s
[t=0.005137s, 3052 KB] Total time: 0.005137s
Search stopped without finding a solution.
Remove intermediate file output.sas
search exit code: 12

Driver aborting after search

