$ D:\Miniforge3\python.exe C:/Users/user/Desktop/theoria/.worktrees/p13/engine-rig/.toolchain/downward/fast-downward.py --plan-file C:\Users\user\AppData\Local\Temp\e7verifyr39mg4ba\sas_plan C:\Users\user\Desktop\theoria\.worktrees\e7-deadlock-claim\engine-rig\runs\20260728T150713Z-E7-deadlock-claim-audit\attacks\work\a5\swap\singleton\sokoban_guarded_singleton_domain.pddl C:\Users\user\Desktop\theoria\.worktrees\e7-deadlock-claim\engine-rig\runs\20260728T150713Z-E7-deadlock-claim-audit\attacks\work\a5\swap\singleton\swap-passage_guarded_singleton.pddl --search astar(cpdbs(patterns=manual_patterns([[23,24,22,19,18,11]])))

INFO     planner time limit: None
INFO     planner memory limit: None

INFO     Running translator.
INFO     translator stdin: None
INFO     translator time limit: None
INFO     translator memory limit: None
INFO     translator command line string: 'D:\Miniforge3\python.exe' -m translate 'C:\Users\user\Desktop\theoria\.worktrees\e7-deadlock-claim\engine-rig\runs\20260728T150713Z-E7-deadlock-claim-audit\attacks\work\a5\swap\singleton\sokoban_guarded_singleton_domain.pddl' 'C:\Users\user\Desktop\theoria\.worktrees\e7-deadlock-claim\engine-rig\runs\20260728T150713Z-E7-deadlock-claim-audit\attacks\work\a5\swap\singleton\swap-passage_guarded_singleton.pddl' --sas-file output.sas
Warning! SIGXCPU is not available on your platform. This means that the planner cannot be gracefully terminated when using a time limit, which, however, is probably supported on your platform anyway.
Parsing...
Parsing: [0.000s CPU, 0.002s wall-clock]
Normalizing task... [0.000s CPU, 0.000s wall-clock]
Instantiating...
Generating Datalog program... [0.000s CPU, 0.000s wall-clock]
Normalizing Datalog program...
Normalizing Datalog program: [0.016s CPU, 0.001s wall-clock]
Preparing model... [0.000s CPU, 0.000s wall-clock]
Generated 20 rules.
Computing model... [0.000s CPU, 0.005s wall-clock]
613 relevant atoms
888 auxiliary atoms
1501 final queue length
1771 total queue pushes
Completing instantiation... [0.000s CPU, 0.002s wall-clock]
Instantiating: [0.016s CPU, 0.008s wall-clock]
Computing fact groups...
Finding invariants...
7 initial candidates
Finding invariants: [0.000s CPU, 0.001s wall-clock]
Checking invariant weight... [0.000s CPU, 0.000s wall-clock]
Instantiating groups... [0.000s CPU, 0.001s wall-clock]
Collecting mutex groups... [0.000s CPU, 0.000s wall-clock]
Choosing groups...
54 uncovered facts
Choosing groups: [0.000s CPU, 0.000s wall-clock]
Building translation key... [0.000s CPU, 0.000s wall-clock]
Computing fact groups: [0.000s CPU, 0.003s wall-clock]
Building STRIPS to SAS dictionary... [0.000s CPU, 0.000s wall-clock]
Building dictionary for full mutex groups... [0.000s CPU, 0.000s wall-clock]
Building mutex information...
Building mutex information: [0.000s CPU, 0.000s wall-clock]
Translating task...
Processing axioms...
Simplifying axioms... [0.000s CPU, 0.000s wall-clock]
Translator axioms removed by simplifying: 0
Processing axioms: [0.000s CPU, 0.000s wall-clock]
Translating task: [0.000s CPU, 0.002s wall-clock]
172 effect conditions simplified
0 implied preconditions added
Detecting unreachable propositions...
0 operators removed
0 axioms removed
83 propositions removed
Detecting unreachable propositions: [0.000s CPU, 0.001s wall-clock]
Reordering and filtering variables...
25 of 25 variables necessary.
22 of 25 mutex groups necessary.
116 of 116 operators necessary.
0 of 0 axiom rules necessary.
Reordering and filtering variables: [0.000s CPU, 0.001s wall-clock]
Translator variables: 25
Translator derived variables: 0
Translator facts: 94
Translator goal facts: 2
Translator mutex groups: 22
Translator total mutex groups size: 72
Translator operators: 116
Translator axioms: 0
Translator task size: 1057
warning: could not determine peak memory
Writing output... [0.016s CPU, 0.010s wall-clock]
Done! [0.031s CPU, 0.027s wall-clock]
translate exit code: 0

INFO     Running search (release).
INFO     search stdin: output.sas
INFO     search time limit: None
INFO     search memory limit: None
INFO     search command line string: 'C:\Users\user\Desktop\theoria\.worktrees\p13\engine-rig\.toolchain\downward\builds\release\bin\downward.exe' --search 'astar(cpdbs(patterns=manual_patterns([[23,24,22,19,18,11]])))' --internal-plan-file 'C:\Users\user\AppData\Local\Temp\e7verifyr39mg4ba\sas_plan' < output.sas
[t=0.000102s, 1888 KB] Search code revision: 7120aa0
[t=0.000185s, 1888 KB] reading input...
[t=0.001416s, 2220 KB] done reading input!
[t=0.002410s, 2792 KB] Initializing canonical PDB heuristic...
[t=0.002425s, 2792 KB] Generating patterns using: manual pattern collection generator
[t=0.002431s, 2792 KB] Manual pattern collection: [[23, 24, 22, 19, 18, 11]]
[t=0.002439s, 2792 KB] manual pattern collection generator number of patterns: 1
[t=0.002442s, 2792 KB] manual pattern collection generator total PDB size: 34496
[t=0.002444s, 2792 KB] manual pattern collection generator computation time: 1.01e-05s
[t=0.002455s, 2792 KB] Computing PDBs for pattern collection...
[t=0.003181s, 3052 KB] Done computing PDBs for pattern collection: 0.000731s
[t=0.003189s, 3052 KB] Computing pattern cliques for pattern collection...
[t=0.003199s, 3052 KB] Done computing pattern cliques for pattern collection: 0.000011s
[t=0.003203s, 3052 KB] Running dominance pruning...
[t=0.003211s, 3052 KB] Pruned 0 of 1 pattern cliques
[t=0.003228s, 3052 KB] Pruned 0 of 1 PDBs
[t=0.003231s, 3052 KB] Dominance pruning took 0.000024s
[t=0.003235s, 3052 KB] Canonical PDB heuristic number of patterns: 1
[t=0.003239s, 3052 KB] Canonical PDB heuristic total PDB size: 34496
[t=0.003240s, 3052 KB] Canonical PDB heuristic computation time: 0.000825s
[t=0.003267s, 3052 KB] Building successor generator... done!
[t=0.003322s, 3060 KB] peak memory difference for successor generator creation: 8 KB
[t=0.003324s, 3060 KB] time for successor generation creation: 0.000046s
[t=0.003329s, 3060 KB] Variables: 25
[t=0.003331s, 3060 KB] FactPairs: 94
[t=0.003333s, 3060 KB] Bytes per state: 8
[t=0.003343s, 3060 KB] Conducting best first search with reopening closed nodes, (real) bound = 2147483647
[t=0.003361s, 3084 KB] New best heuristic value for cpdbs: 13
[t=0.003365s, 3084 KB] g=0, 1 evaluated, 0 expanded
[t=0.003368s, 3084 KB] f = 13, 1 evaluated, 0 expanded
[t=0.003374s, 3084 KB] Initial heuristic value for cpdbs: 13
[t=0.003376s, 3084 KB] pruning method: none
[t=0.003387s, 3084 KB] New best heuristic value for cpdbs: 12
[t=0.003391s, 3084 KB] g=1, 4 evaluated, 1 expanded
[t=0.003397s, 3084 KB] New best heuristic value for cpdbs: 11
[t=0.003401s, 3084 KB] g=2, 6 evaluated, 2 expanded
[t=0.003410s, 3088 KB] f = 15, 10 evaluated, 3 expanded
[t=0.003423s, 3096 KB] f = 17, 16 evaluated, 9 expanded
[t=0.003444s, 3096 KB] New best heuristic value for cpdbs: 10
[t=0.003452s, 3096 KB] g=7, 27 evaluated, 16 expanded
[t=0.003461s, 3096 KB] New best heuristic value for cpdbs: 9
[t=0.003465s, 3096 KB] g=8, 29 evaluated, 17 expanded
[t=0.003469s, 3096 KB] New best heuristic value for cpdbs: 8
[t=0.003471s, 3096 KB] g=9, 30 evaluated, 18 expanded
[t=0.003479s, 3096 KB] New best heuristic value for cpdbs: 7
[t=0.003481s, 3096 KB] g=10, 32 evaluated, 19 expanded
[t=0.003490s, 3096 KB] New best heuristic value for cpdbs: 6
[t=0.003493s, 3096 KB] g=11, 36 evaluated, 20 expanded
[t=0.003504s, 3096 KB] f = 19, 41 evaluated, 24 expanded
[t=0.003527s, 3096 KB] f = 21, 53 evaluated, 38 expanded
[t=0.003567s, 3096 KB] f = 23, 78 evaluated, 57 expanded
[t=0.003594s, 3096 KB] f = 25, 93 evaluated, 74 expanded
[t=0.003632s, 3096 KB] f = 27, 117 evaluated, 95 expanded
[t=0.003690s, 3096 KB] f = 29, 151 evaluated, 124 expanded
[t=0.003707s, 3096 KB] New best heuristic value for cpdbs: 5
[t=0.003711s, 3096 KB] g=24, 163 evaluated, 130 expanded
[t=0.003716s, 3096 KB] New best heuristic value for cpdbs: 4
[t=0.003720s, 3096 KB] g=25, 165 evaluated, 131 expanded
[t=0.003725s, 3096 KB] New best heuristic value for cpdbs: 3
[t=0.003729s, 3096 KB] g=26, 168 evaluated, 132 expanded
[t=0.003789s, 3132 KB] f = 31, 205 evaluated, 165 expanded
[t=0.003905s, 3132 KB] f = 33, 282 evaluated, 219 expanded
[t=0.004016s, 3132 KB] f = 35, 360 evaluated, 293 expanded
[t=0.004128s, 3132 KB] f = 37, 441 evaluated, 367 expanded
[t=0.004241s, 3132 KB] f = 39, 498 evaluated, 439 expanded
[t=0.004306s, 3132 KB] f = 41, 535 evaluated, 490 expanded
[t=0.004351s, 3132 KB] f = 43, 563 evaluated, 519 expanded
[t=0.004405s, 3132 KB] f = 45, 596 evaluated, 557 expanded
[t=0.004424s, 3132 KB] f = 47, 604 evaluated, 572 expanded
[t=0.004439s, 3132 KB] f = 49, 611 evaluated, 579 expanded
[t=0.004464s, 3132 KB] f = 51, 629 evaluated, 590 expanded
[t=0.004481s, 3132 KB] f = 53, 634 evaluated, 602 expanded
[t=0.004487s, 3132 KB] Completely explored state space -- no solution!
[t=0.004489s, 3132 KB] Actual search time: 0.001112s
[t=0.004493s, 3132 KB] Expanded 606 state(s).
[t=0.004493s, 3132 KB] Reopened 0 state(s).
[t=0.004493s, 3132 KB] Evaluated 634 state(s).
[t=0.004493s, 3132 KB] Evaluations: 634
[t=0.004493s, 3132 KB] Generated 1580 state(s).
[t=0.004493s, 3132 KB] Dead ends: 28 state(s).
[t=0.004493s, 3132 KB] Expanded until last jump: 602 state(s).
[t=0.004493s, 3132 KB] Reopened until last jump: 0 state(s).
[t=0.004493s, 3132 KB] Evaluated until last jump: 634 state(s).
[t=0.004493s, 3132 KB] Generated until last jump: 1572 state(s).
[t=0.004493s, 3132 KB] Number of registered states: 634
[t=0.004493s, 3132 KB] Int hash set load factor: 634/1024 = 0.619141
[t=0.004493s, 3132 KB] Int hash set resizes: 10
[t=0.004493s, 3132 KB] Search time: 0.001152s
[t=0.004493s, 3132 KB] Total time: 0.004493s
Search stopped without finding a solution.
Remove intermediate file output.sas
search exit code: 12

Driver aborting after search

