$ D:\Miniforge3\python.exe C:/Users/user/Desktop/theoria/.worktrees/p13/engine-rig/.toolchain/downward/fast-downward.py --plan-file C:\Users\user\AppData\Local\Temp\e7verifyrgm6_o5z\sas_plan C:\Users\user\Desktop\theoria\.worktrees\e7-deadlock-claim\engine-rig\runs\20260728T150713Z-E7-deadlock-claim-audit\attacks\work\a5\swap\singleton\sokoban_guarded_singleton_domain.pddl C:\Users\user\Desktop\theoria\.worktrees\e7-deadlock-claim\engine-rig\runs\20260728T150713Z-E7-deadlock-claim-audit\attacks\work\a5\swap\singleton\swap-passage_guarded_singleton.pddl --search astar(cpdbs(patterns=manual_patterns([[23,24,22,15,8,19,14,5,2,3,7]])))

INFO     planner time limit: None
INFO     planner memory limit: None

INFO     Running translator.
INFO     translator stdin: None
INFO     translator time limit: None
INFO     translator memory limit: None
INFO     translator command line string: 'D:\Miniforge3\python.exe' -m translate 'C:\Users\user\Desktop\theoria\.worktrees\e7-deadlock-claim\engine-rig\runs\20260728T150713Z-E7-deadlock-claim-audit\attacks\work\a5\swap\singleton\sokoban_guarded_singleton_domain.pddl' 'C:\Users\user\Desktop\theoria\.worktrees\e7-deadlock-claim\engine-rig\runs\20260728T150713Z-E7-deadlock-claim-audit\attacks\work\a5\swap\singleton\swap-passage_guarded_singleton.pddl' --sas-file output.sas
Warning! SIGXCPU is not available on your platform. This means that the planner cannot be gracefully terminated when using a time limit, which, however, is probably supported on your platform anyway.
Parsing...
Parsing: [0.000s CPU, 0.002s wall-clock]
Normalizing task... [0.000s CPU, 0.000s wall-clock]
Instantiating...
Generating Datalog program... [0.000s CPU, 0.000s wall-clock]
Normalizing Datalog program...
Normalizing Datalog program: [0.000s CPU, 0.001s wall-clock]
Preparing model... [0.000s CPU, 0.000s wall-clock]
Generated 20 rules.
Computing model... [0.016s CPU, 0.005s wall-clock]
613 relevant atoms
888 auxiliary atoms
1501 final queue length
1771 total queue pushes
Completing instantiation... [0.000s CPU, 0.002s wall-clock]
Instantiating: [0.016s CPU, 0.008s wall-clock]
Computing fact groups...
Finding invariants...
7 initial candidates
Finding invariants: [0.000s CPU, 0.001s wall-clock]
Checking invariant weight... [0.000s CPU, 0.000s wall-clock]
Instantiating groups... [0.000s CPU, 0.001s wall-clock]
Collecting mutex groups... [0.000s CPU, 0.000s wall-clock]
Choosing groups...
54 uncovered facts
Choosing groups: [0.000s CPU, 0.000s wall-clock]
Building translation key... [0.000s CPU, 0.000s wall-clock]
Computing fact groups: [0.000s CPU, 0.003s wall-clock]
Building STRIPS to SAS dictionary... [0.000s CPU, 0.000s wall-clock]
Building dictionary for full mutex groups... [0.000s CPU, 0.000s wall-clock]
Building mutex information...
Building mutex information: [0.000s CPU, 0.000s wall-clock]
Translating task...
Processing axioms...
Simplifying axioms... [0.000s CPU, 0.000s wall-clock]
Translator axioms removed by simplifying: 0
Processing axioms: [0.000s CPU, 0.000s wall-clock]
Translating task: [0.000s CPU, 0.002s wall-clock]
172 effect conditions simplified
0 implied preconditions added
Detecting unreachable propositions...
0 operators removed
0 axioms removed
83 propositions removed
Detecting unreachable propositions: [0.000s CPU, 0.001s wall-clock]
Reordering and filtering variables...
25 of 25 variables necessary.
22 of 25 mutex groups necessary.
116 of 116 operators necessary.
0 of 0 axiom rules necessary.
Reordering and filtering variables: [0.000s CPU, 0.001s wall-clock]
Translator variables: 25
Translator derived variables: 0
Translator facts: 94
Translator goal facts: 2
Translator mutex groups: 22
Translator total mutex groups size: 72
Translator operators: 116
Translator axioms: 0
Translator task size: 1057
warning: could not determine peak memory
Writing output... [0.000s CPU, 0.009s wall-clock]
Done! [0.016s CPU, 0.026s wall-clock]
translate exit code: 0

INFO     Running search (release).
INFO     search stdin: output.sas
INFO     search time limit: None
INFO     search memory limit: None
INFO     search command line string: 'C:\Users\user\Desktop\theoria\.worktrees\p13\engine-rig\.toolchain\downward\builds\release\bin\downward.exe' --search 'astar(cpdbs(patterns=manual_patterns([[23,24,22,15,8,19,14,5,2,3,7]])))' --internal-plan-file 'C:\Users\user\AppData\Local\Temp\e7verifyrgm6_o5z\sas_plan' < output.sas
[t=0.000153s, 1924 KB] Search code revision: 7120aa0
[t=0.000237s, 1928 KB] reading input...
[t=0.001490s, 2184 KB] done reading input!
[t=0.002810s, 2816 KB] Initializing canonical PDB heuristic...
[t=0.002820s, 2816 KB] Generating patterns using: manual pattern collection generator
[t=0.002824s, 2816 KB] Manual pattern collection: [[23, 24, 22, 15, 8, 19, 14, 5, 2, 3, 7]]
[t=0.002835s, 2816 KB] manual pattern collection generator number of patterns: 1
[t=0.002838s, 2816 KB] manual pattern collection generator total PDB size: 1103872
[t=0.002842s, 2816 KB] manual pattern collection generator computation time: 1.12e-05s
[t=0.002848s, 2816 KB] Computing PDBs for pattern collection...
[t=0.032806s, 8116 KB] Done computing PDBs for pattern collection: 0.029970s
[t=0.032830s, 8116 KB] Computing pattern cliques for pattern collection...
[t=0.032851s, 8116 KB] Done computing pattern cliques for pattern collection: 0.000022s
[t=0.032857s, 8116 KB] Running dominance pruning...
[t=0.032862s, 8116 KB] Pruned 0 of 1 pattern cliques
[t=0.032864s, 8116 KB] Pruned 0 of 1 PDBs
[t=0.032866s, 8116 KB] Dominance pruning took 0.000008s
[t=0.032870s, 8116 KB] Canonical PDB heuristic number of patterns: 1
[t=0.032873s, 8116 KB] Canonical PDB heuristic total PDB size: 1103872
[t=0.032875s, 8116 KB] Canonical PDB heuristic computation time: 0.030060s
[t=0.032905s, 8116 KB] Building successor generator... done!
[t=0.032953s, 8116 KB] peak memory difference for successor generator creation: 0 KB
[t=0.032956s, 8116 KB] time for successor generation creation: 0.000041s
[t=0.032960s, 8116 KB] Variables: 25
[t=0.032962s, 8116 KB] FactPairs: 94
[t=0.032966s, 8116 KB] Bytes per state: 8
[t=0.032975s, 8116 KB] Conducting best first search with reopening closed nodes, (real) bound = 2147483647
[t=0.033009s, 8116 KB] New best heuristic value for cpdbs: 11
[t=0.033014s, 8116 KB] g=0, 1 evaluated, 0 expanded
[t=0.033016s, 8116 KB] f = 11, 1 evaluated, 0 expanded
[t=0.033022s, 8116 KB] Initial heuristic value for cpdbs: 11
[t=0.033025s, 8116 KB] pruning method: none
[t=0.033034s, 8116 KB] New best heuristic value for cpdbs: 10
[t=0.033038s, 8116 KB] g=1, 4 evaluated, 1 expanded
[t=0.033043s, 8116 KB] New best heuristic value for cpdbs: 9
[t=0.033045s, 8116 KB] g=2, 6 evaluated, 2 expanded
[t=0.033052s, 8116 KB] New best heuristic value for cpdbs: 8
[t=0.033055s, 8116 KB] g=3, 10 evaluated, 3 expanded
[t=0.033059s, 8116 KB] New best heuristic value for cpdbs: 7
[t=0.033063s, 8116 KB] g=4, 12 evaluated, 4 expanded
[t=0.033069s, 8116 KB] New best heuristic value for cpdbs: 6
[t=0.033072s, 8116 KB] g=5, 14 evaluated, 5 expanded
[t=0.033081s, 8116 KB] New best heuristic value for cpdbs: 5
[t=0.033083s, 8116 KB] g=6, 17 evaluated, 6 expanded
[t=0.033089s, 8116 KB] New best heuristic value for cpdbs: 4
[t=0.033092s, 8116 KB] g=7, 20 evaluated, 7 expanded
[t=0.033096s, 8116 KB] f = 13, 21 evaluated, 8 expanded
[t=0.033120s, 8116 KB] f = 15, 36 evaluated, 23 expanded
[t=0.033132s, 8116 KB] f = 17, 38 evaluated, 32 expanded
[t=0.033166s, 8116 KB] f = 19, 66 evaluated, 46 expanded
[t=0.033194s, 8116 KB] f = 21, 88 evaluated, 65 expanded
[t=0.033224s, 8116 KB] f = 23, 110 evaluated, 88 expanded
[t=0.033259s, 8116 KB] f = 25, 131 evaluated, 110 expanded
[t=0.033288s, 8116 KB] f = 27, 154 evaluated, 130 expanded
[t=0.033325s, 8116 KB] f = 29, 186 evaluated, 157 expanded
[t=0.033343s, 8116 KB] New best heuristic value for cpdbs: 3
[t=0.033346s, 8116 KB] g=26, 203 evaluated, 166 expanded
[t=0.033379s, 8116 KB] f = 31, 234 evaluated, 191 expanded
[t=0.033474s, 8120 KB] f = 33, 305 evaluated, 244 expanded
[t=0.033568s, 8120 KB] f = 35, 395 evaluated, 321 expanded
[t=0.033674s, 8120 KB] f = 37, 494 evaluated, 409 expanded
[t=0.033792s, 8120 KB] f = 39, 566 evaluated, 493 expanded
[t=0.033836s, 8120 KB] f = 41, 586 evaluated, 544 expanded
[t=0.033865s, 8120 KB] f = 43, 607 evaluated, 569 expanded
[t=0.033898s, 8120 KB] f = 45, 634 evaluated, 592 expanded
[t=0.033922s, 8120 KB] f = 47, 650 evaluated, 610 expanded
[t=0.033938s, 8120 KB] f = 49, 656 evaluated, 623 expanded
[t=0.033946s, 8120 KB] f = 51, 658 evaluated, 629 expanded
[t=0.033949s, 8120 KB] Completely explored state space -- no solution!
[t=0.033951s, 8120 KB] Actual search time: 0.000925s
[t=0.033954s, 8120 KB] Expanded 630 state(s).
[t=0.033954s, 8120 KB] Reopened 0 state(s).
[t=0.033954s, 8120 KB] Evaluated 658 state(s).
[t=0.033954s, 8120 KB] Evaluations: 658
[t=0.033954s, 8120 KB] Generated 1644 state(s).
[t=0.033954s, 8120 KB] Dead ends: 28 state(s).
[t=0.033954s, 8120 KB] Expanded until last jump: 629 state(s).
[t=0.033954s, 8120 KB] Reopened until last jump: 0 state(s).
[t=0.033954s, 8120 KB] Evaluated until last jump: 658 state(s).
[t=0.033954s, 8120 KB] Generated until last jump: 1642 state(s).
[t=0.033954s, 8120 KB] Number of registered states: 658
[t=0.033954s, 8120 KB] Int hash set load factor: 658/1024 = 0.642578
[t=0.033954s, 8120 KB] Int hash set resizes: 10
[t=0.033954s, 8120 KB] Search time: 0.000981s
[t=0.033954s, 8120 KB] Total time: 0.033954s
Search stopped without finding a solution.
Remove intermediate file output.sas
search exit code: 12

Driver aborting after search

