$ D:\Miniforge3\python.exe C:/Users/user/Desktop/theoria/.worktrees/p13/engine-rig/.toolchain/downward/fast-downward.py --plan-file C:\Users\user\AppData\Local\Temp\e7verifyh4_t55co\sas_plan C:\Users\user\Desktop\theoria\.worktrees\e7-deadlock-claim\engine-rig\fixtures\data\sokoban_domain.pddl C:\Users\user\Desktop\theoria\.worktrees\e7-deadlock-claim\engine-rig\runs\20260728T150713Z-E7-deadlock-claim-audit\attacks\work\a5\swap\swap-passage.pddl --search astar(cpdbs(patterns=manual_patterns([[22,23,24]])))

INFO     planner time limit: None
INFO     planner memory limit: None

INFO     Running translator.
INFO     translator stdin: None
INFO     translator time limit: None
INFO     translator memory limit: None
INFO     translator command line string: 'D:\Miniforge3\python.exe' -m translate 'C:\Users\user\Desktop\theoria\.worktrees\e7-deadlock-claim\engine-rig\fixtures\data\sokoban_domain.pddl' 'C:\Users\user\Desktop\theoria\.worktrees\e7-deadlock-claim\engine-rig\runs\20260728T150713Z-E7-deadlock-claim-audit\attacks\work\a5\swap\swap-passage.pddl' --sas-file output.sas
Warning! SIGXCPU is not available on your platform. This means that the planner cannot be gracefully terminated when using a time limit, which, however, is probably supported on your platform anyway.
Parsing...
Parsing: [0.000s CPU, 0.002s wall-clock]
Normalizing task... [0.000s CPU, 0.000s wall-clock]
Instantiating...
Generating Datalog program... [0.000s CPU, 0.000s wall-clock]
Normalizing Datalog program...
Normalizing Datalog program: [0.000s CPU, 0.001s wall-clock]
Preparing model... [0.000s CPU, 0.000s wall-clock]
Generated 20 rules.
Computing model... [0.000s CPU, 0.005s wall-clock]
597 relevant atoms
888 auxiliary atoms
1485 final queue length
1755 total queue pushes
Completing instantiation... [0.016s CPU, 0.002s wall-clock]
Instantiating: [0.016s CPU, 0.008s wall-clock]
Computing fact groups...
Finding invariants...
7 initial candidates
Finding invariants: [0.000s CPU, 0.001s wall-clock]
Checking invariant weight... [0.000s CPU, 0.000s wall-clock]
Instantiating groups... [0.000s CPU, 0.001s wall-clock]
Collecting mutex groups... [0.000s CPU, 0.000s wall-clock]
Choosing groups...
54 uncovered facts
Choosing groups: [0.000s CPU, 0.000s wall-clock]
Building translation key... [0.000s CPU, 0.000s wall-clock]
Computing fact groups: [0.000s CPU, 0.003s wall-clock]
Building STRIPS to SAS dictionary... [0.000s CPU, 0.000s wall-clock]
Building dictionary for full mutex groups... [0.000s CPU, 0.000s wall-clock]
Building mutex information...
Building mutex information: [0.000s CPU, 0.000s wall-clock]
Translating task...
Processing axioms...
Simplifying axioms... [0.000s CPU, 0.000s wall-clock]
Translator axioms removed by simplifying: 0
Processing axioms: [0.000s CPU, 0.000s wall-clock]
Translating task: [0.000s CPU, 0.002s wall-clock]
204 effect conditions simplified
0 implied preconditions added
Detecting unreachable propositions...
0 operators removed
0 axioms removed
67 propositions removed
Detecting unreachable propositions: [0.000s CPU, 0.001s wall-clock]
Reordering and filtering variables...
25 of 25 variables necessary.
22 of 25 mutex groups necessary.
132 of 132 operators necessary.
0 of 0 axiom rules necessary.
Reordering and filtering variables: [0.000s CPU, 0.001s wall-clock]
Translator variables: 25
Translator derived variables: 0
Translator facts: 110
Translator goal facts: 2
Translator mutex groups: 22
Translator total mutex groups size: 88
Translator operators: 132
Translator axioms: 0
Translator task size: 1233
warning: could not determine peak memory
Writing output... [0.000s CPU, 0.034s wall-clock]
Done! [0.016s CPU, 0.051s wall-clock]
translate exit code: 0

INFO     Running search (release).
INFO     search stdin: output.sas
INFO     search time limit: None
INFO     search memory limit: None
INFO     search command line string: 'C:\Users\user\Desktop\theoria\.worktrees\p13\engine-rig\.toolchain\downward\builds\release\bin\downward.exe' --search 'astar(cpdbs(patterns=manual_patterns([[22,23,24]])))' --internal-plan-file 'C:\Users\user\AppData\Local\Temp\e7verifyh4_t55co\sas_plan' < output.sas
[t=0.045610s, 2328 KB] Search code revision: 7120aa0
[t=0.045769s, 2328 KB] reading input...
[t=0.062089s, 2408 KB] done reading input!
[t=0.068068s, 2788 KB] Initializing canonical PDB heuristic...
[t=0.068081s, 2788 KB] Generating patterns using: manual pattern collection generator
[t=0.068086s, 2788 KB] Manual pattern collection: [[22, 23, 24]]
[t=0.068095s, 2788 KB] manual pattern collection generator number of patterns: 1
[t=0.068098s, 2788 KB] manual pattern collection generator total PDB size: 10648
[t=0.068100s, 2788 KB] manual pattern collection generator computation time: 8.8e-06s
[t=0.068202s, 2788 KB] Computing PDBs for pattern collection...
[t=0.068573s, 2864 KB] Done computing PDBs for pattern collection: 0.000377s
[t=0.068583s, 2864 KB] Computing pattern cliques for pattern collection...
[t=0.068597s, 2864 KB] Done computing pattern cliques for pattern collection: 0.000016s
[t=0.068603s, 2864 KB] Running dominance pruning...
[t=0.068609s, 2864 KB] Pruned 0 of 1 pattern cliques
[t=0.068611s, 2864 KB] Pruned 0 of 1 PDBs
[t=0.068613s, 2864 KB] Dominance pruning took 0.000008s
[t=0.068617s, 2864 KB] Canonical PDB heuristic number of patterns: 1
[t=0.068619s, 2864 KB] Canonical PDB heuristic total PDB size: 10648
[t=0.068622s, 2864 KB] Canonical PDB heuristic computation time: 0.000550s
[t=0.068806s, 2864 KB] Building successor generator... done!
[t=0.068971s, 2864 KB] peak memory difference for successor generator creation: 0 KB
[t=0.068975s, 2864 KB] time for successor generation creation: 0.000147s
[t=0.068982s, 2864 KB] Variables: 25
[t=0.068985s, 2864 KB] FactPairs: 110
[t=0.068987s, 2864 KB] Bytes per state: 8
[t=0.069100s, 2864 KB] Conducting best first search with reopening closed nodes, (real) bound = 2147483647
[t=0.069124s, 2888 KB] New best heuristic value for cpdbs: 9
[t=0.069131s, 2888 KB] g=0, 1 evaluated, 0 expanded
[t=0.069134s, 2888 KB] f = 9, 1 evaluated, 0 expanded
[t=0.069140s, 2888 KB] Initial heuristic value for cpdbs: 9
[t=0.069142s, 2888 KB] pruning method: none
[t=0.069152s, 2888 KB] New best heuristic value for cpdbs: 8
[t=0.069155s, 2888 KB] g=1, 3 evaluated, 1 expanded
[t=0.069162s, 2888 KB] New best heuristic value for cpdbs: 7
[t=0.069165s, 2888 KB] g=2, 6 evaluated, 2 expanded
[t=0.069173s, 2888 KB] New best heuristic value for cpdbs: 6
[t=0.069177s, 2888 KB] g=3, 10 evaluated, 3 expanded
[t=0.069183s, 2888 KB] f = 11, 12 evaluated, 4 expanded
[t=0.069197s, 2900 KB] New best heuristic value for cpdbs: 5
[t=0.069200s, 2900 KB] g=6, 17 evaluated, 6 expanded
[t=0.069205s, 2900 KB] New best heuristic value for cpdbs: 4
[t=0.069207s, 2900 KB] g=7, 19 evaluated, 7 expanded
[t=0.069222s, 2900 KB] f = 13, 28 evaluated, 14 expanded
[t=0.069243s, 2900 KB] f = 15, 38 evaluated, 27 expanded
[t=0.069251s, 2900 KB] f = 17, 39 evaluated, 32 expanded
[t=0.069290s, 2900 KB] f = 19, 69 evaluated, 46 expanded
[t=0.069322s, 2900 KB] f = 21, 91 evaluated, 65 expanded
[t=0.069471s, 2900 KB] f = 23, 114 evaluated, 88 expanded
[t=0.069510s, 2900 KB] f = 25, 136 evaluated, 110 expanded
[t=0.069559s, 2900 KB] f = 27, 177 evaluated, 137 expanded
[t=0.069627s, 2900 KB] f = 29, 234 evaluated, 177 expanded
[t=0.069635s, 2900 KB] New best heuristic value for cpdbs: 3
[t=0.069639s, 2900 KB] g=26, 239 evaluated, 179 expanded
[t=0.069716s, 2908 KB] f = 31, 285 evaluated, 225 expanded
[t=0.069811s, 2908 KB] f = 33, 367 evaluated, 286 expanded
[t=0.070252s, 2928 KB] f = 35, 470 evaluated, 370 expanded
[t=0.070387s, 2940 KB] f = 37, 552 evaluated, 458 expanded
[t=0.070466s, 2940 KB] f = 39, 606 evaluated, 522 expanded
[t=0.070523s, 2940 KB] f = 41, 642 evaluated, 569 expanded
[t=0.070563s, 2940 KB] f = 43, 667 evaluated, 603 expanded
[t=0.070582s, 2940 KB] f = 45, 674 evaluated, 619 expanded
[t=0.070592s, 2940 KB] f = 47, 677 evaluated, 626 expanded
[t=0.070599s, 2940 KB] f = 49, 678 evaluated, 629 expanded
[t=0.070603s, 2940 KB] Completely explored state space -- no solution!
[t=0.070605s, 2940 KB] Actual search time: 0.001461s
[t=0.070608s, 2940 KB] Expanded 630 state(s).
[t=0.070608s, 2940 KB] Reopened 0 state(s).
[t=0.070608s, 2940 KB] Evaluated 678 state(s).
[t=0.070608s, 2940 KB] Evaluations: 678
[t=0.070608s, 2940 KB] Generated 1664 state(s).
[t=0.070608s, 2940 KB] Dead ends: 48 state(s).
[t=0.070608s, 2940 KB] Expanded until last jump: 629 state(s).
[t=0.070608s, 2940 KB] Reopened until last jump: 0 state(s).
[t=0.070608s, 2940 KB] Evaluated until last jump: 678 state(s).
[t=0.070608s, 2940 KB] Generated until last jump: 1662 state(s).
[t=0.070608s, 2940 KB] Number of registered states: 678
[t=0.070608s, 2940 KB] Int hash set load factor: 678/1024 = 0.662109
[t=0.070608s, 2940 KB] Int hash set resizes: 10
[t=0.070608s, 2940 KB] Search time: 0.001612s
[t=0.070608s, 2940 KB] Total time: 0.070608s
Search stopped without finding a solution.
Remove intermediate file output.sas
search exit code: 12

Driver aborting after search

