$ D:\Miniforge3\python.exe C:/Users/user/Desktop/theoria/.worktrees/p13/engine-rig/.toolchain/downward/fast-downward.py --plan-file C:\Users\user\AppData\Local\Temp\e7verify7h6p41yh\sas_plan C:\Users\user\Desktop\theoria\.worktrees\e7-deadlock-claim\engine-rig\runs\20260728T150713Z-E7-deadlock-claim-audit\attacks\work\a5\swap\singleton\sokoban_guarded_singleton_domain.pddl C:\Users\user\Desktop\theoria\.worktrees\e7-deadlock-claim\engine-rig\runs\20260728T150713Z-E7-deadlock-claim-audit\attacks\work\a5\swap\singleton\swap-passage_guarded_singleton.pddl --search astar(cpdbs(patterns=manual_patterns([[23,24,22,8,21,12,0,19,18,16,13]])))

INFO     planner time limit: None
INFO     planner memory limit: None

INFO     Running translator.
INFO     translator stdin: None
INFO     translator time limit: None
INFO     translator memory limit: None
INFO     translator command line string: 'D:\Miniforge3\python.exe' -m translate 'C:\Users\user\Desktop\theoria\.worktrees\e7-deadlock-claim\engine-rig\runs\20260728T150713Z-E7-deadlock-claim-audit\attacks\work\a5\swap\singleton\sokoban_guarded_singleton_domain.pddl' 'C:\Users\user\Desktop\theoria\.worktrees\e7-deadlock-claim\engine-rig\runs\20260728T150713Z-E7-deadlock-claim-audit\attacks\work\a5\swap\singleton\swap-passage_guarded_singleton.pddl' --sas-file output.sas
Warning! SIGXCPU is not available on your platform. This means that the planner cannot be gracefully terminated when using a time limit, which, however, is probably supported on your platform anyway.
Parsing...
Parsing: [0.000s CPU, 0.089s wall-clock]
Normalizing task... [0.000s CPU, 0.000s wall-clock]
Instantiating...
Generating Datalog program... [0.000s CPU, 0.000s wall-clock]
Normalizing Datalog program...
Normalizing Datalog program: [0.000s CPU, 0.002s wall-clock]
Preparing model... [0.000s CPU, 0.001s wall-clock]
Generated 20 rules.
Computing model... [0.000s CPU, 0.007s wall-clock]
613 relevant atoms
888 auxiliary atoms
1501 final queue length
1771 total queue pushes
Completing instantiation... [0.000s CPU, 0.002s wall-clock]
Instantiating: [0.000s CPU, 0.012s wall-clock]
Computing fact groups...
Finding invariants...
7 initial candidates
Finding invariants: [0.016s CPU, 0.001s wall-clock]
Checking invariant weight... [0.000s CPU, 0.000s wall-clock]
Instantiating groups... [0.000s CPU, 0.001s wall-clock]
Collecting mutex groups... [0.000s CPU, 0.000s wall-clock]
Choosing groups...
54 uncovered facts
Choosing groups: [0.000s CPU, 0.000s wall-clock]
Building translation key... [0.000s CPU, 0.000s wall-clock]
Computing fact groups: [0.016s CPU, 0.003s wall-clock]
Building STRIPS to SAS dictionary... [0.000s CPU, 0.000s wall-clock]
Building dictionary for full mutex groups... [0.000s CPU, 0.000s wall-clock]
Building mutex information...
Building mutex information: [0.000s CPU, 0.000s wall-clock]
Translating task...
Processing axioms...
Simplifying axioms... [0.000s CPU, 0.000s wall-clock]
Translator axioms removed by simplifying: 0
Processing axioms: [0.000s CPU, 0.000s wall-clock]
Translating task: [0.000s CPU, 0.002s wall-clock]
172 effect conditions simplified
0 implied preconditions added
Detecting unreachable propositions...
0 operators removed
0 axioms removed
83 propositions removed
Detecting unreachable propositions: [0.000s CPU, 0.001s wall-clock]
Reordering and filtering variables...
25 of 25 variables necessary.
22 of 25 mutex groups necessary.
116 of 116 operators necessary.
0 of 0 axiom rules necessary.
Reordering and filtering variables: [0.000s CPU, 0.001s wall-clock]
Translator variables: 25
Translator derived variables: 0
Translator facts: 94
Translator goal facts: 2
Translator mutex groups: 22
Translator total mutex groups size: 72
Translator operators: 116
Translator axioms: 0
Translator task size: 1057
warning: could not determine peak memory
Writing output... [0.000s CPU, 0.009s wall-clock]
Done! [0.016s CPU, 0.119s wall-clock]
translate exit code: 0

INFO     Running search (release).
INFO     search stdin: output.sas
INFO     search time limit: None
INFO     search memory limit: None
INFO     search command line string: 'C:\Users\user\Desktop\theoria\.worktrees\p13\engine-rig\.toolchain\downward\builds\release\bin\downward.exe' --search 'astar(cpdbs(patterns=manual_patterns([[23,24,22,8,21,12,0,19,18,16,13]])))' --internal-plan-file 'C:\Users\user\AppData\Local\Temp\e7verify7h6p41yh\sas_plan' < output.sas
[t=0.000379s, 2176 KB] Search code revision: 7120aa0
[t=0.000435s, 2176 KB] reading input...
[t=0.001759s, 2440 KB] done reading input!
[t=0.005923s, 2840 KB] Initializing canonical PDB heuristic...
[t=0.005937s, 2840 KB] Generating patterns using: manual pattern collection generator
[t=0.005941s, 2840 KB] Manual pattern collection: [[23, 24, 22, 8, 21, 12, 0, 19, 18, 16, 13]]
[t=0.005962s, 2840 KB] manual pattern collection generator number of patterns: 1
[t=0.005967s, 2840 KB] manual pattern collection generator total PDB size: 1103872
[t=0.005969s, 2840 KB] manual pattern collection generator computation time: 2.08e-05s
[t=0.005975s, 2840 KB] Computing PDBs for pattern collection...
[t=0.025158s, 7628 KB] Done computing PDBs for pattern collection: 0.019196s
[t=0.025184s, 7628 KB] Computing pattern cliques for pattern collection...
[t=0.025206s, 7628 KB] Done computing pattern cliques for pattern collection: 0.000024s
[t=0.025214s, 7628 KB] Running dominance pruning...
[t=0.025219s, 7628 KB] Pruned 0 of 1 pattern cliques
[t=0.025221s, 7628 KB] Pruned 0 of 1 PDBs
[t=0.025224s, 7628 KB] Dominance pruning took 0.000008s
[t=0.025228s, 7628 KB] Canonical PDB heuristic number of patterns: 1
[t=0.025230s, 7628 KB] Canonical PDB heuristic total PDB size: 1103872
[t=0.025233s, 7628 KB] Canonical PDB heuristic computation time: 0.019305s
[t=0.057658s, 7628 KB] Building successor generator... done!
[t=0.057897s, 7628 KB] peak memory difference for successor generator creation: 0 KB
[t=0.057904s, 7628 KB] time for successor generation creation: 0.000206s
[t=0.057911s, 7628 KB] Variables: 25
[t=0.057914s, 7628 KB] FactPairs: 94
[t=0.057917s, 7628 KB] Bytes per state: 8
[t=0.058056s, 7628 KB] Conducting best first search with reopening closed nodes, (real) bound = 2147483647
[t=0.058096s, 7628 KB] New best heuristic value for cpdbs: 13
[t=0.058101s, 7628 KB] g=0, 1 evaluated, 0 expanded
[t=0.058104s, 7628 KB] f = 13, 1 evaluated, 0 expanded
[t=0.058112s, 7628 KB] Initial heuristic value for cpdbs: 13
[t=0.058114s, 7628 KB] pruning method: none
[t=0.058125s, 7628 KB] New best heuristic value for cpdbs: 12
[t=0.058129s, 7628 KB] g=1, 4 evaluated, 1 expanded
[t=0.058135s, 7628 KB] New best heuristic value for cpdbs: 11
[t=0.058137s, 7628 KB] g=2, 6 evaluated, 2 expanded
[t=0.058146s, 7628 KB] f = 15, 10 evaluated, 3 expanded
[t=0.058159s, 7628 KB] f = 17, 16 evaluated, 9 expanded
[t=0.058223s, 7628 KB] New best heuristic value for cpdbs: 10
[t=0.058227s, 7628 KB] g=7, 27 evaluated, 16 expanded
[t=0.058232s, 7628 KB] New best heuristic value for cpdbs: 9
[t=0.058235s, 7628 KB] g=8, 29 evaluated, 17 expanded
[t=0.058239s, 7628 KB] New best heuristic value for cpdbs: 8
[t=0.058243s, 7628 KB] g=9, 30 evaluated, 18 expanded
[t=0.058248s, 7628 KB] New best heuristic value for cpdbs: 7
[t=0.058250s, 7628 KB] g=10, 32 evaluated, 19 expanded
[t=0.058258s, 7628 KB] New best heuristic value for cpdbs: 6
[t=0.058262s, 7628 KB] g=11, 36 evaluated, 20 expanded
[t=0.058271s, 7628 KB] f = 19, 41 evaluated, 24 expanded
[t=0.058292s, 7628 KB] f = 21, 53 evaluated, 38 expanded
[t=0.058327s, 7628 KB] f = 23, 78 evaluated, 57 expanded
[t=0.058354s, 7628 KB] f = 25, 96 evaluated, 76 expanded
[t=0.058384s, 7628 KB] f = 27, 117 evaluated, 96 expanded
[t=0.058411s, 7628 KB] f = 29, 130 evaluated, 111 expanded
[t=0.058445s, 7628 KB] f = 31, 159 evaluated, 131 expanded
[t=0.058500s, 7628 KB] f = 33, 202 evaluated, 161 expanded
[t=0.058560s, 7628 KB] f = 35, 246 evaluated, 206 expanded
[t=0.058606s, 7628 KB] New best heuristic value for cpdbs: 5
[t=0.058610s, 7628 KB] g=30, 271 evaluated, 225 expanded
[t=0.058615s, 7628 KB] New best heuristic value for cpdbs: 4
[t=0.058618s, 7628 KB] g=31, 275 evaluated, 226 expanded
[t=0.058686s, 7628 KB] f = 37, 339 evaluated, 269 expanded
[t=0.058695s, 7628 KB] New best heuristic value for cpdbs: 3
[t=0.058697s, 7628 KB] g=34, 344 evaluated, 271 expanded
[t=0.058778s, 7628 KB] f = 39, 406 evaluated, 342 expanded
[t=0.058844s, 7628 KB] f = 41, 453 evaluated, 400 expanded
[t=0.058893s, 7628 KB] f = 43, 487 evaluated, 440 expanded
[t=0.058974s, 7628 KB] f = 45, 540 evaluated, 486 expanded
[t=0.059013s, 7628 KB] f = 47, 565 evaluated, 522 expanded
[t=0.059035s, 7628 KB] f = 49, 576 evaluated, 542 expanded
[t=0.059050s, 7628 KB] f = 51, 583 evaluated, 553 expanded
[t=0.059062s, 7628 KB] f = 53, 588 evaluated, 562 expanded
[t=0.059084s, 7628 KB] f = 55, 607 evaluated, 570 expanded
[t=0.059097s, 7628 KB] f = 57, 611 evaluated, 580 expanded
[t=0.059103s, 7628 KB] Completely explored state space -- no solution!
[t=0.059110s, 7628 KB] Actual search time: 0.000994s
[t=0.059114s, 7628 KB] Expanded 584 state(s).
[t=0.059114s, 7628 KB] Reopened 0 state(s).
[t=0.059114s, 7628 KB] Evaluated 611 state(s).
[t=0.059114s, 7628 KB] Evaluations: 611
[t=0.059114s, 7628 KB] Generated 1520 state(s).
[t=0.059114s, 7628 KB] Dead ends: 27 state(s).
[t=0.059114s, 7628 KB] Expanded until last jump: 580 state(s).
[t=0.059114s, 7628 KB] Reopened until last jump: 0 state(s).
[t=0.059114s, 7628 KB] Evaluated until last jump: 611 state(s).
[t=0.059114s, 7628 KB] Generated until last jump: 1512 state(s).
[t=0.059114s, 7628 KB] Number of registered states: 611
[t=0.059114s, 7628 KB] Int hash set load factor: 611/1024 = 0.596680
[t=0.059114s, 7628 KB] Int hash set resizes: 10
[t=0.059114s, 7628 KB] Search time: 0.001060s
[t=0.059114s, 7628 KB] Total time: 0.059114s
Search stopped without finding a solution.
Remove intermediate file output.sas
search exit code: 12

Driver aborting after search

