$ D:\Miniforge3\python.exe C:/Users/user/Desktop/theoria/.worktrees/p13/engine-rig/.toolchain/downward/fast-downward.py --plan-file C:\Users\user\AppData\Local\Temp\e7verifyl0ngw8vc\sas_plan C:\Users\user\Desktop\theoria\.worktrees\e7-deadlock-claim\engine-rig\fixtures\data\sokoban_domain.pddl C:\Users\user\Desktop\theoria\.worktrees\e7-deadlock-claim\engine-rig\runs\20260728T150713Z-E7-deadlock-claim-audit\attacks\work\a5\swap\swap-passage.pddl --search astar(cpdbs(patterns=manual_patterns([[23,24,22,0,5,3,16,19,12]])))

INFO     planner time limit: None
INFO     planner memory limit: None

INFO     Running translator.
INFO     translator stdin: None
INFO     translator time limit: None
INFO     translator memory limit: None
INFO     translator command line string: 'D:\Miniforge3\python.exe' -m translate 'C:\Users\user\Desktop\theoria\.worktrees\e7-deadlock-claim\engine-rig\fixtures\data\sokoban_domain.pddl' 'C:\Users\user\Desktop\theoria\.worktrees\e7-deadlock-claim\engine-rig\runs\20260728T150713Z-E7-deadlock-claim-audit\attacks\work\a5\swap\swap-passage.pddl' --sas-file output.sas
Warning! SIGXCPU is not available on your platform. This means that the planner cannot be gracefully terminated when using a time limit, which, however, is probably supported on your platform anyway.
Parsing...
Parsing: [0.000s CPU, 0.002s wall-clock]
Normalizing task... [0.000s CPU, 0.000s wall-clock]
Instantiating...
Generating Datalog program... [0.000s CPU, 0.000s wall-clock]
Normalizing Datalog program...
Normalizing Datalog program: [0.000s CPU, 0.001s wall-clock]
Preparing model... [0.000s CPU, 0.000s wall-clock]
Generated 20 rules.
Computing model... [0.000s CPU, 0.005s wall-clock]
597 relevant atoms
888 auxiliary atoms
1485 final queue length
1755 total queue pushes
Completing instantiation... [0.000s CPU, 0.002s wall-clock]
Instantiating: [0.000s CPU, 0.008s wall-clock]
Computing fact groups...
Finding invariants...
7 initial candidates
Finding invariants: [0.000s CPU, 0.001s wall-clock]
Checking invariant weight... [0.000s CPU, 0.000s wall-clock]
Instantiating groups... [0.000s CPU, 0.001s wall-clock]
Collecting mutex groups... [0.000s CPU, 0.000s wall-clock]
Choosing groups...
54 uncovered facts
Choosing groups: [0.000s CPU, 0.000s wall-clock]
Building translation key... [0.000s CPU, 0.000s wall-clock]
Computing fact groups: [0.000s CPU, 0.003s wall-clock]
Building STRIPS to SAS dictionary... [0.000s CPU, 0.000s wall-clock]
Building dictionary for full mutex groups... [0.000s CPU, 0.000s wall-clock]
Building mutex information...
Building mutex information: [0.000s CPU, 0.000s wall-clock]
Translating task...
Processing axioms...
Simplifying axioms... [0.000s CPU, 0.000s wall-clock]
Translator axioms removed by simplifying: 0
Processing axioms: [0.000s CPU, 0.000s wall-clock]
Translating task: [0.000s CPU, 0.002s wall-clock]
204 effect conditions simplified
0 implied preconditions added
Detecting unreachable propositions...
0 operators removed
0 axioms removed
67 propositions removed
Detecting unreachable propositions: [0.016s CPU, 0.001s wall-clock]
Reordering and filtering variables...
25 of 25 variables necessary.
22 of 25 mutex groups necessary.
132 of 132 operators necessary.
0 of 0 axiom rules necessary.
Reordering and filtering variables: [0.000s CPU, 0.001s wall-clock]
Translator variables: 25
Translator derived variables: 0
Translator facts: 110
Translator goal facts: 2
Translator mutex groups: 22
Translator total mutex groups size: 88
Translator operators: 132
Translator axioms: 0
Translator task size: 1233
warning: could not determine peak memory
Writing output... [0.000s CPU, 0.010s wall-clock]
Done! [0.016s CPU, 0.027s wall-clock]
translate exit code: 0

INFO     Running search (release).
INFO     search stdin: output.sas
INFO     search time limit: None
INFO     search memory limit: None
INFO     search command line string: 'C:\Users\user\Desktop\theoria\.worktrees\p13\engine-rig\.toolchain\downward\builds\release\bin\downward.exe' --search 'astar(cpdbs(patterns=manual_patterns([[23,24,22,0,5,3,16,19,12]])))' --internal-plan-file 'C:\Users\user\AppData\Local\Temp\e7verifyl0ngw8vc\sas_plan' < output.sas
[t=0.000148s, 1928 KB] Search code revision: 7120aa0
[t=0.000238s, 1956 KB] reading input...
[t=0.001672s, 2248 KB] done reading input!
[t=0.002996s, 2872 KB] Initializing canonical PDB heuristic...
[t=0.003006s, 2872 KB] Generating patterns using: manual pattern collection generator
[t=0.003010s, 2872 KB] Manual pattern collection: [[23, 24, 22, 0, 5, 3, 16, 19, 12]]
[t=0.003019s, 2872 KB] manual pattern collection generator number of patterns: 1
[t=0.003022s, 2872 KB] manual pattern collection generator total PDB size: 681472
[t=0.003024s, 2872 KB] manual pattern collection generator computation time: 8.4e-06s
[t=0.003030s, 2872 KB] Computing PDBs for pattern collection...
[t=0.011115s, 5868 KB] Done computing PDBs for pattern collection: 0.008094s
[t=0.011135s, 5868 KB] Computing pattern cliques for pattern collection...
[t=0.011155s, 5868 KB] Done computing pattern cliques for pattern collection: 0.000022s
[t=0.011161s, 5868 KB] Running dominance pruning...
[t=0.011168s, 5868 KB] Pruned 0 of 1 pattern cliques
[t=0.011170s, 5868 KB] Pruned 0 of 1 PDBs
[t=0.011173s, 5868 KB] Dominance pruning took 0.000008s
[t=0.011176s, 5868 KB] Canonical PDB heuristic number of patterns: 1
[t=0.011180s, 5868 KB] Canonical PDB heuristic total PDB size: 681472
[t=0.011183s, 5868 KB] Canonical PDB heuristic computation time: 0.008180s
[t=0.011214s, 5868 KB] Building successor generator... done!
[t=0.011267s, 5868 KB] peak memory difference for successor generator creation: 0 KB
[t=0.011269s, 5868 KB] time for successor generation creation: 0.000045s
[t=0.011274s, 5868 KB] Variables: 25
[t=0.011276s, 5868 KB] FactPairs: 110
[t=0.011278s, 5868 KB] Bytes per state: 8
[t=0.011287s, 5868 KB] Conducting best first search with reopening closed nodes, (real) bound = 2147483647
[t=0.011317s, 5868 KB] New best heuristic value for cpdbs: 11
[t=0.011321s, 5868 KB] g=0, 1 evaluated, 0 expanded
[t=0.011324s, 5868 KB] f = 11, 1 evaluated, 0 expanded
[t=0.011330s, 5868 KB] Initial heuristic value for cpdbs: 11
[t=0.011333s, 5868 KB] pruning method: none
[t=0.011344s, 5868 KB] New best heuristic value for cpdbs: 10
[t=0.011348s, 5868 KB] g=1, 3 evaluated, 1 expanded
[t=0.011354s, 5868 KB] New best heuristic value for cpdbs: 9
[t=0.011356s, 5868 KB] g=2, 6 evaluated, 2 expanded
[t=0.011362s, 5868 KB] New best heuristic value for cpdbs: 8
[t=0.011366s, 5868 KB] g=3, 10 evaluated, 3 expanded
[t=0.011370s, 5868 KB] New best heuristic value for cpdbs: 7
[t=0.011372s, 5868 KB] g=4, 12 evaluated, 4 expanded
[t=0.011378s, 5868 KB] New best heuristic value for cpdbs: 6
[t=0.011380s, 5868 KB] g=5, 15 evaluated, 5 expanded
[t=0.011389s, 5868 KB] New best heuristic value for cpdbs: 5
[t=0.011393s, 5868 KB] g=6, 17 evaluated, 6 expanded
[t=0.011397s, 5868 KB] New best heuristic value for cpdbs: 4
[t=0.011399s, 5868 KB] g=7, 19 evaluated, 7 expanded
[t=0.011404s, 5868 KB] f = 13, 21 evaluated, 8 expanded
[t=0.011430s, 5868 KB] f = 15, 37 evaluated, 23 expanded
[t=0.011442s, 5868 KB] f = 17, 39 evaluated, 32 expanded
[t=0.011475s, 5868 KB] f = 19, 69 evaluated, 46 expanded
[t=0.011503s, 5868 KB] f = 21, 91 evaluated, 65 expanded
[t=0.011534s, 5868 KB] f = 23, 114 evaluated, 88 expanded
[t=0.011556s, 5868 KB] f = 25, 128 evaluated, 105 expanded
[t=0.011586s, 5868 KB] f = 27, 148 evaluated, 120 expanded
[t=0.011618s, 5868 KB] f = 29, 177 evaluated, 143 expanded
[t=0.011659s, 5868 KB] f = 31, 216 evaluated, 171 expanded
[t=0.011758s, 5868 KB] f = 33, 304 evaluated, 230 expanded
[t=0.011863s, 5868 KB] f = 35, 403 evaluated, 308 expanded
[t=0.011973s, 5868 KB] f = 37, 506 evaluated, 400 expanded
[t=0.011982s, 5868 KB] New best heuristic value for cpdbs: 3
[t=0.011984s, 5868 KB] g=34, 511 evaluated, 402 expanded
[t=0.012097s, 5868 KB] f = 39, 582 evaluated, 489 expanded
[t=0.012143s, 5868 KB] f = 41, 603 evaluated, 542 expanded
[t=0.012175s, 5868 KB] f = 43, 627 evaluated, 568 expanded
[t=0.012207s, 5868 KB] f = 45, 654 evaluated, 592 expanded
[t=0.012231s, 5868 KB] f = 47, 670 evaluated, 610 expanded
[t=0.012247s, 5868 KB] f = 49, 676 evaluated, 623 expanded
[t=0.012255s, 5868 KB] f = 51, 678 evaluated, 629 expanded
[t=0.012258s, 5868 KB] Completely explored state space -- no solution!
[t=0.012261s, 5868 KB] Actual search time: 0.000924s
[t=0.012264s, 5868 KB] Expanded 630 state(s).
[t=0.012264s, 5868 KB] Reopened 0 state(s).
[t=0.012264s, 5868 KB] Evaluated 678 state(s).
[t=0.012264s, 5868 KB] Evaluations: 678
[t=0.012264s, 5868 KB] Generated 1664 state(s).
[t=0.012264s, 5868 KB] Dead ends: 48 state(s).
[t=0.012264s, 5868 KB] Expanded until last jump: 629 state(s).
[t=0.012264s, 5868 KB] Reopened until last jump: 0 state(s).
[t=0.012264s, 5868 KB] Evaluated until last jump: 678 state(s).
[t=0.012264s, 5868 KB] Generated until last jump: 1662 state(s).
[t=0.012264s, 5868 KB] Number of registered states: 678
[t=0.012264s, 5868 KB] Int hash set load factor: 678/1024 = 0.662109
[t=0.012264s, 5868 KB] Int hash set resizes: 10
[t=0.012264s, 5868 KB] Search time: 0.000978s
[t=0.012264s, 5868 KB] Total time: 0.012264s
Search stopped without finding a solution.
Remove intermediate file output.sas
search exit code: 12

Driver aborting after search

