$ D:\Miniforge3\python.exe C:/Users/user/Desktop/theoria/.worktrees/p13/engine-rig/.toolchain/downward/fast-downward.py --plan-file C:\Users\user\AppData\Local\Temp\e7verify5e6ji6ob\sas_plan C:\Users\user\Desktop\theoria\.worktrees\e7-deadlock-claim\engine-rig\runs\20260728T150713Z-E7-deadlock-claim-audit\attacks\work\a5\swap\singleton\sokoban_guarded_singleton_domain.pddl C:\Users\user\Desktop\theoria\.worktrees\e7-deadlock-claim\engine-rig\runs\20260728T150713Z-E7-deadlock-claim-audit\attacks\work\a5\swap\singleton\swap-passage_guarded_singleton.pddl --search astar(cpdbs(patterns=manual_patterns([[23,24,22,0],[23,24,22,12],[23,24,22,8],[23,24,22,13],[23,24,22,2],[23,24,22,1],[23,24,22,18],[23,24,22,9],[23,24,22,19],[23,24,22,3],[23,24,22,16],[23,24,22,17],[23,24,22,4],[23,24,22,20],[23,24,22,11],[23,24,22,21],[23,24,22,7],[23,24,22,5],[23,24,22,14],[23,24,22,10],[23,24,22,15],[23,24,22,6]])))

INFO     planner time limit: None
INFO     planner memory limit: None

INFO     Running translator.
INFO     translator stdin: None
INFO     translator time limit: None
INFO     translator memory limit: None
INFO     translator command line string: 'D:\Miniforge3\python.exe' -m translate 'C:\Users\user\Desktop\theoria\.worktrees\e7-deadlock-claim\engine-rig\runs\20260728T150713Z-E7-deadlock-claim-audit\attacks\work\a5\swap\singleton\sokoban_guarded_singleton_domain.pddl' 'C:\Users\user\Desktop\theoria\.worktrees\e7-deadlock-claim\engine-rig\runs\20260728T150713Z-E7-deadlock-claim-audit\attacks\work\a5\swap\singleton\swap-passage_guarded_singleton.pddl' --sas-file output.sas
Warning! SIGXCPU is not available on your platform. This means that the planner cannot be gracefully terminated when using a time limit, which, however, is probably supported on your platform anyway.
Parsing...
Parsing: [0.000s CPU, 0.002s wall-clock]
Normalizing task... [0.000s CPU, 0.000s wall-clock]
Instantiating...
Generating Datalog program... [0.000s CPU, 0.000s wall-clock]
Normalizing Datalog program...
Normalizing Datalog program: [0.000s CPU, 0.001s wall-clock]
Preparing model... [0.000s CPU, 0.000s wall-clock]
Generated 20 rules.
Computing model... [0.000s CPU, 0.005s wall-clock]
613 relevant atoms
888 auxiliary atoms
1501 final queue length
1771 total queue pushes
Completing instantiation... [0.000s CPU, 0.002s wall-clock]
Instantiating: [0.000s CPU, 0.008s wall-clock]
Computing fact groups...
Finding invariants...
7 initial candidates
Finding invariants: [0.000s CPU, 0.001s wall-clock]
Checking invariant weight... [0.000s CPU, 0.000s wall-clock]
Instantiating groups... [0.000s CPU, 0.001s wall-clock]
Collecting mutex groups... [0.000s CPU, 0.000s wall-clock]
Choosing groups...
54 uncovered facts
Choosing groups: [0.000s CPU, 0.000s wall-clock]
Building translation key... [0.000s CPU, 0.000s wall-clock]
Computing fact groups: [0.000s CPU, 0.003s wall-clock]
Building STRIPS to SAS dictionary... [0.000s CPU, 0.000s wall-clock]
Building dictionary for full mutex groups... [0.000s CPU, 0.000s wall-clock]
Building mutex information...
Building mutex information: [0.000s CPU, 0.000s wall-clock]
Translating task...
Processing axioms...
Simplifying axioms... [0.000s CPU, 0.000s wall-clock]
Translator axioms removed by simplifying: 0
Processing axioms: [0.000s CPU, 0.000s wall-clock]
Translating task: [0.016s CPU, 0.002s wall-clock]
172 effect conditions simplified
0 implied preconditions added
Detecting unreachable propositions...
0 operators removed
0 axioms removed
83 propositions removed
Detecting unreachable propositions: [0.000s CPU, 0.001s wall-clock]
Reordering and filtering variables...
25 of 25 variables necessary.
22 of 25 mutex groups necessary.
116 of 116 operators necessary.
0 of 0 axiom rules necessary.
Reordering and filtering variables: [0.000s CPU, 0.001s wall-clock]
Translator variables: 25
Translator derived variables: 0
Translator facts: 94
Translator goal facts: 2
Translator mutex groups: 22
Translator total mutex groups size: 72
Translator operators: 116
Translator axioms: 0
Translator task size: 1057
warning: could not determine peak memory
Writing output... [0.000s CPU, 0.010s wall-clock]
Done! [0.016s CPU, 0.027s wall-clock]
translate exit code: 0

INFO     Running search (release).
INFO     search stdin: output.sas
INFO     search time limit: None
INFO     search memory limit: None
INFO     search command line string: 'C:\Users\user\Desktop\theoria\.worktrees\p13\engine-rig\.toolchain\downward\builds\release\bin\downward.exe' --search 'astar(cpdbs(patterns=manual_patterns([[23,24,22,0],[23,24,22,12],[23,24,22,8],[23,24,22,13],[23,24,22,2],[23,24,22,1],[23,24,22,18],[23,24,22,9],[23,24,22,19],[23,24,22,3],[23,24,22,16],[23,24,22,17],[23,24,22,4],[23,24,22,20],[23,24,22,11],[23,24,22,21],[23,24,22,7],[23,24,22,5],[23,24,22,14],[23,24,22,10],[23,24,22,15],[23,24,22,6]])))' --internal-plan-file 'C:\Users\user\AppData\Local\Temp\e7verify5e6ji6ob\sas_plan' < output.sas
[t=0.000185s, 1960 KB] Search code revision: 7120aa0
[t=0.000281s, 1960 KB] reading input...
[t=0.001530s, 2180 KB] done reading input!
[t=0.003429s, 2872 KB] Initializing canonical PDB heuristic...
[t=0.003439s, 2872 KB] Generating patterns using: manual pattern collection generator
[t=0.003443s, 2872 KB] Manual pattern collection: [[23, 24, 22, 0], [23, 24, 22, 12], [23, 24, 22, 8], [23, 24, 22, 13], [23, 24, 22, 2], [23, 24, 22, 1], [23, 24, 22, 18], [23, 24, 22, 9], [23, 24, 22, 19], [23, 24, 22, 3], [23, 24, 22, 16], [23, 24, 22, 17], [23, 24, 22, 4], [23, 24, 22, 20], [23, 24, 22, 11], [23, 24, 22, 21], [23, 24, 22, 7], [23, 24, 22, 5], [23, 24, 22, 14], [23, 24, 22, 10], [23, 24, 22, 15], [23, 24, 22, 6]]
[t=0.003460s, 2872 KB] manual pattern collection generator number of patterns: 22
[t=0.003464s, 2872 KB] manual pattern collection generator total PDB size: 189728
[t=0.003467s, 2872 KB] manual pattern collection generator computation time: 1.59e-05s
[t=0.003473s, 2872 KB] Computing PDBs for pattern collection...
[t=0.009274s, 3684 KB] Done computing PDBs for pattern collection: 0.005806s
[t=0.009284s, 3684 KB] Computing pattern cliques for pattern collection...
[t=0.009303s, 3684 KB] Done computing pattern cliques for pattern collection: 0.000020s
[t=0.009308s, 3684 KB] Running dominance pruning...
[t=0.009315s, 3684 KB] Pruned 0 of 22 pattern cliques
[t=0.009319s, 3684 KB] Pruned 0 of 22 PDBs
[t=0.009321s, 3684 KB] Dominance pruning took 0.000012s
[t=0.009325s, 3684 KB] Canonical PDB heuristic number of patterns: 22
[t=0.009327s, 3684 KB] Canonical PDB heuristic total PDB size: 189728
[t=0.009330s, 3684 KB] Canonical PDB heuristic computation time: 0.005896s
[t=0.009356s, 3684 KB] Building successor generator... done!
[t=0.009404s, 3684 KB] peak memory difference for successor generator creation: 0 KB
[t=0.009407s, 3684 KB] time for successor generation creation: 0.000041s
[t=0.009411s, 3684 KB] Variables: 25
[t=0.009413s, 3684 KB] FactPairs: 94
[t=0.009416s, 3684 KB] Bytes per state: 8
[t=0.009425s, 3684 KB] Conducting best first search with reopening closed nodes, (real) bound = 2147483647
[t=0.009444s, 3708 KB] New best heuristic value for cpdbs: 11
[t=0.009448s, 3708 KB] g=0, 1 evaluated, 0 expanded
[t=0.009451s, 3708 KB] f = 11, 1 evaluated, 0 expanded
[t=0.009459s, 3720 KB] Initial heuristic value for cpdbs: 11
[t=0.009463s, 3720 KB] pruning method: none
[t=0.009473s, 3720 KB] New best heuristic value for cpdbs: 10
[t=0.009477s, 3720 KB] g=1, 4 evaluated, 1 expanded
[t=0.009483s, 3720 KB] New best heuristic value for cpdbs: 9
[t=0.009486s, 3720 KB] g=2, 6 evaluated, 2 expanded
[t=0.009494s, 3720 KB] New best heuristic value for cpdbs: 8
[t=0.009498s, 3720 KB] g=3, 10 evaluated, 3 expanded
[t=0.009503s, 3720 KB] New best heuristic value for cpdbs: 7
[t=0.009506s, 3720 KB] g=4, 12 evaluated, 4 expanded
[t=0.009511s, 3720 KB] f = 13, 15 evaluated, 5 expanded
[t=0.009537s, 3720 KB] f = 15, 29 evaluated, 16 expanded
[t=0.009556s, 3720 KB] f = 17, 36 evaluated, 28 expanded
[t=0.009568s, 3720 KB] f = 19, 42 evaluated, 33 expanded
[t=0.009586s, 3720 KB] f = 21, 52 evaluated, 41 expanded
[t=0.009620s, 3720 KB] f = 23, 73 evaluated, 57 expanded
[t=0.009636s, 3720 KB] f = 25, 81 evaluated, 66 expanded
[t=0.009658s, 3720 KB] f = 27, 95 evaluated, 77 expanded
[t=0.009715s, 3720 KB] f = 29, 133 evaluated, 102 expanded
[t=0.009730s, 3720 KB] New best heuristic value for cpdbs: 6
[t=0.009732s, 3720 KB] g=23, 143 evaluated, 107 expanded
[t=0.009737s, 3720 KB] New best heuristic value for cpdbs: 5
[t=0.009739s, 3720 KB] g=24, 145 evaluated, 108 expanded
[t=0.009817s, 3720 KB] f = 31, 201 evaluated, 155 expanded
[t=0.009884s, 3720 KB] f = 33, 244 evaluated, 202 expanded
[t=0.009955s, 3720 KB] f = 35, 282 evaluated, 243 expanded
[t=0.010075s, 3720 KB] f = 37, 381 evaluated, 310 expanded
[t=0.010225s, 3720 KB] f = 39, 469 evaluated, 394 expanded
[t=0.010348s, 3744 KB] f = 41, 529 evaluated, 466 expanded
[t=0.010431s, 3744 KB] f = 43, 584 evaluated, 524 expanded
[t=0.010479s, 3744 KB] f = 45, 608 evaluated, 564 expanded
[t=0.010518s, 3744 KB] f = 47, 633 evaluated, 592 expanded
[t=0.010548s, 3744 KB] f = 49, 651 evaluated, 611 expanded
[t=0.010564s, 3744 KB] f = 51, 657 evaluated, 624 expanded
[t=0.010571s, 3744 KB] f = 53, 658 evaluated, 629 expanded
[t=0.010573s, 3744 KB] Completely explored state space -- no solution!
[t=0.010575s, 3744 KB] Actual search time: 0.001111s
[t=0.010578s, 3744 KB] Expanded 630 state(s).
[t=0.010578s, 3744 KB] Reopened 0 state(s).
[t=0.010578s, 3744 KB] Evaluated 658 state(s).
[t=0.010578s, 3744 KB] Evaluations: 658
[t=0.010578s, 3744 KB] Generated 1644 state(s).
[t=0.010578s, 3744 KB] Dead ends: 28 state(s).
[t=0.010578s, 3744 KB] Expanded until last jump: 629 state(s).
[t=0.010578s, 3744 KB] Reopened until last jump: 0 state(s).
[t=0.010578s, 3744 KB] Evaluated until last jump: 658 state(s).
[t=0.010578s, 3744 KB] Generated until last jump: 1642 state(s).
[t=0.010578s, 3744 KB] Number of registered states: 658
[t=0.010578s, 3744 KB] Int hash set load factor: 658/1024 = 0.642578
[t=0.010578s, 3744 KB] Int hash set resizes: 10
[t=0.010578s, 3744 KB] Search time: 0.001154s
[t=0.010578s, 3744 KB] Total time: 0.010578s
Search stopped without finding a solution.
Remove intermediate file output.sas
search exit code: 12

Driver aborting after search

