$ D:\Miniforge3\python.exe C:/Users/user/Desktop/theoria/.worktrees/p13/engine-rig/.toolchain/downward/fast-downward.py --plan-file C:\Users\user\AppData\Local\Temp\e7verifysy80yp6y\sas_plan C:\Users\user\Desktop\theoria\.worktrees\e7-deadlock-claim\engine-rig\runs\20260728T150713Z-E7-deadlock-claim-audit\attacks\work\a5\swap\singleton\sokoban_guarded_singleton_domain.pddl C:\Users\user\Desktop\theoria\.worktrees\e7-deadlock-claim\engine-rig\runs\20260728T150713Z-E7-deadlock-claim-audit\attacks\work\a5\swap\singleton\swap-passage_guarded_singleton.pddl --search astar(cpdbs(patterns=manual_patterns([[23,24,22,19,18,17,16,20,21,9]])))

INFO     planner time limit: None
INFO     planner memory limit: None

INFO     Running translator.
INFO     translator stdin: None
INFO     translator time limit: None
INFO     translator memory limit: None
INFO     translator command line string: 'D:\Miniforge3\python.exe' -m translate 'C:\Users\user\Desktop\theoria\.worktrees\e7-deadlock-claim\engine-rig\runs\20260728T150713Z-E7-deadlock-claim-audit\attacks\work\a5\swap\singleton\sokoban_guarded_singleton_domain.pddl' 'C:\Users\user\Desktop\theoria\.worktrees\e7-deadlock-claim\engine-rig\runs\20260728T150713Z-E7-deadlock-claim-audit\attacks\work\a5\swap\singleton\swap-passage_guarded_singleton.pddl' --sas-file output.sas
Warning! SIGXCPU is not available on your platform. This means that the planner cannot be gracefully terminated when using a time limit, which, however, is probably supported on your platform anyway.
Parsing...
Parsing: [0.000s CPU, 0.002s wall-clock]
Normalizing task... [0.000s CPU, 0.000s wall-clock]
Instantiating...
Generating Datalog program... [0.000s CPU, 0.000s wall-clock]
Normalizing Datalog program...
Normalizing Datalog program: [0.000s CPU, 0.001s wall-clock]
Preparing model... [0.000s CPU, 0.000s wall-clock]
Generated 20 rules.
Computing model... [0.000s CPU, 0.005s wall-clock]
613 relevant atoms
888 auxiliary atoms
1501 final queue length
1771 total queue pushes
Completing instantiation... [0.016s CPU, 0.002s wall-clock]
Instantiating: [0.016s CPU, 0.008s wall-clock]
Computing fact groups...
Finding invariants...
7 initial candidates
Finding invariants: [0.000s CPU, 0.001s wall-clock]
Checking invariant weight... [0.000s CPU, 0.000s wall-clock]
Instantiating groups... [0.000s CPU, 0.001s wall-clock]
Collecting mutex groups... [0.000s CPU, 0.000s wall-clock]
Choosing groups...
54 uncovered facts
Choosing groups: [0.000s CPU, 0.000s wall-clock]
Building translation key... [0.000s CPU, 0.000s wall-clock]
Computing fact groups: [0.000s CPU, 0.003s wall-clock]
Building STRIPS to SAS dictionary... [0.000s CPU, 0.000s wall-clock]
Building dictionary for full mutex groups... [0.000s CPU, 0.000s wall-clock]
Building mutex information...
Building mutex information: [0.000s CPU, 0.000s wall-clock]
Translating task...
Processing axioms...
Simplifying axioms... [0.000s CPU, 0.000s wall-clock]
Translator axioms removed by simplifying: 0
Processing axioms: [0.000s CPU, 0.000s wall-clock]
Translating task: [0.000s CPU, 0.002s wall-clock]
172 effect conditions simplified
0 implied preconditions added
Detecting unreachable propositions...
0 operators removed
0 axioms removed
83 propositions removed
Detecting unreachable propositions: [0.000s CPU, 0.001s wall-clock]
Reordering and filtering variables...
25 of 25 variables necessary.
22 of 25 mutex groups necessary.
116 of 116 operators necessary.
0 of 0 axiom rules necessary.
Reordering and filtering variables: [0.000s CPU, 0.001s wall-clock]
Translator variables: 25
Translator derived variables: 0
Translator facts: 94
Translator goal facts: 2
Translator mutex groups: 22
Translator total mutex groups size: 72
Translator operators: 116
Translator axioms: 0
Translator task size: 1057
warning: could not determine peak memory
Writing output... [0.000s CPU, 0.009s wall-clock]
Done! [0.016s CPU, 0.026s wall-clock]
translate exit code: 0

INFO     Running search (release).
INFO     search stdin: output.sas
INFO     search time limit: None
INFO     search memory limit: None
INFO     search command line string: 'C:\Users\user\Desktop\theoria\.worktrees\p13\engine-rig\.toolchain\downward\builds\release\bin\downward.exe' --search 'astar(cpdbs(patterns=manual_patterns([[23,24,22,19,18,17,16,20,21,9]])))' --internal-plan-file 'C:\Users\user\AppData\Local\Temp\e7verifysy80yp6y\sas_plan' < output.sas
[t=0.000174s, 1940 KB] Search code revision: 7120aa0
[t=0.000277s, 1940 KB] reading input...
[t=0.001514s, 2184 KB] done reading input!
[t=0.002890s, 2836 KB] Initializing canonical PDB heuristic...
[t=0.002901s, 2836 KB] Generating patterns using: manual pattern collection generator
[t=0.002906s, 2836 KB] Manual pattern collection: [[23, 24, 22, 19, 18, 17, 16, 20, 21, 9]]
[t=0.002916s, 2836 KB] manual pattern collection generator number of patterns: 1
[t=0.002925s, 2836 KB] manual pattern collection generator total PDB size: 551936
[t=0.002928s, 2836 KB] manual pattern collection generator computation time: 9.2e-06s
[t=0.002934s, 2836 KB] Computing PDBs for pattern collection...
[t=0.008501s, 5172 KB] Done computing PDBs for pattern collection: 0.005572s
[t=0.008511s, 5172 KB] Computing pattern cliques for pattern collection...
[t=0.008526s, 5172 KB] Done computing pattern cliques for pattern collection: 0.000016s
[t=0.008531s, 5172 KB] Running dominance pruning...
[t=0.008536s, 5172 KB] Pruned 0 of 1 pattern cliques
[t=0.008540s, 5172 KB] Pruned 0 of 1 PDBs
[t=0.008543s, 5172 KB] Dominance pruning took 0.000010s
[t=0.008547s, 5172 KB] Canonical PDB heuristic number of patterns: 1
[t=0.008550s, 5172 KB] Canonical PDB heuristic total PDB size: 551936
[t=0.008553s, 5172 KB] Canonical PDB heuristic computation time: 0.005657s
[t=0.008584s, 5172 KB] Building successor generator... done!
[t=0.008642s, 5172 KB] peak memory difference for successor generator creation: 0 KB
[t=0.008645s, 5172 KB] time for successor generation creation: 0.000048s
[t=0.008650s, 5172 KB] Variables: 25
[t=0.008652s, 5172 KB] FactPairs: 94
[t=0.008654s, 5172 KB] Bytes per state: 8
[t=0.008665s, 5172 KB] Conducting best first search with reopening closed nodes, (real) bound = 2147483647
[t=0.008700s, 5208 KB] New best heuristic value for cpdbs: 29
[t=0.008707s, 5208 KB] g=0, 1 evaluated, 0 expanded
[t=0.008709s, 5208 KB] f = 29, 1 evaluated, 0 expanded
[t=0.008717s, 5208 KB] Initial heuristic value for cpdbs: 29
[t=0.008719s, 5208 KB] pruning method: none
[t=0.008729s, 5208 KB] New best heuristic value for cpdbs: 28
[t=0.008734s, 5208 KB] g=1, 4 evaluated, 1 expanded
[t=0.008739s, 5208 KB] New best heuristic value for cpdbs: 27
[t=0.008741s, 5208 KB] g=2, 5 evaluated, 2 expanded
[t=0.008746s, 5208 KB] New best heuristic value for cpdbs: 26
[t=0.008748s, 5208 KB] g=3, 7 evaluated, 3 expanded
[t=0.008752s, 5208 KB] New best heuristic value for cpdbs: 25
[t=0.008755s, 5208 KB] g=4, 8 evaluated, 4 expanded
[t=0.008762s, 5208 KB] New best heuristic value for cpdbs: 24
[t=0.008766s, 5208 KB] g=5, 11 evaluated, 5 expanded
[t=0.008770s, 5208 KB] New best heuristic value for cpdbs: 23
[t=0.008774s, 5208 KB] g=6, 13 evaluated, 6 expanded
[t=0.008782s, 5208 KB] New best heuristic value for cpdbs: 22
[t=0.008785s, 5208 KB] g=7, 15 evaluated, 7 expanded
[t=0.008791s, 5208 KB] New best heuristic value for cpdbs: 21
[t=0.008795s, 5208 KB] g=8, 17 evaluated, 8 expanded
[t=0.008799s, 5208 KB] New best heuristic value for cpdbs: 20
[t=0.008801s, 5208 KB] g=9, 18 evaluated, 9 expanded
[t=0.008808s, 5208 KB] New best heuristic value for cpdbs: 19
[t=0.008811s, 5208 KB] g=10, 20 evaluated, 10 expanded
[t=0.008817s, 5208 KB] New best heuristic value for cpdbs: 18
[t=0.008821s, 5208 KB] g=11, 24 evaluated, 11 expanded
[t=0.008826s, 5208 KB] New best heuristic value for cpdbs: 17
[t=0.008828s, 5208 KB] g=12, 26 evaluated, 12 expanded
[t=0.008833s, 5208 KB] New best heuristic value for cpdbs: 16
[t=0.008836s, 5208 KB] g=13, 28 evaluated, 13 expanded
[t=0.008842s, 5208 KB] New best heuristic value for cpdbs: 15
[t=0.008846s, 5208 KB] g=14, 31 evaluated, 14 expanded
[t=0.008852s, 5208 KB] New best heuristic value for cpdbs: 14
[t=0.008856s, 5208 KB] g=15, 34 evaluated, 15 expanded
[t=0.008860s, 5208 KB] New best heuristic value for cpdbs: 13
[t=0.008862s, 5208 KB] g=16, 35 evaluated, 16 expanded
[t=0.008868s, 5208 KB] New best heuristic value for cpdbs: 12
[t=0.008870s, 5208 KB] g=17, 37 evaluated, 17 expanded
[t=0.008875s, 5208 KB] New best heuristic value for cpdbs: 11
[t=0.008879s, 5208 KB] g=18, 39 evaluated, 18 expanded
[t=0.008883s, 5208 KB] New best heuristic value for cpdbs: 10
[t=0.008885s, 5208 KB] g=19, 40 evaluated, 19 expanded
[t=0.008889s, 5208 KB] New best heuristic value for cpdbs: 9
[t=0.008893s, 5208 KB] g=20, 41 evaluated, 20 expanded
[t=0.008898s, 5208 KB] New best heuristic value for cpdbs: 8
[t=0.008900s, 5208 KB] g=21, 43 evaluated, 21 expanded
[t=0.008904s, 5208 KB] f = 31, 44 evaluated, 23 expanded
[t=0.008927s, 5208 KB] f = 33, 54 evaluated, 40 expanded
[t=0.008942s, 5208 KB] f = 35, 61 evaluated, 50 expanded
[t=0.008959s, 5208 KB] f = 37, 68 evaluated, 57 expanded
[t=0.009012s, 5304 KB] f = 39, 112 evaluated, 83 expanded
[t=0.009048s, 5304 KB] f = 41, 134 evaluated, 106 expanded
[t=0.009069s, 5304 KB] f = 43, 144 evaluated, 125 expanded
[t=0.009090s, 5304 KB] f = 45, 161 evaluated, 137 expanded
[t=0.009118s, 5304 KB] f = 47, 181 evaluated, 159 expanded
[t=0.009147s, 5304 KB] f = 49, 207 evaluated, 179 expanded
[t=0.009169s, 5304 KB] f = 51, 219 evaluated, 196 expanded
[t=0.009197s, 5304 KB] f = 53, 241 evaluated, 217 expanded
[t=0.009248s, 5304 KB] f = 55, 272 evaluated, 241 expanded
[t=0.009279s, 5304 KB] f = 57, 295 evaluated, 267 expanded
[t=0.009298s, 5304 KB] f = 59, 307 evaluated, 280 expanded
[t=0.009337s, 5304 KB] f = 61, 342 evaluated, 306 expanded
[t=0.009363s, 5304 KB] f = 63, 357 evaluated, 330 expanded
[t=0.009377s, 5304 KB] f = 65, 365 evaluated, 340 expanded
[t=0.009402s, 5304 KB] f = 67, 390 evaluated, 356 expanded
[t=0.009437s, 5304 KB] f = 69, 419 evaluated, 383 expanded
[t=0.009463s, 5304 KB] f = 71, 438 evaluated, 405 expanded
[t=0.009482s, 5304 KB] f = 73, 449 evaluated, 421 expanded
[t=0.009509s, 5304 KB] f = 75, 470 evaluated, 439 expanded
[t=0.009523s, 5304 KB] f = 77, 474 evaluated, 451 expanded
[t=0.009527s, 5304 KB] Completely explored state space -- no solution!
[t=0.009529s, 5304 KB] Actual search time: 0.000808s
[t=0.009533s, 5304 KB] Expanded 454 state(s).
[t=0.009533s, 5304 KB] Reopened 0 state(s).
[t=0.009533s, 5304 KB] Evaluated 474 state(s).
[t=0.009533s, 5304 KB] Evaluations: 474
[t=0.009533s, 5304 KB] Generated 1164 state(s).
[t=0.009533s, 5304 KB] Dead ends: 20 state(s).
[t=0.009533s, 5304 KB] Expanded until last jump: 451 state(s).
[t=0.009533s, 5304 KB] Reopened until last jump: 0 state(s).
[t=0.009533s, 5304 KB] Evaluated until last jump: 474 state(s).
[t=0.009533s, 5304 KB] Generated until last jump: 1159 state(s).
[t=0.009533s, 5304 KB] Number of registered states: 474
[t=0.009533s, 5304 KB] Int hash set load factor: 474/512 = 0.925781
[t=0.009533s, 5304 KB] Int hash set resizes: 9
[t=0.009533s, 5304 KB] Search time: 0.000869s
[t=0.009533s, 5304 KB] Total time: 0.009533s
Search stopped without finding a solution.
Remove intermediate file output.sas
search exit code: 12

Driver aborting after search

