$ D:\Miniforge3\python.exe C:/Users/user/Desktop/theoria/.worktrees/p13/engine-rig/.toolchain/downward/fast-downward.py --plan-file C:\Users\user\AppData\Local\Temp\e7verifyurbmnlu7\sas_plan C:\Users\user\Desktop\theoria\.worktrees\e7-deadlock-claim\engine-rig\runs\20260728T150713Z-E7-deadlock-claim-audit\attacks\work\a5\swap\singleton\sokoban_guarded_singleton_domain.pddl C:\Users\user\Desktop\theoria\.worktrees\e7-deadlock-claim\engine-rig\runs\20260728T150713Z-E7-deadlock-claim-audit\attacks\work\a5\swap\singleton\swap-passage_guarded_singleton.pddl --search astar(cpdbs(patterns=manual_patterns([[23,24,22,11,14,15,5,21,7]])))

INFO     planner time limit: None
INFO     planner memory limit: None

INFO     Running translator.
INFO     translator stdin: None
INFO     translator time limit: None
INFO     translator memory limit: None
INFO     translator command line string: 'D:\Miniforge3\python.exe' -m translate 'C:\Users\user\Desktop\theoria\.worktrees\e7-deadlock-claim\engine-rig\runs\20260728T150713Z-E7-deadlock-claim-audit\attacks\work\a5\swap\singleton\sokoban_guarded_singleton_domain.pddl' 'C:\Users\user\Desktop\theoria\.worktrees\e7-deadlock-claim\engine-rig\runs\20260728T150713Z-E7-deadlock-claim-audit\attacks\work\a5\swap\singleton\swap-passage_guarded_singleton.pddl' --sas-file output.sas
Warning! SIGXCPU is not available on your platform. This means that the planner cannot be gracefully terminated when using a time limit, which, however, is probably supported on your platform anyway.
Parsing...
Parsing: [0.000s CPU, 0.002s wall-clock]
Normalizing task... [0.000s CPU, 0.000s wall-clock]
Instantiating...
Generating Datalog program... [0.000s CPU, 0.000s wall-clock]
Normalizing Datalog program...
Normalizing Datalog program: [0.000s CPU, 0.001s wall-clock]
Preparing model... [0.000s CPU, 0.001s wall-clock]
Generated 20 rules.
Computing model... [0.000s CPU, 0.006s wall-clock]
613 relevant atoms
888 auxiliary atoms
1501 final queue length
1771 total queue pushes
Completing instantiation... [0.016s CPU, 0.002s wall-clock]
Instantiating: [0.016s CPU, 0.010s wall-clock]
Computing fact groups...
Finding invariants...
7 initial candidates
Finding invariants: [0.000s CPU, 0.001s wall-clock]
Checking invariant weight... [0.000s CPU, 0.000s wall-clock]
Instantiating groups... [0.000s CPU, 0.001s wall-clock]
Collecting mutex groups... [0.000s CPU, 0.000s wall-clock]
Choosing groups...
54 uncovered facts
Choosing groups: [0.000s CPU, 0.000s wall-clock]
Building translation key... [0.000s CPU, 0.000s wall-clock]
Computing fact groups: [0.000s CPU, 0.003s wall-clock]
Building STRIPS to SAS dictionary... [0.000s CPU, 0.000s wall-clock]
Building dictionary for full mutex groups... [0.000s CPU, 0.000s wall-clock]
Building mutex information...
Building mutex information: [0.000s CPU, 0.000s wall-clock]
Translating task...
Processing axioms...
Simplifying axioms... [0.000s CPU, 0.000s wall-clock]
Translator axioms removed by simplifying: 0
Processing axioms: [0.000s CPU, 0.000s wall-clock]
Translating task: [0.000s CPU, 0.002s wall-clock]
172 effect conditions simplified
0 implied preconditions added
Detecting unreachable propositions...
0 operators removed
0 axioms removed
83 propositions removed
Detecting unreachable propositions: [0.000s CPU, 0.001s wall-clock]
Reordering and filtering variables...
25 of 25 variables necessary.
22 of 25 mutex groups necessary.
116 of 116 operators necessary.
0 of 0 axiom rules necessary.
Reordering and filtering variables: [0.000s CPU, 0.001s wall-clock]
Translator variables: 25
Translator derived variables: 0
Translator facts: 94
Translator goal facts: 2
Translator mutex groups: 22
Translator total mutex groups size: 72
Translator operators: 116
Translator axioms: 0
Translator task size: 1057
warning: could not determine peak memory
Writing output... [0.000s CPU, 0.010s wall-clock]
Done! [0.016s CPU, 0.029s wall-clock]
translate exit code: 0

INFO     Running search (release).
INFO     search stdin: output.sas
INFO     search time limit: None
INFO     search memory limit: None
INFO     search command line string: 'C:\Users\user\Desktop\theoria\.worktrees\p13\engine-rig\.toolchain\downward\builds\release\bin\downward.exe' --search 'astar(cpdbs(patterns=manual_patterns([[23,24,22,11,14,15,5,21,7]])))' --internal-plan-file 'C:\Users\user\AppData\Local\Temp\e7verifyurbmnlu7\sas_plan' < output.sas
[t=0.000154s, 1940 KB] Search code revision: 7120aa0
[t=0.000260s, 1960 KB] reading input...
[t=0.001630s, 2240 KB] done reading input!
[t=0.002997s, 2828 KB] Initializing canonical PDB heuristic...
[t=0.003007s, 2828 KB] Generating patterns using: manual pattern collection generator
[t=0.003012s, 2828 KB] Manual pattern collection: [[23, 24, 22, 11, 14, 15, 5, 21, 7]]
[t=0.003022s, 2836 KB] manual pattern collection generator number of patterns: 1
[t=0.003072s, 2836 KB] manual pattern collection generator total PDB size: 275968
[t=0.003075s, 2836 KB] manual pattern collection generator computation time: 9.9e-06s
[t=0.003081s, 2836 KB] Computing PDBs for pattern collection...
[t=0.013047s, 4316 KB] Done computing PDBs for pattern collection: 0.009973s
[t=0.013062s, 4316 KB] Computing pattern cliques for pattern collection...
[t=0.013079s, 4316 KB] Done computing pattern cliques for pattern collection: 0.000019s
[t=0.013084s, 4316 KB] Running dominance pruning...
[t=0.013089s, 4316 KB] Pruned 0 of 1 pattern cliques
[t=0.013095s, 4316 KB] Pruned 0 of 1 PDBs
[t=0.013097s, 4316 KB] Dominance pruning took 0.000012s
[t=0.013101s, 4316 KB] Canonical PDB heuristic number of patterns: 1
[t=0.013103s, 4316 KB] Canonical PDB heuristic total PDB size: 275968
[t=0.013105s, 4316 KB] Canonical PDB heuristic computation time: 0.010104s
[t=0.013133s, 4316 KB] Building successor generator... done!
[t=0.013184s, 4316 KB] peak memory difference for successor generator creation: 0 KB
[t=0.013186s, 4316 KB] time for successor generation creation: 0.000042s
[t=0.013191s, 4316 KB] Variables: 25
[t=0.013193s, 4316 KB] FactPairs: 94
[t=0.013195s, 4316 KB] Bytes per state: 8
[t=0.013206s, 4316 KB] Conducting best first search with reopening closed nodes, (real) bound = 2147483647
[t=0.013237s, 4316 KB] New best heuristic value for cpdbs: 9
[t=0.013241s, 4316 KB] g=0, 1 evaluated, 0 expanded
[t=0.013244s, 4316 KB] f = 9, 1 evaluated, 0 expanded
[t=0.013250s, 4316 KB] Initial heuristic value for cpdbs: 9
[t=0.013253s, 4316 KB] pruning method: none
[t=0.013262s, 4316 KB] New best heuristic value for cpdbs: 8
[t=0.013266s, 4316 KB] g=1, 4 evaluated, 1 expanded
[t=0.013271s, 4316 KB] New best heuristic value for cpdbs: 7
[t=0.013274s, 4316 KB] g=2, 6 evaluated, 2 expanded
[t=0.013280s, 4316 KB] New best heuristic value for cpdbs: 6
[t=0.013284s, 4316 KB] g=3, 10 evaluated, 3 expanded
[t=0.013288s, 4316 KB] f = 11, 12 evaluated, 4 expanded
[t=0.013298s, 4316 KB] New best heuristic value for cpdbs: 5
[t=0.013305s, 4316 KB] g=6, 17 evaluated, 6 expanded
[t=0.013310s, 4316 KB] New best heuristic value for cpdbs: 4
[t=0.013313s, 4316 KB] g=7, 20 evaluated, 7 expanded
[t=0.013324s, 4316 KB] f = 13, 27 evaluated, 14 expanded
[t=0.013347s, 4316 KB] f = 15, 37 evaluated, 27 expanded
[t=0.013355s, 4316 KB] f = 17, 38 evaluated, 32 expanded
[t=0.013387s, 4316 KB] f = 19, 66 evaluated, 46 expanded
[t=0.013414s, 4316 KB] f = 21, 88 evaluated, 65 expanded
[t=0.013444s, 4316 KB] f = 23, 110 evaluated, 88 expanded
[t=0.013471s, 4316 KB] f = 25, 128 evaluated, 108 expanded
[t=0.013520s, 4316 KB] f = 27, 170 evaluated, 136 expanded
[t=0.013570s, 4316 KB] f = 29, 215 evaluated, 173 expanded
[t=0.013578s, 4316 KB] New best heuristic value for cpdbs: 3
[t=0.013581s, 4316 KB] g=26, 220 evaluated, 175 expanded
[t=0.013643s, 4316 KB] f = 31, 262 evaluated, 218 expanded
[t=0.013690s, 4316 KB] f = 33, 302 evaluated, 257 expanded
[t=0.013762s, 4316 KB] f = 35, 372 evaluated, 314 expanded
[t=0.013842s, 4316 KB] f = 37, 447 evaluated, 380 expanded
[t=0.013933s, 4316 KB] f = 39, 509 evaluated, 441 expanded
[t=0.013999s, 4316 KB] f = 41, 561 evaluated, 499 expanded
[t=0.014066s, 4316 KB] f = 43, 616 evaluated, 556 expanded
[t=0.014098s, 4316 KB] f = 45, 631 evaluated, 590 expanded
[t=0.014127s, 4316 KB] f = 47, 654 evaluated, 614 expanded
[t=0.014141s, 4316 KB] f = 49, 658 evaluated, 626 expanded
[t=0.014146s, 4316 KB] Completely explored state space -- no solution!
[t=0.014149s, 4316 KB] Actual search time: 0.000895s
[t=0.014153s, 4316 KB] Expanded 630 state(s).
[t=0.014153s, 4316 KB] Reopened 0 state(s).
[t=0.014153s, 4316 KB] Evaluated 658 state(s).
[t=0.014153s, 4316 KB] Evaluations: 658
[t=0.014153s, 4316 KB] Generated 1644 state(s).
[t=0.014153s, 4316 KB] Dead ends: 28 state(s).
[t=0.014153s, 4316 KB] Expanded until last jump: 626 state(s).
[t=0.014153s, 4316 KB] Reopened until last jump: 0 state(s).
[t=0.014153s, 4316 KB] Evaluated until last jump: 658 state(s).
[t=0.014153s, 4316 KB] Generated until last jump: 1636 state(s).
[t=0.014153s, 4316 KB] Number of registered states: 658
[t=0.014153s, 4316 KB] Int hash set load factor: 658/1024 = 0.642578
[t=0.014153s, 4316 KB] Int hash set resizes: 10
[t=0.014153s, 4316 KB] Search time: 0.000949s
[t=0.014153s, 4316 KB] Total time: 0.014153s
Search stopped without finding a solution.
Remove intermediate file output.sas
search exit code: 12

Driver aborting after search

