$ D:\Miniforge3\python.exe C:/Users/user/Desktop/theoria/.worktrees/p13/engine-rig/.toolchain/downward/fast-downward.py --plan-file C:\Users\user\AppData\Local\Temp\e7verifycw502iye\sas_plan C:\Users\user\Desktop\theoria\.worktrees\e7-deadlock-claim\engine-rig\fixtures\data\sokoban_domain.pddl C:\Users\user\Desktop\theoria\.worktrees\e7-deadlock-claim\engine-rig\runs\20260728T150713Z-E7-deadlock-claim-audit\attacks\work\a5\swap\swap-passage.pddl --search astar(cpdbs(patterns=systematic(3)))

INFO     planner time limit: None
INFO     planner memory limit: None

INFO     Running translator.
INFO     translator stdin: None
INFO     translator time limit: None
INFO     translator memory limit: None
INFO     translator command line string: 'D:\Miniforge3\python.exe' -m translate 'C:\Users\user\Desktop\theoria\.worktrees\e7-deadlock-claim\engine-rig\fixtures\data\sokoban_domain.pddl' 'C:\Users\user\Desktop\theoria\.worktrees\e7-deadlock-claim\engine-rig\runs\20260728T150713Z-E7-deadlock-claim-audit\attacks\work\a5\swap\swap-passage.pddl' --sas-file output.sas
Warning! SIGXCPU is not available on your platform. This means that the planner cannot be gracefully terminated when using a time limit, which, however, is probably supported on your platform anyway.
Parsing...
Parsing: [0.000s CPU, 0.002s wall-clock]
Normalizing task... [0.000s CPU, 0.000s wall-clock]
Instantiating...
Generating Datalog program... [0.000s CPU, 0.000s wall-clock]
Normalizing Datalog program...
Normalizing Datalog program: [0.000s CPU, 0.001s wall-clock]
Preparing model... [0.000s CPU, 0.001s wall-clock]
Generated 20 rules.
Computing model... [0.016s CPU, 0.005s wall-clock]
597 relevant atoms
888 auxiliary atoms
1485 final queue length
1755 total queue pushes
Completing instantiation... [0.000s CPU, 0.002s wall-clock]
Instantiating: [0.016s CPU, 0.009s wall-clock]
Computing fact groups...
Finding invariants...
7 initial candidates
Finding invariants: [0.000s CPU, 0.001s wall-clock]
Checking invariant weight... [0.000s CPU, 0.000s wall-clock]
Instantiating groups... [0.000s CPU, 0.001s wall-clock]
Collecting mutex groups... [0.000s CPU, 0.000s wall-clock]
Choosing groups...
54 uncovered facts
Choosing groups: [0.000s CPU, 0.000s wall-clock]
Building translation key... [0.000s CPU, 0.000s wall-clock]
Computing fact groups: [0.000s CPU, 0.003s wall-clock]
Building STRIPS to SAS dictionary... [0.000s CPU, 0.000s wall-clock]
Building dictionary for full mutex groups... [0.000s CPU, 0.000s wall-clock]
Building mutex information...
Building mutex information: [0.000s CPU, 0.000s wall-clock]
Translating task...
Processing axioms...
Simplifying axioms... [0.000s CPU, 0.000s wall-clock]
Translator axioms removed by simplifying: 0
Processing axioms: [0.000s CPU, 0.000s wall-clock]
Translating task: [0.000s CPU, 0.002s wall-clock]
204 effect conditions simplified
0 implied preconditions added
Detecting unreachable propositions...
0 operators removed
0 axioms removed
67 propositions removed
Detecting unreachable propositions: [0.000s CPU, 0.001s wall-clock]
Reordering and filtering variables...
25 of 25 variables necessary.
22 of 25 mutex groups necessary.
132 of 132 operators necessary.
0 of 0 axiom rules necessary.
Reordering and filtering variables: [0.000s CPU, 0.001s wall-clock]
Translator variables: 25
Translator derived variables: 0
Translator facts: 110
Translator goal facts: 2
Translator mutex groups: 22
Translator total mutex groups size: 88
Translator operators: 132
Translator axioms: 0
Translator task size: 1233
warning: could not determine peak memory
Writing output... [0.000s CPU, 0.011s wall-clock]
Done! [0.016s CPU, 0.029s wall-clock]
translate exit code: 0

INFO     Running search (release).
INFO     search stdin: output.sas
INFO     search time limit: None
INFO     search memory limit: None
INFO     search command line string: 'C:\Users\user\Desktop\theoria\.worktrees\p13\engine-rig\.toolchain\downward\builds\release\bin\downward.exe' --search 'astar(cpdbs(patterns=systematic(3)))' --internal-plan-file 'C:\Users\user\AppData\Local\Temp\e7verifycw502iye\sas_plan' < output.sas
[t=0.000154s, 1972 KB] Search code revision: 7120aa0
[t=0.000253s, 1972 KB] reading input...
[t=0.001641s, 2224 KB] done reading input!
[t=0.002903s, 2824 KB] Initializing canonical PDB heuristic...
[t=0.002913s, 2824 KB] Generating patterns using: systematic pattern collection generator
[t=0.002925s, 2836 KB] Building causal graph... done!
[t=0.003346s, 3072 KB] Found 577 SGA patterns.
[t=0.004023s, 3084 KB] Found 577 interesting patterns.
[t=0.004091s, 3084 KB] systematic pattern collection generator number of patterns: 577
[t=0.004096s, 3084 KB] systematic pattern collection generator total PDB size: 118140
[t=0.004101s, 3084 KB] systematic pattern collection generator computation time: 0.0011719s
[t=0.004107s, 3084 KB] Computing PDBs for pattern collection...
[t=0.020413s, 3612 KB] Done computing PDBs for pattern collection: 0.016319s
[t=0.020436s, 3612 KB] Computing pattern cliques for pattern collection...
[t=0.021129s, 3692 KB] Done computing pattern cliques for pattern collection: 0.000699s
[t=0.021147s, 3692 KB] Running dominance pruning...
[t=0.022087s, 3720 KB] Pruned 47 of 576 pattern cliques
[t=0.022094s, 3720 KB] Pruned 48 of 577 PDBs
[t=0.022097s, 3720 KB] Dominance pruning took 0.000947s
[t=0.022111s, 3720 KB] Canonical PDB heuristic number of patterns: 529
[t=0.022114s, 3720 KB] Canonical PDB heuristic total PDB size: 115192
[t=0.022120s, 3720 KB] Canonical PDB heuristic computation time: 0.019208s
[t=0.022156s, 3720 KB] Building successor generator... done!
[t=0.022213s, 3720 KB] peak memory difference for successor generator creation: 0 KB
[t=0.022216s, 3720 KB] time for successor generation creation: 0.000049s
[t=0.022221s, 3720 KB] Variables: 25
[t=0.022225s, 3720 KB] FactPairs: 110
[t=0.022227s, 3720 KB] Bytes per state: 8
[t=0.022236s, 3720 KB] Conducting best first search with reopening closed nodes, (real) bound = 2147483647
[t=0.022280s, 3852 KB] New best heuristic value for cpdbs: 9
[t=0.022285s, 3852 KB] g=0, 1 evaluated, 0 expanded
[t=0.022287s, 3852 KB] f = 9, 1 evaluated, 0 expanded
[t=0.022294s, 3852 KB] Initial heuristic value for cpdbs: 9
[t=0.022298s, 3852 KB] pruning method: none
[t=0.022313s, 3852 KB] New best heuristic value for cpdbs: 8
[t=0.022317s, 3852 KB] g=1, 3 evaluated, 1 expanded
[t=0.022333s, 3852 KB] New best heuristic value for cpdbs: 7
[t=0.022337s, 3852 KB] g=2, 6 evaluated, 2 expanded
[t=0.022355s, 3852 KB] New best heuristic value for cpdbs: 6
[t=0.022359s, 3852 KB] g=3, 10 evaluated, 3 expanded
[t=0.022367s, 3852 KB] f = 11, 12 evaluated, 4 expanded
[t=0.022397s, 3852 KB] New best heuristic value for cpdbs: 5
[t=0.022402s, 3852 KB] g=6, 17 evaluated, 6 expanded
[t=0.022412s, 3852 KB] New best heuristic value for cpdbs: 4
[t=0.022416s, 3852 KB] g=7, 19 evaluated, 7 expanded
[t=0.022444s, 3852 KB] f = 13, 28 evaluated, 14 expanded
[t=0.022485s, 3852 KB] f = 15, 38 evaluated, 27 expanded
[t=0.022496s, 3852 KB] f = 17, 39 evaluated, 32 expanded
[t=0.022595s, 3852 KB] f = 19, 69 evaluated, 46 expanded
[t=0.022668s, 3852 KB] f = 21, 91 evaluated, 65 expanded
[t=0.022745s, 3852 KB] f = 23, 114 evaluated, 88 expanded
[t=0.022826s, 3852 KB] f = 25, 136 evaluated, 110 expanded
[t=0.022948s, 3852 KB] f = 27, 177 evaluated, 137 expanded
[t=0.023119s, 3852 KB] f = 29, 234 evaluated, 177 expanded
[t=0.023138s, 3852 KB] New best heuristic value for cpdbs: 3
[t=0.023142s, 3852 KB] g=26, 239 evaluated, 179 expanded
[t=0.023316s, 3920 KB] f = 31, 285 evaluated, 225 expanded
[t=0.023561s, 3920 KB] f = 33, 367 evaluated, 286 expanded
[t=0.023864s, 3920 KB] f = 35, 470 evaluated, 370 expanded
[t=0.024138s, 3920 KB] f = 37, 552 evaluated, 458 expanded
[t=0.024316s, 3920 KB] f = 39, 606 evaluated, 522 expanded
[t=0.024442s, 3920 KB] f = 41, 642 evaluated, 569 expanded
[t=0.024527s, 3920 KB] f = 43, 667 evaluated, 603 expanded
[t=0.024559s, 3920 KB] f = 45, 674 evaluated, 619 expanded
[t=0.024576s, 3920 KB] f = 47, 677 evaluated, 626 expanded
[t=0.024585s, 3920 KB] f = 49, 678 evaluated, 629 expanded
[t=0.024588s, 3920 KB] Completely explored state space -- no solution!
[t=0.024590s, 3920 KB] Actual search time: 0.002291s
[t=0.024593s, 3920 KB] Expanded 630 state(s).
[t=0.024593s, 3920 KB] Reopened 0 state(s).
[t=0.024593s, 3920 KB] Evaluated 678 state(s).
[t=0.024593s, 3920 KB] Evaluations: 678
[t=0.024593s, 3920 KB] Generated 1664 state(s).
[t=0.024593s, 3920 KB] Dead ends: 48 state(s).
[t=0.024593s, 3920 KB] Expanded until last jump: 629 state(s).
[t=0.024593s, 3920 KB] Reopened until last jump: 0 state(s).
[t=0.024593s, 3920 KB] Evaluated until last jump: 678 state(s).
[t=0.024593s, 3920 KB] Generated until last jump: 1662 state(s).
[t=0.024593s, 3920 KB] Number of registered states: 678
[t=0.024593s, 3920 KB] Int hash set load factor: 678/1024 = 0.662109
[t=0.024593s, 3920 KB] Int hash set resizes: 10
[t=0.024593s, 3920 KB] Search time: 0.002360s
[t=0.024593s, 3920 KB] Total time: 0.024593s
Search stopped without finding a solution.
Remove intermediate file output.sas
search exit code: 12

Driver aborting after search

