$ D:\Miniforge3\python.exe C:/Users/user/Desktop/theoria/.worktrees/p13/engine-rig/.toolchain/downward/fast-downward.py --plan-file C:\Users\user\AppData\Local\Temp\e7verify_s7t16yr\sas_plan C:\Users\user\Desktop\theoria\.worktrees\e7-deadlock-claim\engine-rig\fixtures\data\sokoban_domain.pddl C:\Users\user\Desktop\theoria\.worktrees\e7-deadlock-claim\engine-rig\runs\20260728T150713Z-E7-deadlock-claim-audit\attacks\work\a5\swap\swap-passage.pddl --search astar(cpdbs(patterns=manual_patterns([[23,24,22,16,8,19,14,4,2,3,6]])))

INFO     planner time limit: None
INFO     planner memory limit: None

INFO     Running translator.
INFO     translator stdin: None
INFO     translator time limit: None
INFO     translator memory limit: None
INFO     translator command line string: 'D:\Miniforge3\python.exe' -m translate 'C:\Users\user\Desktop\theoria\.worktrees\e7-deadlock-claim\engine-rig\fixtures\data\sokoban_domain.pddl' 'C:\Users\user\Desktop\theoria\.worktrees\e7-deadlock-claim\engine-rig\runs\20260728T150713Z-E7-deadlock-claim-audit\attacks\work\a5\swap\swap-passage.pddl' --sas-file output.sas
Warning! SIGXCPU is not available on your platform. This means that the planner cannot be gracefully terminated when using a time limit, which, however, is probably supported on your platform anyway.
Parsing...
Parsing: [0.016s CPU, 0.055s wall-clock]
Normalizing task... [0.000s CPU, 0.000s wall-clock]
Instantiating...
Generating Datalog program... [0.000s CPU, 0.000s wall-clock]
Normalizing Datalog program...
Normalizing Datalog program: [0.000s CPU, 0.001s wall-clock]
Preparing model... [0.000s CPU, 0.000s wall-clock]
Generated 20 rules.
Computing model... [0.000s CPU, 0.005s wall-clock]
597 relevant atoms
888 auxiliary atoms
1485 final queue length
1755 total queue pushes
Completing instantiation... [0.000s CPU, 0.002s wall-clock]
Instantiating: [0.000s CPU, 0.009s wall-clock]
Computing fact groups...
Finding invariants...
7 initial candidates
Finding invariants: [0.000s CPU, 0.001s wall-clock]
Checking invariant weight... [0.000s CPU, 0.000s wall-clock]
Instantiating groups... [0.000s CPU, 0.001s wall-clock]
Collecting mutex groups... [0.000s CPU, 0.000s wall-clock]
Choosing groups...
54 uncovered facts
Choosing groups: [0.000s CPU, 0.000s wall-clock]
Building translation key... [0.000s CPU, 0.000s wall-clock]
Computing fact groups: [0.000s CPU, 0.003s wall-clock]
Building STRIPS to SAS dictionary... [0.000s CPU, 0.000s wall-clock]
Building dictionary for full mutex groups... [0.000s CPU, 0.000s wall-clock]
Building mutex information...
Building mutex information: [0.000s CPU, 0.000s wall-clock]
Translating task...
Processing axioms...
Simplifying axioms... [0.000s CPU, 0.000s wall-clock]
Translator axioms removed by simplifying: 0
Processing axioms: [0.000s CPU, 0.000s wall-clock]
Translating task: [0.016s CPU, 0.002s wall-clock]
204 effect conditions simplified
0 implied preconditions added
Detecting unreachable propositions...
0 operators removed
0 axioms removed
67 propositions removed
Detecting unreachable propositions: [0.000s CPU, 0.001s wall-clock]
Reordering and filtering variables...
25 of 25 variables necessary.
22 of 25 mutex groups necessary.
132 of 132 operators necessary.
0 of 0 axiom rules necessary.
Reordering and filtering variables: [0.000s CPU, 0.001s wall-clock]
Translator variables: 25
Translator derived variables: 0
Translator facts: 110
Translator goal facts: 2
Translator mutex groups: 22
Translator total mutex groups size: 88
Translator operators: 132
Translator axioms: 0
Translator task size: 1233
warning: could not determine peak memory
Writing output... [0.000s CPU, 0.010s wall-clock]
Done! [0.031s CPU, 0.082s wall-clock]
translate exit code: 0

INFO     Running search (release).
INFO     search stdin: output.sas
INFO     search time limit: None
INFO     search memory limit: None
INFO     search command line string: 'C:\Users\user\Desktop\theoria\.worktrees\p13\engine-rig\.toolchain\downward\builds\release\bin\downward.exe' --search 'astar(cpdbs(patterns=manual_patterns([[23,24,22,16,8,19,14,4,2,3,6]])))' --internal-plan-file 'C:\Users\user\AppData\Local\Temp\e7verify_s7t16yr\sas_plan' < output.sas
[t=0.000332s, 2324 KB] Search code revision: 7120aa0
[t=0.000446s, 2324 KB] reading input...
[t=0.001812s, 2404 KB] done reading input!
[t=0.004517s, 2792 KB] Initializing canonical PDB heuristic...
[t=0.004529s, 2792 KB] Generating patterns using: manual pattern collection generator
[t=0.004534s, 2792 KB] Manual pattern collection: [[23, 24, 22, 16, 8, 19, 14, 4, 2, 3, 6]]
[t=0.004543s, 2792 KB] manual pattern collection generator number of patterns: 1
[t=0.004545s, 2792 KB] manual pattern collection generator total PDB size: 2725888
[t=0.004548s, 2792 KB] manual pattern collection generator computation time: 8.6e-06s
[t=0.004554s, 2792 KB] Computing PDBs for pattern collection...
[t=0.040997s, 14436 KB] Done computing PDBs for pattern collection: 0.036457s
[t=0.041024s, 14436 KB] Computing pattern cliques for pattern collection...
[t=0.041049s, 14436 KB] Done computing pattern cliques for pattern collection: 0.000027s
[t=0.041057s, 14436 KB] Running dominance pruning...
[t=0.041061s, 14436 KB] Pruned 0 of 1 pattern cliques
[t=0.041065s, 14436 KB] Pruned 0 of 1 PDBs
[t=0.041067s, 14436 KB] Dominance pruning took 0.000009s
[t=0.041071s, 14436 KB] Canonical PDB heuristic number of patterns: 1
[t=0.041073s, 14436 KB] Canonical PDB heuristic total PDB size: 2725888
[t=0.041076s, 14436 KB] Canonical PDB heuristic computation time: 0.036554s
[t=0.041583s, 14436 KB] Building successor generator... done!
[t=0.041640s, 14436 KB] peak memory difference for successor generator creation: 0 KB
[t=0.041642s, 14436 KB] time for successor generation creation: 0.000047s
[t=0.041647s, 14436 KB] Variables: 25
[t=0.041650s, 14436 KB] FactPairs: 110
[t=0.041652s, 14436 KB] Bytes per state: 8
[t=0.041777s, 14436 KB] Conducting best first search with reopening closed nodes, (real) bound = 2147483647
[t=0.041808s, 14436 KB] New best heuristic value for cpdbs: 11
[t=0.041812s, 14436 KB] g=0, 1 evaluated, 0 expanded
[t=0.041815s, 14436 KB] f = 11, 1 evaluated, 0 expanded
[t=0.041821s, 14436 KB] Initial heuristic value for cpdbs: 11
[t=0.041825s, 14436 KB] pruning method: none
[t=0.041834s, 14436 KB] New best heuristic value for cpdbs: 10
[t=0.041839s, 14436 KB] g=1, 3 evaluated, 1 expanded
[t=0.041846s, 14436 KB] New best heuristic value for cpdbs: 9
[t=0.041848s, 14436 KB] g=2, 6 evaluated, 2 expanded
[t=0.041855s, 14436 KB] New best heuristic value for cpdbs: 8
[t=0.041857s, 14436 KB] g=3, 10 evaluated, 3 expanded
[t=0.041862s, 14436 KB] New best heuristic value for cpdbs: 7
[t=0.041869s, 14436 KB] g=4, 12 evaluated, 4 expanded
[t=0.041875s, 14436 KB] New best heuristic value for cpdbs: 6
[t=0.041877s, 14436 KB] g=5, 15 evaluated, 5 expanded
[t=0.041883s, 14436 KB] New best heuristic value for cpdbs: 5
[t=0.041885s, 14436 KB] g=6, 17 evaluated, 6 expanded
[t=0.041890s, 14436 KB] New best heuristic value for cpdbs: 4
[t=0.041895s, 14436 KB] g=7, 19 evaluated, 7 expanded
[t=0.041904s, 14436 KB] f = 13, 21 evaluated, 8 expanded
[t=0.041983s, 14436 KB] f = 15, 37 evaluated, 23 expanded
[t=0.041995s, 14436 KB] f = 17, 39 evaluated, 32 expanded
[t=0.042036s, 14436 KB] f = 19, 69 evaluated, 46 expanded
[t=0.042069s, 14436 KB] f = 21, 91 evaluated, 65 expanded
[t=0.042104s, 14436 KB] f = 23, 114 evaluated, 88 expanded
[t=0.042144s, 14436 KB] f = 25, 136 evaluated, 110 expanded
[t=0.042178s, 14436 KB] f = 27, 160 evaluated, 130 expanded
[t=0.042222s, 14436 KB] f = 29, 193 evaluated, 157 expanded
[t=0.042245s, 14436 KB] New best heuristic value for cpdbs: 3
[t=0.042249s, 14436 KB] g=26, 211 evaluated, 166 expanded
[t=0.042288s, 14436 KB] f = 31, 243 evaluated, 191 expanded
[t=0.042393s, 14436 KB] f = 33, 316 evaluated, 244 expanded
[t=0.042510s, 14436 KB] f = 35, 411 evaluated, 321 expanded
[t=0.042637s, 14436 KB] f = 37, 512 evaluated, 409 expanded
[t=0.042765s, 14436 KB] f = 39, 584 evaluated, 493 expanded
[t=0.042813s, 14436 KB] f = 41, 604 evaluated, 544 expanded
[t=0.042850s, 14436 KB] f = 43, 627 evaluated, 569 expanded
[t=0.042889s, 14436 KB] f = 45, 654 evaluated, 592 expanded
[t=0.042915s, 14436 KB] f = 47, 670 evaluated, 610 expanded
[t=0.042929s, 14436 KB] f = 49, 676 evaluated, 623 expanded
[t=0.042937s, 14436 KB] f = 51, 678 evaluated, 629 expanded
[t=0.042940s, 14436 KB] Completely explored state space -- no solution!
[t=0.042942s, 14436 KB] Actual search time: 0.001116s
[t=0.042944s, 14436 KB] Expanded 630 state(s).
[t=0.042944s, 14436 KB] Reopened 0 state(s).
[t=0.042944s, 14436 KB] Evaluated 678 state(s).
[t=0.042944s, 14436 KB] Evaluations: 678
[t=0.042944s, 14436 KB] Generated 1664 state(s).
[t=0.042944s, 14436 KB] Dead ends: 48 state(s).
[t=0.042944s, 14436 KB] Expanded until last jump: 629 state(s).
[t=0.042944s, 14436 KB] Reopened until last jump: 0 state(s).
[t=0.042944s, 14436 KB] Evaluated until last jump: 678 state(s).
[t=0.042944s, 14436 KB] Generated until last jump: 1662 state(s).
[t=0.042944s, 14436 KB] Number of registered states: 678
[t=0.042944s, 14436 KB] Int hash set load factor: 678/1024 = 0.662109
[t=0.042944s, 14436 KB] Int hash set resizes: 10
[t=0.042944s, 14436 KB] Search time: 0.001169s
[t=0.042944s, 14436 KB] Total time: 0.042944s
Search stopped without finding a solution.
Remove intermediate file output.sas
search exit code: 12

Driver aborting after search

