$ D:\Miniforge3\python.exe C:/Users/user/Desktop/theoria/.worktrees/p13/engine-rig/.toolchain/downward/fast-downward.py --plan-file C:\Users\user\AppData\Local\Temp\e7verify9pt6as25\sas_plan C:\Users\user\Desktop\theoria\.worktrees\e7-deadlock-claim\engine-rig\runs\20260728T150713Z-E7-deadlock-claim-audit\attacks\work\a5\swap\singleton\sokoban_guarded_singleton_domain.pddl C:\Users\user\Desktop\theoria\.worktrees\e7-deadlock-claim\engine-rig\runs\20260728T150713Z-E7-deadlock-claim-audit\attacks\work\a5\swap\singleton\swap-passage_guarded_singleton.pddl --search astar(cpdbs(patterns=manual_patterns([[23,24,22,19,18,17,12]])))

INFO     planner time limit: None
INFO     planner memory limit: None

INFO     Running translator.
INFO     translator stdin: None
INFO     translator time limit: None
INFO     translator memory limit: None
INFO     translator command line string: 'D:\Miniforge3\python.exe' -m translate 'C:\Users\user\Desktop\theoria\.worktrees\e7-deadlock-claim\engine-rig\runs\20260728T150713Z-E7-deadlock-claim-audit\attacks\work\a5\swap\singleton\sokoban_guarded_singleton_domain.pddl' 'C:\Users\user\Desktop\theoria\.worktrees\e7-deadlock-claim\engine-rig\runs\20260728T150713Z-E7-deadlock-claim-audit\attacks\work\a5\swap\singleton\swap-passage_guarded_singleton.pddl' --sas-file output.sas
Warning! SIGXCPU is not available on your platform. This means that the planner cannot be gracefully terminated when using a time limit, which, however, is probably supported on your platform anyway.
Parsing...
Parsing: [0.000s CPU, 0.002s wall-clock]
Normalizing task... [0.000s CPU, 0.000s wall-clock]
Instantiating...
Generating Datalog program... [0.000s CPU, 0.000s wall-clock]
Normalizing Datalog program...
Normalizing Datalog program: [0.000s CPU, 0.001s wall-clock]
Preparing model... [0.000s CPU, 0.000s wall-clock]
Generated 20 rules.
Computing model... [0.000s CPU, 0.005s wall-clock]
613 relevant atoms
888 auxiliary atoms
1501 final queue length
1771 total queue pushes
Completing instantiation... [0.016s CPU, 0.002s wall-clock]
Instantiating: [0.016s CPU, 0.008s wall-clock]
Computing fact groups...
Finding invariants...
7 initial candidates
Finding invariants: [0.000s CPU, 0.001s wall-clock]
Checking invariant weight... [0.000s CPU, 0.000s wall-clock]
Instantiating groups... [0.000s CPU, 0.001s wall-clock]
Collecting mutex groups... [0.000s CPU, 0.000s wall-clock]
Choosing groups...
54 uncovered facts
Choosing groups: [0.000s CPU, 0.000s wall-clock]
Building translation key... [0.000s CPU, 0.000s wall-clock]
Computing fact groups: [0.000s CPU, 0.003s wall-clock]
Building STRIPS to SAS dictionary... [0.000s CPU, 0.000s wall-clock]
Building dictionary for full mutex groups... [0.000s CPU, 0.000s wall-clock]
Building mutex information...
Building mutex information: [0.000s CPU, 0.000s wall-clock]
Translating task...
Processing axioms...
Simplifying axioms... [0.000s CPU, 0.000s wall-clock]
Translator axioms removed by simplifying: 0
Processing axioms: [0.000s CPU, 0.000s wall-clock]
Translating task: [0.000s CPU, 0.002s wall-clock]
172 effect conditions simplified
0 implied preconditions added
Detecting unreachable propositions...
0 operators removed
0 axioms removed
83 propositions removed
Detecting unreachable propositions: [0.000s CPU, 0.001s wall-clock]
Reordering and filtering variables...
25 of 25 variables necessary.
22 of 25 mutex groups necessary.
116 of 116 operators necessary.
0 of 0 axiom rules necessary.
Reordering and filtering variables: [0.000s CPU, 0.001s wall-clock]
Translator variables: 25
Translator derived variables: 0
Translator facts: 94
Translator goal facts: 2
Translator mutex groups: 22
Translator total mutex groups size: 72
Translator operators: 116
Translator axioms: 0
Translator task size: 1057
warning: could not determine peak memory
Writing output... [0.000s CPU, 0.010s wall-clock]
Done! [0.016s CPU, 0.027s wall-clock]
translate exit code: 0

INFO     Running search (release).
INFO     search stdin: output.sas
INFO     search time limit: None
INFO     search memory limit: None
INFO     search command line string: 'C:\Users\user\Desktop\theoria\.worktrees\p13\engine-rig\.toolchain\downward\builds\release\bin\downward.exe' --search 'astar(cpdbs(patterns=manual_patterns([[23,24,22,19,18,17,12]])))' --internal-plan-file 'C:\Users\user\AppData\Local\Temp\e7verify9pt6as25\sas_plan' < output.sas
[t=0.000101s, 1888 KB] Search code revision: 7120aa0
[t=0.000180s, 1888 KB] reading input...
[t=0.001381s, 2172 KB] done reading input!
[t=0.002337s, 2736 KB] Initializing canonical PDB heuristic...
[t=0.002348s, 2736 KB] Generating patterns using: manual pattern collection generator
[t=0.002353s, 2736 KB] Manual pattern collection: [[23, 24, 22, 19, 18, 17, 12]]
[t=0.002362s, 2736 KB] manual pattern collection generator number of patterns: 1
[t=0.002366s, 2736 KB] manual pattern collection generator total PDB size: 68992
[t=0.002368s, 2736 KB] manual pattern collection generator computation time: 1.01e-05s
[t=0.002376s, 2736 KB] Computing PDBs for pattern collection...
[t=0.003765s, 3152 KB] Done computing PDBs for pattern collection: 0.001406s
[t=0.003793s, 3152 KB] Computing pattern cliques for pattern collection...
[t=0.003806s, 3152 KB] Done computing pattern cliques for pattern collection: 0.000015s
[t=0.003811s, 3152 KB] Running dominance pruning...
[t=0.003816s, 3152 KB] Pruned 0 of 1 pattern cliques
[t=0.003819s, 3152 KB] Pruned 0 of 1 PDBs
[t=0.003821s, 3152 KB] Dominance pruning took 0.000010s
[t=0.003826s, 3152 KB] Canonical PDB heuristic number of patterns: 1
[t=0.003828s, 3152 KB] Canonical PDB heuristic total PDB size: 68992
[t=0.003831s, 3152 KB] Canonical PDB heuristic computation time: 0.001489s
[t=0.003860s, 3152 KB] Building successor generator... done!
[t=0.003918s, 3152 KB] peak memory difference for successor generator creation: 0 KB
[t=0.003920s, 3152 KB] time for successor generation creation: 0.000046s
[t=0.003925s, 3152 KB] Variables: 25
[t=0.003927s, 3152 KB] FactPairs: 94
[t=0.003929s, 3152 KB] Bytes per state: 8
[t=0.003939s, 3152 KB] Conducting best first search with reopening closed nodes, (real) bound = 2147483647
[t=0.003954s, 3152 KB] New best heuristic value for cpdbs: 15
[t=0.003958s, 3152 KB] g=0, 1 evaluated, 0 expanded
[t=0.003960s, 3152 KB] f = 15, 1 evaluated, 0 expanded
[t=0.003977s, 3164 KB] Initial heuristic value for cpdbs: 15
[t=0.003981s, 3164 KB] pruning method: none
[t=0.003988s, 3164 KB] New best heuristic value for cpdbs: 14
[t=0.003992s, 3164 KB] g=1, 2 evaluated, 1 expanded
[t=0.004001s, 3164 KB] f = 17, 7 evaluated, 3 expanded
[t=0.004010s, 3164 KB] New best heuristic value for cpdbs: 13
[t=0.004013s, 3164 KB] g=4, 11 evaluated, 6 expanded
[t=0.004018s, 3164 KB] New best heuristic value for cpdbs: 12
[t=0.004022s, 3164 KB] g=5, 14 evaluated, 7 expanded
[t=0.004028s, 3164 KB] New best heuristic value for cpdbs: 11
[t=0.004032s, 3164 KB] g=6, 16 evaluated, 8 expanded
[t=0.004037s, 3164 KB] New best heuristic value for cpdbs: 10
[t=0.004041s, 3164 KB] g=7, 18 evaluated, 9 expanded
[t=0.004045s, 3164 KB] New best heuristic value for cpdbs: 9
[t=0.004047s, 3164 KB] g=8, 20 evaluated, 10 expanded
[t=0.004051s, 3164 KB] New best heuristic value for cpdbs: 8
[t=0.004054s, 3164 KB] g=9, 21 evaluated, 11 expanded
[t=0.004058s, 3164 KB] New best heuristic value for cpdbs: 7
[t=0.004060s, 3164 KB] g=10, 23 evaluated, 12 expanded
[t=0.004065s, 3164 KB] New best heuristic value for cpdbs: 6
[t=0.004069s, 3164 KB] g=11, 27 evaluated, 13 expanded
[t=0.004076s, 3164 KB] f = 19, 31 evaluated, 16 expanded
[t=0.004095s, 3164 KB] f = 21, 41 evaluated, 28 expanded
[t=0.004127s, 3164 KB] f = 23, 66 evaluated, 46 expanded
[t=0.004152s, 3164 KB] f = 25, 84 evaluated, 65 expanded
[t=0.004180s, 3164 KB] f = 27, 105 evaluated, 85 expanded
[t=0.004234s, 3164 KB] f = 29, 151 evaluated, 118 expanded
[t=0.004248s, 3164 KB] New best heuristic value for cpdbs: 5
[t=0.004251s, 3164 KB] g=24, 163 evaluated, 124 expanded
[t=0.004255s, 3164 KB] New best heuristic value for cpdbs: 4
[t=0.004257s, 3164 KB] g=25, 165 evaluated, 125 expanded
[t=0.004267s, 3184 KB] New best heuristic value for cpdbs: 3
[t=0.004270s, 3184 KB] g=26, 168 evaluated, 126 expanded
[t=0.004313s, 3196 KB] f = 31, 200 evaluated, 159 expanded
[t=0.004397s, 3196 KB] f = 33, 270 evaluated, 213 expanded
[t=0.004470s, 3196 KB] f = 35, 336 evaluated, 275 expanded
[t=0.004549s, 3196 KB] f = 37, 409 evaluated, 342 expanded
[t=0.004619s, 3196 KB] f = 39, 468 evaluated, 408 expanded
[t=0.004707s, 3208 KB] f = 41, 522 evaluated, 466 expanded
[t=0.004746s, 3208 KB] f = 43, 548 evaluated, 504 expanded
[t=0.004788s, 3208 KB] f = 45, 578 evaluated, 539 expanded
[t=0.004813s, 3208 KB] f = 47, 592 evaluated, 558 expanded
[t=0.004828s, 3208 KB] f = 49, 600 evaluated, 567 expanded
[t=0.004840s, 3208 KB] f = 51, 606 evaluated, 574 expanded
[t=0.004850s, 3208 KB] f = 53, 610 evaluated, 580 expanded
[t=0.004858s, 3208 KB] f = 55, 611 evaluated, 583 expanded
[t=0.004862s, 3208 KB] Completely explored state space -- no solution!
[t=0.004864s, 3208 KB] Actual search time: 0.000882s
[t=0.004869s, 3208 KB] Expanded 584 state(s).
[t=0.004869s, 3208 KB] Reopened 0 state(s).
[t=0.004869s, 3208 KB] Evaluated 611 state(s).
[t=0.004869s, 3208 KB] Evaluations: 611
[t=0.004869s, 3208 KB] Generated 1520 state(s).
[t=0.004869s, 3208 KB] Dead ends: 27 state(s).
[t=0.004869s, 3208 KB] Expanded until last jump: 583 state(s).
[t=0.004869s, 3208 KB] Reopened until last jump: 0 state(s).
[t=0.004869s, 3208 KB] Evaluated until last jump: 611 state(s).
[t=0.004869s, 3208 KB] Generated until last jump: 1518 state(s).
[t=0.004869s, 3208 KB] Number of registered states: 611
[t=0.004869s, 3208 KB] Int hash set load factor: 611/1024 = 0.596680
[t=0.004869s, 3208 KB] Int hash set resizes: 10
[t=0.004869s, 3208 KB] Search time: 0.000932s
[t=0.004869s, 3208 KB] Total time: 0.004869s
Search stopped without finding a solution.
Remove intermediate file output.sas
search exit code: 12

Driver aborting after search

