$ D:\Miniforge3\python.exe C:/Users/user/Desktop/theoria/.worktrees/p13/engine-rig/.toolchain/downward/fast-downward.py --plan-file C:\Users\user\AppData\Local\Temp\e7verifynq4c124l\sas_plan C:\Users\user\Desktop\theoria\.worktrees\e7-deadlock-claim\engine-rig\fixtures\data\sokoban_domain.pddl C:\Users\user\Desktop\theoria\.worktrees\e7-deadlock-claim\engine-rig\runs\20260728T150713Z-E7-deadlock-claim-audit\attacks\work\a5\swap\swap-passage.pddl --search astar(cpdbs(patterns=manual_patterns([[23,24,22,11,18,4,17,9,8,2,5]])))

INFO     planner time limit: None
INFO     planner memory limit: None

INFO     Running translator.
INFO     translator stdin: None
INFO     translator time limit: None
INFO     translator memory limit: None
INFO     translator command line string: 'D:\Miniforge3\python.exe' -m translate 'C:\Users\user\Desktop\theoria\.worktrees\e7-deadlock-claim\engine-rig\fixtures\data\sokoban_domain.pddl' 'C:\Users\user\Desktop\theoria\.worktrees\e7-deadlock-claim\engine-rig\runs\20260728T150713Z-E7-deadlock-claim-audit\attacks\work\a5\swap\swap-passage.pddl' --sas-file output.sas
Warning! SIGXCPU is not available on your platform. This means that the planner cannot be gracefully terminated when using a time limit, which, however, is probably supported on your platform anyway.
Parsing...
Parsing: [0.000s CPU, 0.002s wall-clock]
Normalizing task... [0.000s CPU, 0.000s wall-clock]
Instantiating...
Generating Datalog program... [0.000s CPU, 0.000s wall-clock]
Normalizing Datalog program...
Normalizing Datalog program: [0.000s CPU, 0.001s wall-clock]
Preparing model... [0.000s CPU, 0.000s wall-clock]
Generated 20 rules.
Computing model... [0.000s CPU, 0.005s wall-clock]
597 relevant atoms
888 auxiliary atoms
1485 final queue length
1755 total queue pushes
Completing instantiation... [0.000s CPU, 0.002s wall-clock]
Instantiating: [0.000s CPU, 0.008s wall-clock]
Computing fact groups...
Finding invariants...
7 initial candidates
Finding invariants: [0.000s CPU, 0.001s wall-clock]
Checking invariant weight... [0.000s CPU, 0.000s wall-clock]
Instantiating groups... [0.000s CPU, 0.001s wall-clock]
Collecting mutex groups... [0.000s CPU, 0.000s wall-clock]
Choosing groups...
54 uncovered facts
Choosing groups: [0.000s CPU, 0.000s wall-clock]
Building translation key... [0.000s CPU, 0.000s wall-clock]
Computing fact groups: [0.000s CPU, 0.003s wall-clock]
Building STRIPS to SAS dictionary... [0.000s CPU, 0.000s wall-clock]
Building dictionary for full mutex groups... [0.000s CPU, 0.000s wall-clock]
Building mutex information...
Building mutex information: [0.016s CPU, 0.000s wall-clock]
Translating task...
Processing axioms...
Simplifying axioms... [0.000s CPU, 0.000s wall-clock]
Translator axioms removed by simplifying: 0
Processing axioms: [0.000s CPU, 0.000s wall-clock]
Translating task: [0.000s CPU, 0.002s wall-clock]
204 effect conditions simplified
0 implied preconditions added
Detecting unreachable propositions...
0 operators removed
0 axioms removed
67 propositions removed
Detecting unreachable propositions: [0.000s CPU, 0.001s wall-clock]
Reordering and filtering variables...
25 of 25 variables necessary.
22 of 25 mutex groups necessary.
132 of 132 operators necessary.
0 of 0 axiom rules necessary.
Reordering and filtering variables: [0.000s CPU, 0.001s wall-clock]
Translator variables: 25
Translator derived variables: 0
Translator facts: 110
Translator goal facts: 2
Translator mutex groups: 22
Translator total mutex groups size: 88
Translator operators: 132
Translator axioms: 0
Translator task size: 1233
warning: could not determine peak memory
Writing output... [0.000s CPU, 0.010s wall-clock]
Done! [0.016s CPU, 0.027s wall-clock]
translate exit code: 0

INFO     Running search (release).
INFO     search stdin: output.sas
INFO     search time limit: None
INFO     search memory limit: None
INFO     search command line string: 'C:\Users\user\Desktop\theoria\.worktrees\p13\engine-rig\.toolchain\downward\builds\release\bin\downward.exe' --search 'astar(cpdbs(patterns=manual_patterns([[23,24,22,11,18,4,17,9,8,2,5]])))' --internal-plan-file 'C:\Users\user\AppData\Local\Temp\e7verifynq4c124l\sas_plan' < output.sas
[t=0.000151s, 1964 KB] Search code revision: 7120aa0
[t=0.000250s, 1976 KB] reading input...
[t=0.001682s, 2244 KB] done reading input!
[t=0.003037s, 2876 KB] Initializing canonical PDB heuristic...
[t=0.003049s, 2876 KB] Generating patterns using: manual pattern collection generator
[t=0.003054s, 2876 KB] Manual pattern collection: [[23, 24, 22, 11, 18, 4, 17, 9, 8, 2, 5]]
[t=0.003065s, 2876 KB] manual pattern collection generator number of patterns: 1
[t=0.003067s, 2876 KB] manual pattern collection generator total PDB size: 2725888
[t=0.003070s, 2876 KB] manual pattern collection generator computation time: 9.8e-06s
[t=0.003076s, 2876 KB] Computing PDBs for pattern collection...
[t=0.066299s, 14636 KB] Done computing PDBs for pattern collection: 0.063238s
[t=0.066330s, 14636 KB] Computing pattern cliques for pattern collection...
[t=0.066355s, 14636 KB] Done computing pattern cliques for pattern collection: 0.000026s
[t=0.066361s, 14636 KB] Running dominance pruning...
[t=0.066366s, 14636 KB] Pruned 0 of 1 pattern cliques
[t=0.066370s, 14636 KB] Pruned 0 of 1 PDBs
[t=0.066372s, 14636 KB] Dominance pruning took 0.000010s
[t=0.066376s, 14636 KB] Canonical PDB heuristic number of patterns: 1
[t=0.066379s, 14636 KB] Canonical PDB heuristic total PDB size: 2725888
[t=0.066382s, 14636 KB] Canonical PDB heuristic computation time: 0.063339s
[t=0.066413s, 14636 KB] Building successor generator... done!
[t=0.066477s, 14636 KB] peak memory difference for successor generator creation: 0 KB
[t=0.066479s, 14636 KB] time for successor generation creation: 0.000057s
[t=0.066484s, 14636 KB] Variables: 25
[t=0.066487s, 14636 KB] FactPairs: 110
[t=0.066489s, 14636 KB] Bytes per state: 8
[t=0.066499s, 14636 KB] Conducting best first search with reopening closed nodes, (real) bound = 2147483647
[t=0.066530s, 14636 KB] New best heuristic value for cpdbs: 9
[t=0.066534s, 14636 KB] g=0, 1 evaluated, 0 expanded
[t=0.066536s, 14636 KB] f = 9, 1 evaluated, 0 expanded
[t=0.066545s, 14636 KB] Initial heuristic value for cpdbs: 9
[t=0.066549s, 14636 KB] pruning method: none
[t=0.066558s, 14636 KB] New best heuristic value for cpdbs: 8
[t=0.066562s, 14636 KB] g=1, 3 evaluated, 1 expanded
[t=0.066568s, 14636 KB] New best heuristic value for cpdbs: 7
[t=0.066570s, 14636 KB] g=2, 6 evaluated, 2 expanded
[t=0.066578s, 14636 KB] New best heuristic value for cpdbs: 6
[t=0.066582s, 14636 KB] g=3, 10 evaluated, 3 expanded
[t=0.066588s, 14636 KB] f = 11, 12 evaluated, 4 expanded
[t=0.066606s, 14636 KB] f = 13, 22 evaluated, 11 expanded
[t=0.066625s, 14636 KB] f = 15, 31 evaluated, 20 expanded
[t=0.066641s, 14636 KB] f = 17, 37 evaluated, 28 expanded
[t=0.066671s, 14636 KB] f = 19, 59 evaluated, 41 expanded
[t=0.066701s, 14636 KB] f = 21, 76 evaluated, 55 expanded
[t=0.066740s, 14636 KB] f = 23, 104 evaluated, 78 expanded
[t=0.066760s, 14636 KB] f = 25, 114 evaluated, 92 expanded
[t=0.066811s, 14636 KB] f = 27, 151 evaluated, 114 expanded
[t=0.066846s, 14636 KB] New best heuristic value for cpdbs: 5
[t=0.066850s, 14636 KB] g=22, 175 evaluated, 134 expanded
[t=0.066856s, 14636 KB] New best heuristic value for cpdbs: 4
[t=0.066858s, 14636 KB] g=23, 179 evaluated, 135 expanded
[t=0.066900s, 14636 KB] f = 29, 214 evaluated, 157 expanded
[t=0.066909s, 14636 KB] New best heuristic value for cpdbs: 3
[t=0.066912s, 14636 KB] g=26, 219 evaluated, 159 expanded
[t=0.066999s, 14636 KB] f = 31, 270 evaluated, 212 expanded
[t=0.067104s, 14636 KB] f = 33, 359 evaluated, 275 expanded
[t=0.067212s, 14636 KB] f = 35, 440 evaluated, 353 expanded
[t=0.067310s, 14636 KB] f = 37, 510 evaluated, 428 expanded
[t=0.067393s, 14636 KB] f = 39, 548 evaluated, 477 expanded
[t=0.067457s, 14636 KB] f = 41, 594 evaluated, 523 expanded
[t=0.067489s, 14636 KB] f = 43, 610 evaluated, 552 expanded
[t=0.067505s, 14636 KB] f = 45, 616 evaluated, 565 expanded
[t=0.067534s, 14636 KB] f = 47, 638 evaluated, 578 expanded
[t=0.067576s, 14636 KB] f = 49, 670 evaluated, 603 expanded
[t=0.067601s, 14636 KB] f = 51, 677 evaluated, 622 expanded
[t=0.067610s, 14636 KB] f = 53, 678 evaluated, 629 expanded
[t=0.067613s, 14636 KB] Completely explored state space -- no solution!
[t=0.067616s, 14636 KB] Actual search time: 0.001066s
[t=0.067619s, 14636 KB] Expanded 630 state(s).
[t=0.067619s, 14636 KB] Reopened 0 state(s).
[t=0.067619s, 14636 KB] Evaluated 678 state(s).
[t=0.067619s, 14636 KB] Evaluations: 678
[t=0.067619s, 14636 KB] Generated 1664 state(s).
[t=0.067619s, 14636 KB] Dead ends: 48 state(s).
[t=0.067619s, 14636 KB] Expanded until last jump: 629 state(s).
[t=0.067619s, 14636 KB] Reopened until last jump: 0 state(s).
[t=0.067619s, 14636 KB] Evaluated until last jump: 678 state(s).
[t=0.067619s, 14636 KB] Generated until last jump: 1662 state(s).
[t=0.067619s, 14636 KB] Number of registered states: 678
[t=0.067619s, 14636 KB] Int hash set load factor: 678/1024 = 0.662109
[t=0.067619s, 14636 KB] Int hash set resizes: 10
[t=0.067619s, 14636 KB] Search time: 0.001122s
[t=0.067619s, 14636 KB] Total time: 0.067619s
Search stopped without finding a solution.
Remove intermediate file output.sas
search exit code: 12

Driver aborting after search

