$ D:\Miniforge3\python.exe C:/Users/user/Desktop/theoria/.worktrees/p13/engine-rig/.toolchain/downward/fast-downward.py --plan-file C:\Users\user\AppData\Local\Temp\e7verifyfddqx8o3\sas_plan C:\Users\user\Desktop\theoria\.worktrees\e7-deadlock-claim\engine-rig\fixtures\data\sokoban_domain.pddl C:\Users\user\Desktop\theoria\.worktrees\e7-deadlock-claim\engine-rig\runs\20260728T150713Z-E7-deadlock-claim-audit\attacks\work\a5\swap\swap-passage.pddl --search astar(cpdbs(patterns=manual_patterns([[23,24,22]])))

INFO     planner time limit: None
INFO     planner memory limit: None

INFO     Running translator.
INFO     translator stdin: None
INFO     translator time limit: None
INFO     translator memory limit: None
INFO     translator command line string: 'D:\Miniforge3\python.exe' -m translate 'C:\Users\user\Desktop\theoria\.worktrees\e7-deadlock-claim\engine-rig\fixtures\data\sokoban_domain.pddl' 'C:\Users\user\Desktop\theoria\.worktrees\e7-deadlock-claim\engine-rig\runs\20260728T150713Z-E7-deadlock-claim-audit\attacks\work\a5\swap\swap-passage.pddl' --sas-file output.sas
Warning! SIGXCPU is not available on your platform. This means that the planner cannot be gracefully terminated when using a time limit, which, however, is probably supported on your platform anyway.
Parsing...
Parsing: [0.000s CPU, 0.002s wall-clock]
Normalizing task... [0.000s CPU, 0.000s wall-clock]
Instantiating...
Generating Datalog program... [0.000s CPU, 0.000s wall-clock]
Normalizing Datalog program...
Normalizing Datalog program: [0.000s CPU, 0.001s wall-clock]
Preparing model... [0.000s CPU, 0.000s wall-clock]
Generated 20 rules.
Computing model... [0.000s CPU, 0.005s wall-clock]
597 relevant atoms
888 auxiliary atoms
1485 final queue length
1755 total queue pushes
Completing instantiation... [0.000s CPU, 0.002s wall-clock]
Instantiating: [0.000s CPU, 0.008s wall-clock]
Computing fact groups...
Finding invariants...
7 initial candidates
Finding invariants: [0.000s CPU, 0.001s wall-clock]
Checking invariant weight... [0.000s CPU, 0.000s wall-clock]
Instantiating groups... [0.000s CPU, 0.001s wall-clock]
Collecting mutex groups... [0.000s CPU, 0.000s wall-clock]
Choosing groups...
54 uncovered facts
Choosing groups: [0.000s CPU, 0.000s wall-clock]
Building translation key... [0.000s CPU, 0.000s wall-clock]
Computing fact groups: [0.000s CPU, 0.003s wall-clock]
Building STRIPS to SAS dictionary... [0.000s CPU, 0.000s wall-clock]
Building dictionary for full mutex groups... [0.000s CPU, 0.000s wall-clock]
Building mutex information...
Building mutex information: [0.000s CPU, 0.000s wall-clock]
Translating task...
Processing axioms...
Simplifying axioms... [0.000s CPU, 0.000s wall-clock]
Translator axioms removed by simplifying: 0
Processing axioms: [0.000s CPU, 0.000s wall-clock]
Translating task: [0.016s CPU, 0.002s wall-clock]
204 effect conditions simplified
0 implied preconditions added
Detecting unreachable propositions...
0 operators removed
0 axioms removed
67 propositions removed
Detecting unreachable propositions: [0.000s CPU, 0.001s wall-clock]
Reordering and filtering variables...
25 of 25 variables necessary.
22 of 25 mutex groups necessary.
132 of 132 operators necessary.
0 of 0 axiom rules necessary.
Reordering and filtering variables: [0.000s CPU, 0.001s wall-clock]
Translator variables: 25
Translator derived variables: 0
Translator facts: 110
Translator goal facts: 2
Translator mutex groups: 22
Translator total mutex groups size: 88
Translator operators: 132
Translator axioms: 0
Translator task size: 1233
warning: could not determine peak memory
Writing output... [0.000s CPU, 0.030s wall-clock]
Done! [0.016s CPU, 0.047s wall-clock]
translate exit code: 0

INFO     Running search (release).
INFO     search stdin: output.sas
INFO     search time limit: None
INFO     search memory limit: None
INFO     search command line string: 'C:\Users\user\Desktop\theoria\.worktrees\p13\engine-rig\.toolchain\downward\builds\release\bin\downward.exe' --search 'astar(cpdbs(patterns=manual_patterns([[23,24,22]])))' --internal-plan-file 'C:\Users\user\AppData\Local\Temp\e7verifyfddqx8o3\sas_plan' < output.sas
[t=0.000137s, 1980 KB] Search code revision: 7120aa0
[t=0.000231s, 1980 KB] reading input...
[t=0.001636s, 2264 KB] done reading input!
[t=0.002881s, 2900 KB] Initializing canonical PDB heuristic...
[t=0.002891s, 2900 KB] Generating patterns using: manual pattern collection generator
[t=0.002895s, 2900 KB] Manual pattern collection: [[23, 24, 22]]
[t=0.002906s, 2900 KB] manual pattern collection generator number of patterns: 1
[t=0.002913s, 2900 KB] manual pattern collection generator total PDB size: 10648
[t=0.002916s, 2900 KB] manual pattern collection generator computation time: 1.01e-05s
[t=0.002922s, 2900 KB] Computing PDBs for pattern collection...
[t=0.003121s, 2984 KB] Done computing PDBs for pattern collection: 0.000202s
[t=0.003128s, 2984 KB] Computing pattern cliques for pattern collection...
[t=0.003140s, 2984 KB] Done computing pattern cliques for pattern collection: 0.000014s
[t=0.003147s, 2984 KB] Running dominance pruning...
[t=0.003151s, 2984 KB] Pruned 0 of 1 pattern cliques
[t=0.003153s, 2984 KB] Pruned 0 of 1 PDBs
[t=0.003155s, 2984 KB] Dominance pruning took 0.000007s
[t=0.003160s, 2984 KB] Canonical PDB heuristic number of patterns: 1
[t=0.003162s, 2984 KB] Canonical PDB heuristic total PDB size: 10648
[t=0.003164s, 2984 KB] Canonical PDB heuristic computation time: 0.000280s
[t=0.003189s, 2984 KB] Building successor generator... done!
[t=0.003241s, 2984 KB] peak memory difference for successor generator creation: 0 KB
[t=0.003243s, 2984 KB] time for successor generation creation: 0.000045s
[t=0.003247s, 2984 KB] Variables: 25
[t=0.003250s, 2984 KB] FactPairs: 110
[t=0.003252s, 2984 KB] Bytes per state: 8
[t=0.003262s, 2984 KB] Conducting best first search with reopening closed nodes, (real) bound = 2147483647
[t=0.003277s, 2996 KB] New best heuristic value for cpdbs: 9
[t=0.003281s, 2996 KB] g=0, 1 evaluated, 0 expanded
[t=0.003283s, 2996 KB] f = 9, 1 evaluated, 0 expanded
[t=0.003291s, 3016 KB] Initial heuristic value for cpdbs: 9
[t=0.003295s, 3016 KB] pruning method: none
[t=0.003303s, 3016 KB] New best heuristic value for cpdbs: 8
[t=0.003326s, 3016 KB] g=1, 3 evaluated, 1 expanded
[t=0.003391s, 3016 KB] New best heuristic value for cpdbs: 7
[t=0.003396s, 3016 KB] g=2, 6 evaluated, 2 expanded
[t=0.003406s, 3016 KB] New best heuristic value for cpdbs: 6
[t=0.003410s, 3016 KB] g=3, 10 evaluated, 3 expanded
[t=0.003416s, 3016 KB] f = 11, 12 evaluated, 4 expanded
[t=0.003431s, 3016 KB] New best heuristic value for cpdbs: 5
[t=0.003435s, 3016 KB] g=6, 17 evaluated, 6 expanded
[t=0.003440s, 3016 KB] New best heuristic value for cpdbs: 4
[t=0.003443s, 3016 KB] g=7, 19 evaluated, 7 expanded
[t=0.003458s, 3016 KB] f = 13, 28 evaluated, 14 expanded
[t=0.003479s, 3016 KB] f = 15, 38 evaluated, 27 expanded
[t=0.003488s, 3016 KB] f = 17, 39 evaluated, 32 expanded
[t=0.003526s, 3016 KB] f = 19, 69 evaluated, 46 expanded
[t=0.003555s, 3016 KB] f = 21, 91 evaluated, 65 expanded
[t=0.003586s, 3016 KB] f = 23, 114 evaluated, 88 expanded
[t=0.003622s, 3016 KB] f = 25, 136 evaluated, 110 expanded
[t=0.003664s, 3016 KB] f = 27, 177 evaluated, 137 expanded
[t=0.003722s, 3016 KB] f = 29, 234 evaluated, 177 expanded
[t=0.003730s, 3016 KB] New best heuristic value for cpdbs: 3
[t=0.003732s, 3016 KB] g=26, 239 evaluated, 179 expanded
[t=0.003809s, 3040 KB] f = 31, 285 evaluated, 225 expanded
[t=0.003890s, 3040 KB] f = 33, 367 evaluated, 286 expanded
[t=0.003992s, 3040 KB] f = 35, 470 evaluated, 370 expanded
[t=0.004122s, 3064 KB] f = 37, 552 evaluated, 458 expanded
[t=0.004193s, 3064 KB] f = 39, 606 evaluated, 522 expanded
[t=0.004243s, 3064 KB] f = 41, 642 evaluated, 569 expanded
[t=0.004280s, 3064 KB] f = 43, 667 evaluated, 603 expanded
[t=0.004297s, 3064 KB] f = 45, 674 evaluated, 619 expanded
[t=0.004307s, 3064 KB] f = 47, 677 evaluated, 626 expanded
[t=0.004314s, 3064 KB] f = 49, 678 evaluated, 629 expanded
[t=0.004317s, 3064 KB] Completely explored state space -- no solution!
[t=0.004319s, 3064 KB] Actual search time: 0.001023s
[t=0.004323s, 3064 KB] Expanded 630 state(s).
[t=0.004323s, 3064 KB] Reopened 0 state(s).
[t=0.004323s, 3064 KB] Evaluated 678 state(s).
[t=0.004323s, 3064 KB] Evaluations: 678
[t=0.004323s, 3064 KB] Generated 1664 state(s).
[t=0.004323s, 3064 KB] Dead ends: 48 state(s).
[t=0.004323s, 3064 KB] Expanded until last jump: 629 state(s).
[t=0.004323s, 3064 KB] Reopened until last jump: 0 state(s).
[t=0.004323s, 3064 KB] Evaluated until last jump: 678 state(s).
[t=0.004323s, 3064 KB] Generated until last jump: 1662 state(s).
[t=0.004323s, 3064 KB] Number of registered states: 678
[t=0.004323s, 3064 KB] Int hash set load factor: 678/1024 = 0.662109
[t=0.004323s, 3064 KB] Int hash set resizes: 10
[t=0.004323s, 3064 KB] Search time: 0.001062s
[t=0.004323s, 3064 KB] Total time: 0.004323s
Search stopped without finding a solution.
Remove intermediate file output.sas
search exit code: 12

Driver aborting after search

