$ D:\Miniforge3\python.exe C:/Users/user/Desktop/theoria/.worktrees/p13/engine-rig/.toolchain/downward/fast-downward.py --plan-file C:\Users\user\AppData\Local\Temp\e7verifyhabrgxzd\sas_plan C:\Users\user\Desktop\theoria\.worktrees\e7-deadlock-claim\engine-rig\runs\20260728T150713Z-E7-deadlock-claim-audit\attacks\work\a5\swap\singleton\sokoban_guarded_singleton_domain.pddl C:\Users\user\Desktop\theoria\.worktrees\e7-deadlock-claim\engine-rig\runs\20260728T150713Z-E7-deadlock-claim-audit\attacks\work\a5\swap\singleton\swap-passage_guarded_singleton.pddl --search astar(cpdbs(patterns=manual_patterns([[23,24,22,19,18,17,21]])))

INFO     planner time limit: None
INFO     planner memory limit: None

INFO     Running translator.
INFO     translator stdin: None
INFO     translator time limit: None
INFO     translator memory limit: None
INFO     translator command line string: 'D:\Miniforge3\python.exe' -m translate 'C:\Users\user\Desktop\theoria\.worktrees\e7-deadlock-claim\engine-rig\runs\20260728T150713Z-E7-deadlock-claim-audit\attacks\work\a5\swap\singleton\sokoban_guarded_singleton_domain.pddl' 'C:\Users\user\Desktop\theoria\.worktrees\e7-deadlock-claim\engine-rig\runs\20260728T150713Z-E7-deadlock-claim-audit\attacks\work\a5\swap\singleton\swap-passage_guarded_singleton.pddl' --sas-file output.sas
Warning! SIGXCPU is not available on your platform. This means that the planner cannot be gracefully terminated when using a time limit, which, however, is probably supported on your platform anyway.
Parsing...
Parsing: [0.000s CPU, 0.002s wall-clock]
Normalizing task... [0.000s CPU, 0.000s wall-clock]
Instantiating...
Generating Datalog program... [0.000s CPU, 0.000s wall-clock]
Normalizing Datalog program...
Normalizing Datalog program: [0.000s CPU, 0.001s wall-clock]
Preparing model... [0.000s CPU, 0.000s wall-clock]
Generated 20 rules.
Computing model... [0.000s CPU, 0.005s wall-clock]
613 relevant atoms
888 auxiliary atoms
1501 final queue length
1771 total queue pushes
Completing instantiation... [0.000s CPU, 0.002s wall-clock]
Instantiating: [0.000s CPU, 0.008s wall-clock]
Computing fact groups...
Finding invariants...
7 initial candidates
Finding invariants: [0.000s CPU, 0.001s wall-clock]
Checking invariant weight... [0.000s CPU, 0.000s wall-clock]
Instantiating groups... [0.000s CPU, 0.001s wall-clock]
Collecting mutex groups... [0.000s CPU, 0.000s wall-clock]
Choosing groups...
54 uncovered facts
Choosing groups: [0.000s CPU, 0.000s wall-clock]
Building translation key... [0.016s CPU, 0.000s wall-clock]
Computing fact groups: [0.016s CPU, 0.003s wall-clock]
Building STRIPS to SAS dictionary... [0.000s CPU, 0.000s wall-clock]
Building dictionary for full mutex groups... [0.000s CPU, 0.000s wall-clock]
Building mutex information...
Building mutex information: [0.000s CPU, 0.000s wall-clock]
Translating task...
Processing axioms...
Simplifying axioms... [0.000s CPU, 0.000s wall-clock]
Translator axioms removed by simplifying: 0
Processing axioms: [0.000s CPU, 0.000s wall-clock]
Translating task: [0.000s CPU, 0.002s wall-clock]
172 effect conditions simplified
0 implied preconditions added
Detecting unreachable propositions...
0 operators removed
0 axioms removed
83 propositions removed
Detecting unreachable propositions: [0.000s CPU, 0.001s wall-clock]
Reordering and filtering variables...
25 of 25 variables necessary.
22 of 25 mutex groups necessary.
116 of 116 operators necessary.
0 of 0 axiom rules necessary.
Reordering and filtering variables: [0.000s CPU, 0.001s wall-clock]
Translator variables: 25
Translator derived variables: 0
Translator facts: 94
Translator goal facts: 2
Translator mutex groups: 22
Translator total mutex groups size: 72
Translator operators: 116
Translator axioms: 0
Translator task size: 1057
warning: could not determine peak memory
Writing output... [0.000s CPU, 0.010s wall-clock]
Done! [0.016s CPU, 0.027s wall-clock]
translate exit code: 0

INFO     Running search (release).
INFO     search stdin: output.sas
INFO     search time limit: None
INFO     search memory limit: None
INFO     search command line string: 'C:\Users\user\Desktop\theoria\.worktrees\p13\engine-rig\.toolchain\downward\builds\release\bin\downward.exe' --search 'astar(cpdbs(patterns=manual_patterns([[23,24,22,19,18,17,21]])))' --internal-plan-file 'C:\Users\user\AppData\Local\Temp\e7verifyhabrgxzd\sas_plan' < output.sas
[t=0.000115s, 1928 KB] Search code revision: 7120aa0
[t=0.000194s, 1928 KB] reading input...
[t=0.001392s, 2192 KB] done reading input!
[t=0.002377s, 2732 KB] Initializing canonical PDB heuristic...
[t=0.002388s, 2732 KB] Generating patterns using: manual pattern collection generator
[t=0.002393s, 2732 KB] Manual pattern collection: [[23, 24, 22, 19, 18, 17, 21]]
[t=0.002403s, 2732 KB] manual pattern collection generator number of patterns: 1
[t=0.002408s, 2732 KB] manual pattern collection generator total PDB size: 68992
[t=0.002411s, 2732 KB] manual pattern collection generator computation time: 1e-05s
[t=0.002418s, 2732 KB] Computing PDBs for pattern collection...
[t=0.003522s, 3180 KB] Done computing PDBs for pattern collection: 0.001108s
[t=0.003530s, 3180 KB] Computing pattern cliques for pattern collection...
[t=0.003541s, 3180 KB] Done computing pattern cliques for pattern collection: 0.000013s
[t=0.003547s, 3180 KB] Running dominance pruning...
[t=0.003552s, 3180 KB] Pruned 0 of 1 pattern cliques
[t=0.003556s, 3180 KB] Pruned 0 of 1 PDBs
[t=0.003558s, 3180 KB] Dominance pruning took 0.000010s
[t=0.003561s, 3180 KB] Canonical PDB heuristic number of patterns: 1
[t=0.003563s, 3180 KB] Canonical PDB heuristic total PDB size: 68992
[t=0.003566s, 3180 KB] Canonical PDB heuristic computation time: 0.001185s
[t=0.003591s, 3180 KB] Building successor generator... done!
[t=0.003634s, 3180 KB] peak memory difference for successor generator creation: 0 KB
[t=0.003636s, 3180 KB] time for successor generation creation: 0.000036s
[t=0.003641s, 3180 KB] Variables: 25
[t=0.003645s, 3180 KB] FactPairs: 94
[t=0.003647s, 3180 KB] Bytes per state: 8
[t=0.003656s, 3180 KB] Conducting best first search with reopening closed nodes, (real) bound = 2147483647
[t=0.003672s, 3192 KB] New best heuristic value for cpdbs: 17
[t=0.003676s, 3192 KB] g=0, 1 evaluated, 0 expanded
[t=0.003679s, 3192 KB] f = 17, 1 evaluated, 0 expanded
[t=0.003688s, 3204 KB] Initial heuristic value for cpdbs: 17
[t=0.003692s, 3204 KB] pruning method: none
[t=0.003701s, 3204 KB] New best heuristic value for cpdbs: 16
[t=0.003704s, 3204 KB] g=1, 4 evaluated, 1 expanded
[t=0.003709s, 3204 KB] New best heuristic value for cpdbs: 15
[t=0.003712s, 3204 KB] g=2, 5 evaluated, 2 expanded
[t=0.003717s, 3204 KB] New best heuristic value for cpdbs: 14
[t=0.003720s, 3204 KB] g=3, 7 evaluated, 3 expanded
[t=0.003723s, 3204 KB] New best heuristic value for cpdbs: 13
[t=0.003726s, 3204 KB] g=4, 8 evaluated, 4 expanded
[t=0.003733s, 3204 KB] New best heuristic value for cpdbs: 12
[t=0.003736s, 3204 KB] g=5, 11 evaluated, 5 expanded
[t=0.003740s, 3204 KB] New best heuristic value for cpdbs: 11
[t=0.003744s, 3204 KB] g=6, 13 evaluated, 6 expanded
[t=0.003751s, 3216 KB] New best heuristic value for cpdbs: 10
[t=0.003755s, 3216 KB] g=7, 15 evaluated, 7 expanded
[t=0.003760s, 3216 KB] New best heuristic value for cpdbs: 9
[t=0.003763s, 3216 KB] g=8, 17 evaluated, 8 expanded
[t=0.003767s, 3216 KB] New best heuristic value for cpdbs: 8
[t=0.003769s, 3216 KB] g=9, 18 evaluated, 9 expanded
[t=0.003823s, 3216 KB] New best heuristic value for cpdbs: 7
[t=0.003825s, 3216 KB] g=10, 20 evaluated, 10 expanded
[t=0.003831s, 3216 KB] New best heuristic value for cpdbs: 6
[t=0.003835s, 3216 KB] g=11, 24 evaluated, 11 expanded
[t=0.003841s, 3216 KB] f = 19, 27 evaluated, 13 expanded
[t=0.003858s, 3216 KB] f = 21, 38 evaluated, 24 expanded
[t=0.003893s, 3216 KB] f = 23, 65 evaluated, 44 expanded
[t=0.003921s, 3216 KB] f = 25, 84 evaluated, 65 expanded
[t=0.003949s, 3216 KB] f = 27, 105 evaluated, 85 expanded
[t=0.003995s, 3216 KB] f = 29, 139 evaluated, 113 expanded
[t=0.004009s, 3216 KB] New best heuristic value for cpdbs: 5
[t=0.004013s, 3216 KB] g=24, 151 evaluated, 119 expanded
[t=0.004017s, 3216 KB] New best heuristic value for cpdbs: 4
[t=0.004020s, 3216 KB] g=25, 153 evaluated, 120 expanded
[t=0.004025s, 3216 KB] New best heuristic value for cpdbs: 3
[t=0.004029s, 3216 KB] g=26, 156 evaluated, 121 expanded
[t=0.004068s, 3236 KB] f = 31, 183 evaluated, 150 expanded
[t=0.004113s, 3236 KB] f = 33, 221 evaluated, 184 expanded
[t=0.004182s, 3236 KB] f = 35, 269 evaluated, 229 expanded
[t=0.004254s, 3236 KB] f = 37, 343 evaluated, 280 expanded
[t=0.004328s, 3236 KB] f = 39, 407 evaluated, 346 expanded
[t=0.004396s, 3236 KB] f = 41, 463 evaluated, 406 expanded
[t=0.004438s, 3236 KB] f = 43, 492 evaluated, 444 expanded
[t=0.004509s, 3248 KB] f = 45, 535 evaluated, 485 expanded
[t=0.004539s, 3248 KB] f = 47, 553 evaluated, 513 expanded
[t=0.004558s, 3248 KB] f = 49, 565 evaluated, 529 expanded
[t=0.004575s, 3248 KB] f = 51, 575 evaluated, 542 expanded
[t=0.004589s, 3248 KB] f = 53, 585 evaluated, 550 expanded
[t=0.004607s, 3248 KB] f = 55, 597 evaluated, 563 expanded
[t=0.004621s, 3248 KB] f = 57, 606 evaluated, 571 expanded
[t=0.004632s, 3248 KB] f = 59, 610 evaluated, 579 expanded
[t=0.004639s, 3248 KB] f = 61, 611 evaluated, 583 expanded
[t=0.004642s, 3248 KB] Completely explored state space -- no solution!
[t=0.004644s, 3248 KB] Actual search time: 0.000951s
[t=0.004647s, 3248 KB] Expanded 584 state(s).
[t=0.004647s, 3248 KB] Reopened 0 state(s).
[t=0.004647s, 3248 KB] Evaluated 611 state(s).
[t=0.004647s, 3248 KB] Evaluations: 611
[t=0.004647s, 3248 KB] Generated 1520 state(s).
[t=0.004647s, 3248 KB] Dead ends: 27 state(s).
[t=0.004647s, 3248 KB] Expanded until last jump: 583 state(s).
[t=0.004647s, 3248 KB] Reopened until last jump: 0 state(s).
[t=0.004647s, 3248 KB] Evaluated until last jump: 611 state(s).
[t=0.004647s, 3248 KB] Generated until last jump: 1518 state(s).
[t=0.004647s, 3248 KB] Number of registered states: 611
[t=0.004647s, 3248 KB] Int hash set load factor: 611/1024 = 0.596680
[t=0.004647s, 3248 KB] Int hash set resizes: 10
[t=0.004647s, 3248 KB] Search time: 0.000993s
[t=0.004647s, 3248 KB] Total time: 0.004647s
Search stopped without finding a solution.
Remove intermediate file output.sas
search exit code: 12

Driver aborting after search

