$ D:\Miniforge3\python.exe C:/Users/user/Desktop/theoria/.worktrees/p13/engine-rig/.toolchain/downward/fast-downward.py --plan-file C:\Users\user\AppData\Local\Temp\e7verify6ky6694n\sas_plan C:\Users\user\Desktop\theoria\.worktrees\e7-deadlock-claim\engine-rig\fixtures\data\sokoban_domain.pddl C:\Users\user\Desktop\theoria\.worktrees\e7-deadlock-claim\engine-rig\runs\20260728T150713Z-E7-deadlock-claim-audit\attacks\work\a5\swap\swap-passage.pddl --search astar(cpdbs(patterns=manual_patterns([[23,24,22,20,16,4,1,0,14]])))

INFO     planner time limit: None
INFO     planner memory limit: None

INFO     Running translator.
INFO     translator stdin: None
INFO     translator time limit: None
INFO     translator memory limit: None
INFO     translator command line string: 'D:\Miniforge3\python.exe' -m translate 'C:\Users\user\Desktop\theoria\.worktrees\e7-deadlock-claim\engine-rig\fixtures\data\sokoban_domain.pddl' 'C:\Users\user\Desktop\theoria\.worktrees\e7-deadlock-claim\engine-rig\runs\20260728T150713Z-E7-deadlock-claim-audit\attacks\work\a5\swap\swap-passage.pddl' --sas-file output.sas
Warning! SIGXCPU is not available on your platform. This means that the planner cannot be gracefully terminated when using a time limit, which, however, is probably supported on your platform anyway.
Parsing...
Parsing: [0.000s CPU, 0.002s wall-clock]
Normalizing task... [0.000s CPU, 0.000s wall-clock]
Instantiating...
Generating Datalog program... [0.000s CPU, 0.000s wall-clock]
Normalizing Datalog program...
Normalizing Datalog program: [0.000s CPU, 0.001s wall-clock]
Preparing model... [0.000s CPU, 0.000s wall-clock]
Generated 20 rules.
Computing model... [0.000s CPU, 0.005s wall-clock]
597 relevant atoms
888 auxiliary atoms
1485 final queue length
1755 total queue pushes
Completing instantiation... [0.016s CPU, 0.002s wall-clock]
Instantiating: [0.016s CPU, 0.008s wall-clock]
Computing fact groups...
Finding invariants...
7 initial candidates
Finding invariants: [0.000s CPU, 0.001s wall-clock]
Checking invariant weight... [0.000s CPU, 0.000s wall-clock]
Instantiating groups... [0.000s CPU, 0.001s wall-clock]
Collecting mutex groups... [0.000s CPU, 0.000s wall-clock]
Choosing groups...
54 uncovered facts
Choosing groups: [0.000s CPU, 0.000s wall-clock]
Building translation key... [0.000s CPU, 0.000s wall-clock]
Computing fact groups: [0.000s CPU, 0.003s wall-clock]
Building STRIPS to SAS dictionary... [0.000s CPU, 0.000s wall-clock]
Building dictionary for full mutex groups... [0.000s CPU, 0.000s wall-clock]
Building mutex information...
Building mutex information: [0.000s CPU, 0.000s wall-clock]
Translating task...
Processing axioms...
Simplifying axioms... [0.000s CPU, 0.000s wall-clock]
Translator axioms removed by simplifying: 0
Processing axioms: [0.000s CPU, 0.000s wall-clock]
Translating task: [0.000s CPU, 0.002s wall-clock]
204 effect conditions simplified
0 implied preconditions added
Detecting unreachable propositions...
0 operators removed
0 axioms removed
67 propositions removed
Detecting unreachable propositions: [0.000s CPU, 0.001s wall-clock]
Reordering and filtering variables...
25 of 25 variables necessary.
22 of 25 mutex groups necessary.
132 of 132 operators necessary.
0 of 0 axiom rules necessary.
Reordering and filtering variables: [0.000s CPU, 0.001s wall-clock]
Translator variables: 25
Translator derived variables: 0
Translator facts: 110
Translator goal facts: 2
Translator mutex groups: 22
Translator total mutex groups size: 88
Translator operators: 132
Translator axioms: 0
Translator task size: 1233
warning: could not determine peak memory
Writing output... [0.000s CPU, 0.010s wall-clock]
Done! [0.016s CPU, 0.027s wall-clock]
translate exit code: 0

INFO     Running search (release).
INFO     search stdin: output.sas
INFO     search time limit: None
INFO     search memory limit: None
INFO     search command line string: 'C:\Users\user\Desktop\theoria\.worktrees\p13\engine-rig\.toolchain\downward\builds\release\bin\downward.exe' --search 'astar(cpdbs(patterns=manual_patterns([[23,24,22,20,16,4,1,0,14]])))' --internal-plan-file 'C:\Users\user\AppData\Local\Temp\e7verify6ky6694n\sas_plan' < output.sas
[t=0.000152s, 1908 KB] Search code revision: 7120aa0
[t=0.000235s, 1936 KB] reading input...
[t=0.001722s, 2224 KB] done reading input!
[t=0.003106s, 2860 KB] Initializing canonical PDB heuristic...
[t=0.003118s, 2860 KB] Generating patterns using: manual pattern collection generator
[t=0.003125s, 2860 KB] Manual pattern collection: [[23, 24, 22, 20, 16, 4, 1, 0, 14]]
[t=0.003142s, 2860 KB] manual pattern collection generator number of patterns: 1
[t=0.003146s, 2860 KB] manual pattern collection generator total PDB size: 681472
[t=0.003148s, 2860 KB] manual pattern collection generator computation time: 1.77e-05s
[t=0.003155s, 2860 KB] Computing PDBs for pattern collection...
[t=0.011550s, 5792 KB] Done computing PDBs for pattern collection: 0.008407s
[t=0.011572s, 5792 KB] Computing pattern cliques for pattern collection...
[t=0.011595s, 5792 KB] Done computing pattern cliques for pattern collection: 0.000025s
[t=0.011603s, 5792 KB] Running dominance pruning...
[t=0.011608s, 5792 KB] Pruned 0 of 1 pattern cliques
[t=0.011610s, 5792 KB] Pruned 0 of 1 PDBs
[t=0.011613s, 5792 KB] Dominance pruning took 0.000008s
[t=0.011619s, 5792 KB] Canonical PDB heuristic number of patterns: 1
[t=0.011622s, 5792 KB] Canonical PDB heuristic total PDB size: 681472
[t=0.011624s, 5792 KB] Canonical PDB heuristic computation time: 0.008513s
[t=0.011655s, 5792 KB] Building successor generator... done!
[t=0.011713s, 5792 KB] peak memory difference for successor generator creation: 0 KB
[t=0.011716s, 5792 KB] time for successor generation creation: 0.000052s
[t=0.011721s, 5792 KB] Variables: 25
[t=0.011723s, 5792 KB] FactPairs: 110
[t=0.011726s, 5792 KB] Bytes per state: 8
[t=0.011736s, 5792 KB] Conducting best first search with reopening closed nodes, (real) bound = 2147483647
[t=0.011770s, 5832 KB] New best heuristic value for cpdbs: 9
[t=0.011775s, 5832 KB] g=0, 1 evaluated, 0 expanded
[t=0.011777s, 5832 KB] f = 9, 1 evaluated, 0 expanded
[t=0.011783s, 5832 KB] Initial heuristic value for cpdbs: 9
[t=0.011786s, 5832 KB] pruning method: none
[t=0.011795s, 5832 KB] New best heuristic value for cpdbs: 8
[t=0.011798s, 5832 KB] g=1, 3 evaluated, 1 expanded
[t=0.011804s, 5832 KB] New best heuristic value for cpdbs: 7
[t=0.011807s, 5832 KB] g=2, 6 evaluated, 2 expanded
[t=0.011813s, 5832 KB] New best heuristic value for cpdbs: 6
[t=0.011817s, 5832 KB] g=3, 10 evaluated, 3 expanded
[t=0.011821s, 5832 KB] f = 11, 12 evaluated, 4 expanded
[t=0.011834s, 5832 KB] New best heuristic value for cpdbs: 5
[t=0.011837s, 5832 KB] g=6, 17 evaluated, 6 expanded
[t=0.011842s, 5832 KB] New best heuristic value for cpdbs: 4
[t=0.011844s, 5832 KB] g=7, 19 evaluated, 7 expanded
[t=0.011857s, 5832 KB] f = 13, 28 evaluated, 14 expanded
[t=0.011874s, 5832 KB] f = 15, 36 evaluated, 25 expanded
[t=0.011884s, 5832 KB] f = 17, 39 evaluated, 32 expanded
[t=0.011900s, 5832 KB] f = 19, 53 evaluated, 38 expanded
[t=0.011922s, 5832 KB] f = 21, 68 evaluated, 50 expanded
[t=0.011947s, 5832 KB] f = 23, 86 evaluated, 67 expanded
[t=0.011962s, 5832 KB] f = 25, 95 evaluated, 77 expanded
[t=0.012012s, 5832 KB] f = 27, 141 evaluated, 103 expanded
[t=0.012066s, 5832 KB] f = 29, 191 evaluated, 139 expanded
[t=0.012080s, 5924 KB] New best heuristic value for cpdbs: 3
[t=0.012083s, 5924 KB] g=26, 196 evaluated, 141 expanded
[t=0.012174s, 5924 KB] f = 31, 265 evaluated, 199 expanded
[t=0.012261s, 5924 KB] f = 33, 342 evaluated, 264 expanded
[t=0.012338s, 5924 KB] f = 35, 407 evaluated, 332 expanded
[t=0.012468s, 5924 KB] f = 37, 493 evaluated, 407 expanded
[t=0.012589s, 5924 KB] f = 39, 581 evaluated, 486 expanded
[t=0.012657s, 5924 KB] f = 41, 634 evaluated, 548 expanded
[t=0.012705s, 5924 KB] f = 43, 664 evaluated, 596 expanded
[t=0.012727s, 5924 KB] f = 45, 674 evaluated, 618 expanded
[t=0.012737s, 5924 KB] f = 47, 677 evaluated, 626 expanded
[t=0.012774s, 5924 KB] f = 49, 678 evaluated, 629 expanded
[t=0.012778s, 5924 KB] Completely explored state space -- no solution!
[t=0.012780s, 5924 KB] Actual search time: 0.000993s
[t=0.012783s, 5924 KB] Expanded 630 state(s).
[t=0.012783s, 5924 KB] Reopened 0 state(s).
[t=0.012783s, 5924 KB] Evaluated 678 state(s).
[t=0.012783s, 5924 KB] Evaluations: 678
[t=0.012783s, 5924 KB] Generated 1664 state(s).
[t=0.012783s, 5924 KB] Dead ends: 48 state(s).
[t=0.012783s, 5924 KB] Expanded until last jump: 629 state(s).
[t=0.012783s, 5924 KB] Reopened until last jump: 0 state(s).
[t=0.012783s, 5924 KB] Evaluated until last jump: 678 state(s).
[t=0.012783s, 5924 KB] Generated until last jump: 1662 state(s).
[t=0.012783s, 5924 KB] Number of registered states: 678
[t=0.012783s, 5924 KB] Int hash set load factor: 678/1024 = 0.662109
[t=0.012783s, 5924 KB] Int hash set resizes: 10
[t=0.012783s, 5924 KB] Search time: 0.001048s
[t=0.012783s, 5924 KB] Total time: 0.012783s
Search stopped without finding a solution.
Remove intermediate file output.sas
search exit code: 12

Driver aborting after search

