$ D:\Miniforge3\python.exe C:/Users/user/Desktop/theoria/.worktrees/p13/engine-rig/.toolchain/downward/fast-downward.py --plan-file C:\Users\user\AppData\Local\Temp\e7verifykr4y2x3x\sas_plan C:\Users\user\Desktop\theoria\.worktrees\e7-deadlock-claim\engine-rig\fixtures\data\sokoban_domain.pddl C:\Users\user\Desktop\theoria\.worktrees\e7-deadlock-claim\engine-rig\runs\20260728T150713Z-E7-deadlock-claim-audit\attacks\work\a5\swap\swap-passage.pddl --search astar(cpdbs(patterns=manual_patterns([[23,24,22,1,17,13,2,20,4,12]])))

INFO     planner time limit: None
INFO     planner memory limit: None

INFO     Running translator.
INFO     translator stdin: None
INFO     translator time limit: None
INFO     translator memory limit: None
INFO     translator command line string: 'D:\Miniforge3\python.exe' -m translate 'C:\Users\user\Desktop\theoria\.worktrees\e7-deadlock-claim\engine-rig\fixtures\data\sokoban_domain.pddl' 'C:\Users\user\Desktop\theoria\.worktrees\e7-deadlock-claim\engine-rig\runs\20260728T150713Z-E7-deadlock-claim-audit\attacks\work\a5\swap\swap-passage.pddl' --sas-file output.sas
Warning! SIGXCPU is not available on your platform. This means that the planner cannot be gracefully terminated when using a time limit, which, however, is probably supported on your platform anyway.
Parsing...
Parsing: [0.000s CPU, 0.002s wall-clock]
Normalizing task... [0.000s CPU, 0.000s wall-clock]
Instantiating...
Generating Datalog program... [0.000s CPU, 0.000s wall-clock]
Normalizing Datalog program...
Normalizing Datalog program: [0.000s CPU, 0.001s wall-clock]
Preparing model... [0.000s CPU, 0.000s wall-clock]
Generated 20 rules.
Computing model... [0.000s CPU, 0.005s wall-clock]
597 relevant atoms
888 auxiliary atoms
1485 final queue length
1755 total queue pushes
Completing instantiation... [0.000s CPU, 0.002s wall-clock]
Instantiating: [0.016s CPU, 0.008s wall-clock]
Computing fact groups...
Finding invariants...
7 initial candidates
Finding invariants: [0.000s CPU, 0.001s wall-clock]
Checking invariant weight... [0.000s CPU, 0.000s wall-clock]
Instantiating groups... [0.000s CPU, 0.001s wall-clock]
Collecting mutex groups... [0.000s CPU, 0.000s wall-clock]
Choosing groups...
54 uncovered facts
Choosing groups: [0.000s CPU, 0.000s wall-clock]
Building translation key... [0.000s CPU, 0.000s wall-clock]
Computing fact groups: [0.000s CPU, 0.003s wall-clock]
Building STRIPS to SAS dictionary... [0.000s CPU, 0.000s wall-clock]
Building dictionary for full mutex groups... [0.000s CPU, 0.000s wall-clock]
Building mutex information...
Building mutex information: [0.000s CPU, 0.000s wall-clock]
Translating task...
Processing axioms...
Simplifying axioms... [0.000s CPU, 0.000s wall-clock]
Translator axioms removed by simplifying: 0
Processing axioms: [0.000s CPU, 0.000s wall-clock]
Translating task: [0.000s CPU, 0.002s wall-clock]
204 effect conditions simplified
0 implied preconditions added
Detecting unreachable propositions...
0 operators removed
0 axioms removed
67 propositions removed
Detecting unreachable propositions: [0.000s CPU, 0.001s wall-clock]
Reordering and filtering variables...
25 of 25 variables necessary.
22 of 25 mutex groups necessary.
132 of 132 operators necessary.
0 of 0 axiom rules necessary.
Reordering and filtering variables: [0.000s CPU, 0.001s wall-clock]
Translator variables: 25
Translator derived variables: 0
Translator facts: 110
Translator goal facts: 2
Translator mutex groups: 22
Translator total mutex groups size: 88
Translator operators: 132
Translator axioms: 0
Translator task size: 1233
warning: could not determine peak memory
Writing output... [0.000s CPU, 0.010s wall-clock]
Done! [0.016s CPU, 0.027s wall-clock]
translate exit code: 0

INFO     Running search (release).
INFO     search stdin: output.sas
INFO     search time limit: None
INFO     search memory limit: None
INFO     search command line string: 'C:\Users\user\Desktop\theoria\.worktrees\p13\engine-rig\.toolchain\downward\builds\release\bin\downward.exe' --search 'astar(cpdbs(patterns=manual_patterns([[23,24,22,1,17,13,2,20,4,12]])))' --internal-plan-file 'C:\Users\user\AppData\Local\Temp\e7verifykr4y2x3x\sas_plan' < output.sas
[t=0.000139s, 1972 KB] Search code revision: 7120aa0
[t=0.000231s, 1972 KB] reading input...
[t=0.001618s, 2244 KB] done reading input!
[t=0.002894s, 2848 KB] Initializing canonical PDB heuristic...
[t=0.002906s, 2848 KB] Generating patterns using: manual pattern collection generator
[t=0.002910s, 2848 KB] Manual pattern collection: [[23, 24, 22, 1, 17, 13, 2, 20, 4, 12]]
[t=0.002919s, 2848 KB] manual pattern collection generator number of patterns: 1
[t=0.002922s, 2848 KB] manual pattern collection generator total PDB size: 1362944
[t=0.002925s, 2848 KB] manual pattern collection generator computation time: 8.9e-06s
[t=0.002931s, 2848 KB] Computing PDBs for pattern collection...
[t=0.016207s, 8672 KB] Done computing PDBs for pattern collection: 0.013284s
[t=0.016226s, 8672 KB] Computing pattern cliques for pattern collection...
[t=0.016245s, 8672 KB] Done computing pattern cliques for pattern collection: 0.000021s
[t=0.016251s, 8672 KB] Running dominance pruning...
[t=0.016257s, 8672 KB] Pruned 0 of 1 pattern cliques
[t=0.016267s, 8672 KB] Pruned 0 of 1 PDBs
[t=0.016271s, 8672 KB] Dominance pruning took 0.000018s
[t=0.016275s, 8672 KB] Canonical PDB heuristic number of patterns: 1
[t=0.016278s, 8672 KB] Canonical PDB heuristic total PDB size: 1362944
[t=0.016280s, 8672 KB] Canonical PDB heuristic computation time: 0.013381s
[t=0.016310s, 8672 KB] Building successor generator... done!
[t=0.016371s, 8672 KB] peak memory difference for successor generator creation: 0 KB
[t=0.016374s, 8672 KB] time for successor generation creation: 0.000052s
[t=0.016379s, 8672 KB] Variables: 25
[t=0.016381s, 8672 KB] FactPairs: 110
[t=0.016383s, 8672 KB] Bytes per state: 8
[t=0.016392s, 8672 KB] Conducting best first search with reopening closed nodes, (real) bound = 2147483647
[t=0.016431s, 8672 KB] New best heuristic value for cpdbs: 9
[t=0.016437s, 8672 KB] g=0, 1 evaluated, 0 expanded
[t=0.016440s, 8672 KB] f = 9, 1 evaluated, 0 expanded
[t=0.016445s, 8672 KB] Initial heuristic value for cpdbs: 9
[t=0.016447s, 8672 KB] pruning method: none
[t=0.016458s, 8672 KB] New best heuristic value for cpdbs: 8
[t=0.016462s, 8672 KB] g=1, 3 evaluated, 1 expanded
[t=0.016468s, 8672 KB] New best heuristic value for cpdbs: 7
[t=0.016470s, 8672 KB] g=2, 6 evaluated, 2 expanded
[t=0.016477s, 8672 KB] New best heuristic value for cpdbs: 6
[t=0.016480s, 8672 KB] g=3, 10 evaluated, 3 expanded
[t=0.016486s, 8672 KB] f = 11, 12 evaluated, 4 expanded
[t=0.016498s, 8672 KB] New best heuristic value for cpdbs: 5
[t=0.016502s, 8672 KB] g=6, 17 evaluated, 6 expanded
[t=0.016507s, 8672 KB] New best heuristic value for cpdbs: 4
[t=0.016509s, 8672 KB] g=7, 19 evaluated, 7 expanded
[t=0.016523s, 8672 KB] f = 13, 28 evaluated, 14 expanded
[t=0.016542s, 8672 KB] f = 15, 36 evaluated, 25 expanded
[t=0.016552s, 8672 KB] f = 17, 39 evaluated, 32 expanded
[t=0.016570s, 8672 KB] f = 19, 53 evaluated, 38 expanded
[t=0.016595s, 8672 KB] f = 21, 68 evaluated, 50 expanded
[t=0.016614s, 8672 KB] f = 23, 78 evaluated, 63 expanded
[t=0.016630s, 8672 KB] f = 25, 87 evaluated, 71 expanded
[t=0.016664s, 8672 KB] f = 27, 116 evaluated, 87 expanded
[t=0.016729s, 8672 KB] f = 29, 167 evaluated, 117 expanded
[t=0.016814s, 8672 KB] f = 31, 235 evaluated, 172 expanded
[t=0.016931s, 8672 KB] f = 33, 314 evaluated, 236 expanded
[t=0.017019s, 8672 KB] f = 35, 376 evaluated, 307 expanded
[t=0.017118s, 8672 KB] f = 37, 456 evaluated, 375 expanded
[t=0.017246s, 8672 KB] f = 39, 541 evaluated, 446 expanded
[t=0.017349s, 8672 KB] f = 41, 617 evaluated, 524 expanded
[t=0.017414s, 8672 KB] f = 43, 659 evaluated, 580 expanded
[t=0.017447s, 8672 KB] f = 45, 673 evaluated, 613 expanded
[t=0.017461s, 8672 KB] f = 47, 677 evaluated, 625 expanded
[t=0.017468s, 8672 KB] f = 49, 678 evaluated, 629 expanded
[t=0.017472s, 8672 KB] Completely explored state space -- no solution!
[t=0.017474s, 8672 KB] Actual search time: 0.001024s
[t=0.017477s, 8672 KB] Expanded 630 state(s).
[t=0.017477s, 8672 KB] Reopened 0 state(s).
[t=0.017477s, 8672 KB] Evaluated 678 state(s).
[t=0.017477s, 8672 KB] Evaluations: 678
[t=0.017477s, 8672 KB] Generated 1664 state(s).
[t=0.017477s, 8672 KB] Dead ends: 48 state(s).
[t=0.017477s, 8672 KB] Expanded until last jump: 629 state(s).
[t=0.017477s, 8672 KB] Reopened until last jump: 0 state(s).
[t=0.017477s, 8672 KB] Evaluated until last jump: 678 state(s).
[t=0.017477s, 8672 KB] Generated until last jump: 1662 state(s).
[t=0.017477s, 8672 KB] Number of registered states: 678
[t=0.017477s, 8672 KB] Int hash set load factor: 678/1024 = 0.662109
[t=0.017477s, 8672 KB] Int hash set resizes: 10
[t=0.017477s, 8672 KB] Search time: 0.001087s
[t=0.017477s, 8672 KB] Total time: 0.017477s
Search stopped without finding a solution.
Remove intermediate file output.sas
search exit code: 12

Driver aborting after search

