$ D:\Miniforge3\python.exe C:/Users/user/Desktop/theoria/.worktrees/p13/engine-rig/.toolchain/downward/fast-downward.py --plan-file C:\Users\user\AppData\Local\Temp\e7verifyb5eijmvx\sas_plan C:\Users\user\Desktop\theoria\.worktrees\e7-deadlock-claim\engine-rig\runs\20260728T150713Z-E7-deadlock-claim-audit\attacks\work\a5\swap\singleton\sokoban_guarded_singleton_domain.pddl C:\Users\user\Desktop\theoria\.worktrees\e7-deadlock-claim\engine-rig\runs\20260728T150713Z-E7-deadlock-claim-audit\attacks\work\a5\swap\singleton\swap-passage_guarded_singleton.pddl --search astar(cpdbs(patterns=manual_patterns([[23,24,22,19,18,20]])))

INFO     planner time limit: None
INFO     planner memory limit: None

INFO     Running translator.
INFO     translator stdin: None
INFO     translator time limit: None
INFO     translator memory limit: None
INFO     translator command line string: 'D:\Miniforge3\python.exe' -m translate 'C:\Users\user\Desktop\theoria\.worktrees\e7-deadlock-claim\engine-rig\runs\20260728T150713Z-E7-deadlock-claim-audit\attacks\work\a5\swap\singleton\sokoban_guarded_singleton_domain.pddl' 'C:\Users\user\Desktop\theoria\.worktrees\e7-deadlock-claim\engine-rig\runs\20260728T150713Z-E7-deadlock-claim-audit\attacks\work\a5\swap\singleton\swap-passage_guarded_singleton.pddl' --sas-file output.sas
Warning! SIGXCPU is not available on your platform. This means that the planner cannot be gracefully terminated when using a time limit, which, however, is probably supported on your platform anyway.
Parsing...
Parsing: [0.000s CPU, 0.002s wall-clock]
Normalizing task... [0.000s CPU, 0.000s wall-clock]
Instantiating...
Generating Datalog program... [0.000s CPU, 0.000s wall-clock]
Normalizing Datalog program...
Normalizing Datalog program: [0.000s CPU, 0.001s wall-clock]
Preparing model... [0.000s CPU, 0.000s wall-clock]
Generated 20 rules.
Computing model... [0.000s CPU, 0.005s wall-clock]
613 relevant atoms
888 auxiliary atoms
1501 final queue length
1771 total queue pushes
Completing instantiation... [0.000s CPU, 0.002s wall-clock]
Instantiating: [0.000s CPU, 0.008s wall-clock]
Computing fact groups...
Finding invariants...
7 initial candidates
Finding invariants: [0.000s CPU, 0.001s wall-clock]
Checking invariant weight... [0.000s CPU, 0.000s wall-clock]
Instantiating groups... [0.000s CPU, 0.001s wall-clock]
Collecting mutex groups... [0.000s CPU, 0.000s wall-clock]
Choosing groups...
54 uncovered facts
Choosing groups: [0.016s CPU, 0.000s wall-clock]
Building translation key... [0.000s CPU, 0.000s wall-clock]
Computing fact groups: [0.016s CPU, 0.003s wall-clock]
Building STRIPS to SAS dictionary... [0.000s CPU, 0.000s wall-clock]
Building dictionary for full mutex groups... [0.000s CPU, 0.000s wall-clock]
Building mutex information...
Building mutex information: [0.000s CPU, 0.000s wall-clock]
Translating task...
Processing axioms...
Simplifying axioms... [0.000s CPU, 0.000s wall-clock]
Translator axioms removed by simplifying: 0
Processing axioms: [0.000s CPU, 0.000s wall-clock]
Translating task: [0.000s CPU, 0.002s wall-clock]
172 effect conditions simplified
0 implied preconditions added
Detecting unreachable propositions...
0 operators removed
0 axioms removed
83 propositions removed
Detecting unreachable propositions: [0.000s CPU, 0.001s wall-clock]
Reordering and filtering variables...
25 of 25 variables necessary.
22 of 25 mutex groups necessary.
116 of 116 operators necessary.
0 of 0 axiom rules necessary.
Reordering and filtering variables: [0.000s CPU, 0.001s wall-clock]
Translator variables: 25
Translator derived variables: 0
Translator facts: 94
Translator goal facts: 2
Translator mutex groups: 22
Translator total mutex groups size: 72
Translator operators: 116
Translator axioms: 0
Translator task size: 1057
warning: could not determine peak memory
Writing output... [0.000s CPU, 0.009s wall-clock]
Done! [0.016s CPU, 0.026s wall-clock]
translate exit code: 0

INFO     Running search (release).
INFO     search stdin: output.sas
INFO     search time limit: None
INFO     search memory limit: None
INFO     search command line string: 'C:\Users\user\Desktop\theoria\.worktrees\p13\engine-rig\.toolchain\downward\builds\release\bin\downward.exe' --search 'astar(cpdbs(patterns=manual_patterns([[23,24,22,19,18,20]])))' --internal-plan-file 'C:\Users\user\AppData\Local\Temp\e7verifyb5eijmvx\sas_plan' < output.sas
[t=0.000111s, 1948 KB] Search code revision: 7120aa0
[t=0.000187s, 1948 KB] reading input...
[t=0.001382s, 2228 KB] done reading input!
[t=0.002348s, 2872 KB] Initializing canonical PDB heuristic...
[t=0.002358s, 2872 KB] Generating patterns using: manual pattern collection generator
[t=0.002363s, 2872 KB] Manual pattern collection: [[23, 24, 22, 19, 18, 20]]
[t=0.002373s, 2872 KB] manual pattern collection generator number of patterns: 1
[t=0.002377s, 2884 KB] manual pattern collection generator total PDB size: 34496
[t=0.002380s, 2884 KB] manual pattern collection generator computation time: 1.15e-05s
[t=0.002387s, 2892 KB] Computing PDBs for pattern collection...
[t=0.003010s, 3164 KB] Done computing PDBs for pattern collection: 0.000627s
[t=0.003021s, 3164 KB] Computing pattern cliques for pattern collection...
[t=0.003033s, 3164 KB] Done computing pattern cliques for pattern collection: 0.000013s
[t=0.003037s, 3164 KB] Running dominance pruning...
[t=0.003043s, 3164 KB] Pruned 0 of 1 pattern cliques
[t=0.003046s, 3164 KB] Pruned 0 of 1 PDBs
[t=0.003048s, 3164 KB] Dominance pruning took 0.000009s
[t=0.003051s, 3164 KB] Canonical PDB heuristic number of patterns: 1
[t=0.003053s, 3164 KB] Canonical PDB heuristic total PDB size: 34496
[t=0.003055s, 3164 KB] Canonical PDB heuristic computation time: 0.000703s
[t=0.003079s, 3164 KB] Building successor generator... done!
[t=0.003120s, 3164 KB] peak memory difference for successor generator creation: 0 KB
[t=0.003122s, 3164 KB] time for successor generation creation: 0.000038s
[t=0.003126s, 3164 KB] Variables: 25
[t=0.003129s, 3164 KB] FactPairs: 94
[t=0.003131s, 3164 KB] Bytes per state: 8
[t=0.003140s, 3164 KB] Conducting best first search with reopening closed nodes, (real) bound = 2147483647
[t=0.003157s, 3176 KB] New best heuristic value for cpdbs: 15
[t=0.003159s, 3176 KB] g=0, 1 evaluated, 0 expanded
[t=0.003162s, 3176 KB] f = 15, 1 evaluated, 0 expanded
[t=0.003169s, 3188 KB] Initial heuristic value for cpdbs: 15
[t=0.003172s, 3188 KB] pruning method: none
[t=0.003182s, 3188 KB] New best heuristic value for cpdbs: 14
[t=0.003186s, 3188 KB] g=1, 4 evaluated, 1 expanded
[t=0.003192s, 3188 KB] New best heuristic value for cpdbs: 13
[t=0.003195s, 3188 KB] g=2, 6 evaluated, 2 expanded
[t=0.003202s, 3188 KB] f = 17, 10 evaluated, 3 expanded
[t=0.003214s, 3188 KB] f = 19, 16 evaluated, 9 expanded
[t=0.003227s, 3188 KB] f = 21, 22 evaluated, 15 expanded
[t=0.003236s, 3188 KB] f = 23, 25 evaluated, 20 expanded
[t=0.003261s, 3188 KB] f = 25, 42 evaluated, 29 expanded
[t=0.003280s, 3188 KB] f = 27, 53 evaluated, 40 expanded
[t=0.003306s, 3188 KB] f = 29, 69 evaluated, 55 expanded
[t=0.003313s, 3188 KB] New best heuristic value for cpdbs: 12
[t=0.003315s, 3188 KB] g=17, 72 evaluated, 58 expanded
[t=0.003320s, 3188 KB] New best heuristic value for cpdbs: 11
[t=0.003322s, 3188 KB] g=18, 74 evaluated, 59 expanded
[t=0.003326s, 3188 KB] New best heuristic value for cpdbs: 10
[t=0.003328s, 3188 KB] g=19, 76 evaluated, 60 expanded
[t=0.003331s, 3188 KB] New best heuristic value for cpdbs: 9
[t=0.003334s, 3188 KB] g=20, 77 evaluated, 61 expanded
[t=0.003339s, 3188 KB] New best heuristic value for cpdbs: 8
[t=0.003341s, 3188 KB] g=21, 80 evaluated, 62 expanded
[t=0.003346s, 3188 KB] New best heuristic value for cpdbs: 7
[t=0.003348s, 3188 KB] g=22, 82 evaluated, 63 expanded
[t=0.003354s, 3188 KB] New best heuristic value for cpdbs: 6
[t=0.003357s, 3188 KB] g=23, 86 evaluated, 64 expanded
[t=0.003361s, 3188 KB] New best heuristic value for cpdbs: 5
[t=0.003364s, 3188 KB] g=24, 88 evaluated, 65 expanded
[t=0.003368s, 3188 KB] New best heuristic value for cpdbs: 4
[t=0.003370s, 3188 KB] g=25, 90 evaluated, 66 expanded
[t=0.003375s, 3188 KB] New best heuristic value for cpdbs: 3
[t=0.003378s, 3188 KB] g=26, 93 evaluated, 67 expanded
[t=0.003436s, 3188 KB] f = 31, 134 evaluated, 89 expanded
[t=0.003519s, 3188 KB] f = 33, 200 evaluated, 145 expanded
[t=0.003644s, 3188 KB] f = 35, 293 evaluated, 224 expanded
[t=0.003756s, 3188 KB] f = 37, 376 evaluated, 308 expanded
[t=0.003859s, 3188 KB] f = 39, 454 evaluated, 387 expanded
[t=0.003937s, 3200 KB] f = 41, 486 evaluated, 439 expanded
[t=0.003973s, 3200 KB] f = 43, 508 evaluated, 470 expanded
[t=0.004048s, 3212 KB] f = 45, 569 evaluated, 515 expanded
[t=0.004088s, 3212 KB] f = 47, 593 evaluated, 548 expanded
[t=0.004106s, 3212 KB] f = 49, 599 evaluated, 568 expanded
[t=0.004128s, 3212 KB] f = 51, 618 evaluated, 579 expanded
[t=0.004143s, 3212 KB] f = 53, 626 evaluated, 591 expanded
[t=0.004153s, 3212 KB] f = 55, 631 evaluated, 599 expanded
[t=0.004161s, 3212 KB] f = 57, 634 evaluated, 604 expanded
[t=0.004164s, 3212 KB] Completely explored state space -- no solution!
[t=0.004167s, 3212 KB] Actual search time: 0.000993s
[t=0.004169s, 3212 KB] Expanded 606 state(s).
[t=0.004169s, 3212 KB] Reopened 0 state(s).
[t=0.004169s, 3212 KB] Evaluated 634 state(s).
[t=0.004169s, 3212 KB] Evaluations: 634
[t=0.004169s, 3212 KB] Generated 1580 state(s).
[t=0.004169s, 3212 KB] Dead ends: 28 state(s).
[t=0.004169s, 3212 KB] Expanded until last jump: 604 state(s).
[t=0.004169s, 3212 KB] Reopened until last jump: 0 state(s).
[t=0.004169s, 3212 KB] Evaluated until last jump: 634 state(s).
[t=0.004169s, 3212 KB] Generated until last jump: 1576 state(s).
[t=0.004169s, 3212 KB] Number of registered states: 634
[t=0.004169s, 3212 KB] Int hash set load factor: 634/1024 = 0.619141
[t=0.004169s, 3212 KB] Int hash set resizes: 10
[t=0.004169s, 3212 KB] Search time: 0.001031s
[t=0.004169s, 3212 KB] Total time: 0.004169s
Search stopped without finding a solution.
Remove intermediate file output.sas
search exit code: 12

Driver aborting after search

