$ D:\Miniforge3\python.exe C:/Users/user/Desktop/theoria/.worktrees/p13/engine-rig/.toolchain/downward/fast-downward.py --plan-file C:\Users\user\AppData\Local\Temp\e7verifyaa1vazt0\sas_plan C:\Users\user\Desktop\theoria\.worktrees\e7-deadlock-claim\engine-rig\fixtures\data\sokoban_domain.pddl C:\Users\user\Desktop\theoria\.worktrees\e7-deadlock-claim\engine-rig\runs\20260728T150713Z-E7-deadlock-claim-audit\attacks\work\a5\swap\swap-passage.pddl --search astar(cpdbs(patterns=manual_patterns([[23,24,22,19,10,15,21,9,4]])))

INFO     planner time limit: None
INFO     planner memory limit: None

INFO     Running translator.
INFO     translator stdin: None
INFO     translator time limit: None
INFO     translator memory limit: None
INFO     translator command line string: 'D:\Miniforge3\python.exe' -m translate 'C:\Users\user\Desktop\theoria\.worktrees\e7-deadlock-claim\engine-rig\fixtures\data\sokoban_domain.pddl' 'C:\Users\user\Desktop\theoria\.worktrees\e7-deadlock-claim\engine-rig\runs\20260728T150713Z-E7-deadlock-claim-audit\attacks\work\a5\swap\swap-passage.pddl' --sas-file output.sas
Warning! SIGXCPU is not available on your platform. This means that the planner cannot be gracefully terminated when using a time limit, which, however, is probably supported on your platform anyway.
Parsing...
Parsing: [0.000s CPU, 0.002s wall-clock]
Normalizing task... [0.000s CPU, 0.000s wall-clock]
Instantiating...
Generating Datalog program... [0.000s CPU, 0.000s wall-clock]
Normalizing Datalog program...
Normalizing Datalog program: [0.000s CPU, 0.001s wall-clock]
Preparing model... [0.000s CPU, 0.000s wall-clock]
Generated 20 rules.
Computing model... [0.000s CPU, 0.005s wall-clock]
597 relevant atoms
888 auxiliary atoms
1485 final queue length
1755 total queue pushes
Completing instantiation... [0.000s CPU, 0.002s wall-clock]
Instantiating: [0.000s CPU, 0.008s wall-clock]
Computing fact groups...
Finding invariants...
7 initial candidates
Finding invariants: [0.000s CPU, 0.001s wall-clock]
Checking invariant weight... [0.000s CPU, 0.000s wall-clock]
Instantiating groups... [0.000s CPU, 0.001s wall-clock]
Collecting mutex groups... [0.000s CPU, 0.000s wall-clock]
Choosing groups...
54 uncovered facts
Choosing groups: [0.000s CPU, 0.000s wall-clock]
Building translation key... [0.000s CPU, 0.000s wall-clock]
Computing fact groups: [0.000s CPU, 0.003s wall-clock]
Building STRIPS to SAS dictionary... [0.000s CPU, 0.000s wall-clock]
Building dictionary for full mutex groups... [0.000s CPU, 0.000s wall-clock]
Building mutex information...
Building mutex information: [0.000s CPU, 0.000s wall-clock]
Translating task...
Processing axioms...
Simplifying axioms... [0.000s CPU, 0.000s wall-clock]
Translator axioms removed by simplifying: 0
Processing axioms: [0.000s CPU, 0.000s wall-clock]
Translating task: [0.016s CPU, 0.002s wall-clock]
204 effect conditions simplified
0 implied preconditions added
Detecting unreachable propositions...
0 operators removed
0 axioms removed
67 propositions removed
Detecting unreachable propositions: [0.000s CPU, 0.001s wall-clock]
Reordering and filtering variables...
25 of 25 variables necessary.
22 of 25 mutex groups necessary.
132 of 132 operators necessary.
0 of 0 axiom rules necessary.
Reordering and filtering variables: [0.000s CPU, 0.001s wall-clock]
Translator variables: 25
Translator derived variables: 0
Translator facts: 110
Translator goal facts: 2
Translator mutex groups: 22
Translator total mutex groups size: 88
Translator operators: 132
Translator axioms: 0
Translator task size: 1233
warning: could not determine peak memory
Writing output... [0.000s CPU, 0.010s wall-clock]
Done! [0.016s CPU, 0.027s wall-clock]
translate exit code: 0

INFO     Running search (release).
INFO     search stdin: output.sas
INFO     search time limit: None
INFO     search memory limit: None
INFO     search command line string: 'C:\Users\user\Desktop\theoria\.worktrees\p13\engine-rig\.toolchain\downward\builds\release\bin\downward.exe' --search 'astar(cpdbs(patterns=manual_patterns([[23,24,22,19,10,15,21,9,4]])))' --internal-plan-file 'C:\Users\user\AppData\Local\Temp\e7verifyaa1vazt0\sas_plan' < output.sas
[t=0.000147s, 1952 KB] Search code revision: 7120aa0
[t=0.000238s, 1952 KB] reading input...
[t=0.001619s, 2240 KB] done reading input!
[t=0.002948s, 2836 KB] Initializing canonical PDB heuristic...
[t=0.002958s, 2836 KB] Generating patterns using: manual pattern collection generator
[t=0.002962s, 2836 KB] Manual pattern collection: [[23, 24, 22, 19, 10, 15, 21, 9, 4]]
[t=0.002971s, 2836 KB] manual pattern collection generator number of patterns: 1
[t=0.002974s, 2836 KB] manual pattern collection generator total PDB size: 681472
[t=0.002976s, 2836 KB] manual pattern collection generator computation time: 8.5e-06s
[t=0.002984s, 2836 KB] Computing PDBs for pattern collection...
[t=0.010424s, 5788 KB] Done computing PDBs for pattern collection: 0.007447s
[t=0.010438s, 5788 KB] Computing pattern cliques for pattern collection...
[t=0.010455s, 5788 KB] Done computing pattern cliques for pattern collection: 0.000018s
[t=0.010462s, 5788 KB] Running dominance pruning...
[t=0.010466s, 5788 KB] Pruned 0 of 1 pattern cliques
[t=0.010470s, 5788 KB] Pruned 0 of 1 PDBs
[t=0.010472s, 5788 KB] Dominance pruning took 0.000009s
[t=0.010476s, 5788 KB] Canonical PDB heuristic number of patterns: 1
[t=0.010479s, 5788 KB] Canonical PDB heuristic total PDB size: 681472
[t=0.010481s, 5788 KB] Canonical PDB heuristic computation time: 0.007528s
[t=0.010509s, 5788 KB] Building successor generator... done!
[t=0.010574s, 5788 KB] peak memory difference for successor generator creation: 0 KB
[t=0.010576s, 5788 KB] time for successor generation creation: 0.000043s
[t=0.010581s, 5788 KB] Variables: 25
[t=0.010583s, 5788 KB] FactPairs: 110
[t=0.010587s, 5788 KB] Bytes per state: 8
[t=0.010597s, 5788 KB] Conducting best first search with reopening closed nodes, (real) bound = 2147483647
[t=0.010624s, 5920 KB] New best heuristic value for cpdbs: 11
[t=0.010629s, 5920 KB] g=0, 1 evaluated, 0 expanded
[t=0.010631s, 5920 KB] f = 11, 1 evaluated, 0 expanded
[t=0.010637s, 5920 KB] Initial heuristic value for cpdbs: 11
[t=0.010640s, 5920 KB] pruning method: none
[t=0.010650s, 5920 KB] New best heuristic value for cpdbs: 10
[t=0.010653s, 5920 KB] g=1, 3 evaluated, 1 expanded
[t=0.010660s, 5920 KB] New best heuristic value for cpdbs: 9
[t=0.010664s, 5920 KB] g=2, 6 evaluated, 2 expanded
[t=0.010672s, 5920 KB] New best heuristic value for cpdbs: 8
[t=0.010682s, 5920 KB] g=3, 10 evaluated, 3 expanded
[t=0.010687s, 5920 KB] New best heuristic value for cpdbs: 7
[t=0.010689s, 5920 KB] g=4, 12 evaluated, 4 expanded
[t=0.010695s, 5920 KB] New best heuristic value for cpdbs: 6
[t=0.010699s, 5920 KB] g=5, 15 evaluated, 5 expanded
[t=0.010705s, 5920 KB] New best heuristic value for cpdbs: 5
[t=0.010707s, 5920 KB] g=6, 17 evaluated, 6 expanded
[t=0.010712s, 5920 KB] New best heuristic value for cpdbs: 4
[t=0.010715s, 5920 KB] g=7, 19 evaluated, 7 expanded
[t=0.010720s, 5920 KB] f = 13, 21 evaluated, 8 expanded
[t=0.010750s, 5920 KB] f = 15, 37 evaluated, 23 expanded
[t=0.010761s, 5920 KB] f = 17, 39 evaluated, 32 expanded
[t=0.010818s, 5920 KB] f = 19, 69 evaluated, 46 expanded
[t=0.010849s, 5920 KB] f = 21, 91 evaluated, 65 expanded
[t=0.010883s, 5920 KB] f = 23, 114 evaluated, 88 expanded
[t=0.010922s, 5920 KB] f = 25, 136 evaluated, 110 expanded
[t=0.010955s, 5920 KB] f = 27, 160 evaluated, 130 expanded
[t=0.010986s, 5920 KB] f = 29, 180 evaluated, 152 expanded
[t=0.011008s, 5920 KB] New best heuristic value for cpdbs: 3
[t=0.011012s, 5920 KB] g=26, 198 evaluated, 161 expanded
[t=0.011052s, 5920 KB] f = 31, 228 evaluated, 183 expanded
[t=0.011119s, 5920 KB] f = 33, 268 evaluated, 217 expanded
[t=0.011183s, 5920 KB] f = 35, 314 evaluated, 263 expanded
[t=0.011289s, 5920 KB] f = 37, 405 evaluated, 322 expanded
[t=0.011396s, 5920 KB] f = 39, 486 evaluated, 395 expanded
[t=0.011490s, 5920 KB] f = 41, 534 evaluated, 459 expanded
[t=0.011562s, 5920 KB] f = 43, 588 evaluated, 510 expanded
[t=0.011606s, 5920 KB] f = 45, 615 evaluated, 547 expanded
[t=0.011636s, 5920 KB] f = 47, 631 evaluated, 573 expanded
[t=0.011657s, 5920 KB] f = 49, 643 evaluated, 587 expanded
[t=0.011683s, 5920 KB] f = 51, 661 evaluated, 603 expanded
[t=0.011705s, 5920 KB] f = 53, 675 evaluated, 617 expanded
[t=0.011717s, 5920 KB] f = 55, 678 evaluated, 627 expanded
[t=0.011725s, 5920 KB] Completely explored state space -- no solution!
[t=0.011730s, 5920 KB] Actual search time: 0.001088s
[t=0.011733s, 5920 KB] Expanded 630 state(s).
[t=0.011733s, 5920 KB] Reopened 0 state(s).
[t=0.011733s, 5920 KB] Evaluated 678 state(s).
[t=0.011733s, 5920 KB] Evaluations: 678
[t=0.011733s, 5920 KB] Generated 1664 state(s).
[t=0.011733s, 5920 KB] Dead ends: 48 state(s).
[t=0.011733s, 5920 KB] Expanded until last jump: 627 state(s).
[t=0.011733s, 5920 KB] Reopened until last jump: 0 state(s).
[t=0.011733s, 5920 KB] Evaluated until last jump: 678 state(s).
[t=0.011733s, 5920 KB] Generated until last jump: 1658 state(s).
[t=0.011733s, 5920 KB] Number of registered states: 678
[t=0.011733s, 5920 KB] Int hash set load factor: 678/1024 = 0.662109
[t=0.011733s, 5920 KB] Int hash set resizes: 10
[t=0.011733s, 5920 KB] Search time: 0.001138s
[t=0.011733s, 5920 KB] Total time: 0.011733s
Search stopped without finding a solution.
Remove intermediate file output.sas
search exit code: 12

Driver aborting after search

