$ D:\Miniforge3\python.exe C:/Users/user/Desktop/theoria/.worktrees/p13/engine-rig/.toolchain/downward/fast-downward.py --plan-file C:\Users\user\AppData\Local\Temp\e7verifysf_mgio7\sas_plan C:\Users\user\Desktop\theoria\.worktrees\e7-deadlock-claim\engine-rig\runs\20260728T150713Z-E7-deadlock-claim-audit\attacks\work\a5\swap\singleton\sokoban_guarded_singleton_domain.pddl C:\Users\user\Desktop\theoria\.worktrees\e7-deadlock-claim\engine-rig\runs\20260728T150713Z-E7-deadlock-claim-audit\attacks\work\a5\swap\singleton\swap-passage_guarded_singleton.pddl --search astar(cpdbs(patterns=manual_patterns([[23,24,22,7,18,8,3,4,12,14,10]])))

INFO     planner time limit: None
INFO     planner memory limit: None

INFO     Running translator.
INFO     translator stdin: None
INFO     translator time limit: None
INFO     translator memory limit: None
INFO     translator command line string: 'D:\Miniforge3\python.exe' -m translate 'C:\Users\user\Desktop\theoria\.worktrees\e7-deadlock-claim\engine-rig\runs\20260728T150713Z-E7-deadlock-claim-audit\attacks\work\a5\swap\singleton\sokoban_guarded_singleton_domain.pddl' 'C:\Users\user\Desktop\theoria\.worktrees\e7-deadlock-claim\engine-rig\runs\20260728T150713Z-E7-deadlock-claim-audit\attacks\work\a5\swap\singleton\swap-passage_guarded_singleton.pddl' --sas-file output.sas
Warning! SIGXCPU is not available on your platform. This means that the planner cannot be gracefully terminated when using a time limit, which, however, is probably supported on your platform anyway.
Parsing...
Parsing: [0.000s CPU, 0.002s wall-clock]
Normalizing task... [0.000s CPU, 0.000s wall-clock]
Instantiating...
Generating Datalog program... [0.016s CPU, 0.000s wall-clock]
Normalizing Datalog program...
Normalizing Datalog program: [0.000s CPU, 0.001s wall-clock]
Preparing model... [0.000s CPU, 0.000s wall-clock]
Generated 20 rules.
Computing model... [0.000s CPU, 0.005s wall-clock]
613 relevant atoms
888 auxiliary atoms
1501 final queue length
1771 total queue pushes
Completing instantiation... [0.000s CPU, 0.002s wall-clock]
Instantiating: [0.016s CPU, 0.008s wall-clock]
Computing fact groups...
Finding invariants...
7 initial candidates
Finding invariants: [0.000s CPU, 0.001s wall-clock]
Checking invariant weight... [0.000s CPU, 0.000s wall-clock]
Instantiating groups... [0.000s CPU, 0.001s wall-clock]
Collecting mutex groups... [0.000s CPU, 0.000s wall-clock]
Choosing groups...
54 uncovered facts
Choosing groups: [0.000s CPU, 0.000s wall-clock]
Building translation key... [0.000s CPU, 0.000s wall-clock]
Computing fact groups: [0.000s CPU, 0.003s wall-clock]
Building STRIPS to SAS dictionary... [0.000s CPU, 0.000s wall-clock]
Building dictionary for full mutex groups... [0.000s CPU, 0.000s wall-clock]
Building mutex information...
Building mutex information: [0.000s CPU, 0.000s wall-clock]
Translating task...
Processing axioms...
Simplifying axioms... [0.000s CPU, 0.000s wall-clock]
Translator axioms removed by simplifying: 0
Processing axioms: [0.000s CPU, 0.000s wall-clock]
Translating task: [0.000s CPU, 0.002s wall-clock]
172 effect conditions simplified
0 implied preconditions added
Detecting unreachable propositions...
0 operators removed
0 axioms removed
83 propositions removed
Detecting unreachable propositions: [0.000s CPU, 0.001s wall-clock]
Reordering and filtering variables...
25 of 25 variables necessary.
22 of 25 mutex groups necessary.
116 of 116 operators necessary.
0 of 0 axiom rules necessary.
Reordering and filtering variables: [0.000s CPU, 0.001s wall-clock]
Translator variables: 25
Translator derived variables: 0
Translator facts: 94
Translator goal facts: 2
Translator mutex groups: 22
Translator total mutex groups size: 72
Translator operators: 116
Translator axioms: 0
Translator task size: 1057
warning: could not determine peak memory
Writing output... [0.016s CPU, 0.009s wall-clock]
Done! [0.031s CPU, 0.026s wall-clock]
translate exit code: 0

INFO     Running search (release).
INFO     search stdin: output.sas
INFO     search time limit: None
INFO     search memory limit: None
INFO     search command line string: 'C:\Users\user\Desktop\theoria\.worktrees\p13\engine-rig\.toolchain\downward\builds\release\bin\downward.exe' --search 'astar(cpdbs(patterns=manual_patterns([[23,24,22,7,18,8,3,4,12,14,10]])))' --internal-plan-file 'C:\Users\user\AppData\Local\Temp\e7verifysf_mgio7\sas_plan' < output.sas
[t=0.000162s, 1944 KB] Search code revision: 7120aa0
[t=0.000248s, 1944 KB] reading input...
[t=0.001507s, 2196 KB] done reading input!
[t=0.002874s, 2848 KB] Initializing canonical PDB heuristic...
[t=0.002884s, 2848 KB] Generating patterns using: manual pattern collection generator
[t=0.002887s, 2848 KB] Manual pattern collection: [[23, 24, 22, 7, 18, 8, 3, 4, 12, 14, 10]]
[t=0.002896s, 2848 KB] manual pattern collection generator number of patterns: 1
[t=0.002899s, 2848 KB] manual pattern collection generator total PDB size: 1103872
[t=0.002902s, 2848 KB] manual pattern collection generator computation time: 8.5e-06s
[t=0.002907s, 2848 KB] Computing PDBs for pattern collection...
[t=0.031953s, 8308 KB] Done computing PDBs for pattern collection: 0.029061s
[t=0.031981s, 8308 KB] Computing pattern cliques for pattern collection...
[t=0.032003s, 8308 KB] Done computing pattern cliques for pattern collection: 0.000024s
[t=0.032009s, 8308 KB] Running dominance pruning...
[t=0.032014s, 8308 KB] Pruned 0 of 1 pattern cliques
[t=0.032017s, 8308 KB] Pruned 0 of 1 PDBs
[t=0.032019s, 8308 KB] Dominance pruning took 0.000008s
[t=0.032023s, 8308 KB] Canonical PDB heuristic number of patterns: 1
[t=0.032025s, 8308 KB] Canonical PDB heuristic total PDB size: 1103872
[t=0.032028s, 8308 KB] Canonical PDB heuristic computation time: 0.029149s
[t=0.032060s, 8308 KB] Building successor generator... done!
[t=0.032118s, 8308 KB] peak memory difference for successor generator creation: 0 KB
[t=0.032121s, 8308 KB] time for successor generation creation: 0.000044s
[t=0.032125s, 8308 KB] Variables: 25
[t=0.032128s, 8308 KB] FactPairs: 94
[t=0.032130s, 8308 KB] Bytes per state: 8
[t=0.032141s, 8308 KB] Conducting best first search with reopening closed nodes, (real) bound = 2147483647
[t=0.032173s, 8308 KB] New best heuristic value for cpdbs: 9
[t=0.032177s, 8308 KB] g=0, 1 evaluated, 0 expanded
[t=0.032180s, 8308 KB] f = 9, 1 evaluated, 0 expanded
[t=0.032186s, 8308 KB] Initial heuristic value for cpdbs: 9
[t=0.032190s, 8308 KB] pruning method: none
[t=0.032199s, 8308 KB] New best heuristic value for cpdbs: 8
[t=0.032202s, 8308 KB] g=1, 4 evaluated, 1 expanded
[t=0.032207s, 8308 KB] New best heuristic value for cpdbs: 7
[t=0.032211s, 8308 KB] g=2, 6 evaluated, 2 expanded
[t=0.032218s, 8308 KB] New best heuristic value for cpdbs: 6
[t=0.032221s, 8308 KB] g=3, 10 evaluated, 3 expanded
[t=0.032226s, 8308 KB] f = 11, 12 evaluated, 4 expanded
[t=0.032241s, 8308 KB] f = 13, 21 evaluated, 11 expanded
[t=0.032257s, 8308 KB] f = 15, 30 evaluated, 20 expanded
[t=0.032271s, 8308 KB] f = 17, 36 evaluated, 28 expanded
[t=0.032299s, 8308 KB] f = 19, 57 evaluated, 41 expanded
[t=0.032324s, 8308 KB] f = 21, 73 evaluated, 55 expanded
[t=0.032356s, 8308 KB] f = 23, 100 evaluated, 78 expanded
[t=0.032377s, 8308 KB] f = 25, 113 evaluated, 94 expanded
[t=0.032418s, 8308 KB] f = 27, 146 evaluated, 115 expanded
[t=0.032446s, 8308 KB] New best heuristic value for cpdbs: 5
[t=0.032450s, 8308 KB] g=22, 169 evaluated, 134 expanded
[t=0.032456s, 8308 KB] New best heuristic value for cpdbs: 4
[t=0.032458s, 8308 KB] g=23, 173 evaluated, 135 expanded
[t=0.032503s, 8308 KB] f = 29, 215 evaluated, 161 expanded
[t=0.032512s, 8308 KB] New best heuristic value for cpdbs: 3
[t=0.032514s, 8308 KB] g=26, 220 evaluated, 163 expanded
[t=0.032593s, 8308 KB] f = 31, 273 evaluated, 219 expanded
[t=0.032675s, 8308 KB] f = 33, 351 evaluated, 284 expanded
[t=0.032757s, 8308 KB] f = 35, 424 evaluated, 356 expanded
[t=0.032846s, 8308 KB] f = 37, 495 evaluated, 431 expanded
[t=0.032918s, 8308 KB] f = 39, 532 evaluated, 480 expanded
[t=0.032972s, 8308 KB] f = 41, 574 evaluated, 525 expanded
[t=0.033017s, 8308 KB] f = 43, 608 evaluated, 563 expanded
[t=0.033038s, 8308 KB] f = 45, 616 evaluated, 583 expanded
[t=0.033061s, 8308 KB] f = 47, 638 evaluated, 598 expanded
[t=0.033081s, 8308 KB] f = 49, 653 evaluated, 614 expanded
[t=0.033096s, 8308 KB] f = 51, 657 evaluated, 625 expanded
[t=0.033102s, 8308 KB] f = 53, 658 evaluated, 629 expanded
[t=0.033107s, 8308 KB] Completely explored state space -- no solution!
[t=0.033109s, 8308 KB] Actual search time: 0.000919s
[t=0.033112s, 8308 KB] Expanded 630 state(s).
[t=0.033112s, 8308 KB] Reopened 0 state(s).
[t=0.033112s, 8308 KB] Evaluated 658 state(s).
[t=0.033112s, 8308 KB] Evaluations: 658
[t=0.033112s, 8308 KB] Generated 1644 state(s).
[t=0.033112s, 8308 KB] Dead ends: 28 state(s).
[t=0.033112s, 8308 KB] Expanded until last jump: 629 state(s).
[t=0.033112s, 8308 KB] Reopened until last jump: 0 state(s).
[t=0.033112s, 8308 KB] Evaluated until last jump: 658 state(s).
[t=0.033112s, 8308 KB] Generated until last jump: 1642 state(s).
[t=0.033112s, 8308 KB] Number of registered states: 658
[t=0.033112s, 8308 KB] Int hash set load factor: 658/1024 = 0.642578
[t=0.033112s, 8308 KB] Int hash set resizes: 10
[t=0.033112s, 8308 KB] Search time: 0.000973s
[t=0.033112s, 8308 KB] Total time: 0.033112s
Search stopped without finding a solution.
Remove intermediate file output.sas
search exit code: 12

Driver aborting after search

