$ D:\Miniforge3\python.exe C:/Users/user/Desktop/theoria/.worktrees/p13/engine-rig/.toolchain/downward/fast-downward.py --plan-file C:\Users\user\AppData\Local\Temp\e7verifykydsr3xv\sas_plan C:\Users\user\Desktop\theoria\.worktrees\e7-deadlock-claim\engine-rig\runs\20260728T150713Z-E7-deadlock-claim-audit\attacks\work\a5\swap\singleton\sokoban_guarded_singleton_domain.pddl C:\Users\user\Desktop\theoria\.worktrees\e7-deadlock-claim\engine-rig\runs\20260728T150713Z-E7-deadlock-claim-audit\attacks\work\a5\swap\singleton\swap-passage_guarded_singleton.pddl --search astar(ipdb(pdb_max_size=200000,collection_max_size=1000000,max_time=30,random_seed=1))

INFO     planner time limit: None
INFO     planner memory limit: None

INFO     Running translator.
INFO     translator stdin: None
INFO     translator time limit: None
INFO     translator memory limit: None
INFO     translator command line string: 'D:\Miniforge3\python.exe' -m translate 'C:\Users\user\Desktop\theoria\.worktrees\e7-deadlock-claim\engine-rig\runs\20260728T150713Z-E7-deadlock-claim-audit\attacks\work\a5\swap\singleton\sokoban_guarded_singleton_domain.pddl' 'C:\Users\user\Desktop\theoria\.worktrees\e7-deadlock-claim\engine-rig\runs\20260728T150713Z-E7-deadlock-claim-audit\attacks\work\a5\swap\singleton\swap-passage_guarded_singleton.pddl' --sas-file output.sas
Warning! SIGXCPU is not available on your platform. This means that the planner cannot be gracefully terminated when using a time limit, which, however, is probably supported on your platform anyway.
Parsing...
Parsing: [0.000s CPU, 0.002s wall-clock]
Normalizing task... [0.000s CPU, 0.000s wall-clock]
Instantiating...
Generating Datalog program... [0.000s CPU, 0.000s wall-clock]
Normalizing Datalog program...
Normalizing Datalog program: [0.000s CPU, 0.001s wall-clock]
Preparing model... [0.000s CPU, 0.001s wall-clock]
Generated 20 rules.
Computing model... [0.016s CPU, 0.005s wall-clock]
613 relevant atoms
888 auxiliary atoms
1501 final queue length
1771 total queue pushes
Completing instantiation... [0.000s CPU, 0.002s wall-clock]
Instantiating: [0.016s CPU, 0.008s wall-clock]
Computing fact groups...
Finding invariants...
7 initial candidates
Finding invariants: [0.000s CPU, 0.001s wall-clock]
Checking invariant weight... [0.000s CPU, 0.000s wall-clock]
Instantiating groups... [0.000s CPU, 0.001s wall-clock]
Collecting mutex groups... [0.000s CPU, 0.000s wall-clock]
Choosing groups...
54 uncovered facts
Choosing groups: [0.000s CPU, 0.000s wall-clock]
Building translation key... [0.000s CPU, 0.000s wall-clock]
Computing fact groups: [0.000s CPU, 0.003s wall-clock]
Building STRIPS to SAS dictionary... [0.000s CPU, 0.000s wall-clock]
Building dictionary for full mutex groups... [0.000s CPU, 0.000s wall-clock]
Building mutex information...
Building mutex information: [0.000s CPU, 0.000s wall-clock]
Translating task...
Processing axioms...
Simplifying axioms... [0.000s CPU, 0.000s wall-clock]
Translator axioms removed by simplifying: 0
Processing axioms: [0.000s CPU, 0.000s wall-clock]
Translating task: [0.000s CPU, 0.002s wall-clock]
172 effect conditions simplified
0 implied preconditions added
Detecting unreachable propositions...
0 operators removed
0 axioms removed
83 propositions removed
Detecting unreachable propositions: [0.000s CPU, 0.001s wall-clock]
Reordering and filtering variables...
25 of 25 variables necessary.
22 of 25 mutex groups necessary.
116 of 116 operators necessary.
0 of 0 axiom rules necessary.
Reordering and filtering variables: [0.000s CPU, 0.001s wall-clock]
Translator variables: 25
Translator derived variables: 0
Translator facts: 94
Translator goal facts: 2
Translator mutex groups: 22
Translator total mutex groups size: 72
Translator operators: 116
Translator axioms: 0
Translator task size: 1057
warning: could not determine peak memory
Writing output... [0.000s CPU, 0.010s wall-clock]
Done! [0.016s CPU, 0.027s wall-clock]
translate exit code: 0

INFO     Running search (release).
INFO     search stdin: output.sas
INFO     search time limit: None
INFO     search memory limit: None
INFO     search command line string: 'C:\Users\user\Desktop\theoria\.worktrees\p13\engine-rig\.toolchain\downward\builds\release\bin\downward.exe' --search 'astar(ipdb(pdb_max_size=200000,collection_max_size=1000000,max_time=30,random_seed=1))' --internal-plan-file 'C:\Users\user\AppData\Local\Temp\e7verifykydsr3xv\sas_plan' < output.sas
[t=0.000147s, 1972 KB] Search code revision: 7120aa0
[t=0.000241s, 1972 KB] reading input...
[t=0.001484s, 2232 KB] done reading input!
[t=0.002859s, 2860 KB] Initializing canonical PDB heuristic...
[t=0.002873s, 2872 KB] Generating patterns using: hill climbing pattern collection generator
[t=0.002945s, 2872 KB] Done calculating initial pattern collection: 0.000069s
[t=0.002954s, 2872 KB] Average operator cost: 1.000000
[t=0.002961s, 2872 KB] Building causal graph... done!
[t=0.003734s, 2940 KB] Done calculating initial candidate PDBs
[t=0.006651s, 3148 KB] found a better pattern with improvement 951
[t=0.012948s, 3288 KB] found a better pattern with improvement 766
[t=0.025437s, 4100 KB] found a better pattern with improvement 549
[t=0.042964s, 5532 KB] found a better pattern with improvement 939
[t=0.068397s, 8364 KB] found a better pattern with improvement 1000
[t=0.102862s, 13616 KB] found a better pattern with improvement 575
[t=0.153128s, 23360 KB] found a better pattern with improvement 842
[t=0.172210s, 23360 KB] found a better pattern with improvement 135
[t=0.231998s, 32556 KB] found a better pattern with improvement 85
[t=0.253045s, 32556 KB] found a better pattern with improvement 42
[t=0.274745s, 32556 KB] Improvement below threshold. Stop hill climbing.
[t=0.274768s, 32556 KB] Hill climbing iterations: 11
[t=0.274772s, 32556 KB] Hill climbing generated patterns: 170
[t=0.274774s, 32556 KB] Hill climbing rejected patterns: 152
[t=0.274777s, 32556 KB] Hill climbing maximum PDB size: 137984
[t=0.274779s, 32556 KB] Hill climbing time: 0.271826s
[t=0.276866s, 32556 KB] hill climbing pattern collection generator number of patterns: 12
[t=0.276875s, 32556 KB] hill climbing pattern collection generator total PDB size: 616952
[t=0.276878s, 32556 KB] hill climbing pattern collection generator computation time: 0.273987s
[t=0.276884s, 32556 KB] Running dominance pruning...
[t=0.276890s, 32556 KB] Pruned 8 of 11 pattern cliques
[t=0.276893s, 32556 KB] Pruned 9 of 12 PDBs
[t=0.276895s, 32556 KB] Dominance pruning took 0.000010s
[t=0.276995s, 32556 KB] Canonical PDB heuristic number of patterns: 3
[t=0.277001s, 32556 KB] Canonical PDB heuristic total PDB size: 413952
[t=0.277004s, 32556 KB] Canonical PDB heuristic computation time: 0.274136s
[t=0.277040s, 32556 KB] Building successor generator... done!
[t=0.277093s, 32556 KB] peak memory difference for successor generator creation: 0 KB
[t=0.277096s, 32556 KB] time for successor generation creation: 0.000041s
[t=0.277101s, 32556 KB] Variables: 25
[t=0.277103s, 32556 KB] FactPairs: 94
[t=0.277105s, 32556 KB] Bytes per state: 8
[t=0.277114s, 32556 KB] Conducting best first search with reopening closed nodes, (real) bound = 2147483647
[t=0.277132s, 32556 KB] New best heuristic value for cpdbs: 23
[t=0.277137s, 32556 KB] g=0, 1 evaluated, 0 expanded
[t=0.277140s, 32556 KB] f = 23, 1 evaluated, 0 expanded
[t=0.277147s, 32556 KB] Initial heuristic value for cpdbs: 23
[t=0.277149s, 32556 KB] pruning method: none
[t=0.277159s, 32556 KB] New best heuristic value for cpdbs: 22
[t=0.277162s, 32556 KB] g=1, 4 evaluated, 1 expanded
[t=0.277167s, 32556 KB] New best heuristic value for cpdbs: 21
[t=0.277169s, 32556 KB] g=2, 5 evaluated, 2 expanded
[t=0.277174s, 32556 KB] New best heuristic value for cpdbs: 20
[t=0.277176s, 32556 KB] g=3, 7 evaluated, 3 expanded
[t=0.277180s, 32556 KB] f = 25, 8 evaluated, 4 expanded
[t=0.277192s, 32556 KB] f = 27, 16 evaluated, 8 expanded
[t=0.277204s, 32556 KB] f = 29, 20 evaluated, 14 expanded
[t=0.277217s, 32556 KB] f = 31, 28 evaluated, 19 expanded
[t=0.277234s, 32556 KB] New best heuristic value for cpdbs: 19
[t=0.277237s, 32556 KB] g=12, 36 evaluated, 28 expanded
[t=0.277253s, 32556 KB] f = 33, 47 evaluated, 35 expanded
[t=0.277271s, 32556 KB] New best heuristic value for cpdbs: 18
[t=0.277274s, 32556 KB] g=15, 62 evaluated, 43 expanded
[t=0.277282s, 32556 KB] New best heuristic value for cpdbs: 17
[t=0.277286s, 32556 KB] g=16, 65 evaluated, 44 expanded
[t=0.277290s, 32556 KB] New best heuristic value for cpdbs: 16
[t=0.277293s, 32556 KB] g=17, 66 evaluated, 45 expanded
[t=0.277302s, 32556 KB] New best heuristic value for cpdbs: 15
[t=0.277305s, 32556 KB] g=18, 68 evaluated, 46 expanded
[t=0.277310s, 32556 KB] New best heuristic value for cpdbs: 14
[t=0.277312s, 32556 KB] g=19, 70 evaluated, 47 expanded
[t=0.277315s, 32556 KB] New best heuristic value for cpdbs: 13
[t=0.277317s, 32556 KB] g=20, 71 evaluated, 48 expanded
[t=0.277323s, 32556 KB] New best heuristic value for cpdbs: 12
[t=0.277325s, 32556 KB] g=21, 74 evaluated, 49 expanded
[t=0.277330s, 32556 KB] New best heuristic value for cpdbs: 11
[t=0.277332s, 32556 KB] g=22, 76 evaluated, 50 expanded
[t=0.277346s, 32556 KB] f = 35, 87 evaluated, 56 expanded
[t=0.277396s, 32556 KB] f = 37, 124 evaluated, 93 expanded
[t=0.277449s, 32556 KB] New best heuristic value for cpdbs: 10
[t=0.277453s, 32556 KB] g=27, 166 evaluated, 122 expanded
[t=0.277456s, 32556 KB] New best heuristic value for cpdbs: 9
[t=0.277459s, 32556 KB] g=28, 167 evaluated, 123 expanded
[t=0.277463s, 32556 KB] New best heuristic value for cpdbs: 8
[t=0.277467s, 32556 KB] g=29, 169 evaluated, 124 expanded
[t=0.277516s, 32556 KB] f = 39, 215 evaluated, 155 expanded
[t=0.277572s, 32556 KB] f = 41, 247 evaluated, 208 expanded
[t=0.277629s, 32556 KB] f = 43, 278 evaluated, 242 expanded
[t=0.277706s, 32556 KB] f = 45, 341 evaluated, 287 expanded
[t=0.277790s, 32556 KB] f = 47, 405 evaluated, 351 expanded
[t=0.277841s, 32556 KB] f = 49, 439 evaluated, 395 expanded
[t=0.277869s, 32556 KB] f = 51, 452 evaluated, 423 expanded
[t=0.277893s, 32556 KB] f = 53, 469 evaluated, 437 expanded
[t=0.277932s, 32556 KB] f = 55, 481 evaluated, 451 expanded
[t=0.277952s, 32556 KB] f = 57, 495 evaluated, 464 expanded
[t=0.277966s, 32556 KB] f = 59, 503 evaluated, 472 expanded
[t=0.277986s, 32556 KB] f = 61, 512 evaluated, 481 expanded
[t=0.277998s, 32556 KB] f = 63, 517 evaluated, 489 expanded
[t=0.278005s, 32556 KB] f = 65, 518 evaluated, 493 expanded
[t=0.278009s, 32556 KB] Completely explored state space -- no solution!
[t=0.278012s, 32556 KB] Actual search time: 0.000861s
[t=0.278015s, 32556 KB] Expanded 494 state(s).
[t=0.278015s, 32556 KB] Reopened 0 state(s).
[t=0.278015s, 32556 KB] Evaluated 518 state(s).
[t=0.278015s, 32556 KB] Evaluations: 518
[t=0.278015s, 32556 KB] Generated 1276 state(s).
[t=0.278015s, 32556 KB] Dead ends: 24 state(s).
[t=0.278015s, 32556 KB] Expanded until last jump: 493 state(s).
[t=0.278015s, 32556 KB] Reopened until last jump: 0 state(s).
[t=0.278015s, 32556 KB] Evaluated until last jump: 518 state(s).
[t=0.278015s, 32556 KB] Generated until last jump: 1274 state(s).
[t=0.278015s, 32556 KB] Number of registered states: 518
[t=0.278015s, 32556 KB] Int hash set load factor: 518/1024 = 0.505859
[t=0.278015s, 32556 KB] Int hash set resizes: 10
[t=0.278015s, 32556 KB] Search time: 0.000902s
[t=0.278015s, 32556 KB] Total time: 0.278015s
Search stopped without finding a solution.
Remove intermediate file output.sas
search exit code: 12

Driver aborting after search

