$ D:\Miniforge3\python.exe C:/Users/user/Desktop/theoria/.worktrees/p13/engine-rig/.toolchain/downward/fast-downward.py --plan-file C:\Users\user\AppData\Local\Temp\e7verifydptig0tz\sas_plan C:\Users\user\Desktop\theoria\.worktrees\e7-deadlock-claim\engine-rig\runs\20260728T150713Z-E7-deadlock-claim-audit\attacks\work\a5\swap\singleton\sokoban_guarded_singleton_domain.pddl C:\Users\user\Desktop\theoria\.worktrees\e7-deadlock-claim\engine-rig\runs\20260728T150713Z-E7-deadlock-claim-audit\attacks\work\a5\swap\singleton\swap-passage_guarded_singleton.pddl --search astar(cpdbs(patterns=manual_patterns([[23,24,22,19,18,17,16,20]])))

INFO     planner time limit: None
INFO     planner memory limit: None

INFO     Running translator.
INFO     translator stdin: None
INFO     translator time limit: None
INFO     translator memory limit: None
INFO     translator command line string: 'D:\Miniforge3\python.exe' -m translate 'C:\Users\user\Desktop\theoria\.worktrees\e7-deadlock-claim\engine-rig\runs\20260728T150713Z-E7-deadlock-claim-audit\attacks\work\a5\swap\singleton\sokoban_guarded_singleton_domain.pddl' 'C:\Users\user\Desktop\theoria\.worktrees\e7-deadlock-claim\engine-rig\runs\20260728T150713Z-E7-deadlock-claim-audit\attacks\work\a5\swap\singleton\swap-passage_guarded_singleton.pddl' --sas-file output.sas
Warning! SIGXCPU is not available on your platform. This means that the planner cannot be gracefully terminated when using a time limit, which, however, is probably supported on your platform anyway.
Parsing...
Parsing: [0.000s CPU, 0.002s wall-clock]
Normalizing task... [0.000s CPU, 0.000s wall-clock]
Instantiating...
Generating Datalog program... [0.000s CPU, 0.000s wall-clock]
Normalizing Datalog program...
Normalizing Datalog program: [0.000s CPU, 0.001s wall-clock]
Preparing model... [0.000s CPU, 0.000s wall-clock]
Generated 20 rules.
Computing model... [0.016s CPU, 0.005s wall-clock]
613 relevant atoms
888 auxiliary atoms
1501 final queue length
1771 total queue pushes
Completing instantiation... [0.000s CPU, 0.002s wall-clock]
Instantiating: [0.016s CPU, 0.008s wall-clock]
Computing fact groups...
Finding invariants...
7 initial candidates
Finding invariants: [0.000s CPU, 0.001s wall-clock]
Checking invariant weight... [0.000s CPU, 0.000s wall-clock]
Instantiating groups... [0.000s CPU, 0.001s wall-clock]
Collecting mutex groups... [0.000s CPU, 0.000s wall-clock]
Choosing groups...
54 uncovered facts
Choosing groups: [0.000s CPU, 0.000s wall-clock]
Building translation key... [0.000s CPU, 0.000s wall-clock]
Computing fact groups: [0.000s CPU, 0.003s wall-clock]
Building STRIPS to SAS dictionary... [0.000s CPU, 0.000s wall-clock]
Building dictionary for full mutex groups... [0.000s CPU, 0.000s wall-clock]
Building mutex information...
Building mutex information: [0.000s CPU, 0.000s wall-clock]
Translating task...
Processing axioms...
Simplifying axioms... [0.000s CPU, 0.000s wall-clock]
Translator axioms removed by simplifying: 0
Processing axioms: [0.000s CPU, 0.000s wall-clock]
Translating task: [0.000s CPU, 0.002s wall-clock]
172 effect conditions simplified
0 implied preconditions added
Detecting unreachable propositions...
0 operators removed
0 axioms removed
83 propositions removed
Detecting unreachable propositions: [0.000s CPU, 0.001s wall-clock]
Reordering and filtering variables...
25 of 25 variables necessary.
22 of 25 mutex groups necessary.
116 of 116 operators necessary.
0 of 0 axiom rules necessary.
Reordering and filtering variables: [0.000s CPU, 0.001s wall-clock]
Translator variables: 25
Translator derived variables: 0
Translator facts: 94
Translator goal facts: 2
Translator mutex groups: 22
Translator total mutex groups size: 72
Translator operators: 116
Translator axioms: 0
Translator task size: 1057
warning: could not determine peak memory
Writing output... [0.000s CPU, 0.010s wall-clock]
Done! [0.016s CPU, 0.027s wall-clock]
translate exit code: 0

INFO     Running search (release).
INFO     search stdin: output.sas
INFO     search time limit: None
INFO     search memory limit: None
INFO     search command line string: 'C:\Users\user\Desktop\theoria\.worktrees\p13\engine-rig\.toolchain\downward\builds\release\bin\downward.exe' --search 'astar(cpdbs(patterns=manual_patterns([[23,24,22,19,18,17,16,20]])))' --internal-plan-file 'C:\Users\user\AppData\Local\Temp\e7verifydptig0tz\sas_plan' < output.sas
[t=0.000148s, 1952 KB] Search code revision: 7120aa0
[t=0.000245s, 1952 KB] reading input...
[t=0.001514s, 2184 KB] done reading input!
[t=0.002884s, 2776 KB] Initializing canonical PDB heuristic...
[t=0.002896s, 2776 KB] Generating patterns using: manual pattern collection generator
[t=0.002900s, 2776 KB] Manual pattern collection: [[23, 24, 22, 19, 18, 17, 16, 20]]
[t=0.002910s, 2776 KB] manual pattern collection generator number of patterns: 1
[t=0.002914s, 2776 KB] manual pattern collection generator total PDB size: 137984
[t=0.002917s, 2776 KB] manual pattern collection generator computation time: 8.9e-06s
[t=0.002923s, 2776 KB] Computing PDBs for pattern collection...
[t=0.004866s, 3456 KB] Done computing PDBs for pattern collection: 0.001946s
[t=0.004873s, 3456 KB] Computing pattern cliques for pattern collection...
[t=0.004886s, 3456 KB] Done computing pattern cliques for pattern collection: 0.000014s
[t=0.004890s, 3456 KB] Running dominance pruning...
[t=0.004894s, 3456 KB] Pruned 0 of 1 pattern cliques
[t=0.004897s, 3456 KB] Pruned 0 of 1 PDBs
[t=0.004902s, 3456 KB] Dominance pruning took 0.000011s
[t=0.004906s, 3456 KB] Canonical PDB heuristic number of patterns: 1
[t=0.004908s, 3456 KB] Canonical PDB heuristic total PDB size: 137984
[t=0.004910s, 3456 KB] Canonical PDB heuristic computation time: 0.002022s
[t=0.004936s, 3456 KB] Building successor generator... done!
[t=0.004985s, 3456 KB] peak memory difference for successor generator creation: 0 KB
[t=0.004988s, 3456 KB] time for successor generation creation: 0.000039s
[t=0.004992s, 3456 KB] Variables: 25
[t=0.004994s, 3456 KB] FactPairs: 94
[t=0.004996s, 3456 KB] Bytes per state: 8
[t=0.005005s, 3456 KB] Conducting best first search with reopening closed nodes, (real) bound = 2147483647
[t=0.005017s, 3456 KB] New best heuristic value for cpdbs: 17
[t=0.005021s, 3456 KB] g=0, 1 evaluated, 0 expanded
[t=0.005024s, 3456 KB] f = 17, 1 evaluated, 0 expanded
[t=0.005031s, 3456 KB] Initial heuristic value for cpdbs: 17
[t=0.005038s, 3456 KB] pruning method: none
[t=0.005046s, 3456 KB] New best heuristic value for cpdbs: 16
[t=0.005049s, 3456 KB] g=1, 2 evaluated, 1 expanded
[t=0.005060s, 3456 KB] f = 19, 7 evaluated, 3 expanded
[t=0.005072s, 3456 KB] f = 21, 12 evaluated, 7 expanded
[t=0.005078s, 3456 KB] f = 23, 13 evaluated, 10 expanded
[t=0.005085s, 3456 KB] f = 25, 17 evaluated, 11 expanded
[t=0.005099s, 3456 KB] f = 27, 25 evaluated, 17 expanded
[t=0.005119s, 3456 KB] f = 29, 36 evaluated, 27 expanded
[t=0.005136s, 3456 KB] New best heuristic value for cpdbs: 15
[t=0.005140s, 3456 KB] g=14, 48 evaluated, 35 expanded
[t=0.005145s, 3456 KB] New best heuristic value for cpdbs: 14
[t=0.005149s, 3456 KB] g=15, 51 evaluated, 36 expanded
[t=0.005153s, 3456 KB] New best heuristic value for cpdbs: 13
[t=0.005156s, 3456 KB] g=16, 53 evaluated, 37 expanded
[t=0.005162s, 3456 KB] New best heuristic value for cpdbs: 12
[t=0.005165s, 3456 KB] g=17, 57 evaluated, 38 expanded
[t=0.005191s, 3456 KB] New best heuristic value for cpdbs: 11
[t=0.005194s, 3456 KB] g=18, 78 evaluated, 47 expanded
[t=0.005198s, 3456 KB] New best heuristic value for cpdbs: 10
[t=0.005200s, 3456 KB] g=19, 79 evaluated, 48 expanded
[t=0.005204s, 3456 KB] New best heuristic value for cpdbs: 9
[t=0.005208s, 3456 KB] g=20, 80 evaluated, 49 expanded
[t=0.005212s, 3456 KB] New best heuristic value for cpdbs: 8
[t=0.005215s, 3456 KB] g=21, 82 evaluated, 50 expanded
[t=0.005223s, 3456 KB] f = 31, 85 evaluated, 54 expanded
[t=0.005296s, 3456 KB] f = 33, 140 evaluated, 94 expanded
[t=0.005358s, 3456 KB] f = 35, 184 evaluated, 141 expanded
[t=0.005388s, 3456 KB] New best heuristic value for cpdbs: 7
[t=0.005392s, 3456 KB] g=28, 206 evaluated, 160 expanded
[t=0.005396s, 3456 KB] New best heuristic value for cpdbs: 6
[t=0.005400s, 3456 KB] g=29, 208 evaluated, 161 expanded
[t=0.005405s, 3456 KB] New best heuristic value for cpdbs: 5
[t=0.005408s, 3456 KB] g=30, 211 evaluated, 162 expanded
[t=0.005414s, 3456 KB] New best heuristic value for cpdbs: 4
[t=0.005417s, 3456 KB] g=31, 214 evaluated, 163 expanded
[t=0.005496s, 3456 KB] f = 37, 268 evaluated, 208 expanded
[t=0.005598s, 3456 KB] f = 39, 349 evaluated, 279 expanded
[t=0.005675s, 3456 KB] f = 41, 401 evaluated, 344 expanded
[t=0.005754s, 3456 KB] f = 43, 458 evaluated, 404 expanded
[t=0.005852s, 3456 KB] f = 45, 520 evaluated, 462 expanded
[t=0.005900s, 3456 KB] f = 47, 549 evaluated, 503 expanded
[t=0.005930s, 3456 KB] f = 49, 564 evaluated, 529 expanded
[t=0.005942s, 3456 KB] f = 51, 566 evaluated, 540 expanded
[t=0.005947s, 3456 KB] Completely explored state space -- no solution!
[t=0.005949s, 3456 KB] Actual search time: 0.000910s
[t=0.005954s, 3456 KB] Expanded 542 state(s).
[t=0.005954s, 3456 KB] Reopened 0 state(s).
[t=0.005954s, 3456 KB] Evaluated 566 state(s).
[t=0.005954s, 3456 KB] Evaluations: 566
[t=0.005954s, 3456 KB] Generated 1404 state(s).
[t=0.005954s, 3456 KB] Dead ends: 24 state(s).
[t=0.005954s, 3456 KB] Expanded until last jump: 540 state(s).
[t=0.005954s, 3456 KB] Reopened until last jump: 0 state(s).
[t=0.005954s, 3456 KB] Evaluated until last jump: 566 state(s).
[t=0.005954s, 3456 KB] Generated until last jump: 1400 state(s).
[t=0.005954s, 3456 KB] Number of registered states: 566
[t=0.005954s, 3456 KB] Int hash set load factor: 566/1024 = 0.552734
[t=0.005954s, 3456 KB] Int hash set resizes: 10
[t=0.005954s, 3456 KB] Search time: 0.000950s
[t=0.005954s, 3456 KB] Total time: 0.005954s
Search stopped without finding a solution.
Remove intermediate file output.sas
search exit code: 12

Driver aborting after search

