$ D:\Miniforge3\python.exe C:/Users/user/Desktop/theoria/.worktrees/p13/engine-rig/.toolchain/downward/fast-downward.py --plan-file C:\Users\user\AppData\Local\Temp\e7verifypdg41l85\sas_plan C:\Users\user\Desktop\theoria\.worktrees\e7-deadlock-claim\engine-rig\fixtures\data\sokoban_domain.pddl C:\Users\user\Desktop\theoria\.worktrees\e7-deadlock-claim\engine-rig\runs\20260728T150713Z-E7-deadlock-claim-audit\attacks\work\a5\swap\swap-passage.pddl --search astar(cpdbs(patterns=manual_patterns([[23,24,22,21,12,8,1,19,7,2,3]])))

INFO     planner time limit: None
INFO     planner memory limit: None

INFO     Running translator.
INFO     translator stdin: None
INFO     translator time limit: None
INFO     translator memory limit: None
INFO     translator command line string: 'D:\Miniforge3\python.exe' -m translate 'C:\Users\user\Desktop\theoria\.worktrees\e7-deadlock-claim\engine-rig\fixtures\data\sokoban_domain.pddl' 'C:\Users\user\Desktop\theoria\.worktrees\e7-deadlock-claim\engine-rig\runs\20260728T150713Z-E7-deadlock-claim-audit\attacks\work\a5\swap\swap-passage.pddl' --sas-file output.sas
Warning! SIGXCPU is not available on your platform. This means that the planner cannot be gracefully terminated when using a time limit, which, however, is probably supported on your platform anyway.
Parsing...
Parsing: [0.000s CPU, 0.002s wall-clock]
Normalizing task... [0.000s CPU, 0.000s wall-clock]
Instantiating...
Generating Datalog program... [0.000s CPU, 0.000s wall-clock]
Normalizing Datalog program...
Normalizing Datalog program: [0.000s CPU, 0.001s wall-clock]
Preparing model... [0.000s CPU, 0.000s wall-clock]
Generated 20 rules.
Computing model... [0.000s CPU, 0.005s wall-clock]
597 relevant atoms
888 auxiliary atoms
1485 final queue length
1755 total queue pushes
Completing instantiation... [0.016s CPU, 0.002s wall-clock]
Instantiating: [0.016s CPU, 0.008s wall-clock]
Computing fact groups...
Finding invariants...
7 initial candidates
Finding invariants: [0.000s CPU, 0.001s wall-clock]
Checking invariant weight... [0.000s CPU, 0.000s wall-clock]
Instantiating groups... [0.000s CPU, 0.001s wall-clock]
Collecting mutex groups... [0.000s CPU, 0.000s wall-clock]
Choosing groups...
54 uncovered facts
Choosing groups: [0.000s CPU, 0.000s wall-clock]
Building translation key... [0.000s CPU, 0.000s wall-clock]
Computing fact groups: [0.000s CPU, 0.003s wall-clock]
Building STRIPS to SAS dictionary... [0.000s CPU, 0.000s wall-clock]
Building dictionary for full mutex groups... [0.000s CPU, 0.000s wall-clock]
Building mutex information...
Building mutex information: [0.000s CPU, 0.000s wall-clock]
Translating task...
Processing axioms...
Simplifying axioms... [0.000s CPU, 0.000s wall-clock]
Translator axioms removed by simplifying: 0
Processing axioms: [0.000s CPU, 0.000s wall-clock]
Translating task: [0.000s CPU, 0.002s wall-clock]
204 effect conditions simplified
0 implied preconditions added
Detecting unreachable propositions...
0 operators removed
0 axioms removed
67 propositions removed
Detecting unreachable propositions: [0.000s CPU, 0.001s wall-clock]
Reordering and filtering variables...
25 of 25 variables necessary.
22 of 25 mutex groups necessary.
132 of 132 operators necessary.
0 of 0 axiom rules necessary.
Reordering and filtering variables: [0.000s CPU, 0.001s wall-clock]
Translator variables: 25
Translator derived variables: 0
Translator facts: 110
Translator goal facts: 2
Translator mutex groups: 22
Translator total mutex groups size: 88
Translator operators: 132
Translator axioms: 0
Translator task size: 1233
warning: could not determine peak memory
Writing output... [0.000s CPU, 0.010s wall-clock]
Done! [0.016s CPU, 0.027s wall-clock]
translate exit code: 0

INFO     Running search (release).
INFO     search stdin: output.sas
INFO     search time limit: None
INFO     search memory limit: None
INFO     search command line string: 'C:\Users\user\Desktop\theoria\.worktrees\p13\engine-rig\.toolchain\downward\builds\release\bin\downward.exe' --search 'astar(cpdbs(patterns=manual_patterns([[23,24,22,21,12,8,1,19,7,2,3]])))' --internal-plan-file 'C:\Users\user\AppData\Local\Temp\e7verifypdg41l85\sas_plan' < output.sas
[t=0.000156s, 1960 KB] Search code revision: 7120aa0
[t=0.000255s, 1972 KB] reading input...
[t=0.001674s, 2236 KB] done reading input!
[t=0.002999s, 2832 KB] Initializing canonical PDB heuristic...
[t=0.003009s, 2832 KB] Generating patterns using: manual pattern collection generator
[t=0.003013s, 2832 KB] Manual pattern collection: [[23, 24, 22, 21, 12, 8, 1, 19, 7, 2, 3]]
[t=0.003022s, 2832 KB] manual pattern collection generator number of patterns: 1
[t=0.003024s, 2832 KB] manual pattern collection generator total PDB size: 2725888
[t=0.003027s, 2832 KB] manual pattern collection generator computation time: 8.4e-06s
[t=0.003032s, 2832 KB] Computing PDBs for pattern collection...
[t=0.028636s, 14236 KB] Done computing PDBs for pattern collection: 0.025614s
[t=0.028657s, 14236 KB] Computing pattern cliques for pattern collection...
[t=0.028680s, 14236 KB] Done computing pattern cliques for pattern collection: 0.000023s
[t=0.028685s, 14236 KB] Running dominance pruning...
[t=0.028690s, 14236 KB] Pruned 0 of 1 pattern cliques
[t=0.028694s, 14236 KB] Pruned 0 of 1 PDBs
[t=0.028696s, 14236 KB] Dominance pruning took 0.000010s
[t=0.028700s, 14236 KB] Canonical PDB heuristic number of patterns: 1
[t=0.028702s, 14236 KB] Canonical PDB heuristic total PDB size: 2725888
[t=0.028705s, 14236 KB] Canonical PDB heuristic computation time: 0.025701s
[t=0.028737s, 14236 KB] Building successor generator... done!
[t=0.028791s, 14236 KB] peak memory difference for successor generator creation: 0 KB
[t=0.028793s, 14236 KB] time for successor generation creation: 0.000048s
[t=0.028798s, 14236 KB] Variables: 25
[t=0.028800s, 14236 KB] FactPairs: 110
[t=0.028803s, 14236 KB] Bytes per state: 8
[t=0.028812s, 14236 KB] Conducting best first search with reopening closed nodes, (real) bound = 2147483647
[t=0.028845s, 14236 KB] New best heuristic value for cpdbs: 11
[t=0.028849s, 14236 KB] g=0, 1 evaluated, 0 expanded
[t=0.028851s, 14236 KB] f = 11, 1 evaluated, 0 expanded
[t=0.028858s, 14236 KB] Initial heuristic value for cpdbs: 11
[t=0.028860s, 14236 KB] pruning method: none
[t=0.028869s, 14236 KB] New best heuristic value for cpdbs: 10
[t=0.028872s, 14236 KB] g=1, 3 evaluated, 1 expanded
[t=0.028877s, 14236 KB] New best heuristic value for cpdbs: 9
[t=0.028880s, 14236 KB] g=2, 6 evaluated, 2 expanded
[t=0.028886s, 14236 KB] New best heuristic value for cpdbs: 8
[t=0.028890s, 14236 KB] g=3, 10 evaluated, 3 expanded
[t=0.028895s, 14236 KB] New best heuristic value for cpdbs: 7
[t=0.028896s, 14236 KB] g=4, 12 evaluated, 4 expanded
[t=0.028906s, 14236 KB] New best heuristic value for cpdbs: 6
[t=0.028910s, 14236 KB] g=5, 15 evaluated, 5 expanded
[t=0.028916s, 14236 KB] New best heuristic value for cpdbs: 5
[t=0.028918s, 14236 KB] g=6, 17 evaluated, 6 expanded
[t=0.028923s, 14236 KB] New best heuristic value for cpdbs: 4
[t=0.028925s, 14236 KB] g=7, 19 evaluated, 7 expanded
[t=0.028931s, 14236 KB] f = 13, 21 evaluated, 8 expanded
[t=0.028958s, 14236 KB] f = 15, 37 evaluated, 23 expanded
[t=0.028969s, 14236 KB] f = 17, 39 evaluated, 32 expanded
[t=0.029001s, 14236 KB] f = 19, 69 evaluated, 46 expanded
[t=0.029029s, 14236 KB] f = 21, 91 evaluated, 65 expanded
[t=0.029059s, 14236 KB] f = 23, 114 evaluated, 88 expanded
[t=0.029081s, 14236 KB] f = 25, 128 evaluated, 105 expanded
[t=0.029115s, 14236 KB] f = 27, 148 evaluated, 120 expanded
[t=0.029138s, 14236 KB] f = 29, 164 evaluated, 138 expanded
[t=0.029177s, 14236 KB] f = 31, 201 evaluated, 163 expanded
[t=0.029241s, 14236 KB] f = 33, 256 evaluated, 203 expanded
[t=0.029307s, 14236 KB] f = 35, 303 evaluated, 249 expanded
[t=0.029392s, 14236 KB] f = 37, 389 evaluated, 307 expanded
[t=0.029400s, 14236 KB] New best heuristic value for cpdbs: 3
[t=0.029402s, 14236 KB] g=34, 394 evaluated, 309 expanded
[t=0.029492s, 14236 KB] f = 39, 474 evaluated, 383 expanded
[t=0.029592s, 14236 KB] f = 41, 531 evaluated, 453 expanded
[t=0.029748s, 14236 KB] f = 43, 575 evaluated, 502 expanded
[t=0.029794s, 14236 KB] f = 45, 610 evaluated, 539 expanded
[t=0.029827s, 14236 KB] f = 47, 629 evaluated, 568 expanded
[t=0.029849s, 14236 KB] f = 49, 642 evaluated, 585 expanded
[t=0.029886s, 14236 KB] f = 51, 661 evaluated, 602 expanded
[t=0.029907s, 14236 KB] f = 53, 675 evaluated, 617 expanded
[t=0.029919s, 14236 KB] f = 55, 678 evaluated, 627 expanded
[t=0.029924s, 14236 KB] Completely explored state space -- no solution!
[t=0.029927s, 14236 KB] Actual search time: 0.001065s
[t=0.029929s, 14236 KB] Expanded 630 state(s).
[t=0.029929s, 14236 KB] Reopened 0 state(s).
[t=0.029929s, 14236 KB] Evaluated 678 state(s).
[t=0.029929s, 14236 KB] Evaluations: 678
[t=0.029929s, 14236 KB] Generated 1664 state(s).
[t=0.029929s, 14236 KB] Dead ends: 48 state(s).
[t=0.029929s, 14236 KB] Expanded until last jump: 627 state(s).
[t=0.029929s, 14236 KB] Reopened until last jump: 0 state(s).
[t=0.029929s, 14236 KB] Evaluated until last jump: 678 state(s).
[t=0.029929s, 14236 KB] Generated until last jump: 1658 state(s).
[t=0.029929s, 14236 KB] Number of registered states: 678
[t=0.029929s, 14236 KB] Int hash set load factor: 678/1024 = 0.662109
[t=0.029929s, 14236 KB] Int hash set resizes: 10
[t=0.029929s, 14236 KB] Search time: 0.001118s
[t=0.029929s, 14236 KB] Total time: 0.029929s
Search stopped without finding a solution.
Remove intermediate file output.sas
search exit code: 12

Driver aborting after search

