$ D:\Miniforge3\python.exe C:/Users/user/Desktop/theoria/.worktrees/p13/engine-rig/.toolchain/downward/fast-downward.py --plan-file C:\Users\user\AppData\Local\Temp\e7verifyg2wynuai\sas_plan C:\Users\user\Desktop\theoria\.worktrees\e7-deadlock-claim\engine-rig\runs\20260728T150713Z-E7-deadlock-claim-audit\attacks\work\a5\swap\singleton\sokoban_guarded_singleton_domain.pddl C:\Users\user\Desktop\theoria\.worktrees\e7-deadlock-claim\engine-rig\runs\20260728T150713Z-E7-deadlock-claim-audit\attacks\work\a5\swap\singleton\swap-passage_guarded_singleton.pddl --search astar(cpdbs(patterns=manual_patterns([[23,24,22,0,12],[23,24,22,0,8],[23,24,22,0,13],[23,24,22,0,2],[23,24,22,0,1],[23,24,22,0,18],[23,24,22,0,9],[23,24,22,0,19],[23,24,22,0,3],[23,24,22,0,16],[23,24,22,0,17],[23,24,22,0,4],[23,24,22,0,20],[23,24,22,0,11],[23,24,22,0,21],[23,24,22,0,7],[23,24,22,0,5],[23,24,22,0,14],[23,24,22,0,10],[23,24,22,0,15],[23,24,22,0,6],[23,24,22,12,8],[23,24,22,12,13],[23,24,22,12,2],[23,24,22,12,1],[23,24,22,12,18],[23,24,22,12,9],[23,24,22,12,19],[23,24,22,12,3],[23,24,22,12,16],[23,24,22,12,17],[23,24,22,12,4],[23,24,22,12,20],[23,24,22,12,11],[23,24,22,12,21],[23,24,22,12,7],[23,24,22,12,5],[23,24,22,12,14],[23,24,22,12,10],[23,24,22,12,15],[23,24,22,12,6],[23,24,22,8,13],[23,24,22,8,2],[23,24,22,8,1],[23,24,22,8,18],[23,24,22,8,9],[23,24,22,8,19],[23,24,22,8,3],[23,24,22,8,16],[23,24,22,8,17],[23,24,22,8,4],[23,24,22,8,20],[23,24,22,8,11],[23,24,22,8,21],[23,24,22,8,7],[23,24,22,8,5],[23,24,22,8,14],[23,24,22,8,10],[23,24,22,8,15],[23,24,22,8,6],[23,24,22,13,2],[23,24,22,13,1],[23,24,22,13,18],[23,24,22,13,9],[23,24,22,13,19],[23,24,22,13,3],[23,24,22,13,16],[23,24,22,13,17],[23,24,22,13,4],[23,24,22,13,20],[23,24,22,13,11],[23,24,22,13,21],[23,24,22,13,7],[23,24,22,13,5],[23,24,22,13,14],[23,24,22,13,10],[23,24,22,13,15],[23,24,22,13,6],[23,24,22,2,1],[23,24,22,2,18],[23,24,22,2,9],[23,24,22,2,19],[23,24,22,2,3],[23,24,22,2,16],[23,24,22,2,17],[23,24,22,2,4],[23,24,22,2,20],[23,24,22,2,11],[23,24,22,2,21],[23,24,22,2,7],[23,24,22,2,5],[23,24,22,2,14],[23,24,22,2,10],[23,24,22,2,15],[23,24,22,2,6],[23,24,22,1,18],[23,24,22,1,9],[23,24,22,1,19],[23,24,22,1,3],[23,24,22,1,16],[23,24,22,1,17],[23,24,22,1,4],[23,24,22,1,20],[23,24,22,1,11],[23,24,22,1,21],[23,24,22,1,7],[23,24,22,1,5],[23,24,22,1,14],[23,24,22,1,10],[23,24,22,1,15],[23,24,22,1,6],[23,24,22,18,9],[23,24,22,18,19],[23,24,22,18,3],[23,24,22,18,16],[23,24,22,18,17],[23,24,22,18,4],[23,24,22,18,20],[23,24,22,18,11],[23,24,22,18,21],[23,24,22,18,7],[23,24,22,18,5],[23,24,22,18,14],[23,24,22,18,10],[23,24,22,18,15],[23,24,22,18,6],[23,24,22,9,19],[23,24,22,9,3],[23,24,22,9,16],[23,24,22,9,17],[23,24,22,9,4],[23,24,22,9,20],[23,24,22,9,11],[23,24,22,9,21],[23,24,22,9,7],[23,24,22,9,5],[23,24,22,9,14],[23,24,22,9,10],[23,24,22,9,15],[23,24,22,9,6],[23,24,22,19,3],[23,24,22,19,16],[23,24,22,19,17],[23,24,22,19,4],[23,24,22,19,20],[23,24,22,19,11],[23,24,22,19,21],[23,24,22,19,7],[23,24,22,19,5],[23,24,22,19,14],[23,24,22,19,10],[23,24,22,19,15],[23,24,22,19,6],[23,24,22,3,16],[23,24,22,3,17],[23,24,22,3,4],[23,24,22,3,20],[23,24,22,3,11],[23,24,22,3,21],[23,24,22,3,7],[23,24,22,3,5],[23,24,22,3,14],[23,24,22,3,10],[23,24,22,3,15],[23,24,22,3,6],[23,24,22,16,17],[23,24,22,16,4],[23,24,22,16,20],[23,24,22,16,11],[23,24,22,16,21],[23,24,22,16,7],[23,24,22,16,5],[23,24,22,16,14],[23,24,22,16,10],[23,24,22,16,15],[23,24,22,16,6],[23,24,22,17,4],[23,24,22,17,20],[23,24,22,17,11],[23,24,22,17,21],[23,24,22,17,7],[23,24,22,17,5],[23,24,22,17,14],[23,24,22,17,10],[23,24,22,17,15],[23,24,22,17,6],[23,24,22,4,20],[23,24,22,4,11],[23,24,22,4,21],[23,24,22,4,7],[23,24,22,4,5],[23,24,22,4,14],[23,24,22,4,10],[23,24,22,4,15],[23,24,22,4,6],[23,24,22,20,11],[23,24,22,20,21],[23,24,22,20,7],[23,24,22,20,5],[23,24,22,20,14],[23,24,22,20,10],[23,24,22,20,15],[23,24,22,20,6],[23,24,22,11,21],[23,24,22,11,7],[23,24,22,11,5],[23,24,22,11,14],[23,24,22,11,10],[23,24,22,11,15],[23,24,22,11,6],[23,24,22,21,7],[23,24,22,21,5],[23,24,22,21,14],[23,24,22,21,10],[23,24,22,21,15],[23,24,22,21,6],[23,24,22,7,5],[23,24,22,7,14],[23,24,22,7,10],[23,24,22,7,15],[23,24,22,7,6],[23,24,22,5,14],[23,24,22,5,10],[23,24,22,5,15],[23,24,22,5,6],[23,24,22,14,10],[23,24,22,14,15],[23,24,22,14,6],[23,24,22,10,15],[23,24,22,10,6],[23,24,22,15,6]])))

INFO     planner time limit: None
INFO     planner memory limit: None

INFO     Running translator.
INFO     translator stdin: None
INFO     translator time limit: None
INFO     translator memory limit: None
INFO     translator command line string: 'D:\Miniforge3\python.exe' -m translate 'C:\Users\user\Desktop\theoria\.worktrees\e7-deadlock-claim\engine-rig\runs\20260728T150713Z-E7-deadlock-claim-audit\attacks\work\a5\swap\singleton\sokoban_guarded_singleton_domain.pddl' 'C:\Users\user\Desktop\theoria\.worktrees\e7-deadlock-claim\engine-rig\runs\20260728T150713Z-E7-deadlock-claim-audit\attacks\work\a5\swap\singleton\swap-passage_guarded_singleton.pddl' --sas-file output.sas
Warning! SIGXCPU is not available on your platform. This means that the planner cannot be gracefully terminated when using a time limit, which, however, is probably supported on your platform anyway.
Parsing...
Parsing: [0.000s CPU, 0.002s wall-clock]
Normalizing task... [0.000s CPU, 0.000s wall-clock]
Instantiating...
Generating Datalog program... [0.000s CPU, 0.000s wall-clock]
Normalizing Datalog program...
Normalizing Datalog program: [0.000s CPU, 0.001s wall-clock]
Preparing model... [0.016s CPU, 0.000s wall-clock]
Generated 20 rules.
Computing model... [0.000s CPU, 0.005s wall-clock]
613 relevant atoms
888 auxiliary atoms
1501 final queue length
1771 total queue pushes
Completing instantiation... [0.000s CPU, 0.002s wall-clock]
Instantiating: [0.016s CPU, 0.008s wall-clock]
Computing fact groups...
Finding invariants...
7 initial candidates
Finding invariants: [0.000s CPU, 0.001s wall-clock]
Checking invariant weight... [0.000s CPU, 0.000s wall-clock]
Instantiating groups... [0.000s CPU, 0.001s wall-clock]
Collecting mutex groups... [0.000s CPU, 0.000s wall-clock]
Choosing groups...
54 uncovered facts
Choosing groups: [0.000s CPU, 0.000s wall-clock]
Building translation key... [0.000s CPU, 0.000s wall-clock]
Computing fact groups: [0.000s CPU, 0.003s wall-clock]
Building STRIPS to SAS dictionary... [0.000s CPU, 0.000s wall-clock]
Building dictionary for full mutex groups... [0.000s CPU, 0.000s wall-clock]
Building mutex information...
Building mutex information: [0.000s CPU, 0.000s wall-clock]
Translating task...
Processing axioms...
Simplifying axioms... [0.000s CPU, 0.000s wall-clock]
Translator axioms removed by simplifying: 0
Processing axioms: [0.000s CPU, 0.000s wall-clock]
Translating task: [0.000s CPU, 0.002s wall-clock]
172 effect conditions simplified
0 implied preconditions added
Detecting unreachable propositions...
0 operators removed
0 axioms removed
83 propositions removed
Detecting unreachable propositions: [0.000s CPU, 0.001s wall-clock]
Reordering and filtering variables...
25 of 25 variables necessary.
22 of 25 mutex groups necessary.
116 of 116 operators necessary.
0 of 0 axiom rules necessary.
Reordering and filtering variables: [0.000s CPU, 0.001s wall-clock]
Translator variables: 25
Translator derived variables: 0
Translator facts: 94
Translator goal facts: 2
Translator mutex groups: 22
Translator total mutex groups size: 72
Translator operators: 116
Translator axioms: 0
Translator task size: 1057
warning: could not determine peak memory
Writing output... [0.016s CPU, 0.009s wall-clock]
Done! [0.031s CPU, 0.026s wall-clock]
translate exit code: 0

INFO     Running search (release).
INFO     search stdin: output.sas
INFO     search time limit: None
INFO     search memory limit: None
INFO     search command line string: 'C:\Users\user\Desktop\theoria\.worktrees\p13\engine-rig\.toolchain\downward\builds\release\bin\downward.exe' --search 'astar(cpdbs(patterns=manual_patterns([[23,24,22,0,12],[23,24,22,0,8],[23,24,22,0,13],[23,24,22,0,2],[23,24,22,0,1],[23,24,22,0,18],[23,24,22,0,9],[23,24,22,0,19],[23,24,22,0,3],[23,24,22,0,16],[23,24,22,0,17],[23,24,22,0,4],[23,24,22,0,20],[23,24,22,0,11],[23,24,22,0,21],[23,24,22,0,7],[23,24,22,0,5],[23,24,22,0,14],[23,24,22,0,10],[23,24,22,0,15],[23,24,22,0,6],[23,24,22,12,8],[23,24,22,12,13],[23,24,22,12,2],[23,24,22,12,1],[23,24,22,12,18],[23,24,22,12,9],[23,24,22,12,19],[23,24,22,12,3],[23,24,22,12,16],[23,24,22,12,17],[23,24,22,12,4],[23,24,22,12,20],[23,24,22,12,11],[23,24,22,12,21],[23,24,22,12,7],[23,24,22,12,5],[23,24,22,12,14],[23,24,22,12,10],[23,24,22,12,15],[23,24,22,12,6],[23,24,22,8,13],[23,24,22,8,2],[23,24,22,8,1],[23,24,22,8,18],[23,24,22,8,9],[23,24,22,8,19],[23,24,22,8,3],[23,24,22,8,16],[23,24,22,8,17],[23,24,22,8,4],[23,24,22,8,20],[23,24,22,8,11],[23,24,22,8,21],[23,24,22,8,7],[23,24,22,8,5],[23,24,22,8,14],[23,24,22,8,10],[23,24,22,8,15],[23,24,22,8,6],[23,24,22,13,2],[23,24,22,13,1],[23,24,22,13,18],[23,24,22,13,9],[23,24,22,13,19],[23,24,22,13,3],[23,24,22,13,16],[23,24,22,13,17],[23,24,22,13,4],[23,24,22,13,20],[23,24,22,13,11],[23,24,22,13,21],[23,24,22,13,7],[23,24,22,13,5],[23,24,22,13,14],[23,24,22,13,10],[23,24,22,13,15],[23,24,22,13,6],[23,24,22,2,1],[23,24,22,2,18],[23,24,22,2,9],[23,24,22,2,19],[23,24,22,2,3],[23,24,22,2,16],[23,24,22,2,17],[23,24,22,2,4],[23,24,22,2,20],[23,24,22,2,11],[23,24,22,2,21],[23,24,22,2,7],[23,24,22,2,5],[23,24,22,2,14],[23,24,22,2,10],[23,24,22,2,15],[23,24,22,2,6],[23,24,22,1,18],[23,24,22,1,9],[23,24,22,1,19],[23,24,22,1,3],[23,24,22,1,16],[23,24,22,1,17],[23,24,22,1,4],[23,24,22,1,20],[23,24,22,1,11],[23,24,22,1,21],[23,24,22,1,7],[23,24,22,1,5],[23,24,22,1,14],[23,24,22,1,10],[23,24,22,1,15],[23,24,22,1,6],[23,24,22,18,9],[23,24,22,18,19],[23,24,22,18,3],[23,24,22,18,16],[23,24,22,18,17],[23,24,22,18,4],[23,24,22,18,20],[23,24,22,18,11],[23,24,22,18,21],[23,24,22,18,7],[23,24,22,18,5],[23,24,22,18,14],[23,24,22,18,10],[23,24,22,18,15],[23,24,22,18,6],[23,24,22,9,19],[23,24,22,9,3],[23,24,22,9,16],[23,24,22,9,17],[23,24,22,9,4],[23,24,22,9,20],[23,24,22,9,11],[23,24,22,9,21],[23,24,22,9,7],[23,24,22,9,5],[23,24,22,9,14],[23,24,22,9,10],[23,24,22,9,15],[23,24,22,9,6],[23,24,22,19,3],[23,24,22,19,16],[23,24,22,19,17],[23,24,22,19,4],[23,24,22,19,20],[23,24,22,19,11],[23,24,22,19,21],[23,24,22,19,7],[23,24,22,19,5],[23,24,22,19,14],[23,24,22,19,10],[23,24,22,19,15],[23,24,22,19,6],[23,24,22,3,16],[23,24,22,3,17],[23,24,22,3,4],[23,24,22,3,20],[23,24,22,3,11],[23,24,22,3,21],[23,24,22,3,7],[23,24,22,3,5],[23,24,22,3,14],[23,24,22,3,10],[23,24,22,3,15],[23,24,22,3,6],[23,24,22,16,17],[23,24,22,16,4],[23,24,22,16,20],[23,24,22,16,11],[23,24,22,16,21],[23,24,22,16,7],[23,24,22,16,5],[23,24,22,16,14],[23,24,22,16,10],[23,24,22,16,15],[23,24,22,16,6],[23,24,22,17,4],[23,24,22,17,20],[23,24,22,17,11],[23,24,22,17,21],[23,24,22,17,7],[23,24,22,17,5],[23,24,22,17,14],[23,24,22,17,10],[23,24,22,17,15],[23,24,22,17,6],[23,24,22,4,20],[23,24,22,4,11],[23,24,22,4,21],[23,24,22,4,7],[23,24,22,4,5],[23,24,22,4,14],[23,24,22,4,10],[23,24,22,4,15],[23,24,22,4,6],[23,24,22,20,11],[23,24,22,20,21],[23,24,22,20,7],[23,24,22,20,5],[23,24,22,20,14],[23,24,22,20,10],[23,24,22,20,15],[23,24,22,20,6],[23,24,22,11,21],[23,24,22,11,7],[23,24,22,11,5],[23,24,22,11,14],[23,24,22,11,10],[23,24,22,11,15],[23,24,22,11,6],[23,24,22,21,7],[23,24,22,21,5],[23,24,22,21,14],[23,24,22,21,10],[23,24,22,21,15],[23,24,22,21,6],[23,24,22,7,5],[23,24,22,7,14],[23,24,22,7,10],[23,24,22,7,15],[23,24,22,7,6],[23,24,22,5,14],[23,24,22,5,10],[23,24,22,5,15],[23,24,22,5,6],[23,24,22,14,10],[23,24,22,14,15],[23,24,22,14,6],[23,24,22,10,15],[23,24,22,10,6],[23,24,22,15,6]])))' --internal-plan-file 'C:\Users\user\AppData\Local\Temp\e7verifyg2wynuai\sas_plan' < output.sas
[t=0.000173s, 1992 KB] Search code revision: 7120aa0
[t=0.000269s, 1992 KB] reading input...
[t=0.001523s, 2212 KB] done reading input!
[t=0.009911s, 3500 KB] Initializing canonical PDB heuristic...
[t=0.009930s, 3500 KB] Generating patterns using: manual pattern collection generator
[t=0.009934s, 3500 KB] Manual pattern collection: [[23, 24, 22, 0, 12], [23, 24, 22, 0, 8], [23, 24, 22, 0, 13], [23, 24, 22, 0, 2], [23, 24, 22, 0, 1], [23, 24, 22, 0, 18], [23, 24, 22, 0, 9], [23, 24, 22, 0, 19], [23, 24, 22, 0, 3], [23, 24, 22, 0, 16], [23, 24, 22, 0, 17], [23, 24, 22, 0, 4], [23, 24, 22, 0, 20], [23, 24, 22, 0, 11], [23, 24, 22, 0, 21], [23, 24, 22, 0, 7], [23, 24, 22, 0, 5], [23, 24, 22, 0, 14], [23, 24, 22, 0, 10], [23, 24, 22, 0, 15], [23, 24, 22, 0, 6], [23, 24, 22, 12, 8], [23, 24, 22, 12, 13], [23, 24, 22, 12, 2], [23, 24, 22, 12, 1], [23, 24, 22, 12, 18], [23, 24, 22, 12, 9], [23, 24, 22, 12, 19], [23, 24, 22, 12, 3], [23, 24, 22, 12, 16], [23, 24, 22, 12, 17], [23, 24, 22, 12, 4], [23, 24, 22, 12, 20], [23, 24, 22, 12, 11], [23, 24, 22, 12, 21], [23, 24, 22, 12, 7], [23, 24, 22, 12, 5], [23, 24, 22, 12, 14], [23, 24, 22, 12, 10], [23, 24, 22, 12, 15], [23, 24, 22, 12, 6], [23, 24, 22, 8, 13], [23, 24, 22, 8, 2], [23, 24, 22, 8, 1], [23, 24, 22, 8, 18], [23, 24, 22, 8, 9], [23, 24, 22, 8, 19], [23, 24, 22, 8, 3], [23, 24, 22, 8, 16], [23, 24, 22, 8, 17], [23, 24, 22, 8, 4], [23, 24, 22, 8, 20], [23, 24, 22, 8, 11], [23, 24, 22, 8, 21], [23, 24, 22, 8, 7], [23, 24, 22, 8, 5], [23, 24, 22, 8, 14], [23, 24, 22, 8, 10], [23, 24, 22, 8, 15], [23, 24, 22, 8, 6], [23, 24, 22, 13, 2], [23, 24, 22, 13, 1], [23, 24, 22, 13, 18], [23, 24, 22, 13, 9], [23, 24, 22, 13, 19], [23, 24, 22, 13, 3], [23, 24, 22, 13, 16], [23, 24, 22, 13, 17], [23, 24, 22, 13, 4], [23, 24, 22, 13, 20], [23, 24, 22, 13, 11], [23, 24, 22, 13, 21], [23, 24, 22, 13, 7], [23, 24, 22, 13, 5], [23, 24, 22, 13, 14], [23, 24, 22, 13, 10], [23, 24, 22, 13, 15], [23, 24, 22, 13, 6], [23, 24, 22, 2, 1], [23, 24, 22, 2, 18], [23, 24, 22, 2, 9], [23, 24, 22, 2, 19], [23, 24, 22, 2, 3], [23, 24, 22, 2, 16], [23, 24, 22, 2, 17], [23, 24, 22, 2, 4], [23, 24, 22, 2, 20], [23, 24, 22, 2, 11], [23, 24, 22, 2, 21], [23, 24, 22, 2, 7], [23, 24, 22, 2, 5], [23, 24, 22, 2, 14], [23, 24, 22, 2, 10], [23, 24, 22, 2, 15], [23, 24, 22, 2, 6], [23, 24, 22, 1, 18], [23, 24, 22, 1, 9], [23, 24, 22, 1, 19], [23, 24, 22, 1, 3], [23, 24, 22, 1, 16], [23, 24, 22, 1, 17], [23, 24, 22, 1, 4], [23, 24, 22, 1, 20], [23, 24, 22, 1, 11], [23, 24, 22, 1, 21], [23, 24, 22, 1, 7], [23, 24, 22, 1, 5], [23, 24, 22, 1, 14], [23, 24, 22, 1, 10], [23, 24, 22, 1, 15], [23, 24, 22, 1, 6], [23, 24, 22, 18, 9], [23, 24, 22, 18, 19], [23, 24, 22, 18, 3], [23, 24, 22, 18, 16], [23, 24, 22, 18, 17], [23, 24, 22, 18, 4], [23, 24, 22, 18, 20], [23, 24, 22, 18, 11], [23, 24, 22, 18, 21], [23, 24, 22, 18, 7], [23, 24, 22, 18, 5], [23, 24, 22, 18, 14], [23, 24, 22, 18, 10], [23, 24, 22, 18, 15], [23, 24, 22, 18, 6], [23, 24, 22, 9, 19], [23, 24, 22, 9, 3], [23, 24, 22, 9, 16], [23, 24, 22, 9, 17], [23, 24, 22, 9, 4], [23, 24, 22, 9, 20], [23, 24, 22, 9, 11], [23, 24, 22, 9, 21], [23, 24, 22, 9, 7], [23, 24, 22, 9, 5], [23, 24, 22, 9, 14], [23, 24, 22, 9, 10], [23, 24, 22, 9, 15], [23, 24, 22, 9, 6], [23, 24, 22, 19, 3], [23, 24, 22, 19, 16], [23, 24, 22, 19, 17], [23, 24, 22, 19, 4], [23, 24, 22, 19, 20], [23, 24, 22, 19, 11], [23, 24, 22, 19, 21], [23, 24, 22, 19, 7], [23, 24, 22, 19, 5], [23, 24, 22, 19, 14], [23, 24, 22, 19, 10], [23, 24, 22, 19, 15], [23, 24, 22, 19, 6], [23, 24, 22, 3, 16], [23, 24, 22, 3, 17], [23, 24, 22, 3, 4], [23, 24, 22, 3, 20], [23, 24, 22, 3, 11], [23, 24, 22, 3, 21], [23, 24, 22, 3, 7], [23, 24, 22, 3, 5], [23, 24, 22, 3, 14], [23, 24, 22, 3, 10], [23, 24, 22, 3, 15], [23, 24, 22, 3, 6], [23, 24, 22, 16, 17], [23, 24, 22, 16, 4], [23, 24, 22, 16, 20], [23, 24, 22, 16, 11], [23, 24, 22, 16, 21], [23, 24, 22, 16, 7], [23, 24, 22, 16, 5], [23, 24, 22, 16, 14], [23, 24, 22, 16, 10], [23, 24, 22, 16, 15], [23, 24, 22, 16, 6], [23, 24, 22, 17, 4], [23, 24, 22, 17, 20], [23, 24, 22, 17, 11], [23, 24, 22, 17, 21], [23, 24, 22, 17, 7], [23, 24, 22, 17, 5], [23, 24, 22, 17, 14], [23, 24, 22, 17, 10], [23, 24, 22, 17, 15], [23, 24, 22, 17, 6], [23, 24, 22, 4, 20], [23, 24, 22, 4, 11], [23, 24, 22, 4, 21], [23, 24, 22, 4, 7], [23, 24, 22, 4, 5], [23, 24, 22, 4, 14], [23, 24, 22, 4, 10], [23, 24, 22, 4, 15], [23, 24, 22, 4, 6], [23, 24, 22, 20, 11], [23, 24, 22, 20, 21], [23, 24, 22, 20, 7], [23, 24, 22, 20, 5], [23, 24, 22, 20, 14], [23, 24, 22, 20, 10], [23, 24, 22, 20, 15], [23, 24, 22, 20, 6], [23, 24, 22, 11, 21], [23, 24, 22, 11, 7], [23, 24, 22, 11, 5], [23, 24, 22, 11, 14], [23, 24, 22, 11, 10], [23, 24, 22, 11, 15], [23, 24, 22, 11, 6], [23, 24, 22, 21, 7], [23, 24, 22, 21, 5], [23, 24, 22, 21, 14], [23, 24, 22, 21, 10], [23, 24, 22, 21, 15], [23, 24, 22, 21, 6], [23, 24, 22, 7, 5], [23, 24, 22, 7, 14], [23, 24, 22, 7, 10], [23, 24, 22, 7, 15], [23, 24, 22, 7, 6], [23, 24, 22, 5, 14], [23, 24, 22, 5, 10], [23, 24, 22, 5, 15], [23, 24, 22, 5, 6], [23, 24, 22, 14, 10], [23, 24, 22, 14, 15], [23, 24, 22, 14, 6], [23, 24, 22, 10, 15], [23, 24, 22, 10, 6], [23, 24, 22, 15, 6]]
[t=0.010049s, 3500 KB] manual pattern collection generator number of patterns: 231
[t=0.010054s, 3500 KB] manual pattern collection generator total PDB size: 3984288
[t=0.010059s, 3500 KB] manual pattern collection generator computation time: 0.0001147s
[t=0.010065s, 3500 KB] Computing PDBs for pattern collection...
[t=0.117404s, 18872 KB] Done computing PDBs for pattern collection: 0.107352s
[t=0.117427s, 18872 KB] Computing pattern cliques for pattern collection...
[t=0.117567s, 18872 KB] Done computing pattern cliques for pattern collection: 0.000141s
[t=0.117577s, 18872 KB] Running dominance pruning...
[t=0.117732s, 18872 KB] Pruned 0 of 231 pattern cliques
[t=0.117737s, 18872 KB] Pruned 0 of 231 PDBs
[t=0.117739s, 18872 KB] Dominance pruning took 0.000161s
[t=0.117744s, 18872 KB] Canonical PDB heuristic number of patterns: 231
[t=0.117747s, 18872 KB] Canonical PDB heuristic total PDB size: 3984288
[t=0.117750s, 18872 KB] Canonical PDB heuristic computation time: 0.107840s
[t=0.117784s, 18872 KB] Building successor generator... done!
[t=0.117842s, 18872 KB] peak memory difference for successor generator creation: 0 KB
[t=0.117845s, 18872 KB] time for successor generation creation: 0.000039s
[t=0.117851s, 18872 KB] Variables: 25
[t=0.117854s, 18872 KB] FactPairs: 94
[t=0.117856s, 18872 KB] Bytes per state: 8
[t=0.117866s, 18872 KB] Conducting best first search with reopening closed nodes, (real) bound = 2147483647
[t=0.117895s, 18872 KB] New best heuristic value for cpdbs: 13
[t=0.117900s, 18872 KB] g=0, 1 evaluated, 0 expanded
[t=0.117902s, 18872 KB] f = 13, 1 evaluated, 0 expanded
[t=0.117909s, 18872 KB] Initial heuristic value for cpdbs: 13
[t=0.117913s, 18872 KB] pruning method: none
[t=0.117933s, 18872 KB] New best heuristic value for cpdbs: 12
[t=0.117941s, 18872 KB] g=1, 4 evaluated, 1 expanded
[t=0.117955s, 18872 KB] New best heuristic value for cpdbs: 11
[t=0.117959s, 18872 KB] g=2, 6 evaluated, 2 expanded
[t=0.117979s, 18872 KB] f = 15, 10 evaluated, 3 expanded
[t=0.118005s, 18872 KB] f = 17, 16 evaluated, 9 expanded
[t=0.118072s, 18872 KB] f = 19, 26 evaluated, 16 expanded
[t=0.118097s, 18872 KB] f = 21, 32 evaluated, 24 expanded
[t=0.118130s, 18872 KB] f = 23, 38 evaluated, 29 expanded
[t=0.118253s, 18872 KB] f = 25, 52 evaluated, 39 expanded
[t=0.118347s, 18872 KB] f = 27, 71 evaluated, 55 expanded
[t=0.118389s, 18872 KB] f = 29, 79 evaluated, 64 expanded
[t=0.118505s, 18872 KB] New best heuristic value for cpdbs: 10
[t=0.118510s, 18872 KB] g=19, 108 evaluated, 81 expanded
[t=0.118524s, 18872 KB] f = 31, 111 evaluated, 85 expanded
[t=0.118561s, 18872 KB] New best heuristic value for cpdbs: 9
[t=0.118565s, 18872 KB] g=22, 118 evaluated, 90 expanded
[t=0.118591s, 18872 KB] New best heuristic value for cpdbs: 8
[t=0.118595s, 18872 KB] g=23, 122 evaluated, 91 expanded
[t=0.118605s, 18872 KB] New best heuristic value for cpdbs: 7
[t=0.118609s, 18872 KB] g=24, 124 evaluated, 92 expanded
[t=0.118618s, 18872 KB] New best heuristic value for cpdbs: 6
[t=0.118622s, 18872 KB] g=25, 126 evaluated, 93 expanded
[t=0.118832s, 18872 KB] f = 33, 172 evaluated, 129 expanded
[t=0.119074s, 18872 KB] f = 35, 230 evaluated, 182 expanded
[t=0.119257s, 18872 KB] f = 37, 263 evaluated, 226 expanded
[t=0.119522s, 18872 KB] f = 39, 336 evaluated, 280 expanded
[t=0.119781s, 18872 KB] f = 41, 402 evaluated, 345 expanded
[t=0.120021s, 18872 KB] f = 43, 464 evaluated, 401 expanded
[t=0.120189s, 18872 KB] f = 45, 509 evaluated, 453 expanded
[t=0.120325s, 18872 KB] f = 47, 539 evaluated, 492 expanded
[t=0.120441s, 18872 KB] f = 49, 569 evaluated, 523 expanded
[t=0.120523s, 18872 KB] f = 51, 590 evaluated, 549 expanded
[t=0.120580s, 18872 KB] f = 53, 607 evaluated, 568 expanded
[t=0.120600s, 18872 KB] f = 55, 610 evaluated, 579 expanded
[t=0.120607s, 18872 KB] Completely explored state space -- no solution!
[t=0.120609s, 18872 KB] Actual search time: 0.002695s
[t=0.120612s, 18872 KB] Expanded 582 state(s).
[t=0.120612s, 18872 KB] Reopened 0 state(s).
[t=0.120612s, 18872 KB] Evaluated 610 state(s).
[t=0.120612s, 18872 KB] Evaluations: 610
[t=0.120612s, 18872 KB] Generated 1516 state(s).
[t=0.120612s, 18872 KB] Dead ends: 28 state(s).
[t=0.120612s, 18872 KB] Expanded until last jump: 579 state(s).
[t=0.120612s, 18872 KB] Reopened until last jump: 0 state(s).
[t=0.120612s, 18872 KB] Evaluated until last jump: 610 state(s).
[t=0.120612s, 18872 KB] Generated until last jump: 1510 state(s).
[t=0.120612s, 18872 KB] Number of registered states: 610
[t=0.120612s, 18872 KB] Int hash set load factor: 610/1024 = 0.595703
[t=0.120612s, 18872 KB] Int hash set resizes: 10
[t=0.120612s, 18872 KB] Search time: 0.002748s
[t=0.120612s, 18872 KB] Total time: 0.120612s
Search stopped without finding a solution.
Remove intermediate file output.sas
search exit code: 12

Driver aborting after search

