$ D:\Miniforge3\python.exe C:/Users/user/Desktop/theoria/.worktrees/p13/engine-rig/.toolchain/downward/fast-downward.py --plan-file C:\Users\user\AppData\Local\Temp\e7verifyal30qs81\sas_plan C:\Users\user\Desktop\theoria\.worktrees\e7-deadlock-claim\engine-rig\fixtures\data\sokoban_domain.pddl C:\Users\user\Desktop\theoria\.worktrees\e7-deadlock-claim\engine-rig\runs\20260728T150713Z-E7-deadlock-claim-audit\attacks\work\a5\swap\swap-passage.pddl --search astar(ipdb(random_seed=11))

INFO     planner time limit: None
INFO     planner memory limit: None

INFO     Running translator.
INFO     translator stdin: None
INFO     translator time limit: None
INFO     translator memory limit: None
INFO     translator command line string: 'D:\Miniforge3\python.exe' -m translate 'C:\Users\user\Desktop\theoria\.worktrees\e7-deadlock-claim\engine-rig\fixtures\data\sokoban_domain.pddl' 'C:\Users\user\Desktop\theoria\.worktrees\e7-deadlock-claim\engine-rig\runs\20260728T150713Z-E7-deadlock-claim-audit\attacks\work\a5\swap\swap-passage.pddl' --sas-file output.sas
Warning! SIGXCPU is not available on your platform. This means that the planner cannot be gracefully terminated when using a time limit, which, however, is probably supported on your platform anyway.
Parsing...
Parsing: [0.000s CPU, 0.002s wall-clock]
Normalizing task... [0.000s CPU, 0.000s wall-clock]
Instantiating...
Generating Datalog program... [0.000s CPU, 0.000s wall-clock]
Normalizing Datalog program...
Normalizing Datalog program: [0.000s CPU, 0.001s wall-clock]
Preparing model... [0.000s CPU, 0.000s wall-clock]
Generated 20 rules.
Computing model... [0.000s CPU, 0.005s wall-clock]
597 relevant atoms
888 auxiliary atoms
1485 final queue length
1755 total queue pushes
Completing instantiation... [0.016s CPU, 0.002s wall-clock]
Instantiating: [0.016s CPU, 0.009s wall-clock]
Computing fact groups...
Finding invariants...
7 initial candidates
Finding invariants: [0.000s CPU, 0.001s wall-clock]
Checking invariant weight... [0.000s CPU, 0.000s wall-clock]
Instantiating groups... [0.000s CPU, 0.001s wall-clock]
Collecting mutex groups... [0.000s CPU, 0.000s wall-clock]
Choosing groups...
54 uncovered facts
Choosing groups: [0.000s CPU, 0.000s wall-clock]
Building translation key... [0.000s CPU, 0.000s wall-clock]
Computing fact groups: [0.000s CPU, 0.003s wall-clock]
Building STRIPS to SAS dictionary... [0.000s CPU, 0.000s wall-clock]
Building dictionary for full mutex groups... [0.000s CPU, 0.000s wall-clock]
Building mutex information...
Building mutex information: [0.000s CPU, 0.000s wall-clock]
Translating task...
Processing axioms...
Simplifying axioms... [0.000s CPU, 0.000s wall-clock]
Translator axioms removed by simplifying: 0
Processing axioms: [0.000s CPU, 0.000s wall-clock]
Translating task: [0.000s CPU, 0.002s wall-clock]
204 effect conditions simplified
0 implied preconditions added
Detecting unreachable propositions...
0 operators removed
0 axioms removed
67 propositions removed
Detecting unreachable propositions: [0.000s CPU, 0.001s wall-clock]
Reordering and filtering variables...
25 of 25 variables necessary.
22 of 25 mutex groups necessary.
132 of 132 operators necessary.
0 of 0 axiom rules necessary.
Reordering and filtering variables: [0.000s CPU, 0.001s wall-clock]
Translator variables: 25
Translator derived variables: 0
Translator facts: 110
Translator goal facts: 2
Translator mutex groups: 22
Translator total mutex groups size: 88
Translator operators: 132
Translator axioms: 0
Translator task size: 1233
warning: could not determine peak memory
Writing output... [0.000s CPU, 0.010s wall-clock]
Done! [0.016s CPU, 0.028s wall-clock]
translate exit code: 0

INFO     Running search (release).
INFO     search stdin: output.sas
INFO     search time limit: None
INFO     search memory limit: None
INFO     search command line string: 'C:\Users\user\Desktop\theoria\.worktrees\p13\engine-rig\.toolchain\downward\builds\release\bin\downward.exe' --search 'astar(ipdb(random_seed=11))' --internal-plan-file 'C:\Users\user\AppData\Local\Temp\e7verifyal30qs81\sas_plan' < output.sas
[t=0.000150s, 1964 KB] Search code revision: 7120aa0
[t=0.000246s, 1964 KB] reading input...
[t=0.001670s, 2240 KB] done reading input!
[t=0.002975s, 2832 KB] Initializing canonical PDB heuristic...
[t=0.002984s, 2832 KB] Generating patterns using: hill climbing pattern collection generator
[t=0.003070s, 2832 KB] Done calculating initial pattern collection: 0.000084s
[t=0.003079s, 2832 KB] Average operator cost: 1.000000
[t=0.003085s, 2832 KB] Building causal graph... done!
[t=0.004285s, 2936 KB] Done calculating initial candidate PDBs
[t=0.008226s, 3184 KB] found a better pattern with improvement 955
[t=0.015744s, 3360 KB] found a better pattern with improvement 749
[t=0.030662s, 5216 KB] found a better pattern with improvement 601
[t=0.051176s, 8756 KB] found a better pattern with improvement 946
[t=0.081120s, 15568 KB] found a better pattern with improvement 1000
[t=0.123297s, 28288 KB] found a better pattern with improvement 611
[t=0.186516s, 52336 KB] found a better pattern with improvement 868
[t=0.287884s, 97844 KB] found a better pattern with improvement 998
[t=0.450343s, 183304 KB] found a better pattern with improvement 951
[t=0.479087s, 183304 KB] found a better pattern with improvement 38
[t=0.509358s, 183304 KB] Improvement below threshold. Stop hill climbing.
[t=0.509380s, 183304 KB] Hill climbing iterations: 11
[t=0.509383s, 183304 KB] Hill climbing generated patterns: 202
[t=0.509386s, 183304 KB] Hill climbing rejected patterns: 124
[t=0.509388s, 183304 KB] Hill climbing maximum PDB size: 1362944
[t=0.509390s, 183304 KB] Hill climbing time: 0.506313s
[t=0.516869s, 183304 KB] hill climbing pattern collection generator number of patterns: 12
[t=0.516893s, 183304 KB] hill climbing pattern collection generator total PDB size: 4078712
[t=0.516897s, 183304 KB] hill climbing pattern collection generator computation time: 0.513875s
[t=0.516903s, 183304 KB] Running dominance pruning...
[t=0.516911s, 183304 KB] Pruned 9 of 11 pattern cliques
[t=0.516915s, 183304 KB] Pruned 10 of 12 PDBs
[t=0.516917s, 183304 KB] Dominance pruning took 0.000012s
[t=0.517247s, 183304 KB] Canonical PDB heuristic number of patterns: 2
[t=0.517255s, 183304 KB] Canonical PDB heuristic total PDB size: 2725888
[t=0.517259s, 183304 KB] Canonical PDB heuristic computation time: 0.514272s
[t=0.517316s, 183304 KB] Building successor generator... done!
[t=0.517389s, 183304 KB] peak memory difference for successor generator creation: 0 KB
[t=0.517391s, 183304 KB] time for successor generation creation: 0.000064s
[t=0.517396s, 183304 KB] Variables: 25
[t=0.517398s, 183304 KB] FactPairs: 110
[t=0.517401s, 183304 KB] Bytes per state: 8
[t=0.517410s, 183304 KB] Conducting best first search with reopening closed nodes, (real) bound = 2147483647
[t=0.517427s, 183304 KB] New best heuristic value for cpdbs: 37
[t=0.517431s, 183304 KB] g=0, 1 evaluated, 0 expanded
[t=0.517434s, 183304 KB] f = 37, 1 evaluated, 0 expanded
[t=0.517441s, 183304 KB] Initial heuristic value for cpdbs: 37
[t=0.517445s, 183304 KB] pruning method: none
[t=0.517454s, 183304 KB] New best heuristic value for cpdbs: 36
[t=0.517458s, 183304 KB] g=1, 3 evaluated, 1 expanded
[t=0.517463s, 183304 KB] New best heuristic value for cpdbs: 35
[t=0.517466s, 183304 KB] g=2, 5 evaluated, 2 expanded
[t=0.517472s, 183304 KB] New best heuristic value for cpdbs: 34
[t=0.517475s, 183304 KB] g=3, 7 evaluated, 3 expanded
[t=0.517479s, 183304 KB] New best heuristic value for cpdbs: 33
[t=0.517481s, 183304 KB] g=4, 8 evaluated, 4 expanded
[t=0.517488s, 183304 KB] New best heuristic value for cpdbs: 32
[t=0.517491s, 183304 KB] g=5, 10 evaluated, 5 expanded
[t=0.517498s, 183304 KB] New best heuristic value for cpdbs: 31
[t=0.517500s, 183304 KB] g=6, 13 evaluated, 6 expanded
[t=0.517505s, 183304 KB] New best heuristic value for cpdbs: 30
[t=0.517508s, 183304 KB] g=7, 15 evaluated, 7 expanded
[t=0.517537s, 183304 KB] New best heuristic value for cpdbs: 29
[t=0.517550s, 183304 KB] g=8, 18 evaluated, 8 expanded
[t=0.517556s, 183304 KB] New best heuristic value for cpdbs: 28
[t=0.517559s, 183304 KB] g=9, 19 evaluated, 9 expanded
[t=0.517563s, 183304 KB] New best heuristic value for cpdbs: 27
[t=0.517567s, 183304 KB] g=10, 20 evaluated, 10 expanded
[t=0.517572s, 183304 KB] New best heuristic value for cpdbs: 26
[t=0.517576s, 183304 KB] g=11, 22 evaluated, 11 expanded
[t=0.517581s, 183304 KB] New best heuristic value for cpdbs: 25
[t=0.517583s, 183304 KB] g=12, 23 evaluated, 12 expanded
[t=0.517593s, 183304 KB] f = 39, 28 evaluated, 14 expanded
[t=0.517612s, 183304 KB] f = 41, 36 evaluated, 23 expanded
[t=0.517628s, 183304 KB] f = 43, 43 evaluated, 30 expanded
[t=0.517667s, 183304 KB] f = 45, 67 evaluated, 45 expanded
[t=0.517711s, 183304 KB] f = 47, 92 evaluated, 69 expanded
[t=0.517733s, 183304 KB] f = 49, 103 evaluated, 81 expanded
[t=0.517744s, 183304 KB] f = 51, 106 evaluated, 88 expanded
[t=0.517764s, 183304 KB] f = 53, 121 evaluated, 96 expanded
[t=0.517802s, 183304 KB] f = 55, 144 evaluated, 110 expanded
[t=0.517830s, 183304 KB] f = 57, 160 evaluated, 131 expanded
[t=0.517868s, 183304 KB] f = 59, 192 evaluated, 148 expanded
[t=0.517938s, 183304 KB] f = 61, 251 evaluated, 195 expanded
[t=0.518023s, 183304 KB] f = 63, 292 evaluated, 239 expanded
[t=0.518051s, 183304 KB] f = 65, 308 evaluated, 262 expanded
[t=0.518104s, 183304 KB] f = 67, 356 evaluated, 294 expanded
[t=0.518171s, 183304 KB] f = 69, 413 evaluated, 346 expanded
[t=0.518215s, 183304 KB] f = 71, 444 evaluated, 382 expanded
[t=0.518243s, 183304 KB] f = 73, 458 evaluated, 407 expanded
[t=0.518278s, 183304 KB] f = 75, 487 evaluated, 430 expanded
[t=0.518297s, 183304 KB] f = 77, 494 evaluated, 449 expanded
[t=0.518304s, 183304 KB] Completely explored state space -- no solution!
[t=0.518306s, 183304 KB] Actual search time: 0.000860s
[t=0.518309s, 183304 KB] Expanded 454 state(s).
[t=0.518309s, 183304 KB] Reopened 0 state(s).
[t=0.518309s, 183304 KB] Evaluated 494 state(s).
[t=0.518309s, 183304 KB] Evaluations: 494
[t=0.518309s, 183304 KB] Generated 1184 state(s).
[t=0.518309s, 183304 KB] Dead ends: 40 state(s).
[t=0.518309s, 183304 KB] Expanded until last jump: 449 state(s).
[t=0.518309s, 183304 KB] Reopened until last jump: 0 state(s).
[t=0.518309s, 183304 KB] Evaluated until last jump: 494 state(s).
[t=0.518309s, 183304 KB] Generated until last jump: 1175 state(s).
[t=0.518309s, 183304 KB] Number of registered states: 494
[t=0.518309s, 183304 KB] Int hash set load factor: 494/512 = 0.964844
[t=0.518309s, 183304 KB] Int hash set resizes: 9
[t=0.518309s, 183304 KB] Search time: 0.000901s
[t=0.518309s, 183304 KB] Total time: 0.518309s
Search stopped without finding a solution.
Remove intermediate file output.sas
search exit code: 12

Driver aborting after search

