$ D:\Miniforge3\python.exe C:/Users/user/Desktop/theoria/.worktrees/p13/engine-rig/.toolchain/downward/fast-downward.py --plan-file C:\Users\user\AppData\Local\Temp\e7verifysxxlqaus\sas_plan C:\Users\user\Desktop\theoria\.worktrees\e7-deadlock-claim\engine-rig\runs\20260728T150713Z-E7-deadlock-claim-audit\attacks\work\a5\swap\singleton\sokoban_guarded_singleton_domain.pddl C:\Users\user\Desktop\theoria\.worktrees\e7-deadlock-claim\engine-rig\runs\20260728T150713Z-E7-deadlock-claim-audit\attacks\work\a5\swap\singleton\swap-passage_guarded_singleton.pddl --search astar(cpdbs(patterns=manual_patterns([[23,24,22,19,18,17,11]])))

INFO     planner time limit: None
INFO     planner memory limit: None

INFO     Running translator.
INFO     translator stdin: None
INFO     translator time limit: None
INFO     translator memory limit: None
INFO     translator command line string: 'D:\Miniforge3\python.exe' -m translate 'C:\Users\user\Desktop\theoria\.worktrees\e7-deadlock-claim\engine-rig\runs\20260728T150713Z-E7-deadlock-claim-audit\attacks\work\a5\swap\singleton\sokoban_guarded_singleton_domain.pddl' 'C:\Users\user\Desktop\theoria\.worktrees\e7-deadlock-claim\engine-rig\runs\20260728T150713Z-E7-deadlock-claim-audit\attacks\work\a5\swap\singleton\swap-passage_guarded_singleton.pddl' --sas-file output.sas
Warning! SIGXCPU is not available on your platform. This means that the planner cannot be gracefully terminated when using a time limit, which, however, is probably supported on your platform anyway.
Parsing...
Parsing: [0.000s CPU, 0.002s wall-clock]
Normalizing task... [0.000s CPU, 0.000s wall-clock]
Instantiating...
Generating Datalog program... [0.000s CPU, 0.000s wall-clock]
Normalizing Datalog program...
Normalizing Datalog program: [0.000s CPU, 0.001s wall-clock]
Preparing model... [0.000s CPU, 0.000s wall-clock]
Generated 20 rules.
Computing model... [0.000s CPU, 0.005s wall-clock]
613 relevant atoms
888 auxiliary atoms
1501 final queue length
1771 total queue pushes
Completing instantiation... [0.000s CPU, 0.002s wall-clock]
Instantiating: [0.000s CPU, 0.008s wall-clock]
Computing fact groups...
Finding invariants...
7 initial candidates
Finding invariants: [0.016s CPU, 0.001s wall-clock]
Checking invariant weight... [0.000s CPU, 0.000s wall-clock]
Instantiating groups... [0.000s CPU, 0.001s wall-clock]
Collecting mutex groups... [0.000s CPU, 0.000s wall-clock]
Choosing groups...
54 uncovered facts
Choosing groups: [0.000s CPU, 0.000s wall-clock]
Building translation key... [0.000s CPU, 0.000s wall-clock]
Computing fact groups: [0.016s CPU, 0.003s wall-clock]
Building STRIPS to SAS dictionary... [0.000s CPU, 0.000s wall-clock]
Building dictionary for full mutex groups... [0.000s CPU, 0.000s wall-clock]
Building mutex information...
Building mutex information: [0.000s CPU, 0.000s wall-clock]
Translating task...
Processing axioms...
Simplifying axioms... [0.000s CPU, 0.000s wall-clock]
Translator axioms removed by simplifying: 0
Processing axioms: [0.000s CPU, 0.000s wall-clock]
Translating task: [0.000s CPU, 0.002s wall-clock]
172 effect conditions simplified
0 implied preconditions added
Detecting unreachable propositions...
0 operators removed
0 axioms removed
83 propositions removed
Detecting unreachable propositions: [0.000s CPU, 0.001s wall-clock]
Reordering and filtering variables...
25 of 25 variables necessary.
22 of 25 mutex groups necessary.
116 of 116 operators necessary.
0 of 0 axiom rules necessary.
Reordering and filtering variables: [0.000s CPU, 0.001s wall-clock]
Translator variables: 25
Translator derived variables: 0
Translator facts: 94
Translator goal facts: 2
Translator mutex groups: 22
Translator total mutex groups size: 72
Translator operators: 116
Translator axioms: 0
Translator task size: 1057
warning: could not determine peak memory
Writing output... [0.000s CPU, 0.009s wall-clock]
Done! [0.016s CPU, 0.026s wall-clock]
translate exit code: 0

INFO     Running search (release).
INFO     search stdin: output.sas
INFO     search time limit: None
INFO     search memory limit: None
INFO     search command line string: 'C:\Users\user\Desktop\theoria\.worktrees\p13\engine-rig\.toolchain\downward\builds\release\bin\downward.exe' --search 'astar(cpdbs(patterns=manual_patterns([[23,24,22,19,18,17,11]])))' --internal-plan-file 'C:\Users\user\AppData\Local\Temp\e7verifysxxlqaus\sas_plan' < output.sas
[t=0.000101s, 1892 KB] Search code revision: 7120aa0
[t=0.000184s, 1892 KB] reading input...
[t=0.001393s, 2188 KB] done reading input!
[t=0.002354s, 2720 KB] Initializing canonical PDB heuristic...
[t=0.002365s, 2720 KB] Generating patterns using: manual pattern collection generator
[t=0.002371s, 2720 KB] Manual pattern collection: [[23, 24, 22, 19, 18, 17, 11]]
[t=0.002383s, 2720 KB] manual pattern collection generator number of patterns: 1
[t=0.002388s, 2720 KB] manual pattern collection generator total PDB size: 68992
[t=0.002390s, 2720 KB] manual pattern collection generator computation time: 1.32e-05s
[t=0.002396s, 2720 KB] Computing PDBs for pattern collection...
[t=0.003709s, 3188 KB] Done computing PDBs for pattern collection: 0.001317s
[t=0.003719s, 3188 KB] Computing pattern cliques for pattern collection...
[t=0.003729s, 3188 KB] Done computing pattern cliques for pattern collection: 0.000012s
[t=0.003734s, 3188 KB] Running dominance pruning...
[t=0.003740s, 3188 KB] Pruned 0 of 1 pattern cliques
[t=0.003742s, 3188 KB] Pruned 0 of 1 PDBs
[t=0.003745s, 3188 KB] Dominance pruning took 0.000009s
[t=0.003750s, 3188 KB] Canonical PDB heuristic number of patterns: 1
[t=0.003752s, 3188 KB] Canonical PDB heuristic total PDB size: 68992
[t=0.003755s, 3188 KB] Canonical PDB heuristic computation time: 0.001396s
[t=0.003781s, 3188 KB] Building successor generator... done!
[t=0.003823s, 3188 KB] peak memory difference for successor generator creation: 0 KB
[t=0.003825s, 3188 KB] time for successor generation creation: 0.000036s
[t=0.003831s, 3188 KB] Variables: 25
[t=0.003834s, 3188 KB] FactPairs: 94
[t=0.003836s, 3188 KB] Bytes per state: 8
[t=0.003846s, 3188 KB] Conducting best first search with reopening closed nodes, (real) bound = 2147483647
[t=0.003861s, 3188 KB] New best heuristic value for cpdbs: 15
[t=0.003865s, 3188 KB] g=0, 1 evaluated, 0 expanded
[t=0.003867s, 3188 KB] f = 15, 1 evaluated, 0 expanded
[t=0.003875s, 3188 KB] Initial heuristic value for cpdbs: 15
[t=0.003879s, 3188 KB] pruning method: none
[t=0.003886s, 3188 KB] New best heuristic value for cpdbs: 14
[t=0.003890s, 3188 KB] g=1, 2 evaluated, 1 expanded
[t=0.003898s, 3188 KB] f = 17, 7 evaluated, 3 expanded
[t=0.003907s, 3188 KB] New best heuristic value for cpdbs: 13
[t=0.003911s, 3188 KB] g=4, 11 evaluated, 6 expanded
[t=0.003916s, 3188 KB] New best heuristic value for cpdbs: 12
[t=0.003919s, 3188 KB] g=5, 14 evaluated, 7 expanded
[t=0.003924s, 3188 KB] New best heuristic value for cpdbs: 11
[t=0.003927s, 3188 KB] g=6, 16 evaluated, 8 expanded
[t=0.003932s, 3188 KB] New best heuristic value for cpdbs: 10
[t=0.003935s, 3188 KB] g=7, 18 evaluated, 9 expanded
[t=0.003939s, 3188 KB] New best heuristic value for cpdbs: 9
[t=0.003942s, 3188 KB] g=8, 20 evaluated, 10 expanded
[t=0.003946s, 3188 KB] New best heuristic value for cpdbs: 8
[t=0.003948s, 3188 KB] g=9, 21 evaluated, 11 expanded
[t=0.003954s, 3188 KB] New best heuristic value for cpdbs: 7
[t=0.003956s, 3188 KB] g=10, 23 evaluated, 12 expanded
[t=0.003963s, 3188 KB] New best heuristic value for cpdbs: 6
[t=0.003965s, 3188 KB] g=11, 27 evaluated, 13 expanded
[t=0.003973s, 3188 KB] f = 19, 31 evaluated, 16 expanded
[t=0.003992s, 3188 KB] f = 21, 41 evaluated, 28 expanded
[t=0.004024s, 3188 KB] f = 23, 66 evaluated, 46 expanded
[t=0.004046s, 3188 KB] f = 25, 81 evaluated, 63 expanded
[t=0.004076s, 3188 KB] f = 27, 105 evaluated, 84 expanded
[t=0.004122s, 3188 KB] f = 29, 139 evaluated, 113 expanded
[t=0.004135s, 3188 KB] New best heuristic value for cpdbs: 5
[t=0.004139s, 3188 KB] g=24, 151 evaluated, 119 expanded
[t=0.004143s, 3188 KB] New best heuristic value for cpdbs: 4
[t=0.004146s, 3188 KB] g=25, 153 evaluated, 120 expanded
[t=0.004151s, 3188 KB] New best heuristic value for cpdbs: 3
[t=0.004154s, 3188 KB] g=26, 156 evaluated, 121 expanded
[t=0.004195s, 3208 KB] f = 31, 185 evaluated, 151 expanded
[t=0.004280s, 3208 KB] f = 33, 262 evaluated, 202 expanded
[t=0.004357s, 3208 KB] f = 35, 331 evaluated, 268 expanded
[t=0.004437s, 3208 KB] f = 37, 405 evaluated, 336 expanded
[t=0.004511s, 3208 KB] f = 39, 467 evaluated, 405 expanded
[t=0.004598s, 3220 KB] f = 41, 519 evaluated, 464 expanded
[t=0.004637s, 3220 KB] f = 43, 545 evaluated, 501 expanded
[t=0.004678s, 3220 KB] f = 45, 578 evaluated, 538 expanded
[t=0.004702s, 3220 KB] f = 47, 592 evaluated, 558 expanded
[t=0.004714s, 3220 KB] f = 49, 600 evaluated, 567 expanded
[t=0.004723s, 3220 KB] f = 51, 606 evaluated, 574 expanded
[t=0.004731s, 3220 KB] f = 53, 610 evaluated, 580 expanded
[t=0.004737s, 3220 KB] f = 55, 611 evaluated, 583 expanded
[t=0.004740s, 3220 KB] Completely explored state space -- no solution!
[t=0.004742s, 3220 KB] Actual search time: 0.000862s
[t=0.004745s, 3220 KB] Expanded 584 state(s).
[t=0.004745s, 3220 KB] Reopened 0 state(s).
[t=0.004745s, 3220 KB] Evaluated 611 state(s).
[t=0.004745s, 3220 KB] Evaluations: 611
[t=0.004745s, 3220 KB] Generated 1520 state(s).
[t=0.004745s, 3220 KB] Dead ends: 27 state(s).
[t=0.004745s, 3220 KB] Expanded until last jump: 583 state(s).
[t=0.004745s, 3220 KB] Reopened until last jump: 0 state(s).
[t=0.004745s, 3220 KB] Evaluated until last jump: 611 state(s).
[t=0.004745s, 3220 KB] Generated until last jump: 1518 state(s).
[t=0.004745s, 3220 KB] Number of registered states: 611
[t=0.004745s, 3220 KB] Int hash set load factor: 611/1024 = 0.596680
[t=0.004745s, 3220 KB] Int hash set resizes: 10
[t=0.004745s, 3220 KB] Search time: 0.000901s
[t=0.004745s, 3220 KB] Total time: 0.004745s
Search stopped without finding a solution.
Remove intermediate file output.sas
search exit code: 12

Driver aborting after search

