$ D:\Miniforge3\python.exe C:/Users/user/Desktop/theoria/.worktrees/p13/engine-rig/.toolchain/downward/fast-downward.py --plan-file C:\Users\user\AppData\Local\Temp\e7verifyjm0lc7_i\sas_plan C:\Users\user\Desktop\theoria\.worktrees\e7-deadlock-claim\engine-rig\runs\20260728T150713Z-E7-deadlock-claim-audit\attacks\work\a5\swap\singleton\sokoban_guarded_singleton_domain.pddl C:\Users\user\Desktop\theoria\.worktrees\e7-deadlock-claim\engine-rig\runs\20260728T150713Z-E7-deadlock-claim-audit\attacks\work\a5\swap\singleton\swap-passage_guarded_singleton.pddl --search astar(cpdbs(patterns=manual_patterns([[23,24,22,19,18,17,16,20,21,11,12]])))

INFO     planner time limit: None
INFO     planner memory limit: None

INFO     Running translator.
INFO     translator stdin: None
INFO     translator time limit: None
INFO     translator memory limit: None
INFO     translator command line string: 'D:\Miniforge3\python.exe' -m translate 'C:\Users\user\Desktop\theoria\.worktrees\e7-deadlock-claim\engine-rig\runs\20260728T150713Z-E7-deadlock-claim-audit\attacks\work\a5\swap\singleton\sokoban_guarded_singleton_domain.pddl' 'C:\Users\user\Desktop\theoria\.worktrees\e7-deadlock-claim\engine-rig\runs\20260728T150713Z-E7-deadlock-claim-audit\attacks\work\a5\swap\singleton\swap-passage_guarded_singleton.pddl' --sas-file output.sas
Warning! SIGXCPU is not available on your platform. This means that the planner cannot be gracefully terminated when using a time limit, which, however, is probably supported on your platform anyway.
Parsing...
Parsing: [0.000s CPU, 0.002s wall-clock]
Normalizing task... [0.000s CPU, 0.000s wall-clock]
Instantiating...
Generating Datalog program... [0.000s CPU, 0.000s wall-clock]
Normalizing Datalog program...
Normalizing Datalog program: [0.000s CPU, 0.001s wall-clock]
Preparing model... [0.000s CPU, 0.000s wall-clock]
Generated 20 rules.
Computing model... [0.016s CPU, 0.005s wall-clock]
613 relevant atoms
888 auxiliary atoms
1501 final queue length
1771 total queue pushes
Completing instantiation... [0.000s CPU, 0.002s wall-clock]
Instantiating: [0.016s CPU, 0.008s wall-clock]
Computing fact groups...
Finding invariants...
7 initial candidates
Finding invariants: [0.000s CPU, 0.001s wall-clock]
Checking invariant weight... [0.000s CPU, 0.000s wall-clock]
Instantiating groups... [0.000s CPU, 0.001s wall-clock]
Collecting mutex groups... [0.000s CPU, 0.000s wall-clock]
Choosing groups...
54 uncovered facts
Choosing groups: [0.000s CPU, 0.000s wall-clock]
Building translation key... [0.000s CPU, 0.000s wall-clock]
Computing fact groups: [0.000s CPU, 0.003s wall-clock]
Building STRIPS to SAS dictionary... [0.000s CPU, 0.000s wall-clock]
Building dictionary for full mutex groups... [0.000s CPU, 0.000s wall-clock]
Building mutex information...
Building mutex information: [0.000s CPU, 0.000s wall-clock]
Translating task...
Processing axioms...
Simplifying axioms... [0.000s CPU, 0.000s wall-clock]
Translator axioms removed by simplifying: 0
Processing axioms: [0.000s CPU, 0.000s wall-clock]
Translating task: [0.000s CPU, 0.002s wall-clock]
172 effect conditions simplified
0 implied preconditions added
Detecting unreachable propositions...
0 operators removed
0 axioms removed
83 propositions removed
Detecting unreachable propositions: [0.000s CPU, 0.001s wall-clock]
Reordering and filtering variables...
25 of 25 variables necessary.
22 of 25 mutex groups necessary.
116 of 116 operators necessary.
0 of 0 axiom rules necessary.
Reordering and filtering variables: [0.000s CPU, 0.001s wall-clock]
Translator variables: 25
Translator derived variables: 0
Translator facts: 94
Translator goal facts: 2
Translator mutex groups: 22
Translator total mutex groups size: 72
Translator operators: 116
Translator axioms: 0
Translator task size: 1057
warning: could not determine peak memory
Writing output... [0.000s CPU, 0.010s wall-clock]
Done! [0.016s CPU, 0.026s wall-clock]
translate exit code: 0

INFO     Running search (release).
INFO     search stdin: output.sas
INFO     search time limit: None
INFO     search memory limit: None
INFO     search command line string: 'C:\Users\user\Desktop\theoria\.worktrees\p13\engine-rig\.toolchain\downward\builds\release\bin\downward.exe' --search 'astar(cpdbs(patterns=manual_patterns([[23,24,22,19,18,17,16,20,21,11,12]])))' --internal-plan-file 'C:\Users\user\AppData\Local\Temp\e7verifyjm0lc7_i\sas_plan' < output.sas
[t=0.000152s, 1916 KB] Search code revision: 7120aa0
[t=0.000239s, 1916 KB] reading input...
[t=0.001488s, 2176 KB] done reading input!
[t=0.002842s, 2800 KB] Initializing canonical PDB heuristic...
[t=0.002853s, 2800 KB] Generating patterns using: manual pattern collection generator
[t=0.002858s, 2800 KB] Manual pattern collection: [[23, 24, 22, 19, 18, 17, 16, 20, 21, 11, 12]]
[t=0.002869s, 2800 KB] manual pattern collection generator number of patterns: 1
[t=0.002873s, 2800 KB] manual pattern collection generator total PDB size: 1103872
[t=0.002876s, 2800 KB] manual pattern collection generator computation time: 1.05e-05s
[t=0.002883s, 2800 KB] Computing PDBs for pattern collection...
[t=0.013685s, 7436 KB] Done computing PDBs for pattern collection: 0.010808s
[t=0.013698s, 7436 KB] Computing pattern cliques for pattern collection...
[t=0.013713s, 7436 KB] Done computing pattern cliques for pattern collection: 0.000018s
[t=0.013720s, 7436 KB] Running dominance pruning...
[t=0.013726s, 7436 KB] Pruned 0 of 1 pattern cliques
[t=0.013728s, 7436 KB] Pruned 0 of 1 PDBs
[t=0.013731s, 7436 KB] Dominance pruning took 0.000009s
[t=0.013735s, 7436 KB] Canonical PDB heuristic number of patterns: 1
[t=0.013739s, 7436 KB] Canonical PDB heuristic total PDB size: 1103872
[t=0.013741s, 7436 KB] Canonical PDB heuristic computation time: 0.010893s
[t=0.013769s, 7436 KB] Building successor generator... done!
[t=0.013821s, 7436 KB] peak memory difference for successor generator creation: 0 KB
[t=0.013824s, 7436 KB] time for successor generation creation: 0.000044s
[t=0.013829s, 7436 KB] Variables: 25
[t=0.013833s, 7436 KB] FactPairs: 94
[t=0.013835s, 7436 KB] Bytes per state: 8
[t=0.013844s, 7436 KB] Conducting best first search with reopening closed nodes, (real) bound = 2147483647
[t=0.013875s, 7508 KB] New best heuristic value for cpdbs: 37
[t=0.013879s, 7508 KB] g=0, 1 evaluated, 0 expanded
[t=0.013881s, 7508 KB] f = 37, 1 evaluated, 0 expanded
[t=0.013891s, 7508 KB] Initial heuristic value for cpdbs: 37
[t=0.013895s, 7508 KB] pruning method: none
[t=0.013905s, 7508 KB] New best heuristic value for cpdbs: 36
[t=0.013909s, 7508 KB] g=1, 4 evaluated, 1 expanded
[t=0.013913s, 7508 KB] New best heuristic value for cpdbs: 35
[t=0.013917s, 7508 KB] g=2, 5 evaluated, 2 expanded
[t=0.013922s, 7508 KB] New best heuristic value for cpdbs: 34
[t=0.013926s, 7508 KB] g=3, 7 evaluated, 3 expanded
[t=0.013930s, 7508 KB] New best heuristic value for cpdbs: 33
[t=0.013934s, 7508 KB] g=4, 8 evaluated, 4 expanded
[t=0.013940s, 7508 KB] New best heuristic value for cpdbs: 32
[t=0.013943s, 7508 KB] g=5, 11 evaluated, 5 expanded
[t=0.013948s, 7508 KB] New best heuristic value for cpdbs: 31
[t=0.013951s, 7508 KB] g=6, 13 evaluated, 6 expanded
[t=0.013957s, 7508 KB] New best heuristic value for cpdbs: 30
[t=0.013960s, 7508 KB] g=7, 15 evaluated, 7 expanded
[t=0.013966s, 7508 KB] New best heuristic value for cpdbs: 29
[t=0.013970s, 7508 KB] g=8, 17 evaluated, 8 expanded
[t=0.013974s, 7508 KB] New best heuristic value for cpdbs: 28
[t=0.013977s, 7508 KB] g=9, 18 evaluated, 9 expanded
[t=0.013981s, 7508 KB] New best heuristic value for cpdbs: 27
[t=0.013983s, 7508 KB] g=10, 19 evaluated, 10 expanded
[t=0.013989s, 7508 KB] New best heuristic value for cpdbs: 26
[t=0.013991s, 7508 KB] g=11, 21 evaluated, 11 expanded
[t=0.013996s, 7508 KB] New best heuristic value for cpdbs: 25
[t=0.013998s, 7508 KB] g=12, 22 evaluated, 12 expanded
[t=0.014005s, 7508 KB] New best heuristic value for cpdbs: 24
[t=0.014009s, 7508 KB] g=13, 25 evaluated, 13 expanded
[t=0.014013s, 7508 KB] New best heuristic value for cpdbs: 23
[t=0.014017s, 7508 KB] g=14, 27 evaluated, 14 expanded
[t=0.014022s, 7508 KB] New best heuristic value for cpdbs: 22
[t=0.014026s, 7508 KB] g=15, 30 evaluated, 15 expanded
[t=0.014030s, 7508 KB] New best heuristic value for cpdbs: 21
[t=0.014032s, 7508 KB] g=16, 31 evaluated, 16 expanded
[t=0.014040s, 7508 KB] New best heuristic value for cpdbs: 20
[t=0.014044s, 7508 KB] g=17, 34 evaluated, 17 expanded
[t=0.014048s, 7508 KB] New best heuristic value for cpdbs: 19
[t=0.014052s, 7508 KB] g=18, 36 evaluated, 18 expanded
[t=0.014058s, 7508 KB] New best heuristic value for cpdbs: 18
[t=0.014061s, 7508 KB] g=19, 40 evaluated, 19 expanded
[t=0.014066s, 7508 KB] New best heuristic value for cpdbs: 17
[t=0.014068s, 7508 KB] g=20, 42 evaluated, 20 expanded
[t=0.014072s, 7508 KB] New best heuristic value for cpdbs: 16
[t=0.014076s, 7508 KB] g=21, 44 evaluated, 21 expanded
[t=0.014082s, 7508 KB] New best heuristic value for cpdbs: 15
[t=0.014085s, 7508 KB] g=22, 47 evaluated, 22 expanded
[t=0.014091s, 7508 KB] New best heuristic value for cpdbs: 14
[t=0.014095s, 7508 KB] g=23, 50 evaluated, 23 expanded
[t=0.014098s, 7508 KB] New best heuristic value for cpdbs: 13
[t=0.014102s, 7508 KB] g=24, 51 evaluated, 24 expanded
[t=0.014106s, 7508 KB] New best heuristic value for cpdbs: 12
[t=0.014110s, 7508 KB] g=25, 53 evaluated, 25 expanded
[t=0.014115s, 7508 KB] New best heuristic value for cpdbs: 11
[t=0.014118s, 7508 KB] g=26, 55 evaluated, 26 expanded
[t=0.014122s, 7508 KB] New best heuristic value for cpdbs: 10
[t=0.014124s, 7508 KB] g=27, 56 evaluated, 27 expanded
[t=0.014129s, 7508 KB] New best heuristic value for cpdbs: 9
[t=0.014131s, 7508 KB] g=28, 57 evaluated, 28 expanded
[t=0.014136s, 7508 KB] New best heuristic value for cpdbs: 8
[t=0.014139s, 7508 KB] g=29, 59 evaluated, 29 expanded
[t=0.014144s, 7508 KB] f = 39, 60 evaluated, 31 expanded
[t=0.014179s, 7508 KB] f = 41, 77 evaluated, 54 expanded
[t=0.014200s, 7508 KB] f = 43, 87 evaluated, 71 expanded
[t=0.014267s, 7508 KB] f = 45, 151 evaluated, 109 expanded
[t=0.014332s, 7508 KB] f = 47, 205 evaluated, 162 expanded
[t=0.014373s, 7508 KB] f = 49, 231 evaluated, 202 expanded
[t=0.014399s, 7508 KB] f = 51, 249 evaluated, 223 expanded
[t=0.014434s, 7508 KB] f = 53, 266 evaluated, 240 expanded
[t=0.014462s, 7508 KB] f = 55, 288 evaluated, 261 expanded
[t=0.014492s, 7508 KB] f = 57, 313 evaluated, 282 expanded
[t=0.014527s, 7508 KB] f = 59, 341 evaluated, 306 expanded
[t=0.014563s, 7508 KB] f = 61, 369 evaluated, 336 expanded
[t=0.014595s, 7508 KB] f = 63, 394 evaluated, 361 expanded
[t=0.014612s, 7508 KB] f = 65, 401 evaluated, 376 expanded
[t=0.014641s, 7508 KB] f = 67, 424 evaluated, 392 expanded
[t=0.014674s, 7508 KB] f = 69, 450 evaluated, 417 expanded
[t=0.014692s, 7508 KB] f = 71, 460 evaluated, 431 expanded
[t=0.014703s, 7508 KB] f = 73, 463 evaluated, 440 expanded
[t=0.014715s, 7508 KB] f = 75, 471 evaluated, 445 expanded
[t=0.014725s, 7508 KB] f = 77, 474 evaluated, 452 expanded
[t=0.014729s, 7508 KB] Completely explored state space -- no solution!
[t=0.014731s, 7508 KB] Actual search time: 0.000835s
[t=0.014736s, 7508 KB] Expanded 454 state(s).
[t=0.014736s, 7508 KB] Reopened 0 state(s).
[t=0.014736s, 7508 KB] Evaluated 474 state(s).
[t=0.014736s, 7508 KB] Evaluations: 474
[t=0.014736s, 7508 KB] Generated 1164 state(s).
[t=0.014736s, 7508 KB] Dead ends: 20 state(s).
[t=0.014736s, 7508 KB] Expanded until last jump: 452 state(s).
[t=0.014736s, 7508 KB] Reopened until last jump: 0 state(s).
[t=0.014736s, 7508 KB] Evaluated until last jump: 474 state(s).
[t=0.014736s, 7508 KB] Generated until last jump: 1160 state(s).
[t=0.014736s, 7508 KB] Number of registered states: 474
[t=0.014736s, 7508 KB] Int hash set load factor: 474/512 = 0.925781
[t=0.014736s, 7508 KB] Int hash set resizes: 9
[t=0.014736s, 7508 KB] Search time: 0.000892s
[t=0.014736s, 7508 KB] Total time: 0.014736s
Search stopped without finding a solution.
Remove intermediate file output.sas
search exit code: 12

Driver aborting after search

