$ D:\Miniforge3\python.exe C:/Users/user/Desktop/theoria/.worktrees/p13/engine-rig/.toolchain/downward/fast-downward.py --plan-file C:\Users\user\AppData\Local\Temp\e7verifypif36yu8\sas_plan C:\Users\user\Desktop\theoria\.worktrees\e7-deadlock-claim\engine-rig\fixtures\data\sokoban_domain.pddl C:\Users\user\Desktop\theoria\.worktrees\e7-deadlock-claim\engine-rig\runs\20260728T150713Z-E7-deadlock-claim-audit\attacks\work\a5\swap\swap-passage.pddl --search astar(ipdb(pdb_max_size=8000000,collection_max_size=40000000,max_time=120,random_seed=1))

INFO     planner time limit: None
INFO     planner memory limit: None

INFO     Running translator.
INFO     translator stdin: None
INFO     translator time limit: None
INFO     translator memory limit: None
INFO     translator command line string: 'D:\Miniforge3\python.exe' -m translate 'C:\Users\user\Desktop\theoria\.worktrees\e7-deadlock-claim\engine-rig\fixtures\data\sokoban_domain.pddl' 'C:\Users\user\Desktop\theoria\.worktrees\e7-deadlock-claim\engine-rig\runs\20260728T150713Z-E7-deadlock-claim-audit\attacks\work\a5\swap\swap-passage.pddl' --sas-file output.sas
Warning! SIGXCPU is not available on your platform. This means that the planner cannot be gracefully terminated when using a time limit, which, however, is probably supported on your platform anyway.
Parsing...
Parsing: [0.000s CPU, 0.002s wall-clock]
Normalizing task... [0.000s CPU, 0.000s wall-clock]
Instantiating...
Generating Datalog program... [0.000s CPU, 0.000s wall-clock]
Normalizing Datalog program...
Normalizing Datalog program: [0.016s CPU, 0.001s wall-clock]
Preparing model... [0.000s CPU, 0.000s wall-clock]
Generated 20 rules.
Computing model... [0.000s CPU, 0.005s wall-clock]
597 relevant atoms
888 auxiliary atoms
1485 final queue length
1755 total queue pushes
Completing instantiation... [0.000s CPU, 0.002s wall-clock]
Instantiating: [0.016s CPU, 0.009s wall-clock]
Computing fact groups...
Finding invariants...
7 initial candidates
Finding invariants: [0.000s CPU, 0.001s wall-clock]
Checking invariant weight... [0.000s CPU, 0.000s wall-clock]
Instantiating groups... [0.000s CPU, 0.001s wall-clock]
Collecting mutex groups... [0.000s CPU, 0.000s wall-clock]
Choosing groups...
54 uncovered facts
Choosing groups: [0.000s CPU, 0.000s wall-clock]
Building translation key... [0.000s CPU, 0.000s wall-clock]
Computing fact groups: [0.000s CPU, 0.003s wall-clock]
Building STRIPS to SAS dictionary... [0.000s CPU, 0.000s wall-clock]
Building dictionary for full mutex groups... [0.000s CPU, 0.000s wall-clock]
Building mutex information...
Building mutex information: [0.000s CPU, 0.000s wall-clock]
Translating task...
Processing axioms...
Simplifying axioms... [0.000s CPU, 0.000s wall-clock]
Translator axioms removed by simplifying: 0
Processing axioms: [0.000s CPU, 0.000s wall-clock]
Translating task: [0.000s CPU, 0.002s wall-clock]
204 effect conditions simplified
0 implied preconditions added
Detecting unreachable propositions...
0 operators removed
0 axioms removed
67 propositions removed
Detecting unreachable propositions: [0.000s CPU, 0.001s wall-clock]
Reordering and filtering variables...
25 of 25 variables necessary.
22 of 25 mutex groups necessary.
132 of 132 operators necessary.
0 of 0 axiom rules necessary.
Reordering and filtering variables: [0.016s CPU, 0.001s wall-clock]
Translator variables: 25
Translator derived variables: 0
Translator facts: 110
Translator goal facts: 2
Translator mutex groups: 22
Translator total mutex groups size: 88
Translator operators: 132
Translator axioms: 0
Translator task size: 1233
warning: could not determine peak memory
Writing output... [0.000s CPU, 0.010s wall-clock]
Done! [0.031s CPU, 0.030s wall-clock]
translate exit code: 0

INFO     Running search (release).
INFO     search stdin: output.sas
INFO     search time limit: None
INFO     search memory limit: None
INFO     search command line string: 'C:\Users\user\Desktop\theoria\.worktrees\p13\engine-rig\.toolchain\downward\builds\release\bin\downward.exe' --search 'astar(ipdb(pdb_max_size=8000000,collection_max_size=40000000,max_time=120,random_seed=1))' --internal-plan-file 'C:\Users\user\AppData\Local\Temp\e7verifypif36yu8\sas_plan' < output.sas
[t=0.000153s, 1956 KB] Search code revision: 7120aa0
[t=0.000253s, 1960 KB] reading input...
[t=0.001694s, 2236 KB] done reading input!
[t=0.003182s, 2804 KB] Initializing canonical PDB heuristic...
[t=0.003193s, 2804 KB] Generating patterns using: hill climbing pattern collection generator
[t=0.003276s, 2808 KB] Done calculating initial pattern collection: 0.000082s
[t=0.003285s, 2808 KB] Average operator cost: 1.000000
[t=0.003292s, 2808 KB] Building causal graph... done!
[t=0.004407s, 2892 KB] Done calculating initial candidate PDBs
[t=0.008160s, 3124 KB] found a better pattern with improvement 960
[t=0.015392s, 3320 KB] found a better pattern with improvement 748
[t=0.029435s, 5192 KB] found a better pattern with improvement 589
[t=0.048827s, 8732 KB] found a better pattern with improvement 933
[t=0.078331s, 15472 KB] found a better pattern with improvement 1000
[t=0.120841s, 28260 KB] found a better pattern with improvement 630
[t=0.182555s, 52460 KB] found a better pattern with improvement 867
[t=0.279216s, 97828 KB] found a better pattern with improvement 995
[t=0.439241s, 183224 KB] found a better pattern with improvement 948
[t=0.711350s, 343672 KB] found a better pattern with improvement 1000
[t=1.153339s, 642540 KB] Initial state is a dead end. Stop hill climbing.
[t=1.153366s, 642540 KB] Hill climbing iterations: 11
[t=1.153370s, 642540 KB] Hill climbing generated patterns: 231
[t=1.153372s, 642540 KB] Hill climbing rejected patterns: 0
[t=1.153374s, 642540 KB] Hill climbing maximum PDB size: 5451776
[t=1.153376s, 642540 KB] Hill climbing time: 1.150092s
[t=1.181998s, 642540 KB] hill climbing pattern collection generator number of patterns: 12
[t=1.182023s, 642540 KB] hill climbing pattern collection generator total PDB size: 5441656
[t=1.182028s, 642540 KB] hill climbing pattern collection generator computation time: 1.178798s
[t=1.182034s, 642540 KB] Running dominance pruning...
[t=1.182154s, 642540 KB] Pruned 10 of 11 pattern cliques
[t=1.182161s, 642540 KB] Pruned 11 of 12 PDBs
[t=1.182163s, 642540 KB] Dominance pruning took 0.000128s
[t=1.182639s, 642540 KB] Canonical PDB heuristic number of patterns: 1
[t=1.182647s, 642540 KB] Canonical PDB heuristic total PDB size: 2725888
[t=1.182650s, 642540 KB] Canonical PDB heuristic computation time: 1.179457s
[t=1.182926s, 642540 KB] Building successor generator... done!
[t=1.182985s, 642540 KB] peak memory difference for successor generator creation: 0 KB
[t=1.182987s, 642540 KB] time for successor generation creation: 0.000049s
[t=1.182993s, 642540 KB] Variables: 25
[t=1.182996s, 642540 KB] FactPairs: 110
[t=1.182998s, 642540 KB] Bytes per state: 8
[t=1.183007s, 642540 KB] Conducting best first search with reopening closed nodes, (real) bound = 2147483647
[t=1.183023s, 642540 KB] Initial state is a dead end.
[t=1.183025s, 642540 KB] Initial heuristic value for cpdbs: infinity
[t=1.183028s, 642540 KB] pruning method: none
[t=1.183032s, 642540 KB] Completely explored state space -- no solution!
[t=1.183034s, 642540 KB] Actual search time: 0.000005s
[t=1.183037s, 642540 KB] Expanded 0 state(s).
[t=1.183037s, 642540 KB] Reopened 0 state(s).
[t=1.183037s, 642540 KB] Evaluated 1 state(s).
[t=1.183037s, 642540 KB] Evaluations: 1
[t=1.183037s, 642540 KB] Generated 0 state(s).
[t=1.183037s, 642540 KB] Dead ends: 0 state(s).
[t=1.183037s, 642540 KB] Number of registered states: 1
[t=1.183037s, 642540 KB] Int hash set load factor: 1/1 = 1.000000
[t=1.183037s, 642540 KB] Int hash set resizes: 0
[t=1.183037s, 642540 KB] Search time: 0.000031s
[t=1.183037s, 642540 KB] Total time: 1.183037s
Search stopped without finding a solution.
Remove intermediate file output.sas
search exit code: 12

Driver aborting after search

