$ D:\Miniforge3\python.exe C:/Users/user/Desktop/theoria/.worktrees/p13/engine-rig/.toolchain/downward/fast-downward.py --plan-file C:\Users\user\AppData\Local\Temp\e7verify7surktw0\sas_plan C:\Users\user\Desktop\theoria\.worktrees\e7-deadlock-claim\engine-rig\fixtures\data\sokoban_domain.pddl C:\Users\user\Desktop\theoria\.worktrees\e7-deadlock-claim\engine-rig\runs\20260728T150713Z-E7-deadlock-claim-audit\attacks\work\a5\swap\swap-passage.pddl --search astar(cpdbs(patterns=manual_patterns([[23,24,22,8,6,21,19,1,13,20]])))

INFO     planner time limit: None
INFO     planner memory limit: None

INFO     Running translator.
INFO     translator stdin: None
INFO     translator time limit: None
INFO     translator memory limit: None
INFO     translator command line string: 'D:\Miniforge3\python.exe' -m translate 'C:\Users\user\Desktop\theoria\.worktrees\e7-deadlock-claim\engine-rig\fixtures\data\sokoban_domain.pddl' 'C:\Users\user\Desktop\theoria\.worktrees\e7-deadlock-claim\engine-rig\runs\20260728T150713Z-E7-deadlock-claim-audit\attacks\work\a5\swap\swap-passage.pddl' --sas-file output.sas
Warning! SIGXCPU is not available on your platform. This means that the planner cannot be gracefully terminated when using a time limit, which, however, is probably supported on your platform anyway.
Parsing...
Parsing: [0.000s CPU, 0.002s wall-clock]
Normalizing task... [0.000s CPU, 0.000s wall-clock]
Instantiating...
Generating Datalog program... [0.000s CPU, 0.000s wall-clock]
Normalizing Datalog program...
Normalizing Datalog program: [0.000s CPU, 0.001s wall-clock]
Preparing model... [0.000s CPU, 0.000s wall-clock]
Generated 20 rules.
Computing model... [0.000s CPU, 0.005s wall-clock]
597 relevant atoms
888 auxiliary atoms
1485 final queue length
1755 total queue pushes
Completing instantiation... [0.000s CPU, 0.002s wall-clock]
Instantiating: [0.000s CPU, 0.008s wall-clock]
Computing fact groups...
Finding invariants...
7 initial candidates
Finding invariants: [0.000s CPU, 0.001s wall-clock]
Checking invariant weight... [0.000s CPU, 0.000s wall-clock]
Instantiating groups... [0.000s CPU, 0.001s wall-clock]
Collecting mutex groups... [0.000s CPU, 0.000s wall-clock]
Choosing groups...
54 uncovered facts
Choosing groups: [0.000s CPU, 0.000s wall-clock]
Building translation key... [0.000s CPU, 0.000s wall-clock]
Computing fact groups: [0.016s CPU, 0.003s wall-clock]
Building STRIPS to SAS dictionary... [0.000s CPU, 0.000s wall-clock]
Building dictionary for full mutex groups... [0.000s CPU, 0.000s wall-clock]
Building mutex information...
Building mutex information: [0.000s CPU, 0.000s wall-clock]
Translating task...
Processing axioms...
Simplifying axioms... [0.000s CPU, 0.000s wall-clock]
Translator axioms removed by simplifying: 0
Processing axioms: [0.000s CPU, 0.000s wall-clock]
Translating task: [0.000s CPU, 0.002s wall-clock]
204 effect conditions simplified
0 implied preconditions added
Detecting unreachable propositions...
0 operators removed
0 axioms removed
67 propositions removed
Detecting unreachable propositions: [0.000s CPU, 0.001s wall-clock]
Reordering and filtering variables...
25 of 25 variables necessary.
22 of 25 mutex groups necessary.
132 of 132 operators necessary.
0 of 0 axiom rules necessary.
Reordering and filtering variables: [0.000s CPU, 0.001s wall-clock]
Translator variables: 25
Translator derived variables: 0
Translator facts: 110
Translator goal facts: 2
Translator mutex groups: 22
Translator total mutex groups size: 88
Translator operators: 132
Translator axioms: 0
Translator task size: 1233
warning: could not determine peak memory
Writing output... [0.000s CPU, 0.010s wall-clock]
Done! [0.016s CPU, 0.028s wall-clock]
translate exit code: 0

INFO     Running search (release).
INFO     search stdin: output.sas
INFO     search time limit: None
INFO     search memory limit: None
INFO     search command line string: 'C:\Users\user\Desktop\theoria\.worktrees\p13\engine-rig\.toolchain\downward\builds\release\bin\downward.exe' --search 'astar(cpdbs(patterns=manual_patterns([[23,24,22,8,6,21,19,1,13,20]])))' --internal-plan-file 'C:\Users\user\AppData\Local\Temp\e7verify7surktw0\sas_plan' < output.sas
[t=0.000148s, 1948 KB] Search code revision: 7120aa0
[t=0.000233s, 1960 KB] reading input...
[t=0.001619s, 2236 KB] done reading input!
[t=0.002895s, 2804 KB] Initializing canonical PDB heuristic...
[t=0.002904s, 2804 KB] Generating patterns using: manual pattern collection generator
[t=0.002925s, 2804 KB] Manual pattern collection: [[23, 24, 22, 8, 6, 21, 19, 1, 13, 20]]
[t=0.002933s, 2804 KB] manual pattern collection generator number of patterns: 1
[t=0.002936s, 2804 KB] manual pattern collection generator total PDB size: 1362944
[t=0.002939s, 2804 KB] manual pattern collection generator computation time: 8.8e-06s
[t=0.002945s, 2804 KB] Computing PDBs for pattern collection...
[t=0.013616s, 8432 KB] Done computing PDBs for pattern collection: 0.010682s
[t=0.013635s, 8432 KB] Computing pattern cliques for pattern collection...
[t=0.013656s, 8432 KB] Done computing pattern cliques for pattern collection: 0.000022s
[t=0.013664s, 8432 KB] Running dominance pruning...
[t=0.013668s, 8432 KB] Pruned 0 of 1 pattern cliques
[t=0.013670s, 8432 KB] Pruned 0 of 1 PDBs
[t=0.013672s, 8432 KB] Dominance pruning took 0.000008s
[t=0.013676s, 8432 KB] Canonical PDB heuristic number of patterns: 1
[t=0.013678s, 8432 KB] Canonical PDB heuristic total PDB size: 1362944
[t=0.013681s, 8432 KB] Canonical PDB heuristic computation time: 0.010781s
[t=0.013710s, 8432 KB] Building successor generator... done!
[t=0.013764s, 8432 KB] peak memory difference for successor generator creation: 0 KB
[t=0.013766s, 8432 KB] time for successor generation creation: 0.000046s
[t=0.013803s, 8432 KB] Variables: 25
[t=0.013807s, 8432 KB] FactPairs: 110
[t=0.013810s, 8432 KB] Bytes per state: 8
[t=0.013819s, 8432 KB] Conducting best first search with reopening closed nodes, (real) bound = 2147483647
[t=0.013848s, 8432 KB] New best heuristic value for cpdbs: 11
[t=0.013850s, 8432 KB] g=0, 1 evaluated, 0 expanded
[t=0.013853s, 8432 KB] f = 11, 1 evaluated, 0 expanded
[t=0.013858s, 8432 KB] Initial heuristic value for cpdbs: 11
[t=0.013861s, 8432 KB] pruning method: none
[t=0.013869s, 8432 KB] New best heuristic value for cpdbs: 10
[t=0.013871s, 8432 KB] g=1, 3 evaluated, 1 expanded
[t=0.013877s, 8432 KB] New best heuristic value for cpdbs: 9
[t=0.013883s, 8432 KB] g=2, 6 evaluated, 2 expanded
[t=0.013889s, 8432 KB] New best heuristic value for cpdbs: 8
[t=0.013892s, 8432 KB] g=3, 10 evaluated, 3 expanded
[t=0.013897s, 8432 KB] New best heuristic value for cpdbs: 7
[t=0.013899s, 8432 KB] g=4, 12 evaluated, 4 expanded
[t=0.013905s, 8432 KB] New best heuristic value for cpdbs: 6
[t=0.013907s, 8432 KB] g=5, 15 evaluated, 5 expanded
[t=0.013913s, 8432 KB] New best heuristic value for cpdbs: 5
[t=0.013916s, 8432 KB] g=6, 17 evaluated, 6 expanded
[t=0.013920s, 8432 KB] New best heuristic value for cpdbs: 4
[t=0.013922s, 8432 KB] g=7, 19 evaluated, 7 expanded
[t=0.013927s, 8432 KB] f = 13, 21 evaluated, 8 expanded
[t=0.013943s, 8432 KB] f = 15, 30 evaluated, 19 expanded
[t=0.013957s, 8432 KB] f = 17, 36 evaluated, 27 expanded
[t=0.013977s, 8432 KB] f = 19, 53 evaluated, 37 expanded
[t=0.013993s, 8432 KB] f = 21, 63 evaluated, 47 expanded
[t=0.014014s, 8432 KB] f = 23, 75 evaluated, 59 expanded
[t=0.014035s, 8432 KB] f = 25, 91 evaluated, 72 expanded
[t=0.014068s, 8432 KB] f = 27, 119 evaluated, 92 expanded
[t=0.014100s, 8432 KB] f = 29, 138 evaluated, 112 expanded
[t=0.014132s, 8432 KB] New best heuristic value for cpdbs: 3
[t=0.014136s, 8432 KB] g=26, 162 evaluated, 127 expanded
[t=0.014164s, 8432 KB] f = 31, 185 evaluated, 146 expanded
[t=0.014192s, 8432 KB] f = 33, 200 evaluated, 170 expanded
[t=0.014220s, 8432 KB] f = 35, 220 evaluated, 189 expanded
[t=0.014364s, 8432 KB] f = 37, 264 evaluated, 221 expanded
[t=0.014464s, 8432 KB] f = 39, 360 evaluated, 288 expanded
[t=0.014529s, 8432 KB] f = 41, 412 evaluated, 343 expanded
[t=0.014635s, 8432 KB] f = 43, 473 evaluated, 400 expanded
[t=0.014724s, 8432 KB] f = 45, 531 evaluated, 454 expanded
[t=0.014769s, 8432 KB] f = 47, 561 evaluated, 493 expanded
[t=0.014798s, 8432 KB] f = 49, 578 evaluated, 520 expanded
[t=0.014829s, 8432 KB] f = 51, 602 evaluated, 543 expanded
[t=0.014848s, 8432 KB] f = 53, 615 evaluated, 555 expanded
[t=0.014863s, 8432 KB] f = 55, 622 evaluated, 568 expanded
[t=0.014876s, 8432 KB] f = 57, 629 evaluated, 576 expanded
[t=0.014885s, 8432 KB] f = 59, 631 evaluated, 582 expanded
[t=0.014890s, 8432 KB] Completely explored state space -- no solution!
[t=0.014892s, 8432 KB] Actual search time: 0.001030s
[t=0.014895s, 8432 KB] Expanded 584 state(s).
[t=0.014895s, 8432 KB] Reopened 0 state(s).
[t=0.014895s, 8432 KB] Evaluated 631 state(s).
[t=0.014895s, 8432 KB] Evaluations: 631
[t=0.014895s, 8432 KB] Generated 1540 state(s).
[t=0.014895s, 8432 KB] Dead ends: 47 state(s).
[t=0.014895s, 8432 KB] Expanded until last jump: 582 state(s).
[t=0.014895s, 8432 KB] Reopened until last jump: 0 state(s).
[t=0.014895s, 8432 KB] Evaluated until last jump: 631 state(s).
[t=0.014895s, 8432 KB] Generated until last jump: 1536 state(s).
[t=0.014895s, 8432 KB] Number of registered states: 631
[t=0.014895s, 8432 KB] Int hash set load factor: 631/1024 = 0.616211
[t=0.014895s, 8432 KB] Int hash set resizes: 10
[t=0.014895s, 8432 KB] Search time: 0.001077s
[t=0.014895s, 8432 KB] Total time: 0.014895s
Search stopped without finding a solution.
Remove intermediate file output.sas
search exit code: 12

Driver aborting after search

