$ D:\Miniforge3\python.exe C:/Users/user/Desktop/theoria/.worktrees/p13/engine-rig/.toolchain/downward/fast-downward.py --plan-file C:\Users\user\AppData\Local\Temp\e7verifyvdzrjv7k\sas_plan C:\Users\user\Desktop\theoria\.worktrees\e7-deadlock-claim\engine-rig\runs\20260728T150713Z-E7-deadlock-claim-audit\attacks\work\a5\swap\singleton\sokoban_guarded_singleton_domain.pddl C:\Users\user\Desktop\theoria\.worktrees\e7-deadlock-claim\engine-rig\runs\20260728T150713Z-E7-deadlock-claim-audit\attacks\work\a5\swap\singleton\swap-passage_guarded_singleton.pddl --search astar(cpdbs(patterns=manual_patterns([[23,24,22,19,18,17,16,20,21,11]])))

INFO     planner time limit: None
INFO     planner memory limit: None

INFO     Running translator.
INFO     translator stdin: None
INFO     translator time limit: None
INFO     translator memory limit: None
INFO     translator command line string: 'D:\Miniforge3\python.exe' -m translate 'C:\Users\user\Desktop\theoria\.worktrees\e7-deadlock-claim\engine-rig\runs\20260728T150713Z-E7-deadlock-claim-audit\attacks\work\a5\swap\singleton\sokoban_guarded_singleton_domain.pddl' 'C:\Users\user\Desktop\theoria\.worktrees\e7-deadlock-claim\engine-rig\runs\20260728T150713Z-E7-deadlock-claim-audit\attacks\work\a5\swap\singleton\swap-passage_guarded_singleton.pddl' --sas-file output.sas
Warning! SIGXCPU is not available on your platform. This means that the planner cannot be gracefully terminated when using a time limit, which, however, is probably supported on your platform anyway.
Parsing...
Parsing: [0.000s CPU, 0.002s wall-clock]
Normalizing task... [0.000s CPU, 0.000s wall-clock]
Instantiating...
Generating Datalog program... [0.000s CPU, 0.000s wall-clock]
Normalizing Datalog program...
Normalizing Datalog program: [0.000s CPU, 0.001s wall-clock]
Preparing model... [0.000s CPU, 0.000s wall-clock]
Generated 20 rules.
Computing model... [0.016s CPU, 0.005s wall-clock]
613 relevant atoms
888 auxiliary atoms
1501 final queue length
1771 total queue pushes
Completing instantiation... [0.000s CPU, 0.002s wall-clock]
Instantiating: [0.016s CPU, 0.008s wall-clock]
Computing fact groups...
Finding invariants...
7 initial candidates
Finding invariants: [0.000s CPU, 0.001s wall-clock]
Checking invariant weight... [0.000s CPU, 0.000s wall-clock]
Instantiating groups... [0.000s CPU, 0.001s wall-clock]
Collecting mutex groups... [0.000s CPU, 0.000s wall-clock]
Choosing groups...
54 uncovered facts
Choosing groups: [0.000s CPU, 0.000s wall-clock]
Building translation key... [0.000s CPU, 0.000s wall-clock]
Computing fact groups: [0.000s CPU, 0.003s wall-clock]
Building STRIPS to SAS dictionary... [0.000s CPU, 0.000s wall-clock]
Building dictionary for full mutex groups... [0.000s CPU, 0.000s wall-clock]
Building mutex information...
Building mutex information: [0.000s CPU, 0.000s wall-clock]
Translating task...
Processing axioms...
Simplifying axioms... [0.000s CPU, 0.000s wall-clock]
Translator axioms removed by simplifying: 0
Processing axioms: [0.000s CPU, 0.000s wall-clock]
Translating task: [0.000s CPU, 0.002s wall-clock]
172 effect conditions simplified
0 implied preconditions added
Detecting unreachable propositions...
0 operators removed
0 axioms removed
83 propositions removed
Detecting unreachable propositions: [0.000s CPU, 0.001s wall-clock]
Reordering and filtering variables...
25 of 25 variables necessary.
22 of 25 mutex groups necessary.
116 of 116 operators necessary.
0 of 0 axiom rules necessary.
Reordering and filtering variables: [0.000s CPU, 0.001s wall-clock]
Translator variables: 25
Translator derived variables: 0
Translator facts: 94
Translator goal facts: 2
Translator mutex groups: 22
Translator total mutex groups size: 72
Translator operators: 116
Translator axioms: 0
Translator task size: 1057
warning: could not determine peak memory
Writing output... [0.000s CPU, 0.009s wall-clock]
Done! [0.016s CPU, 0.026s wall-clock]
translate exit code: 0

INFO     Running search (release).
INFO     search stdin: output.sas
INFO     search time limit: None
INFO     search memory limit: None
INFO     search command line string: 'C:\Users\user\Desktop\theoria\.worktrees\p13\engine-rig\.toolchain\downward\builds\release\bin\downward.exe' --search 'astar(cpdbs(patterns=manual_patterns([[23,24,22,19,18,17,16,20,21,11]])))' --internal-plan-file 'C:\Users\user\AppData\Local\Temp\e7verifyvdzrjv7k\sas_plan' < output.sas
[t=0.000145s, 1960 KB] Search code revision: 7120aa0
[t=0.000233s, 1960 KB] reading input...
[t=0.001472s, 2240 KB] done reading input!
[t=0.002836s, 2792 KB] Initializing canonical PDB heuristic...
[t=0.002846s, 2792 KB] Generating patterns using: manual pattern collection generator
[t=0.002850s, 2792 KB] Manual pattern collection: [[23, 24, 22, 19, 18, 17, 16, 20, 21, 11]]
[t=0.002861s, 2792 KB] manual pattern collection generator number of patterns: 1
[t=0.002866s, 2792 KB] manual pattern collection generator total PDB size: 551936
[t=0.002868s, 2792 KB] manual pattern collection generator computation time: 1e-05s
[t=0.002876s, 2792 KB] Computing PDBs for pattern collection...
[t=0.008580s, 5132 KB] Done computing PDBs for pattern collection: 0.005719s
[t=0.008606s, 5132 KB] Computing pattern cliques for pattern collection...
[t=0.008628s, 5132 KB] Done computing pattern cliques for pattern collection: 0.000024s
[t=0.008636s, 5132 KB] Running dominance pruning...
[t=0.008641s, 5132 KB] Pruned 0 of 1 pattern cliques
[t=0.008644s, 5132 KB] Pruned 0 of 1 PDBs
[t=0.008646s, 5132 KB] Dominance pruning took 0.000008s
[t=0.008650s, 5132 KB] Canonical PDB heuristic number of patterns: 1
[t=0.008653s, 5132 KB] Canonical PDB heuristic total PDB size: 551936
[t=0.008656s, 5132 KB] Canonical PDB heuristic computation time: 0.005814s
[t=0.008688s, 5132 KB] Building successor generator... done!
[t=0.008741s, 5132 KB] peak memory difference for successor generator creation: 0 KB
[t=0.008743s, 5132 KB] time for successor generation creation: 0.000045s
[t=0.008747s, 5132 KB] Variables: 25
[t=0.008750s, 5132 KB] FactPairs: 94
[t=0.008752s, 5132 KB] Bytes per state: 8
[t=0.008761s, 5132 KB] Conducting best first search with reopening closed nodes, (real) bound = 2147483647
[t=0.008799s, 5156 KB] New best heuristic value for cpdbs: 37
[t=0.008803s, 5156 KB] g=0, 1 evaluated, 0 expanded
[t=0.008805s, 5156 KB] f = 37, 1 evaluated, 0 expanded
[t=0.008811s, 5156 KB] Initial heuristic value for cpdbs: 37
[t=0.008815s, 5156 KB] pruning method: none
[t=0.008824s, 5156 KB] New best heuristic value for cpdbs: 36
[t=0.008828s, 5156 KB] g=1, 4 evaluated, 1 expanded
[t=0.008832s, 5156 KB] New best heuristic value for cpdbs: 35
[t=0.008834s, 5156 KB] g=2, 5 evaluated, 2 expanded
[t=0.008839s, 5156 KB] New best heuristic value for cpdbs: 34
[t=0.008842s, 5156 KB] g=3, 7 evaluated, 3 expanded
[t=0.008846s, 5156 KB] New best heuristic value for cpdbs: 33
[t=0.008847s, 5156 KB] g=4, 8 evaluated, 4 expanded
[t=0.008855s, 5156 KB] New best heuristic value for cpdbs: 32
[t=0.008858s, 5156 KB] g=5, 11 evaluated, 5 expanded
[t=0.008863s, 5156 KB] New best heuristic value for cpdbs: 31
[t=0.008865s, 5156 KB] g=6, 13 evaluated, 6 expanded
[t=0.008872s, 5156 KB] New best heuristic value for cpdbs: 30
[t=0.008876s, 5156 KB] g=7, 15 evaluated, 7 expanded
[t=0.008882s, 5156 KB] New best heuristic value for cpdbs: 29
[t=0.008883s, 5156 KB] g=8, 17 evaluated, 8 expanded
[t=0.008887s, 5156 KB] New best heuristic value for cpdbs: 28
[t=0.008889s, 5156 KB] g=9, 18 evaluated, 9 expanded
[t=0.008892s, 5156 KB] New best heuristic value for cpdbs: 27
[t=0.008894s, 5156 KB] g=10, 19 evaluated, 10 expanded
[t=0.008899s, 5156 KB] New best heuristic value for cpdbs: 26
[t=0.008901s, 5156 KB] g=11, 21 evaluated, 11 expanded
[t=0.008906s, 5156 KB] New best heuristic value for cpdbs: 25
[t=0.008908s, 5156 KB] g=12, 22 evaluated, 12 expanded
[t=0.008915s, 5156 KB] New best heuristic value for cpdbs: 24
[t=0.008918s, 5156 KB] g=13, 25 evaluated, 13 expanded
[t=0.008922s, 5156 KB] New best heuristic value for cpdbs: 23
[t=0.008925s, 5156 KB] g=14, 27 evaluated, 14 expanded
[t=0.008929s, 5156 KB] New best heuristic value for cpdbs: 22
[t=0.008932s, 5156 KB] g=15, 30 evaluated, 15 expanded
[t=0.008936s, 5156 KB] New best heuristic value for cpdbs: 21
[t=0.008938s, 5156 KB] g=16, 31 evaluated, 16 expanded
[t=0.008946s, 5156 KB] New best heuristic value for cpdbs: 20
[t=0.008949s, 5156 KB] g=17, 34 evaluated, 17 expanded
[t=0.008953s, 5156 KB] New best heuristic value for cpdbs: 19
[t=0.008957s, 5156 KB] g=18, 36 evaluated, 18 expanded
[t=0.008963s, 5156 KB] New best heuristic value for cpdbs: 18
[t=0.008966s, 5156 KB] g=19, 40 evaluated, 19 expanded
[t=0.008970s, 5156 KB] New best heuristic value for cpdbs: 17
[t=0.008972s, 5156 KB] g=20, 42 evaluated, 20 expanded
[t=0.008981s, 5268 KB] New best heuristic value for cpdbs: 16
[t=0.008983s, 5268 KB] g=21, 44 evaluated, 21 expanded
[t=0.008988s, 5268 KB] New best heuristic value for cpdbs: 15
[t=0.008991s, 5268 KB] g=22, 47 evaluated, 22 expanded
[t=0.008996s, 5268 KB] New best heuristic value for cpdbs: 14
[t=0.008999s, 5268 KB] g=23, 50 evaluated, 23 expanded
[t=0.009002s, 5268 KB] New best heuristic value for cpdbs: 13
[t=0.009007s, 5268 KB] g=24, 51 evaluated, 24 expanded
[t=0.009012s, 5268 KB] New best heuristic value for cpdbs: 12
[t=0.009015s, 5268 KB] g=25, 53 evaluated, 25 expanded
[t=0.009019s, 5268 KB] New best heuristic value for cpdbs: 11
[t=0.009021s, 5268 KB] g=26, 55 evaluated, 26 expanded
[t=0.009024s, 5268 KB] New best heuristic value for cpdbs: 10
[t=0.009026s, 5268 KB] g=27, 56 evaluated, 27 expanded
[t=0.009030s, 5268 KB] New best heuristic value for cpdbs: 9
[t=0.009033s, 5268 KB] g=28, 57 evaluated, 28 expanded
[t=0.009037s, 5268 KB] New best heuristic value for cpdbs: 8
[t=0.009039s, 5268 KB] g=29, 59 evaluated, 29 expanded
[t=0.009044s, 5268 KB] f = 39, 60 evaluated, 31 expanded
[t=0.009073s, 5268 KB] f = 41, 77 evaluated, 54 expanded
[t=0.009093s, 5268 KB] f = 43, 87 evaluated, 71 expanded
[t=0.009161s, 5268 KB] f = 45, 151 evaluated, 109 expanded
[t=0.009227s, 5268 KB] f = 47, 205 evaluated, 162 expanded
[t=0.009268s, 5268 KB] f = 49, 231 evaluated, 202 expanded
[t=0.009295s, 5268 KB] f = 51, 249 evaluated, 223 expanded
[t=0.009332s, 5268 KB] f = 53, 266 evaluated, 240 expanded
[t=0.009360s, 5268 KB] f = 55, 288 evaluated, 261 expanded
[t=0.009390s, 5268 KB] f = 57, 313 evaluated, 282 expanded
[t=0.009423s, 5268 KB] f = 59, 341 evaluated, 306 expanded
[t=0.009459s, 5268 KB] f = 61, 369 evaluated, 336 expanded
[t=0.009491s, 5268 KB] f = 63, 394 evaluated, 361 expanded
[t=0.009508s, 5268 KB] f = 65, 401 evaluated, 376 expanded
[t=0.009534s, 5268 KB] f = 67, 424 evaluated, 392 expanded
[t=0.009566s, 5268 KB] f = 69, 450 evaluated, 417 expanded
[t=0.009584s, 5268 KB] f = 71, 460 evaluated, 431 expanded
[t=0.009594s, 5268 KB] f = 73, 463 evaluated, 440 expanded
[t=0.009606s, 5268 KB] f = 75, 471 evaluated, 445 expanded
[t=0.009616s, 5268 KB] f = 77, 474 evaluated, 452 expanded
[t=0.009655s, 5268 KB] Completely explored state space -- no solution!
[t=0.009657s, 5268 KB] Actual search time: 0.000841s
[t=0.009660s, 5268 KB] Expanded 454 state(s).
[t=0.009660s, 5268 KB] Reopened 0 state(s).
[t=0.009660s, 5268 KB] Evaluated 474 state(s).
[t=0.009660s, 5268 KB] Evaluations: 474
[t=0.009660s, 5268 KB] Generated 1164 state(s).
[t=0.009660s, 5268 KB] Dead ends: 20 state(s).
[t=0.009660s, 5268 KB] Expanded until last jump: 452 state(s).
[t=0.009660s, 5268 KB] Reopened until last jump: 0 state(s).
[t=0.009660s, 5268 KB] Evaluated until last jump: 474 state(s).
[t=0.009660s, 5268 KB] Generated until last jump: 1160 state(s).
[t=0.009660s, 5268 KB] Number of registered states: 474
[t=0.009660s, 5268 KB] Int hash set load factor: 474/512 = 0.925781
[t=0.009660s, 5268 KB] Int hash set resizes: 9
[t=0.009660s, 5268 KB] Search time: 0.000900s
[t=0.009660s, 5268 KB] Total time: 0.009660s
Search stopped without finding a solution.
Remove intermediate file output.sas
search exit code: 12

Driver aborting after search

