$ D:\Miniforge3\python.exe C:/Users/user/Desktop/theoria/.worktrees/p13/engine-rig/.toolchain/downward/fast-downward.py --plan-file C:\Users\user\AppData\Local\Temp\e7verify_le7f2ca\sas_plan C:\Users\user\Desktop\theoria\.worktrees\e7-deadlock-claim\engine-rig\runs\20260728T150713Z-E7-deadlock-claim-audit\attacks\work\a5\swap\singleton\sokoban_guarded_singleton_domain.pddl C:\Users\user\Desktop\theoria\.worktrees\e7-deadlock-claim\engine-rig\runs\20260728T150713Z-E7-deadlock-claim-audit\attacks\work\a5\swap\singleton\swap-passage_guarded_singleton.pddl --search astar(cpdbs(patterns=manual_patterns([[23,24,22,19,18,17,16,6]])))

INFO     planner time limit: None
INFO     planner memory limit: None

INFO     Running translator.
INFO     translator stdin: None
INFO     translator time limit: None
INFO     translator memory limit: None
INFO     translator command line string: 'D:\Miniforge3\python.exe' -m translate 'C:\Users\user\Desktop\theoria\.worktrees\e7-deadlock-claim\engine-rig\runs\20260728T150713Z-E7-deadlock-claim-audit\attacks\work\a5\swap\singleton\sokoban_guarded_singleton_domain.pddl' 'C:\Users\user\Desktop\theoria\.worktrees\e7-deadlock-claim\engine-rig\runs\20260728T150713Z-E7-deadlock-claim-audit\attacks\work\a5\swap\singleton\swap-passage_guarded_singleton.pddl' --sas-file output.sas
Warning! SIGXCPU is not available on your platform. This means that the planner cannot be gracefully terminated when using a time limit, which, however, is probably supported on your platform anyway.
Parsing...
Parsing: [0.000s CPU, 0.002s wall-clock]
Normalizing task... [0.000s CPU, 0.000s wall-clock]
Instantiating...
Generating Datalog program... [0.000s CPU, 0.000s wall-clock]
Normalizing Datalog program...
Normalizing Datalog program: [0.000s CPU, 0.001s wall-clock]
Preparing model... [0.000s CPU, 0.000s wall-clock]
Generated 20 rules.
Computing model... [0.000s CPU, 0.005s wall-clock]
613 relevant atoms
888 auxiliary atoms
1501 final queue length
1771 total queue pushes
Completing instantiation... [0.000s CPU, 0.002s wall-clock]
Instantiating: [0.000s CPU, 0.008s wall-clock]
Computing fact groups...
Finding invariants...
7 initial candidates
Finding invariants: [0.000s CPU, 0.001s wall-clock]
Checking invariant weight... [0.000s CPU, 0.000s wall-clock]
Instantiating groups... [0.000s CPU, 0.001s wall-clock]
Collecting mutex groups... [0.000s CPU, 0.000s wall-clock]
Choosing groups...
54 uncovered facts
Choosing groups: [0.000s CPU, 0.000s wall-clock]
Building translation key... [0.000s CPU, 0.000s wall-clock]
Computing fact groups: [0.000s CPU, 0.003s wall-clock]
Building STRIPS to SAS dictionary... [0.000s CPU, 0.000s wall-clock]
Building dictionary for full mutex groups... [0.000s CPU, 0.000s wall-clock]
Building mutex information...
Building mutex information: [0.000s CPU, 0.000s wall-clock]
Translating task...
Processing axioms...
Simplifying axioms... [0.000s CPU, 0.000s wall-clock]
Translator axioms removed by simplifying: 0
Processing axioms: [0.000s CPU, 0.000s wall-clock]
Translating task: [0.016s CPU, 0.002s wall-clock]
172 effect conditions simplified
0 implied preconditions added
Detecting unreachable propositions...
0 operators removed
0 axioms removed
83 propositions removed
Detecting unreachable propositions: [0.000s CPU, 0.001s wall-clock]
Reordering and filtering variables...
25 of 25 variables necessary.
22 of 25 mutex groups necessary.
116 of 116 operators necessary.
0 of 0 axiom rules necessary.
Reordering and filtering variables: [0.000s CPU, 0.001s wall-clock]
Translator variables: 25
Translator derived variables: 0
Translator facts: 94
Translator goal facts: 2
Translator mutex groups: 22
Translator total mutex groups size: 72
Translator operators: 116
Translator axioms: 0
Translator task size: 1057
warning: could not determine peak memory
Writing output... [0.000s CPU, 0.009s wall-clock]
Done! [0.016s CPU, 0.026s wall-clock]
translate exit code: 0

INFO     Running search (release).
INFO     search stdin: output.sas
INFO     search time limit: None
INFO     search memory limit: None
INFO     search command line string: 'C:\Users\user\Desktop\theoria\.worktrees\p13\engine-rig\.toolchain\downward\builds\release\bin\downward.exe' --search 'astar(cpdbs(patterns=manual_patterns([[23,24,22,19,18,17,16,6]])))' --internal-plan-file 'C:\Users\user\AppData\Local\Temp\e7verify_le7f2ca\sas_plan' < output.sas
[t=0.000164s, 1960 KB] Search code revision: 7120aa0
[t=0.000251s, 1960 KB] reading input...
[t=0.001484s, 2216 KB] done reading input!
[t=0.002796s, 2828 KB] Initializing canonical PDB heuristic...
[t=0.002806s, 2828 KB] Generating patterns using: manual pattern collection generator
[t=0.002811s, 2828 KB] Manual pattern collection: [[23, 24, 22, 19, 18, 17, 16, 6]]
[t=0.002821s, 2828 KB] manual pattern collection generator number of patterns: 1
[t=0.002824s, 2828 KB] manual pattern collection generator total PDB size: 137984
[t=0.002828s, 2828 KB] manual pattern collection generator computation time: 9.9e-06s
[t=0.002834s, 2828 KB] Computing PDBs for pattern collection...
[t=0.005449s, 3548 KB] Done computing PDBs for pattern collection: 0.002630s
[t=0.005474s, 3548 KB] Computing pattern cliques for pattern collection...
[t=0.005497s, 3548 KB] Done computing pattern cliques for pattern collection: 0.000025s
[t=0.005505s, 3548 KB] Running dominance pruning...
[t=0.005509s, 3548 KB] Pruned 0 of 1 pattern cliques
[t=0.005512s, 3548 KB] Pruned 0 of 1 PDBs
[t=0.005514s, 3548 KB] Dominance pruning took 0.000008s
[t=0.005518s, 3548 KB] Canonical PDB heuristic number of patterns: 1
[t=0.005520s, 3548 KB] Canonical PDB heuristic total PDB size: 137984
[t=0.005523s, 3548 KB] Canonical PDB heuristic computation time: 0.002722s
[t=0.005554s, 3548 KB] Building successor generator... done!
[t=0.005603s, 3548 KB] peak memory difference for successor generator creation: 0 KB
[t=0.005605s, 3548 KB] time for successor generation creation: 0.000042s
[t=0.005610s, 3548 KB] Variables: 25
[t=0.005613s, 3548 KB] FactPairs: 94
[t=0.005615s, 3548 KB] Bytes per state: 8
[t=0.005624s, 3548 KB] Conducting best first search with reopening closed nodes, (real) bound = 2147483647
[t=0.005653s, 3680 KB] New best heuristic value for cpdbs: 15
[t=0.005658s, 3680 KB] g=0, 1 evaluated, 0 expanded
[t=0.005660s, 3680 KB] f = 15, 1 evaluated, 0 expanded
[t=0.005666s, 3680 KB] Initial heuristic value for cpdbs: 15
[t=0.005671s, 3680 KB] pruning method: none
[t=0.005678s, 3680 KB] New best heuristic value for cpdbs: 14
[t=0.005682s, 3680 KB] g=1, 2 evaluated, 1 expanded
[t=0.005692s, 3680 KB] f = 17, 7 evaluated, 3 expanded
[t=0.005703s, 3680 KB] New best heuristic value for cpdbs: 13
[t=0.005705s, 3680 KB] g=4, 11 evaluated, 6 expanded
[t=0.005711s, 3680 KB] New best heuristic value for cpdbs: 12
[t=0.005714s, 3680 KB] g=5, 14 evaluated, 7 expanded
[t=0.005720s, 3680 KB] New best heuristic value for cpdbs: 11
[t=0.005722s, 3680 KB] g=6, 16 evaluated, 8 expanded
[t=0.005729s, 3680 KB] New best heuristic value for cpdbs: 10
[t=0.005733s, 3680 KB] g=7, 18 evaluated, 9 expanded
[t=0.005737s, 3680 KB] New best heuristic value for cpdbs: 9
[t=0.005740s, 3680 KB] g=8, 20 evaluated, 10 expanded
[t=0.005744s, 3680 KB] New best heuristic value for cpdbs: 8
[t=0.005746s, 3680 KB] g=9, 21 evaluated, 11 expanded
[t=0.005751s, 3680 KB] New best heuristic value for cpdbs: 7
[t=0.005754s, 3680 KB] g=10, 23 evaluated, 12 expanded
[t=0.005760s, 3680 KB] New best heuristic value for cpdbs: 6
[t=0.005763s, 3680 KB] g=11, 27 evaluated, 13 expanded
[t=0.005771s, 3680 KB] f = 19, 31 evaluated, 16 expanded
[t=0.005791s, 3680 KB] f = 21, 41 evaluated, 28 expanded
[t=0.005827s, 3680 KB] f = 23, 66 evaluated, 46 expanded
[t=0.005855s, 3680 KB] f = 25, 84 evaluated, 65 expanded
[t=0.005885s, 3680 KB] f = 27, 105 evaluated, 85 expanded
[t=0.005922s, 3680 KB] f = 29, 130 evaluated, 105 expanded
[t=0.005963s, 3680 KB] f = 31, 154 evaluated, 125 expanded
[t=0.006034s, 3680 KB] f = 33, 219 evaluated, 168 expanded
[t=0.006133s, 3680 KB] f = 35, 291 evaluated, 230 expanded
[t=0.006141s, 3680 KB] New best heuristic value for cpdbs: 5
[t=0.006143s, 3680 KB] g=30, 296 evaluated, 232 expanded
[t=0.006148s, 3680 KB] New best heuristic value for cpdbs: 4
[t=0.006150s, 3680 KB] g=31, 299 evaluated, 233 expanded
[t=0.006242s, 3680 KB] f = 37, 384 evaluated, 311 expanded
[t=0.006315s, 3680 KB] f = 39, 440 evaluated, 382 expanded
[t=0.006380s, 3680 KB] f = 41, 493 evaluated, 438 expanded
[t=0.006438s, 3680 KB] f = 43, 517 evaluated, 476 expanded
[t=0.006488s, 3680 KB] f = 45, 550 evaluated, 511 expanded
[t=0.006511s, 3680 KB] f = 47, 564 evaluated, 531 expanded
[t=0.006522s, 3680 KB] f = 49, 566 evaluated, 540 expanded
[t=0.006527s, 3680 KB] Completely explored state space -- no solution!
[t=0.006529s, 3680 KB] Actual search time: 0.000857s
[t=0.006532s, 3680 KB] Expanded 542 state(s).
[t=0.006532s, 3680 KB] Reopened 0 state(s).
[t=0.006532s, 3680 KB] Evaluated 566 state(s).
[t=0.006532s, 3680 KB] Evaluations: 566
[t=0.006532s, 3680 KB] Generated 1404 state(s).
[t=0.006532s, 3680 KB] Dead ends: 24 state(s).
[t=0.006532s, 3680 KB] Expanded until last jump: 540 state(s).
[t=0.006532s, 3680 KB] Reopened until last jump: 0 state(s).
[t=0.006532s, 3680 KB] Evaluated until last jump: 566 state(s).
[t=0.006532s, 3680 KB] Generated until last jump: 1400 state(s).
[t=0.006532s, 3680 KB] Number of registered states: 566
[t=0.006532s, 3680 KB] Int hash set load factor: 566/1024 = 0.552734
[t=0.006532s, 3680 KB] Int hash set resizes: 10
[t=0.006532s, 3680 KB] Search time: 0.000909s
[t=0.006532s, 3680 KB] Total time: 0.006532s
Search stopped without finding a solution.
Remove intermediate file output.sas
search exit code: 12

Driver aborting after search

