$ D:\Miniforge3\python.exe C:/Users/user/Desktop/theoria/.worktrees/p13/engine-rig/.toolchain/downward/fast-downward.py --plan-file C:\Users\user\AppData\Local\Temp\e7verify78t20_oq\sas_plan C:\Users\user\Desktop\theoria\.worktrees\e7-deadlock-claim\engine-rig\runs\20260728T150713Z-E7-deadlock-claim-audit\attacks\work\a5\swap\singleton\sokoban_guarded_singleton_domain.pddl C:\Users\user\Desktop\theoria\.worktrees\e7-deadlock-claim\engine-rig\runs\20260728T150713Z-E7-deadlock-claim-audit\attacks\work\a5\swap\singleton\swap-passage_guarded_singleton.pddl --search astar(cpdbs(patterns=manual_patterns([[23]])))

INFO     planner time limit: None
INFO     planner memory limit: None

INFO     Running translator.
INFO     translator stdin: None
INFO     translator time limit: None
INFO     translator memory limit: None
INFO     translator command line string: 'D:\Miniforge3\python.exe' -m translate 'C:\Users\user\Desktop\theoria\.worktrees\e7-deadlock-claim\engine-rig\runs\20260728T150713Z-E7-deadlock-claim-audit\attacks\work\a5\swap\singleton\sokoban_guarded_singleton_domain.pddl' 'C:\Users\user\Desktop\theoria\.worktrees\e7-deadlock-claim\engine-rig\runs\20260728T150713Z-E7-deadlock-claim-audit\attacks\work\a5\swap\singleton\swap-passage_guarded_singleton.pddl' --sas-file output.sas
Warning! SIGXCPU is not available on your platform. This means that the planner cannot be gracefully terminated when using a time limit, which, however, is probably supported on your platform anyway.
Parsing...
Parsing: [0.016s CPU, 0.002s wall-clock]
Normalizing task... [0.000s CPU, 0.000s wall-clock]
Instantiating...
Generating Datalog program... [0.000s CPU, 0.000s wall-clock]
Normalizing Datalog program...
Normalizing Datalog program: [0.000s CPU, 0.001s wall-clock]
Preparing model... [0.000s CPU, 0.000s wall-clock]
Generated 20 rules.
Computing model... [0.000s CPU, 0.005s wall-clock]
613 relevant atoms
888 auxiliary atoms
1501 final queue length
1771 total queue pushes
Completing instantiation... [0.000s CPU, 0.002s wall-clock]
Instantiating: [0.000s CPU, 0.008s wall-clock]
Computing fact groups...
Finding invariants...
7 initial candidates
Finding invariants: [0.000s CPU, 0.001s wall-clock]
Checking invariant weight... [0.000s CPU, 0.000s wall-clock]
Instantiating groups... [0.000s CPU, 0.001s wall-clock]
Collecting mutex groups... [0.000s CPU, 0.000s wall-clock]
Choosing groups...
54 uncovered facts
Choosing groups: [0.000s CPU, 0.000s wall-clock]
Building translation key... [0.000s CPU, 0.000s wall-clock]
Computing fact groups: [0.000s CPU, 0.003s wall-clock]
Building STRIPS to SAS dictionary... [0.000s CPU, 0.000s wall-clock]
Building dictionary for full mutex groups... [0.000s CPU, 0.000s wall-clock]
Building mutex information...
Building mutex information: [0.000s CPU, 0.000s wall-clock]
Translating task...
Processing axioms...
Simplifying axioms... [0.000s CPU, 0.000s wall-clock]
Translator axioms removed by simplifying: 0
Processing axioms: [0.000s CPU, 0.000s wall-clock]
Translating task: [0.000s CPU, 0.002s wall-clock]
172 effect conditions simplified
0 implied preconditions added
Detecting unreachable propositions...
0 operators removed
0 axioms removed
83 propositions removed
Detecting unreachable propositions: [0.000s CPU, 0.001s wall-clock]
Reordering and filtering variables...
25 of 25 variables necessary.
22 of 25 mutex groups necessary.
116 of 116 operators necessary.
0 of 0 axiom rules necessary.
Reordering and filtering variables: [0.016s CPU, 0.001s wall-clock]
Translator variables: 25
Translator derived variables: 0
Translator facts: 94
Translator goal facts: 2
Translator mutex groups: 22
Translator total mutex groups size: 72
Translator operators: 116
Translator axioms: 0
Translator task size: 1057
warning: could not determine peak memory
Writing output... [0.000s CPU, 0.010s wall-clock]
Done! [0.031s CPU, 0.026s wall-clock]
translate exit code: 0

INFO     Running search (release).
INFO     search stdin: output.sas
INFO     search time limit: None
INFO     search memory limit: None
INFO     search command line string: 'C:\Users\user\Desktop\theoria\.worktrees\p13\engine-rig\.toolchain\downward\builds\release\bin\downward.exe' --search 'astar(cpdbs(patterns=manual_patterns([[23]])))' --internal-plan-file 'C:\Users\user\AppData\Local\Temp\e7verify78t20_oq\sas_plan' < output.sas
[t=0.000609s, 2328 KB] Search code revision: 7120aa0
[t=0.000711s, 2328 KB] reading input...
[t=0.001975s, 2404 KB] done reading input!
[t=0.031120s, 2784 KB] Initializing canonical PDB heuristic...
[t=0.031138s, 2784 KB] Generating patterns using: manual pattern collection generator
[t=0.031143s, 2784 KB] Manual pattern collection: [[23]]
[t=0.031152s, 2784 KB] manual pattern collection generator number of patterns: 1
[t=0.031157s, 2784 KB] manual pattern collection generator total PDB size: 14
[t=0.031159s, 2784 KB] manual pattern collection generator computation time: 9.4e-06s
[t=0.031197s, 2784 KB] Computing PDBs for pattern collection...
[t=0.031275s, 2784 KB] Done computing PDBs for pattern collection: 0.000081s
[t=0.031281s, 2784 KB] Computing pattern cliques for pattern collection...
[t=0.031293s, 2784 KB] Done computing pattern cliques for pattern collection: 0.000014s
[t=0.031299s, 2784 KB] Running dominance pruning...
[t=0.031303s, 2784 KB] Pruned 0 of 1 pattern cliques
[t=0.031307s, 2784 KB] Pruned 0 of 1 PDBs
[t=0.031310s, 2784 KB] Dominance pruning took 0.000010s
[t=0.031313s, 2784 KB] Canonical PDB heuristic number of patterns: 1
[t=0.031316s, 2784 KB] Canonical PDB heuristic total PDB size: 14
[t=0.031318s, 2784 KB] Canonical PDB heuristic computation time: 0.000195s
[t=0.031389s, 2784 KB] Building successor generator... done!
[t=0.031528s, 2808 KB] peak memory difference for successor generator creation: 24 KB
[t=0.031532s, 2808 KB] time for successor generation creation: 0.000121s
[t=0.031538s, 2808 KB] Variables: 25
[t=0.031541s, 2808 KB] FactPairs: 94
[t=0.031544s, 2808 KB] Bytes per state: 8
[t=0.031668s, 2808 KB] Conducting best first search with reopening closed nodes, (real) bound = 2147483647
[t=0.031699s, 2832 KB] New best heuristic value for cpdbs: 2
[t=0.031703s, 2832 KB] g=0, 1 evaluated, 0 expanded
[t=0.031706s, 2832 KB] f = 2, 1 evaluated, 0 expanded
[t=0.031717s, 2844 KB] Initial heuristic value for cpdbs: 2
[t=0.031721s, 2844 KB] pruning method: none
[t=0.031731s, 2844 KB] f = 3, 4 evaluated, 1 expanded
[t=0.031741s, 2844 KB] f = 4, 8 evaluated, 4 expanded
[t=0.031752s, 2844 KB] f = 5, 15 evaluated, 8 expanded
[t=0.031764s, 2844 KB] f = 6, 22 evaluated, 15 expanded
[t=0.031780s, 2844 KB] f = 7, 35 evaluated, 21 expanded
[t=0.031799s, 2844 KB] f = 8, 48 evaluated, 34 expanded
[t=0.031817s, 2844 KB] f = 9, 64 evaluated, 46 expanded
[t=0.031837s, 2844 KB] New best heuristic value for cpdbs: 1
[t=0.031841s, 2844 KB] g=8, 77 evaluated, 56 expanded
[t=0.031888s, 2844 KB] New best heuristic value for cpdbs: 0
[t=0.031892s, 2844 KB] g=9, 81 evaluated, 57 expanded
[t=0.031903s, 2844 KB] f = 10, 88 evaluated, 64 expanded
[t=0.031931s, 2844 KB] f = 11, 113 evaluated, 84 expanded
[t=0.031970s, 2844 KB] f = 12, 138 evaluated, 111 expanded
[t=0.031996s, 2844 KB] f = 13, 158 evaluated, 130 expanded
[t=0.032030s, 2844 KB] f = 14, 186 evaluated, 152 expanded
[t=0.032064s, 2844 KB] f = 15, 217 evaluated, 177 expanded
[t=0.032106s, 2844 KB] f = 16, 254 evaluated, 210 expanded
[t=0.032162s, 2852 KB] f = 17, 286 evaluated, 244 expanded
[t=0.032208s, 2852 KB] f = 18, 327 evaluated, 280 expanded
[t=0.032251s, 2852 KB] f = 19, 366 evaluated, 316 expanded
[t=0.032302s, 2852 KB] f = 20, 409 evaluated, 358 expanded
[t=0.032349s, 2852 KB] f = 21, 450 evaluated, 396 expanded
[t=0.032408s, 2852 KB] f = 22, 506 evaluated, 441 expanded
[t=0.032489s, 2864 KB] f = 23, 555 evaluated, 490 expanded
[t=0.032556s, 2864 KB] f = 24, 617 evaluated, 544 expanded
[t=0.032628s, 2864 KB] f = 25, 687 evaluated, 604 expanded
[t=0.032729s, 2864 KB] f = 26, 793 evaluated, 683 expanded
[t=0.032823s, 2864 KB] f = 27, 880 evaluated, 772 expanded
[t=0.032967s, 2884 KB] f = 28, 982 evaluated, 868 expanded
[t=0.033074s, 2896 KB] f = 29, 1077 evaluated, 961 expanded
[t=0.033188s, 2896 KB] f = 30, 1180 evaluated, 1066 expanded
[t=0.033285s, 2896 KB] f = 31, 1269 evaluated, 1153 expanded
[t=0.033391s, 2896 KB] f = 32, 1368 evaluated, 1251 expanded
[t=0.033478s, 2896 KB] f = 33, 1441 evaluated, 1337 expanded
[t=0.033548s, 2896 KB] f = 34, 1495 evaluated, 1412 expanded
[t=0.033597s, 2896 KB] f = 35, 1531 evaluated, 1461 expanded
[t=0.033660s, 2896 KB] f = 36, 1553 evaluated, 1498 expanded
[t=0.033691s, 2896 KB] f = 37, 1561 evaluated, 1519 expanded
[t=0.033704s, 2896 KB] f = 38, 1564 evaluated, 1527 expanded
[t=0.033709s, 2896 KB] f = 39, 1565 evaluated, 1529 expanded
[t=0.033715s, 2896 KB] f = 40, 1569 evaluated, 1531 expanded
[t=0.033724s, 2896 KB] f = 41, 1574 evaluated, 1535 expanded
[t=0.033733s, 2896 KB] f = 42, 1579 evaluated, 1540 expanded
[t=0.033741s, 2896 KB] f = 43, 1583 evaluated, 1545 expanded
[t=0.033751s, 2896 KB] f = 44, 1589 evaluated, 1549 expanded
[t=0.033760s, 2896 KB] f = 45, 1594 evaluated, 1555 expanded
[t=0.033770s, 2896 KB] f = 46, 1598 evaluated, 1560 expanded
[t=0.033777s, 2896 KB] f = 47, 1601 evaluated, 1564 expanded
[t=0.033784s, 2896 KB] f = 48, 1603 evaluated, 1567 expanded
[t=0.033788s, 2896 KB] f = 49, 1604 evaluated, 1569 expanded
[t=0.033791s, 2896 KB] Completely explored state space -- no solution!
[t=0.033794s, 2896 KB] Actual search time: 0.002072s
[t=0.033798s, 2896 KB] Expanded 1570 state(s).
[t=0.033798s, 2896 KB] Reopened 0 state(s).
[t=0.033798s, 2896 KB] Evaluated 1604 state(s).
[t=0.033798s, 2896 KB] Evaluations: 1604
[t=0.033798s, 2896 KB] Generated 4068 state(s).
[t=0.033798s, 2896 KB] Dead ends: 34 state(s).
[t=0.033798s, 2896 KB] Expanded until last jump: 1569 state(s).
[t=0.033798s, 2896 KB] Reopened until last jump: 0 state(s).
[t=0.033798s, 2896 KB] Evaluated until last jump: 1604 state(s).
[t=0.033798s, 2896 KB] Generated until last jump: 4066 state(s).
[t=0.033798s, 2896 KB] Number of registered states: 1604
[t=0.033798s, 2896 KB] Int hash set load factor: 1604/2048 = 0.783203
[t=0.033798s, 2896 KB] Int hash set resizes: 11
[t=0.033798s, 2896 KB] Search time: 0.002180s
[t=0.033798s, 2896 KB] Total time: 0.033798s
Search stopped without finding a solution.
Remove intermediate file output.sas
search exit code: 12

Driver aborting after search

