$ D:\Miniforge3\python.exe C:/Users/user/Desktop/theoria/.worktrees/p13/engine-rig/.toolchain/downward/fast-downward.py --plan-file C:\Users\user\AppData\Local\Temp\e7verify7i_ph1t7\sas_plan C:\Users\user\Desktop\theoria\.worktrees\e7-deadlock-claim\engine-rig\fixtures\data\sokoban_domain.pddl C:\Users\user\Desktop\theoria\.worktrees\e7-deadlock-claim\engine-rig\runs\20260728T150713Z-E7-deadlock-claim-audit\attacks\work\a5\swap\swap-passage.pddl --search astar(cpdbs(patterns=manual_patterns([[23,24,22,1,6,3,2,12,10,18]])))

INFO     planner time limit: None
INFO     planner memory limit: None

INFO     Running translator.
INFO     translator stdin: None
INFO     translator time limit: None
INFO     translator memory limit: None
INFO     translator command line string: 'D:\Miniforge3\python.exe' -m translate 'C:\Users\user\Desktop\theoria\.worktrees\e7-deadlock-claim\engine-rig\fixtures\data\sokoban_domain.pddl' 'C:\Users\user\Desktop\theoria\.worktrees\e7-deadlock-claim\engine-rig\runs\20260728T150713Z-E7-deadlock-claim-audit\attacks\work\a5\swap\swap-passage.pddl' --sas-file output.sas
Warning! SIGXCPU is not available on your platform. This means that the planner cannot be gracefully terminated when using a time limit, which, however, is probably supported on your platform anyway.
Parsing...
Parsing: [0.000s CPU, 0.002s wall-clock]
Normalizing task... [0.000s CPU, 0.000s wall-clock]
Instantiating...
Generating Datalog program... [0.000s CPU, 0.000s wall-clock]
Normalizing Datalog program...
Normalizing Datalog program: [0.000s CPU, 0.001s wall-clock]
Preparing model... [0.000s CPU, 0.000s wall-clock]
Generated 20 rules.
Computing model... [0.016s CPU, 0.005s wall-clock]
597 relevant atoms
888 auxiliary atoms
1485 final queue length
1755 total queue pushes
Completing instantiation... [0.000s CPU, 0.002s wall-clock]
Instantiating: [0.016s CPU, 0.009s wall-clock]
Computing fact groups...
Finding invariants...
7 initial candidates
Finding invariants: [0.000s CPU, 0.001s wall-clock]
Checking invariant weight... [0.000s CPU, 0.000s wall-clock]
Instantiating groups... [0.000s CPU, 0.001s wall-clock]
Collecting mutex groups... [0.000s CPU, 0.000s wall-clock]
Choosing groups...
54 uncovered facts
Choosing groups: [0.000s CPU, 0.000s wall-clock]
Building translation key... [0.000s CPU, 0.000s wall-clock]
Computing fact groups: [0.000s CPU, 0.003s wall-clock]
Building STRIPS to SAS dictionary... [0.000s CPU, 0.000s wall-clock]
Building dictionary for full mutex groups... [0.000s CPU, 0.000s wall-clock]
Building mutex information...
Building mutex information: [0.000s CPU, 0.000s wall-clock]
Translating task...
Processing axioms...
Simplifying axioms... [0.000s CPU, 0.000s wall-clock]
Translator axioms removed by simplifying: 0
Processing axioms: [0.000s CPU, 0.000s wall-clock]
Translating task: [0.000s CPU, 0.002s wall-clock]
204 effect conditions simplified
0 implied preconditions added
Detecting unreachable propositions...
0 operators removed
0 axioms removed
67 propositions removed
Detecting unreachable propositions: [0.000s CPU, 0.001s wall-clock]
Reordering and filtering variables...
25 of 25 variables necessary.
22 of 25 mutex groups necessary.
132 of 132 operators necessary.
0 of 0 axiom rules necessary.
Reordering and filtering variables: [0.000s CPU, 0.001s wall-clock]
Translator variables: 25
Translator derived variables: 0
Translator facts: 110
Translator goal facts: 2
Translator mutex groups: 22
Translator total mutex groups size: 88
Translator operators: 132
Translator axioms: 0
Translator task size: 1233
warning: could not determine peak memory
Writing output... [0.000s CPU, 0.028s wall-clock]
Done! [0.016s CPU, 0.046s wall-clock]
translate exit code: 0

INFO     Running search (release).
INFO     search stdin: output.sas
INFO     search time limit: None
INFO     search memory limit: None
INFO     search command line string: 'C:\Users\user\Desktop\theoria\.worktrees\p13\engine-rig\.toolchain\downward\builds\release\bin\downward.exe' --search 'astar(cpdbs(patterns=manual_patterns([[23,24,22,1,6,3,2,12,10,18]])))' --internal-plan-file 'C:\Users\user\AppData\Local\Temp\e7verify7i_ph1t7\sas_plan' < output.sas
[t=0.000139s, 1956 KB] Search code revision: 7120aa0
[t=0.000225s, 1968 KB] reading input...
[t=0.001611s, 2256 KB] done reading input!
[t=0.002871s, 2832 KB] Initializing canonical PDB heuristic...
[t=0.002881s, 2832 KB] Generating patterns using: manual pattern collection generator
[t=0.002885s, 2832 KB] Manual pattern collection: [[23, 24, 22, 1, 6, 3, 2, 12, 10, 18]]
[t=0.002894s, 2832 KB] manual pattern collection generator number of patterns: 1
[t=0.002897s, 2832 KB] manual pattern collection generator total PDB size: 1362944
[t=0.002900s, 2832 KB] manual pattern collection generator computation time: 8.7e-06s
[t=0.002906s, 2832 KB] Computing PDBs for pattern collection...
[t=0.022158s, 8828 KB] Done computing PDBs for pattern collection: 0.019260s
[t=0.022176s, 8828 KB] Computing pattern cliques for pattern collection...
[t=0.022197s, 8828 KB] Done computing pattern cliques for pattern collection: 0.000022s
[t=0.022202s, 8828 KB] Running dominance pruning...
[t=0.022207s, 8828 KB] Pruned 0 of 1 pattern cliques
[t=0.022210s, 8828 KB] Pruned 0 of 1 PDBs
[t=0.022212s, 8828 KB] Dominance pruning took 0.000009s
[t=0.022216s, 8828 KB] Canonical PDB heuristic number of patterns: 1
[t=0.022219s, 8828 KB] Canonical PDB heuristic total PDB size: 1362944
[t=0.022221s, 8828 KB] Canonical PDB heuristic computation time: 0.019345s
[t=0.022251s, 8828 KB] Building successor generator... done!
[t=0.022308s, 8828 KB] peak memory difference for successor generator creation: 0 KB
[t=0.022311s, 8828 KB] time for successor generation creation: 0.000049s
[t=0.022316s, 8828 KB] Variables: 25
[t=0.022319s, 8828 KB] FactPairs: 110
[t=0.022336s, 8828 KB] Bytes per state: 8
[t=0.022346s, 8828 KB] Conducting best first search with reopening closed nodes, (real) bound = 2147483647
[t=0.022373s, 8828 KB] New best heuristic value for cpdbs: 9
[t=0.022377s, 8828 KB] g=0, 1 evaluated, 0 expanded
[t=0.022380s, 8828 KB] f = 9, 1 evaluated, 0 expanded
[t=0.022386s, 8828 KB] Initial heuristic value for cpdbs: 9
[t=0.022390s, 8828 KB] pruning method: none
[t=0.022399s, 8828 KB] New best heuristic value for cpdbs: 8
[t=0.022403s, 8828 KB] g=1, 3 evaluated, 1 expanded
[t=0.022409s, 8828 KB] New best heuristic value for cpdbs: 7
[t=0.022411s, 8828 KB] g=2, 6 evaluated, 2 expanded
[t=0.022419s, 8828 KB] New best heuristic value for cpdbs: 6
[t=0.022423s, 8828 KB] g=3, 10 evaluated, 3 expanded
[t=0.022429s, 8828 KB] f = 11, 12 evaluated, 4 expanded
[t=0.022448s, 8828 KB] f = 13, 22 evaluated, 11 expanded
[t=0.022466s, 8828 KB] f = 15, 31 evaluated, 20 expanded
[t=0.022481s, 8828 KB] f = 17, 37 evaluated, 28 expanded
[t=0.022511s, 8828 KB] f = 19, 59 evaluated, 41 expanded
[t=0.022540s, 8828 KB] f = 21, 76 evaluated, 55 expanded
[t=0.022578s, 8828 KB] f = 23, 104 evaluated, 78 expanded
[t=0.022601s, 8828 KB] f = 25, 117 evaluated, 94 expanded
[t=0.022649s, 8828 KB] f = 27, 151 evaluated, 115 expanded
[t=0.022682s, 8828 KB] New best heuristic value for cpdbs: 5
[t=0.022686s, 8828 KB] g=22, 175 evaluated, 134 expanded
[t=0.022691s, 8828 KB] New best heuristic value for cpdbs: 4
[t=0.022693s, 8828 KB] g=23, 179 evaluated, 135 expanded
[t=0.022725s, 8828 KB] f = 29, 207 evaluated, 152 expanded
[t=0.022807s, 8828 KB] f = 31, 259 evaluated, 200 expanded
[t=0.022906s, 8828 KB] f = 33, 340 evaluated, 260 expanded
[t=0.023030s, 8828 KB] f = 35, 437 evaluated, 344 expanded
[t=0.023135s, 8828 KB] f = 37, 512 evaluated, 428 expanded
[t=0.023165s, 8828 KB] New best heuristic value for cpdbs: 3
[t=0.023169s, 8828 KB] g=34, 517 evaluated, 430 expanded
[t=0.023221s, 8828 KB] f = 39, 547 evaluated, 478 expanded
[t=0.023278s, 8828 KB] f = 41, 588 evaluated, 519 expanded
[t=0.023331s, 8828 KB] f = 43, 624 evaluated, 559 expanded
[t=0.023351s, 8828 KB] f = 45, 631 evaluated, 578 expanded
[t=0.023374s, 8828 KB] f = 47, 647 evaluated, 591 expanded
[t=0.023404s, 8828 KB] f = 49, 669 evaluated, 607 expanded
[t=0.023422s, 8828 KB] f = 51, 677 evaluated, 622 expanded
[t=0.023432s, 8828 KB] f = 53, 678 evaluated, 629 expanded
[t=0.023434s, 8828 KB] Completely explored state space -- no solution!
[t=0.023437s, 8828 KB] Actual search time: 0.001046s
[t=0.023440s, 8828 KB] Expanded 630 state(s).
[t=0.023440s, 8828 KB] Reopened 0 state(s).
[t=0.023440s, 8828 KB] Evaluated 678 state(s).
[t=0.023440s, 8828 KB] Evaluations: 678
[t=0.023440s, 8828 KB] Generated 1664 state(s).
[t=0.023440s, 8828 KB] Dead ends: 48 state(s).
[t=0.023440s, 8828 KB] Expanded until last jump: 629 state(s).
[t=0.023440s, 8828 KB] Reopened until last jump: 0 state(s).
[t=0.023440s, 8828 KB] Evaluated until last jump: 678 state(s).
[t=0.023440s, 8828 KB] Generated until last jump: 1662 state(s).
[t=0.023440s, 8828 KB] Number of registered states: 678
[t=0.023440s, 8828 KB] Int hash set load factor: 678/1024 = 0.662109
[t=0.023440s, 8828 KB] Int hash set resizes: 10
[t=0.023440s, 8828 KB] Search time: 0.001095s
[t=0.023440s, 8828 KB] Total time: 0.023440s
Search stopped without finding a solution.
Remove intermediate file output.sas
search exit code: 12

Driver aborting after search

