$ D:\Miniforge3\python.exe C:/Users/user/Desktop/theoria/.worktrees/p13/engine-rig/.toolchain/downward/fast-downward.py --plan-file C:\Users\user\AppData\Local\Temp\e7verifyev6hq0xl\sas_plan C:\Users\user\Desktop\theoria\.worktrees\e7-deadlock-claim\engine-rig\runs\20260728T150713Z-E7-deadlock-claim-audit\attacks\work\a5\swap\singleton\sokoban_guarded_singleton_domain.pddl C:\Users\user\Desktop\theoria\.worktrees\e7-deadlock-claim\engine-rig\runs\20260728T150713Z-E7-deadlock-claim-audit\attacks\work\a5\swap\singleton\swap-passage_guarded_singleton.pddl --search astar(cpdbs(patterns=manual_patterns([[23,24,22,17]])))

INFO     planner time limit: None
INFO     planner memory limit: None

INFO     Running translator.
INFO     translator stdin: None
INFO     translator time limit: None
INFO     translator memory limit: None
INFO     translator command line string: 'D:\Miniforge3\python.exe' -m translate 'C:\Users\user\Desktop\theoria\.worktrees\e7-deadlock-claim\engine-rig\runs\20260728T150713Z-E7-deadlock-claim-audit\attacks\work\a5\swap\singleton\sokoban_guarded_singleton_domain.pddl' 'C:\Users\user\Desktop\theoria\.worktrees\e7-deadlock-claim\engine-rig\runs\20260728T150713Z-E7-deadlock-claim-audit\attacks\work\a5\swap\singleton\swap-passage_guarded_singleton.pddl' --sas-file output.sas
Warning! SIGXCPU is not available on your platform. This means that the planner cannot be gracefully terminated when using a time limit, which, however, is probably supported on your platform anyway.
Parsing...
Parsing: [0.016s CPU, 0.002s wall-clock]
Normalizing task... [0.000s CPU, 0.000s wall-clock]
Instantiating...
Generating Datalog program... [0.000s CPU, 0.000s wall-clock]
Normalizing Datalog program...
Normalizing Datalog program: [0.000s CPU, 0.001s wall-clock]
Preparing model... [0.000s CPU, 0.000s wall-clock]
Generated 20 rules.
Computing model... [0.000s CPU, 0.005s wall-clock]
613 relevant atoms
888 auxiliary atoms
1501 final queue length
1771 total queue pushes
Completing instantiation... [0.000s CPU, 0.002s wall-clock]
Instantiating: [0.000s CPU, 0.008s wall-clock]
Computing fact groups...
Finding invariants...
7 initial candidates
Finding invariants: [0.000s CPU, 0.001s wall-clock]
Checking invariant weight... [0.000s CPU, 0.000s wall-clock]
Instantiating groups... [0.000s CPU, 0.001s wall-clock]
Collecting mutex groups... [0.000s CPU, 0.000s wall-clock]
Choosing groups...
54 uncovered facts
Choosing groups: [0.000s CPU, 0.000s wall-clock]
Building translation key... [0.000s CPU, 0.000s wall-clock]
Computing fact groups: [0.000s CPU, 0.003s wall-clock]
Building STRIPS to SAS dictionary... [0.000s CPU, 0.000s wall-clock]
Building dictionary for full mutex groups... [0.000s CPU, 0.000s wall-clock]
Building mutex information...
Building mutex information: [0.000s CPU, 0.000s wall-clock]
Translating task...
Processing axioms...
Simplifying axioms... [0.000s CPU, 0.000s wall-clock]
Translator axioms removed by simplifying: 0
Processing axioms: [0.000s CPU, 0.000s wall-clock]
Translating task: [0.000s CPU, 0.002s wall-clock]
172 effect conditions simplified
0 implied preconditions added
Detecting unreachable propositions...
0 operators removed
0 axioms removed
83 propositions removed
Detecting unreachable propositions: [0.016s CPU, 0.001s wall-clock]
Reordering and filtering variables...
25 of 25 variables necessary.
22 of 25 mutex groups necessary.
116 of 116 operators necessary.
0 of 0 axiom rules necessary.
Reordering and filtering variables: [0.000s CPU, 0.001s wall-clock]
Translator variables: 25
Translator derived variables: 0
Translator facts: 94
Translator goal facts: 2
Translator mutex groups: 22
Translator total mutex groups size: 72
Translator operators: 116
Translator axioms: 0
Translator task size: 1057
warning: could not determine peak memory
Writing output... [0.000s CPU, 0.009s wall-clock]
Done! [0.031s CPU, 0.026s wall-clock]
translate exit code: 0

INFO     Running search (release).
INFO     search stdin: output.sas
INFO     search time limit: None
INFO     search memory limit: None
INFO     search command line string: 'C:\Users\user\Desktop\theoria\.worktrees\p13\engine-rig\.toolchain\downward\builds\release\bin\downward.exe' --search 'astar(cpdbs(patterns=manual_patterns([[23,24,22,17]])))' --internal-plan-file 'C:\Users\user\AppData\Local\Temp\e7verifyev6hq0xl\sas_plan' < output.sas
[t=0.000145s, 1952 KB] Search code revision: 7120aa0
[t=0.000241s, 1952 KB] reading input...
[t=0.001567s, 2188 KB] done reading input!
[t=0.002928s, 2628 KB] Initializing canonical PDB heuristic...
[t=0.002944s, 2628 KB] Generating patterns using: manual pattern collection generator
[t=0.002949s, 2628 KB] Manual pattern collection: [[23, 24, 22, 17]]
[t=0.002958s, 2628 KB] manual pattern collection generator number of patterns: 1
[t=0.002963s, 2628 KB] manual pattern collection generator total PDB size: 8624
[t=0.002965s, 2628 KB] manual pattern collection generator computation time: 8.9e-06s
[t=0.002972s, 2628 KB] Computing PDBs for pattern collection...
[t=0.003328s, 2760 KB] Done computing PDBs for pattern collection: 0.000363s
[t=0.003343s, 2760 KB] Computing pattern cliques for pattern collection...
[t=0.003361s, 2760 KB] Done computing pattern cliques for pattern collection: 0.000019s
[t=0.003367s, 2760 KB] Running dominance pruning...
[t=0.003371s, 2760 KB] Pruned 0 of 1 pattern cliques
[t=0.003376s, 2760 KB] Pruned 0 of 1 PDBs
[t=0.003378s, 2760 KB] Dominance pruning took 0.000010s
[t=0.003382s, 2760 KB] Canonical PDB heuristic number of patterns: 1
[t=0.003384s, 2760 KB] Canonical PDB heuristic total PDB size: 8624
[t=0.003386s, 2760 KB] Canonical PDB heuristic computation time: 0.000454s
[t=0.003416s, 2760 KB] Building successor generator... done!
[t=0.003465s, 2788 KB] peak memory difference for successor generator creation: 28 KB
[t=0.003468s, 2788 KB] time for successor generation creation: 0.000042s
[t=0.003474s, 2788 KB] Variables: 25
[t=0.003478s, 2788 KB] FactPairs: 94
[t=0.003480s, 2788 KB] Bytes per state: 8
[t=0.003490s, 2804 KB] Conducting best first search with reopening closed nodes, (real) bound = 2147483647
[t=0.003511s, 2816 KB] New best heuristic value for cpdbs: 9
[t=0.003517s, 2816 KB] g=0, 1 evaluated, 0 expanded
[t=0.003521s, 2816 KB] f = 9, 1 evaluated, 0 expanded
[t=0.003542s, 2848 KB] Initial heuristic value for cpdbs: 9
[t=0.003547s, 2848 KB] pruning method: none
[t=0.003557s, 2848 KB] New best heuristic value for cpdbs: 8
[t=0.003561s, 2848 KB] g=1, 4 evaluated, 1 expanded
[t=0.003567s, 2848 KB] New best heuristic value for cpdbs: 7
[t=0.003570s, 2848 KB] g=2, 6 evaluated, 2 expanded
[t=0.003577s, 2848 KB] New best heuristic value for cpdbs: 6
[t=0.003581s, 2848 KB] g=3, 10 evaluated, 3 expanded
[t=0.003586s, 2848 KB] f = 11, 12 evaluated, 4 expanded
[t=0.003597s, 2848 KB] New best heuristic value for cpdbs: 5
[t=0.003601s, 2848 KB] g=6, 17 evaluated, 6 expanded
[t=0.003607s, 2848 KB] New best heuristic value for cpdbs: 4
[t=0.003613s, 2848 KB] g=7, 20 evaluated, 7 expanded
[t=0.003626s, 2848 KB] f = 13, 27 evaluated, 14 expanded
[t=0.003649s, 2848 KB] f = 15, 37 evaluated, 27 expanded
[t=0.003658s, 2848 KB] f = 17, 38 evaluated, 32 expanded
[t=0.003696s, 2860 KB] f = 19, 66 evaluated, 46 expanded
[t=0.003736s, 2872 KB] f = 21, 88 evaluated, 65 expanded
[t=0.003770s, 2872 KB] f = 23, 110 evaluated, 88 expanded
[t=0.003812s, 2876 KB] f = 25, 131 evaluated, 110 expanded
[t=0.003861s, 2876 KB] f = 27, 170 evaluated, 137 expanded
[t=0.003937s, 2888 KB] f = 29, 225 evaluated, 177 expanded
[t=0.003946s, 2888 KB] New best heuristic value for cpdbs: 3
[t=0.003948s, 2888 KB] g=26, 230 evaluated, 179 expanded
[t=0.004024s, 2896 KB] f = 31, 275 evaluated, 225 expanded
[t=0.004110s, 2896 KB] f = 33, 345 evaluated, 281 expanded
[t=0.004234s, 2912 KB] f = 35, 434 evaluated, 358 expanded
[t=0.004383s, 2936 KB] f = 37, 521 evaluated, 442 expanded
[t=0.004465s, 2936 KB] f = 39, 577 evaluated, 510 expanded
[t=0.004531s, 2936 KB] f = 41, 621 evaluated, 563 expanded
[t=0.004574s, 2936 KB] f = 43, 647 evaluated, 601 expanded
[t=0.004594s, 2936 KB] f = 45, 654 evaluated, 619 expanded
[t=0.004605s, 2936 KB] f = 47, 657 evaluated, 626 expanded
[t=0.004611s, 2936 KB] f = 49, 658 evaluated, 629 expanded
[t=0.004614s, 2936 KB] Completely explored state space -- no solution!
[t=0.004617s, 2936 KB] Actual search time: 0.001069s
[t=0.004621s, 2936 KB] Expanded 630 state(s).
[t=0.004621s, 2936 KB] Reopened 0 state(s).
[t=0.004621s, 2936 KB] Evaluated 658 state(s).
[t=0.004621s, 2936 KB] Evaluations: 658
[t=0.004621s, 2936 KB] Generated 1644 state(s).
[t=0.004621s, 2936 KB] Dead ends: 28 state(s).
[t=0.004621s, 2936 KB] Expanded until last jump: 629 state(s).
[t=0.004621s, 2936 KB] Reopened until last jump: 0 state(s).
[t=0.004621s, 2936 KB] Evaluated until last jump: 658 state(s).
[t=0.004621s, 2936 KB] Generated until last jump: 1642 state(s).
[t=0.004621s, 2936 KB] Number of registered states: 658
[t=0.004621s, 2936 KB] Int hash set load factor: 658/1024 = 0.642578
[t=0.004621s, 2936 KB] Int hash set resizes: 10
[t=0.004621s, 2936 KB] Search time: 0.001132s
[t=0.004621s, 2936 KB] Total time: 0.004621s
Search stopped without finding a solution.
Remove intermediate file output.sas
search exit code: 12

Driver aborting after search

