$ D:\Miniforge3\python.exe C:/Users/user/Desktop/theoria/.worktrees/p13/engine-rig/.toolchain/downward/fast-downward.py --plan-file C:\Users\user\AppData\Local\Temp\e7verifyl6a81dr2\sas_plan C:\Users\user\Desktop\theoria\.worktrees\e7-deadlock-claim\engine-rig\runs\20260728T150713Z-E7-deadlock-claim-audit\attacks\work\a5\swap\singleton\sokoban_guarded_singleton_domain.pddl C:\Users\user\Desktop\theoria\.worktrees\e7-deadlock-claim\engine-rig\runs\20260728T150713Z-E7-deadlock-claim-audit\attacks\work\a5\swap\singleton\swap-passage_guarded_singleton.pddl --search astar(cpdbs(patterns=manual_patterns([[23,24,22,9,18,5,11,12,8,2,4]])))

INFO     planner time limit: None
INFO     planner memory limit: None

INFO     Running translator.
INFO     translator stdin: None
INFO     translator time limit: None
INFO     translator memory limit: None
INFO     translator command line string: 'D:\Miniforge3\python.exe' -m translate 'C:\Users\user\Desktop\theoria\.worktrees\e7-deadlock-claim\engine-rig\runs\20260728T150713Z-E7-deadlock-claim-audit\attacks\work\a5\swap\singleton\sokoban_guarded_singleton_domain.pddl' 'C:\Users\user\Desktop\theoria\.worktrees\e7-deadlock-claim\engine-rig\runs\20260728T150713Z-E7-deadlock-claim-audit\attacks\work\a5\swap\singleton\swap-passage_guarded_singleton.pddl' --sas-file output.sas
Warning! SIGXCPU is not available on your platform. This means that the planner cannot be gracefully terminated when using a time limit, which, however, is probably supported on your platform anyway.
Parsing...
Parsing: [0.000s CPU, 0.002s wall-clock]
Normalizing task... [0.000s CPU, 0.000s wall-clock]
Instantiating...
Generating Datalog program... [0.000s CPU, 0.000s wall-clock]
Normalizing Datalog program...
Normalizing Datalog program: [0.000s CPU, 0.001s wall-clock]
Preparing model... [0.000s CPU, 0.000s wall-clock]
Generated 20 rules.
Computing model... [0.016s CPU, 0.005s wall-clock]
613 relevant atoms
888 auxiliary atoms
1501 final queue length
1771 total queue pushes
Completing instantiation... [0.000s CPU, 0.002s wall-clock]
Instantiating: [0.016s CPU, 0.009s wall-clock]
Computing fact groups...
Finding invariants...
7 initial candidates
Finding invariants: [0.000s CPU, 0.001s wall-clock]
Checking invariant weight... [0.000s CPU, 0.000s wall-clock]
Instantiating groups... [0.000s CPU, 0.001s wall-clock]
Collecting mutex groups... [0.000s CPU, 0.000s wall-clock]
Choosing groups...
54 uncovered facts
Choosing groups: [0.000s CPU, 0.000s wall-clock]
Building translation key... [0.000s CPU, 0.000s wall-clock]
Computing fact groups: [0.000s CPU, 0.003s wall-clock]
Building STRIPS to SAS dictionary... [0.000s CPU, 0.000s wall-clock]
Building dictionary for full mutex groups... [0.000s CPU, 0.000s wall-clock]
Building mutex information...
Building mutex information: [0.000s CPU, 0.000s wall-clock]
Translating task...
Processing axioms...
Simplifying axioms... [0.000s CPU, 0.000s wall-clock]
Translator axioms removed by simplifying: 0
Processing axioms: [0.000s CPU, 0.000s wall-clock]
Translating task: [0.000s CPU, 0.002s wall-clock]
172 effect conditions simplified
0 implied preconditions added
Detecting unreachable propositions...
0 operators removed
0 axioms removed
83 propositions removed
Detecting unreachable propositions: [0.000s CPU, 0.001s wall-clock]
Reordering and filtering variables...
25 of 25 variables necessary.
22 of 25 mutex groups necessary.
116 of 116 operators necessary.
0 of 0 axiom rules necessary.
Reordering and filtering variables: [0.000s CPU, 0.001s wall-clock]
Translator variables: 25
Translator derived variables: 0
Translator facts: 94
Translator goal facts: 2
Translator mutex groups: 22
Translator total mutex groups size: 72
Translator operators: 116
Translator axioms: 0
Translator task size: 1057
warning: could not determine peak memory
Writing output... [0.000s CPU, 0.010s wall-clock]
Done! [0.016s CPU, 0.027s wall-clock]
translate exit code: 0

INFO     Running search (release).
INFO     search stdin: output.sas
INFO     search time limit: None
INFO     search memory limit: None
INFO     search command line string: 'C:\Users\user\Desktop\theoria\.worktrees\p13\engine-rig\.toolchain\downward\builds\release\bin\downward.exe' --search 'astar(cpdbs(patterns=manual_patterns([[23,24,22,9,18,5,11,12,8,2,4]])))' --internal-plan-file 'C:\Users\user\AppData\Local\Temp\e7verifyl6a81dr2\sas_plan' < output.sas
[t=0.003965s, 2332 KB] Search code revision: 7120aa0
[t=0.030767s, 2332 KB] reading input...
[t=0.047087s, 2412 KB] done reading input!
[t=0.108766s, 2784 KB] Initializing canonical PDB heuristic...
[t=0.108789s, 2784 KB] Generating patterns using: manual pattern collection generator
[t=0.108795s, 2784 KB] Manual pattern collection: [[23, 24, 22, 9, 18, 5, 11, 12, 8, 2, 4]]
[t=0.108805s, 2784 KB] manual pattern collection generator number of patterns: 1
[t=0.108808s, 2784 KB] manual pattern collection generator total PDB size: 1103872
[t=0.108814s, 2784 KB] manual pattern collection generator computation time: 1.03e-05s
[t=0.108820s, 2784 KB] Computing PDBs for pattern collection...
[t=0.144535s, 8192 KB] Done computing PDBs for pattern collection: 0.035726s
[t=0.144558s, 8192 KB] Computing pattern cliques for pattern collection...
[t=0.144582s, 8192 KB] Done computing pattern cliques for pattern collection: 0.000025s
[t=0.144588s, 8192 KB] Running dominance pruning...
[t=0.144593s, 8192 KB] Pruned 0 of 1 pattern cliques
[t=0.144595s, 8192 KB] Pruned 0 of 1 PDBs
[t=0.144598s, 8192 KB] Dominance pruning took 0.000008s
[t=0.144602s, 8192 KB] Canonical PDB heuristic number of patterns: 1
[t=0.144606s, 8192 KB] Canonical PDB heuristic total PDB size: 1103872
[t=0.144609s, 8192 KB] Canonical PDB heuristic computation time: 0.035837s
[t=0.144797s, 8192 KB] Building successor generator... done!
[t=0.144981s, 8192 KB] peak memory difference for successor generator creation: 0 KB
[t=0.144985s, 8192 KB] time for successor generation creation: 0.000165s
[t=0.144990s, 8192 KB] Variables: 25
[t=0.144995s, 8192 KB] FactPairs: 94
[t=0.144997s, 8192 KB] Bytes per state: 8
[t=0.170963s, 8192 KB] Conducting best first search with reopening closed nodes, (real) bound = 2147483647
[t=0.171045s, 8192 KB] New best heuristic value for cpdbs: 9
[t=0.171052s, 8192 KB] g=0, 1 evaluated, 0 expanded
[t=0.171056s, 8192 KB] f = 9, 1 evaluated, 0 expanded
[t=0.171065s, 8192 KB] Initial heuristic value for cpdbs: 9
[t=0.171068s, 8192 KB] pruning method: none
[t=0.171086s, 8192 KB] New best heuristic value for cpdbs: 8
[t=0.171094s, 8192 KB] g=1, 4 evaluated, 1 expanded
[t=0.171102s, 8192 KB] New best heuristic value for cpdbs: 7
[t=0.171107s, 8192 KB] g=2, 6 evaluated, 2 expanded
[t=0.171118s, 8192 KB] New best heuristic value for cpdbs: 6
[t=0.171120s, 8192 KB] g=3, 10 evaluated, 3 expanded
[t=0.171127s, 8192 KB] f = 11, 12 evaluated, 4 expanded
[t=0.171150s, 8192 KB] f = 13, 21 evaluated, 11 expanded
[t=0.171376s, 8192 KB] f = 15, 30 evaluated, 20 expanded
[t=0.171418s, 8192 KB] f = 17, 36 evaluated, 28 expanded
[t=0.171455s, 8192 KB] f = 19, 57 evaluated, 41 expanded
[t=0.171487s, 8192 KB] f = 21, 73 evaluated, 55 expanded
[t=0.171531s, 8192 KB] f = 23, 100 evaluated, 78 expanded
[t=0.171552s, 8192 KB] f = 25, 110 evaluated, 92 expanded
[t=0.171609s, 8192 KB] f = 27, 146 evaluated, 114 expanded
[t=0.171645s, 8192 KB] New best heuristic value for cpdbs: 5
[t=0.171649s, 8192 KB] g=22, 169 evaluated, 134 expanded
[t=0.171660s, 8192 KB] New best heuristic value for cpdbs: 4
[t=0.171662s, 8192 KB] g=23, 173 evaluated, 135 expanded
[t=0.171706s, 8192 KB] f = 29, 205 evaluated, 157 expanded
[t=0.171715s, 8192 KB] New best heuristic value for cpdbs: 3
[t=0.171718s, 8192 KB] g=26, 210 evaluated, 159 expanded
[t=0.171822s, 8192 KB] f = 31, 260 evaluated, 212 expanded
[t=0.171937s, 8192 KB] f = 33, 346 evaluated, 275 expanded
[t=0.172057s, 8192 KB] f = 35, 424 evaluated, 353 expanded
[t=0.172164s, 8192 KB] f = 37, 493 evaluated, 428 expanded
[t=0.172246s, 8192 KB] f = 39, 529 evaluated, 477 expanded
[t=0.172314s, 8192 KB] f = 41, 574 evaluated, 523 expanded
[t=0.172347s, 8192 KB] f = 43, 590 evaluated, 552 expanded
[t=0.172363s, 8192 KB] f = 45, 596 evaluated, 565 expanded
[t=0.172392s, 8192 KB] f = 47, 618 evaluated, 578 expanded
[t=0.172437s, 8192 KB] f = 49, 650 evaluated, 603 expanded
[t=0.172458s, 8192 KB] f = 51, 657 evaluated, 622 expanded
[t=0.172467s, 8192 KB] f = 53, 658 evaluated, 629 expanded
[t=0.172471s, 8192 KB] Completely explored state space -- no solution!
[t=0.172475s, 8192 KB] Actual search time: 0.001405s
[t=0.172478s, 8192 KB] Expanded 630 state(s).
[t=0.172478s, 8192 KB] Reopened 0 state(s).
[t=0.172478s, 8192 KB] Evaluated 658 state(s).
[t=0.172478s, 8192 KB] Evaluations: 658
[t=0.172478s, 8192 KB] Generated 1644 state(s).
[t=0.172478s, 8192 KB] Dead ends: 28 state(s).
[t=0.172478s, 8192 KB] Expanded until last jump: 629 state(s).
[t=0.172478s, 8192 KB] Reopened until last jump: 0 state(s).
[t=0.172478s, 8192 KB] Evaluated until last jump: 658 state(s).
[t=0.172478s, 8192 KB] Generated until last jump: 1642 state(s).
[t=0.172478s, 8192 KB] Number of registered states: 658
[t=0.172478s, 8192 KB] Int hash set load factor: 658/1024 = 0.642578
[t=0.172478s, 8192 KB] Int hash set resizes: 10
[t=0.172478s, 8192 KB] Search time: 0.001522s
[t=0.172478s, 8192 KB] Total time: 0.172478s
Search stopped without finding a solution.
Remove intermediate file output.sas
search exit code: 12

Driver aborting after search

