$ D:\Miniforge3\python.exe C:/Users/user/Desktop/theoria/.worktrees/p13/engine-rig/.toolchain/downward/fast-downward.py --plan-file C:\Users\user\AppData\Local\Temp\e7verify5x_enume\sas_plan C:\Users\user\Desktop\theoria\.worktrees\e7-deadlock-claim\engine-rig\runs\20260728T150713Z-E7-deadlock-claim-audit\attacks\work\a5\swap\singleton\sokoban_guarded_singleton_domain.pddl C:\Users\user\Desktop\theoria\.worktrees\e7-deadlock-claim\engine-rig\runs\20260728T150713Z-E7-deadlock-claim-audit\attacks\work\a5\swap\singleton\swap-passage_guarded_singleton.pddl --search astar(cpdbs(patterns=manual_patterns([[23,24,22,11]])))

INFO     planner time limit: None
INFO     planner memory limit: None

INFO     Running translator.
INFO     translator stdin: None
INFO     translator time limit: None
INFO     translator memory limit: None
INFO     translator command line string: 'D:\Miniforge3\python.exe' -m translate 'C:\Users\user\Desktop\theoria\.worktrees\e7-deadlock-claim\engine-rig\runs\20260728T150713Z-E7-deadlock-claim-audit\attacks\work\a5\swap\singleton\sokoban_guarded_singleton_domain.pddl' 'C:\Users\user\Desktop\theoria\.worktrees\e7-deadlock-claim\engine-rig\runs\20260728T150713Z-E7-deadlock-claim-audit\attacks\work\a5\swap\singleton\swap-passage_guarded_singleton.pddl' --sas-file output.sas
Warning! SIGXCPU is not available on your platform. This means that the planner cannot be gracefully terminated when using a time limit, which, however, is probably supported on your platform anyway.
Parsing...
Parsing: [0.000s CPU, 0.002s wall-clock]
Normalizing task... [0.000s CPU, 0.000s wall-clock]
Instantiating...
Generating Datalog program... [0.000s CPU, 0.000s wall-clock]
Normalizing Datalog program...
Normalizing Datalog program: [0.000s CPU, 0.001s wall-clock]
Preparing model... [0.000s CPU, 0.000s wall-clock]
Generated 20 rules.
Computing model... [0.000s CPU, 0.005s wall-clock]
613 relevant atoms
888 auxiliary atoms
1501 final queue length
1771 total queue pushes
Completing instantiation... [0.000s CPU, 0.002s wall-clock]
Instantiating: [0.000s CPU, 0.009s wall-clock]
Computing fact groups...
Finding invariants...
7 initial candidates
Finding invariants: [0.000s CPU, 0.001s wall-clock]
Checking invariant weight... [0.000s CPU, 0.000s wall-clock]
Instantiating groups... [0.000s CPU, 0.001s wall-clock]
Collecting mutex groups... [0.000s CPU, 0.000s wall-clock]
Choosing groups...
54 uncovered facts
Choosing groups: [0.000s CPU, 0.000s wall-clock]
Building translation key... [0.000s CPU, 0.000s wall-clock]
Computing fact groups: [0.000s CPU, 0.003s wall-clock]
Building STRIPS to SAS dictionary... [0.000s CPU, 0.000s wall-clock]
Building dictionary for full mutex groups... [0.000s CPU, 0.000s wall-clock]
Building mutex information...
Building mutex information: [0.000s CPU, 0.000s wall-clock]
Translating task...
Processing axioms...
Simplifying axioms... [0.000s CPU, 0.000s wall-clock]
Translator axioms removed by simplifying: 0
Processing axioms: [0.000s CPU, 0.000s wall-clock]
Translating task: [0.000s CPU, 0.003s wall-clock]
172 effect conditions simplified
0 implied preconditions added
Detecting unreachable propositions...
0 operators removed
0 axioms removed
83 propositions removed
Detecting unreachable propositions: [0.000s CPU, 0.001s wall-clock]
Reordering and filtering variables...
25 of 25 variables necessary.
22 of 25 mutex groups necessary.
116 of 116 operators necessary.
0 of 0 axiom rules necessary.
Reordering and filtering variables: [0.000s CPU, 0.001s wall-clock]
Translator variables: 25
Translator derived variables: 0
Translator facts: 94
Translator goal facts: 2
Translator mutex groups: 22
Translator total mutex groups size: 72
Translator operators: 116
Translator axioms: 0
Translator task size: 1057
warning: could not determine peak memory
Writing output... [0.000s CPU, 0.010s wall-clock]
Done! [0.000s CPU, 0.030s wall-clock]
translate exit code: 0

INFO     Running search (release).
INFO     search stdin: output.sas
INFO     search time limit: None
INFO     search memory limit: None
INFO     search command line string: 'C:\Users\user\Desktop\theoria\.worktrees\p13\engine-rig\.toolchain\downward\builds\release\bin\downward.exe' --search 'astar(cpdbs(patterns=manual_patterns([[23,24,22,11]])))' --internal-plan-file 'C:\Users\user\AppData\Local\Temp\e7verify5x_enume\sas_plan' < output.sas
[t=0.000095s, 1844 KB] Search code revision: 7120aa0
[t=0.000173s, 1844 KB] reading input...
[t=0.001442s, 2184 KB] done reading input!
[t=0.002404s, 2732 KB] Initializing canonical PDB heuristic...
[t=0.002414s, 2744 KB] Generating patterns using: manual pattern collection generator
[t=0.002421s, 2744 KB] Manual pattern collection: [[23, 24, 22, 11]]
[t=0.002434s, 2744 KB] manual pattern collection generator number of patterns: 1
[t=0.002439s, 2744 KB] manual pattern collection generator total PDB size: 8624
[t=0.002441s, 2768 KB] manual pattern collection generator computation time: 1.56e-05s
[t=0.002448s, 2768 KB] Computing PDBs for pattern collection...
[t=0.002746s, 2860 KB] Done computing PDBs for pattern collection: 0.000301s
[t=0.002752s, 2860 KB] Computing pattern cliques for pattern collection...
[t=0.002763s, 2860 KB] Done computing pattern cliques for pattern collection: 0.000012s
[t=0.002766s, 2860 KB] Running dominance pruning...
[t=0.002771s, 2860 KB] Pruned 0 of 1 pattern cliques
[t=0.002773s, 2864 KB] Pruned 0 of 1 PDBs
[t=0.002776s, 2880 KB] Dominance pruning took 0.000008s
[t=0.002779s, 2888 KB] Canonical PDB heuristic number of patterns: 1
[t=0.002781s, 2888 KB] Canonical PDB heuristic total PDB size: 8624
[t=0.002783s, 2888 KB] Canonical PDB heuristic computation time: 0.000375s
[t=0.002810s, 2888 KB] Building successor generator... done!
[t=0.002862s, 2916 KB] peak memory difference for successor generator creation: 28 KB
[t=0.002864s, 2916 KB] time for successor generation creation: 0.000044s
[t=0.002869s, 2916 KB] Variables: 25
[t=0.002871s, 2916 KB] FactPairs: 94
[t=0.002873s, 2916 KB] Bytes per state: 8
[t=0.002883s, 2916 KB] Conducting best first search with reopening closed nodes, (real) bound = 2147483647
[t=0.002902s, 2928 KB] New best heuristic value for cpdbs: 9
[t=0.002906s, 2928 KB] g=0, 1 evaluated, 0 expanded
[t=0.002909s, 2928 KB] f = 9, 1 evaluated, 0 expanded
[t=0.002920s, 2952 KB] Initial heuristic value for cpdbs: 9
[t=0.002922s, 2952 KB] pruning method: none
[t=0.002934s, 2952 KB] New best heuristic value for cpdbs: 8
[t=0.002936s, 2952 KB] g=1, 4 evaluated, 1 expanded
[t=0.002942s, 2952 KB] New best heuristic value for cpdbs: 7
[t=0.002945s, 2952 KB] g=2, 6 evaluated, 2 expanded
[t=0.002952s, 2952 KB] New best heuristic value for cpdbs: 6
[t=0.002958s, 2952 KB] g=3, 10 evaluated, 3 expanded
[t=0.002968s, 2952 KB] f = 11, 12 evaluated, 4 expanded
[t=0.002979s, 2960 KB] New best heuristic value for cpdbs: 5
[t=0.002986s, 2960 KB] g=6, 17 evaluated, 6 expanded
[t=0.002993s, 2960 KB] New best heuristic value for cpdbs: 4
[t=0.002996s, 2960 KB] g=7, 20 evaluated, 7 expanded
[t=0.003008s, 2960 KB] f = 13, 27 evaluated, 14 expanded
[t=0.003031s, 2960 KB] f = 15, 37 evaluated, 27 expanded
[t=0.003039s, 2960 KB] f = 17, 38 evaluated, 32 expanded
[t=0.003083s, 2964 KB] f = 19, 66 evaluated, 46 expanded
[t=0.003121s, 2988 KB] f = 21, 88 evaluated, 65 expanded
[t=0.003157s, 2988 KB] f = 23, 110 evaluated, 88 expanded
[t=0.003187s, 2988 KB] f = 25, 128 evaluated, 108 expanded
[t=0.003247s, 3000 KB] f = 27, 170 evaluated, 136 expanded
[t=0.003313s, 3000 KB] f = 29, 215 evaluated, 173 expanded
[t=0.003323s, 3000 KB] New best heuristic value for cpdbs: 3
[t=0.003326s, 3000 KB] g=26, 220 evaluated, 175 expanded
[t=0.003399s, 3000 KB] f = 31, 262 evaluated, 218 expanded
[t=0.003546s, 3000 KB] f = 33, 352 evaluated, 279 expanded
[t=0.003715s, 3028 KB] f = 35, 453 evaluated, 368 expanded
[t=0.003858s, 3040 KB] f = 37, 532 evaluated, 455 expanded
[t=0.003953s, 3040 KB] f = 39, 584 evaluated, 519 expanded
[t=0.004012s, 3040 KB] f = 41, 622 evaluated, 567 expanded
[t=0.004055s, 3040 KB] f = 43, 647 evaluated, 603 expanded
[t=0.004073s, 3040 KB] f = 45, 654 evaluated, 619 expanded
[t=0.004084s, 3040 KB] f = 47, 657 evaluated, 626 expanded
[t=0.004090s, 3040 KB] f = 49, 658 evaluated, 629 expanded
[t=0.004093s, 3040 KB] Completely explored state space -- no solution!
[t=0.004097s, 3040 KB] Actual search time: 0.001174s
[t=0.004101s, 3040 KB] Expanded 630 state(s).
[t=0.004101s, 3040 KB] Reopened 0 state(s).
[t=0.004101s, 3040 KB] Evaluated 658 state(s).
[t=0.004101s, 3040 KB] Evaluations: 658
[t=0.004101s, 3040 KB] Generated 1644 state(s).
[t=0.004101s, 3040 KB] Dead ends: 28 state(s).
[t=0.004101s, 3040 KB] Expanded until last jump: 629 state(s).
[t=0.004101s, 3040 KB] Reopened until last jump: 0 state(s).
[t=0.004101s, 3040 KB] Evaluated until last jump: 658 state(s).
[t=0.004101s, 3040 KB] Generated until last jump: 1642 state(s).
[t=0.004101s, 3040 KB] Number of registered states: 658
[t=0.004101s, 3040 KB] Int hash set load factor: 658/1024 = 0.642578
[t=0.004101s, 3040 KB] Int hash set resizes: 10
[t=0.004101s, 3040 KB] Search time: 0.001220s
[t=0.004101s, 3040 KB] Total time: 0.004101s
Search stopped without finding a solution.
Remove intermediate file output.sas
search exit code: 12

Driver aborting after search

