$ D:\Miniforge3\python.exe C:/Users/user/Desktop/theoria/.worktrees/p13/engine-rig/.toolchain/downward/fast-downward.py --plan-file C:\Users\user\AppData\Local\Temp\e7verifywqxttpqt\sas_plan C:\Users\user\Desktop\theoria\.worktrees\e7-deadlock-claim\engine-rig\fixtures\data\sokoban_domain.pddl C:\Users\user\Desktop\theoria\.worktrees\e7-deadlock-claim\engine-rig\runs\20260728T150713Z-E7-deadlock-claim-audit\attacks\work\a5\swap\swap-passage.pddl --search astar(ipdb(max_time=30,random_seed=42))

INFO     planner time limit: None
INFO     planner memory limit: None

INFO     Running translator.
INFO     translator stdin: None
INFO     translator time limit: None
INFO     translator memory limit: None
INFO     translator command line string: 'D:\Miniforge3\python.exe' -m translate 'C:\Users\user\Desktop\theoria\.worktrees\e7-deadlock-claim\engine-rig\fixtures\data\sokoban_domain.pddl' 'C:\Users\user\Desktop\theoria\.worktrees\e7-deadlock-claim\engine-rig\runs\20260728T150713Z-E7-deadlock-claim-audit\attacks\work\a5\swap\swap-passage.pddl' --sas-file output.sas
Warning! SIGXCPU is not available on your platform. This means that the planner cannot be gracefully terminated when using a time limit, which, however, is probably supported on your platform anyway.
Parsing...
Parsing: [0.016s CPU, 0.002s wall-clock]
Normalizing task... [0.000s CPU, 0.000s wall-clock]
Instantiating...
Generating Datalog program... [0.000s CPU, 0.000s wall-clock]
Normalizing Datalog program...
Normalizing Datalog program: [0.000s CPU, 0.001s wall-clock]
Preparing model... [0.000s CPU, 0.000s wall-clock]
Generated 20 rules.
Computing model... [0.000s CPU, 0.005s wall-clock]
597 relevant atoms
888 auxiliary atoms
1485 final queue length
1755 total queue pushes
Completing instantiation... [0.000s CPU, 0.002s wall-clock]
Instantiating: [0.000s CPU, 0.008s wall-clock]
Computing fact groups...
Finding invariants...
7 initial candidates
Finding invariants: [0.000s CPU, 0.001s wall-clock]
Checking invariant weight... [0.000s CPU, 0.000s wall-clock]
Instantiating groups... [0.000s CPU, 0.001s wall-clock]
Collecting mutex groups... [0.000s CPU, 0.000s wall-clock]
Choosing groups...
54 uncovered facts
Choosing groups: [0.000s CPU, 0.000s wall-clock]
Building translation key... [0.000s CPU, 0.000s wall-clock]
Computing fact groups: [0.000s CPU, 0.003s wall-clock]
Building STRIPS to SAS dictionary... [0.000s CPU, 0.000s wall-clock]
Building dictionary for full mutex groups... [0.000s CPU, 0.000s wall-clock]
Building mutex information...
Building mutex information: [0.000s CPU, 0.000s wall-clock]
Translating task...
Processing axioms...
Simplifying axioms... [0.000s CPU, 0.000s wall-clock]
Translator axioms removed by simplifying: 0
Processing axioms: [0.000s CPU, 0.000s wall-clock]
Translating task: [0.000s CPU, 0.002s wall-clock]
204 effect conditions simplified
0 implied preconditions added
Detecting unreachable propositions...
0 operators removed
0 axioms removed
67 propositions removed
Detecting unreachable propositions: [0.016s CPU, 0.001s wall-clock]
Reordering and filtering variables...
25 of 25 variables necessary.
22 of 25 mutex groups necessary.
132 of 132 operators necessary.
0 of 0 axiom rules necessary.
Reordering and filtering variables: [0.000s CPU, 0.001s wall-clock]
Translator variables: 25
Translator derived variables: 0
Translator facts: 110
Translator goal facts: 2
Translator mutex groups: 22
Translator total mutex groups size: 88
Translator operators: 132
Translator axioms: 0
Translator task size: 1233
warning: could not determine peak memory
Writing output... [0.000s CPU, 0.009s wall-clock]
Done! [0.031s CPU, 0.028s wall-clock]
translate exit code: 0

INFO     Running search (release).
INFO     search stdin: output.sas
INFO     search time limit: None
INFO     search memory limit: None
INFO     search command line string: 'C:\Users\user\Desktop\theoria\.worktrees\p13\engine-rig\.toolchain\downward\builds\release\bin\downward.exe' --search 'astar(ipdb(max_time=30,random_seed=42))' --internal-plan-file 'C:\Users\user\AppData\Local\Temp\e7verifywqxttpqt\sas_plan' < output.sas
[t=0.000142s, 1976 KB] Search code revision: 7120aa0
[t=0.000248s, 1976 KB] reading input...
[t=0.001668s, 2268 KB] done reading input!
[t=0.003031s, 2892 KB] Initializing canonical PDB heuristic...
[t=0.003041s, 2892 KB] Generating patterns using: hill climbing pattern collection generator
[t=0.003156s, 2904 KB] Done calculating initial pattern collection: 0.000117s
[t=0.003173s, 2904 KB] Average operator cost: 1.000000
[t=0.003180s, 2904 KB] Building causal graph... done!
[t=0.004275s, 3012 KB] Done calculating initial candidate PDBs
[t=0.008278s, 3216 KB] found a better pattern with improvement 966
[t=0.016078s, 3452 KB] found a better pattern with improvement 741
[t=0.034751s, 5312 KB] found a better pattern with improvement 602
[t=0.056586s, 8852 KB] found a better pattern with improvement 932
[t=0.087330s, 15656 KB] found a better pattern with improvement 1000
[t=0.133118s, 28380 KB] found a better pattern with improvement 625
[t=0.200111s, 52420 KB] found a better pattern with improvement 891
[t=0.302300s, 97940 KB] found a better pattern with improvement 997
[t=0.464941s, 183396 KB] found a better pattern with improvement 951
[t=0.494643s, 183396 KB] found a better pattern with improvement 45
[t=0.525734s, 183396 KB] Improvement below threshold. Stop hill climbing.
[t=0.525755s, 183396 KB] Hill climbing iterations: 11
[t=0.525758s, 183396 KB] Hill climbing generated patterns: 202
[t=0.525760s, 183396 KB] Hill climbing rejected patterns: 124
[t=0.525762s, 183396 KB] Hill climbing maximum PDB size: 1362944
[t=0.525765s, 183396 KB] Hill climbing time: 0.522593s
[t=0.540891s, 183396 KB] hill climbing pattern collection generator number of patterns: 12
[t=0.540915s, 183396 KB] hill climbing pattern collection generator total PDB size: 4078712
[t=0.540920s, 183396 KB] hill climbing pattern collection generator computation time: 0.537841s
[t=0.540927s, 183396 KB] Running dominance pruning...
[t=0.541063s, 183396 KB] Pruned 9 of 11 pattern cliques
[t=0.541076s, 183396 KB] Pruned 10 of 12 PDBs
[t=0.541080s, 183396 KB] Dominance pruning took 0.000151s
[t=0.541661s, 183396 KB] Canonical PDB heuristic number of patterns: 2
[t=0.541668s, 183396 KB] Canonical PDB heuristic total PDB size: 2725888
[t=0.541671s, 183396 KB] Canonical PDB heuristic computation time: 0.538629s
[t=0.542106s, 183396 KB] Building successor generator... done!
[t=0.542171s, 183396 KB] peak memory difference for successor generator creation: 0 KB
[t=0.542174s, 183396 KB] time for successor generation creation: 0.000049s
[t=0.542182s, 183396 KB] Variables: 25
[t=0.542184s, 183396 KB] FactPairs: 110
[t=0.542187s, 183396 KB] Bytes per state: 8
[t=0.542197s, 183396 KB] Conducting best first search with reopening closed nodes, (real) bound = 2147483647
[t=0.542216s, 183396 KB] New best heuristic value for cpdbs: 37
[t=0.542221s, 183396 KB] g=0, 1 evaluated, 0 expanded
[t=0.542224s, 183396 KB] f = 37, 1 evaluated, 0 expanded
[t=0.542325s, 183396 KB] Initial heuristic value for cpdbs: 37
[t=0.542330s, 183396 KB] pruning method: none
[t=0.542341s, 183396 KB] New best heuristic value for cpdbs: 36
[t=0.542345s, 183396 KB] g=1, 3 evaluated, 1 expanded
[t=0.542351s, 183396 KB] New best heuristic value for cpdbs: 35
[t=0.542355s, 183396 KB] g=2, 5 evaluated, 2 expanded
[t=0.542361s, 183396 KB] New best heuristic value for cpdbs: 34
[t=0.542365s, 183396 KB] g=3, 7 evaluated, 3 expanded
[t=0.542370s, 183396 KB] New best heuristic value for cpdbs: 33
[t=0.542374s, 183396 KB] g=4, 8 evaluated, 4 expanded
[t=0.542380s, 183396 KB] New best heuristic value for cpdbs: 32
[t=0.542384s, 183396 KB] g=5, 10 evaluated, 5 expanded
[t=0.542390s, 183396 KB] New best heuristic value for cpdbs: 31
[t=0.542393s, 183396 KB] g=6, 13 evaluated, 6 expanded
[t=0.542398s, 183396 KB] New best heuristic value for cpdbs: 30
[t=0.542402s, 183396 KB] g=7, 15 evaluated, 7 expanded
[t=0.542409s, 183396 KB] New best heuristic value for cpdbs: 29
[t=0.542413s, 183396 KB] g=8, 18 evaluated, 8 expanded
[t=0.542417s, 183396 KB] New best heuristic value for cpdbs: 28
[t=0.542420s, 183396 KB] g=9, 19 evaluated, 9 expanded
[t=0.542424s, 183396 KB] New best heuristic value for cpdbs: 27
[t=0.542426s, 183396 KB] g=10, 20 evaluated, 10 expanded
[t=0.542431s, 183396 KB] New best heuristic value for cpdbs: 26
[t=0.542435s, 183396 KB] g=11, 22 evaluated, 11 expanded
[t=0.542439s, 183396 KB] New best heuristic value for cpdbs: 25
[t=0.542442s, 183396 KB] g=12, 23 evaluated, 12 expanded
[t=0.542451s, 183396 KB] f = 39, 28 evaluated, 14 expanded
[t=0.542469s, 183396 KB] f = 41, 36 evaluated, 23 expanded
[t=0.542482s, 183396 KB] f = 43, 43 evaluated, 30 expanded
[t=0.542518s, 183396 KB] f = 45, 67 evaluated, 45 expanded
[t=0.542554s, 183396 KB] f = 47, 92 evaluated, 69 expanded
[t=0.542573s, 183396 KB] f = 49, 103 evaluated, 81 expanded
[t=0.542583s, 183396 KB] f = 51, 106 evaluated, 88 expanded
[t=0.542602s, 183396 KB] f = 53, 121 evaluated, 96 expanded
[t=0.542658s, 183396 KB] f = 55, 144 evaluated, 110 expanded
[t=0.542686s, 183396 KB] f = 57, 160 evaluated, 131 expanded
[t=0.542729s, 183396 KB] f = 59, 192 evaluated, 148 expanded
[t=0.542827s, 183396 KB] f = 61, 251 evaluated, 195 expanded
[t=0.542894s, 183396 KB] f = 63, 292 evaluated, 239 expanded
[t=0.542923s, 183396 KB] f = 65, 308 evaluated, 262 expanded
[t=0.542976s, 183396 KB] f = 67, 356 evaluated, 294 expanded
[t=0.543044s, 183396 KB] f = 69, 413 evaluated, 346 expanded
[t=0.543088s, 183396 KB] f = 71, 444 evaluated, 382 expanded
[t=0.543115s, 183396 KB] f = 73, 458 evaluated, 407 expanded
[t=0.543152s, 183396 KB] f = 75, 487 evaluated, 430 expanded
[t=0.543171s, 183396 KB] f = 77, 494 evaluated, 449 expanded
[t=0.543177s, 183396 KB] Completely explored state space -- no solution!
[t=0.543180s, 183396 KB] Actual search time: 0.000848s
[t=0.543184s, 183396 KB] Expanded 454 state(s).
[t=0.543184s, 183396 KB] Reopened 0 state(s).
[t=0.543184s, 183396 KB] Evaluated 494 state(s).
[t=0.543184s, 183396 KB] Evaluations: 494
[t=0.543184s, 183396 KB] Generated 1184 state(s).
[t=0.543184s, 183396 KB] Dead ends: 40 state(s).
[t=0.543184s, 183396 KB] Expanded until last jump: 449 state(s).
[t=0.543184s, 183396 KB] Reopened until last jump: 0 state(s).
[t=0.543184s, 183396 KB] Evaluated until last jump: 494 state(s).
[t=0.543184s, 183396 KB] Generated until last jump: 1175 state(s).
[t=0.543184s, 183396 KB] Number of registered states: 494
[t=0.543184s, 183396 KB] Int hash set load factor: 494/512 = 0.964844
[t=0.543184s, 183396 KB] Int hash set resizes: 9
[t=0.543184s, 183396 KB] Search time: 0.000988s
[t=0.543184s, 183396 KB] Total time: 0.543184s
Search stopped without finding a solution.
Remove intermediate file output.sas
search exit code: 12

Driver aborting after search

