$ D:\Miniforge3\python.exe C:/Users/user/Desktop/theoria/.worktrees/p13/engine-rig/.toolchain/downward/fast-downward.py --plan-file C:\Users\user\AppData\Local\Temp\e7verifyb9sqsqle\sas_plan C:\Users\user\Desktop\theoria\.worktrees\e7-deadlock-claim\engine-rig\fixtures\data\sokoban_domain.pddl C:\Users\user\Desktop\theoria\.worktrees\e7-deadlock-claim\engine-rig\runs\20260728T150713Z-E7-deadlock-claim-audit\attacks\work\a5\swap\swap-passage.pddl --search astar(cpdbs(patterns=manual_patterns([[23,24,22,19,18,13,12,20,21,17,11]])))

INFO     planner time limit: None
INFO     planner memory limit: None

INFO     Running translator.
INFO     translator stdin: None
INFO     translator time limit: None
INFO     translator memory limit: None
INFO     translator command line string: 'D:\Miniforge3\python.exe' -m translate 'C:\Users\user\Desktop\theoria\.worktrees\e7-deadlock-claim\engine-rig\fixtures\data\sokoban_domain.pddl' 'C:\Users\user\Desktop\theoria\.worktrees\e7-deadlock-claim\engine-rig\runs\20260728T150713Z-E7-deadlock-claim-audit\attacks\work\a5\swap\swap-passage.pddl' --sas-file output.sas
Warning! SIGXCPU is not available on your platform. This means that the planner cannot be gracefully terminated when using a time limit, which, however, is probably supported on your platform anyway.
Parsing...
Parsing: [0.000s CPU, 0.002s wall-clock]
Normalizing task... [0.000s CPU, 0.000s wall-clock]
Instantiating...
Generating Datalog program... [0.000s CPU, 0.000s wall-clock]
Normalizing Datalog program...
Normalizing Datalog program: [0.000s CPU, 0.001s wall-clock]
Preparing model... [0.000s CPU, 0.000s wall-clock]
Generated 20 rules.
Computing model... [0.016s CPU, 0.005s wall-clock]
597 relevant atoms
888 auxiliary atoms
1485 final queue length
1755 total queue pushes
Completing instantiation... [0.000s CPU, 0.002s wall-clock]
Instantiating: [0.016s CPU, 0.008s wall-clock]
Computing fact groups...
Finding invariants...
7 initial candidates
Finding invariants: [0.000s CPU, 0.001s wall-clock]
Checking invariant weight... [0.000s CPU, 0.000s wall-clock]
Instantiating groups... [0.000s CPU, 0.002s wall-clock]
Collecting mutex groups... [0.000s CPU, 0.000s wall-clock]
Choosing groups...
54 uncovered facts
Choosing groups: [0.000s CPU, 0.000s wall-clock]
Building translation key... [0.000s CPU, 0.000s wall-clock]
Computing fact groups: [0.000s CPU, 0.004s wall-clock]
Building STRIPS to SAS dictionary... [0.000s CPU, 0.000s wall-clock]
Building dictionary for full mutex groups... [0.000s CPU, 0.000s wall-clock]
Building mutex information...
Building mutex information: [0.000s CPU, 0.000s wall-clock]
Translating task...
Processing axioms...
Simplifying axioms... [0.000s CPU, 0.000s wall-clock]
Translator axioms removed by simplifying: 0
Processing axioms: [0.000s CPU, 0.000s wall-clock]
Translating task: [0.000s CPU, 0.003s wall-clock]
204 effect conditions simplified
0 implied preconditions added
Detecting unreachable propositions...
0 operators removed
0 axioms removed
67 propositions removed
Detecting unreachable propositions: [0.000s CPU, 0.001s wall-clock]
Reordering and filtering variables...
25 of 25 variables necessary.
22 of 25 mutex groups necessary.
132 of 132 operators necessary.
0 of 0 axiom rules necessary.
Reordering and filtering variables: [0.000s CPU, 0.001s wall-clock]
Translator variables: 25
Translator derived variables: 0
Translator facts: 110
Translator goal facts: 2
Translator mutex groups: 22
Translator total mutex groups size: 88
Translator operators: 132
Translator axioms: 0
Translator task size: 1233
warning: could not determine peak memory
Writing output... [0.000s CPU, 0.010s wall-clock]
Done! [0.016s CPU, 0.031s wall-clock]
translate exit code: 0

INFO     Running search (release).
INFO     search stdin: output.sas
INFO     search time limit: None
INFO     search memory limit: None
INFO     search command line string: 'C:\Users\user\Desktop\theoria\.worktrees\p13\engine-rig\.toolchain\downward\builds\release\bin\downward.exe' --search 'astar(cpdbs(patterns=manual_patterns([[23,24,22,19,18,13,12,20,21,17,11]])))' --internal-plan-file 'C:\Users\user\AppData\Local\Temp\e7verifyb9sqsqle\sas_plan' < output.sas
[t=0.000154s, 1888 KB] Search code revision: 7120aa0
[t=0.000251s, 1888 KB] reading input...
[t=0.001692s, 2168 KB] done reading input!
[t=0.003547s, 2868 KB] Initializing canonical PDB heuristic...
[t=0.003563s, 2868 KB] Generating patterns using: manual pattern collection generator
[t=0.003569s, 2868 KB] Manual pattern collection: [[23, 24, 22, 19, 18, 13, 12, 20, 21, 17, 11]]
[t=0.003580s, 2868 KB] manual pattern collection generator number of patterns: 1
[t=0.003583s, 2868 KB] manual pattern collection generator total PDB size: 2725888
[t=0.003586s, 2868 KB] manual pattern collection generator computation time: 1.1e-05s
[t=0.003593s, 2868 KB] Computing PDBs for pattern collection...
[t=0.019874s, 13816 KB] Done computing PDBs for pattern collection: 0.016298s
[t=0.019905s, 13816 KB] Computing pattern cliques for pattern collection...
[t=0.019932s, 13816 KB] Done computing pattern cliques for pattern collection: 0.000028s
[t=0.019940s, 13816 KB] Running dominance pruning...
[t=0.019953s, 13816 KB] Pruned 0 of 1 pattern cliques
[t=0.019955s, 13816 KB] Pruned 0 of 1 PDBs
[t=0.019958s, 13816 KB] Dominance pruning took 0.000009s
[t=0.019963s, 13816 KB] Canonical PDB heuristic number of patterns: 1
[t=0.019966s, 13816 KB] Canonical PDB heuristic total PDB size: 2725888
[t=0.019969s, 13816 KB] Canonical PDB heuristic computation time: 0.016417s
[t=0.020011s, 13816 KB] Building successor generator... done!
[t=0.020074s, 13816 KB] peak memory difference for successor generator creation: 0 KB
[t=0.020077s, 13816 KB] time for successor generation creation: 0.000056s
[t=0.020083s, 13816 KB] Variables: 25
[t=0.020088s, 13816 KB] FactPairs: 110
[t=0.020090s, 13816 KB] Bytes per state: 8
[t=0.020102s, 13816 KB] Conducting best first search with reopening closed nodes, (real) bound = 2147483647
[t=0.020134s, 13816 KB] Initial state is a dead end.
[t=0.020138s, 13816 KB] Initial heuristic value for cpdbs: infinity
[t=0.020141s, 13816 KB] pruning method: none
[t=0.020147s, 13816 KB] Completely explored state space -- no solution!
[t=0.020149s, 13816 KB] Actual search time: 0.000006s
[t=0.020153s, 13816 KB] Expanded 0 state(s).
[t=0.020153s, 13816 KB] Reopened 0 state(s).
[t=0.020153s, 13816 KB] Evaluated 1 state(s).
[t=0.020153s, 13816 KB] Evaluations: 1
[t=0.020153s, 13816 KB] Generated 0 state(s).
[t=0.020153s, 13816 KB] Dead ends: 0 state(s).
[t=0.020153s, 13816 KB] Number of registered states: 1
[t=0.020153s, 13816 KB] Int hash set load factor: 1/1 = 1.000000
[t=0.020153s, 13816 KB] Int hash set resizes: 0
[t=0.020153s, 13816 KB] Search time: 0.000053s
[t=0.020153s, 13816 KB] Total time: 0.020153s
Search stopped without finding a solution.
Remove intermediate file output.sas
search exit code: 12

Driver aborting after search

