$ D:\Miniforge3\python.exe C:/Users/user/Desktop/theoria/.worktrees/p13/engine-rig/.toolchain/downward/fast-downward.py --plan-file C:\Users\user\AppData\Local\Temp\e7verify_2x4ji9a\sas_plan C:\Users\user\Desktop\theoria\.worktrees\e7-deadlock-claim\engine-rig\fixtures\data\sokoban_domain.pddl C:\Users\user\Desktop\theoria\.worktrees\e7-deadlock-claim\engine-rig\runs\20260728T150713Z-E7-deadlock-claim-audit\attacks\work\a7\hunt0070\hunt0070.pddl --search astar(lmcut())

INFO     planner time limit: None
INFO     planner memory limit: None

INFO     Running translator.
INFO     translator stdin: None
INFO     translator time limit: None
INFO     translator memory limit: None
INFO     translator command line string: 'D:\Miniforge3\python.exe' -m translate 'C:\Users\user\Desktop\theoria\.worktrees\e7-deadlock-claim\engine-rig\fixtures\data\sokoban_domain.pddl' 'C:\Users\user\Desktop\theoria\.worktrees\e7-deadlock-claim\engine-rig\runs\20260728T150713Z-E7-deadlock-claim-audit\attacks\work\a7\hunt0070\hunt0070.pddl' --sas-file output.sas
Warning! SIGXCPU is not available on your platform. This means that the planner cannot be gracefully terminated when using a time limit, which, however, is probably supported on your platform anyway.
Parsing...
Parsing: [0.000s CPU, 0.002s wall-clock]
Normalizing task... [0.000s CPU, 0.000s wall-clock]
Instantiating...
Generating Datalog program... [0.000s CPU, 0.000s wall-clock]
Normalizing Datalog program...
Normalizing Datalog program: [0.000s CPU, 0.001s wall-clock]
Preparing model... [0.000s CPU, 0.000s wall-clock]
Generated 20 rules.
Computing model... [0.000s CPU, 0.005s wall-clock]
614 relevant atoms
862 auxiliary atoms
1476 final queue length
2053 total queue pushes
Completing instantiation... [0.000s CPU, 0.003s wall-clock]
Instantiating: [0.000s CPU, 0.010s wall-clock]
Computing fact groups...
Finding invariants...
7 initial candidates
Finding invariants: [0.000s CPU, 0.001s wall-clock]
Checking invariant weight... [0.000s CPU, 0.000s wall-clock]
Instantiating groups... [0.000s CPU, 0.000s wall-clock]
Collecting mutex groups... [0.000s CPU, 0.000s wall-clock]
Choosing groups...
33 uncovered facts
Choosing groups: [0.000s CPU, 0.000s wall-clock]
Building translation key... [0.000s CPU, 0.000s wall-clock]
Computing fact groups: [0.000s CPU, 0.002s wall-clock]
Building STRIPS to SAS dictionary... [0.000s CPU, 0.000s wall-clock]
Building dictionary for full mutex groups... [0.000s CPU, 0.000s wall-clock]
Building mutex information...
Building mutex information: [0.000s CPU, 0.000s wall-clock]
Translating task...
Processing axioms...
Simplifying axioms... [0.000s CPU, 0.000s wall-clock]
Translator axioms removed by simplifying: 0
Processing axioms: [0.016s CPU, 0.000s wall-clock]
Translating task: [0.016s CPU, 0.005s wall-clock]
416 effect conditions simplified
0 implied preconditions added
Detecting unreachable propositions...
0 operators removed
0 axioms removed
3 propositions removed
Detecting unreachable propositions: [0.000s CPU, 0.003s wall-clock]
Reordering and filtering variables...
36 of 36 variables necessary.
33 of 36 mutex groups necessary.
260 of 260 operators necessary.
0 of 0 axiom rules necessary.
Reordering and filtering variables: [0.000s CPU, 0.002s wall-clock]
Translator variables: 36
Translator derived variables: 0
Translator facts: 165
Translator goal facts: 2
Translator mutex groups: 33
Translator total mutex groups size: 132
Translator operators: 260
Translator axioms: 0
Translator task size: 2363
warning: could not determine peak memory
Writing output... [0.000s CPU, 0.011s wall-clock]
Done! [0.016s CPU, 0.035s wall-clock]
translate exit code: 0

INFO     Running search (release).
INFO     search stdin: output.sas
INFO     search time limit: None
INFO     search memory limit: None
INFO     search command line string: 'C:\Users\user\Desktop\theoria\.worktrees\p13\engine-rig\.toolchain\downward\builds\release\bin\downward.exe' --search 'astar(lmcut())' --internal-plan-file 'C:\Users\user\AppData\Local\Temp\e7verify_2x4ji9a\sas_plan' < output.sas
[t=0.000107s, 1936 KB] Search code revision: 7120aa0
[t=0.000188s, 1964 KB] reading input...
[t=0.002746s, 2472 KB] done reading input!
[t=0.003756s, 3048 KB] Initializing landmark cut heuristic...
[t=0.003791s, 3048 KB] Building successor generator... done!
[t=0.003887s, 3080 KB] peak memory difference for successor generator creation: 32 KB
[t=0.003889s, 3080 KB] time for successor generation creation: 0.000088s
[t=0.003895s, 3080 KB] Variables: 36
[t=0.003899s, 3080 KB] FactPairs: 165
[t=0.003901s, 3080 KB] Bytes per state: 8
[t=0.003984s, 3080 KB] Conducting best first search with reopening closed nodes, (real) bound = 2147483647
[t=0.004074s, 3092 KB] New best heuristic value for lmcut: 14
[t=0.004079s, 3092 KB] g=0, 1 evaluated, 0 expanded
[t=0.004081s, 3092 KB] f = 14, 1 evaluated, 0 expanded
[t=0.004087s, 3092 KB] Initial heuristic value for lmcut: 14
[t=0.004090s, 3092 KB] pruning method: none
[t=0.004268s, 3092 KB] New best heuristic value for lmcut: 13
[t=0.004272s, 3092 KB] g=1, 4 evaluated, 1 expanded
[t=0.004430s, 3092 KB] New best heuristic value for lmcut: 12
[t=0.004434s, 3092 KB] g=2, 7 evaluated, 2 expanded
[t=0.004484s, 3092 KB] New best heuristic value for lmcut: 11
[t=0.004487s, 3092 KB] g=3, 8 evaluated, 3 expanded
[t=0.004679s, 3092 KB] New best heuristic value for lmcut: 10
[t=0.004683s, 3092 KB] g=4, 12 evaluated, 4 expanded
[t=0.004794s, 3092 KB] f = 15, 14 evaluated, 5 expanded
[t=0.005240s, 3092 KB] f = 16, 24 evaluated, 11 expanded
[t=0.005282s, 3092 KB] New best heuristic value for lmcut: 9
[t=0.005286s, 3092 KB] g=7, 25 evaluated, 12 expanded
[t=0.005399s, 3104 KB] New best heuristic value for lmcut: 8
[t=0.005404s, 3104 KB] g=8, 28 evaluated, 13 expanded
[t=0.005467s, 3104 KB] New best heuristic value for lmcut: 7
[t=0.005471s, 3104 KB] g=9, 30 evaluated, 14 expanded
[t=0.005939s, 3124 KB] f = 17, 42 evaluated, 22 expanded
[t=0.006080s, 3124 KB] New best heuristic value for lmcut: 6
[t=0.006084s, 3124 KB] g=10, 47 evaluated, 24 expanded
[t=0.007556s, 3124 KB] f = 18, 80 evaluated, 44 expanded
[t=0.009895s, 3124 KB] f = 19, 134 evaluated, 74 expanded
[t=0.010138s, 3124 KB] New best heuristic value for lmcut: 5
[t=0.010142s, 3124 KB] g=14, 140 evaluated, 77 expanded
[t=0.010343s, 3124 KB] New best heuristic value for lmcut: 4
[t=0.010359s, 3124 KB] g=15, 144 evaluated, 78 expanded
[t=0.013235s, 3124 KB] f = 20, 209 evaluated, 113 expanded
[t=0.013514s, 3124 KB] New best heuristic value for lmcut: 3
[t=0.013520s, 3124 KB] g=17, 218 evaluated, 118 expanded
[t=0.013623s, 3124 KB] New best heuristic value for lmcut: 2
[t=0.013628s, 3124 KB] g=18, 223 evaluated, 119 expanded
[t=0.013682s, 3124 KB] New best heuristic value for lmcut: 1
[t=0.013687s, 3124 KB] g=19, 226 evaluated, 120 expanded
[t=0.013770s, 3124 KB] New best heuristic value for lmcut: 0
[t=0.013789s, 3124 KB] g=20, 229 evaluated, 121 expanded
[t=0.013793s, 3124 KB] Solution found!
[t=0.013797s, 3124 KB] Actual search time: 0.009706s
move c53 c43 up (1)
move c43 c33 up (1)
move c33 c32 left (1)
push c32 c22 c12 b1 up (1)
move c22 c21 left (1)
move c21 c11 up (1)
push c11 c12 c13 b1 right (1)
push c12 c13 c14 b1 right (1)
push c13 c14 c15 b1 right (1)
move c14 c24 down (1)
move c24 c34 down (1)
move c34 c35 right (1)
move c35 c36 right (1)
move c36 c26 up (1)
push c26 c25 c24 b2 left (1)
push c25 c24 c23 b2 left (1)
push c24 c23 c22 b2 left (1)
move c23 c13 up (1)
move c13 c12 left (1)
push c12 c22 c32 b2 down (1)
[t=0.013801s, 3124 KB] Plan length: 20 step(s).
[t=0.013801s, 3124 KB] Plan cost: 20
[t=0.013801s, 3124 KB] Expanded 122 state(s).
[t=0.013801s, 3124 KB] Reopened 0 state(s).
[t=0.013801s, 3124 KB] Evaluated 229 state(s).
[t=0.013801s, 3124 KB] Evaluations: 229
[t=0.013801s, 3124 KB] Generated 388 state(s).
[t=0.013801s, 3124 KB] Dead ends: 13 state(s).
[t=0.013801s, 3124 KB] Expanded until last jump: 113 state(s).
[t=0.013801s, 3124 KB] Reopened until last jump: 0 state(s).
[t=0.013801s, 3124 KB] Evaluated until last jump: 209 state(s).
[t=0.013801s, 3124 KB] Generated until last jump: 363 state(s).
[t=0.013801s, 3124 KB] Number of registered states: 229
[t=0.013801s, 3124 KB] Int hash set load factor: 229/256 = 0.894531
[t=0.013801s, 3124 KB] Int hash set resizes: 8
[t=0.013801s, 3124 KB] Search time: 0.009818s
[t=0.013801s, 3124 KB] Total time: 0.013801s
Solution found.
Remove intermediate file output.sas
search exit code: 0


