$ D:\Miniforge3\python.exe C:/Users/user/Desktop/theoria/.worktrees/p13/engine-rig/.toolchain/downward/fast-downward.py --plan-file C:\Users\user\AppData\Local\Temp\e7verify5dwtv29b\sas_plan C:\Users\user\Desktop\theoria\.worktrees\e7-deadlock-claim\engine-rig\runs\20260728T150713Z-E7-deadlock-claim-audit\attacks\verify\admissible\work\three-far8\singleton\sokoban_guarded_singleton_domain.pddl C:\Users\user\Desktop\theoria\.worktrees\e7-deadlock-claim\engine-rig\runs\20260728T150713Z-E7-deadlock-claim-audit\attacks\verify\admissible\work\three-far8\singleton\three-far8_guarded_singleton.pddl --search eager(tiebreaking([sum([g(),lmcut()])]),reopen_closed=true,f_eval=sum([g(),lmcut()]))

INFO     planner time limit: None
INFO     planner memory limit: None

INFO     Running translator.
INFO     translator stdin: None
INFO     translator time limit: None
INFO     translator memory limit: None
INFO     translator command line string: 'D:\Miniforge3\python.exe' -m translate 'C:\Users\user\Desktop\theoria\.worktrees\e7-deadlock-claim\engine-rig\runs\20260728T150713Z-E7-deadlock-claim-audit\attacks\verify\admissible\work\three-far8\singleton\sokoban_guarded_singleton_domain.pddl' 'C:\Users\user\Desktop\theoria\.worktrees\e7-deadlock-claim\engine-rig\runs\20260728T150713Z-E7-deadlock-claim-audit\attacks\verify\admissible\work\three-far8\singleton\three-far8_guarded_singleton.pddl' --sas-file output.sas
Warning! SIGXCPU is not available on your platform. This means that the planner cannot be gracefully terminated when using a time limit, which, however, is probably supported on your platform anyway.
Parsing...
Parsing: [0.000s CPU, 0.002s wall-clock]
Normalizing task... [0.000s CPU, 0.000s wall-clock]
Instantiating...
Generating Datalog program... [0.000s CPU, 0.000s wall-clock]
Normalizing Datalog program...
Normalizing Datalog program: [0.000s CPU, 0.001s wall-clock]
Preparing model... [0.000s CPU, 0.001s wall-clock]
Generated 20 rules.
Computing model... [0.016s CPU, 0.009s wall-clock]
1570 relevant atoms
1952 auxiliary atoms
3522 final queue length
5442 total queue pushes
Completing instantiation... [0.016s CPU, 0.012s wall-clock]
Instantiating: [0.031s CPU, 0.023s wall-clock]
Computing fact groups...
Finding invariants...
7 initial candidates
Finding invariants: [0.000s CPU, 0.001s wall-clock]
Checking invariant weight... [0.000s CPU, 0.000s wall-clock]
Instantiating groups... [0.000s CPU, 0.002s wall-clock]
Collecting mutex groups... [0.000s CPU, 0.000s wall-clock]
Choosing groups...
64 uncovered facts
Choosing groups: [0.000s CPU, 0.000s wall-clock]
Building translation key... [0.000s CPU, 0.000s wall-clock]
Computing fact groups: [0.000s CPU, 0.004s wall-clock]
Building STRIPS to SAS dictionary... [0.000s CPU, 0.000s wall-clock]
Building dictionary for full mutex groups... [0.000s CPU, 0.000s wall-clock]
Building mutex information...
Building mutex information: [0.000s CPU, 0.000s wall-clock]
Translating task...
Processing axioms...
Simplifying axioms... [0.000s CPU, 0.000s wall-clock]
Translator axioms removed by simplifying: 0
Processing axioms: [0.000s CPU, 0.001s wall-clock]
Translating task: [0.016s CPU, 0.014s wall-clock]
1328 effect conditions simplified
0 implied preconditions added
Detecting unreachable propositions...
0 operators removed
0 axioms removed
16 propositions removed
Detecting unreachable propositions: [0.000s CPU, 0.007s wall-clock]
Reordering and filtering variables...
68 of 68 variables necessary.
64 of 68 mutex groups necessary.
776 of 776 operators necessary.
0 of 0 axiom rules necessary.
Reordering and filtering variables: [0.016s CPU, 0.004s wall-clock]
Translator variables: 68
Translator derived variables: 0
Translator facts: 372
Translator goal facts: 3
Translator mutex groups: 64
Translator total mutex groups size: 308
Translator operators: 776
Translator axioms: 0
Translator task size: 7063
warning: could not determine peak memory
Writing output... [0.000s CPU, 1.159s wall-clock]
Done! [0.062s CPU, 1.216s wall-clock]
translate exit code: 0

INFO     Running search (release).
INFO     search stdin: output.sas
INFO     search time limit: None
INFO     search memory limit: None
INFO     search command line string: 'C:\Users\user\Desktop\theoria\.worktrees\p13\engine-rig\.toolchain\downward\builds\release\bin\downward.exe' --search 'eager(tiebreaking([sum([g(),lmcut()])]),reopen_closed=true,f_eval=sum([g(),lmcut()]))' --internal-plan-file 'C:\Users\user\AppData\Local\Temp\e7verify5dwtv29b\sas_plan' < output.sas
[t=0.000150s, 1964 KB] Search code revision: 7120aa0
[t=0.000244s, 1964 KB] reading input...
[t=0.007129s, 2764 KB] done reading input!
[t=0.008754s, 3436 KB] Initializing landmark cut heuristic...
[t=0.009095s, 3680 KB] Initializing landmark cut heuristic...
[t=0.009112s, 3680 KB] Building successor generator... done!
[t=0.009348s, 3816 KB] peak memory difference for successor generator creation: 136 KB
[t=0.009351s, 3816 KB] time for successor generation creation: 0.000228s
[t=0.009357s, 3816 KB] Variables: 68
[t=0.009359s, 3816 KB] FactPairs: 372
[t=0.009362s, 3816 KB] Bytes per state: 12
[t=0.009372s, 3816 KB] Conducting best first search with reopening closed nodes, (real) bound = 2147483647
[t=0.009762s, 3816 KB] New best heuristic value for lmcut: 27
[t=0.009767s, 3816 KB] g=0, 1 evaluated, 0 expanded
[t=0.010033s, 3816 KB] f = 27, 1 evaluated, 0 expanded
[t=0.010045s, 3828 KB] Initial heuristic value for lmcut: 27
[t=0.010048s, 3828 KB] Initial heuristic value for lmcut: 27
[t=0.010050s, 3828 KB] pruning method: none
[t=0.010369s, 3828 KB] New best heuristic value for lmcut: 26
[t=0.010377s, 3828 KB] g=1, 2 evaluated, 1 expanded
[t=0.011252s, 3828 KB] New best heuristic value for lmcut: 25
[t=0.011257s, 3828 KB] g=2, 4 evaluated, 2 expanded
[t=0.012635s, 3828 KB] New best heuristic value for lmcut: 24
[t=0.012641s, 3828 KB] g=3, 7 evaluated, 4 expanded
[t=0.014501s, 3828 KB] New best heuristic value for lmcut: 23
[t=0.014509s, 3828 KB] g=4, 11 evaluated, 7 expanded
[t=0.016895s, 3828 KB] New best heuristic value for lmcut: 21
[t=0.016902s, 3828 KB] g=5, 16 evaluated, 11 expanded
[t=0.017721s, 3828 KB] New best heuristic value for lmcut: 18
[t=0.017726s, 3828 KB] g=6, 18 evaluated, 12 expanded
[t=0.018544s, 3828 KB] New best heuristic value for lmcut: 16
[t=0.018550s, 3828 KB] g=7, 20 evaluated, 13 expanded
[t=0.019300s, 3828 KB] New best heuristic value for lmcut: 15
[t=0.019306s, 3828 KB] g=8, 22 evaluated, 14 expanded
[t=0.019780s, 3828 KB] New best heuristic value for lmcut: 14
[t=0.019786s, 3828 KB] g=9, 23 evaluated, 15 expanded
[t=0.020211s, 3828 KB] New best heuristic value for lmcut: 13
[t=0.020216s, 3828 KB] g=10, 24 evaluated, 16 expanded
[t=0.020909s, 3828 KB] New best heuristic value for lmcut: 12
[t=0.020914s, 3828 KB] g=11, 26 evaluated, 17 expanded
[t=0.024375s, 3828 KB] New best heuristic value for lmcut: 11
[t=0.024382s, 3828 KB] g=12, 35 evaluated, 23 expanded
[t=0.031878s, 3828 KB] New best heuristic value for lmcut: 10
[t=0.031895s, 3828 KB] g=16, 58 evaluated, 33 expanded
[t=0.052213s, 3852 KB] f = 28, 109 evaluated, 66 expanded
[t=0.066306s, 3852 KB] New best heuristic value for lmcut: 9
[t=0.066316s, 3852 KB] g=18, 154 evaluated, 86 expanded
[t=0.071924s, 3852 KB] f = 29, 172 evaluated, 93 expanded
[t=0.107097s, 3852 KB] f = 30, 276 evaluated, 147 expanded
[t=0.219870s, 3876 KB] New best heuristic value for lmcut: 8
[t=0.219893s, 3876 KB] g=22, 601 evaluated, 313 expanded
[t=0.229899s, 3876 KB] f = 31, 634 evaluated, 327 expanded
[t=0.359351s, 3896 KB] f = 32, 1019 evaluated, 527 expanded, 1 reopened
[t=0.719592s, 3988 KB] f = 33, 2109 evaluated, 1073 expanded, 3 reopened
[t=1.020629s, 4016 KB] New best heuristic value for lmcut: 7
[t=1.020651s, 4016 KB] g=24, 3018 evaluated, 1547 expanded, 12 reopened
[t=1.124811s, 4016 KB] f = 34, 3343 evaluated, 1711 expanded, 12 reopened
[t=1.897063s, 4272 KB] New best heuristic value for lmcut: 6
[t=1.897083s, 4272 KB] g=28, 5731 evaluated, 2960 expanded, 14 reopened
[t=1.906724s, 4272 KB] f = 35, 5767 evaluated, 2973 expanded, 14 reopened
[t=2.883971s, 4428 KB] New best heuristic value for lmcut: 5
[t=2.883995s, 4428 KB] g=29, 8739 evaluated, 4546 expanded, 23 reopened
[t=3.170794s, 4428 KB] f = 36, 9678 evaluated, 5023 expanded, 26 reopened
[t=5.202068s, 4956 KB] f = 37, 15811 evaluated, 8350 expanded, 52 reopened
[t=7.789326s, 5224 KB] New best heuristic value for lmcut: 4
[t=7.789350s, 5224 KB] g=33, 23565 evaluated, 12686 expanded, 77 reopened
[t=8.218969s, 5224 KB] New best heuristic value for lmcut: 3
[t=8.218991s, 5224 KB] g=34, 25001 evaluated, 13411 expanded, 82 reopened
[t=8.219241s, 5224 KB] New best heuristic value for lmcut: 2
[t=8.219245s, 5224 KB] g=35, 25004 evaluated, 13412 expanded, 82 reopened
[t=8.219424s, 5224 KB] New best heuristic value for lmcut: 1
[t=8.219429s, 5224 KB] g=36, 25007 evaluated, 13413 expanded, 82 reopened
[t=8.219524s, 5224 KB] New best heuristic value for lmcut: 0
[t=8.219528s, 5224 KB] g=37, 25009 evaluated, 13414 expanded, 82 reopened
[t=8.219624s, 5224 KB] Solution found!
[t=8.219637s, 5224 KB] Actual search time: 8.209586s
move c88 c78 up (1)
move c78 c68 up (1)
move c68 c58 up (1)
move c58 c48 up (1)
move c48 c38 up (1)
move c38 c28 up (1)
move c28 c27 left (1)
move c27 c26 left (1)
move c26 c25 left (1)
push c25 c24 c23 b2 left (1)
push c24 c34 c44 b3 down (1)
push c34 c44 c54 b3 down (1)
push c44 c54 c64 b3 down (1)
move c54 c53 left (1)
move c53 c63 down (1)
push c63 c64 c65 b3 right (1)
move c64 c54 up (1)
move c54 c44 up (1)
move c44 c34 up (1)
move c34 c24 up (1)
move c24 c14 up (1)
move c14 c13 left (1)
push c13 c23 c33 b2 down (1)
push c23 c33 c43 b2 down (1)
push c33 c43 c53 b2 down (1)
push c43 c53 c63 b2 down (1)
move c53 c43 up (1)
move c43 c33 up (1)
move c33 c23 up (1)
push c23 c22 c21 b1 left (1)
move c22 c12 up (1)
move c12 c11 left (1)
push c11 c21 c31 b1 down (1)
push c21 c31 c41 b1 down (1)
push c31 c41 c51 b1 down (1)
push c41 c51 c61 b1 down (1)
push c51 c61 c71 b1 down (1)
[t=8.219641s, 5224 KB] Plan length: 37 step(s).
[t=8.219641s, 5224 KB] Plan cost: 37
[t=8.219641s, 5224 KB] Expanded 13415 state(s).
[t=8.219641s, 5224 KB] Reopened 82 state(s).
[t=8.219641s, 5224 KB] Evaluated 25011 state(s).
[t=8.219641s, 5224 KB] Evaluations: 38344
[t=8.219641s, 5224 KB] Generated 46577 state(s).
[t=8.219641s, 5224 KB] Dead ends: 560 state(s).
[t=8.219641s, 5224 KB] Expanded until last jump: 8350 state(s).
[t=8.219641s, 5224 KB] Reopened until last jump: 52 state(s).
[t=8.219641s, 5224 KB] Evaluated until last jump: 15811 state(s).
[t=8.219641s, 5224 KB] Generated until last jump: 28735 state(s).
[t=8.219641s, 5224 KB] Number of registered states: 25011
[t=8.219641s, 5224 KB] Int hash set load factor: 25011/32768 = 0.763275
[t=8.219641s, 5224 KB] Int hash set resizes: 15
[t=8.219641s, 5224 KB] Search time: 8.210270s
[t=8.219641s, 5224 KB] Total time: 8.219641s
Solution found.
Remove intermediate file output.sas
search exit code: 0


