$ D:\Miniforge3\python.exe C:/Users/user/Desktop/theoria/.worktrees/p13/engine-rig/.toolchain/downward/fast-downward.py --plan-file C:\Users\user\AppData\Local\Temp\e7verifyurula_cr\sas_plan C:\Users\user\Desktop\theoria\.worktrees\e7-deadlock-claim\engine-rig\runs\20260728T150713Z-E7-deadlock-claim-audit\attacks\work\a3\three-far8\singleton\sokoban_guarded_singleton_domain.pddl C:\Users\user\Desktop\theoria\.worktrees\e7-deadlock-claim\engine-rig\runs\20260728T150713Z-E7-deadlock-claim-audit\attacks\work\a3\three-far8\singleton\three-far8_guarded_singleton.pddl --search eager(tiebreaking([sum([g(),lmcut()]),g()]),reopen_closed=true,f_eval=sum([g(),lmcut()]))

INFO     planner time limit: None
INFO     planner memory limit: None

INFO     Running translator.
INFO     translator stdin: None
INFO     translator time limit: None
INFO     translator memory limit: None
INFO     translator command line string: 'D:\Miniforge3\python.exe' -m translate 'C:\Users\user\Desktop\theoria\.worktrees\e7-deadlock-claim\engine-rig\runs\20260728T150713Z-E7-deadlock-claim-audit\attacks\work\a3\three-far8\singleton\sokoban_guarded_singleton_domain.pddl' 'C:\Users\user\Desktop\theoria\.worktrees\e7-deadlock-claim\engine-rig\runs\20260728T150713Z-E7-deadlock-claim-audit\attacks\work\a3\three-far8\singleton\three-far8_guarded_singleton.pddl' --sas-file output.sas
Warning! SIGXCPU is not available on your platform. This means that the planner cannot be gracefully terminated when using a time limit, which, however, is probably supported on your platform anyway.
Parsing...
Parsing: [0.000s CPU, 0.003s wall-clock]
Normalizing task... [0.000s CPU, 0.000s wall-clock]
Instantiating...
Generating Datalog program... [0.000s CPU, 0.000s wall-clock]
Normalizing Datalog program...
Normalizing Datalog program: [0.000s CPU, 0.001s wall-clock]
Preparing model... [0.000s CPU, 0.003s wall-clock]
Generated 20 rules.
Computing model... [0.016s CPU, 0.010s wall-clock]
1892 relevant atoms
2478 auxiliary atoms
4370 final queue length
6290 total queue pushes
Completing instantiation... [0.016s CPU, 0.012s wall-clock]
Instantiating: [0.031s CPU, 0.026s wall-clock]
Computing fact groups...
Finding invariants...
7 initial candidates
Finding invariants: [0.000s CPU, 0.001s wall-clock]
Checking invariant weight... [0.000s CPU, 0.000s wall-clock]
Instantiating groups... [0.000s CPU, 0.004s wall-clock]
Collecting mutex groups... [0.000s CPU, 0.000s wall-clock]
Choosing groups...
108 uncovered facts
Choosing groups: [0.000s CPU, 0.000s wall-clock]
Building translation key... [0.000s CPU, 0.000s wall-clock]
Computing fact groups: [0.000s CPU, 0.007s wall-clock]
Building STRIPS to SAS dictionary... [0.000s CPU, 0.000s wall-clock]
Building dictionary for full mutex groups... [0.000s CPU, 0.000s wall-clock]
Building mutex information...
Building mutex information: [0.000s CPU, 0.000s wall-clock]
Translating task...
Processing axioms...
Simplifying axioms... [0.000s CPU, 0.000s wall-clock]
Translator axioms removed by simplifying: 0
Processing axioms: [0.000s CPU, 0.001s wall-clock]
Translating task: [0.016s CPU, 0.016s wall-clock]
1328 effect conditions simplified
0 implied preconditions added
Detecting unreachable propositions...
0 operators removed
0 axioms removed
104 propositions removed
Detecting unreachable propositions: [0.016s CPU, 0.007s wall-clock]
Reordering and filtering variables...
68 of 68 variables necessary.
64 of 68 mutex groups necessary.
776 of 776 operators necessary.
0 of 0 axiom rules necessary.
Reordering and filtering variables: [0.000s CPU, 0.004s wall-clock]
Translator variables: 68
Translator derived variables: 0
Translator facts: 372
Translator goal facts: 3
Translator mutex groups: 64
Translator total mutex groups size: 308
Translator operators: 776
Translator axioms: 0
Translator task size: 7063
warning: could not determine peak memory
Writing output... [0.016s CPU, 0.016s wall-clock]
Done! [0.078s CPU, 0.082s wall-clock]
translate exit code: 0

INFO     Running search (release).
INFO     search stdin: output.sas
INFO     search time limit: None
INFO     search memory limit: None
INFO     search command line string: 'C:\Users\user\Desktop\theoria\.worktrees\p13\engine-rig\.toolchain\downward\builds\release\bin\downward.exe' --search 'eager(tiebreaking([sum([g(),lmcut()]),g()]),reopen_closed=true,f_eval=sum([g(),lmcut()]))' --internal-plan-file 'C:\Users\user\AppData\Local\Temp\e7verifyurula_cr\sas_plan' < output.sas
[t=0.000105s, 1936 KB] Search code revision: 7120aa0
[t=0.000180s, 1956 KB] reading input...
[t=0.007238s, 2776 KB] done reading input!
[t=0.008781s, 3388 KB] Initializing landmark cut heuristic...
[t=0.009132s, 3644 KB] Initializing landmark cut heuristic...
[t=0.009153s, 3644 KB] Building successor generator... done!
[t=0.009393s, 3800 KB] peak memory difference for successor generator creation: 156 KB
[t=0.009396s, 3800 KB] time for successor generation creation: 0.000232s
[t=0.009404s, 3800 KB] Variables: 68
[t=0.009408s, 3800 KB] FactPairs: 372
[t=0.009410s, 3800 KB] Bytes per state: 12
[t=0.009423s, 3800 KB] Conducting best first search with reopening closed nodes, (real) bound = 2147483647
[t=0.009750s, 3800 KB] New best heuristic value for lmcut: 27
[t=0.009757s, 3800 KB] g=0, 1 evaluated, 0 expanded
[t=0.010019s, 3800 KB] f = 27, 1 evaluated, 0 expanded
[t=0.010028s, 3800 KB] Initial heuristic value for lmcut: 27
[t=0.010031s, 3800 KB] Initial heuristic value for lmcut: 27
[t=0.010034s, 3800 KB] pruning method: none
[t=0.010309s, 3800 KB] New best heuristic value for lmcut: 26
[t=0.010316s, 3800 KB] g=1, 2 evaluated, 1 expanded
[t=0.011033s, 3800 KB] New best heuristic value for lmcut: 25
[t=0.011041s, 3800 KB] g=2, 4 evaluated, 2 expanded
[t=0.012234s, 3800 KB] New best heuristic value for lmcut: 24
[t=0.012241s, 3800 KB] g=3, 7 evaluated, 4 expanded
[t=0.013850s, 3800 KB] New best heuristic value for lmcut: 23
[t=0.013860s, 3800 KB] g=4, 11 evaluated, 7 expanded
[t=0.015901s, 3800 KB] New best heuristic value for lmcut: 21
[t=0.015908s, 3800 KB] g=5, 16 evaluated, 11 expanded
[t=0.016645s, 3800 KB] New best heuristic value for lmcut: 18
[t=0.016651s, 3800 KB] g=6, 18 evaluated, 12 expanded
[t=0.017333s, 3800 KB] New best heuristic value for lmcut: 16
[t=0.017338s, 3800 KB] g=7, 20 evaluated, 13 expanded
[t=0.017971s, 3800 KB] New best heuristic value for lmcut: 14
[t=0.017977s, 3800 KB] g=8, 22 evaluated, 14 expanded
[t=0.018768s, 3800 KB] New best heuristic value for lmcut: 13
[t=0.018774s, 3800 KB] g=10, 24 evaluated, 16 expanded
[t=0.019388s, 3800 KB] New best heuristic value for lmcut: 12
[t=0.019394s, 3800 KB] g=11, 26 evaluated, 17 expanded
[t=0.022569s, 3800 KB] New best heuristic value for lmcut: 11
[t=0.022587s, 3800 KB] g=12, 35 evaluated, 23 expanded
[t=0.029307s, 3800 KB] New best heuristic value for lmcut: 10
[t=0.029331s, 3800 KB] g=16, 58 evaluated, 33 expanded
[t=0.046659s, 3840 KB] f = 28, 108 evaluated, 66 expanded
[t=0.059863s, 3840 KB] New best heuristic value for lmcut: 9
[t=0.059889s, 3840 KB] g=18, 156 evaluated, 87 expanded
[t=0.064241s, 3840 KB] f = 29, 172 evaluated, 93 expanded
[t=0.095826s, 3860 KB] f = 30, 276 evaluated, 147 expanded
[t=0.203183s, 3860 KB] New best heuristic value for lmcut: 8
[t=0.203206s, 3860 KB] g=22, 640 evaluated, 330 expanded
[t=0.204141s, 3860 KB] f = 31, 643 evaluated, 331 expanded
[t=0.322024s, 3900 KB] f = 32, 1049 evaluated, 542 expanded, 1 reopened
[t=0.628255s, 4020 KB] f = 33, 2119 evaluated, 1075 expanded, 1 reopened
[t=0.951939s, 4036 KB] New best heuristic value for lmcut: 7
[t=0.951962s, 4036 KB] g=25, 3208 evaluated, 1652 expanded, 5 reopened
[t=0.993112s, 4036 KB] f = 34, 3377 evaluated, 1723 expanded, 5 reopened
[t=1.695021s, 4288 KB] New best heuristic value for lmcut: 6
[t=1.695044s, 4288 KB] g=28, 5807 evaluated, 2979 expanded, 6 reopened
[t=1.696516s, 4288 KB] f = 35, 5815 evaluated, 2981 expanded, 6 reopened
[t=2.772034s, 4456 KB] New best heuristic value for lmcut: 5
[t=2.772059s, 4456 KB] g=29, 9520 evaluated, 4956 expanded, 15 reopened
[t=2.819604s, 4456 KB] f = 36, 9734 evaluated, 5045 expanded, 15 reopened
[t=4.653644s, 4984 KB] f = 37, 15826 evaluated, 8351 expanded, 30 reopened
[t=7.503194s, 5256 KB] New best heuristic value for lmcut: 4
[t=7.503234s, 5256 KB] g=33, 24995 evaluated, 13388 expanded, 48 reopened
[t=7.506407s, 5256 KB] New best heuristic value for lmcut: 3
[t=7.506432s, 5256 KB] g=34, 25014 evaluated, 13396 expanded, 48 reopened
[t=7.506652s, 5256 KB] New best heuristic value for lmcut: 2
[t=7.506658s, 5256 KB] g=35, 25017 evaluated, 13397 expanded, 48 reopened
[t=7.506809s, 5256 KB] New best heuristic value for lmcut: 1
[t=7.506814s, 5256 KB] g=36, 25020 evaluated, 13398 expanded, 48 reopened
[t=7.506894s, 5256 KB] New best heuristic value for lmcut: 0
[t=7.506899s, 5256 KB] g=37, 25022 evaluated, 13399 expanded, 48 reopened
[t=7.506994s, 5256 KB] Solution found!
[t=7.507004s, 5256 KB] Actual search time: 7.496968s
move c812 c712 up (1)
move c712 c612 up (1)
move c612 c512 up (1)
move c512 c412 up (1)
move c412 c312 up (1)
move c312 c212 up (1)
move c212 c211 left (1)
move c211 c210 left (1)
move c210 c29 left (1)
push c29 c28 c27 b2 left (1)
push c28 c38 c48 b3 down (1)
push c38 c48 c58 b3 down (1)
push c48 c58 c68 b3 down (1)
move c58 c57 left (1)
move c57 c67 down (1)
push c67 c68 c69 b3 right (1)
move c68 c58 up (1)
move c58 c48 up (1)
move c48 c38 up (1)
move c38 c28 up (1)
move c28 c18 up (1)
move c18 c17 left (1)
push c17 c27 c37 b2 down (1)
push c27 c37 c47 b2 down (1)
push c37 c47 c57 b2 down (1)
push c47 c57 c67 b2 down (1)
move c57 c47 up (1)
move c47 c37 up (1)
move c37 c27 up (1)
push c27 c26 c25 b1 left (1)
move c26 c16 up (1)
move c16 c15 left (1)
push c15 c25 c35 b1 down (1)
push c25 c35 c45 b1 down (1)
push c35 c45 c55 b1 down (1)
push c45 c55 c65 b1 down (1)
push c55 c65 c75 b1 down (1)
[t=7.507007s, 5256 KB] Plan length: 37 step(s).
[t=7.507007s, 5256 KB] Plan cost: 37
[t=7.507007s, 5256 KB] Expanded 13400 state(s).
[t=7.507007s, 5256 KB] Reopened 48 state(s).
[t=7.507007s, 5256 KB] Evaluated 25024 state(s).
[t=7.507007s, 5256 KB] Evaluations: 38376
[t=7.507007s, 5256 KB] Generated 46507 state(s).
[t=7.507007s, 5256 KB] Dead ends: 557 state(s).
[t=7.507007s, 5256 KB] Expanded until last jump: 8351 state(s).
[t=7.507007s, 5256 KB] Reopened until last jump: 30 state(s).
[t=7.507007s, 5256 KB] Evaluated until last jump: 15826 state(s).
[t=7.507007s, 5256 KB] Generated until last jump: 28739 state(s).
[t=7.507007s, 5256 KB] Number of registered states: 25024
[t=7.507007s, 5256 KB] Int hash set load factor: 25024/32768 = 0.763672
[t=7.507007s, 5256 KB] Int hash set resizes: 15
[t=7.507007s, 5256 KB] Search time: 7.497586s
[t=7.507007s, 5256 KB] Total time: 7.507007s
Solution found.
Remove intermediate file output.sas
search exit code: 0


