$ D:\Miniforge3\python.exe C:/Users/user/Desktop/theoria/.worktrees/p13/engine-rig/.toolchain/downward/fast-downward.py --plan-file C:\Users\user\AppData\Local\Temp\e7verifyvqef4oh4\sas_plan C:\Users\user\Desktop\theoria\.worktrees\e7-deadlock-claim\engine-rig\fixtures\data\sokoban_domain.pddl C:\Users\user\Desktop\theoria\.worktrees\e7-deadlock-claim\engine-rig\runs\20260728T150713Z-E7-deadlock-claim-audit\attacks\work\a3\three-far8\three-far8.pddl --search eager(tiebreaking([sum([g(),lmcut()]),lmcut()]),reopen_closed=true,f_eval=sum([g(),lmcut()]))

INFO     planner time limit: None
INFO     planner memory limit: None

INFO     Running translator.
INFO     translator stdin: None
INFO     translator time limit: None
INFO     translator memory limit: None
INFO     translator command line string: 'D:\Miniforge3\python.exe' -m translate 'C:\Users\user\Desktop\theoria\.worktrees\e7-deadlock-claim\engine-rig\fixtures\data\sokoban_domain.pddl' 'C:\Users\user\Desktop\theoria\.worktrees\e7-deadlock-claim\engine-rig\runs\20260728T150713Z-E7-deadlock-claim-audit\attacks\work\a3\three-far8\three-far8.pddl' --sas-file output.sas
Warning! SIGXCPU is not available on your platform. This means that the planner cannot be gracefully terminated when using a time limit, which, however, is probably supported on your platform anyway.
Parsing...
Parsing: [0.000s CPU, 0.002s wall-clock]
Normalizing task... [0.000s CPU, 0.000s wall-clock]
Instantiating...
Generating Datalog program... [0.000s CPU, 0.000s wall-clock]
Normalizing Datalog program...
Normalizing Datalog program: [0.000s CPU, 0.001s wall-clock]
Preparing model... [0.000s CPU, 0.001s wall-clock]
Generated 20 rules.
Computing model... [0.016s CPU, 0.010s wall-clock]
1558 relevant atoms
1952 auxiliary atoms
3510 final queue length
5430 total queue pushes
Completing instantiation... [0.016s CPU, 0.012s wall-clock]
Instantiating: [0.031s CPU, 0.024s wall-clock]
Computing fact groups...
Finding invariants...
7 initial candidates
Finding invariants: [0.000s CPU, 0.001s wall-clock]
Checking invariant weight... [0.000s CPU, 0.000s wall-clock]
Instantiating groups... [0.000s CPU, 0.002s wall-clock]
Collecting mutex groups... [0.000s CPU, 0.000s wall-clock]
Choosing groups...
64 uncovered facts
Choosing groups: [0.000s CPU, 0.000s wall-clock]
Building translation key... [0.000s CPU, 0.000s wall-clock]
Computing fact groups: [0.000s CPU, 0.004s wall-clock]
Building STRIPS to SAS dictionary... [0.000s CPU, 0.000s wall-clock]
Building dictionary for full mutex groups... [0.000s CPU, 0.000s wall-clock]
Building mutex information...
Building mutex information: [0.000s CPU, 0.000s wall-clock]
Translating task...
Processing axioms...
Simplifying axioms... [0.000s CPU, 0.000s wall-clock]
Translator axioms removed by simplifying: 0
Processing axioms: [0.000s CPU, 0.001s wall-clock]
Translating task: [0.016s CPU, 0.016s wall-clock]
1376 effect conditions simplified
0 implied preconditions added
Detecting unreachable propositions...
0 operators removed
0 axioms removed
4 propositions removed
Detecting unreachable propositions: [0.000s CPU, 0.008s wall-clock]
Reordering and filtering variables...
68 of 68 variables necessary.
64 of 68 mutex groups necessary.
800 of 800 operators necessary.
0 of 0 axiom rules necessary.
Reordering and filtering variables: [0.016s CPU, 0.005s wall-clock]
Translator variables: 68
Translator derived variables: 0
Translator facts: 384
Translator goal facts: 3
Translator mutex groups: 64
Translator total mutex groups size: 320
Translator operators: 800
Translator axioms: 0
Translator task size: 7303
warning: could not determine peak memory
Writing output... [0.000s CPU, 0.017s wall-clock]
Done! [0.062s CPU, 0.078s wall-clock]
translate exit code: 0

INFO     Running search (release).
INFO     search stdin: output.sas
INFO     search time limit: None
INFO     search memory limit: None
INFO     search command line string: 'C:\Users\user\Desktop\theoria\.worktrees\p13\engine-rig\.toolchain\downward\builds\release\bin\downward.exe' --search 'eager(tiebreaking([sum([g(),lmcut()]),lmcut()]),reopen_closed=true,f_eval=sum([g(),lmcut()]))' --internal-plan-file 'C:\Users\user\AppData\Local\Temp\e7verifyvqef4oh4\sas_plan' < output.sas
[t=0.000111s, 1928 KB] Search code revision: 7120aa0
[t=0.000191s, 1928 KB] reading input...
[t=0.007747s, 2764 KB] done reading input!
[t=0.009197s, 3408 KB] Initializing landmark cut heuristic...
[t=0.009566s, 3660 KB] Initializing landmark cut heuristic...
[t=0.009908s, 3928 KB] Initializing landmark cut heuristic...
[t=0.009925s, 3928 KB] Building successor generator... done!
[t=0.010200s, 4068 KB] peak memory difference for successor generator creation: 140 KB
[t=0.010203s, 4068 KB] time for successor generation creation: 0.000239s
[t=0.010209s, 4068 KB] Variables: 68
[t=0.010212s, 4068 KB] FactPairs: 384
[t=0.010216s, 4068 KB] Bytes per state: 12
[t=0.010228s, 4068 KB] Conducting best first search with reopening closed nodes, (real) bound = 2147483647
[t=0.010827s, 4068 KB] New best heuristic value for lmcut: 27
[t=0.010833s, 4068 KB] New best heuristic value for lmcut: 27
[t=0.010836s, 4068 KB] g=0, 1 evaluated, 0 expanded
[t=0.011124s, 4088 KB] f = 27, 1 evaluated, 0 expanded
[t=0.011134s, 4088 KB] Initial heuristic value for lmcut: 27
[t=0.011136s, 4088 KB] Initial heuristic value for lmcut: 27
[t=0.011161s, 4088 KB] Initial heuristic value for lmcut: 27
[t=0.011163s, 4088 KB] pruning method: none
[t=0.011663s, 4088 KB] New best heuristic value for lmcut: 26
[t=0.011667s, 4088 KB] New best heuristic value for lmcut: 26
[t=0.011669s, 4088 KB] g=1, 2 evaluated, 1 expanded
[t=0.012893s, 4088 KB] New best heuristic value for lmcut: 25
[t=0.012899s, 4088 KB] New best heuristic value for lmcut: 25
[t=0.012901s, 4088 KB] g=2, 4 evaluated, 2 expanded
[t=0.014103s, 4088 KB] New best heuristic value for lmcut: 24
[t=0.014111s, 4088 KB] New best heuristic value for lmcut: 24
[t=0.014113s, 4088 KB] g=3, 6 evaluated, 3 expanded
[t=0.015334s, 4088 KB] New best heuristic value for lmcut: 23
[t=0.015340s, 4088 KB] New best heuristic value for lmcut: 23
[t=0.015342s, 4088 KB] g=4, 8 evaluated, 4 expanded
[t=0.016523s, 4088 KB] New best heuristic value for lmcut: 21
[t=0.016532s, 4088 KB] New best heuristic value for lmcut: 21
[t=0.016534s, 4088 KB] g=5, 10 evaluated, 5 expanded
[t=0.017698s, 4088 KB] New best heuristic value for lmcut: 18
[t=0.017704s, 4088 KB] New best heuristic value for lmcut: 18
[t=0.017706s, 4088 KB] g=6, 12 evaluated, 6 expanded
[t=0.018947s, 4088 KB] New best heuristic value for lmcut: 16
[t=0.018963s, 4088 KB] New best heuristic value for lmcut: 16
[t=0.018966s, 4088 KB] g=7, 14 evaluated, 7 expanded
[t=0.020100s, 4088 KB] New best heuristic value for lmcut: 15
[t=0.020106s, 4088 KB] New best heuristic value for lmcut: 15
[t=0.020108s, 4088 KB] g=8, 16 evaluated, 8 expanded
[t=0.020799s, 4088 KB] New best heuristic value for lmcut: 14
[t=0.020807s, 4088 KB] New best heuristic value for lmcut: 14
[t=0.020810s, 4088 KB] g=9, 17 evaluated, 9 expanded
[t=0.021444s, 4088 KB] New best heuristic value for lmcut: 13
[t=0.021452s, 4088 KB] New best heuristic value for lmcut: 13
[t=0.021455s, 4088 KB] g=10, 18 evaluated, 10 expanded
[t=0.022503s, 4088 KB] New best heuristic value for lmcut: 12
[t=0.022512s, 4088 KB] New best heuristic value for lmcut: 12
[t=0.022515s, 4088 KB] g=11, 20 evaluated, 11 expanded
[t=0.027439s, 4088 KB] New best heuristic value for lmcut: 11
[t=0.027451s, 4088 KB] New best heuristic value for lmcut: 11
[t=0.027454s, 4088 KB] g=12, 29 evaluated, 17 expanded
[t=0.038052s, 4124 KB] New best heuristic value for lmcut: 10
[t=0.038077s, 4124 KB] New best heuristic value for lmcut: 10
[t=0.038080s, 4124 KB] g=16, 50 evaluated, 26 expanded
[t=0.071713s, 4144 KB] f = 28, 109 evaluated, 66 expanded
[t=0.075952s, 4144 KB] New best heuristic value for lmcut: 9
[t=0.075960s, 4144 KB] New best heuristic value for lmcut: 9
[t=0.075963s, 4144 KB] g=18, 119 evaluated, 70 expanded
[t=0.102251s, 4144 KB] f = 29, 172 evaluated, 93 expanded
[t=0.153272s, 4144 KB] f = 30, 272 evaluated, 146 expanded
[t=0.156919s, 4144 KB] New best heuristic value for lmcut: 8
[t=0.156945s, 4144 KB] New best heuristic value for lmcut: 8
[t=0.156949s, 4144 KB] g=22, 281 evaluated, 149 expanded
[t=0.335404s, 4168 KB] f = 31, 645 evaluated, 332 expanded
[t=0.514366s, 4244 KB] f = 32, 1016 evaluated, 526 expanded, 1 reopened
[t=1.066772s, 4316 KB] f = 33, 2148 evaluated, 1093 expanded, 5 reopened
[t=1.151357s, 4316 KB] New best heuristic value for lmcut: 7
[t=1.151380s, 4316 KB] New best heuristic value for lmcut: 7
[t=1.151383s, 4316 KB] g=24, 2344 evaluated, 1190 expanded, 5 reopened
[t=1.655950s, 4328 KB] f = 34, 3389 evaluated, 1747 expanded, 26 reopened
[t=1.693182s, 4336 KB] New best heuristic value for lmcut: 6
[t=1.693208s, 4336 KB] New best heuristic value for lmcut: 6
[t=1.693212s, 4336 KB] g=28, 3479 evaluated, 1791 expanded, 26 reopened
[t=2.821525s, 4612 KB] f = 35, 5853 evaluated, 3040 expanded, 39 reopened
[t=2.924706s, 4612 KB] New best heuristic value for lmcut: 5
[t=2.924732s, 4612 KB] New best heuristic value for lmcut: 5
[t=2.924735s, 4612 KB] g=29, 6108 evaluated, 3166 expanded, 39 reopened
[t=4.808029s, 5028 KB] f = 36, 9743 evaluated, 5092 expanded, 63 reopened
[t=8.032567s, 5288 KB] f = 37, 16071 evaluated, 8552 expanded, 124 reopened
[t=8.033686s, 5288 KB] New best heuristic value for lmcut: 4
[t=8.033708s, 5288 KB] New best heuristic value for lmcut: 4
[t=8.033711s, 5288 KB] g=33, 16077 evaluated, 8554 expanded, 124 reopened
[t=8.521106s, 5560 KB] New best heuristic value for lmcut: 3
[t=8.521130s, 5560 KB] New best heuristic value for lmcut: 3
[t=8.521133s, 5560 KB] g=34, 17282 evaluated, 9171 expanded, 124 reopened
[t=8.521504s, 5560 KB] New best heuristic value for lmcut: 2
[t=8.521508s, 5560 KB] New best heuristic value for lmcut: 2
[t=8.521512s, 5560 KB] g=35, 17285 evaluated, 9172 expanded, 124 reopened
[t=8.521795s, 5560 KB] New best heuristic value for lmcut: 1
[t=8.521799s, 5560 KB] New best heuristic value for lmcut: 1
[t=8.521801s, 5560 KB] g=36, 17288 evaluated, 9173 expanded, 124 reopened
[t=8.521923s, 5560 KB] New best heuristic value for lmcut: 0
[t=8.521928s, 5560 KB] New best heuristic value for lmcut: 0
[t=8.521930s, 5560 KB] g=37, 17290 evaluated, 9174 expanded, 124 reopened
[t=8.522071s, 5560 KB] Solution found!
[t=8.522081s, 5560 KB] Actual search time: 8.510916s
move c88 c78 up (1)
move c78 c68 up (1)
move c68 c58 up (1)
move c58 c48 up (1)
move c48 c38 up (1)
move c38 c28 up (1)
move c28 c27 left (1)
move c27 c26 left (1)
move c26 c25 left (1)
push c25 c24 c23 b2 left (1)
push c24 c34 c44 b3 down (1)
push c34 c44 c54 b3 down (1)
push c44 c54 c64 b3 down (1)
move c54 c53 left (1)
move c53 c63 down (1)
push c63 c64 c65 b3 right (1)
move c64 c54 up (1)
move c54 c44 up (1)
move c44 c34 up (1)
move c34 c24 up (1)
move c24 c14 up (1)
move c14 c13 left (1)
push c13 c23 c33 b2 down (1)
push c23 c33 c43 b2 down (1)
push c33 c43 c53 b2 down (1)
push c43 c53 c63 b2 down (1)
move c53 c43 up (1)
move c43 c33 up (1)
move c33 c23 up (1)
push c23 c22 c21 b1 left (1)
move c22 c12 up (1)
move c12 c11 left (1)
push c11 c21 c31 b1 down (1)
push c21 c31 c41 b1 down (1)
push c31 c41 c51 b1 down (1)
push c41 c51 c61 b1 down (1)
push c51 c61 c71 b1 down (1)
[t=8.522085s, 5560 KB] Plan length: 37 step(s).
[t=8.522085s, 5560 KB] Plan cost: 37
[t=8.522085s, 5560 KB] Expanded 9175 state(s).
[t=8.522085s, 5560 KB] Reopened 124 state(s).
[t=8.522085s, 5560 KB] Evaluated 17292 state(s).
[t=8.522085s, 5560 KB] Evaluations: 43216
[t=8.522085s, 5560 KB] Generated 31659 state(s).
[t=8.522085s, 5560 KB] Dead ends: 419 state(s).
[t=8.522085s, 5560 KB] Expanded until last jump: 8552 state(s).
[t=8.522085s, 5560 KB] Reopened until last jump: 124 state(s).
[t=8.522085s, 5560 KB] Evaluated until last jump: 16071 state(s).
[t=8.522085s, 5560 KB] Generated until last jump: 29434 state(s).
[t=8.522085s, 5560 KB] Number of registered states: 17292
[t=8.522085s, 5560 KB] Int hash set load factor: 17292/32768 = 0.527710
[t=8.522085s, 5560 KB] Int hash set resizes: 15
[t=8.522085s, 5560 KB] Search time: 8.511858s
[t=8.522085s, 5560 KB] Total time: 8.522085s
Solution found.
Remove intermediate file output.sas
search exit code: 0


