start 11:57:59Z reflex.log lines=280 last=2026-07-30T08:32:21Z
11:58:00Z ci_merge2220=alive reflex42104=alive reflex_pids=[42104] reflexlog_lines=280
11:58:31Z ci_merge2220=alive reflex42104=alive reflex_pids=[42104] reflexlog_lines=280
11:59:02Z ci_merge2220=alive reflex42104=alive reflex_pids=[42104] reflexlog_lines=280
11:59:34Z ci_merge2220=alive reflex42104=alive reflex_pids=[42104] reflexlog_lines=280
12:00:05Z ci_merge2220=alive reflex42104=alive reflex_pids=[42104] reflexlog_lines=280
12:00:36Z ci_merge2220=alive reflex42104=alive reflex_pids=[42104] reflexlog_lines=280
12:01:08Z ci_merge2220=alive reflex42104=alive reflex_pids=[42104] reflexlog_lines=280
12:01:39Z ci_merge2220=alive reflex42104=alive reflex_pids=[42104] reflexlog_lines=280
12:02:10Z ci_merge2220=alive reflex42104=alive reflex_pids=[42104] reflexlog_lines=280
12:02:41Z ci_merge2220=alive reflex42104=alive reflex_pids=[42104] reflexlog_lines=280
12:03:12Z ci_merge2220=alive reflex42104=alive reflex_pids=[42104] reflexlog_lines=280
12:03:43Z ci_merge2220=alive reflex42104=alive reflex_pids=[42104] reflexlog_lines=280
12:04:15Z ci_merge2220=alive reflex42104=alive reflex_pids=[42104] reflexlog_lines=280
12:04:46Z ci_merge2220=alive reflex42104=alive reflex_pids=[42104] reflexlog_lines=280
12:05:17Z ci_merge2220=alive reflex42104=alive reflex_pids=[42104] reflexlog_lines=280
12:05:48Z ci_merge2220=alive reflex42104=alive reflex_pids=[42104] reflexlog_lines=280
12:06:19Z ci_merge2220=alive reflex42104=alive reflex_pids=[42104] reflexlog_lines=280
12:06:50Z ci_merge2220=alive reflex42104=alive reflex_pids=[42104] reflexlog_lines=280
12:07:21Z ci_merge2220=alive reflex42104=alive reflex_pids=[42104] reflexlog_lines=280
12:07:52Z ci_merge2220=alive reflex42104=alive reflex_pids=[42104] reflexlog_lines=280
12:08:23Z ci_merge2220=alive reflex42104=alive reflex_pids=[42104] reflexlog_lines=280
12:08:55Z ci_merge2220=alive reflex42104=alive reflex_pids=[42104] reflexlog_lines=280
12:09:26Z ci_merge2220=alive reflex42104=alive reflex_pids=[42104] reflexlog_lines=280
12:09:57Z ci_merge2220=alive reflex42104=alive reflex_pids=[42104] reflexlog_lines=280
12:10:28Z ci_merge2220=alive reflex42104=alive reflex_pids=[42104] reflexlog_lines=280
12:10:59Z ci_merge2220=alive reflex42104=alive reflex_pids=[42104] reflexlog_lines=280
12:11:30Z ci_merge2220=alive reflex42104=alive reflex_pids=[42104] reflexlog_lines=280
12:12:01Z ci_merge2220=alive reflex42104=alive reflex_pids=[42104] reflexlog_lines=280
12:12:32Z ci_merge2220=alive reflex42104=alive reflex_pids=[42104] reflexlog_lines=280
12:13:03Z ci_merge2220=alive reflex42104=alive reflex_pids=[42104] reflexlog_lines=280
12:13:34Z ci_merge2220=alive reflex42104=alive reflex_pids=[42104] reflexlog_lines=280
12:14:05Z ci_merge2220=alive reflex42104=alive reflex_pids=[42104] reflexlog_lines=280
12:14:36Z ci_merge2220=GONE reflex42104=alive reflex_pids=[42104] reflexlog_lines=280
12:15:07Z ci_merge2220=GONE reflex42104=alive reflex_pids=[42104] reflexlog_lines=280
12:15:38Z ci_merge2220=GONE reflex42104=alive reflex_pids=[42104] reflexlog_lines=280
12:16:09Z ci_merge2220=GONE reflex42104=alive reflex_pids=[42104] reflexlog_lines=280
12:16:41Z ci_merge2220=GONE reflex42104=alive reflex_pids=[42104] reflexlog_lines=280
12:17:12Z ci_merge2220=GONE reflex42104=alive reflex_pids=[42104] reflexlog_lines=280
12:17:43Z ci_merge2220=GONE reflex42104=alive reflex_pids=[42104] reflexlog_lines=280
12:18:14Z ci_merge2220=GONE reflex42104=alive reflex_pids=[42104] reflexlog_lines=280
12:18:45Z ci_merge2220=GONE reflex42104=alive reflex_pids=[42104] reflexlog_lines=280
12:19:17Z ci_merge2220=GONE reflex42104=alive reflex_pids=[42104] reflexlog_lines=280
12:19:48Z ci_merge2220=GONE reflex42104=alive reflex_pids=[42104] reflexlog_lines=280
12:20:19Z ci_merge2220=GONE reflex42104=alive reflex_pids=[42104] reflexlog_lines=280
12:20:50Z ci_merge2220=GONE reflex42104=alive reflex_pids=[42104] reflexlog_lines=280
12:21:21Z ci_merge2220=GONE reflex42104=alive reflex_pids=[42104] reflexlog_lines=280
12:21:52Z ci_merge2220=GONE reflex42104=alive reflex_pids=[42104] reflexlog_lines=280
12:22:23Z ci_merge2220=GONE reflex42104=alive reflex_pids=[42104] reflexlog_lines=280
12:22:54Z ci_merge2220=GONE reflex42104=alive reflex_pids=[42104] reflexlog_lines=280
12:23:25Z ci_merge2220=GONE reflex42104=alive reflex_pids=[42104] reflexlog_lines=280
12:23:56Z ci_merge2220=GONE reflex42104=alive reflex_pids=[42104] reflexlog_lines=280
12:24:28Z ci_merge2220=GONE reflex42104=GONE reflex_pids=[] reflexlog_lines=280
12:24:59Z ci_merge2220=GONE reflex42104=GONE reflex_pids=[] reflexlog_lines=280
12:25:30Z ci_merge2220=GONE reflex42104=GONE reflex_pids=[] reflexlog_lines=280
12:26:01Z ci_merge2220=GONE reflex42104=GONE reflex_pids=[] reflexlog_lines=280
12:26:32Z ci_merge2220=GONE reflex42104=GONE reflex_pids=[] reflexlog_lines=280
12:27:03Z ci_merge2220=GONE reflex42104=GONE reflex_pids=[6328] reflexlog_lines=280
12:27:34Z ci_merge2220=GONE reflex42104=GONE reflex_pids=[6328] reflexlog_lines=280
12:28:05Z ci_merge2220=GONE reflex42104=GONE reflex_pids=[6328] reflexlog_lines=280
12:28:36Z ci_merge2220=GONE reflex42104=GONE reflex_pids=[6328] reflexlog_lines=280
12:29:07Z ci_merge2220=GONE reflex42104=GONE reflex_pids=[6328] reflexlog_lines=280
12:29:38Z ci_merge2220=GONE reflex42104=GONE reflex_pids=[6328] reflexlog_lines=280
12:30:09Z ci_merge2220=GONE reflex42104=GONE reflex_pids=[6328] reflexlog_lines=280
12:30:40Z ci_merge2220=GONE reflex42104=GONE reflex_pids=[6328] reflexlog_lines=280
12:31:12Z ci_merge2220=GONE reflex42104=GONE reflex_pids=[6328] reflexlog_lines=280
12:31:43Z ci_merge2220=GONE reflex42104=GONE reflex_pids=[6328] reflexlog_lines=280
12:32:14Z ci_merge2220=GONE reflex42104=GONE reflex_pids=[6328] reflexlog_lines=280
12:32:45Z ci_merge2220=GONE reflex42104=GONE reflex_pids=[6328] reflexlog_lines=280
12:33:17Z ci_merge2220=GONE reflex42104=GONE reflex_pids=[6328] reflexlog_lines=280
12:33:48Z ci_merge2220=GONE reflex42104=GONE reflex_pids=[6328] reflexlog_lines=280
done 12:34:19Z
