INFO     planner time limit: None
INFO     planner memory limit: None

INFO     Running search (release).
INFO     search stdin: 'C:\Users\user\Desktop\theoria\.worktrees\e7-deadlock-claim\engine-rig\runs\20260728T150713Z-E7-deadlock-claim-audit\attacks\independent\work\far4-01944.sas'
INFO     search time limit: None
INFO     search memory limit: None
INFO     search command line string: 'C:\Users\user\Desktop\theoria\.worktrees\p13\engine-rig\.toolchain\downward\builds\release\bin\downward.exe' --search 'astar(lmcut())' --internal-plan-file 'C:\Users\user\Desktop\theoria\.worktrees\e7-deadlock-claim\engine-rig\runs\20260728T150713Z-E7-deadlock-claim-audit\attacks\independent\work\far4-01944-lmcut.plan' < ''"'"'C:\Users\user\Desktop\theoria\.worktrees\e7-deadlock-claim\engine-rig\runs\20260728T150713Z-E7-deadlock-claim-audit\attacks\independent\work\far4-01944.sas'"'"''
[t=0.000145s, 1956 KB] Search code revision: 7120aa0
[t=0.000241s, 1956 KB] reading input...
[t=0.001447s, 2188 KB] done reading input!
[t=0.002730s, 2828 KB] Initializing landmark cut heuristic...
[t=0.002761s, 2852 KB] Building successor generator... done!
[t=0.002811s, 2852 KB] peak memory difference for successor generator creation: 0 KB
[t=0.002814s, 2852 KB] time for successor generation creation: 0.000041s
[t=0.002819s, 2864 KB] Variables: 19
[t=0.002822s, 2864 KB] FactPairs: 80
[t=0.002825s, 2864 KB] Bytes per state: 4
[t=0.002836s, 2864 KB] Conducting best first search with reopening closed nodes, (real) bound = 2147483647
[t=0.002884s, 2892 KB] New best heuristic value for lmcut: 4
[t=0.002889s, 2892 KB] g=0, 1 evaluated, 0 expanded
[t=0.002891s, 2892 KB] f = 4, 1 evaluated, 0 expanded
[t=0.002897s, 2892 KB] Initial heuristic value for lmcut: 4
[t=0.002901s, 2892 KB] pruning method: none
[t=0.002936s, 2892 KB] New best heuristic value for lmcut: 3
[t=0.002939s, 2892 KB] g=1, 3 evaluated, 1 expanded
[t=0.003000s, 2892 KB] New best heuristic value for lmcut: 2
[t=0.003061s, 2892 KB] g=2, 9 evaluated, 3 expanded
[t=0.003080s, 2900 KB] New best heuristic value for lmcut: 1
[t=0.003084s, 2900 KB] g=3, 11 evaluated, 4 expanded
[t=0.003113s, 2900 KB] New best heuristic value for lmcut: 0
[t=0.003117s, 2900 KB] g=4, 14 evaluated, 5 expanded
[t=0.003119s, 2900 KB] Solution found!
[t=0.003122s, 2900 KB] Actual search time: 0.000219s
move c43 c33 up (1)
move c33 c23 up (1)
move c23 c22 left (1)
push c22 c32 c42 b1 down (1)
[t=0.003126s, 2912 KB] Plan length: 4 step(s).
[t=0.003126s, 2912 KB] Plan cost: 4
[t=0.003126s, 2912 KB] Expanded 6 state(s).
[t=0.003126s, 2912 KB] Reopened 0 state(s).
[t=0.003126s, 2912 KB] Evaluated 14 state(s).
[t=0.003126s, 2912 KB] Evaluations: 14
[t=0.003126s, 2912 KB] Generated 17 state(s).
[t=0.003126s, 2912 KB] Dead ends: 1 state(s).
[t=0.003126s, 2912 KB] Expanded until last jump: 0 state(s).
[t=0.003126s, 2912 KB] Reopened until last jump: 0 state(s).
[t=0.003126s, 2912 KB] Evaluated until last jump: 1 state(s).
[t=0.003126s, 2912 KB] Generated until last jump: 0 state(s).
[t=0.003126s, 2912 KB] Number of registered states: 14
[t=0.003126s, 2912 KB] Int hash set load factor: 14/16 = 0.875000
[t=0.003126s, 2912 KB] Int hash set resizes: 4
[t=0.003126s, 2912 KB] Search time: 0.000292s
[t=0.003126s, 2912 KB] Total time: 0.003126s
Solution found.
search exit code: 0

