INFO     planner time limit: None
INFO     planner memory limit: None

INFO     Running search (release).
INFO     search stdin: 'C:\Users\user\Desktop\theoria\.worktrees\e7-deadlock-claim\engine-rig\runs\20260728T150713Z-E7-deadlock-claim-audit\attacks\independent\work\far4-01944.sas'
INFO     search time limit: None
INFO     search memory limit: None
INFO     search command line string: 'C:\Users\user\Desktop\theoria\.worktrees\p13\engine-rig\.toolchain\downward\builds\release\bin\downward.exe' --search 'astar(blind())' --internal-plan-file 'C:\Users\user\Desktop\theoria\.worktrees\e7-deadlock-claim\engine-rig\runs\20260728T150713Z-E7-deadlock-claim-audit\attacks\independent\work\far4-01944-blind.plan' < ''"'"'C:\Users\user\Desktop\theoria\.worktrees\e7-deadlock-claim\engine-rig\runs\20260728T150713Z-E7-deadlock-claim-audit\attacks\independent\work\far4-01944.sas'"'"''
[t=0.000147s, 1964 KB] Search code revision: 7120aa0
[t=0.000240s, 1964 KB] reading input...
[t=0.001412s, 2188 KB] done reading input!
[t=0.002546s, 2780 KB] Initializing blind search heuristic...
[t=0.002572s, 2780 KB] Building successor generator... done!
[t=0.002644s, 2816 KB] peak memory difference for successor generator creation: 36 KB
[t=0.002647s, 2816 KB] time for successor generation creation: 0.000063s
[t=0.002655s, 2816 KB] Variables: 19
[t=0.002659s, 2816 KB] FactPairs: 80
[t=0.002661s, 2816 KB] Bytes per state: 4
[t=0.002671s, 2816 KB] Conducting best first search with reopening closed nodes, (real) bound = 2147483647
[t=0.002687s, 2828 KB] New best heuristic value for blind: 1
[t=0.002690s, 2828 KB] g=0, 1 evaluated, 0 expanded
[t=0.002694s, 2828 KB] f = 1, 1 evaluated, 0 expanded
[t=0.002702s, 2840 KB] Initial heuristic value for blind: 1
[t=0.002706s, 2840 KB] pruning method: none
[t=0.002715s, 2840 KB] f = 2, 4 evaluated, 1 expanded
[t=0.002725s, 2840 KB] f = 3, 9 evaluated, 4 expanded
[t=0.002736s, 2840 KB] f = 4, 19 evaluated, 9 expanded
[t=0.002757s, 2852 KB] New best heuristic value for blind: 0
[t=0.002761s, 2852 KB] g=4, 38 evaluated, 19 expanded
[t=0.002764s, 2852 KB] Solution found!
[t=0.002767s, 2852 KB] Actual search time: 0.000059s
move c43 c33 up (1)
move c33 c23 up (1)
move c23 c22 left (1)
push c22 c32 c42 b1 down (1)
[t=0.002772s, 2868 KB] Plan length: 4 step(s).
[t=0.002772s, 2868 KB] Plan cost: 4
[t=0.002772s, 2868 KB] Expanded 20 state(s).
[t=0.002772s, 2868 KB] Reopened 0 state(s).
[t=0.002772s, 2868 KB] Evaluated 38 state(s).
[t=0.002772s, 2868 KB] Evaluations: 38
[t=0.002772s, 2868 KB] Generated 61 state(s).
[t=0.002772s, 2868 KB] Dead ends: 0 state(s).
[t=0.002772s, 2868 KB] Expanded until last jump: 9 state(s).
[t=0.002772s, 2868 KB] Reopened until last jump: 0 state(s).
[t=0.002772s, 2868 KB] Evaluated until last jump: 19 state(s).
[t=0.002772s, 2868 KB] Generated until last jump: 27 state(s).
[t=0.002772s, 2868 KB] Number of registered states: 38
[t=0.002772s, 2868 KB] Int hash set load factor: 38/64 = 0.593750
[t=0.002772s, 2868 KB] Int hash set resizes: 6
[t=0.002772s, 2868 KB] Search time: 0.000102s
[t=0.002772s, 2868 KB] Total time: 0.002772s
Solution found.
search exit code: 0

