INFO     planner time limit: None
INFO     planner memory limit: None

INFO     Running search (release).
INFO     search stdin: 'C:\Users\user\Desktop\theoria\.worktrees\e7-deadlock-claim\engine-rig\runs\20260728T150713Z-E7-deadlock-claim-audit\attacks\independent\work\far4-02618.sas'
INFO     search time limit: None
INFO     search memory limit: None
INFO     search command line string: 'C:\Users\user\Desktop\theoria\.worktrees\p13\engine-rig\.toolchain\downward\builds\release\bin\downward.exe' --search 'astar(lmcut())' --internal-plan-file 'C:\Users\user\Desktop\theoria\.worktrees\e7-deadlock-claim\engine-rig\runs\20260728T150713Z-E7-deadlock-claim-audit\attacks\independent\work\far4-02618-lmcut.plan' < ''"'"'C:\Users\user\Desktop\theoria\.worktrees\e7-deadlock-claim\engine-rig\runs\20260728T150713Z-E7-deadlock-claim-audit\attacks\independent\work\far4-02618.sas'"'"''
[t=0.000171s, 1972 KB] Search code revision: 7120aa0
[t=0.000267s, 1972 KB] reading input...
[t=0.001433s, 2200 KB] done reading input!
[t=0.002733s, 2820 KB] Initializing landmark cut heuristic...
[t=0.002765s, 2820 KB] Building successor generator... done!
[t=0.002822s, 2832 KB] peak memory difference for successor generator creation: 12 KB
[t=0.002825s, 2832 KB] time for successor generation creation: 0.000049s
[t=0.002831s, 2832 KB] Variables: 19
[t=0.002835s, 2832 KB] FactPairs: 80
[t=0.002837s, 2832 KB] Bytes per state: 4
[t=0.002847s, 2832 KB] Conducting best first search with reopening closed nodes, (real) bound = 2147483647
[t=0.002896s, 2844 KB] New best heuristic value for lmcut: 8
[t=0.002900s, 2844 KB] g=0, 1 evaluated, 0 expanded
[t=0.002903s, 2844 KB] f = 8, 1 evaluated, 0 expanded
[t=0.002912s, 2856 KB] Initial heuristic value for lmcut: 8
[t=0.002914s, 2856 KB] pruning method: none
[t=0.002939s, 2856 KB] New best heuristic value for lmcut: 7
[t=0.002942s, 2856 KB] g=1, 2 evaluated, 1 expanded
[t=0.002999s, 2856 KB] f = 9, 5 evaluated, 2 expanded
[t=0.003034s, 2856 KB] f = 10, 7 evaluated, 3 expanded
[t=0.003054s, 2856 KB] New best heuristic value for lmcut: 6
[t=0.003058s, 2856 KB] g=4, 8 evaluated, 4 expanded
[t=0.003129s, 2856 KB] f = 11, 14 evaluated, 8 expanded
[t=0.003206s, 2868 KB] f = 12, 20 evaluated, 11 expanded
[t=0.003307s, 2868 KB] New best heuristic value for lmcut: 5
[t=0.003311s, 2868 KB] g=7, 27 evaluated, 16 expanded
[t=0.003391s, 2868 KB] f = 13, 32 evaluated, 18 expanded
[t=0.003428s, 2868 KB] f = 14, 33 evaluated, 20 expanded
[t=0.003538s, 2868 KB] New best heuristic value for lmcut: 4
[t=0.003542s, 2868 KB] g=10, 40 evaluated, 26 expanded
[t=0.003674s, 2868 KB] New best heuristic value for lmcut: 3
[t=0.003699s, 2868 KB] g=11, 51 evaluated, 32 expanded
[t=0.003711s, 2868 KB] New best heuristic value for lmcut: 2
[t=0.003715s, 2868 KB] g=12, 52 evaluated, 33 expanded
[t=0.003736s, 2868 KB] New best heuristic value for lmcut: 1
[t=0.003740s, 2868 KB] g=13, 55 evaluated, 34 expanded
[t=0.003761s, 2868 KB] New best heuristic value for lmcut: 0
[t=0.003765s, 2868 KB] g=14, 58 evaluated, 35 expanded
[t=0.003787s, 2888 KB] Solution found!
[t=0.003792s, 2888 KB] Actual search time: 0.000875s
move c41 c31 up (1)
move c31 c32 right (1)
move c32 c33 right (1)
move c33 c34 right (1)
move c34 c24 up (1)
push c24 c23 c22 b1 left (1)
move c23 c33 down (1)
move c33 c32 left (1)
move c32 c31 left (1)
move c31 c21 up (1)
move c21 c11 up (1)
push c11 c12 c13 b2 right (1)
push c12 c22 c32 b1 down (1)
push c22 c32 c42 b1 down (1)
[t=0.003795s, 2888 KB] Plan length: 14 step(s).
[t=0.003795s, 2888 KB] Plan cost: 14
[t=0.003795s, 2888 KB] Expanded 36 state(s).
[t=0.003795s, 2888 KB] Reopened 0 state(s).
[t=0.003795s, 2888 KB] Evaluated 59 state(s).
[t=0.003795s, 2888 KB] Evaluations: 59
[t=0.003795s, 2888 KB] Generated 105 state(s).
[t=0.003795s, 2888 KB] Dead ends: 8 state(s).
[t=0.003795s, 2888 KB] Expanded until last jump: 20 state(s).
[t=0.003795s, 2888 KB] Reopened until last jump: 0 state(s).
[t=0.003795s, 2888 KB] Evaluated until last jump: 33 state(s).
[t=0.003795s, 2888 KB] Generated until last jump: 60 state(s).
[t=0.003795s, 2888 KB] Number of registered states: 59
[t=0.003795s, 2888 KB] Int hash set load factor: 59/64 = 0.921875
[t=0.003795s, 2888 KB] Int hash set resizes: 6
[t=0.003795s, 2888 KB] Search time: 0.000949s
[t=0.003795s, 2888 KB] Total time: 0.003795s
Solution found.
search exit code: 0

