INFO     planner time limit: None
INFO     planner memory limit: None

INFO     Running search (release).
INFO     search stdin: 'C:\Users\user\Desktop\theoria\.worktrees\e7-deadlock-claim\engine-rig\runs\20260728T150713Z-E7-deadlock-claim-audit\attacks\independent\work\far4-00338.sas'
INFO     search time limit: None
INFO     search memory limit: None
INFO     search command line string: 'C:\Users\user\Desktop\theoria\.worktrees\p13\engine-rig\.toolchain\downward\builds\release\bin\downward.exe' --search 'astar(blind())' --internal-plan-file 'C:\Users\user\Desktop\theoria\.worktrees\e7-deadlock-claim\engine-rig\runs\20260728T150713Z-E7-deadlock-claim-audit\attacks\independent\work\far4-00338-blind.plan' < ''"'"'C:\Users\user\Desktop\theoria\.worktrees\e7-deadlock-claim\engine-rig\runs\20260728T150713Z-E7-deadlock-claim-audit\attacks\independent\work\far4-00338.sas'"'"''
[t=0.000158s, 1972 KB] Search code revision: 7120aa0
[t=0.000251s, 1972 KB] reading input...
[t=0.001417s, 2208 KB] done reading input!
[t=0.002494s, 2748 KB] Initializing blind search heuristic...
[t=0.002521s, 2748 KB] Building successor generator... done!
[t=0.002594s, 2800 KB] peak memory difference for successor generator creation: 52 KB
[t=0.002597s, 2800 KB] time for successor generation creation: 0.000065s
[t=0.002602s, 2800 KB] Variables: 19
[t=0.002605s, 2800 KB] FactPairs: 80
[t=0.002609s, 2800 KB] Bytes per state: 4
[t=0.002619s, 2800 KB] Conducting best first search with reopening closed nodes, (real) bound = 2147483647
[t=0.002636s, 2812 KB] New best heuristic value for blind: 1
[t=0.002639s, 2812 KB] g=0, 1 evaluated, 0 expanded
[t=0.002643s, 2812 KB] f = 1, 1 evaluated, 0 expanded
[t=0.002652s, 2824 KB] Initial heuristic value for blind: 1
[t=0.002658s, 2824 KB] pruning method: none
[t=0.002669s, 2824 KB] f = 2, 5 evaluated, 1 expanded
[t=0.002679s, 2824 KB] f = 3, 12 evaluated, 5 expanded
[t=0.002695s, 2824 KB] f = 4, 24 evaluated, 12 expanded
[t=0.002714s, 2824 KB] f = 5, 42 evaluated, 24 expanded
[t=0.002744s, 2824 KB] f = 6, 70 evaluated, 42 expanded
[t=0.002782s, 2836 KB] f = 7, 112 evaluated, 70 expanded
[t=0.002841s, 2836 KB] f = 8, 172 evaluated, 112 expanded
[t=0.002910s, 2836 KB] f = 9, 248 evaluated, 172 expanded
[t=0.003010s, 2840 KB] f = 10, 340 evaluated, 248 expanded
[t=0.003132s, 2840 KB] f = 11, 438 evaluated, 340 expanded
[t=0.003297s, 2876 KB] f = 12, 538 evaluated, 438 expanded
[t=0.003413s, 2876 KB] f = 13, 636 evaluated, 538 expanded
[t=0.003502s, 2876 KB] f = 14, 713 evaluated, 636 expanded
[t=0.003571s, 2876 KB] f = 15, 769 evaluated, 713 expanded
[t=0.003620s, 2876 KB] f = 16, 806 evaluated, 769 expanded
[t=0.003652s, 2876 KB] f = 17, 826 evaluated, 806 expanded
[t=0.003672s, 2876 KB] f = 18, 835 evaluated, 826 expanded
[t=0.003682s, 2876 KB] f = 19, 838 evaluated, 835 expanded
[t=0.003686s, 2876 KB] Completely explored state space -- no solution!
[t=0.003689s, 2876 KB] Actual search time: 0.001029s
[t=0.003692s, 2876 KB] Expanded 838 state(s).
[t=0.003692s, 2876 KB] Reopened 0 state(s).
[t=0.003692s, 2876 KB] Evaluated 838 state(s).
[t=0.003692s, 2876 KB] Evaluations: 838
[t=0.003692s, 2876 KB] Generated 2392 state(s).
[t=0.003692s, 2876 KB] Dead ends: 0 state(s).
[t=0.003692s, 2876 KB] Expanded until last jump: 835 state(s).
[t=0.003692s, 2876 KB] Reopened until last jump: 0 state(s).
[t=0.003692s, 2876 KB] Evaluated until last jump: 838 state(s).
[t=0.003692s, 2876 KB] Generated until last jump: 2386 state(s).
[t=0.003692s, 2876 KB] Number of registered states: 838
[t=0.003692s, 2876 KB] Int hash set load factor: 838/1024 = 0.818359
[t=0.003692s, 2876 KB] Int hash set resizes: 10
[t=0.003692s, 2876 KB] Search time: 0.001074s
[t=0.003692s, 2876 KB] Total time: 0.003692s
Search stopped without finding a solution.
search exit code: 12

Driver aborting after search
