INFO     planner time limit: None
INFO     planner memory limit: None

INFO     Running search (release).
INFO     search stdin: 'C:\Users\user\Desktop\theoria\.worktrees\e7-deadlock-claim\engine-rig\runs\20260728T150713Z-E7-deadlock-claim-audit\attacks\independent\work\far4-00769.sas'
INFO     search time limit: None
INFO     search memory limit: None
INFO     search command line string: 'C:\Users\user\Desktop\theoria\.worktrees\p13\engine-rig\.toolchain\downward\builds\release\bin\downward.exe' --search 'astar(blind())' --internal-plan-file 'C:\Users\user\Desktop\theoria\.worktrees\e7-deadlock-claim\engine-rig\runs\20260728T150713Z-E7-deadlock-claim-audit\attacks\independent\work\far4-00769-blind.plan' < ''"'"'C:\Users\user\Desktop\theoria\.worktrees\e7-deadlock-claim\engine-rig\runs\20260728T150713Z-E7-deadlock-claim-audit\attacks\independent\work\far4-00769.sas'"'"''
[t=0.000160s, 1896 KB] Search code revision: 7120aa0
[t=0.000255s, 1896 KB] reading input...
[t=0.001468s, 2176 KB] done reading input!
[t=0.002661s, 2712 KB] Initializing blind search heuristic...
[t=0.002689s, 2712 KB] Building successor generator... done!
[t=0.002746s, 2724 KB] peak memory difference for successor generator creation: 12 KB
[t=0.002749s, 2724 KB] time for successor generation creation: 0.000048s
[t=0.002755s, 2724 KB] Variables: 19
[t=0.002757s, 2724 KB] FactPairs: 80
[t=0.002760s, 2724 KB] Bytes per state: 4
[t=0.002770s, 2724 KB] Conducting best first search with reopening closed nodes, (real) bound = 2147483647
[t=0.002788s, 2748 KB] New best heuristic value for blind: 1
[t=0.002791s, 2748 KB] g=0, 1 evaluated, 0 expanded
[t=0.002793s, 2748 KB] f = 1, 1 evaluated, 0 expanded
[t=0.002803s, 2760 KB] Initial heuristic value for blind: 1
[t=0.002805s, 2760 KB] pruning method: none
[t=0.002814s, 2760 KB] f = 2, 4 evaluated, 1 expanded
[t=0.002822s, 2760 KB] f = 3, 9 evaluated, 4 expanded
[t=0.002834s, 2788 KB] f = 4, 18 evaluated, 9 expanded
[t=0.002852s, 2788 KB] f = 5, 34 evaluated, 18 expanded
[t=0.002876s, 2788 KB] f = 6, 59 evaluated, 34 expanded
[t=0.002919s, 2808 KB] f = 7, 95 evaluated, 59 expanded
[t=0.002978s, 2816 KB] f = 8, 146 evaluated, 95 expanded
[t=0.003042s, 2816 KB] f = 9, 218 evaluated, 146 expanded
[t=0.003146s, 2828 KB] f = 10, 306 evaluated, 218 expanded
[t=0.003238s, 2828 KB] f = 11, 402 evaluated, 306 expanded
[t=0.003334s, 2828 KB] f = 12, 494 evaluated, 402 expanded
[t=0.003453s, 2852 KB] f = 13, 577 evaluated, 494 expanded
[t=0.003534s, 2852 KB] f = 14, 654 evaluated, 577 expanded
[t=0.003617s, 2864 KB] f = 15, 720 evaluated, 654 expanded
[t=0.003680s, 2864 KB] f = 16, 772 evaluated, 720 expanded
[t=0.003726s, 2864 KB] f = 17, 807 evaluated, 772 expanded
[t=0.003756s, 2864 KB] f = 18, 826 evaluated, 807 expanded
[t=0.003774s, 2864 KB] f = 19, 835 evaluated, 826 expanded
[t=0.003783s, 2864 KB] f = 20, 838 evaluated, 835 expanded
[t=0.003787s, 2864 KB] Completely explored state space -- no solution!
[t=0.003789s, 2864 KB] Actual search time: 0.000982s
[t=0.003791s, 2864 KB] Expanded 838 state(s).
[t=0.003791s, 2864 KB] Reopened 0 state(s).
[t=0.003791s, 2864 KB] Evaluated 838 state(s).
[t=0.003791s, 2864 KB] Evaluations: 838
[t=0.003791s, 2864 KB] Generated 2392 state(s).
[t=0.003791s, 2864 KB] Dead ends: 0 state(s).
[t=0.003791s, 2864 KB] Expanded until last jump: 835 state(s).
[t=0.003791s, 2864 KB] Reopened until last jump: 0 state(s).
[t=0.003791s, 2864 KB] Evaluated until last jump: 838 state(s).
[t=0.003791s, 2864 KB] Generated until last jump: 2386 state(s).
[t=0.003791s, 2864 KB] Number of registered states: 838
[t=0.003791s, 2864 KB] Int hash set load factor: 838/1024 = 0.818359
[t=0.003791s, 2864 KB] Int hash set resizes: 10
[t=0.003791s, 2864 KB] Search time: 0.001023s
[t=0.003791s, 2864 KB] Total time: 0.003791s
Search stopped without finding a solution.
search exit code: 12

Driver aborting after search
