INFO     planner time limit: None
INFO     planner memory limit: None

INFO     Running search (release).
INFO     search stdin: 'C:\Users\user\Desktop\theoria\.worktrees\e7-deadlock-claim\engine-rig\runs\20260728T150713Z-E7-deadlock-claim-audit\attacks\independent\work\far4-01868.sas'
INFO     search time limit: None
INFO     search memory limit: None
INFO     search command line string: 'C:\Users\user\Desktop\theoria\.worktrees\p13\engine-rig\.toolchain\downward\builds\release\bin\downward.exe' --search 'astar(blind())' --internal-plan-file 'C:\Users\user\Desktop\theoria\.worktrees\e7-deadlock-claim\engine-rig\runs\20260728T150713Z-E7-deadlock-claim-audit\attacks\independent\work\far4-01868-blind.plan' < ''"'"'C:\Users\user\Desktop\theoria\.worktrees\e7-deadlock-claim\engine-rig\runs\20260728T150713Z-E7-deadlock-claim-audit\attacks\independent\work\far4-01868.sas'"'"''
[t=0.000139s, 1960 KB] Search code revision: 7120aa0
[t=0.000235s, 1960 KB] reading input...
[t=0.001395s, 2192 KB] done reading input!
[t=0.002516s, 2764 KB] Initializing blind search heuristic...
[t=0.002555s, 2764 KB] Building successor generator... done!
[t=0.002620s, 2792 KB] peak memory difference for successor generator creation: 28 KB
[t=0.002623s, 2792 KB] time for successor generation creation: 0.000053s
[t=0.002630s, 2792 KB] Variables: 19
[t=0.002635s, 2792 KB] FactPairs: 80
[t=0.002638s, 2792 KB] Bytes per state: 4
[t=0.002649s, 2792 KB] Conducting best first search with reopening closed nodes, (real) bound = 2147483647
[t=0.002671s, 2816 KB] New best heuristic value for blind: 1
[t=0.002675s, 2816 KB] g=0, 1 evaluated, 0 expanded
[t=0.002677s, 2816 KB] f = 1, 1 evaluated, 0 expanded
[t=0.002688s, 2828 KB] Initial heuristic value for blind: 1
[t=0.002691s, 2828 KB] pruning method: none
[t=0.002701s, 2828 KB] f = 2, 5 evaluated, 1 expanded
[t=0.002710s, 2828 KB] f = 3, 11 evaluated, 5 expanded
[t=0.002722s, 2828 KB] f = 4, 21 evaluated, 11 expanded
[t=0.002739s, 2828 KB] f = 5, 36 evaluated, 21 expanded
[t=0.002768s, 2848 KB] f = 6, 56 evaluated, 36 expanded
[t=0.002804s, 2868 KB] f = 7, 81 evaluated, 56 expanded
[t=0.002837s, 2868 KB] f = 8, 117 evaluated, 81 expanded
[t=0.002894s, 2904 KB] f = 9, 153 evaluated, 117 expanded
[t=0.002933s, 2904 KB] f = 10, 187 evaluated, 153 expanded
[t=0.002962s, 2904 KB] f = 11, 200 evaluated, 187 expanded
[t=0.002977s, 2904 KB] f = 12, 208 evaluated, 200 expanded
[t=0.002985s, 2904 KB] f = 13, 210 evaluated, 208 expanded
[t=0.002990s, 2904 KB] Completely explored state space -- no solution!
[t=0.002992s, 2904 KB] Actual search time: 0.000300s
[t=0.002995s, 2904 KB] Expanded 210 state(s).
[t=0.002995s, 2904 KB] Reopened 0 state(s).
[t=0.002995s, 2904 KB] Evaluated 210 state(s).
[t=0.002995s, 2904 KB] Evaluations: 210
[t=0.002995s, 2904 KB] Generated 600 state(s).
[t=0.002995s, 2904 KB] Dead ends: 0 state(s).
[t=0.002995s, 2904 KB] Expanded until last jump: 208 state(s).
[t=0.002995s, 2904 KB] Reopened until last jump: 0 state(s).
[t=0.002995s, 2904 KB] Evaluated until last jump: 210 state(s).
[t=0.002995s, 2904 KB] Generated until last jump: 596 state(s).
[t=0.002995s, 2904 KB] Number of registered states: 210
[t=0.002995s, 2904 KB] Int hash set load factor: 210/256 = 0.820312
[t=0.002995s, 2904 KB] Int hash set resizes: 8
[t=0.002995s, 2904 KB] Search time: 0.000348s
[t=0.002995s, 2904 KB] Total time: 0.002995s
Search stopped without finding a solution.
search exit code: 12

Driver aborting after search
