INFO     planner time limit: None
INFO     planner memory limit: None

INFO     Running search (release).
INFO     search stdin: 'C:\Users\user\Desktop\theoria\.worktrees\e7-deadlock-claim\engine-rig\runs\20260728T150713Z-E7-deadlock-claim-audit\attacks\independent\work\far4-02796.sas'
INFO     search time limit: None
INFO     search memory limit: None
INFO     search command line string: 'C:\Users\user\Desktop\theoria\.worktrees\p13\engine-rig\.toolchain\downward\builds\release\bin\downward.exe' --search 'astar(blind())' --internal-plan-file 'C:\Users\user\Desktop\theoria\.worktrees\e7-deadlock-claim\engine-rig\runs\20260728T150713Z-E7-deadlock-claim-audit\attacks\independent\work\far4-02796-blind.plan' < ''"'"'C:\Users\user\Desktop\theoria\.worktrees\e7-deadlock-claim\engine-rig\runs\20260728T150713Z-E7-deadlock-claim-audit\attacks\independent\work\far4-02796.sas'"'"''
[t=0.000142s, 1968 KB] Search code revision: 7120aa0
[t=0.000231s, 1968 KB] reading input...
[t=0.001390s, 2184 KB] done reading input!
[t=0.002527s, 2756 KB] Initializing blind search heuristic...
[t=0.002557s, 2760 KB] Building successor generator... done!
[t=0.002618s, 2792 KB] peak memory difference for successor generator creation: 32 KB
[t=0.002620s, 2792 KB] time for successor generation creation: 0.000052s
[t=0.002626s, 2792 KB] Variables: 19
[t=0.002629s, 2792 KB] FactPairs: 80
[t=0.002633s, 2792 KB] Bytes per state: 4
[t=0.002644s, 2792 KB] Conducting best first search with reopening closed nodes, (real) bound = 2147483647
[t=0.002666s, 2816 KB] New best heuristic value for blind: 1
[t=0.002670s, 2816 KB] g=0, 1 evaluated, 0 expanded
[t=0.002673s, 2828 KB] f = 1, 1 evaluated, 0 expanded
[t=0.002684s, 2832 KB] Initial heuristic value for blind: 1
[t=0.002688s, 2832 KB] pruning method: none
[t=0.002697s, 2832 KB] f = 2, 3 evaluated, 1 expanded
[t=0.002705s, 2832 KB] f = 3, 7 evaluated, 3 expanded
[t=0.002714s, 2832 KB] f = 4, 13 evaluated, 7 expanded
[t=0.002728s, 2832 KB] f = 5, 21 evaluated, 13 expanded
[t=0.002739s, 2832 KB] f = 6, 27 evaluated, 21 expanded
[t=0.002747s, 2832 KB] f = 7, 31 evaluated, 27 expanded
[t=0.002756s, 2832 KB] f = 8, 34 evaluated, 31 expanded
[t=0.002764s, 2832 KB] f = 9, 38 evaluated, 34 expanded
[t=0.002770s, 2832 KB] f = 10, 41 evaluated, 38 expanded
[t=0.002776s, 2832 KB] f = 11, 42 evaluated, 41 expanded
[t=0.002780s, 2832 KB] Completely explored state space -- no solution!
[t=0.002782s, 2832 KB] Actual search time: 0.000093s
[t=0.002786s, 2832 KB] Expanded 42 state(s).
[t=0.002786s, 2832 KB] Reopened 0 state(s).
[t=0.002786s, 2832 KB] Evaluated 42 state(s).
[t=0.002786s, 2832 KB] Evaluations: 42
[t=0.002786s, 2832 KB] Generated 120 state(s).
[t=0.002786s, 2832 KB] Dead ends: 0 state(s).
[t=0.002786s, 2832 KB] Expanded until last jump: 41 state(s).
[t=0.002786s, 2832 KB] Reopened until last jump: 0 state(s).
[t=0.002786s, 2832 KB] Evaluated until last jump: 42 state(s).
[t=0.002786s, 2832 KB] Generated until last jump: 118 state(s).
[t=0.002786s, 2832 KB] Number of registered states: 42
[t=0.002786s, 2832 KB] Int hash set load factor: 42/64 = 0.656250
[t=0.002786s, 2832 KB] Int hash set resizes: 6
[t=0.002786s, 2832 KB] Search time: 0.000144s
[t=0.002786s, 2832 KB] Total time: 0.002786s
Search stopped without finding a solution.
search exit code: 12

Driver aborting after search
