INFO     planner time limit: None
INFO     planner memory limit: None

INFO     Running search (release).
INFO     search stdin: 'C:\Users\user\Desktop\theoria\.worktrees\e7-deadlock-claim\engine-rig\runs\20260728T150713Z-E7-deadlock-claim-audit\attacks\independent\work\far4-01863.sas'
INFO     search time limit: None
INFO     search memory limit: None
INFO     search command line string: 'C:\Users\user\Desktop\theoria\.worktrees\p13\engine-rig\.toolchain\downward\builds\release\bin\downward.exe' --search 'astar(blind())' --internal-plan-file 'C:\Users\user\Desktop\theoria\.worktrees\e7-deadlock-claim\engine-rig\runs\20260728T150713Z-E7-deadlock-claim-audit\attacks\independent\work\far4-01863-blind.plan' < ''"'"'C:\Users\user\Desktop\theoria\.worktrees\e7-deadlock-claim\engine-rig\runs\20260728T150713Z-E7-deadlock-claim-audit\attacks\independent\work\far4-01863.sas'"'"''
[t=0.000177s, 1984 KB] Search code revision: 7120aa0
[t=0.000275s, 1992 KB] reading input...
[t=0.001463s, 2200 KB] done reading input!
[t=0.002632s, 2812 KB] Initializing blind search heuristic...
[t=0.002661s, 2812 KB] Building successor generator... done!
[t=0.002725s, 2860 KB] peak memory difference for successor generator creation: 36 KB
[t=0.002728s, 2860 KB] time for successor generation creation: 0.000056s
[t=0.002733s, 2860 KB] Variables: 19
[t=0.002737s, 2860 KB] FactPairs: 80
[t=0.002740s, 2860 KB] Bytes per state: 4
[t=0.002753s, 2860 KB] Conducting best first search with reopening closed nodes, (real) bound = 2147483647
[t=0.002770s, 2872 KB] New best heuristic value for blind: 1
[t=0.002774s, 2872 KB] g=0, 1 evaluated, 0 expanded
[t=0.002777s, 2872 KB] f = 1, 1 evaluated, 0 expanded
[t=0.002789s, 2884 KB] Initial heuristic value for blind: 1
[t=0.002793s, 2884 KB] pruning method: none
[t=0.002802s, 2884 KB] f = 2, 4 evaluated, 1 expanded
[t=0.002809s, 2884 KB] f = 3, 8 evaluated, 4 expanded
[t=0.002818s, 2884 KB] f = 4, 15 evaluated, 8 expanded
[t=0.002836s, 2884 KB] f = 5, 29 evaluated, 15 expanded
[t=0.002859s, 2884 KB] f = 6, 51 evaluated, 29 expanded
[t=0.002894s, 2884 KB] f = 7, 88 evaluated, 51 expanded
[t=0.002951s, 2884 KB] f = 8, 147 evaluated, 88 expanded
[t=0.003022s, 2892 KB] f = 9, 228 evaluated, 147 expanded
[t=0.003132s, 2896 KB] f = 10, 335 evaluated, 228 expanded
[t=0.003263s, 2916 KB] f = 11, 463 evaluated, 335 expanded
[t=0.003428s, 2940 KB] f = 12, 590 evaluated, 463 expanded
[t=0.003545s, 2940 KB] f = 13, 698 evaluated, 590 expanded
[t=0.003637s, 2940 KB] f = 14, 770 evaluated, 698 expanded
[t=0.003695s, 2940 KB] f = 15, 806 evaluated, 770 expanded
[t=0.003726s, 2940 KB] f = 16, 826 evaluated, 806 expanded
[t=0.003745s, 2940 KB] f = 17, 836 evaluated, 826 expanded
[t=0.003755s, 2940 KB] f = 18, 838 evaluated, 836 expanded
[t=0.003759s, 2940 KB] Completely explored state space -- no solution!
[t=0.003761s, 2940 KB] Actual search time: 0.000967s
[t=0.003767s, 2940 KB] Expanded 838 state(s).
[t=0.003767s, 2940 KB] Reopened 0 state(s).
[t=0.003767s, 2940 KB] Evaluated 838 state(s).
[t=0.003767s, 2940 KB] Evaluations: 838
[t=0.003767s, 2940 KB] Generated 2392 state(s).
[t=0.003767s, 2940 KB] Dead ends: 0 state(s).
[t=0.003767s, 2940 KB] Expanded until last jump: 836 state(s).
[t=0.003767s, 2940 KB] Reopened until last jump: 0 state(s).
[t=0.003767s, 2940 KB] Evaluated until last jump: 838 state(s).
[t=0.003767s, 2940 KB] Generated until last jump: 2387 state(s).
[t=0.003767s, 2940 KB] Number of registered states: 838
[t=0.003767s, 2940 KB] Int hash set load factor: 838/1024 = 0.818359
[t=0.003767s, 2940 KB] Int hash set resizes: 10
[t=0.003767s, 2940 KB] Search time: 0.001016s
[t=0.003767s, 2940 KB] Total time: 0.003767s
Search stopped without finding a solution.
search exit code: 12

Driver aborting after search
