INFO     planner time limit: None
INFO     planner memory limit: None

INFO     Running search (release).
INFO     search stdin: 'C:\Users\user\Desktop\theoria\.worktrees\e7-deadlock-claim\engine-rig\runs\20260728T150713Z-E7-deadlock-claim-audit\attacks\independent\work\far4-00000.sas'
INFO     search time limit: None
INFO     search memory limit: None
INFO     search command line string: 'C:\Users\user\Desktop\theoria\.worktrees\p13\engine-rig\.toolchain\downward\builds\release\bin\downward.exe' --search 'astar(lmcut())' --internal-plan-file 'C:\Users\user\Desktop\theoria\.worktrees\e7-deadlock-claim\engine-rig\runs\20260728T150713Z-E7-deadlock-claim-audit\attacks\independent\work\far4-00000-lmcut.plan' < ''"'"'C:\Users\user\Desktop\theoria\.worktrees\e7-deadlock-claim\engine-rig\runs\20260728T150713Z-E7-deadlock-claim-audit\attacks\independent\work\far4-00000.sas'"'"''
[t=0.001456s, 2332 KB] Search code revision: 7120aa0
[t=0.001634s, 2332 KB] reading input...
[t=0.003661s, 2396 KB] done reading input!
[t=0.011546s, 2832 KB] Initializing landmark cut heuristic...
[t=0.011589s, 2832 KB] Building successor generator... done!
[t=0.011821s, 2856 KB] peak memory difference for successor generator creation: 24 KB
[t=0.011829s, 2856 KB] time for successor generation creation: 0.000217s
[t=0.011835s, 2856 KB] Variables: 19
[t=0.011838s, 2856 KB] FactPairs: 80
[t=0.011841s, 2856 KB] Bytes per state: 4
[t=0.012093s, 2856 KB] Conducting best first search with reopening closed nodes, (real) bound = 2147483647
[t=0.012168s, 2876 KB] New best heuristic value for lmcut: 7
[t=0.012174s, 2876 KB] g=0, 1 evaluated, 0 expanded
[t=0.012177s, 2876 KB] f = 7, 1 evaluated, 0 expanded
[t=0.012184s, 2876 KB] Initial heuristic value for lmcut: 7
[t=0.012188s, 2876 KB] pruning method: none
[t=0.012241s, 2876 KB] New best heuristic value for lmcut: 6
[t=0.012245s, 2876 KB] g=1, 3 evaluated, 1 expanded
[t=0.012288s, 2876 KB] New best heuristic value for lmcut: 5
[t=0.012292s, 2876 KB] g=2, 5 evaluated, 2 expanded
[t=0.012309s, 2876 KB] New best heuristic value for lmcut: 4
[t=0.012314s, 2876 KB] g=3, 6 evaluated, 3 expanded
[t=0.012398s, 2876 KB] f = 9, 12 evaluated, 4 expanded
[t=0.012648s, 2876 KB] f = 10, 29 evaluated, 13 expanded
[t=0.012733s, 2876 KB] f = 11, 35 evaluated, 16 expanded
[t=0.012800s, 2876 KB] New best heuristic value for lmcut: 3
[t=0.012804s, 2876 KB] g=8, 41 evaluated, 19 expanded
[t=0.012827s, 2876 KB] New best heuristic value for lmcut: 2
[t=0.012831s, 2876 KB] g=9, 43 evaluated, 20 expanded
[t=0.012842s, 2876 KB] New best heuristic value for lmcut: 1
[t=0.012846s, 2876 KB] g=10, 45 evaluated, 21 expanded
[t=0.012867s, 2876 KB] New best heuristic value for lmcut: 0
[t=0.012870s, 2876 KB] g=11, 48 evaluated, 22 expanded
[t=0.012881s, 2876 KB] Solution found!
[t=0.012885s, 2876 KB] Actual search time: 0.000695s
move c44 c43 left (1)
push c43 c33 c23 b2 up (1)
push c33 c23 c13 b2 up (1)
move c23 c33 down (1)
move c33 c32 left (1)
move c32 c31 left (1)
move c31 c21 up (1)
move c21 c11 up (1)
move c11 c12 right (1)
push c12 c22 c32 b1 down (1)
push c22 c32 c42 b1 down (1)
[t=0.012888s, 2884 KB] Plan length: 11 step(s).
[t=0.012888s, 2884 KB] Plan cost: 11
[t=0.012888s, 2884 KB] Expanded 23 state(s).
[t=0.012888s, 2884 KB] Reopened 0 state(s).
[t=0.012888s, 2884 KB] Evaluated 49 state(s).
[t=0.012888s, 2884 KB] Evaluations: 49
[t=0.012888s, 2884 KB] Generated 68 state(s).
[t=0.012888s, 2884 KB] Dead ends: 7 state(s).
[t=0.012888s, 2884 KB] Expanded until last jump: 16 state(s).
[t=0.012888s, 2884 KB] Reopened until last jump: 0 state(s).
[t=0.012888s, 2884 KB] Evaluated until last jump: 35 state(s).
[t=0.012888s, 2884 KB] Generated until last jump: 50 state(s).
[t=0.012888s, 2884 KB] Number of registered states: 49
[t=0.012888s, 2884 KB] Int hash set load factor: 49/64 = 0.765625
[t=0.012888s, 2884 KB] Int hash set resizes: 6
[t=0.012888s, 2884 KB] Search time: 0.000920s
[t=0.012888s, 2884 KB] Total time: 0.012888s
Solution found.
search exit code: 0

