INFO     planner time limit: None
INFO     planner memory limit: None

INFO     Running search (release).
INFO     search stdin: 'C:\Users\user\Desktop\theoria\.worktrees\e7-deadlock-claim\engine-rig\runs\20260728T150713Z-E7-deadlock-claim-audit\attacks\independent\work\far4-01268.sas'
INFO     search time limit: None
INFO     search memory limit: None
INFO     search command line string: 'C:\Users\user\Desktop\theoria\.worktrees\p13\engine-rig\.toolchain\downward\builds\release\bin\downward.exe' --search 'astar(lmcut())' --internal-plan-file 'C:\Users\user\Desktop\theoria\.worktrees\e7-deadlock-claim\engine-rig\runs\20260728T150713Z-E7-deadlock-claim-audit\attacks\independent\work\far4-01268-lmcut.plan' < ''"'"'C:\Users\user\Desktop\theoria\.worktrees\e7-deadlock-claim\engine-rig\runs\20260728T150713Z-E7-deadlock-claim-audit\attacks\independent\work\far4-01268.sas'"'"''
[t=0.000150s, 1984 KB] Search code revision: 7120aa0
[t=0.000242s, 1984 KB] reading input...
[t=0.001411s, 2220 KB] done reading input!
[t=0.002617s, 2824 KB] Initializing landmark cut heuristic...
[t=0.002648s, 2824 KB] Building successor generator... done!
[t=0.002706s, 2864 KB] peak memory difference for successor generator creation: 28 KB
[t=0.002708s, 2864 KB] time for successor generation creation: 0.000050s
[t=0.002717s, 2864 KB] Variables: 19
[t=0.002720s, 2864 KB] FactPairs: 80
[t=0.002723s, 2864 KB] Bytes per state: 4
[t=0.002733s, 2868 KB] Conducting best first search with reopening closed nodes, (real) bound = 2147483647
[t=0.002763s, 2872 KB] Initial state is a dead end.
[t=0.002767s, 2872 KB] Initial heuristic value for lmcut: infinity
[t=0.002770s, 2872 KB] pruning method: none
[t=0.002774s, 2872 KB] Completely explored state space -- no solution!
[t=0.002777s, 2872 KB] Actual search time: 0.000006s
[t=0.002780s, 2872 KB] Expanded 0 state(s).
[t=0.002780s, 2872 KB] Reopened 0 state(s).
[t=0.002780s, 2872 KB] Evaluated 1 state(s).
[t=0.002780s, 2872 KB] Evaluations: 1
[t=0.002780s, 2872 KB] Generated 0 state(s).
[t=0.002780s, 2872 KB] Dead ends: 0 state(s).
[t=0.002780s, 2872 KB] Number of registered states: 1
[t=0.002780s, 2872 KB] Int hash set load factor: 1/1 = 1.000000
[t=0.002780s, 2872 KB] Int hash set resizes: 0
[t=0.002780s, 2872 KB] Search time: 0.000048s
[t=0.002780s, 2872 KB] Total time: 0.002780s
Search stopped without finding a solution.
search exit code: 12

Driver aborting after search
