INFO     planner time limit: None
INFO     planner memory limit: None

INFO     Running search (release).
INFO     search stdin: 'C:\Users\user\Desktop\theoria\.worktrees\e7-deadlock-claim\engine-rig\runs\20260728T150713Z-E7-deadlock-claim-audit\attacks\independent\work\far4-03120.sas'
INFO     search time limit: None
INFO     search memory limit: None
INFO     search command line string: 'C:\Users\user\Desktop\theoria\.worktrees\p13\engine-rig\.toolchain\downward\builds\release\bin\downward.exe' --search 'astar(lmcut())' --internal-plan-file 'C:\Users\user\Desktop\theoria\.worktrees\e7-deadlock-claim\engine-rig\runs\20260728T150713Z-E7-deadlock-claim-audit\attacks\independent\work\far4-03120-lmcut.plan' < ''"'"'C:\Users\user\Desktop\theoria\.worktrees\e7-deadlock-claim\engine-rig\runs\20260728T150713Z-E7-deadlock-claim-audit\attacks\independent\work\far4-03120.sas'"'"''
[t=0.000148s, 1968 KB] Search code revision: 7120aa0
[t=0.000243s, 1968 KB] reading input...
[t=0.001399s, 2168 KB] done reading input!
[t=0.002630s, 2792 KB] Initializing landmark cut heuristic...
[t=0.002666s, 2792 KB] Building successor generator... done!
[t=0.002727s, 2824 KB] peak memory difference for successor generator creation: 32 KB
[t=0.002730s, 2824 KB] time for successor generation creation: 0.000051s
[t=0.002735s, 2824 KB] Variables: 19
[t=0.002737s, 2824 KB] FactPairs: 80
[t=0.002741s, 2824 KB] Bytes per state: 4
[t=0.002754s, 2824 KB] Conducting best first search with reopening closed nodes, (real) bound = 2147483647
[t=0.002817s, 2856 KB] New best heuristic value for lmcut: 8
[t=0.002822s, 2856 KB] g=0, 1 evaluated, 0 expanded
[t=0.002824s, 2856 KB] f = 8, 1 evaluated, 0 expanded
[t=0.002833s, 2868 KB] Initial heuristic value for lmcut: 8
[t=0.002836s, 2868 KB] pruning method: none
[t=0.002882s, 2880 KB] f = 9, 3 evaluated, 1 expanded
[t=0.002923s, 2880 KB] New best heuristic value for lmcut: 7
[t=0.002927s, 2880 KB] g=2, 6 evaluated, 3 expanded
[t=0.002961s, 2880 KB] New best heuristic value for lmcut: 6
[t=0.002965s, 2880 KB] g=3, 8 evaluated, 4 expanded
[t=0.003012s, 2880 KB] New best heuristic value for lmcut: 5
[t=0.003017s, 2880 KB] g=4, 12 evaluated, 5 expanded
[t=0.003067s, 2880 KB] New best heuristic value for lmcut: 4
[t=0.003072s, 2880 KB] g=5, 15 evaluated, 6 expanded
[t=0.003096s, 2880 KB] f = 10, 17 evaluated, 7 expanded
[t=0.003110s, 2880 KB] New best heuristic value for lmcut: 3
[t=0.003114s, 2880 KB] g=7, 18 evaluated, 8 expanded
[t=0.003136s, 2880 KB] New best heuristic value for lmcut: 2
[t=0.003140s, 2880 KB] g=8, 20 evaluated, 9 expanded
[t=0.003159s, 2880 KB] New best heuristic value for lmcut: 1
[t=0.003163s, 2880 KB] g=9, 23 evaluated, 10 expanded
[t=0.003175s, 2884 KB] New best heuristic value for lmcut: 0
[t=0.003308s, 2884 KB] g=10, 25 evaluated, 11 expanded
[t=0.003340s, 2892 KB] Solution found!
[t=0.003347s, 2896 KB] Actual search time: 0.000510s
move c14 c24 down (1)
move c24 c34 down (1)
push c34 c33 c32 b1 left (1)
move c33 c23 up (1)
move c23 c22 left (1)
move c22 c21 left (1)
move c21 c11 up (1)
push c11 c12 c13 b2 right (1)
move c12 c22 down (1)
push c22 c32 c42 b1 down (1)
[t=0.003351s, 2904 KB] Plan length: 10 step(s).
[t=0.003351s, 2904 KB] Plan cost: 10
[t=0.003351s, 2904 KB] Expanded 12 state(s).
[t=0.003351s, 2904 KB] Reopened 0 state(s).
[t=0.003351s, 2904 KB] Evaluated 26 state(s).
[t=0.003351s, 2904 KB] Evaluations: 26
[t=0.003351s, 2904 KB] Generated 34 state(s).
[t=0.003351s, 2904 KB] Dead ends: 3 state(s).
[t=0.003351s, 2904 KB] Expanded until last jump: 7 state(s).
[t=0.003351s, 2904 KB] Reopened until last jump: 0 state(s).
[t=0.003351s, 2904 KB] Evaluated until last jump: 17 state(s).
[t=0.003351s, 2904 KB] Generated until last jump: 22 state(s).
[t=0.003351s, 2904 KB] Number of registered states: 26
[t=0.003351s, 2904 KB] Int hash set load factor: 26/32 = 0.812500
[t=0.003351s, 2904 KB] Int hash set resizes: 5
[t=0.003351s, 2904 KB] Search time: 0.000598s
[t=0.003351s, 2904 KB] Total time: 0.003351s
Solution found.
search exit code: 0

