INFO     planner time limit: None
INFO     planner memory limit: None

INFO     Running search (release).
INFO     search stdin: 'C:\Users\user\Desktop\theoria\.worktrees\e7-deadlock-claim\engine-rig\runs\20260728T150713Z-E7-deadlock-claim-audit\attacks\independent\work\far4-00329.sas'
INFO     search time limit: None
INFO     search memory limit: None
INFO     search command line string: 'C:\Users\user\Desktop\theoria\.worktrees\p13\engine-rig\.toolchain\downward\builds\release\bin\downward.exe' --search 'astar(blind())' --internal-plan-file 'C:\Users\user\Desktop\theoria\.worktrees\e7-deadlock-claim\engine-rig\runs\20260728T150713Z-E7-deadlock-claim-audit\attacks\independent\work\far4-00329-blind.plan' < ''"'"'C:\Users\user\Desktop\theoria\.worktrees\e7-deadlock-claim\engine-rig\runs\20260728T150713Z-E7-deadlock-claim-audit\attacks\independent\work\far4-00329.sas'"'"''
[t=0.000146s, 1980 KB] Search code revision: 7120aa0
[t=0.000238s, 1980 KB] reading input...
[t=0.001398s, 2208 KB] done reading input!
[t=0.003078s, 2804 KB] Initializing blind search heuristic...
[t=0.003108s, 2804 KB] Building successor generator... done!
[t=0.003170s, 2828 KB] peak memory difference for successor generator creation: 24 KB
[t=0.003173s, 2828 KB] time for successor generation creation: 0.000054s
[t=0.003179s, 2828 KB] Variables: 19
[t=0.003182s, 2828 KB] FactPairs: 80
[t=0.003184s, 2828 KB] Bytes per state: 4
[t=0.003202s, 2828 KB] Conducting best first search with reopening closed nodes, (real) bound = 2147483647
[t=0.003220s, 2852 KB] New best heuristic value for blind: 1
[t=0.003224s, 2852 KB] g=0, 1 evaluated, 0 expanded
[t=0.003227s, 2852 KB] f = 1, 1 evaluated, 0 expanded
[t=0.003233s, 2852 KB] Initial heuristic value for blind: 1
[t=0.003236s, 2852 KB] pruning method: none
[t=0.003246s, 2852 KB] f = 2, 3 evaluated, 1 expanded
[t=0.003253s, 2852 KB] f = 3, 6 evaluated, 3 expanded
[t=0.003260s, 2852 KB] f = 4, 10 evaluated, 6 expanded
[t=0.003270s, 2852 KB] f = 5, 16 evaluated, 10 expanded
[t=0.003285s, 2852 KB] f = 6, 29 evaluated, 16 expanded
[t=0.003314s, 2868 KB] f = 7, 53 evaluated, 29 expanded
[t=0.003366s, 2876 KB] f = 8, 92 evaluated, 53 expanded
[t=0.003426s, 2876 KB] f = 9, 155 evaluated, 92 expanded
[t=0.003522s, 2884 KB] f = 10, 257 evaluated, 155 expanded
[t=0.003648s, 2884 KB] f = 11, 415 evaluated, 257 expanded
[t=0.003862s, 2896 KB] f = 12, 642 evaluated, 415 expanded
[t=0.004114s, 2896 KB] f = 13, 934 evaluated, 642 expanded
[t=0.004483s, 2916 KB] f = 14, 1278 evaluated, 934 expanded
[t=0.004876s, 2928 KB] f = 15, 1655 evaluated, 1278 expanded
[t=0.005339s, 2964 KB] f = 16, 2034 evaluated, 1655 expanded
[t=0.005707s, 2976 KB] f = 17, 2386 evaluated, 2034 expanded
[t=0.005832s, 2976 KB] New best heuristic value for blind: 0
[t=0.005836s, 2976 KB] g=17, 2510 evaluated, 2159 expanded
[t=0.005840s, 2976 KB] Solution found!
[t=0.005843s, 2976 KB] Actual search time: 0.002605s
move c11 c12 right (1)
move c12 c13 right (1)
move c13 c14 right (1)
move c14 c24 down (1)
push c24 c23 c22 b1 left (1)
move c23 c13 up (1)
move c13 c12 left (1)
push c12 c22 c32 b1 down (1)
move c22 c21 left (1)
move c21 c31 down (1)
move c31 c41 down (1)
move c41 c42 right (1)
move c42 c43 right (1)
push c43 c33 c23 b2 up (1)
push c33 c23 c13 b2 up (1)
move c23 c22 left (1)
push c22 c32 c42 b1 down (1)
[t=0.005846s, 2976 KB] Plan length: 17 step(s).
[t=0.005846s, 2976 KB] Plan cost: 17
[t=0.005846s, 2976 KB] Expanded 2160 state(s).
[t=0.005846s, 2976 KB] Reopened 0 state(s).
[t=0.005846s, 2976 KB] Evaluated 2510 state(s).
[t=0.005846s, 2976 KB] Evaluations: 2510
[t=0.005846s, 2976 KB] Generated 6240 state(s).
[t=0.005846s, 2976 KB] Dead ends: 0 state(s).
[t=0.005846s, 2976 KB] Expanded until last jump: 2034 state(s).
[t=0.005846s, 2976 KB] Reopened until last jump: 0 state(s).
[t=0.005846s, 2976 KB] Evaluated until last jump: 2386 state(s).
[t=0.005846s, 2976 KB] Generated until last jump: 5894 state(s).
[t=0.005846s, 2976 KB] Number of registered states: 2510
[t=0.005846s, 2976 KB] Int hash set load factor: 2510/4096 = 0.612793
[t=0.005846s, 2976 KB] Int hash set resizes: 12
[t=0.005846s, 2976 KB] Search time: 0.002646s
[t=0.005846s, 2976 KB] Total time: 0.005846s
Solution found.
search exit code: 0

