INFO     planner time limit: None
INFO     planner memory limit: None

INFO     Running search (release).
INFO     search stdin: 'C:\Users\user\Desktop\theoria\.worktrees\e7-deadlock-claim\engine-rig\runs\20260728T150713Z-E7-deadlock-claim-audit\attacks\independent\work\far4-01411.sas'
INFO     search time limit: None
INFO     search memory limit: None
INFO     search command line string: 'C:\Users\user\Desktop\theoria\.worktrees\p13\engine-rig\.toolchain\downward\builds\release\bin\downward.exe' --search 'astar(blind())' --internal-plan-file 'C:\Users\user\Desktop\theoria\.worktrees\e7-deadlock-claim\engine-rig\runs\20260728T150713Z-E7-deadlock-claim-audit\attacks\independent\work\far4-01411-blind.plan' < ''"'"'C:\Users\user\Desktop\theoria\.worktrees\e7-deadlock-claim\engine-rig\runs\20260728T150713Z-E7-deadlock-claim-audit\attacks\independent\work\far4-01411.sas'"'"''
[t=0.000130s, 1972 KB] Search code revision: 7120aa0
[t=0.000230s, 1972 KB] reading input...
[t=0.001427s, 2200 KB] done reading input!
[t=0.002612s, 2780 KB] Initializing blind search heuristic...
[t=0.002645s, 2792 KB] Building successor generator... done!
[t=0.002732s, 2816 KB] peak memory difference for successor generator creation: 24 KB
[t=0.002735s, 2816 KB] time for successor generation creation: 0.000061s
[t=0.002740s, 2816 KB] Variables: 19
[t=0.002743s, 2816 KB] FactPairs: 80
[t=0.002745s, 2816 KB] Bytes per state: 4
[t=0.002755s, 2816 KB] Conducting best first search with reopening closed nodes, (real) bound = 2147483647
[t=0.002776s, 2840 KB] New best heuristic value for blind: 1
[t=0.002782s, 2840 KB] g=0, 1 evaluated, 0 expanded
[t=0.002784s, 2840 KB] f = 1, 1 evaluated, 0 expanded
[t=0.002791s, 2840 KB] Initial heuristic value for blind: 1
[t=0.002793s, 2840 KB] pruning method: none
[t=0.002802s, 2840 KB] f = 2, 3 evaluated, 1 expanded
[t=0.002809s, 2840 KB] f = 3, 7 evaluated, 3 expanded
[t=0.002821s, 2844 KB] f = 4, 11 evaluated, 7 expanded
[t=0.002828s, 2856 KB] f = 5, 14 evaluated, 11 expanded
[t=0.002857s, 2856 KB] f = 6, 17 evaluated, 14 expanded
[t=0.002867s, 2856 KB] f = 7, 22 evaluated, 17 expanded
[t=0.002877s, 2856 KB] f = 8, 29 evaluated, 22 expanded
[t=0.002889s, 2856 KB] f = 9, 37 evaluated, 29 expanded
[t=0.002902s, 2856 KB] f = 10, 45 evaluated, 37 expanded
[t=0.002916s, 2856 KB] f = 11, 53 evaluated, 45 expanded
[t=0.002923s, 2856 KB] f = 12, 55 evaluated, 53 expanded
[t=0.002929s, 2856 KB] f = 13, 56 evaluated, 55 expanded
[t=0.002932s, 2856 KB] Completely explored state space -- no solution!
[t=0.002934s, 2856 KB] Actual search time: 0.000140s
[t=0.002937s, 2856 KB] Expanded 56 state(s).
[t=0.002937s, 2856 KB] Reopened 0 state(s).
[t=0.002937s, 2856 KB] Evaluated 56 state(s).
[t=0.002937s, 2856 KB] Evaluations: 56
[t=0.002937s, 2856 KB] Generated 160 state(s).
[t=0.002937s, 2856 KB] Dead ends: 0 state(s).
[t=0.002937s, 2856 KB] Expanded until last jump: 55 state(s).
[t=0.002937s, 2856 KB] Reopened until last jump: 0 state(s).
[t=0.002937s, 2856 KB] Evaluated until last jump: 56 state(s).
[t=0.002937s, 2856 KB] Generated until last jump: 158 state(s).
[t=0.002937s, 2856 KB] Number of registered states: 56
[t=0.002937s, 2856 KB] Int hash set load factor: 56/64 = 0.875000
[t=0.002937s, 2856 KB] Int hash set resizes: 6
[t=0.002937s, 2856 KB] Search time: 0.000183s
[t=0.002937s, 2856 KB] Total time: 0.002937s
Search stopped without finding a solution.
search exit code: 12

Driver aborting after search
