INFO     planner time limit: None
INFO     planner memory limit: None

INFO     Running search (release).
INFO     search stdin: 'C:\Users\user\Desktop\theoria\.worktrees\e7-deadlock-claim\engine-rig\runs\20260728T150713Z-E7-deadlock-claim-audit\attacks\independent\work\far4-00012.sas'
INFO     search time limit: None
INFO     search memory limit: None
INFO     search command line string: 'C:\Users\user\Desktop\theoria\.worktrees\p13\engine-rig\.toolchain\downward\builds\release\bin\downward.exe' --search 'astar(lmcut())' --internal-plan-file 'C:\Users\user\Desktop\theoria\.worktrees\e7-deadlock-claim\engine-rig\runs\20260728T150713Z-E7-deadlock-claim-audit\attacks\independent\work\far4-00012-lmcut.plan' < ''"'"'C:\Users\user\Desktop\theoria\.worktrees\e7-deadlock-claim\engine-rig\runs\20260728T150713Z-E7-deadlock-claim-audit\attacks\independent\work\far4-00012.sas'"'"''
[t=0.000149s, 1892 KB] Search code revision: 7120aa0
[t=0.000243s, 1920 KB] reading input...
[t=0.001491s, 2184 KB] done reading input!
[t=0.002718s, 2804 KB] Initializing landmark cut heuristic...
[t=0.002752s, 2812 KB] Building successor generator... done!
[t=0.002806s, 2816 KB] peak memory difference for successor generator creation: 4 KB
[t=0.002809s, 2816 KB] time for successor generation creation: 0.000046s
[t=0.002816s, 2816 KB] Variables: 19
[t=0.002818s, 2816 KB] FactPairs: 80
[t=0.002820s, 2816 KB] Bytes per state: 4
[t=0.002833s, 2816 KB] Conducting best first search with reopening closed nodes, (real) bound = 2147483647
[t=0.002859s, 2840 KB] Initial state is a dead end.
[t=0.002864s, 2840 KB] Initial heuristic value for lmcut: infinity
[t=0.002867s, 2840 KB] pruning method: none
[t=0.002871s, 2840 KB] Completely explored state space -- no solution!
[t=0.002874s, 2840 KB] Actual search time: 0.000006s
[t=0.002878s, 2840 KB] Expanded 0 state(s).
[t=0.002878s, 2840 KB] Reopened 0 state(s).
[t=0.002878s, 2848 KB] Evaluated 1 state(s).
[t=0.002878s, 2848 KB] Evaluations: 1
[t=0.002878s, 2848 KB] Generated 0 state(s).
[t=0.002878s, 2848 KB] Dead ends: 0 state(s).
[t=0.002878s, 2848 KB] Number of registered states: 1
[t=0.002878s, 2860 KB] Int hash set load factor: 1/1 = 1.000000
[t=0.002878s, 2860 KB] Int hash set resizes: 0
[t=0.002878s, 2860 KB] Search time: 0.000048s
[t=0.002878s, 2860 KB] Total time: 0.002878s
Search stopped without finding a solution.
search exit code: 12

Driver aborting after search
