INFO     planner time limit: None
INFO     planner memory limit: None

INFO     Running search (release).
INFO     search stdin: 'C:\Users\user\Desktop\theoria\.worktrees\e7-deadlock-claim\engine-rig\runs\20260728T150713Z-E7-deadlock-claim-audit\attacks\independent\work\far4-01868.sas'
INFO     search time limit: None
INFO     search memory limit: None
INFO     search command line string: 'C:\Users\user\Desktop\theoria\.worktrees\p13\engine-rig\.toolchain\downward\builds\release\bin\downward.exe' --search 'astar(lmcut())' --internal-plan-file 'C:\Users\user\Desktop\theoria\.worktrees\e7-deadlock-claim\engine-rig\runs\20260728T150713Z-E7-deadlock-claim-audit\attacks\independent\work\far4-01868-lmcut.plan' < ''"'"'C:\Users\user\Desktop\theoria\.worktrees\e7-deadlock-claim\engine-rig\runs\20260728T150713Z-E7-deadlock-claim-audit\attacks\independent\work\far4-01868.sas'"'"''
[t=0.000143s, 1980 KB] Search code revision: 7120aa0
[t=0.000238s, 1980 KB] reading input...
[t=0.001400s, 2196 KB] done reading input!
[t=0.002632s, 2840 KB] Initializing landmark cut heuristic...
[t=0.002662s, 2840 KB] Building successor generator... done!
[t=0.002719s, 2868 KB] peak memory difference for successor generator creation: 28 KB
[t=0.002721s, 2868 KB] time for successor generation creation: 0.000049s
[t=0.002727s, 2868 KB] Variables: 19
[t=0.002731s, 2868 KB] FactPairs: 80
[t=0.002733s, 2868 KB] Bytes per state: 4
[t=0.002744s, 2880 KB] Conducting best first search with reopening closed nodes, (real) bound = 2147483647
[t=0.002773s, 2892 KB] Initial state is a dead end.
[t=0.002776s, 2892 KB] Initial heuristic value for lmcut: infinity
[t=0.002779s, 2892 KB] pruning method: none
[t=0.002784s, 2892 KB] Completely explored state space -- no solution!
[t=0.002788s, 2892 KB] Actual search time: 0.000006s
[t=0.002791s, 2892 KB] Expanded 0 state(s).
[t=0.002791s, 2892 KB] Reopened 0 state(s).
[t=0.002791s, 2892 KB] Evaluated 1 state(s).
[t=0.002791s, 2892 KB] Evaluations: 1
[t=0.002791s, 2892 KB] Generated 0 state(s).
[t=0.002791s, 2892 KB] Dead ends: 0 state(s).
[t=0.002791s, 2892 KB] Number of registered states: 1
[t=0.002791s, 2892 KB] Int hash set load factor: 1/1 = 1.000000
[t=0.002791s, 2892 KB] Int hash set resizes: 0
[t=0.002791s, 2892 KB] Search time: 0.000048s
[t=0.002791s, 2892 KB] Total time: 0.002791s
Search stopped without finding a solution.
search exit code: 12

Driver aborting after search
