INFO     planner time limit: None
INFO     planner memory limit: None

INFO     Running search (release).
INFO     search stdin: 'C:\Users\user\Desktop\theoria\.worktrees\e7-deadlock-claim\engine-rig\runs\20260728T150713Z-E7-deadlock-claim-audit\attacks\independent\work\far4-00000.sas'
INFO     search time limit: None
INFO     search memory limit: None
INFO     search command line string: 'C:\Users\user\Desktop\theoria\.worktrees\p13\engine-rig\.toolchain\downward\builds\release\bin\downward.exe' --search 'astar(blind())' --internal-plan-file 'C:\Users\user\Desktop\theoria\.worktrees\e7-deadlock-claim\engine-rig\runs\20260728T150713Z-E7-deadlock-claim-audit\attacks\independent\work\far4-00000-blind.plan' < ''"'"'C:\Users\user\Desktop\theoria\.worktrees\e7-deadlock-claim\engine-rig\runs\20260728T150713Z-E7-deadlock-claim-audit\attacks\independent\work\far4-00000.sas'"'"''
[t=0.001604s, 2332 KB] Search code revision: 7120aa0
[t=0.001815s, 2332 KB] reading input...
[t=0.003803s, 2396 KB] done reading input!
[t=0.013070s, 2760 KB] Initializing blind search heuristic...
[t=0.013245s, 2760 KB] Building successor generator... done!
[t=0.013424s, 2780 KB] peak memory difference for successor generator creation: 20 KB
[t=0.013431s, 2780 KB] time for successor generation creation: 0.000159s
[t=0.013437s, 2780 KB] Variables: 19
[t=0.013440s, 2780 KB] FactPairs: 80
[t=0.013443s, 2780 KB] Bytes per state: 4
[t=0.013625s, 2788 KB] Conducting best first search with reopening closed nodes, (real) bound = 2147483647
[t=0.013647s, 2800 KB] New best heuristic value for blind: 1
[t=0.013652s, 2800 KB] g=0, 1 evaluated, 0 expanded
[t=0.013655s, 2800 KB] f = 1, 1 evaluated, 0 expanded
[t=0.013794s, 2812 KB] Initial heuristic value for blind: 1
[t=0.013802s, 2812 KB] pruning method: none
[t=0.013815s, 2812 KB] f = 2, 3 evaluated, 1 expanded
[t=0.013824s, 2812 KB] f = 3, 7 evaluated, 3 expanded
[t=0.013838s, 2812 KB] f = 4, 19 evaluated, 7 expanded
[t=0.013861s, 2812 KB] f = 5, 41 evaluated, 19 expanded
[t=0.013899s, 2812 KB] f = 6, 81 evaluated, 41 expanded
[t=0.013962s, 2812 KB] f = 7, 152 evaluated, 81 expanded
[t=0.014050s, 2812 KB] f = 8, 254 evaluated, 152 expanded
[t=0.014179s, 2812 KB] f = 9, 394 evaluated, 254 expanded
[t=0.014376s, 2836 KB] f = 10, 594 evaluated, 394 expanded
[t=0.014602s, 2836 KB] f = 11, 873 evaluated, 594 expanded
[t=0.014904s, 2856 KB] New best heuristic value for blind: 0
[t=0.014908s, 2856 KB] g=11, 1166 evaluated, 836 expanded
[t=0.014912s, 2856 KB] Solution found!
[t=0.014915s, 2856 KB] Actual search time: 0.001111s
move c44 c43 left (1)
push c43 c33 c23 b2 up (1)
push c33 c23 c13 b2 up (1)
move c23 c33 down (1)
move c33 c32 left (1)
move c32 c31 left (1)
move c31 c21 up (1)
move c21 c11 up (1)
move c11 c12 right (1)
push c12 c22 c32 b1 down (1)
push c22 c32 c42 b1 down (1)
[t=0.014918s, 2856 KB] Plan length: 11 step(s).
[t=0.014918s, 2856 KB] Plan cost: 11
[t=0.014918s, 2856 KB] Expanded 837 state(s).
[t=0.014918s, 2856 KB] Reopened 0 state(s).
[t=0.014918s, 2856 KB] Evaluated 1167 state(s).
[t=0.014918s, 2856 KB] Evaluations: 1167
[t=0.014918s, 2856 KB] Generated 2453 state(s).
[t=0.014918s, 2856 KB] Dead ends: 0 state(s).
[t=0.014918s, 2856 KB] Expanded until last jump: 594 state(s).
[t=0.014918s, 2856 KB] Reopened until last jump: 0 state(s).
[t=0.014918s, 2856 KB] Evaluated until last jump: 873 state(s).
[t=0.014918s, 2856 KB] Generated until last jump: 1736 state(s).
[t=0.014918s, 2856 KB] Number of registered states: 1167
[t=0.014918s, 2856 KB] Int hash set load factor: 1167/2048 = 0.569824
[t=0.014918s, 2856 KB] Int hash set resizes: 11
[t=0.014918s, 2856 KB] Search time: 0.001294s
[t=0.014918s, 2856 KB] Total time: 0.014918s
Solution found.
search exit code: 0

