INFO     planner time limit: None
INFO     planner memory limit: None

INFO     Running search (release).
INFO     search stdin: 'C:\Users\user\Desktop\theoria\.worktrees\e7-deadlock-claim\engine-rig\runs\20260728T150713Z-E7-deadlock-claim-audit\attacks\independent\work\far4-01138.sas'
INFO     search time limit: None
INFO     search memory limit: None
INFO     search command line string: 'C:\Users\user\Desktop\theoria\.worktrees\p13\engine-rig\.toolchain\downward\builds\release\bin\downward.exe' --search 'astar(blind())' --internal-plan-file 'C:\Users\user\Desktop\theoria\.worktrees\e7-deadlock-claim\engine-rig\runs\20260728T150713Z-E7-deadlock-claim-audit\attacks\independent\work\far4-01138-blind.plan' < ''"'"'C:\Users\user\Desktop\theoria\.worktrees\e7-deadlock-claim\engine-rig\runs\20260728T150713Z-E7-deadlock-claim-audit\attacks\independent\work\far4-01138.sas'"'"''
[t=0.000156s, 1956 KB] Search code revision: 7120aa0
[t=0.000243s, 1956 KB] reading input...
[t=0.001415s, 2176 KB] done reading input!
[t=0.002561s, 2748 KB] Initializing blind search heuristic...
[t=0.002589s, 2748 KB] Building successor generator... done!
[t=0.002658s, 2784 KB] peak memory difference for successor generator creation: 36 KB
[t=0.002661s, 2784 KB] time for successor generation creation: 0.000058s
[t=0.002669s, 2784 KB] Variables: 19
[t=0.002672s, 2784 KB] FactPairs: 80
[t=0.002674s, 2784 KB] Bytes per state: 4
[t=0.002687s, 2784 KB] Conducting best first search with reopening closed nodes, (real) bound = 2147483647
[t=0.002706s, 2796 KB] New best heuristic value for blind: 0
[t=0.002710s, 2796 KB] g=0, 1 evaluated, 0 expanded
[t=0.002713s, 2796 KB] f = 0, 1 evaluated, 0 expanded
[t=0.002722s, 2808 KB] Initial heuristic value for blind: 0
[t=0.002726s, 2820 KB] pruning method: none
[t=0.002731s, 2820 KB] Solution found!
[t=0.002735s, 2820 KB] Actual search time: 0.000008s
[t=0.002738s, 2844 KB] Plan length: 0 step(s).
[t=0.002738s, 2844 KB] Plan cost: 0
[t=0.002738s, 2844 KB] Expanded 1 state(s).
[t=0.002738s, 2844 KB] Reopened 0 state(s).
[t=0.002738s, 2844 KB] Evaluated 1 state(s).
[t=0.002738s, 2844 KB] Evaluations: 1
[t=0.002738s, 2844 KB] Generated 0 state(s).
[t=0.002738s, 2844 KB] Dead ends: 0 state(s).
[t=0.002738s, 2844 KB] Expanded until last jump: 0 state(s).
[t=0.002738s, 2844 KB] Reopened until last jump: 0 state(s).
[t=0.002738s, 2844 KB] Evaluated until last jump: 1 state(s).
[t=0.002738s, 2844 KB] Generated until last jump: 0 state(s).
[t=0.002738s, 2844 KB] Number of registered states: 1
[t=0.002738s, 2844 KB] Int hash set load factor: 1/1 = 1.000000
[t=0.002738s, 2844 KB] Int hash set resizes: 0
[t=0.002738s, 2844 KB] Search time: 0.000053s
[t=0.002738s, 2844 KB] Total time: 0.002738s
Solution found.
search exit code: 0

