INFO     planner time limit: None
INFO     planner memory limit: None

INFO     Running search (release).
INFO     search stdin: 'C:\Users\user\Desktop\theoria\.worktrees\e7-deadlock-claim\engine-rig\runs\20260728T150713Z-E7-deadlock-claim-audit\attacks\independent\work\far4-02618.sas'
INFO     search time limit: None
INFO     search memory limit: None
INFO     search command line string: 'C:\Users\user\Desktop\theoria\.worktrees\p13\engine-rig\.toolchain\downward\builds\release\bin\downward.exe' --search 'astar(blind())' --internal-plan-file 'C:\Users\user\Desktop\theoria\.worktrees\e7-deadlock-claim\engine-rig\runs\20260728T150713Z-E7-deadlock-claim-audit\attacks\independent\work\far4-02618-blind.plan' < ''"'"'C:\Users\user\Desktop\theoria\.worktrees\e7-deadlock-claim\engine-rig\runs\20260728T150713Z-E7-deadlock-claim-audit\attacks\independent\work\far4-02618.sas'"'"''
[t=0.000154s, 1956 KB] Search code revision: 7120aa0
[t=0.000238s, 1956 KB] reading input...
[t=0.001439s, 2196 KB] done reading input!
[t=0.002584s, 2784 KB] Initializing blind search heuristic...
[t=0.002611s, 2804 KB] Building successor generator... done!
[t=0.002697s, 2840 KB] peak memory difference for successor generator creation: 36 KB
[t=0.002704s, 2840 KB] time for successor generation creation: 0.000072s
[t=0.002710s, 2840 KB] Variables: 19
[t=0.002714s, 2840 KB] FactPairs: 80
[t=0.002717s, 2840 KB] Bytes per state: 4
[t=0.002728s, 2840 KB] Conducting best first search with reopening closed nodes, (real) bound = 2147483647
[t=0.002750s, 2852 KB] New best heuristic value for blind: 1
[t=0.002754s, 2852 KB] g=0, 1 evaluated, 0 expanded
[t=0.002757s, 2852 KB] f = 1, 1 evaluated, 0 expanded
[t=0.002766s, 2864 KB] Initial heuristic value for blind: 1
[t=0.002770s, 2864 KB] pruning method: none
[t=0.002779s, 2864 KB] f = 2, 3 evaluated, 1 expanded
[t=0.002786s, 2864 KB] f = 3, 6 evaluated, 3 expanded
[t=0.002795s, 2864 KB] f = 4, 10 evaluated, 6 expanded
[t=0.002804s, 2864 KB] f = 5, 14 evaluated, 10 expanded
[t=0.002817s, 2864 KB] f = 6, 24 evaluated, 14 expanded
[t=0.002838s, 2888 KB] f = 7, 42 evaluated, 24 expanded
[t=0.002870s, 2888 KB] f = 8, 70 evaluated, 42 expanded
[t=0.002908s, 2892 KB] f = 9, 108 evaluated, 70 expanded
[t=0.002965s, 2892 KB] f = 10, 162 evaluated, 108 expanded
[t=0.003030s, 2892 KB] f = 11, 234 evaluated, 162 expanded
[t=0.003123s, 2892 KB] f = 12, 323 evaluated, 234 expanded
[t=0.003224s, 2896 KB] f = 13, 424 evaluated, 323 expanded
[t=0.003368s, 2932 KB] f = 14, 532 evaluated, 424 expanded
[t=0.003473s, 2932 KB] New best heuristic value for blind: 0
[t=0.003477s, 2932 KB] g=14, 627 evaluated, 532 expanded
[t=0.003481s, 2932 KB] Solution found!
[t=0.003484s, 2932 KB] Actual search time: 0.000712s
move c41 c31 up (1)
move c31 c32 right (1)
move c32 c33 right (1)
move c33 c34 right (1)
move c34 c24 up (1)
push c24 c23 c22 b1 left (1)
move c23 c33 down (1)
move c33 c32 left (1)
move c32 c31 left (1)
move c31 c21 up (1)
move c21 c11 up (1)
push c11 c12 c13 b2 right (1)
push c12 c22 c32 b1 down (1)
push c22 c32 c42 b1 down (1)
[t=0.003487s, 2932 KB] Plan length: 14 step(s).
[t=0.003487s, 2932 KB] Plan cost: 14
[t=0.003487s, 2932 KB] Expanded 533 state(s).
[t=0.003487s, 2932 KB] Reopened 0 state(s).
[t=0.003487s, 2932 KB] Evaluated 628 state(s).
[t=0.003487s, 2932 KB] Evaluations: 628
[t=0.003487s, 2932 KB] Generated 1551 state(s).
[t=0.003487s, 2932 KB] Dead ends: 0 state(s).
[t=0.003487s, 2932 KB] Expanded until last jump: 424 state(s).
[t=0.003487s, 2932 KB] Reopened until last jump: 0 state(s).
[t=0.003487s, 2932 KB] Evaluated until last jump: 532 state(s).
[t=0.003487s, 2932 KB] Generated until last jump: 1246 state(s).
[t=0.003487s, 2932 KB] Number of registered states: 628
[t=0.003487s, 2932 KB] Int hash set load factor: 628/1024 = 0.613281
[t=0.003487s, 2932 KB] Int hash set resizes: 10
[t=0.003487s, 2932 KB] Search time: 0.000760s
[t=0.003487s, 2932 KB] Total time: 0.003487s
Solution found.
search exit code: 0

