INFO     planner time limit: None
INFO     planner memory limit: None

INFO     Running search (release).
INFO     search stdin: 'C:\Users\user\Desktop\theoria\.worktrees\e7-deadlock-claim\engine-rig\runs\20260728T150713Z-E7-deadlock-claim-audit\attacks\independent\work\far4-01411.sas'
INFO     search time limit: None
INFO     search memory limit: None
INFO     search command line string: 'C:\Users\user\Desktop\theoria\.worktrees\p13\engine-rig\.toolchain\downward\builds\release\bin\downward.exe' --search 'astar(lmcut())' --internal-plan-file 'C:\Users\user\Desktop\theoria\.worktrees\e7-deadlock-claim\engine-rig\runs\20260728T150713Z-E7-deadlock-claim-audit\attacks\independent\work\far4-01411-lmcut.plan' < ''"'"'C:\Users\user\Desktop\theoria\.worktrees\e7-deadlock-claim\engine-rig\runs\20260728T150713Z-E7-deadlock-claim-audit\attacks\independent\work\far4-01411.sas'"'"''
[t=0.000135s, 1968 KB] Search code revision: 7120aa0
[t=0.000245s, 1980 KB] reading input...
[t=0.001415s, 2196 KB] done reading input!
[t=0.002622s, 2840 KB] Initializing landmark cut heuristic...
[t=0.002650s, 2840 KB] Building successor generator... done!
[t=0.002701s, 2848 KB] peak memory difference for successor generator creation: 8 KB
[t=0.002704s, 2848 KB] time for successor generation creation: 0.000041s
[t=0.002709s, 2848 KB] Variables: 19
[t=0.002711s, 2848 KB] FactPairs: 80
[t=0.002713s, 2848 KB] Bytes per state: 4
[t=0.002723s, 2848 KB] Conducting best first search with reopening closed nodes, (real) bound = 2147483647
[t=0.002749s, 2872 KB] Initial state is a dead end.
[t=0.002753s, 2872 KB] Initial heuristic value for lmcut: infinity
[t=0.002756s, 2872 KB] pruning method: none
[t=0.002759s, 2872 KB] Completely explored state space -- no solution!
[t=0.002762s, 2872 KB] Actual search time: 0.000005s
[t=0.002765s, 2872 KB] Expanded 0 state(s).
[t=0.002765s, 2872 KB] Reopened 0 state(s).
[t=0.002765s, 2872 KB] Evaluated 1 state(s).
[t=0.002765s, 2872 KB] Evaluations: 1
[t=0.002765s, 2872 KB] Generated 0 state(s).
[t=0.002765s, 2872 KB] Dead ends: 0 state(s).
[t=0.002765s, 2872 KB] Number of registered states: 1
[t=0.002765s, 2872 KB] Int hash set load factor: 1/1 = 1.000000
[t=0.002765s, 2872 KB] Int hash set resizes: 0
[t=0.002765s, 2872 KB] Search time: 0.000044s
[t=0.002765s, 2872 KB] Total time: 0.002765s
Search stopped without finding a solution.
search exit code: 12

Driver aborting after search
