INFO     planner time limit: None
INFO     planner memory limit: None

INFO     Running search (release).
INFO     search stdin: 'C:\Users\user\Desktop\theoria\.worktrees\e7-deadlock-claim\engine-rig\runs\20260728T150713Z-E7-deadlock-claim-audit\attacks\independent\work\far4-00868.sas'
INFO     search time limit: None
INFO     search memory limit: None
INFO     search command line string: 'C:\Users\user\Desktop\theoria\.worktrees\p13\engine-rig\.toolchain\downward\builds\release\bin\downward.exe' --search 'astar(lmcut())' --internal-plan-file 'C:\Users\user\Desktop\theoria\.worktrees\e7-deadlock-claim\engine-rig\runs\20260728T150713Z-E7-deadlock-claim-audit\attacks\independent\work\far4-00868-lmcut.plan' < ''"'"'C:\Users\user\Desktop\theoria\.worktrees\e7-deadlock-claim\engine-rig\runs\20260728T150713Z-E7-deadlock-claim-audit\attacks\independent\work\far4-00868.sas'"'"''
[t=0.000147s, 1964 KB] Search code revision: 7120aa0
[t=0.000242s, 1976 KB] reading input...
[t=0.001433s, 2188 KB] done reading input!
[t=0.002666s, 2804 KB] Initializing landmark cut heuristic...
[t=0.002696s, 2804 KB] Building successor generator... done!
[t=0.002753s, 2832 KB] peak memory difference for successor generator creation: 28 KB
[t=0.002756s, 2832 KB] time for successor generation creation: 0.000045s
[t=0.002762s, 2832 KB] Variables: 19
[t=0.002764s, 2832 KB] FactPairs: 80
[t=0.002769s, 2832 KB] Bytes per state: 4
[t=0.002779s, 2832 KB] Conducting best first search with reopening closed nodes, (real) bound = 2147483647
[t=0.002806s, 2844 KB] Initial state is a dead end.
[t=0.002809s, 2844 KB] Initial heuristic value for lmcut: infinity
[t=0.002812s, 2844 KB] pruning method: none
[t=0.002816s, 2844 KB] Completely explored state space -- no solution!
[t=0.002818s, 2844 KB] Actual search time: 0.000005s
[t=0.002821s, 2844 KB] Expanded 0 state(s).
[t=0.002821s, 2844 KB] Reopened 0 state(s).
[t=0.002821s, 2844 KB] Evaluated 1 state(s).
[t=0.002821s, 2844 KB] Evaluations: 1
[t=0.002821s, 2844 KB] Generated 0 state(s).
[t=0.002821s, 2844 KB] Dead ends: 0 state(s).
[t=0.002821s, 2844 KB] Number of registered states: 1
[t=0.002821s, 2844 KB] Int hash set load factor: 1/1 = 1.000000
[t=0.002821s, 2844 KB] Int hash set resizes: 0
[t=0.002821s, 2844 KB] Search time: 0.000044s
[t=0.002821s, 2844 KB] Total time: 0.002821s
Search stopped without finding a solution.
search exit code: 12

Driver aborting after search
