INFO     planner time limit: None
INFO     planner memory limit: None

INFO     Running search (release).
INFO     search stdin: 'C:\Users\user\Desktop\theoria\.worktrees\e7-deadlock-claim\engine-rig\runs\20260728T150713Z-E7-deadlock-claim-audit\attacks\independent\work\far4-00329.sas'
INFO     search time limit: None
INFO     search memory limit: None
INFO     search command line string: 'C:\Users\user\Desktop\theoria\.worktrees\p13\engine-rig\.toolchain\downward\builds\release\bin\downward.exe' --search 'astar(lmcut())' --internal-plan-file 'C:\Users\user\Desktop\theoria\.worktrees\e7-deadlock-claim\engine-rig\runs\20260728T150713Z-E7-deadlock-claim-audit\attacks\independent\work\far4-00329-lmcut.plan' < ''"'"'C:\Users\user\Desktop\theoria\.worktrees\e7-deadlock-claim\engine-rig\runs\20260728T150713Z-E7-deadlock-claim-audit\attacks\independent\work\far4-00329.sas'"'"''
[t=0.000146s, 1956 KB] Search code revision: 7120aa0
[t=0.000238s, 1968 KB] reading input...
[t=0.001432s, 2192 KB] done reading input!
[t=0.002672s, 2872 KB] Initializing landmark cut heuristic...
[t=0.002703s, 2876 KB] Building successor generator... done!
[t=0.002756s, 2888 KB] peak memory difference for successor generator creation: 12 KB
[t=0.002759s, 2888 KB] time for successor generation creation: 0.000046s
[t=0.002765s, 2888 KB] Variables: 19
[t=0.002767s, 2888 KB] FactPairs: 80
[t=0.002769s, 2888 KB] Bytes per state: 4
[t=0.002779s, 2888 KB] Conducting best first search with reopening closed nodes, (real) bound = 2147483647
[t=0.002835s, 2912 KB] New best heuristic value for lmcut: 10
[t=0.002839s, 2912 KB] g=0, 1 evaluated, 0 expanded
[t=0.002842s, 2912 KB] f = 10, 1 evaluated, 0 expanded
[t=0.002849s, 2912 KB] Initial heuristic value for lmcut: 10
[t=0.002852s, 2912 KB] pruning method: none
[t=0.002881s, 2912 KB] New best heuristic value for lmcut: 9
[t=0.002885s, 2912 KB] g=1, 2 evaluated, 1 expanded
[t=0.002955s, 2912 KB] f = 11, 5 evaluated, 2 expanded
[t=0.002982s, 2920 KB] New best heuristic value for lmcut: 8
[t=0.002986s, 2920 KB] g=3, 6 evaluated, 3 expanded
[t=0.003056s, 2920 KB] f = 12, 10 evaluated, 6 expanded
[t=0.003159s, 2932 KB] f = 13, 15 evaluated, 9 expanded
[t=0.003233s, 2932 KB] New best heuristic value for lmcut: 7
[t=0.003237s, 2932 KB] g=6, 18 evaluated, 11 expanded
[t=0.003302s, 2932 KB] New best heuristic value for lmcut: 6
[t=0.003306s, 2932 KB] g=7, 23 evaluated, 12 expanded
[t=0.003339s, 2932 KB] New best heuristic value for lmcut: 5
[t=0.003343s, 2932 KB] g=8, 25 evaluated, 13 expanded
[t=0.003383s, 2932 KB] New best heuristic value for lmcut: 4
[t=0.003387s, 2932 KB] g=9, 28 evaluated, 14 expanded
[t=0.003456s, 2932 KB] f = 14, 33 evaluated, 17 expanded
[t=0.003483s, 2932 KB] f = 15, 34 evaluated, 20 expanded
[t=0.003880s, 2932 KB] f = 17, 64 evaluated, 35 expanded
[t=0.003951s, 2932 KB] New best heuristic value for lmcut: 3
[t=0.003954s, 2932 KB] g=14, 70 evaluated, 39 expanded
[t=0.003979s, 2932 KB] New best heuristic value for lmcut: 2
[t=0.003982s, 2932 KB] g=15, 72 evaluated, 40 expanded
[t=0.003993s, 2932 KB] New best heuristic value for lmcut: 1
[t=0.003997s, 2932 KB] g=16, 74 evaluated, 41 expanded
[t=0.004002s, 2932 KB] New best heuristic value for lmcut: 0
[t=0.004004s, 2932 KB] g=17, 75 evaluated, 42 expanded
[t=0.004029s, 2932 KB] Solution found!
[t=0.004034s, 2932 KB] Actual search time: 0.001180s
move c11 c12 right (1)
move c12 c13 right (1)
move c13 c14 right (1)
move c14 c24 down (1)
push c24 c23 c22 b1 left (1)
move c23 c13 up (1)
move c13 c12 left (1)
push c12 c22 c32 b1 down (1)
push c22 c32 c42 b1 down (1)
move c32 c22 up (1)
move c22 c23 right (1)
move c23 c24 right (1)
move c24 c34 down (1)
move c34 c44 down (1)
move c44 c43 left (1)
push c43 c33 c23 b2 up (1)
push c33 c23 c13 b2 up (1)
[t=0.004036s, 2932 KB] Plan length: 17 step(s).
[t=0.004036s, 2932 KB] Plan cost: 17
[t=0.004036s, 2932 KB] Expanded 43 state(s).
[t=0.004036s, 2932 KB] Reopened 0 state(s).
[t=0.004036s, 2932 KB] Evaluated 78 state(s).
[t=0.004036s, 2932 KB] Evaluations: 78
[t=0.004036s, 2932 KB] Generated 125 state(s).
[t=0.004036s, 2932 KB] Dead ends: 12 state(s).
[t=0.004036s, 2932 KB] Expanded until last jump: 35 state(s).
[t=0.004036s, 2932 KB] Reopened until last jump: 0 state(s).
[t=0.004036s, 2932 KB] Evaluated until last jump: 64 state(s).
[t=0.004036s, 2932 KB] Generated until last jump: 104 state(s).
[t=0.004036s, 2932 KB] Number of registered states: 78
[t=0.004036s, 2932 KB] Int hash set load factor: 78/128 = 0.609375
[t=0.004036s, 2932 KB] Int hash set resizes: 7
[t=0.004036s, 2932 KB] Search time: 0.001259s
[t=0.004036s, 2932 KB] Total time: 0.004036s
Solution found.
search exit code: 0

