INFO     planner time limit: None
INFO     planner memory limit: None

INFO     Running search (release).
INFO     search stdin: 'C:\Users\user\Desktop\theoria\.worktrees\e7-deadlock-claim\engine-rig\runs\20260728T150713Z-E7-deadlock-claim-audit\attacks\independent\work\far4-01138.sas'
INFO     search time limit: None
INFO     search memory limit: None
INFO     search command line string: 'C:\Users\user\Desktop\theoria\.worktrees\p13\engine-rig\.toolchain\downward\builds\release\bin\downward.exe' --search 'astar(lmcut())' --internal-plan-file 'C:\Users\user\Desktop\theoria\.worktrees\e7-deadlock-claim\engine-rig\runs\20260728T150713Z-E7-deadlock-claim-audit\attacks\independent\work\far4-01138-lmcut.plan' < ''"'"'C:\Users\user\Desktop\theoria\.worktrees\e7-deadlock-claim\engine-rig\runs\20260728T150713Z-E7-deadlock-claim-audit\attacks\independent\work\far4-01138.sas'"'"''
[t=0.000155s, 1964 KB] Search code revision: 7120aa0
[t=0.000242s, 1964 KB] reading input...
[t=0.001428s, 2208 KB] done reading input!
[t=0.002674s, 2820 KB] Initializing landmark cut heuristic...
[t=0.002707s, 2820 KB] Building successor generator... done!
[t=0.002773s, 2864 KB] peak memory difference for successor generator creation: 32 KB
[t=0.002779s, 2864 KB] time for successor generation creation: 0.000056s
[t=0.002786s, 2864 KB] Variables: 19
[t=0.002788s, 2864 KB] FactPairs: 80
[t=0.002791s, 2864 KB] Bytes per state: 4
[t=0.002802s, 2864 KB] Conducting best first search with reopening closed nodes, (real) bound = 2147483647
[t=0.002832s, 2888 KB] New best heuristic value for lmcut: 0
[t=0.002836s, 2888 KB] g=0, 1 evaluated, 0 expanded
[t=0.002839s, 2888 KB] f = 0, 1 evaluated, 0 expanded
[t=0.002849s, 2900 KB] Initial heuristic value for lmcut: 0
[t=0.002854s, 2900 KB] pruning method: none
[t=0.002859s, 2900 KB] Solution found!
[t=0.002861s, 2900 KB] Actual search time: 0.000006s
[t=0.002864s, 2928 KB] Plan length: 0 step(s).
[t=0.002864s, 2928 KB] Plan cost: 0
[t=0.002864s, 2928 KB] Expanded 1 state(s).
[t=0.002864s, 2928 KB] Reopened 0 state(s).
[t=0.002864s, 2928 KB] Evaluated 1 state(s).
[t=0.002864s, 2928 KB] Evaluations: 1
[t=0.002864s, 2928 KB] Generated 0 state(s).
[t=0.002864s, 2928 KB] Dead ends: 0 state(s).
[t=0.002864s, 2928 KB] Expanded until last jump: 0 state(s).
[t=0.002864s, 2928 KB] Reopened until last jump: 0 state(s).
[t=0.002864s, 2928 KB] Evaluated until last jump: 1 state(s).
[t=0.002864s, 2928 KB] Generated until last jump: 0 state(s).
[t=0.002864s, 2928 KB] Number of registered states: 1
[t=0.002864s, 2928 KB] Int hash set load factor: 1/1 = 1.000000
[t=0.002864s, 2928 KB] Int hash set resizes: 0
[t=0.002864s, 2928 KB] Search time: 0.000064s
[t=0.002864s, 2928 KB] Total time: 0.002864s
Solution found.
search exit code: 0

