INFO     planner time limit: None
INFO     planner memory limit: None

INFO     Running translator.
INFO     translator stdin: None
INFO     translator time limit: None
INFO     translator memory limit: None
INFO     translator command line string: 'D:\Miniforge3\python.exe' -m translate 'C:\Users\user\Desktop\theoria-p13\engine-rig\engines\fd_adapter\domain.pddl' problem_unsat.pddl --sas-file output.sas
Warning! SIGXCPU is not available on your platform. This means that the planner cannot be gracefully terminated when using a time limit, which, however, is probably supported on your platform anyway.
Parsing...
Parsing: [0.000s CPU, 0.001s wall-clock]
Normalizing task... [0.000s CPU, 0.000s wall-clock]
Instantiating...
Generating Datalog program... [0.000s CPU, 0.000s wall-clock]
Normalizing Datalog program...
Normalizing Datalog program: [0.000s CPU, 0.001s wall-clock]
Preparing model... [0.000s CPU, 0.000s wall-clock]
Generated 17 rules.
Computing model... [0.000s CPU, 0.000s wall-clock]
51 relevant atoms
26 auxiliary atoms
77 final queue length
98 total queue pushes
Completing instantiation... [0.000s CPU, 0.000s wall-clock]
Instantiating: [0.000s CPU, 0.001s wall-clock]
Computing fact groups...
Finding invariants...
10 initial candidates
Finding invariants: [0.016s CPU, 0.000s wall-clock]
Checking invariant weight... [0.000s CPU, 0.000s wall-clock]
Instantiating groups... [0.000s CPU, 0.000s wall-clock]
Collecting mutex groups... [0.000s CPU, 0.000s wall-clock]
Choosing groups...
2 uncovered facts
Choosing groups: [0.000s CPU, 0.000s wall-clock]
Building translation key... [0.000s CPU, 0.000s wall-clock]
Computing fact groups: [0.016s CPU, 0.001s wall-clock]
Building STRIPS to SAS dictionary... [0.000s CPU, 0.000s wall-clock]
Building dictionary for full mutex groups... [0.000s CPU, 0.000s wall-clock]
Building mutex information...
Building mutex information: [0.000s CPU, 0.000s wall-clock]
Translating task...
Processing axioms...
Simplifying axioms... [0.000s CPU, 0.000s wall-clock]
Translator axioms removed by simplifying: 0
Processing axioms: [0.000s CPU, 0.000s wall-clock]
Goal violates a mutex! Generating unsolvable task...
Translating task: [0.000s CPU, 0.000s wall-clock]
0 effect conditions simplified
0 implied preconditions added
Detecting unreachable propositions...
Simplified to trivially false goal! Generating unsolvable task...
Detecting unreachable propositions: [0.000s CPU, 0.000s wall-clock]
Translator variables: 1
Translator derived variables: 0
Translator facts: 2
Translator goal facts: 1
Translator mutex groups: 0
Translator total mutex groups size: 0
Translator operators: 0
Translator axioms: 0
Translator task size: 4
warning: could not determine peak memory
Writing output... [0.000s CPU, 0.006s wall-clock]
Done! [0.016s CPU, 0.009s wall-clock]
translate exit code: 0

INFO     Running search (release).
INFO     search stdin: output.sas
INFO     search time limit: None
INFO     search memory limit: None
INFO     search command line string: 'C:\Users\user\Desktop\theoria-p13\engine-rig\.toolchain\downward\builds\release\bin\downward.exe' --search 'let(hlm,eval_modify_costs(landmark_sum(lm_factory=lm_reasonable_orders_hps(lm_rhw()),pref=false),cost_type=one),let(hff,eval_modify_costs(ff(),cost_type=one),lazy_greedy([hff,hlm],preferred=[hff,hlm],cost_type=one,reopen_closed=false)))' --internal-plan-file sas_plan < output.sas
[t=0.000168s, 1956 KB] Search code revision: 7120aa0
[t=0.000253s, 1956 KB] reading input...
[t=0.000356s, 2004 KB] done reading input!
[t=0.001917s, 2660 KB] Simplifying 0 unary operators... done! [0 unary operators]
[t=0.001931s, 2660 KB] time to simplify: 0.000017s
[t=0.001936s, 2660 KB] Initializing additive heuristic...
[t=0.001939s, 2660 KB] Initializing FF heuristic...
[t=0.001963s, 2660 KB] Initializing landmark sum heuristic...
[t=0.001966s, 2660 KB] Generating landmark graph...
[t=0.001974s, 2660 KB] Building a landmark graph with reasonable orders.
[t=0.001981s, 2660 KB] Initializing Exploration...
[t=0.002036s, 2660 KB] Generating landmarks using the RPG/SAS+ approach
[t=0.002062s, 2660 KB] Landmarks generation time: 0.000086s
[t=0.002067s, 2660 KB] Discovered 2 landmarks, of which 0 are disjunctive and 0 are conjunctive.
[t=0.002071s, 2660 KB] There are 1 landmark orderings.
[t=0.002076s, 2660 KB] approx. reasonable orders
[t=0.002080s, 2660 KB] Landmarks generation time: 0.000112s
[t=0.002084s, 2660 KB] Discovered 2 landmarks, of which 0 are disjunctive and 0 are conjunctive.
[t=0.002087s, 2660 KB] There are 1 landmark orderings.
[t=0.002090s, 2660 KB] Landmark graph generation time: 0.000125s
[t=0.002094s, 2660 KB] Landmark graph contains 2 landmarks, of which 0 are disjunctive and 0 are conjunctive.
[t=0.002097s, 2660 KB] Landmark graph contains 1 orderings.
[t=0.002124s, 2660 KB] Building successor generator... done!
[t=0.002133s, 2660 KB] peak memory difference for successor generator creation: 0 KB
[t=0.002136s, 2660 KB] time for successor generation creation: 0.000004s
[t=0.002142s, 2660 KB] Variables: 1
[t=0.002145s, 2660 KB] FactPairs: 2
[t=0.002148s, 2660 KB] Bytes per state: 4
[t=0.002170s, 2672 KB] Conducting lazy best first search, (real) bound = 2147483647
[t=0.002197s, 2736 KB] Initial heuristic value for ff: infinity
[t=0.002204s, 2736 KB] Completely explored state space -- no solution!
[t=0.002207s, 2736 KB] Actual search time: 0.000028s
[t=0.002211s, 2736 KB] Expanded 0 state(s).
[t=0.002211s, 2736 KB] Reopened 0 state(s).
[t=0.002211s, 2736 KB] Evaluated 1 state(s).
[t=0.002211s, 2736 KB] Evaluations: 1
[t=0.002211s, 2736 KB] Generated 0 state(s).
[t=0.002211s, 2736 KB] Dead ends: 1 state(s).
[t=0.002211s, 2748 KB] Number of registered states: 1
[t=0.002211s, 2748 KB] Int hash set load factor: 1/1 = 1.000000
[t=0.002211s, 2748 KB] Int hash set resizes: 0
[t=0.002211s, 2748 KB] Search time: 0.000043s
[t=0.002211s, 2748 KB] Total time: 0.002211s
Search stopped without finding a solution.
Remove intermediate file output.sas
search exit code: 12

Driver aborting after search
