INFO     planner time limit: None
INFO     planner memory limit: None

INFO     Running translator.
INFO     translator stdin: None
INFO     translator time limit: None
INFO     translator memory limit: None
INFO     translator command line string: 'D:\Miniforge3\python.exe' -m translate 'C:\Users\user\Desktop\theoria\.worktrees\e7-deadlock-claim\engine-rig\runs\20260728T150713Z-E7-deadlock-claim-audit\attacks\work\a5\swap\singleton\sokoban_guarded_singleton_domain.pddl' 'C:\Users\user\Desktop\theoria\.worktrees\e7-deadlock-claim\engine-rig\runs\20260728T150713Z-E7-deadlock-claim-audit\attacks\work\a5\swap\singleton\swap-passage_guarded_singleton.pddl' --sas-file output.sas
Warning! SIGXCPU is not available on your platform. This means that the planner cannot be gracefully terminated when using a time limit, which, however, is probably supported on your platform anyway.
Parsing...
Parsing: [0.000s CPU, 0.002s wall-clock]
Normalizing task... [0.000s CPU, 0.000s wall-clock]
Instantiating...
Generating Datalog program... [0.000s CPU, 0.000s wall-clock]
Normalizing Datalog program...
Normalizing Datalog program: [0.000s CPU, 0.001s wall-clock]
Preparing model... [0.000s CPU, 0.000s wall-clock]
Generated 20 rules.
Computing model... [0.016s CPU, 0.005s wall-clock]
613 relevant atoms
888 auxiliary atoms
1501 final queue length
1771 total queue pushes
Completing instantiation... [0.000s CPU, 0.002s wall-clock]
Instantiating: [0.016s CPU, 0.009s wall-clock]
Computing fact groups...
Finding invariants...
7 initial candidates
Finding invariants: [0.000s CPU, 0.001s wall-clock]
Checking invariant weight... [0.000s CPU, 0.000s wall-clock]
Instantiating groups... [0.000s CPU, 0.001s wall-clock]
Collecting mutex groups... [0.000s CPU, 0.000s wall-clock]
Choosing groups...
54 uncovered facts
Choosing groups: [0.000s CPU, 0.000s wall-clock]
Building translation key... [0.000s CPU, 0.000s wall-clock]
Computing fact groups: [0.000s CPU, 0.003s wall-clock]
Building STRIPS to SAS dictionary... [0.000s CPU, 0.000s wall-clock]
Building dictionary for full mutex groups... [0.000s CPU, 0.000s wall-clock]
Building mutex information...
Building mutex information: [0.000s CPU, 0.000s wall-clock]
Translating task...
Processing axioms...
Simplifying axioms... [0.000s CPU, 0.000s wall-clock]
Translator axioms removed by simplifying: 0
Processing axioms: [0.000s CPU, 0.000s wall-clock]
Translating task: [0.000s CPU, 0.002s wall-clock]
172 effect conditions simplified
0 implied preconditions added
Detecting unreachable propositions...
0 operators removed
0 axioms removed
83 propositions removed
Detecting unreachable propositions: [0.000s CPU, 0.001s wall-clock]
Reordering and filtering variables...
25 of 25 variables necessary.
22 of 25 mutex groups necessary.
116 of 116 operators necessary.
0 of 0 axiom rules necessary.
Reordering and filtering variables: [0.000s CPU, 0.001s wall-clock]
Translator variables: 25
Translator derived variables: 0
Translator facts: 94
Translator goal facts: 2
Translator mutex groups: 22
Translator total mutex groups size: 72
Translator operators: 116
Translator axioms: 0
Translator task size: 1057
warning: could not determine peak memory
Writing output... [0.000s CPU, 0.010s wall-clock]
Done! [0.016s CPU, 0.028s wall-clock]
translate exit code: 0

INFO     Running search (release).
INFO     search stdin: output.sas
INFO     search time limit: None
INFO     search memory limit: None
INFO     search command line string: 'C:\Users\user\Desktop\theoria\.worktrees\p13\engine-rig\.toolchain\downward\builds\release\bin\downward.exe' --search 'astar(lmcut())' --internal-plan-file 'C:\Users\user\AppData\Local\Temp\tmp7xe634rw\sas_plan' < output.sas
[t=0.000158s, 1964 KB] Search code revision: 7120aa0
[t=0.000249s, 1964 KB] reading input...
[t=0.001505s, 2248 KB] done reading input!
[t=0.002759s, 2888 KB] Initializing landmark cut heuristic...
[t=0.002787s, 2888 KB] Building successor generator... done!
[t=0.002841s, 2900 KB] peak memory difference for successor generator creation: 12 KB
[t=0.002844s, 2900 KB] time for successor generation creation: 0.000047s
[t=0.002849s, 2900 KB] Variables: 25
[t=0.002852s, 2900 KB] FactPairs: 94
[t=0.002857s, 2900 KB] Bytes per state: 8
[t=0.002868s, 2900 KB] Conducting best first search with reopening closed nodes, (real) bound = 2147483647
[t=0.002925s, 2924 KB] New best heuristic value for lmcut: 9
[t=0.002930s, 2924 KB] g=0, 1 evaluated, 0 expanded
[t=0.002932s, 2924 KB] f = 9, 1 evaluated, 0 expanded
[t=0.002946s, 2944 KB] Initial heuristic value for lmcut: 9
[t=0.002950s, 2944 KB] pruning method: none
[t=0.003022s, 2944 KB] New best heuristic value for lmcut: 8
[t=0.003026s, 2944 KB] g=1, 4 evaluated, 1 expanded
[t=0.003069s, 2948 KB] New best heuristic value for lmcut: 7
[t=0.003073s, 2952 KB] g=2, 6 evaluated, 2 expanded
[t=0.003153s, 2956 KB] New best heuristic value for lmcut: 6
[t=0.003158s, 2956 KB] g=3, 10 evaluated, 3 expanded
[t=0.003181s, 2956 KB] f = 10, 12 evaluated, 4 expanded
[t=0.003232s, 2956 KB] f = 11, 14 evaluated, 6 expanded
[t=0.003307s, 2956 KB] New best heuristic value for lmcut: 5
[t=0.003310s, 2956 KB] g=6, 19 evaluated, 8 expanded
[t=0.003358s, 2956 KB] New best heuristic value for lmcut: 4
[t=0.003362s, 2956 KB] g=7, 22 evaluated, 9 expanded
[t=0.003491s, 2956 KB] f = 12, 29 evaluated, 15 expanded
[t=0.003550s, 2956 KB] f = 13, 32 evaluated, 17 expanded
[t=0.003626s, 2956 KB] f = 14, 37 evaluated, 28 expanded
[t=0.003737s, 2956 KB] f = 15, 42 evaluated, 31 expanded
[t=0.003775s, 2956 KB] f = 16, 43 evaluated, 34 expanded
[t=0.003886s, 2956 KB] f = 17, 48 evaluated, 39 expanded
[t=0.004297s, 2956 KB] f = 18, 68 evaluated, 49 expanded
[t=0.004442s, 2956 KB] f = 19, 74 evaluated, 54 expanded
[t=0.004679s, 2956 KB] f = 21, 86 evaluated, 68 expanded
[t=0.004943s, 2956 KB] f = 22, 98 evaluated, 81 expanded
[t=0.004971s, 2956 KB] f = 23, 99 evaluated, 82 expanded
[t=0.005332s, 2992 KB] f = 24, 116 evaluated, 94 expanded
[t=0.005549s, 2992 KB] f = 25, 126 evaluated, 101 expanded
[t=0.006295s, 2992 KB] f = 26, 163 evaluated, 126 expanded
[t=0.006877s, 2992 KB] f = 27, 187 evaluated, 141 expanded
[t=0.007907s, 2992 KB] f = 28, 237 evaluated, 181 expanded
[t=0.008141s, 2992 KB] f = 29, 246 evaluated, 193 expanded
[t=0.008207s, 2992 KB] New best heuristic value for lmcut: 3
[t=0.008211s, 2992 KB] g=26, 251 evaluated, 195 expanded
[t=0.009695s, 2992 KB] f = 30, 302 evaluated, 241 expanded
[t=0.010303s, 2992 KB] f = 31, 327 evaluated, 265 expanded
[t=0.011056s, 2992 KB] f = 32, 360 evaluated, 303 expanded
[t=0.011738s, 2992 KB] f = 33, 389 evaluated, 329 expanded
[t=0.013031s, 2992 KB] f = 34, 451 evaluated, 379 expanded
[t=0.013843s, 2992 KB] f = 35, 484 evaluated, 411 expanded
[t=0.014957s, 2992 KB] f = 36, 540 evaluated, 462 expanded
[t=0.015401s, 2992 KB] f = 37, 559 evaluated, 485 expanded
[t=0.016008s, 2992 KB] f = 38, 589 evaluated, 527 expanded
[t=0.016276s, 2992 KB] f = 39, 600 evaluated, 538 expanded
[t=0.016925s, 2992 KB] f = 40, 630 evaluated, 574 expanded
[t=0.017167s, 2992 KB] f = 41, 639 evaluated, 587 expanded
[t=0.017358s, 2992 KB] f = 42, 647 evaluated, 605 expanded
[t=0.017515s, 2992 KB] f = 43, 653 evaluated, 612 expanded
[t=0.017624s, 2992 KB] f = 44, 657 evaluated, 622 expanded
[t=0.017630s, 2992 KB] f = 45, 657 evaluated, 624 expanded
[t=0.017661s, 2992 KB] f = 46, 658 evaluated, 629 expanded
[t=0.017665s, 2992 KB] Completely explored state space -- no solution!
[t=0.017668s, 2992 KB] Actual search time: 0.014717s
[t=0.017671s, 2992 KB] Expanded 630 state(s).
[t=0.017671s, 2992 KB] Reopened 0 state(s).
[t=0.017671s, 2992 KB] Evaluated 658 state(s).
[t=0.017671s, 2992 KB] Evaluations: 658
[t=0.017671s, 2992 KB] Generated 1644 state(s).
[t=0.017671s, 2992 KB] Dead ends: 28 state(s).
[t=0.017671s, 2992 KB] Expanded until last jump: 629 state(s).
[t=0.017671s, 2992 KB] Reopened until last jump: 0 state(s).
[t=0.017671s, 2992 KB] Evaluated until last jump: 658 state(s).
[t=0.017671s, 2992 KB] Generated until last jump: 1642 state(s).
[t=0.017671s, 2992 KB] Number of registered states: 658
[t=0.017671s, 2992 KB] Int hash set load factor: 658/1024 = 0.642578
[t=0.017671s, 2992 KB] Int hash set resizes: 10
[t=0.017671s, 2992 KB] Search time: 0.014805s
[t=0.017671s, 2992 KB] Total time: 0.017671s
Search stopped without finding a solution.
Remove intermediate file output.sas
search exit code: 12

Driver aborting after search
