INFO     planner time limit: None
INFO     planner memory limit: None

INFO     Running translator.
INFO     translator stdin: None
INFO     translator time limit: None
INFO     translator memory limit: None
INFO     translator command line string: 'D:\Miniforge3\python.exe' -m translate 'C:\Users\user\Desktop\theoria\.worktrees\e7-deadlock-claim\engine-rig\runs\20260728T150713Z-E7-deadlock-claim-audit\attacks\work\a5\swap\singleton\sokoban_guarded_singleton_domain.pddl' 'C:\Users\user\Desktop\theoria\.worktrees\e7-deadlock-claim\engine-rig\runs\20260728T150713Z-E7-deadlock-claim-audit\attacks\work\a5\swap\singleton\swap-passage_guarded_singleton.pddl' --sas-file output.sas
Warning! SIGXCPU is not available on your platform. This means that the planner cannot be gracefully terminated when using a time limit, which, however, is probably supported on your platform anyway.
Parsing...
Parsing: [0.016s CPU, 0.002s wall-clock]
Normalizing task... [0.000s CPU, 0.000s wall-clock]
Instantiating...
Generating Datalog program... [0.000s CPU, 0.000s wall-clock]
Normalizing Datalog program...
Normalizing Datalog program: [0.000s CPU, 0.001s wall-clock]
Preparing model... [0.000s CPU, 0.000s wall-clock]
Generated 20 rules.
Computing model... [0.000s CPU, 0.005s wall-clock]
613 relevant atoms
888 auxiliary atoms
1501 final queue length
1771 total queue pushes
Completing instantiation... [0.000s CPU, 0.002s wall-clock]
Instantiating: [0.000s CPU, 0.009s wall-clock]
Computing fact groups...
Finding invariants...
7 initial candidates
Finding invariants: [0.000s CPU, 0.001s wall-clock]
Checking invariant weight... [0.000s CPU, 0.000s wall-clock]
Instantiating groups... [0.000s CPU, 0.001s wall-clock]
Collecting mutex groups... [0.000s CPU, 0.000s wall-clock]
Choosing groups...
54 uncovered facts
Choosing groups: [0.000s CPU, 0.000s wall-clock]
Building translation key... [0.000s CPU, 0.000s wall-clock]
Computing fact groups: [0.000s CPU, 0.003s wall-clock]
Building STRIPS to SAS dictionary... [0.000s CPU, 0.000s wall-clock]
Building dictionary for full mutex groups... [0.000s CPU, 0.000s wall-clock]
Building mutex information...
Building mutex information: [0.000s CPU, 0.000s wall-clock]
Translating task...
Processing axioms...
Simplifying axioms... [0.000s CPU, 0.000s wall-clock]
Translator axioms removed by simplifying: 0
Processing axioms: [0.000s CPU, 0.000s wall-clock]
Translating task: [0.016s CPU, 0.002s wall-clock]
172 effect conditions simplified
0 implied preconditions added
Detecting unreachable propositions...
0 operators removed
0 axioms removed
83 propositions removed
Detecting unreachable propositions: [0.000s CPU, 0.001s wall-clock]
Reordering and filtering variables...
25 of 25 variables necessary.
22 of 25 mutex groups necessary.
116 of 116 operators necessary.
0 of 0 axiom rules necessary.
Reordering and filtering variables: [0.000s CPU, 0.001s wall-clock]
Translator variables: 25
Translator derived variables: 0
Translator facts: 94
Translator goal facts: 2
Translator mutex groups: 22
Translator total mutex groups size: 72
Translator operators: 116
Translator axioms: 0
Translator task size: 1057
warning: could not determine peak memory
Writing output... [0.000s CPU, 0.009s wall-clock]
Done! [0.031s CPU, 0.027s wall-clock]
translate exit code: 0

INFO     Running search (release).
INFO     search stdin: output.sas
INFO     search time limit: None
INFO     search memory limit: None
INFO     search command line string: 'C:\Users\user\Desktop\theoria\.worktrees\p13\engine-rig\.toolchain\downward\builds\release\bin\downward.exe' --search 'astar(blind())' --internal-plan-file 'C:\Users\user\AppData\Local\Temp\tmp0j6vs1ie\sas_plan' < output.sas
[t=0.000156s, 1952 KB] Search code revision: 7120aa0
[t=0.000243s, 1964 KB] reading input...
[t=0.001521s, 2176 KB] done reading input!
[t=0.002704s, 2752 KB] Initializing blind search heuristic...
[t=0.002734s, 2752 KB] Building successor generator... done!
[t=0.002805s, 2792 KB] peak memory difference for successor generator creation: 40 KB
[t=0.002808s, 2792 KB] time for successor generation creation: 0.000062s
[t=0.002815s, 2792 KB] Variables: 25
[t=0.002818s, 2792 KB] FactPairs: 94
[t=0.002820s, 2792 KB] Bytes per state: 8
[t=0.002833s, 2792 KB] Conducting best first search with reopening closed nodes, (real) bound = 2147483647
[t=0.002852s, 2804 KB] New best heuristic value for blind: 1
[t=0.002856s, 2804 KB] g=0, 1 evaluated, 0 expanded
[t=0.002859s, 2804 KB] f = 1, 1 evaluated, 0 expanded
[t=0.002868s, 2820 KB] Initial heuristic value for blind: 1
[t=0.002873s, 2832 KB] pruning method: none
[t=0.002883s, 2832 KB] f = 2, 4 evaluated, 1 expanded
[t=0.002890s, 2832 KB] f = 3, 8 evaluated, 4 expanded
[t=0.002900s, 2832 KB] f = 4, 15 evaluated, 8 expanded
[t=0.002916s, 2832 KB] f = 5, 22 evaluated, 15 expanded
[t=0.002936s, 2832 KB] f = 6, 38 evaluated, 22 expanded
[t=0.002963s, 2832 KB] f = 7, 55 evaluated, 38 expanded
[t=0.002997s, 2840 KB] f = 8, 81 evaluated, 55 expanded
[t=0.003038s, 2852 KB] f = 9, 110 evaluated, 81 expanded
[t=0.003085s, 2852 KB] f = 10, 151 evaluated, 110 expanded
[t=0.003129s, 2852 KB] f = 11, 190 evaluated, 151 expanded
[t=0.003183s, 2852 KB] f = 12, 253 evaluated, 190 expanded
[t=0.003264s, 2860 KB] f = 13, 317 evaluated, 253 expanded
[t=0.003362s, 2876 KB] f = 14, 409 evaluated, 317 expanded
[t=0.003454s, 2876 KB] f = 15, 497 evaluated, 409 expanded
[t=0.003583s, 2888 KB] f = 16, 611 evaluated, 497 expanded
[t=0.003694s, 2888 KB] f = 17, 719 evaluated, 611 expanded
[t=0.003819s, 2888 KB] f = 18, 859 evaluated, 719 expanded
[t=0.003949s, 2888 KB] f = 19, 980 evaluated, 859 expanded
[t=0.004175s, 2920 KB] f = 20, 1128 evaluated, 980 expanded
[t=0.004354s, 2920 KB] f = 21, 1256 evaluated, 1128 expanded
[t=0.004531s, 2920 KB] f = 22, 1394 evaluated, 1256 expanded
[t=0.004706s, 2920 KB] f = 23, 1523 evaluated, 1394 expanded
[t=0.004900s, 2920 KB] f = 24, 1690 evaluated, 1523 expanded
[t=0.005095s, 2920 KB] f = 25, 1836 evaluated, 1690 expanded
[t=0.005389s, 2956 KB] f = 26, 2025 evaluated, 1836 expanded
[t=0.005602s, 2968 KB] f = 27, 2170 evaluated, 2025 expanded
[t=0.005792s, 2968 KB] f = 28, 2319 evaluated, 2170 expanded
[t=0.005968s, 2968 KB] f = 29, 2446 evaluated, 2319 expanded
[t=0.006150s, 2980 KB] f = 30, 2595 evaluated, 2446 expanded
[t=0.006313s, 2980 KB] f = 31, 2709 evaluated, 2595 expanded
[t=0.006463s, 2980 KB] f = 32, 2829 evaluated, 2709 expanded
[t=0.006590s, 2980 KB] f = 33, 2913 evaluated, 2829 expanded
[t=0.006684s, 2980 KB] f = 34, 2977 evaluated, 2913 expanded
[t=0.006754s, 2980 KB] f = 35, 3017 evaluated, 2977 expanded
[t=0.006807s, 2980 KB] f = 36, 3040 evaluated, 3017 expanded
[t=0.006837s, 2980 KB] f = 37, 3057 evaluated, 3040 expanded
[t=0.006857s, 2980 KB] f = 38, 3067 evaluated, 3057 expanded
[t=0.006869s, 2980 KB] f = 39, 3071 evaluated, 3067 expanded
[t=0.006882s, 3000 KB] f = 40, 3075 evaluated, 3071 expanded
[t=0.006891s, 3000 KB] f = 41, 3080 evaluated, 3075 expanded
[t=0.006900s, 3000 KB] f = 42, 3085 evaluated, 3080 expanded
[t=0.006910s, 3000 KB] f = 43, 3089 evaluated, 3085 expanded
[t=0.006919s, 3000 KB] f = 44, 3095 evaluated, 3089 expanded
[t=0.006929s, 3000 KB] f = 45, 3100 evaluated, 3095 expanded
[t=0.006940s, 3000 KB] f = 46, 3104 evaluated, 3100 expanded
[t=0.006947s, 3000 KB] f = 47, 3107 evaluated, 3104 expanded
[t=0.006953s, 3000 KB] f = 48, 3109 evaluated, 3107 expanded
[t=0.006958s, 3000 KB] f = 49, 3110 evaluated, 3109 expanded
[t=0.006962s, 3000 KB] Completely explored state space -- no solution!
[t=0.006964s, 3000 KB] Actual search time: 0.004090s
[t=0.006967s, 3000 KB] Expanded 3110 state(s).
[t=0.006967s, 3000 KB] Reopened 0 state(s).
[t=0.006967s, 3000 KB] Evaluated 3110 state(s).
[t=0.006967s, 3000 KB] Evaluations: 3110
[t=0.006967s, 3000 KB] Generated 8004 state(s).
[t=0.006967s, 3000 KB] Dead ends: 0 state(s).
[t=0.006967s, 3000 KB] Expanded until last jump: 3109 state(s).
[t=0.006967s, 3000 KB] Reopened until last jump: 0 state(s).
[t=0.006967s, 3000 KB] Evaluated until last jump: 3110 state(s).
[t=0.006967s, 3000 KB] Generated until last jump: 8002 state(s).
[t=0.006967s, 3000 KB] Number of registered states: 3110
[t=0.006967s, 3000 KB] Int hash set load factor: 3110/4096 = 0.759277
[t=0.006967s, 3000 KB] Int hash set resizes: 12
[t=0.006967s, 3000 KB] Search time: 0.004136s
[t=0.006967s, 3000 KB] Total time: 0.006967s
Search stopped without finding a solution.
Remove intermediate file output.sas
search exit code: 12

Driver aborting after search
