INFO     planner time limit: None
INFO     planner memory limit: None

INFO     Running translator.
INFO     translator stdin: None
INFO     translator time limit: None
INFO     translator memory limit: None
INFO     translator command line string: 'D:\Miniforge3\python.exe' -m translate 'C:\Users\user\Desktop\theoria\.worktrees\e7-deadlock-claim\engine-rig\runs\20260728T150713Z-E7-deadlock-claim-audit\attacks\work\a2\far10\singleton\sokoban_guarded_singleton_domain.pddl' 'C:\Users\user\Desktop\theoria\.worktrees\e7-deadlock-claim\engine-rig\runs\20260728T150713Z-E7-deadlock-claim-audit\attacks\work\a2\far10\singleton\far10_guarded_singleton.pddl' --sas-file output.sas
Warning! SIGXCPU is not available on your platform. This means that the planner cannot be gracefully terminated when using a time limit, which, however, is probably supported on your platform anyway.
Parsing...
Parsing: [0.000s CPU, 0.003s wall-clock]
Normalizing task... [0.000s CPU, 0.000s wall-clock]
Instantiating...
Generating Datalog program... [0.000s CPU, 0.000s wall-clock]
Normalizing Datalog program...
Normalizing Datalog program: [0.000s CPU, 0.001s wall-clock]
Preparing model... [0.000s CPU, 0.003s wall-clock]
Generated 20 rules.
Computing model... [0.016s CPU, 0.012s wall-clock]
2087 relevant atoms
2920 auxiliary atoms
5007 final queue length
7347 total queue pushes
Completing instantiation... [0.016s CPU, 0.014s wall-clock]
Instantiating: [0.031s CPU, 0.030s wall-clock]
Computing fact groups...
Finding invariants...
7 initial candidates
Finding invariants: [0.000s CPU, 0.001s wall-clock]
Checking invariant weight... [0.000s CPU, 0.000s wall-clock]
Instantiating groups... [0.000s CPU, 0.004s wall-clock]
Collecting mutex groups... [0.000s CPU, 0.000s wall-clock]
Choosing groups...
100 uncovered facts
Choosing groups: [0.000s CPU, 0.000s wall-clock]
Building translation key... [0.016s CPU, 0.000s wall-clock]
Computing fact groups: [0.016s CPU, 0.007s wall-clock]
Building STRIPS to SAS dictionary... [0.000s CPU, 0.000s wall-clock]
Building dictionary for full mutex groups... [0.000s CPU, 0.001s wall-clock]
Building mutex information...
Building mutex information: [0.000s CPU, 0.000s wall-clock]
Translating task...
Processing axioms...
Simplifying axioms... [0.000s CPU, 0.000s wall-clock]
Translator axioms removed by simplifying: 0
Processing axioms: [0.000s CPU, 0.001s wall-clock]
Translating task: [0.016s CPU, 0.018s wall-clock]
1608 effect conditions simplified
0 implied preconditions added
Detecting unreachable propositions...
0 operators removed
0 axioms removed
11 propositions removed
Detecting unreachable propositions: [0.000s CPU, 0.010s wall-clock]
Reordering and filtering variables...
103 of 103 variables necessary.
100 of 103 mutex groups necessary.
984 of 984 operators necessary.
0 of 0 axiom rules necessary.
Reordering and filtering variables: [0.016s CPU, 0.006s wall-clock]
Translator variables: 103
Translator derived variables: 0
Translator facts: 492
Translator goal facts: 2
Translator mutex groups: 100
Translator total mutex groups size: 392
Translator operators: 984
Translator axioms: 0
Translator task size: 8765
warning: could not determine peak memory
Writing output... [0.000s CPU, 0.018s wall-clock]
Done! [0.078s CPU, 0.094s wall-clock]
translate exit code: 0

INFO     Running search (release).
INFO     search stdin: output.sas
INFO     search time limit: None
INFO     search memory limit: None
INFO     search command line string: 'C:\Users\user\Desktop\theoria\.worktrees\p13\engine-rig\.toolchain\downward\builds\release\bin\downward.exe' --search 'astar(blind())' --internal-plan-file 'C:\Users\user\AppData\Local\Temp\tmp88x066y9\sas_plan' < output.sas
[t=0.000163s, 1964 KB] Search code revision: 7120aa0
[t=0.000261s, 1964 KB] reading input...
[t=0.008979s, 2852 KB] done reading input!
[t=0.010183s, 3244 KB] Initializing blind search heuristic...
[t=0.010221s, 3256 KB] Building successor generator... done!
[t=0.010573s, 3452 KB] peak memory difference for successor generator creation: 196 KB
[t=0.010577s, 3452 KB] time for successor generation creation: 0.000342s
[t=0.010583s, 3452 KB] Variables: 103
[t=0.010586s, 3452 KB] FactPairs: 492
[t=0.010591s, 3452 KB] Bytes per state: 16
[t=0.010603s, 3452 KB] Conducting best first search with reopening closed nodes, (real) bound = 2147483647
[t=0.010622s, 3452 KB] New best heuristic value for blind: 1
[t=0.010626s, 3452 KB] g=0, 1 evaluated, 0 expanded
[t=0.010629s, 3452 KB] f = 1, 1 evaluated, 0 expanded
[t=0.010636s, 3452 KB] Initial heuristic value for blind: 1
[t=0.010639s, 3452 KB] pruning method: none
[t=0.010650s, 3452 KB] f = 2, 3 evaluated, 1 expanded
[t=0.010661s, 3452 KB] f = 3, 6 evaluated, 3 expanded
[t=0.010674s, 3452 KB] f = 4, 10 evaluated, 6 expanded
[t=0.010690s, 3452 KB] f = 5, 15 evaluated, 10 expanded
[t=0.010711s, 3452 KB] f = 6, 21 evaluated, 15 expanded
[t=0.010732s, 3452 KB] f = 7, 28 evaluated, 21 expanded
[t=0.010757s, 3452 KB] f = 8, 36 evaluated, 28 expanded
[t=0.010783s, 3452 KB] f = 9, 45 evaluated, 36 expanded
[t=0.010811s, 3452 KB] f = 10, 55 evaluated, 45 expanded
[t=0.010839s, 3452 KB] f = 11, 64 evaluated, 55 expanded
[t=0.010869s, 3452 KB] f = 12, 72 evaluated, 64 expanded
[t=0.010892s, 3452 KB] f = 13, 79 evaluated, 72 expanded
[t=0.010913s, 3452 KB] f = 14, 85 evaluated, 79 expanded
[t=0.010932s, 3452 KB] f = 15, 91 evaluated, 85 expanded
[t=0.010954s, 3452 KB] f = 16, 103 evaluated, 91 expanded
[t=0.011000s, 3452 KB] f = 17, 129 evaluated, 103 expanded
[t=0.011076s, 3452 KB] f = 18, 185 evaluated, 129 expanded
[t=0.011241s, 3452 KB] f = 19, 294 evaluated, 185 expanded
[t=0.011503s, 3452 KB] f = 20, 478 evaluated, 294 expanded
[t=0.011981s, 3464 KB] f = 21, 803 evaluated, 478 expanded
[t=0.012711s, 3496 KB] f = 22, 1347 evaluated, 803 expanded
[t=0.013920s, 3556 KB] f = 23, 2265 evaluated, 1347 expanded
[t=0.016113s, 3724 KB] f = 24, 3711 evaluated, 2265 expanded
[t=0.019290s, 3792 KB] f = 25, 5986 evaluated, 3711 expanded
[t=0.024151s, 4200 KB] f = 26, 9364 evaluated, 5986 expanded
[t=0.031338s, 4200 KB] f = 27, 14264 evaluated, 9364 expanded
[t=0.041991s, 4728 KB] f = 28, 21088 evaluated, 14264 expanded
[t=0.057548s, 5780 KB] f = 29, 30357 evaluated, 21088 expanded
[t=0.066725s, 5780 KB] New best heuristic value for blind: 0
[t=0.066747s, 5780 KB] g=29, 35873 evaluated, 25214 expanded
[t=0.066753s, 5780 KB] Solution found!
[t=0.066759s, 5780 KB] Actual search time: 0.056118s
move c1010 c109 left (1)
move c109 c108 left (1)
move c108 c107 left (1)
move c107 c106 left (1)
move c106 c105 left (1)
move c105 c104 left (1)
move c104 c103 left (1)
move c103 c93 up (1)
move c93 c83 up (1)
move c83 c73 up (1)
move c73 c63 up (1)
move c63 c53 up (1)
move c53 c43 up (1)
push c43 c33 c23 b2 up (1)
push c33 c23 c13 b2 up (1)
move c23 c33 down (1)
move c33 c32 left (1)
move c32 c31 left (1)
move c31 c21 up (1)
move c21 c11 up (1)
move c11 c12 right (1)
push c12 c22 c32 b1 down (1)
push c22 c32 c42 b1 down (1)
push c32 c42 c52 b1 down (1)
push c42 c52 c62 b1 down (1)
push c52 c62 c72 b1 down (1)
push c62 c72 c82 b1 down (1)
push c72 c82 c92 b1 down (1)
push c82 c92 c102 b1 down (1)
[t=0.066762s, 5780 KB] Plan length: 29 step(s).
[t=0.066762s, 5780 KB] Plan cost: 29
[t=0.066762s, 5780 KB] Expanded 25215 state(s).
[t=0.066762s, 5780 KB] Reopened 0 state(s).
[t=0.066762s, 5780 KB] Evaluated 35876 state(s).
[t=0.066762s, 5780 KB] Evaluations: 35876
[t=0.066762s, 5780 KB] Generated 93177 state(s).
[t=0.066762s, 5780 KB] Dead ends: 0 state(s).
[t=0.066762s, 5780 KB] Expanded until last jump: 21088 state(s).
[t=0.066762s, 5780 KB] Reopened until last jump: 0 state(s).
[t=0.066762s, 5780 KB] Evaluated until last jump: 30357 state(s).
[t=0.066762s, 5780 KB] Generated until last jump: 77864 state(s).
[t=0.066762s, 5780 KB] Number of registered states: 35876
[t=0.066762s, 5780 KB] Int hash set load factor: 35876/65536 = 0.547424
[t=0.066762s, 5780 KB] Int hash set resizes: 16
[t=0.066762s, 5780 KB] Search time: 0.056160s
[t=0.066762s, 5780 KB] Total time: 0.066762s
Solution found.
Remove intermediate file output.sas
search exit code: 0

