INFO     planner time limit: None
INFO     planner memory limit: None

INFO     Running translator.
INFO     translator stdin: None
INFO     translator time limit: None
INFO     translator memory limit: None
INFO     translator command line string: 'D:\Miniforge3\python.exe' -m translate 'C:\Users\user\Desktop\theoria\.worktrees\e7-deadlock-claim\engine-rig\fixtures\data\sokoban_domain.pddl' 'C:\Users\user\Desktop\theoria\.worktrees\e7-deadlock-claim\engine-rig\runs\20260728T150713Z-E7-deadlock-claim-audit\attacks\work\a2\far10\far10.pddl' --sas-file output.sas
Warning! SIGXCPU is not available on your platform. This means that the planner cannot be gracefully terminated when using a time limit, which, however, is probably supported on your platform anyway.
Parsing...
Parsing: [0.000s CPU, 0.003s wall-clock]
Normalizing task... [0.000s CPU, 0.000s wall-clock]
Instantiating...
Generating Datalog program... [0.000s CPU, 0.000s wall-clock]
Normalizing Datalog program...
Normalizing Datalog program: [0.000s CPU, 0.001s wall-clock]
Preparing model... [0.000s CPU, 0.003s wall-clock]
Generated 20 rules.
Computing model... [0.016s CPU, 0.012s wall-clock]
2079 relevant atoms
2920 auxiliary atoms
4999 final queue length
7339 total queue pushes
Completing instantiation... [0.016s CPU, 0.014s wall-clock]
Instantiating: [0.031s CPU, 0.031s wall-clock]
Computing fact groups...
Finding invariants...
7 initial candidates
Finding invariants: [0.000s CPU, 0.001s wall-clock]
Checking invariant weight... [0.000s CPU, 0.000s wall-clock]
Instantiating groups... [0.000s CPU, 0.004s wall-clock]
Collecting mutex groups... [0.000s CPU, 0.000s wall-clock]
Choosing groups...
100 uncovered facts
Choosing groups: [0.000s CPU, 0.000s wall-clock]
Building translation key... [0.000s CPU, 0.000s wall-clock]
Computing fact groups: [0.000s CPU, 0.007s wall-clock]
Building STRIPS to SAS dictionary... [0.000s CPU, 0.000s wall-clock]
Building dictionary for full mutex groups... [0.000s CPU, 0.001s wall-clock]
Building mutex information...
Building mutex information: [0.000s CPU, 0.000s wall-clock]
Translating task...
Processing axioms...
Simplifying axioms... [0.000s CPU, 0.000s wall-clock]
Translator axioms removed by simplifying: 0
Processing axioms: [0.016s CPU, 0.001s wall-clock]
Translating task: [0.031s CPU, 0.018s wall-clock]
1640 effect conditions simplified
0 implied preconditions added
Detecting unreachable propositions...
0 operators removed
0 axioms removed
3 propositions removed
Detecting unreachable propositions: [0.000s CPU, 0.010s wall-clock]
Reordering and filtering variables...
103 of 103 variables necessary.
100 of 103 mutex groups necessary.
1000 of 1000 operators necessary.
0 of 0 axiom rules necessary.
Reordering and filtering variables: [0.000s CPU, 0.005s wall-clock]
Translator variables: 103
Translator derived variables: 0
Translator facts: 500
Translator goal facts: 2
Translator mutex groups: 100
Translator total mutex groups size: 400
Translator operators: 1000
Translator axioms: 0
Translator task size: 8925
warning: could not determine peak memory
Writing output... [0.000s CPU, 0.019s wall-clock]
Done! [0.078s CPU, 0.095s wall-clock]
translate exit code: 0

INFO     Running search (release).
INFO     search stdin: output.sas
INFO     search time limit: None
INFO     search memory limit: None
INFO     search command line string: 'C:\Users\user\Desktop\theoria\.worktrees\p13\engine-rig\.toolchain\downward\builds\release\bin\downward.exe' --search 'astar(lmcut())' --internal-plan-file 'C:\Users\user\AppData\Local\Temp\tmpuoeg8ku6\sas_plan' < output.sas
[t=0.000200s, 1980 KB] Search code revision: 7120aa0
[t=0.000287s, 1992 KB] reading input...
[t=0.009197s, 2824 KB] done reading input!
[t=0.010726s, 3504 KB] Initializing landmark cut heuristic...
[t=0.010758s, 3504 KB] Building successor generator... done!
[t=0.011314s, 3720 KB] peak memory difference for successor generator creation: 216 KB
[t=0.011319s, 3720 KB] time for successor generation creation: 0.000543s
[t=0.011328s, 3720 KB] Variables: 103
[t=0.011331s, 3720 KB] FactPairs: 500
[t=0.011333s, 3720 KB] Bytes per state: 16
[t=0.011346s, 3720 KB] Conducting best first search with reopening closed nodes, (real) bound = 2147483647
[t=0.011712s, 3720 KB] New best heuristic value for lmcut: 25
[t=0.011718s, 3720 KB] g=0, 1 evaluated, 0 expanded
[t=0.011721s, 3720 KB] f = 25, 1 evaluated, 0 expanded
[t=0.011727s, 3720 KB] Initial heuristic value for lmcut: 25
[t=0.011731s, 3720 KB] pruning method: none
[t=0.012036s, 3720 KB] New best heuristic value for lmcut: 24
[t=0.012041s, 3720 KB] g=1, 2 evaluated, 1 expanded
[t=0.012592s, 3720 KB] New best heuristic value for lmcut: 23
[t=0.012598s, 3720 KB] g=2, 4 evaluated, 2 expanded
[t=0.013190s, 3720 KB] New best heuristic value for lmcut: 22
[t=0.013196s, 3720 KB] g=3, 6 evaluated, 3 expanded
[t=0.013740s, 3720 KB] New best heuristic value for lmcut: 21
[t=0.013745s, 3720 KB] g=4, 8 evaluated, 4 expanded
[t=0.014293s, 3720 KB] New best heuristic value for lmcut: 20
[t=0.014299s, 3720 KB] g=5, 10 evaluated, 5 expanded
[t=0.014826s, 3720 KB] New best heuristic value for lmcut: 19
[t=0.014832s, 3720 KB] g=6, 12 evaluated, 6 expanded
[t=0.015340s, 3720 KB] New best heuristic value for lmcut: 18
[t=0.015345s, 3720 KB] g=7, 14 evaluated, 7 expanded
[t=0.016144s, 3720 KB] New best heuristic value for lmcut: 17
[t=0.016151s, 3720 KB] g=8, 17 evaluated, 8 expanded
[t=0.016645s, 3720 KB] New best heuristic value for lmcut: 16
[t=0.016651s, 3720 KB] g=9, 19 evaluated, 9 expanded
[t=0.017150s, 3720 KB] New best heuristic value for lmcut: 15
[t=0.017155s, 3720 KB] g=10, 21 evaluated, 10 expanded
[t=0.017831s, 3720 KB] New best heuristic value for lmcut: 14
[t=0.017836s, 3720 KB] g=11, 24 evaluated, 11 expanded
[t=0.018503s, 3720 KB] New best heuristic value for lmcut: 13
[t=0.018508s, 3720 KB] g=12, 27 evaluated, 12 expanded
[t=0.019102s, 3720 KB] New best heuristic value for lmcut: 12
[t=0.019107s, 3720 KB] g=13, 30 evaluated, 13 expanded
[t=0.019496s, 3720 KB] New best heuristic value for lmcut: 11
[t=0.019501s, 3720 KB] g=14, 32 evaluated, 14 expanded
[t=0.020080s, 3720 KB] New best heuristic value for lmcut: 10
[t=0.020086s, 3720 KB] g=15, 35 evaluated, 15 expanded
[t=0.030028s, 3720 KB] f = 27, 78 evaluated, 58 expanded
[t=0.036896s, 3720 KB] f = 28, 111 evaluated, 79 expanded
[t=0.040744s, 3728 KB] New best heuristic value for lmcut: 9
[t=0.040751s, 3728 KB] g=19, 129 evaluated, 87 expanded
[t=0.041513s, 3728 KB] New best heuristic value for lmcut: 8
[t=0.041536s, 3728 KB] g=20, 132 evaluated, 88 expanded
[t=0.044741s, 3728 KB] f = 29, 144 evaluated, 105 expanded
[t=0.048606s, 3728 KB] New best heuristic value for lmcut: 7
[t=0.048625s, 3728 KB] g=22, 165 evaluated, 114 expanded
[t=0.049102s, 3728 KB] New best heuristic value for lmcut: 6
[t=0.049108s, 3728 KB] g=23, 169 evaluated, 115 expanded
[t=0.049441s, 3728 KB] New best heuristic value for lmcut: 5
[t=0.049446s, 3728 KB] g=24, 172 evaluated, 116 expanded
[t=0.049836s, 3728 KB] New best heuristic value for lmcut: 4
[t=0.049841s, 3728 KB] g=25, 176 evaluated, 117 expanded
[t=0.050074s, 3728 KB] New best heuristic value for lmcut: 3
[t=0.050078s, 3728 KB] g=26, 179 evaluated, 118 expanded
[t=0.050360s, 3728 KB] New best heuristic value for lmcut: 2
[t=0.050365s, 3728 KB] g=27, 183 evaluated, 119 expanded
[t=0.050613s, 3728 KB] New best heuristic value for lmcut: 1
[t=0.050618s, 3728 KB] g=28, 187 evaluated, 120 expanded
[t=0.050743s, 3728 KB] New best heuristic value for lmcut: 0
[t=0.050748s, 3728 KB] g=29, 190 evaluated, 121 expanded
[t=0.050878s, 3728 KB] Solution found!
[t=0.050885s, 3728 KB] Actual search time: 0.039152s
move c1010 c109 left (1)
move c109 c108 left (1)
move c108 c107 left (1)
move c107 c106 left (1)
move c106 c105 left (1)
move c105 c104 left (1)
move c104 c103 left (1)
move c103 c93 up (1)
move c93 c83 up (1)
move c83 c73 up (1)
move c73 c63 up (1)
move c63 c53 up (1)
move c53 c43 up (1)
push c43 c33 c23 b2 up (1)
push c33 c23 c13 b2 up (1)
move c23 c33 down (1)
move c33 c32 left (1)
move c32 c31 left (1)
move c31 c21 up (1)
move c21 c11 up (1)
move c11 c12 right (1)
push c12 c22 c32 b1 down (1)
push c22 c32 c42 b1 down (1)
push c32 c42 c52 b1 down (1)
push c42 c52 c62 b1 down (1)
push c52 c62 c72 b1 down (1)
push c62 c72 c82 b1 down (1)
push c72 c82 c92 b1 down (1)
push c82 c92 c102 b1 down (1)
[t=0.050889s, 3728 KB] Plan length: 29 step(s).
[t=0.050889s, 3728 KB] Plan cost: 29
[t=0.050889s, 3728 KB] Expanded 122 state(s).
[t=0.050889s, 3728 KB] Reopened 0 state(s).
[t=0.050889s, 3728 KB] Evaluated 193 state(s).
[t=0.050889s, 3728 KB] Evaluations: 193
[t=0.050889s, 3728 KB] Generated 442 state(s).
[t=0.050889s, 3728 KB] Dead ends: 7 state(s).
[t=0.050889s, 3728 KB] Expanded until last jump: 105 state(s).
[t=0.050889s, 3728 KB] Reopened until last jump: 0 state(s).
[t=0.050889s, 3728 KB] Evaluated until last jump: 144 state(s).
[t=0.050889s, 3728 KB] Generated until last jump: 385 state(s).
[t=0.050889s, 3728 KB] Number of registered states: 193
[t=0.050889s, 3728 KB] Int hash set load factor: 193/256 = 0.753906
[t=0.050889s, 3728 KB] Int hash set resizes: 8
[t=0.050889s, 3728 KB] Search time: 0.039544s
[t=0.050889s, 3728 KB] Total time: 0.050889s
Solution found.
Remove intermediate file output.sas
search exit code: 0

