INFO     planner time limit: None
INFO     planner memory limit: None

INFO     Running translator.
INFO     translator stdin: None
INFO     translator time limit: None
INFO     translator memory limit: None
INFO     translator command line string: 'D:\Miniforge3\python.exe' -m translate 'C:\Users\user\Desktop\theoria\.worktrees\e7-deadlock-claim\engine-rig\runs\20260728T150713Z-E7-deadlock-claim-audit\attacks\work\a2\far8\singleton\sokoban_guarded_singleton_domain.pddl' 'C:\Users\user\Desktop\theoria\.worktrees\e7-deadlock-claim\engine-rig\runs\20260728T150713Z-E7-deadlock-claim-audit\attacks\work\a2\far8\singleton\far8_guarded_singleton.pddl' --sas-file output.sas
Warning! SIGXCPU is not available on your platform. This means that the planner cannot be gracefully terminated when using a time limit, which, however, is probably supported on your platform anyway.
Parsing...
Parsing: [0.000s CPU, 0.002s wall-clock]
Normalizing task... [0.000s CPU, 0.000s wall-clock]
Instantiating...
Generating Datalog program... [0.000s CPU, 0.000s wall-clock]
Normalizing Datalog program...
Normalizing Datalog program: [0.000s CPU, 0.001s wall-clock]
Preparing model... [0.000s CPU, 0.001s wall-clock]
Generated 20 rules.
Computing model... [0.016s CPU, 0.009s wall-clock]
1307 relevant atoms
1824 auxiliary atoms
3131 final queue length
4539 total queue pushes
Completing instantiation... [0.000s CPU, 0.009s wall-clock]
Instantiating: [0.016s CPU, 0.020s wall-clock]
Computing fact groups...
Finding invariants...
7 initial candidates
Finding invariants: [0.000s CPU, 0.001s wall-clock]
Checking invariant weight... [0.000s CPU, 0.000s wall-clock]
Instantiating groups... [0.000s CPU, 0.001s wall-clock]
Collecting mutex groups... [0.000s CPU, 0.000s wall-clock]
Choosing groups...
64 uncovered facts
Choosing groups: [0.016s CPU, 0.000s wall-clock]
Building translation key... [0.000s CPU, 0.000s wall-clock]
Computing fact groups: [0.016s CPU, 0.004s wall-clock]
Building STRIPS to SAS dictionary... [0.000s CPU, 0.000s wall-clock]
Building dictionary for full mutex groups... [0.000s CPU, 0.000s wall-clock]
Building mutex information...
Building mutex information: [0.000s CPU, 0.000s wall-clock]
Translating task...
Processing axioms...
Simplifying axioms... [0.000s CPU, 0.000s wall-clock]
Translator axioms removed by simplifying: 0
Processing axioms: [0.000s CPU, 0.000s wall-clock]
Translating task: [0.000s CPU, 0.011s wall-clock]
960 effect conditions simplified
0 implied preconditions added
Detecting unreachable propositions...
0 operators removed
0 axioms removed
11 propositions removed
Detecting unreachable propositions: [0.016s CPU, 0.005s wall-clock]
Reordering and filtering variables...
67 of 67 variables necessary.
64 of 67 mutex groups necessary.
592 of 592 operators necessary.
0 of 0 axiom rules necessary.
Reordering and filtering variables: [0.000s CPU, 0.003s wall-clock]
Translator variables: 67
Translator derived variables: 0
Translator facts: 312
Translator goal facts: 2
Translator mutex groups: 64
Translator total mutex groups size: 248
Translator operators: 592
Translator axioms: 0
Translator task size: 5285
warning: could not determine peak memory
Writing output... [0.000s CPU, 0.014s wall-clock]
Done! [0.047s CPU, 0.060s wall-clock]
translate exit code: 0

INFO     Running search (release).
INFO     search stdin: output.sas
INFO     search time limit: None
INFO     search memory limit: None
INFO     search command line string: 'C:\Users\user\Desktop\theoria\.worktrees\p13\engine-rig\.toolchain\downward\builds\release\bin\downward.exe' --search 'astar(blind())' --internal-plan-file 'C:\Users\user\AppData\Local\Temp\tmpy7dlmkh2\sas_plan' < output.sas
[t=0.000154s, 1980 KB] Search code revision: 7120aa0
[t=0.000251s, 1980 KB] reading input...
[t=0.005668s, 2676 KB] done reading input!
[t=0.006686s, 3020 KB] Initializing blind search heuristic...
[t=0.006714s, 3020 KB] Building successor generator... done!
[t=0.006905s, 3116 KB] peak memory difference for successor generator creation: 96 KB
[t=0.006908s, 3116 KB] time for successor generation creation: 0.000184s
[t=0.006916s, 3116 KB] Variables: 67
[t=0.006920s, 3116 KB] FactPairs: 312
[t=0.006922s, 3116 KB] Bytes per state: 12
[t=0.006933s, 3116 KB] Conducting best first search with reopening closed nodes, (real) bound = 2147483647
[t=0.006949s, 3116 KB] New best heuristic value for blind: 1
[t=0.006954s, 3116 KB] g=0, 1 evaluated, 0 expanded
[t=0.006956s, 3116 KB] f = 1, 1 evaluated, 0 expanded
[t=0.006963s, 3116 KB] Initial heuristic value for blind: 1
[t=0.006967s, 3116 KB] pruning method: none
[t=0.006977s, 3116 KB] f = 2, 3 evaluated, 1 expanded
[t=0.006987s, 3116 KB] f = 3, 6 evaluated, 3 expanded
[t=0.006999s, 3116 KB] f = 4, 10 evaluated, 6 expanded
[t=0.007012s, 3116 KB] f = 5, 15 evaluated, 10 expanded
[t=0.007027s, 3116 KB] f = 6, 21 evaluated, 15 expanded
[t=0.007044s, 3116 KB] f = 7, 28 evaluated, 21 expanded
[t=0.007063s, 3116 KB] f = 8, 36 evaluated, 28 expanded
[t=0.007082s, 3116 KB] f = 9, 43 evaluated, 36 expanded
[t=0.007098s, 3116 KB] f = 10, 49 evaluated, 43 expanded
[t=0.007118s, 3116 KB] f = 11, 55 evaluated, 49 expanded
[t=0.007139s, 3116 KB] f = 12, 67 evaluated, 55 expanded
[t=0.007169s, 3116 KB] f = 13, 93 evaluated, 67 expanded
[t=0.007234s, 3116 KB] f = 14, 149 evaluated, 93 expanded
[t=0.007361s, 3124 KB] f = 15, 258 evaluated, 149 expanded
[t=0.007559s, 3124 KB] f = 16, 442 evaluated, 258 expanded
[t=0.007930s, 3144 KB] f = 17, 763 evaluated, 442 expanded
[t=0.008533s, 3164 KB] f = 18, 1291 evaluated, 763 expanded
[t=0.009550s, 3232 KB] f = 19, 2171 evaluated, 1291 expanded
[t=0.011205s, 3252 KB] f = 20, 3517 evaluated, 2171 expanded
[t=0.013825s, 3372 KB] f = 21, 5528 evaluated, 3517 expanded
[t=0.017358s, 3680 KB] f = 22, 8382 evaluated, 5528 expanded
[t=0.021945s, 3948 KB] f = 23, 12360 evaluated, 8382 expanded
[t=0.026323s, 4216 KB] New best heuristic value for blind: 0
[t=0.026341s, 4216 KB] g=23, 15673 evaluated, 10798 expanded
[t=0.026348s, 4216 KB] Solution found!
[t=0.026353s, 4216 KB] Actual search time: 0.019384s
move c88 c78 up (1)
move c78 c68 up (1)
move c68 c58 up (1)
move c58 c48 up (1)
move c48 c47 left (1)
move c47 c46 left (1)
move c46 c45 left (1)
move c45 c44 left (1)
move c44 c43 left (1)
push c43 c33 c23 b2 up (1)
push c33 c23 c13 b2 up (1)
move c23 c33 down (1)
move c33 c32 left (1)
move c32 c31 left (1)
move c31 c21 up (1)
move c21 c11 up (1)
move c11 c12 right (1)
push c12 c22 c32 b1 down (1)
push c22 c32 c42 b1 down (1)
push c32 c42 c52 b1 down (1)
push c42 c52 c62 b1 down (1)
push c52 c62 c72 b1 down (1)
push c62 c72 c82 b1 down (1)
[t=0.026357s, 4216 KB] Plan length: 23 step(s).
[t=0.026357s, 4216 KB] Plan cost: 23
[t=0.026357s, 4216 KB] Expanded 10799 state(s).
[t=0.026357s, 4216 KB] Reopened 0 state(s).
[t=0.026357s, 4216 KB] Evaluated 15676 state(s).
[t=0.026357s, 4216 KB] Evaluations: 15676
[t=0.026357s, 4216 KB] Generated 38915 state(s).
[t=0.026357s, 4216 KB] Dead ends: 0 state(s).
[t=0.026357s, 4216 KB] Expanded until last jump: 8382 state(s).
[t=0.026357s, 4216 KB] Reopened until last jump: 0 state(s).
[t=0.026357s, 4216 KB] Evaluated until last jump: 12360 state(s).
[t=0.026357s, 4216 KB] Generated until last jump: 30212 state(s).
[t=0.026357s, 4216 KB] Number of registered states: 15676
[t=0.026357s, 4216 KB] Int hash set load factor: 15676/32768 = 0.478394
[t=0.026357s, 4216 KB] Int hash set resizes: 15
[t=0.026357s, 4216 KB] Search time: 0.019425s
[t=0.026357s, 4216 KB] Total time: 0.026357s
Solution found.
Remove intermediate file output.sas
search exit code: 0

