INFO     planner time limit: None
INFO     planner memory limit: None

INFO     Running translator.
INFO     translator stdin: None
INFO     translator time limit: None
INFO     translator memory limit: None
INFO     translator command line string: 'D:\Miniforge3\python.exe' -m translate 'C:\Users\user\Desktop\theoria\.worktrees\e7-deadlock-claim\engine-rig\fixtures\data\sokoban_domain.pddl' 'C:\Users\user\Desktop\theoria\.worktrees\e7-deadlock-claim\engine-rig\runs\20260728T150713Z-E7-deadlock-claim-audit\attacks\work\a2\far8\far8.pddl' --sas-file output.sas
Warning! SIGXCPU is not available on your platform. This means that the planner cannot be gracefully terminated when using a time limit, which, however, is probably supported on your platform anyway.
Parsing...
Parsing: [0.000s CPU, 0.002s wall-clock]
Normalizing task... [0.000s CPU, 0.000s wall-clock]
Instantiating...
Generating Datalog program... [0.000s CPU, 0.000s wall-clock]
Normalizing Datalog program...
Normalizing Datalog program: [0.000s CPU, 0.001s wall-clock]
Preparing model... [0.000s CPU, 0.001s wall-clock]
Generated 20 rules.
Computing model... [0.016s CPU, 0.009s wall-clock]
1299 relevant atoms
1824 auxiliary atoms
3123 final queue length
4531 total queue pushes
Completing instantiation... [0.000s CPU, 0.008s wall-clock]
Instantiating: [0.016s CPU, 0.019s wall-clock]
Computing fact groups...
Finding invariants...
7 initial candidates
Finding invariants: [0.000s CPU, 0.001s wall-clock]
Checking invariant weight... [0.000s CPU, 0.000s wall-clock]
Instantiating groups... [0.000s CPU, 0.001s wall-clock]
Collecting mutex groups... [0.000s CPU, 0.000s wall-clock]
Choosing groups...
64 uncovered facts
Choosing groups: [0.000s CPU, 0.000s wall-clock]
Building translation key... [0.000s CPU, 0.000s wall-clock]
Computing fact groups: [0.000s CPU, 0.003s wall-clock]
Building STRIPS to SAS dictionary... [0.000s CPU, 0.000s wall-clock]
Building dictionary for full mutex groups... [0.000s CPU, 0.000s wall-clock]
Building mutex information...
Building mutex information: [0.000s CPU, 0.000s wall-clock]
Translating task...
Processing axioms...
Simplifying axioms... [0.000s CPU, 0.000s wall-clock]
Translator axioms removed by simplifying: 0
Processing axioms: [0.000s CPU, 0.000s wall-clock]
Translating task: [0.016s CPU, 0.010s wall-clock]
992 effect conditions simplified
0 implied preconditions added
Detecting unreachable propositions...
0 operators removed
0 axioms removed
3 propositions removed
Detecting unreachable propositions: [0.000s CPU, 0.005s wall-clock]
Reordering and filtering variables...
67 of 67 variables necessary.
64 of 67 mutex groups necessary.
608 of 608 operators necessary.
0 of 0 axiom rules necessary.
Reordering and filtering variables: [0.016s CPU, 0.003s wall-clock]
Translator variables: 67
Translator derived variables: 0
Translator facts: 320
Translator goal facts: 2
Translator mutex groups: 64
Translator total mutex groups size: 256
Translator operators: 608
Translator axioms: 0
Translator task size: 5445
warning: could not determine peak memory
Writing output... [0.000s CPU, 0.014s wall-clock]
Done! [0.047s CPU, 0.059s wall-clock]
translate exit code: 0

INFO     Running search (release).
INFO     search stdin: output.sas
INFO     search time limit: None
INFO     search memory limit: None
INFO     search command line string: 'C:\Users\user\Desktop\theoria\.worktrees\p13\engine-rig\.toolchain\downward\builds\release\bin\downward.exe' --search 'astar(blind())' --internal-plan-file 'C:\Users\user\AppData\Local\Temp\tmptw5it01h\sas_plan' < output.sas
[t=0.000145s, 1964 KB] Search code revision: 7120aa0
[t=0.000243s, 1964 KB] reading input...
[t=0.005789s, 2656 KB] done reading input!
[t=0.006826s, 3012 KB] Initializing blind search heuristic...
[t=0.006855s, 3012 KB] Building successor generator... done!
[t=0.007062s, 3124 KB] peak memory difference for successor generator creation: 112 KB
[t=0.007065s, 3124 KB] time for successor generation creation: 0.000198s
[t=0.007071s, 3124 KB] Variables: 67
[t=0.007073s, 3124 KB] FactPairs: 320
[t=0.007076s, 3124 KB] Bytes per state: 12
[t=0.007087s, 3124 KB] Conducting best first search with reopening closed nodes, (real) bound = 2147483647
[t=0.007104s, 3124 KB] New best heuristic value for blind: 1
[t=0.007113s, 3124 KB] g=0, 1 evaluated, 0 expanded
[t=0.007116s, 3124 KB] f = 1, 1 evaluated, 0 expanded
[t=0.007122s, 3124 KB] Initial heuristic value for blind: 1
[t=0.007140s, 3124 KB] pruning method: none
[t=0.007149s, 3124 KB] f = 2, 3 evaluated, 1 expanded
[t=0.007159s, 3124 KB] f = 3, 6 evaluated, 3 expanded
[t=0.007169s, 3124 KB] f = 4, 10 evaluated, 6 expanded
[t=0.007181s, 3124 KB] f = 5, 15 evaluated, 10 expanded
[t=0.007196s, 3124 KB] f = 6, 21 evaluated, 15 expanded
[t=0.007212s, 3124 KB] f = 7, 28 evaluated, 21 expanded
[t=0.007231s, 3124 KB] f = 8, 36 evaluated, 28 expanded
[t=0.007249s, 3124 KB] f = 9, 43 evaluated, 36 expanded
[t=0.007265s, 3124 KB] f = 10, 49 evaluated, 43 expanded
[t=0.007291s, 3124 KB] f = 11, 55 evaluated, 49 expanded
[t=0.007312s, 3124 KB] f = 12, 67 evaluated, 55 expanded
[t=0.007342s, 3124 KB] f = 13, 93 evaluated, 67 expanded
[t=0.007404s, 3124 KB] f = 14, 149 evaluated, 93 expanded
[t=0.007526s, 3124 KB] f = 15, 258 evaluated, 149 expanded
[t=0.007726s, 3124 KB] f = 16, 450 evaluated, 258 expanded
[t=0.008099s, 3144 KB] f = 17, 786 evaluated, 450 expanded
[t=0.008740s, 3164 KB] f = 18, 1354 evaluated, 786 expanded
[t=0.010140s, 3224 KB] f = 19, 2299 evaluated, 1354 expanded
[t=0.011905s, 3256 KB] f = 20, 3775 evaluated, 2299 expanded
[t=0.014520s, 3376 KB] f = 21, 6010 evaluated, 3775 expanded
[t=0.018393s, 3668 KB] f = 22, 9222 evaluated, 6010 expanded
[t=0.023462s, 3936 KB] f = 23, 13717 evaluated, 9222 expanded
[t=0.028540s, 4200 KB] New best heuristic value for blind: 0
[t=0.028548s, 4200 KB] g=23, 17634 evaluated, 12077 expanded
[t=0.028553s, 4200 KB] Solution found!
[t=0.028556s, 4200 KB] Actual search time: 0.021415s
move c88 c78 up (1)
move c78 c68 up (1)
move c68 c58 up (1)
move c58 c48 up (1)
move c48 c47 left (1)
move c47 c46 left (1)
move c46 c45 left (1)
move c45 c44 left (1)
move c44 c43 left (1)
push c43 c33 c23 b2 up (1)
push c33 c23 c13 b2 up (1)
move c23 c33 down (1)
move c33 c32 left (1)
move c32 c31 left (1)
move c31 c21 up (1)
move c21 c11 up (1)
move c11 c12 right (1)
push c12 c22 c32 b1 down (1)
push c22 c32 c42 b1 down (1)
push c32 c42 c52 b1 down (1)
push c42 c52 c62 b1 down (1)
push c52 c62 c72 b1 down (1)
push c62 c72 c82 b1 down (1)
[t=0.028559s, 4200 KB] Plan length: 23 step(s).
[t=0.028559s, 4200 KB] Plan cost: 23
[t=0.028559s, 4200 KB] Expanded 12078 state(s).
[t=0.028559s, 4200 KB] Reopened 0 state(s).
[t=0.028559s, 4200 KB] Evaluated 17637 state(s).
[t=0.028559s, 4200 KB] Evaluations: 17637
[t=0.028559s, 4200 KB] Generated 43558 state(s).
[t=0.028559s, 4200 KB] Dead ends: 0 state(s).
[t=0.028559s, 4200 KB] Expanded until last jump: 9222 state(s).
[t=0.028559s, 4200 KB] Reopened until last jump: 0 state(s).
[t=0.028559s, 4200 KB] Evaluated until last jump: 13717 state(s).
[t=0.028559s, 4200 KB] Generated until last jump: 33224 state(s).
[t=0.028559s, 4200 KB] Number of registered states: 17637
[t=0.028559s, 4200 KB] Int hash set load factor: 17637/32768 = 0.538239
[t=0.028559s, 4200 KB] Int hash set resizes: 15
[t=0.028559s, 4200 KB] Search time: 0.021474s
[t=0.028559s, 4200 KB] Total time: 0.028559s
Solution found.
Remove intermediate file output.sas
search exit code: 0

