INFO     planner time limit: None
INFO     planner memory limit: None

INFO     Running translator.
INFO     translator stdin: None
INFO     translator time limit: None
INFO     translator memory limit: None
INFO     translator command line string: 'D:\Miniforge3\python.exe' -m translate 'C:\Users\user\Desktop\theoria\.worktrees\e7-deadlock-claim\engine-rig\runs\20260728T150713Z-E7-deadlock-claim-audit\attacks\work\a2\far8\singleton\sokoban_guarded_singleton_domain.pddl' 'C:\Users\user\Desktop\theoria\.worktrees\e7-deadlock-claim\engine-rig\runs\20260728T150713Z-E7-deadlock-claim-audit\attacks\work\a2\far8\singleton\far8_guarded_singleton.pddl' --sas-file output.sas
Warning! SIGXCPU is not available on your platform. This means that the planner cannot be gracefully terminated when using a time limit, which, however, is probably supported on your platform anyway.
Parsing...
Parsing: [0.000s CPU, 0.003s wall-clock]
Normalizing task... [0.000s CPU, 0.000s wall-clock]
Instantiating...
Generating Datalog program... [0.000s CPU, 0.000s wall-clock]
Normalizing Datalog program...
Normalizing Datalog program: [0.000s CPU, 0.001s wall-clock]
Preparing model... [0.000s CPU, 0.001s wall-clock]
Generated 20 rules.
Computing model... [0.000s CPU, 0.009s wall-clock]
1307 relevant atoms
1824 auxiliary atoms
3131 final queue length
4539 total queue pushes
Completing instantiation... [0.016s CPU, 0.009s wall-clock]
Instantiating: [0.016s CPU, 0.020s wall-clock]
Computing fact groups...
Finding invariants...
7 initial candidates
Finding invariants: [0.000s CPU, 0.001s wall-clock]
Checking invariant weight... [0.000s CPU, 0.000s wall-clock]
Instantiating groups... [0.000s CPU, 0.002s wall-clock]
Collecting mutex groups... [0.000s CPU, 0.000s wall-clock]
Choosing groups...
64 uncovered facts
Choosing groups: [0.000s CPU, 0.000s wall-clock]
Building translation key... [0.000s CPU, 0.000s wall-clock]
Computing fact groups: [0.000s CPU, 0.004s wall-clock]
Building STRIPS to SAS dictionary... [0.000s CPU, 0.000s wall-clock]
Building dictionary for full mutex groups... [0.000s CPU, 0.000s wall-clock]
Building mutex information...
Building mutex information: [0.000s CPU, 0.000s wall-clock]
Translating task...
Processing axioms...
Simplifying axioms... [0.000s CPU, 0.000s wall-clock]
Translator axioms removed by simplifying: 0
Processing axioms: [0.000s CPU, 0.000s wall-clock]
Translating task: [0.016s CPU, 0.011s wall-clock]
960 effect conditions simplified
0 implied preconditions added
Detecting unreachable propositions...
0 operators removed
0 axioms removed
11 propositions removed
Detecting unreachable propositions: [0.000s CPU, 0.005s wall-clock]
Reordering and filtering variables...
67 of 67 variables necessary.
64 of 67 mutex groups necessary.
592 of 592 operators necessary.
0 of 0 axiom rules necessary.
Reordering and filtering variables: [0.000s CPU, 0.003s wall-clock]
Translator variables: 67
Translator derived variables: 0
Translator facts: 312
Translator goal facts: 2
Translator mutex groups: 64
Translator total mutex groups size: 248
Translator operators: 592
Translator axioms: 0
Translator task size: 5285
warning: could not determine peak memory
Writing output... [0.016s CPU, 0.014s wall-clock]
Done! [0.047s CPU, 0.060s wall-clock]
translate exit code: 0

INFO     Running search (release).
INFO     search stdin: output.sas
INFO     search time limit: None
INFO     search memory limit: None
INFO     search command line string: 'C:\Users\user\Desktop\theoria\.worktrees\p13\engine-rig\.toolchain\downward\builds\release\bin\downward.exe' --search 'astar(lmcut())' --internal-plan-file 'C:\Users\user\AppData\Local\Temp\tmpadxz5xs5\sas_plan' < output.sas
[t=0.000164s, 1956 KB] Search code revision: 7120aa0
[t=0.000251s, 1956 KB] reading input...
[t=0.005583s, 2660 KB] done reading input!
[t=0.006898s, 3252 KB] Initializing landmark cut heuristic...
[t=0.006925s, 3252 KB] Building successor generator... done!
[t=0.007106s, 3352 KB] peak memory difference for successor generator creation: 100 KB
[t=0.007109s, 3352 KB] time for successor generation creation: 0.000173s
[t=0.007114s, 3352 KB] Variables: 67
[t=0.007117s, 3352 KB] FactPairs: 312
[t=0.007119s, 3352 KB] Bytes per state: 12
[t=0.007130s, 3352 KB] Conducting best first search with reopening closed nodes, (real) bound = 2147483647
[t=0.007313s, 3352 KB] New best heuristic value for lmcut: 19
[t=0.007317s, 3352 KB] g=0, 1 evaluated, 0 expanded
[t=0.007319s, 3352 KB] f = 19, 1 evaluated, 0 expanded
[t=0.007325s, 3352 KB] Initial heuristic value for lmcut: 19
[t=0.007329s, 3352 KB] pruning method: none
[t=0.007484s, 3352 KB] New best heuristic value for lmcut: 18
[t=0.007488s, 3352 KB] g=1, 2 evaluated, 1 expanded
[t=0.007769s, 3352 KB] New best heuristic value for lmcut: 17
[t=0.007773s, 3352 KB] g=2, 4 evaluated, 2 expanded
[t=0.008035s, 3352 KB] New best heuristic value for lmcut: 16
[t=0.008039s, 3352 KB] g=3, 6 evaluated, 3 expanded
[t=0.008274s, 3352 KB] New best heuristic value for lmcut: 15
[t=0.008278s, 3352 KB] g=4, 8 evaluated, 4 expanded
[t=0.008659s, 3372 KB] New best heuristic value for lmcut: 14
[t=0.008663s, 3372 KB] g=5, 11 evaluated, 5 expanded
[t=0.008911s, 3372 KB] New best heuristic value for lmcut: 13
[t=0.008915s, 3372 KB] g=6, 13 evaluated, 6 expanded
[t=0.009219s, 3372 KB] New best heuristic value for lmcut: 12
[t=0.009223s, 3372 KB] g=7, 16 evaluated, 7 expanded
[t=0.009417s, 3372 KB] New best heuristic value for lmcut: 11
[t=0.009421s, 3372 KB] g=8, 18 evaluated, 8 expanded
[t=0.009738s, 3372 KB] New best heuristic value for lmcut: 10
[t=0.009743s, 3372 KB] g=9, 21 evaluated, 9 expanded
[t=0.009990s, 3372 KB] New best heuristic value for lmcut: 9
[t=0.009995s, 3372 KB] g=10, 23 evaluated, 10 expanded
[t=0.010276s, 3372 KB] New best heuristic value for lmcut: 8
[t=0.010280s, 3372 KB] g=11, 26 evaluated, 11 expanded
[t=0.012672s, 3372 KB] f = 21, 48 evaluated, 32 expanded
[t=0.015796s, 3372 KB] f = 22, 77 evaluated, 49 expanded
[t=0.017635s, 3372 KB] New best heuristic value for lmcut: 7
[t=0.017640s, 3372 KB] g=15, 95 evaluated, 56 expanded
[t=0.017929s, 3372 KB] New best heuristic value for lmcut: 6
[t=0.017934s, 3372 KB] g=16, 98 evaluated, 57 expanded
[t=0.018975s, 3372 KB] f = 23, 108 evaluated, 69 expanded
[t=0.020508s, 3372 KB] New best heuristic value for lmcut: 5
[t=0.020513s, 3372 KB] g=18, 126 evaluated, 77 expanded
[t=0.020744s, 3372 KB] New best heuristic value for lmcut: 4
[t=0.020748s, 3372 KB] g=19, 130 evaluated, 78 expanded
[t=0.020888s, 3372 KB] New best heuristic value for lmcut: 3
[t=0.020893s, 3372 KB] g=20, 133 evaluated, 79 expanded
[t=0.021057s, 3372 KB] New best heuristic value for lmcut: 2
[t=0.021061s, 3372 KB] g=21, 137 evaluated, 80 expanded
[t=0.021162s, 3372 KB] New best heuristic value for lmcut: 1
[t=0.021166s, 3372 KB] g=22, 140 evaluated, 81 expanded
[t=0.021240s, 3372 KB] New best heuristic value for lmcut: 0
[t=0.021245s, 3372 KB] g=23, 143 evaluated, 82 expanded
[t=0.021323s, 3372 KB] Solution found!
[t=0.021329s, 3372 KB] Actual search time: 0.013999s
move c88 c78 up (1)
move c78 c68 up (1)
move c68 c58 up (1)
move c58 c48 up (1)
move c48 c47 left (1)
move c47 c46 left (1)
move c46 c45 left (1)
move c45 c44 left (1)
move c44 c43 left (1)
push c43 c33 c23 b2 up (1)
push c33 c23 c13 b2 up (1)
move c23 c33 down (1)
move c33 c32 left (1)
move c32 c31 left (1)
move c31 c21 up (1)
move c21 c11 up (1)
move c11 c12 right (1)
push c12 c22 c32 b1 down (1)
push c22 c32 c42 b1 down (1)
push c32 c42 c52 b1 down (1)
push c42 c52 c62 b1 down (1)
push c52 c62 c72 b1 down (1)
push c62 c72 c82 b1 down (1)
[t=0.021332s, 3380 KB] Plan length: 23 step(s).
[t=0.021332s, 3380 KB] Plan cost: 23
[t=0.021332s, 3380 KB] Expanded 83 state(s).
[t=0.021332s, 3380 KB] Reopened 0 state(s).
[t=0.021332s, 3380 KB] Evaluated 146 state(s).
[t=0.021332s, 3380 KB] Evaluations: 146
[t=0.021332s, 3380 KB] Generated 296 state(s).
[t=0.021332s, 3380 KB] Dead ends: 6 state(s).
[t=0.021332s, 3380 KB] Expanded until last jump: 69 state(s).
[t=0.021332s, 3380 KB] Reopened until last jump: 0 state(s).
[t=0.021332s, 3380 KB] Evaluated until last jump: 108 state(s).
[t=0.021332s, 3380 KB] Generated until last jump: 250 state(s).
[t=0.021332s, 3380 KB] Number of registered states: 146
[t=0.021332s, 3380 KB] Int hash set load factor: 146/256 = 0.570312
[t=0.021332s, 3380 KB] Int hash set resizes: 8
[t=0.021332s, 3380 KB] Search time: 0.014203s
[t=0.021332s, 3380 KB] Total time: 0.021332s
Solution found.
Remove intermediate file output.sas
search exit code: 0

