INFO     planner time limit: None
INFO     planner memory limit: None

INFO     Running translator.
INFO     translator stdin: None
INFO     translator time limit: None
INFO     translator memory limit: None
INFO     translator command line string: 'D:\Miniforge3\python.exe' -m translate 'C:\Users\user\Desktop\theoria\.worktrees\e7-deadlock-claim\engine-rig\runs\20260728T150713Z-E7-deadlock-claim-audit\attacks\work\a2\far9\singleton\sokoban_guarded_singleton_domain.pddl' 'C:\Users\user\Desktop\theoria\.worktrees\e7-deadlock-claim\engine-rig\runs\20260728T150713Z-E7-deadlock-claim-audit\attacks\work\a2\far9\singleton\far9_guarded_singleton.pddl' --sas-file output.sas
Warning! SIGXCPU is not available on your platform. This means that the planner cannot be gracefully terminated when using a time limit, which, however, is probably supported on your platform anyway.
Parsing...
Parsing: [0.000s CPU, 0.002s wall-clock]
Normalizing task... [0.000s CPU, 0.000s wall-clock]
Instantiating...
Generating Datalog program... [0.000s CPU, 0.000s wall-clock]
Normalizing Datalog program...
Normalizing Datalog program: [0.000s CPU, 0.001s wall-clock]
Preparing model... [0.000s CPU, 0.001s wall-clock]
Generated 20 rules.
Computing model... [0.016s CPU, 0.011s wall-clock]
1674 relevant atoms
2340 auxiliary atoms
4014 final queue length
5859 total queue pushes
Completing instantiation... [0.000s CPU, 0.011s wall-clock]
Instantiating: [0.016s CPU, 0.024s wall-clock]
Computing fact groups...
Finding invariants...
7 initial candidates
Finding invariants: [0.000s CPU, 0.001s wall-clock]
Checking invariant weight... [0.016s CPU, 0.001s wall-clock]
Instantiating groups... [0.000s CPU, 0.002s wall-clock]
Collecting mutex groups... [0.000s CPU, 0.000s wall-clock]
Choosing groups...
81 uncovered facts
Choosing groups: [0.000s CPU, 0.000s wall-clock]
Building translation key... [0.000s CPU, 0.000s wall-clock]
Computing fact groups: [0.016s CPU, 0.005s wall-clock]
Building STRIPS to SAS dictionary... [0.000s CPU, 0.000s wall-clock]
Building dictionary for full mutex groups... [0.000s CPU, 0.000s wall-clock]
Building mutex information...
Building mutex information: [0.000s CPU, 0.000s wall-clock]
Translating task...
Processing axioms...
Simplifying axioms... [0.000s CPU, 0.000s wall-clock]
Translator axioms removed by simplifying: 0
Processing axioms: [0.000s CPU, 0.001s wall-clock]
Translating task: [0.016s CPU, 0.014s wall-clock]
1264 effect conditions simplified
0 implied preconditions added
Detecting unreachable propositions...
0 operators removed
0 axioms removed
11 propositions removed
Detecting unreachable propositions: [0.000s CPU, 0.007s wall-clock]
Reordering and filtering variables...
84 of 84 variables necessary.
81 of 84 mutex groups necessary.
776 of 776 operators necessary.
0 of 0 axiom rules necessary.
Reordering and filtering variables: [0.000s CPU, 0.004s wall-clock]
Translator variables: 84
Translator derived variables: 0
Translator facts: 397
Translator goal facts: 2
Translator mutex groups: 81
Translator total mutex groups size: 316
Translator operators: 776
Translator axioms: 0
Translator task size: 6919
warning: could not determine peak memory
Writing output... [0.016s CPU, 0.016s wall-clock]
Done! [0.062s CPU, 0.075s wall-clock]
translate exit code: 0

INFO     Running search (release).
INFO     search stdin: output.sas
INFO     search time limit: None
INFO     search memory limit: None
INFO     search command line string: 'C:\Users\user\Desktop\theoria\.worktrees\p13\engine-rig\.toolchain\downward\builds\release\bin\downward.exe' --search 'astar(blind())' --internal-plan-file 'C:\Users\user\AppData\Local\Temp\tmplmi0m8e1\sas_plan' < output.sas
[t=0.000158s, 1964 KB] Search code revision: 7120aa0
[t=0.000246s, 1964 KB] reading input...
[t=0.007237s, 2732 KB] done reading input!
[t=0.008282s, 3080 KB] Initializing blind search heuristic...
[t=0.008310s, 3080 KB] Building successor generator... done!
[t=0.008576s, 3244 KB] peak memory difference for successor generator creation: 164 KB
[t=0.008579s, 3244 KB] time for successor generation creation: 0.000257s
[t=0.008585s, 3244 KB] Variables: 84
[t=0.008589s, 3244 KB] FactPairs: 397
[t=0.008592s, 3244 KB] Bytes per state: 16
[t=0.008603s, 3244 KB] Conducting best first search with reopening closed nodes, (real) bound = 2147483647
[t=0.008619s, 3244 KB] New best heuristic value for blind: 1
[t=0.008623s, 3244 KB] g=0, 1 evaluated, 0 expanded
[t=0.008625s, 3244 KB] f = 1, 1 evaluated, 0 expanded
[t=0.008632s, 3244 KB] Initial heuristic value for blind: 1
[t=0.008635s, 3244 KB] pruning method: none
[t=0.008646s, 3244 KB] f = 2, 3 evaluated, 1 expanded
[t=0.008655s, 3244 KB] f = 3, 6 evaluated, 3 expanded
[t=0.008665s, 3244 KB] f = 4, 10 evaluated, 6 expanded
[t=0.008678s, 3244 KB] f = 5, 15 evaluated, 10 expanded
[t=0.008695s, 3244 KB] f = 6, 21 evaluated, 15 expanded
[t=0.008712s, 3244 KB] f = 7, 28 evaluated, 21 expanded
[t=0.008733s, 3244 KB] f = 8, 36 evaluated, 28 expanded
[t=0.008755s, 3244 KB] f = 9, 45 evaluated, 36 expanded
[t=0.008778s, 3244 KB] f = 10, 53 evaluated, 45 expanded
[t=0.008797s, 3244 KB] f = 11, 60 evaluated, 53 expanded
[t=0.008818s, 3244 KB] f = 12, 66 evaluated, 60 expanded
[t=0.008835s, 3244 KB] f = 13, 72 evaluated, 66 expanded
[t=0.008853s, 3244 KB] f = 14, 84 evaluated, 72 expanded
[t=0.008886s, 3244 KB] f = 15, 110 evaluated, 84 expanded
[t=0.008952s, 3244 KB] f = 16, 166 evaluated, 110 expanded
[t=0.009096s, 3252 KB] f = 17, 275 evaluated, 166 expanded
[t=0.009311s, 3252 KB] f = 18, 459 evaluated, 275 expanded
[t=0.009728s, 3276 KB] f = 19, 784 evaluated, 459 expanded
[t=0.010433s, 3308 KB] f = 20, 1324 evaluated, 784 expanded
[t=0.011862s, 3368 KB] f = 21, 2230 evaluated, 1324 expanded
[t=0.013746s, 3536 KB] f = 22, 3650 evaluated, 2230 expanded
[t=0.016692s, 3604 KB] f = 23, 5847 evaluated, 3650 expanded
[t=0.021004s, 4012 KB] f = 24, 9025 evaluated, 5847 expanded
[t=0.027041s, 4012 KB] f = 25, 13571 evaluated, 9025 expanded
[t=0.035842s, 4540 KB] f = 26, 19773 evaluated, 13571 expanded
[t=0.042897s, 4808 KB] New best heuristic value for blind: 0
[t=0.042913s, 4808 KB] g=26, 24935 evaluated, 17353 expanded
[t=0.042919s, 4808 KB] Solution found!
[t=0.042924s, 4808 KB] Actual search time: 0.034288s
move c99 c89 up (1)
move c89 c79 up (1)
move c79 c69 up (1)
move c69 c59 up (1)
move c59 c49 up (1)
move c49 c48 left (1)
move c48 c47 left (1)
move c47 c46 left (1)
move c46 c45 left (1)
move c45 c44 left (1)
move c44 c43 left (1)
push c43 c33 c23 b2 up (1)
push c33 c23 c13 b2 up (1)
move c23 c33 down (1)
move c33 c32 left (1)
move c32 c31 left (1)
move c31 c21 up (1)
move c21 c11 up (1)
move c11 c12 right (1)
push c12 c22 c32 b1 down (1)
push c22 c32 c42 b1 down (1)
push c32 c42 c52 b1 down (1)
push c42 c52 c62 b1 down (1)
push c52 c62 c72 b1 down (1)
push c62 c72 c82 b1 down (1)
push c72 c82 c92 b1 down (1)
[t=0.042927s, 4808 KB] Plan length: 26 step(s).
[t=0.042927s, 4808 KB] Plan cost: 26
[t=0.042927s, 4808 KB] Expanded 17354 state(s).
[t=0.042927s, 4808 KB] Reopened 0 state(s).
[t=0.042927s, 4808 KB] Evaluated 24938 state(s).
[t=0.042927s, 4808 KB] Evaluations: 24938
[t=0.042927s, 4808 KB] Generated 63490 state(s).
[t=0.042927s, 4808 KB] Dead ends: 0 state(s).
[t=0.042927s, 4808 KB] Expanded until last jump: 13571 state(s).
[t=0.042927s, 4808 KB] Reopened until last jump: 0 state(s).
[t=0.042927s, 4808 KB] Evaluated until last jump: 19773 state(s).
[t=0.042927s, 4808 KB] Generated until last jump: 49536 state(s).
[t=0.042927s, 4808 KB] Number of registered states: 24938
[t=0.042927s, 4808 KB] Int hash set load factor: 24938/32768 = 0.761047
[t=0.042927s, 4808 KB] Int hash set resizes: 15
[t=0.042927s, 4808 KB] Search time: 0.034326s
[t=0.042927s, 4808 KB] Total time: 0.042927s
Solution found.
Remove intermediate file output.sas
search exit code: 0

