INFO     planner time limit: None
INFO     planner memory limit: None

INFO     Running translator.
INFO     translator stdin: None
INFO     translator time limit: None
INFO     translator memory limit: None
INFO     translator command line string: 'D:\Miniforge3\python.exe' -m translate 'C:\Users\user\Desktop\theoria\.worktrees\e7-deadlock-claim\engine-rig\runs\20260728T150713Z-E7-deadlock-claim-audit\attacks\work\a2\far9\singleton\sokoban_guarded_singleton_domain.pddl' 'C:\Users\user\Desktop\theoria\.worktrees\e7-deadlock-claim\engine-rig\runs\20260728T150713Z-E7-deadlock-claim-audit\attacks\work\a2\far9\singleton\far9_guarded_singleton.pddl' --sas-file output.sas
Warning! SIGXCPU is not available on your platform. This means that the planner cannot be gracefully terminated when using a time limit, which, however, is probably supported on your platform anyway.
Parsing...
Parsing: [0.000s CPU, 0.002s wall-clock]
Normalizing task... [0.000s CPU, 0.000s wall-clock]
Instantiating...
Generating Datalog program... [0.000s CPU, 0.000s wall-clock]
Normalizing Datalog program...
Normalizing Datalog program: [0.000s CPU, 0.001s wall-clock]
Preparing model... [0.000s CPU, 0.001s wall-clock]
Generated 20 rules.
Computing model... [0.016s CPU, 0.010s wall-clock]
1674 relevant atoms
2340 auxiliary atoms
4014 final queue length
5859 total queue pushes
Completing instantiation... [0.016s CPU, 0.011s wall-clock]
Instantiating: [0.031s CPU, 0.024s wall-clock]
Computing fact groups...
Finding invariants...
7 initial candidates
Finding invariants: [0.000s CPU, 0.001s wall-clock]
Checking invariant weight... [0.000s CPU, 0.000s wall-clock]
Instantiating groups... [0.000s CPU, 0.002s wall-clock]
Collecting mutex groups... [0.000s CPU, 0.000s wall-clock]
Choosing groups...
81 uncovered facts
Choosing groups: [0.000s CPU, 0.000s wall-clock]
Building translation key... [0.000s CPU, 0.000s wall-clock]
Computing fact groups: [0.000s CPU, 0.005s wall-clock]
Building STRIPS to SAS dictionary... [0.000s CPU, 0.000s wall-clock]
Building dictionary for full mutex groups... [0.000s CPU, 0.000s wall-clock]
Building mutex information...
Building mutex information: [0.000s CPU, 0.000s wall-clock]
Translating task...
Processing axioms...
Simplifying axioms... [0.000s CPU, 0.000s wall-clock]
Translator axioms removed by simplifying: 0
Processing axioms: [0.000s CPU, 0.001s wall-clock]
Translating task: [0.016s CPU, 0.014s wall-clock]
1264 effect conditions simplified
0 implied preconditions added
Detecting unreachable propositions...
0 operators removed
0 axioms removed
11 propositions removed
Detecting unreachable propositions: [0.016s CPU, 0.008s wall-clock]
Reordering and filtering variables...
84 of 84 variables necessary.
81 of 84 mutex groups necessary.
776 of 776 operators necessary.
0 of 0 axiom rules necessary.
Reordering and filtering variables: [0.000s CPU, 0.004s wall-clock]
Translator variables: 84
Translator derived variables: 0
Translator facts: 397
Translator goal facts: 2
Translator mutex groups: 81
Translator total mutex groups size: 316
Translator operators: 776
Translator axioms: 0
Translator task size: 6919
warning: could not determine peak memory
Writing output... [0.016s CPU, 0.016s wall-clock]
Done! [0.078s CPU, 0.074s wall-clock]
translate exit code: 0

INFO     Running search (release).
INFO     search stdin: output.sas
INFO     search time limit: None
INFO     search memory limit: None
INFO     search command line string: 'C:\Users\user\Desktop\theoria\.worktrees\p13\engine-rig\.toolchain\downward\builds\release\bin\downward.exe' --search 'astar(lmcut())' --internal-plan-file 'C:\Users\user\AppData\Local\Temp\tmpb8wsm2ms\sas_plan' < output.sas
[t=0.000154s, 1928 KB] Search code revision: 7120aa0
[t=0.000252s, 1928 KB] reading input...
[t=0.007276s, 2756 KB] done reading input!
[t=0.008698s, 3388 KB] Initializing landmark cut heuristic...
[t=0.008729s, 3388 KB] Building successor generator... done!
[t=0.008972s, 3528 KB] peak memory difference for successor generator creation: 140 KB
[t=0.008975s, 3528 KB] time for successor generation creation: 0.000236s
[t=0.008981s, 3528 KB] Variables: 84
[t=0.008986s, 3528 KB] FactPairs: 397
[t=0.008988s, 3528 KB] Bytes per state: 16
[t=0.008999s, 3528 KB] Conducting best first search with reopening closed nodes, (real) bound = 2147483647
[t=0.009257s, 3528 KB] New best heuristic value for lmcut: 22
[t=0.009262s, 3528 KB] g=0, 1 evaluated, 0 expanded
[t=0.009264s, 3528 KB] f = 22, 1 evaluated, 0 expanded
[t=0.009271s, 3528 KB] Initial heuristic value for lmcut: 22
[t=0.009273s, 3528 KB] pruning method: none
[t=0.009481s, 3528 KB] New best heuristic value for lmcut: 21
[t=0.009485s, 3528 KB] g=1, 2 evaluated, 1 expanded
[t=0.009911s, 3528 KB] New best heuristic value for lmcut: 20
[t=0.009915s, 3528 KB] g=2, 4 evaluated, 2 expanded
[t=0.010274s, 3528 KB] New best heuristic value for lmcut: 19
[t=0.010278s, 3528 KB] g=3, 6 evaluated, 3 expanded
[t=0.010635s, 3528 KB] New best heuristic value for lmcut: 18
[t=0.010639s, 3528 KB] g=4, 8 evaluated, 4 expanded
[t=0.011026s, 3548 KB] New best heuristic value for lmcut: 17
[t=0.011031s, 3548 KB] g=5, 10 evaluated, 5 expanded
[t=0.011530s, 3548 KB] New best heuristic value for lmcut: 16
[t=0.011534s, 3548 KB] g=6, 13 evaluated, 6 expanded
[t=0.011857s, 3548 KB] New best heuristic value for lmcut: 15
[t=0.011862s, 3548 KB] g=7, 15 evaluated, 7 expanded
[t=0.012325s, 3548 KB] New best heuristic value for lmcut: 14
[t=0.012330s, 3548 KB] g=8, 18 evaluated, 8 expanded
[t=0.012606s, 3548 KB] New best heuristic value for lmcut: 13
[t=0.012611s, 3548 KB] g=9, 20 evaluated, 9 expanded
[t=0.013011s, 3548 KB] New best heuristic value for lmcut: 12
[t=0.013016s, 3548 KB] g=10, 23 evaluated, 10 expanded
[t=0.013451s, 3548 KB] New best heuristic value for lmcut: 11
[t=0.013455s, 3548 KB] g=11, 26 evaluated, 11 expanded
[t=0.013707s, 3548 KB] New best heuristic value for lmcut: 10
[t=0.013711s, 3548 KB] g=12, 28 evaluated, 12 expanded
[t=0.014093s, 3548 KB] New best heuristic value for lmcut: 9
[t=0.014097s, 3548 KB] g=13, 31 evaluated, 13 expanded
[t=0.020615s, 3548 KB] f = 24, 62 evaluated, 44 expanded
[t=0.025282s, 3548 KB] f = 25, 93 evaluated, 63 expanded
[t=0.027942s, 3548 KB] New best heuristic value for lmcut: 8
[t=0.027950s, 3548 KB] g=17, 111 evaluated, 70 expanded
[t=0.028371s, 3548 KB] New best heuristic value for lmcut: 7
[t=0.028376s, 3548 KB] g=18, 114 evaluated, 71 expanded
[t=0.030064s, 3548 KB] f = 26, 125 evaluated, 86 expanded
[t=0.032614s, 3548 KB] New best heuristic value for lmcut: 6
[t=0.032633s, 3548 KB] g=20, 143 evaluated, 94 expanded
[t=0.032954s, 3548 KB] New best heuristic value for lmcut: 5
[t=0.032959s, 3548 KB] g=21, 147 evaluated, 95 expanded
[t=0.033173s, 3548 KB] New best heuristic value for lmcut: 4
[t=0.033178s, 3548 KB] g=22, 150 evaluated, 96 expanded
[t=0.033438s, 3548 KB] New best heuristic value for lmcut: 3
[t=0.033443s, 3548 KB] g=23, 154 evaluated, 97 expanded
[t=0.033598s, 3548 KB] New best heuristic value for lmcut: 2
[t=0.033602s, 3548 KB] g=24, 157 evaluated, 98 expanded
[t=0.033766s, 3548 KB] New best heuristic value for lmcut: 1
[t=0.033770s, 3548 KB] g=25, 161 evaluated, 99 expanded
[t=0.033857s, 3548 KB] New best heuristic value for lmcut: 0
[t=0.033861s, 3548 KB] g=26, 164 evaluated, 100 expanded
[t=0.033957s, 3548 KB] Solution found!
[t=0.033963s, 3548 KB] Actual search time: 0.024688s
move c99 c89 up (1)
move c89 c79 up (1)
move c79 c69 up (1)
move c69 c59 up (1)
move c59 c49 up (1)
move c49 c48 left (1)
move c48 c47 left (1)
move c47 c46 left (1)
move c46 c45 left (1)
move c45 c44 left (1)
move c44 c43 left (1)
push c43 c33 c23 b2 up (1)
push c33 c23 c13 b2 up (1)
move c23 c33 down (1)
move c33 c32 left (1)
move c32 c31 left (1)
move c31 c21 up (1)
move c21 c11 up (1)
move c11 c12 right (1)
push c12 c22 c32 b1 down (1)
push c22 c32 c42 b1 down (1)
push c32 c42 c52 b1 down (1)
push c42 c52 c62 b1 down (1)
push c52 c62 c72 b1 down (1)
push c62 c72 c82 b1 down (1)
push c72 c82 c92 b1 down (1)
[t=0.033966s, 3556 KB] Plan length: 26 step(s).
[t=0.033966s, 3556 KB] Plan cost: 26
[t=0.033966s, 3556 KB] Expanded 101 state(s).
[t=0.033966s, 3556 KB] Reopened 0 state(s).
[t=0.033966s, 3556 KB] Evaluated 167 state(s).
[t=0.033966s, 3556 KB] Evaluations: 167
[t=0.033966s, 3556 KB] Generated 363 state(s).
[t=0.033966s, 3556 KB] Dead ends: 6 state(s).
[t=0.033966s, 3556 KB] Expanded until last jump: 86 state(s).
[t=0.033966s, 3556 KB] Reopened until last jump: 0 state(s).
[t=0.033966s, 3556 KB] Evaluated until last jump: 125 state(s).
[t=0.033966s, 3556 KB] Generated until last jump: 313 state(s).
[t=0.033966s, 3556 KB] Number of registered states: 167
[t=0.033966s, 3556 KB] Int hash set load factor: 167/256 = 0.652344
[t=0.033966s, 3556 KB] Int hash set resizes: 8
[t=0.033966s, 3556 KB] Search time: 0.024969s
[t=0.033966s, 3556 KB] Total time: 0.033966s
Solution found.
Remove intermediate file output.sas
search exit code: 0

