INFO     planner time limit: None
INFO     planner memory limit: None

INFO     Running translator.
INFO     translator stdin: None
INFO     translator time limit: None
INFO     translator memory limit: None
INFO     translator command line string: 'D:\Miniforge3\python.exe' -m translate 'C:\Users\user\Desktop\theoria\.worktrees\e7-deadlock-claim\engine-rig\fixtures\data\sokoban_domain.pddl' 'C:\Users\user\Desktop\theoria\.worktrees\e7-deadlock-claim\engine-rig\runs\20260728T150713Z-E7-deadlock-claim-audit\attacks\work\a2\far9\far9.pddl' --sas-file output.sas
Warning! SIGXCPU is not available on your platform. This means that the planner cannot be gracefully terminated when using a time limit, which, however, is probably supported on your platform anyway.
Parsing...
Parsing: [0.000s CPU, 0.002s wall-clock]
Normalizing task... [0.000s CPU, 0.000s wall-clock]
Instantiating...
Generating Datalog program... [0.016s CPU, 0.000s wall-clock]
Normalizing Datalog program...
Normalizing Datalog program: [0.000s CPU, 0.001s wall-clock]
Preparing model... [0.000s CPU, 0.001s wall-clock]
Generated 20 rules.
Computing model... [0.000s CPU, 0.011s wall-clock]
1666 relevant atoms
2340 auxiliary atoms
4006 final queue length
5851 total queue pushes
Completing instantiation... [0.016s CPU, 0.011s wall-clock]
Instantiating: [0.031s CPU, 0.024s wall-clock]
Computing fact groups...
Finding invariants...
7 initial candidates
Finding invariants: [0.000s CPU, 0.001s wall-clock]
Checking invariant weight... [0.000s CPU, 0.000s wall-clock]
Instantiating groups... [0.000s CPU, 0.002s wall-clock]
Collecting mutex groups... [0.000s CPU, 0.000s wall-clock]
Choosing groups...
81 uncovered facts
Choosing groups: [0.000s CPU, 0.000s wall-clock]
Building translation key... [0.000s CPU, 0.000s wall-clock]
Computing fact groups: [0.000s CPU, 0.005s wall-clock]
Building STRIPS to SAS dictionary... [0.000s CPU, 0.000s wall-clock]
Building dictionary for full mutex groups... [0.000s CPU, 0.000s wall-clock]
Building mutex information...
Building mutex information: [0.000s CPU, 0.000s wall-clock]
Translating task...
Processing axioms...
Simplifying axioms... [0.000s CPU, 0.000s wall-clock]
Translator axioms removed by simplifying: 0
Processing axioms: [0.000s CPU, 0.001s wall-clock]
Translating task: [0.016s CPU, 0.015s wall-clock]
1296 effect conditions simplified
0 implied preconditions added
Detecting unreachable propositions...
0 operators removed
0 axioms removed
3 propositions removed
Detecting unreachable propositions: [0.016s CPU, 0.008s wall-clock]
Reordering and filtering variables...
84 of 84 variables necessary.
81 of 84 mutex groups necessary.
792 of 792 operators necessary.
0 of 0 axiom rules necessary.
Reordering and filtering variables: [0.000s CPU, 0.005s wall-clock]
Translator variables: 84
Translator derived variables: 0
Translator facts: 405
Translator goal facts: 2
Translator mutex groups: 81
Translator total mutex groups size: 324
Translator operators: 792
Translator axioms: 0
Translator task size: 7079
warning: could not determine peak memory
Writing output... [0.016s CPU, 0.016s wall-clock]
Done! [0.078s CPU, 0.076s wall-clock]
translate exit code: 0

INFO     Running search (release).
INFO     search stdin: output.sas
INFO     search time limit: None
INFO     search memory limit: None
INFO     search command line string: 'C:\Users\user\Desktop\theoria\.worktrees\p13\engine-rig\.toolchain\downward\builds\release\bin\downward.exe' --search 'astar(blind())' --internal-plan-file 'C:\Users\user\AppData\Local\Temp\tmp_tzv0e1l\sas_plan' < output.sas
[t=0.000150s, 1976 KB] Search code revision: 7120aa0
[t=0.000249s, 1976 KB] reading input...
[t=0.007510s, 2748 KB] done reading input!
[t=0.008613s, 3112 KB] Initializing blind search heuristic...
[t=0.008642s, 3112 KB] Building successor generator... done!
[t=0.008907s, 3276 KB] peak memory difference for successor generator creation: 164 KB
[t=0.008918s, 3276 KB] time for successor generation creation: 0.000256s
[t=0.008925s, 3276 KB] Variables: 84
[t=0.008930s, 3276 KB] FactPairs: 405
[t=0.008932s, 3276 KB] Bytes per state: 16
[t=0.008943s, 3276 KB] Conducting best first search with reopening closed nodes, (real) bound = 2147483647
[t=0.008959s, 3276 KB] New best heuristic value for blind: 1
[t=0.008963s, 3276 KB] g=0, 1 evaluated, 0 expanded
[t=0.008965s, 3276 KB] f = 1, 1 evaluated, 0 expanded
[t=0.008972s, 3276 KB] Initial heuristic value for blind: 1
[t=0.008976s, 3276 KB] pruning method: none
[t=0.008985s, 3276 KB] f = 2, 3 evaluated, 1 expanded
[t=0.008995s, 3276 KB] f = 3, 6 evaluated, 3 expanded
[t=0.009007s, 3276 KB] f = 4, 10 evaluated, 6 expanded
[t=0.009021s, 3276 KB] f = 5, 15 evaluated, 10 expanded
[t=0.009038s, 3276 KB] f = 6, 21 evaluated, 15 expanded
[t=0.009055s, 3276 KB] f = 7, 28 evaluated, 21 expanded
[t=0.009077s, 3276 KB] f = 8, 36 evaluated, 28 expanded
[t=0.009099s, 3276 KB] f = 9, 45 evaluated, 36 expanded
[t=0.009122s, 3276 KB] f = 10, 53 evaluated, 45 expanded
[t=0.009143s, 3276 KB] f = 11, 60 evaluated, 53 expanded
[t=0.009164s, 3276 KB] f = 12, 66 evaluated, 60 expanded
[t=0.009181s, 3276 KB] f = 13, 72 evaluated, 66 expanded
[t=0.009199s, 3276 KB] f = 14, 84 evaluated, 72 expanded
[t=0.009231s, 3276 KB] f = 15, 110 evaluated, 84 expanded
[t=0.009299s, 3276 KB] f = 16, 166 evaluated, 110 expanded
[t=0.009428s, 3276 KB] f = 17, 275 evaluated, 166 expanded
[t=0.009646s, 3276 KB] f = 18, 467 evaluated, 275 expanded
[t=0.010049s, 3288 KB] f = 19, 807 evaluated, 467 expanded
[t=0.010734s, 3308 KB] f = 20, 1387 evaluated, 807 expanded
[t=0.011883s, 3368 KB] f = 21, 2356 evaluated, 1387 expanded
[t=0.013806s, 3616 KB] f = 22, 3904 evaluated, 2356 expanded
[t=0.016601s, 3616 KB] f = 23, 6311 evaluated, 3904 expanded
[t=0.021101s, 4016 KB] f = 24, 9835 evaluated, 6311 expanded
[t=0.027642s, 4552 KB] f = 25, 14876 evaluated, 9835 expanded
[t=0.037130s, 4820 KB] f = 26, 21792 evaluated, 14876 expanded
[t=0.045212s, 4820 KB] New best heuristic value for blind: 0
[t=0.045231s, 4820 KB] g=26, 27750 evaluated, 19271 expanded
[t=0.045237s, 4820 KB] Solution found!
[t=0.045242s, 4820 KB] Actual search time: 0.036265s
move c99 c89 up (1)
move c89 c79 up (1)
move c79 c69 up (1)
move c69 c59 up (1)
move c59 c49 up (1)
move c49 c48 left (1)
move c48 c47 left (1)
move c47 c46 left (1)
move c46 c45 left (1)
move c45 c44 left (1)
move c44 c43 left (1)
push c43 c33 c23 b2 up (1)
push c33 c23 c13 b2 up (1)
move c23 c33 down (1)
move c33 c32 left (1)
move c32 c31 left (1)
move c31 c21 up (1)
move c21 c11 up (1)
move c11 c12 right (1)
push c12 c22 c32 b1 down (1)
push c22 c32 c42 b1 down (1)
push c32 c42 c52 b1 down (1)
push c42 c52 c62 b1 down (1)
push c52 c62 c72 b1 down (1)
push c62 c72 c82 b1 down (1)
push c72 c82 c92 b1 down (1)
[t=0.045246s, 4820 KB] Plan length: 26 step(s).
[t=0.045246s, 4820 KB] Plan cost: 26
[t=0.045246s, 4820 KB] Expanded 19272 state(s).
[t=0.045246s, 4820 KB] Reopened 0 state(s).
[t=0.045246s, 4820 KB] Evaluated 27753 state(s).
[t=0.045246s, 4820 KB] Evaluations: 27753
[t=0.045246s, 4820 KB] Generated 70514 state(s).
[t=0.045246s, 4820 KB] Dead ends: 0 state(s).
[t=0.045246s, 4820 KB] Expanded until last jump: 14876 state(s).
[t=0.045246s, 4820 KB] Reopened until last jump: 0 state(s).
[t=0.045246s, 4820 KB] Evaluated until last jump: 21792 state(s).
[t=0.045246s, 4820 KB] Generated until last jump: 54324 state(s).
[t=0.045246s, 4820 KB] Number of registered states: 27753
[t=0.045246s, 4820 KB] Int hash set load factor: 27753/32768 = 0.846954
[t=0.045246s, 4820 KB] Int hash set resizes: 15
[t=0.045246s, 4820 KB] Search time: 0.036304s
[t=0.045246s, 4820 KB] Total time: 0.045246s
Solution found.
Remove intermediate file output.sas
search exit code: 0

