INFO     planner time limit: None
INFO     planner memory limit: None

INFO     Running translator.
INFO     translator stdin: None
INFO     translator time limit: None
INFO     translator memory limit: None
INFO     translator command line string: 'D:\Miniforge3\python.exe' -m translate 'C:\Users\user\Desktop\theoria\.worktrees\e7-deadlock-claim\engine-rig\fixtures\data\sokoban_domain.pddl' 'C:\Users\user\Desktop\theoria\.worktrees\e7-deadlock-claim\engine-rig\runs\20260728T150713Z-E7-deadlock-claim-audit\attacks\work\a7\hunt0021\hunt0021.pddl' --sas-file output.sas
Warning! SIGXCPU is not available on your platform. This means that the planner cannot be gracefully terminated when using a time limit, which, however, is probably supported on your platform anyway.
Parsing...
Parsing: [0.000s CPU, 0.002s wall-clock]
Normalizing task... [0.000s CPU, 0.000s wall-clock]
Instantiating...
Generating Datalog program... [0.000s CPU, 0.000s wall-clock]
Normalizing Datalog program...
Normalizing Datalog program: [0.000s CPU, 0.001s wall-clock]
Preparing model... [0.000s CPU, 0.001s wall-clock]
Generated 20 rules.
Computing model... [0.000s CPU, 0.005s wall-clock]
356 relevant atoms
502 auxiliary atoms
858 final queue length
1133 total queue pushes
Completing instantiation... [0.000s CPU, 0.002s wall-clock]
Instantiating: [0.000s CPU, 0.009s wall-clock]
Computing fact groups...
Finding invariants...
7 initial candidates
Finding invariants: [0.000s CPU, 0.001s wall-clock]
Checking invariant weight... [0.000s CPU, 0.000s wall-clock]
Instantiating groups... [0.000s CPU, 0.000s wall-clock]
Collecting mutex groups... [0.000s CPU, 0.000s wall-clock]
Choosing groups...
21 uncovered facts
Choosing groups: [0.000s CPU, 0.000s wall-clock]
Building translation key... [0.000s CPU, 0.000s wall-clock]
Computing fact groups: [0.000s CPU, 0.002s wall-clock]
Building STRIPS to SAS dictionary... [0.000s CPU, 0.000s wall-clock]
Building dictionary for full mutex groups... [0.000s CPU, 0.000s wall-clock]
Building mutex information...
Building mutex information: [0.000s CPU, 0.000s wall-clock]
Translating task...
Processing axioms...
Simplifying axioms... [0.000s CPU, 0.000s wall-clock]
Translator axioms removed by simplifying: 0
Processing axioms: [0.016s CPU, 0.000s wall-clock]
Translating task: [0.016s CPU, 0.003s wall-clock]
204 effect conditions simplified
0 implied preconditions added
Detecting unreachable propositions...
0 operators removed
0 axioms removed
3 propositions removed
Detecting unreachable propositions: [0.000s CPU, 0.001s wall-clock]
Reordering and filtering variables...
24 of 24 variables necessary.
21 of 24 mutex groups necessary.
132 of 132 operators necessary.
0 of 0 axiom rules necessary.
Reordering and filtering variables: [0.000s CPU, 0.001s wall-clock]
Translator variables: 24
Translator derived variables: 0
Translator facts: 103
Translator goal facts: 2
Translator mutex groups: 21
Translator total mutex groups size: 82
Translator operators: 132
Translator axioms: 0
Translator task size: 1219
warning: could not determine peak memory
Writing output... [0.000s CPU, 0.010s wall-clock]
Done! [0.016s CPU, 0.028s wall-clock]
translate exit code: 0

INFO     Running search (release).
INFO     search stdin: output.sas
INFO     search time limit: None
INFO     search memory limit: None
INFO     search command line string: 'C:\Users\user\Desktop\theoria\.worktrees\p13\engine-rig\.toolchain\downward\builds\release\bin\downward.exe' --search 'astar(ipdb())' --internal-plan-file 'C:\Users\user\AppData\Local\Temp\tmp2_oueo68\sas_plan' < output.sas
[t=0.000149s, 1940 KB] Search code revision: 7120aa0
[t=0.000251s, 1940 KB] reading input...
[t=0.001680s, 2196 KB] done reading input!
[t=0.002976s, 2844 KB] Initializing canonical PDB heuristic...
[t=0.002992s, 2844 KB] Generating patterns using: hill climbing pattern collection generator
[t=0.003063s, 2848 KB] Done calculating initial pattern collection: 0.000068s
[t=0.003073s, 2848 KB] Average operator cost: 1.000000
[t=0.003094s, 2848 KB] Building causal graph... done!
[t=0.004604s, 2956 KB] Done calculating initial candidate PDBs
[t=0.009340s, 3172 KB] found a better pattern with improvement 1000
[t=0.020617s, 3348 KB] found a better pattern with improvement 1000
[t=0.039574s, 4820 KB] found a better pattern with improvement 1000
[t=0.067895s, 7504 KB] found a better pattern with improvement 999
[t=0.110931s, 12604 KB] found a better pattern with improvement 986
[t=0.177146s, 22264 KB] found a better pattern with improvement 972
[t=0.265393s, 40232 KB] found a better pattern with improvement 993
[t=0.404589s, 74004 KB] found a better pattern with improvement 18
[t=0.651336s, 137440 KB] Improvement below threshold. Stop hill climbing.
[t=0.651364s, 137440 KB] Hill climbing iterations: 9
[t=0.651367s, 137440 KB] Hill climbing generated patterns: 190
[t=0.651370s, 137440 KB] Hill climbing rejected patterns: 0
[t=0.651372s, 137440 KB] Hill climbing maximum PDB size: 1075200
[t=0.651375s, 137440 KB] Hill climbing time: 0.648304s
[t=0.657460s, 137440 KB] hill climbing pattern collection generator number of patterns: 10
[t=0.657491s, 137440 KB] hill climbing pattern collection generator total PDB size: 1067260
[t=0.657497s, 137440 KB] hill climbing pattern collection generator computation time: 0.654458s
[t=0.657503s, 137440 KB] Running dominance pruning...
[t=0.657509s, 137440 KB] Pruned 8 of 9 pattern cliques
[t=0.657516s, 137440 KB] Pruned 9 of 10 PDBs
[t=0.657520s, 137440 KB] Dominance pruning took 0.000014s
[t=0.657705s, 137440 KB] Canonical PDB heuristic number of patterns: 1
[t=0.657715s, 137440 KB] Canonical PDB heuristic total PDB size: 537600
[t=0.657720s, 137440 KB] Canonical PDB heuristic computation time: 0.654730s
[t=0.657770s, 137440 KB] Building successor generator... done!
[t=0.657866s, 137440 KB] peak memory difference for successor generator creation: 0 KB
[t=0.657870s, 137440 KB] time for successor generation creation: 0.000082s
[t=0.657879s, 137440 KB] Variables: 24
[t=0.657884s, 137440 KB] FactPairs: 103
[t=0.657908s, 137440 KB] Bytes per state: 8
[t=0.657938s, 137440 KB] Conducting best first search with reopening closed nodes, (real) bound = 2147483647
[t=0.657960s, 137440 KB] New best heuristic value for cpdbs: 44
[t=0.657967s, 137440 KB] g=0, 1 evaluated, 0 expanded
[t=0.657970s, 137440 KB] f = 44, 1 evaluated, 0 expanded
[t=0.657978s, 137440 KB] Initial heuristic value for cpdbs: 44
[t=0.657982s, 137440 KB] pruning method: none
[t=0.657996s, 137440 KB] New best heuristic value for cpdbs: 43
[t=0.657998s, 137440 KB] g=1, 3 evaluated, 1 expanded
[t=0.658008s, 137440 KB] New best heuristic value for cpdbs: 42
[t=0.658012s, 137440 KB] g=2, 6 evaluated, 2 expanded
[t=0.658017s, 137440 KB] New best heuristic value for cpdbs: 41
[t=0.658020s, 137440 KB] g=3, 7 evaluated, 3 expanded
[t=0.658025s, 137440 KB] New best heuristic value for cpdbs: 40
[t=0.658029s, 137440 KB] g=4, 8 evaluated, 4 expanded
[t=0.658035s, 137440 KB] New best heuristic value for cpdbs: 39
[t=0.658037s, 137440 KB] g=5, 9 evaluated, 5 expanded
[t=0.658043s, 137440 KB] New best heuristic value for cpdbs: 38
[t=0.658045s, 137440 KB] g=6, 10 evaluated, 6 expanded
[t=0.658050s, 137440 KB] New best heuristic value for cpdbs: 37
[t=0.658052s, 137440 KB] g=7, 11 evaluated, 7 expanded
[t=0.658062s, 137440 KB] New best heuristic value for cpdbs: 36
[t=0.658066s, 137440 KB] g=8, 15 evaluated, 8 expanded
[t=0.658075s, 137440 KB] New best heuristic value for cpdbs: 35
[t=0.658077s, 137440 KB] g=9, 17 evaluated, 9 expanded
[t=0.658086s, 137440 KB] New best heuristic value for cpdbs: 34
[t=0.658089s, 137440 KB] g=10, 21 evaluated, 10 expanded
[t=0.658094s, 137440 KB] New best heuristic value for cpdbs: 33
[t=0.658097s, 137440 KB] g=11, 22 evaluated, 11 expanded
[t=0.658107s, 137440 KB] New best heuristic value for cpdbs: 32
[t=0.658111s, 137440 KB] g=12, 25 evaluated, 12 expanded
[t=0.658118s, 137440 KB] New best heuristic value for cpdbs: 31
[t=0.658120s, 137440 KB] g=13, 26 evaluated, 13 expanded
[t=0.658128s, 137440 KB] New best heuristic value for cpdbs: 30
[t=0.658131s, 137440 KB] g=14, 29 evaluated, 14 expanded
[t=0.658140s, 137440 KB] New best heuristic value for cpdbs: 29
[t=0.658144s, 137440 KB] g=15, 31 evaluated, 15 expanded
[t=0.658154s, 137440 KB] New best heuristic value for cpdbs: 28
[t=0.658158s, 137440 KB] g=16, 33 evaluated, 16 expanded
[t=0.658169s, 137440 KB] New best heuristic value for cpdbs: 27
[t=0.658173s, 137440 KB] g=17, 37 evaluated, 17 expanded
[t=0.658182s, 137440 KB] New best heuristic value for cpdbs: 26
[t=0.658186s, 137440 KB] g=18, 39 evaluated, 18 expanded
[t=0.658192s, 137440 KB] New best heuristic value for cpdbs: 25
[t=0.658195s, 137440 KB] g=19, 40 evaluated, 19 expanded
[t=0.658200s, 137440 KB] New best heuristic value for cpdbs: 24
[t=0.658203s, 137440 KB] g=20, 42 evaluated, 20 expanded
[t=0.658208s, 137440 KB] New best heuristic value for cpdbs: 23
[t=0.658210s, 137440 KB] g=21, 43 evaluated, 21 expanded
[t=0.658222s, 137440 KB] New best heuristic value for cpdbs: 22
[t=0.658226s, 137440 KB] g=22, 47 evaluated, 22 expanded
[t=0.658231s, 137440 KB] New best heuristic value for cpdbs: 21
[t=0.658233s, 137440 KB] g=23, 48 evaluated, 23 expanded
[t=0.658243s, 137440 KB] New best heuristic value for cpdbs: 20
[t=0.658247s, 137440 KB] g=24, 52 evaluated, 24 expanded
[t=0.658253s, 137440 KB] New best heuristic value for cpdbs: 19
[t=0.658255s, 137440 KB] g=25, 54 evaluated, 25 expanded
[t=0.658266s, 137440 KB] New best heuristic value for cpdbs: 18
[t=0.658270s, 137440 KB] g=26, 60 evaluated, 27 expanded
[t=0.658275s, 137440 KB] New best heuristic value for cpdbs: 17
[t=0.658278s, 137440 KB] g=27, 62 evaluated, 28 expanded
[t=0.658283s, 137440 KB] New best heuristic value for cpdbs: 16
[t=0.658286s, 137440 KB] g=28, 64 evaluated, 29 expanded
[t=0.658294s, 137440 KB] New best heuristic value for cpdbs: 15
[t=0.658298s, 137440 KB] g=29, 65 evaluated, 30 expanded
[t=0.658304s, 137440 KB] New best heuristic value for cpdbs: 14
[t=0.658307s, 137440 KB] g=30, 67 evaluated, 31 expanded
[t=0.658354s, 137440 KB] New best heuristic value for cpdbs: 13
[t=0.658360s, 137440 KB] g=31, 101 evaluated, 47 expanded
[t=0.658367s, 137440 KB] New best heuristic value for cpdbs: 12
[t=0.658370s, 137440 KB] g=32, 104 evaluated, 48 expanded
[t=0.658375s, 137440 KB] New best heuristic value for cpdbs: 11
[t=0.658378s, 137440 KB] g=33, 105 evaluated, 49 expanded
[t=0.658385s, 137440 KB] New best heuristic value for cpdbs: 10
[t=0.658388s, 137440 KB] g=34, 108 evaluated, 50 expanded
[t=0.658394s, 137440 KB] New best heuristic value for cpdbs: 9
[t=0.658396s, 137440 KB] g=35, 110 evaluated, 51 expanded
[t=0.658417s, 137440 KB] New best heuristic value for cpdbs: 8
[t=0.658422s, 137440 KB] g=36, 113 evaluated, 52 expanded
[t=0.658427s, 137440 KB] New best heuristic value for cpdbs: 7
[t=0.658431s, 137440 KB] g=37, 115 evaluated, 53 expanded
[t=0.658437s, 137440 KB] New best heuristic value for cpdbs: 6
[t=0.658439s, 137440 KB] g=38, 117 evaluated, 54 expanded
[t=0.658447s, 137440 KB] New best heuristic value for cpdbs: 5
[t=0.658470s, 137440 KB] g=39, 121 evaluated, 55 expanded
[t=0.658475s, 137440 KB] New best heuristic value for cpdbs: 4
[t=0.658477s, 137440 KB] g=40, 124 evaluated, 56 expanded
[t=0.658494s, 137440 KB] f = 45, 133 evaluated, 59 expanded
[t=0.658503s, 137440 KB] New best heuristic value for cpdbs: 3
[t=0.658505s, 137440 KB] g=42, 137 evaluated, 62 expanded
[t=0.658510s, 137440 KB] New best heuristic value for cpdbs: 2
[t=0.658513s, 137440 KB] g=43, 140 evaluated, 63 expanded
[t=0.658517s, 137440 KB] New best heuristic value for cpdbs: 1
[t=0.658521s, 137440 KB] g=44, 143 evaluated, 64 expanded
[t=0.658524s, 137440 KB] New best heuristic value for cpdbs: 0
[t=0.658526s, 137440 KB] g=45, 144 evaluated, 65 expanded
[t=0.658530s, 137440 KB] Solution found!
[t=0.658534s, 137440 KB] Actual search time: 0.000549s
move c22 c12 up (1)
move c12 c13 right (1)
move c13 c14 right (1)
move c14 c15 right (1)
move c15 c25 down (1)
move c25 c35 down (1)
push c35 c34 c33 b2 left (1)
push c34 c33 c32 b2 left (1)
move c33 c43 down (1)
move c43 c42 left (1)
move c42 c41 left (1)
move c41 c31 up (1)
move c31 c21 up (1)
move c21 c22 right (1)
push c22 c32 c42 b2 down (1)
move c32 c31 left (1)
move c31 c41 down (1)
push c41 c42 c43 b2 right (1)
move c42 c32 up (1)
move c32 c22 up (1)
move c22 c12 up (1)
move c12 c13 right (1)
move c13 c14 right (1)
push c14 c24 c34 b1 down (1)
move c24 c25 right (1)
move c25 c35 down (1)
push c35 c34 c33 b1 left (1)
push c34 c33 c32 b1 left (1)
push c33 c43 c53 b2 down (1)
move c43 c42 left (1)
move c42 c41 left (1)
move c41 c31 up (1)
move c31 c21 up (1)
move c21 c22 right (1)
push c22 c32 c42 b1 down (1)
move c32 c31 left (1)
move c31 c41 down (1)
push c41 c42 c43 b1 right (1)
move c42 c52 down (1)
push c52 c53 c54 b2 right (1)
move c53 c52 left (1)
move c52 c42 up (1)
move c42 c32 up (1)
move c32 c33 right (1)
push c33 c43 c53 b1 down (1)
[t=0.658538s, 137440 KB] Plan length: 45 step(s).
[t=0.658538s, 137440 KB] Plan cost: 45
[t=0.658538s, 137440 KB] Expanded 66 state(s).
[t=0.658538s, 137440 KB] Reopened 0 state(s).
[t=0.658538s, 137440 KB] Evaluated 145 state(s).
[t=0.658538s, 137440 KB] Evaluations: 145
[t=0.658538s, 137440 KB] Generated 194 state(s).
[t=0.658538s, 137440 KB] Dead ends: 9 state(s).
[t=0.658538s, 137440 KB] Expanded until last jump: 59 state(s).
[t=0.658538s, 137440 KB] Reopened until last jump: 0 state(s).
[t=0.658538s, 137440 KB] Evaluated until last jump: 133 state(s).
[t=0.658538s, 137440 KB] Generated until last jump: 177 state(s).
[t=0.658538s, 137440 KB] Number of registered states: 145
[t=0.658538s, 137440 KB] Int hash set load factor: 145/256 = 0.566406
[t=0.658538s, 137440 KB] Int hash set resizes: 8
[t=0.658538s, 137440 KB] Search time: 0.000602s
[t=0.658538s, 137440 KB] Total time: 0.658538s
Solution found.
Remove intermediate file output.sas
search exit code: 0

