INFO     planner time limit: None
INFO     planner memory limit: None

INFO     Running translator.
INFO     translator stdin: None
INFO     translator time limit: None
INFO     translator memory limit: None
INFO     translator command line string: 'D:\Miniforge3\python.exe' -m translate 'C:\Users\user\Desktop\theoria\.worktrees\e7-deadlock-claim\engine-rig\fixtures\data\sokoban_domain.pddl' 'C:\Users\user\Desktop\theoria\.worktrees\e7-deadlock-claim\engine-rig\runs\20260728T150713Z-E7-deadlock-claim-audit\attacks\work\a7\hunt0037\hunt0037.pddl' --sas-file output.sas
Warning! SIGXCPU is not available on your platform. This means that the planner cannot be gracefully terminated when using a time limit, which, however, is probably supported on your platform anyway.
Parsing...
Parsing: [0.000s CPU, 0.002s wall-clock]
Normalizing task... [0.000s CPU, 0.000s wall-clock]
Instantiating...
Generating Datalog program... [0.000s CPU, 0.000s wall-clock]
Normalizing Datalog program...
Normalizing Datalog program: [0.000s CPU, 0.001s wall-clock]
Preparing model... [0.000s CPU, 0.001s wall-clock]
Generated 20 rules.
Computing model... [0.000s CPU, 0.007s wall-clock]
714 relevant atoms
1124 auxiliary atoms
1838 final queue length
2399 total queue pushes
Completing instantiation... [0.016s CPU, 0.003s wall-clock]
Instantiating: [0.016s CPU, 0.012s wall-clock]
Computing fact groups...
Finding invariants...
7 initial candidates
Finding invariants: [0.000s CPU, 0.001s wall-clock]
Checking invariant weight... [0.000s CPU, 0.000s wall-clock]
Instantiating groups... [0.000s CPU, 0.001s wall-clock]
Collecting mutex groups... [0.000s CPU, 0.000s wall-clock]
Choosing groups...
46 uncovered facts
Choosing groups: [0.000s CPU, 0.000s wall-clock]
Building translation key... [0.000s CPU, 0.000s wall-clock]
Computing fact groups: [0.000s CPU, 0.002s wall-clock]
Building STRIPS to SAS dictionary... [0.000s CPU, 0.000s wall-clock]
Building dictionary for full mutex groups... [0.000s CPU, 0.000s wall-clock]
Building mutex information...
Building mutex information: [0.000s CPU, 0.000s wall-clock]
Translating task...
Processing axioms...
Simplifying axioms... [0.000s CPU, 0.000s wall-clock]
Translator axioms removed by simplifying: 0
Processing axioms: [0.000s CPU, 0.000s wall-clock]
Translating task: [0.000s CPU, 0.005s wall-clock]
392 effect conditions simplified
0 implied preconditions added
Detecting unreachable propositions...
0 operators removed
0 axioms removed
3 propositions removed
Detecting unreachable propositions: [0.000s CPU, 0.002s wall-clock]
Reordering and filtering variables...
49 of 49 variables necessary.
46 of 49 mutex groups necessary.
268 of 268 operators necessary.
0 of 0 axiom rules necessary.
Reordering and filtering variables: [0.000s CPU, 0.002s wall-clock]
Translator variables: 49
Translator derived variables: 0
Translator facts: 191
Translator goal facts: 2
Translator mutex groups: 46
Translator total mutex groups size: 145
Translator operators: 268
Translator axioms: 0
Translator task size: 2367
warning: could not determine peak memory
Writing output... [0.016s CPU, 0.012s wall-clock]
Done! [0.031s CPU, 0.038s wall-clock]
translate exit code: 0

INFO     Running search (release).
INFO     search stdin: output.sas
INFO     search time limit: None
INFO     search memory limit: None
INFO     search command line string: 'C:\Users\user\Desktop\theoria\.worktrees\p13\engine-rig\.toolchain\downward\builds\release\bin\downward.exe' --search 'astar(blind())' --internal-plan-file 'C:\Users\user\AppData\Local\Temp\tmpbqwqk548\sas_plan' < output.sas
[t=0.000112s, 1888 KB] Search code revision: 7120aa0
[t=0.000194s, 1888 KB] reading input...
[t=0.002753s, 2432 KB] done reading input!
[t=0.003657s, 2924 KB] Initializing blind search heuristic...
[t=0.003681s, 2928 KB] Building successor generator... done!
[t=0.003788s, 2984 KB] peak memory difference for successor generator creation: 56 KB
[t=0.003791s, 2984 KB] time for successor generation creation: 0.000100s
[t=0.003795s, 2988 KB] Variables: 49
[t=0.003798s, 2988 KB] FactPairs: 191
[t=0.003803s, 2992 KB] Bytes per state: 8
[t=0.003810s, 2992 KB] Conducting best first search with reopening closed nodes, (real) bound = 2147483647
[t=0.003821s, 2992 KB] New best heuristic value for blind: 1
[t=0.003829s, 2992 KB] g=0, 1 evaluated, 0 expanded
[t=0.003835s, 2992 KB] f = 1, 1 evaluated, 0 expanded
[t=0.003852s, 3008 KB] Initial heuristic value for blind: 1
[t=0.003857s, 3008 KB] pruning method: none
[t=0.003865s, 3008 KB] f = 2, 3 evaluated, 1 expanded
[t=0.003873s, 3008 KB] f = 3, 7 evaluated, 3 expanded
[t=0.003886s, 3008 KB] f = 4, 13 evaluated, 7 expanded
[t=0.003899s, 3008 KB] f = 5, 20 evaluated, 13 expanded
[t=0.003915s, 3008 KB] f = 6, 27 evaluated, 20 expanded
[t=0.003932s, 3008 KB] f = 7, 35 evaluated, 27 expanded
[t=0.003950s, 3008 KB] f = 8, 46 evaluated, 35 expanded
[t=0.003978s, 3008 KB] f = 9, 69 evaluated, 46 expanded
[t=0.004017s, 3008 KB] f = 10, 103 evaluated, 69 expanded
[t=0.004086s, 3008 KB] f = 11, 167 evaluated, 103 expanded
[t=0.004175s, 3008 KB] f = 12, 248 evaluated, 167 expanded
[t=0.004306s, 3008 KB] f = 13, 361 evaluated, 248 expanded
[t=0.004453s, 3008 KB] f = 14, 489 evaluated, 361 expanded
[t=0.004662s, 3032 KB] f = 15, 661 evaluated, 489 expanded
[t=0.004883s, 3032 KB] f = 16, 867 evaluated, 661 expanded
[t=0.005210s, 3052 KB] f = 17, 1166 evaluated, 867 expanded
[t=0.005671s, 3052 KB] f = 18, 1494 evaluated, 1166 expanded
[t=0.006342s, 3064 KB] f = 19, 1937 evaluated, 1494 expanded
[t=0.007066s, 3112 KB] f = 20, 2413 evaluated, 1937 expanded
[t=0.007912s, 3112 KB] f = 21, 3033 evaluated, 2413 expanded
[t=0.008789s, 3136 KB] f = 22, 3686 evaluated, 3033 expanded
[t=0.009870s, 3204 KB] f = 23, 4511 evaluated, 3686 expanded
[t=0.010909s, 3336 KB] f = 24, 5354 evaluated, 4511 expanded
[t=0.012017s, 3336 KB] f = 25, 6395 evaluated, 5354 expanded
[t=0.012461s, 3336 KB] New best heuristic value for blind: 0
[t=0.012467s, 3336 KB] g=25, 6759 evaluated, 5723 expanded
[t=0.012472s, 3336 KB] Solution found!
[t=0.012476s, 3336 KB] Actual search time: 0.008618s
move c41 c51 down (1)
move c51 c52 right (1)
move c52 c53 right (1)
move c53 c54 right (1)
move c54 c55 right (1)
push c55 c45 c35 b2 up (1)
move c45 c55 down (1)
move c55 c56 right (1)
move c56 c57 right (1)
move c57 c47 up (1)
move c47 c37 up (1)
move c37 c36 left (1)
push c36 c35 c34 b2 left (1)
push c35 c34 c33 b2 left (1)
move c34 c35 right (1)
move c35 c36 right (1)
move c36 c37 right (1)
move c37 c27 up (1)
move c27 c17 up (1)
push c17 c16 c15 b1 left (1)
push c16 c15 c14 b1 left (1)
push c15 c14 c13 b1 left (1)
push c14 c13 c12 b1 left (1)
move c13 c23 down (1)
push c23 c33 c43 b2 down (1)
[t=0.012481s, 3336 KB] Plan length: 25 step(s).
[t=0.012481s, 3336 KB] Plan cost: 25
[t=0.012481s, 3336 KB] Expanded 5724 state(s).
[t=0.012481s, 3336 KB] Reopened 0 state(s).
[t=0.012481s, 3336 KB] Evaluated 6760 state(s).
[t=0.012481s, 3336 KB] Evaluations: 6760
[t=0.012481s, 3336 KB] Generated 18077 state(s).
[t=0.012481s, 3336 KB] Dead ends: 0 state(s).
[t=0.012481s, 3336 KB] Expanded until last jump: 5354 state(s).
[t=0.012481s, 3336 KB] Reopened until last jump: 0 state(s).
[t=0.012481s, 3336 KB] Evaluated until last jump: 6395 state(s).
[t=0.012481s, 3336 KB] Generated until last jump: 16974 state(s).
[t=0.012481s, 3336 KB] Number of registered states: 6760
[t=0.012481s, 3336 KB] Int hash set load factor: 6760/8192 = 0.825195
[t=0.012481s, 3336 KB] Int hash set resizes: 13
[t=0.012481s, 3336 KB] Search time: 0.008672s
[t=0.012481s, 3336 KB] Total time: 0.012481s
Solution found.
Remove intermediate file output.sas
search exit code: 0

