INFO     planner time limit: None
INFO     planner memory limit: None

INFO     Running translator.
INFO     translator stdin: None
INFO     translator time limit: None
INFO     translator memory limit: None
INFO     translator command line string: 'D:\Miniforge3\python.exe' -m translate 'C:\Users\user\Desktop\theoria\.worktrees\e7-deadlock-claim\engine-rig\fixtures\data\sokoban_domain.pddl' 'C:\Users\user\Desktop\theoria\.worktrees\e7-deadlock-claim\engine-rig\runs\20260728T150713Z-E7-deadlock-claim-audit\attacks\work\a7\hunt0070\hunt0070.pddl' --sas-file output.sas
Warning! SIGXCPU is not available on your platform. This means that the planner cannot be gracefully terminated when using a time limit, which, however, is probably supported on your platform anyway.
Parsing...
Parsing: [0.000s CPU, 0.002s wall-clock]
Normalizing task... [0.000s CPU, 0.000s wall-clock]
Instantiating...
Generating Datalog program... [0.000s CPU, 0.000s wall-clock]
Normalizing Datalog program...
Normalizing Datalog program: [0.000s CPU, 0.001s wall-clock]
Preparing model... [0.000s CPU, 0.000s wall-clock]
Generated 20 rules.
Computing model... [0.000s CPU, 0.005s wall-clock]
614 relevant atoms
862 auxiliary atoms
1476 final queue length
2053 total queue pushes
Completing instantiation... [0.000s CPU, 0.003s wall-clock]
Instantiating: [0.000s CPU, 0.010s wall-clock]
Computing fact groups...
Finding invariants...
7 initial candidates
Finding invariants: [0.000s CPU, 0.001s wall-clock]
Checking invariant weight... [0.000s CPU, 0.000s wall-clock]
Instantiating groups... [0.000s CPU, 0.000s wall-clock]
Collecting mutex groups... [0.000s CPU, 0.000s wall-clock]
Choosing groups...
33 uncovered facts
Choosing groups: [0.000s CPU, 0.000s wall-clock]
Building translation key... [0.000s CPU, 0.000s wall-clock]
Computing fact groups: [0.000s CPU, 0.002s wall-clock]
Building STRIPS to SAS dictionary... [0.000s CPU, 0.000s wall-clock]
Building dictionary for full mutex groups... [0.000s CPU, 0.000s wall-clock]
Building mutex information...
Building mutex information: [0.000s CPU, 0.000s wall-clock]
Translating task...
Processing axioms...
Simplifying axioms... [0.000s CPU, 0.000s wall-clock]
Translator axioms removed by simplifying: 0
Processing axioms: [0.000s CPU, 0.000s wall-clock]
Translating task: [0.016s CPU, 0.006s wall-clock]
416 effect conditions simplified
0 implied preconditions added
Detecting unreachable propositions...
0 operators removed
0 axioms removed
3 propositions removed
Detecting unreachable propositions: [0.000s CPU, 0.002s wall-clock]
Reordering and filtering variables...
36 of 36 variables necessary.
33 of 36 mutex groups necessary.
260 of 260 operators necessary.
0 of 0 axiom rules necessary.
Reordering and filtering variables: [0.000s CPU, 0.002s wall-clock]
Translator variables: 36
Translator derived variables: 0
Translator facts: 165
Translator goal facts: 2
Translator mutex groups: 33
Translator total mutex groups size: 132
Translator operators: 260
Translator axioms: 0
Translator task size: 2363
warning: could not determine peak memory
Writing output... [0.000s CPU, 0.012s wall-clock]
Done! [0.016s CPU, 0.037s wall-clock]
translate exit code: 0

INFO     Running search (release).
INFO     search stdin: output.sas
INFO     search time limit: None
INFO     search memory limit: None
INFO     search command line string: 'C:\Users\user\Desktop\theoria\.worktrees\p13\engine-rig\.toolchain\downward\builds\release\bin\downward.exe' --search 'astar(blind())' --internal-plan-file 'C:\Users\user\AppData\Local\Temp\tmp7phcb679\sas_plan' < output.sas
[t=0.000112s, 1892 KB] Search code revision: 7120aa0
[t=0.000198s, 1904 KB] reading input...
[t=0.002794s, 2320 KB] done reading input!
[t=0.014310s, 2876 KB] Initializing blind search heuristic...
[t=0.014348s, 2876 KB] Building successor generator... done!
[t=0.014466s, 2924 KB] peak memory difference for successor generator creation: 48 KB
[t=0.014468s, 2924 KB] time for successor generation creation: 0.000111s
[t=0.014474s, 2924 KB] Variables: 36
[t=0.014478s, 2924 KB] FactPairs: 165
[t=0.014480s, 2924 KB] Bytes per state: 8
[t=0.014486s, 2924 KB] Conducting best first search with reopening closed nodes, (real) bound = 2147483647
[t=0.014500s, 2936 KB] New best heuristic value for blind: 1
[t=0.014504s, 2936 KB] g=0, 1 evaluated, 0 expanded
[t=0.014506s, 2936 KB] f = 1, 1 evaluated, 0 expanded
[t=0.014511s, 2936 KB] Initial heuristic value for blind: 1
[t=0.014514s, 2936 KB] pruning method: none
[t=0.014526s, 2936 KB] f = 2, 5 evaluated, 1 expanded
[t=0.014540s, 2936 KB] f = 3, 11 evaluated, 5 expanded
[t=0.014553s, 2936 KB] f = 4, 18 evaluated, 11 expanded
[t=0.014567s, 2936 KB] f = 5, 25 evaluated, 18 expanded
[t=0.014584s, 2936 KB] f = 6, 37 evaluated, 25 expanded
[t=0.014634s, 2936 KB] f = 7, 58 evaluated, 37 expanded
[t=0.014694s, 2936 KB] f = 8, 94 evaluated, 58 expanded
[t=0.014794s, 2988 KB] f = 9, 155 evaluated, 94 expanded
[t=0.014920s, 2988 KB] f = 10, 259 evaluated, 155 expanded
[t=0.015113s, 2988 KB] f = 11, 407 evaluated, 259 expanded
[t=0.015381s, 2988 KB] f = 12, 639 evaluated, 407 expanded
[t=0.015791s, 2988 KB] f = 13, 978 evaluated, 639 expanded
[t=0.016320s, 3024 KB] f = 14, 1516 evaluated, 978 expanded
[t=0.017064s, 3072 KB] f = 15, 2227 evaluated, 1516 expanded
[t=0.018045s, 3096 KB] f = 16, 3235 evaluated, 2227 expanded
[t=0.019595s, 3176 KB] f = 17, 4442 evaluated, 3235 expanded
[t=0.021104s, 3308 KB] f = 18, 6050 evaluated, 4442 expanded
[t=0.023307s, 3460 KB] f = 19, 7838 evaluated, 6050 expanded
[t=0.025597s, 3728 KB] f = 20, 10036 evaluated, 7838 expanded
[t=0.027630s, 3728 KB] New best heuristic value for blind: 0
[t=0.027640s, 3728 KB] g=20, 11948 evaluated, 9587 expanded
[t=0.027643s, 3728 KB] Solution found!
[t=0.027648s, 3728 KB] Actual search time: 0.013133s
move c53 c43 up (1)
move c43 c33 up (1)
move c33 c32 left (1)
push c32 c22 c12 b1 up (1)
move c22 c21 left (1)
move c21 c11 up (1)
push c11 c12 c13 b1 right (1)
push c12 c13 c14 b1 right (1)
push c13 c14 c15 b1 right (1)
move c14 c24 down (1)
move c24 c34 down (1)
move c34 c35 right (1)
move c35 c36 right (1)
move c36 c26 up (1)
push c26 c25 c24 b2 left (1)
push c25 c24 c23 b2 left (1)
push c24 c23 c22 b2 left (1)
move c23 c13 up (1)
move c13 c12 left (1)
push c12 c22 c32 b2 down (1)
[t=0.027651s, 3728 KB] Plan length: 20 step(s).
[t=0.027651s, 3728 KB] Plan cost: 20
[t=0.027651s, 3728 KB] Expanded 9588 state(s).
[t=0.027651s, 3728 KB] Reopened 0 state(s).
[t=0.027651s, 3728 KB] Evaluated 11948 state(s).
[t=0.027651s, 3728 KB] Evaluations: 11948
[t=0.027651s, 3728 KB] Generated 30572 state(s).
[t=0.027651s, 3728 KB] Dead ends: 0 state(s).
[t=0.027651s, 3728 KB] Expanded until last jump: 7838 state(s).
[t=0.027651s, 3728 KB] Reopened until last jump: 0 state(s).
[t=0.027651s, 3728 KB] Evaluated until last jump: 10036 state(s).
[t=0.027651s, 3728 KB] Generated until last jump: 25154 state(s).
[t=0.027651s, 3728 KB] Number of registered states: 11948
[t=0.027651s, 3728 KB] Int hash set load factor: 11948/16384 = 0.729248
[t=0.027651s, 3728 KB] Int hash set resizes: 14
[t=0.027651s, 3728 KB] Search time: 0.013166s
[t=0.027651s, 3728 KB] Total time: 0.027651s
Solution found.
Remove intermediate file output.sas
search exit code: 0

