INFO     planner time limit: None
INFO     planner memory limit: None

INFO     Running translator.
INFO     translator stdin: None
INFO     translator time limit: None
INFO     translator memory limit: None
INFO     translator command line string: 'D:\Miniforge3\python.exe' -m translate 'C:\Users\user\Desktop\theoria\.worktrees\e7-deadlock-claim\engine-rig\runs\20260728T150713Z-E7-deadlock-claim-audit\attacks\work\a7\hunt0070\indexed\sokoban_guarded_indexed_domain.pddl' 'C:\Users\user\Desktop\theoria\.worktrees\e7-deadlock-claim\engine-rig\runs\20260728T150713Z-E7-deadlock-claim-audit\attacks\work\a7\hunt0070\indexed\hunt0070_guarded_indexed.pddl' --sas-file output.sas
Warning! SIGXCPU is not available on your platform. This means that the planner cannot be gracefully terminated when using a time limit, which, however, is probably supported on your platform anyway.
Parsing...
Parsing: [0.000s CPU, 0.003s wall-clock]
Normalizing task... [0.000s CPU, 0.000s wall-clock]
Instantiating...
Generating Datalog program... [0.000s CPU, 0.000s wall-clock]
Normalizing Datalog program...
Normalizing Datalog program: [0.000s CPU, 0.002s wall-clock]
Preparing model... [0.000s CPU, 0.001s wall-clock]
Generated 56 rules.
Computing model... [0.016s CPU, 0.015s wall-clock]
724 relevant atoms
4190 auxiliary atoms
4914 final queue length
5491 total queue pushes
Completing instantiation... [0.000s CPU, 0.004s wall-clock]
Instantiating: [0.016s CPU, 0.023s wall-clock]
Computing fact groups...
Finding invariants...
7 initial candidates
Finding invariants: [0.000s CPU, 0.002s wall-clock]
Checking invariant weight... [0.000s CPU, 0.000s wall-clock]
Instantiating groups... [0.000s CPU, 0.001s wall-clock]
Collecting mutex groups... [0.000s CPU, 0.000s wall-clock]
Choosing groups...
33 uncovered facts
Choosing groups: [0.000s CPU, 0.000s wall-clock]
Building translation key... [0.000s CPU, 0.000s wall-clock]
Computing fact groups: [0.000s CPU, 0.003s wall-clock]
Building STRIPS to SAS dictionary... [0.000s CPU, 0.000s wall-clock]
Building dictionary for full mutex groups... [0.000s CPU, 0.000s wall-clock]
Building mutex information...
Building mutex information: [0.000s CPU, 0.000s wall-clock]
Translating task...
Processing axioms...
Simplifying axioms... [0.000s CPU, 0.000s wall-clock]
Translator axioms removed by simplifying: 0
Processing axioms: [0.000s CPU, 0.000s wall-clock]
Translating task: [0.031s CPU, 0.041s wall-clock]
3780 effect conditions simplified
0 implied preconditions added
Detecting unreachable propositions...
378 operators removed
0 axioms removed
15 propositions removed
Detecting unreachable propositions: [0.016s CPU, 0.018s wall-clock]
Reordering and filtering variables...
36 of 36 variables necessary.
33 of 36 mutex groups necessary.
1564 of 1564 operators necessary.
0 of 0 axiom rules necessary.
Reordering and filtering variables: [0.016s CPU, 0.009s wall-clock]
Translator variables: 36
Translator derived variables: 0
Translator facts: 153
Translator goal facts: 2
Translator mutex groups: 33
Translator total mutex groups size: 120
Translator operators: 1564
Translator axioms: 0
Translator task size: 15455
warning: could not determine peak memory
Writing output... [0.016s CPU, 0.028s wall-clock]
Done! [0.094s CPU, 0.126s wall-clock]
translate exit code: 0

INFO     Running search (release).
INFO     search stdin: output.sas
INFO     search time limit: None
INFO     search memory limit: None
INFO     search command line string: 'C:\Users\user\Desktop\theoria\.worktrees\p13\engine-rig\.toolchain\downward\builds\release\bin\downward.exe' --search 'astar(blind())' --internal-plan-file 'C:\Users\user\AppData\Local\Temp\tmpe9kzqzd_\sas_plan' < output.sas
[t=0.000133s, 1968 KB] Search code revision: 7120aa0
[t=0.000803s, 1980 KB] reading input...
[t=0.016186s, 2992 KB] done reading input!
[t=0.047518s, 3420 KB] Initializing blind search heuristic...
[t=0.047581s, 3420 KB] Building successor generator... done!
[t=0.048297s, 3668 KB] peak memory difference for successor generator creation: 248 KB
[t=0.048304s, 3668 KB] time for successor generation creation: 0.000685s
[t=0.048316s, 3668 KB] Variables: 36
[t=0.048319s, 3668 KB] FactPairs: 153
[t=0.048321s, 3668 KB] Bytes per state: 8
[t=0.048330s, 3668 KB] Conducting best first search with reopening closed nodes, (real) bound = 2147483647
[t=0.048345s, 3668 KB] New best heuristic value for blind: 1
[t=0.048349s, 3668 KB] g=0, 1 evaluated, 0 expanded
[t=0.048352s, 3668 KB] f = 1, 1 evaluated, 0 expanded
[t=0.048358s, 3668 KB] Initial heuristic value for blind: 1
[t=0.048362s, 3668 KB] pruning method: none
[t=0.048374s, 3668 KB] f = 2, 5 evaluated, 1 expanded
[t=0.048387s, 3668 KB] f = 3, 11 evaluated, 5 expanded
[t=0.048400s, 3668 KB] f = 4, 18 evaluated, 11 expanded
[t=0.048413s, 3668 KB] f = 5, 25 evaluated, 18 expanded
[t=0.048431s, 3668 KB] f = 6, 37 evaluated, 25 expanded
[t=0.048457s, 3668 KB] f = 7, 58 evaluated, 37 expanded
[t=0.048501s, 3668 KB] f = 8, 92 evaluated, 58 expanded
[t=0.048562s, 3668 KB] f = 9, 148 evaluated, 92 expanded
[t=0.048648s, 3668 KB] f = 10, 244 evaluated, 148 expanded
[t=0.048792s, 3668 KB] f = 11, 378 evaluated, 244 expanded
[t=0.049003s, 3668 KB] f = 12, 582 evaluated, 378 expanded
[t=0.049270s, 3668 KB] f = 13, 865 evaluated, 582 expanded
[t=0.049716s, 3688 KB] f = 14, 1305 evaluated, 865 expanded
[t=0.050295s, 3700 KB] f = 15, 1867 evaluated, 1305 expanded
[t=0.051178s, 3760 KB] f = 16, 2630 evaluated, 1867 expanded
[t=0.052126s, 3776 KB] f = 17, 3484 evaluated, 2630 expanded
[t=0.053485s, 3856 KB] f = 18, 4595 evaluated, 3484 expanded
[t=0.055190s, 3988 KB] f = 19, 5842 evaluated, 4595 expanded
[t=0.057067s, 4124 KB] f = 20, 7371 evaluated, 5842 expanded
[t=0.058250s, 4124 KB] New best heuristic value for blind: 0
[t=0.058257s, 4124 KB] g=20, 8387 evaluated, 6775 expanded
[t=0.058261s, 4124 KB] Solution found!
[t=0.058267s, 4124 KB] Actual search time: 0.009905s
move c53 c43 up (1)
move c43 c33 up (1)
move c33 c32 left (1)
push-pair1 c32 c22 c12 b1 up b2 c13 (1)
move c22 c21 left (1)
move c21 c11 up (1)
push-pair2 c11 c12 c13 b1 right b2 c12 b2 c14 (1)
push-pair2 c12 c13 c14 b1 right b2 c13 b2 c15 (1)
push-pair1 c13 c14 c15 b1 right b2 c14 (1)
move c14 c24 down (1)
move c24 c34 down (1)
move c34 c35 right (1)
move c35 c36 right (1)
move c36 c26 up (1)
push-pair0 c26 c25 c24 b2 left (1)
push-pair0 c25 c24 c23 b2 left (1)
push-pair0 c24 c23 c22 b2 left (1)
move c23 c13 up (1)
move c13 c12 left (1)
push-pair0 c12 c22 c32 b2 down (1)
[t=0.058272s, 4124 KB] Plan length: 20 step(s).
[t=0.058272s, 4124 KB] Plan cost: 20
[t=0.058272s, 4124 KB] Expanded 6776 state(s).
[t=0.058272s, 4124 KB] Reopened 0 state(s).
[t=0.058272s, 4124 KB] Evaluated 8387 state(s).
[t=0.058272s, 4124 KB] Evaluations: 8387
[t=0.058272s, 4124 KB] Generated 21453 state(s).
[t=0.058272s, 4124 KB] Dead ends: 0 state(s).
[t=0.058272s, 4124 KB] Expanded until last jump: 5842 state(s).
[t=0.058272s, 4124 KB] Reopened until last jump: 0 state(s).
[t=0.058272s, 4124 KB] Evaluated until last jump: 7371 state(s).
[t=0.058272s, 4124 KB] Generated until last jump: 18591 state(s).
[t=0.058272s, 4124 KB] Number of registered states: 8387
[t=0.058272s, 4124 KB] Int hash set load factor: 8387/16384 = 0.511902
[t=0.058272s, 4124 KB] Int hash set resizes: 14
[t=0.058272s, 4124 KB] Search time: 0.009943s
[t=0.058272s, 4124 KB] Total time: 0.058272s
Solution found.
Remove intermediate file output.sas
search exit code: 0

