INFO     planner time limit: None
INFO     planner memory limit: None

INFO     Running translator.
INFO     translator stdin: None
INFO     translator time limit: None
INFO     translator memory limit: None
INFO     translator command line string: 'D:\Miniforge3\python.exe' -m translate 'C:\Users\user\Desktop\theoria\.worktrees\e7-deadlock-claim\engine-rig\runs\20260728T150713Z-E7-deadlock-claim-audit\attacks\work\a7\hunt0037\singleton\sokoban_guarded_singleton_domain.pddl' 'C:\Users\user\Desktop\theoria\.worktrees\e7-deadlock-claim\engine-rig\runs\20260728T150713Z-E7-deadlock-claim-audit\attacks\work\a7\hunt0037\singleton\hunt0037_guarded_singleton.pddl' --sas-file output.sas
Warning! SIGXCPU is not available on your platform. This means that the planner cannot be gracefully terminated when using a time limit, which, however, is probably supported on your platform anyway.
Parsing...
Parsing: [0.000s CPU, 0.003s wall-clock]
Normalizing task... [0.000s CPU, 0.000s wall-clock]
Instantiating...
Generating Datalog program... [0.000s CPU, 0.000s wall-clock]
Normalizing Datalog program...
Normalizing Datalog program: [0.000s CPU, 0.001s wall-clock]
Preparing model... [0.000s CPU, 0.001s wall-clock]
Generated 20 rules.
Computing model... [0.000s CPU, 0.009s wall-clock]
720 relevant atoms
1124 auxiliary atoms
1844 final queue length
2405 total queue pushes
Completing instantiation... [0.016s CPU, 0.004s wall-clock]
Instantiating: [0.016s CPU, 0.015s wall-clock]
Computing fact groups...
Finding invariants...
7 initial candidates
Finding invariants: [0.000s CPU, 0.001s wall-clock]
Checking invariant weight... [0.000s CPU, 0.000s wall-clock]
Instantiating groups... [0.000s CPU, 0.001s wall-clock]
Collecting mutex groups... [0.000s CPU, 0.000s wall-clock]
Choosing groups...
46 uncovered facts
Choosing groups: [0.000s CPU, 0.000s wall-clock]
Building translation key... [0.000s CPU, 0.000s wall-clock]
Computing fact groups: [0.000s CPU, 0.003s wall-clock]
Building STRIPS to SAS dictionary... [0.000s CPU, 0.000s wall-clock]
Building dictionary for full mutex groups... [0.000s CPU, 0.000s wall-clock]
Building mutex information...
Building mutex information: [0.000s CPU, 0.000s wall-clock]
Translating task...
Processing axioms...
Simplifying axioms... [0.000s CPU, 0.000s wall-clock]
Translator axioms removed by simplifying: 0
Processing axioms: [0.000s CPU, 0.000s wall-clock]
Translating task: [0.000s CPU, 0.005s wall-clock]
372 effect conditions simplified
0 implied preconditions added
Detecting unreachable propositions...
0 operators removed
0 axioms removed
9 propositions removed
Detecting unreachable propositions: [0.000s CPU, 0.002s wall-clock]
Reordering and filtering variables...
49 of 49 variables necessary.
46 of 49 mutex groups necessary.
258 of 258 operators necessary.
0 of 0 axiom rules necessary.
Reordering and filtering variables: [0.000s CPU, 0.002s wall-clock]
Translator variables: 49
Translator derived variables: 0
Translator facts: 185
Translator goal facts: 2
Translator mutex groups: 46
Translator total mutex groups size: 139
Translator operators: 258
Translator axioms: 0
Translator task size: 2265
warning: could not determine peak memory
Writing output... [0.000s CPU, 0.013s wall-clock]
Done! [0.031s CPU, 0.043s wall-clock]
translate exit code: 0

INFO     Running search (release).
INFO     search stdin: output.sas
INFO     search time limit: None
INFO     search memory limit: None
INFO     search command line string: 'C:\Users\user\Desktop\theoria\.worktrees\p13\engine-rig\.toolchain\downward\builds\release\bin\downward.exe' --search 'astar(blind())' --internal-plan-file 'C:\Users\user\AppData\Local\Temp\tmphafqrjhq\sas_plan' < output.sas
[t=0.000111s, 1844 KB] Search code revision: 7120aa0
[t=0.000189s, 1844 KB] reading input...
[t=0.002687s, 2304 KB] done reading input!
[t=0.003632s, 2776 KB] Initializing blind search heuristic...
[t=0.003659s, 2776 KB] Building successor generator... done!
[t=0.003786s, 2828 KB] peak memory difference for successor generator creation: 52 KB
[t=0.003790s, 2828 KB] time for successor generation creation: 0.000118s
[t=0.003796s, 2828 KB] Variables: 49
[t=0.003801s, 2828 KB] FactPairs: 185
[t=0.003803s, 2828 KB] Bytes per state: 8
[t=0.003811s, 2828 KB] Conducting best first search with reopening closed nodes, (real) bound = 2147483647
[t=0.003822s, 2828 KB] New best heuristic value for blind: 1
[t=0.003825s, 2828 KB] g=0, 1 evaluated, 0 expanded
[t=0.003828s, 2828 KB] f = 1, 1 evaluated, 0 expanded
[t=0.003837s, 2840 KB] Initial heuristic value for blind: 1
[t=0.003841s, 2840 KB] pruning method: none
[t=0.003850s, 2840 KB] f = 2, 3 evaluated, 1 expanded
[t=0.003859s, 2840 KB] f = 3, 7 evaluated, 3 expanded
[t=0.003870s, 2840 KB] f = 4, 13 evaluated, 7 expanded
[t=0.003885s, 2840 KB] f = 5, 20 evaluated, 13 expanded
[t=0.003900s, 2840 KB] f = 6, 27 evaluated, 20 expanded
[t=0.003917s, 2840 KB] f = 7, 35 evaluated, 27 expanded
[t=0.003934s, 2840 KB] f = 8, 46 evaluated, 35 expanded
[t=0.003962s, 2840 KB] f = 9, 68 evaluated, 46 expanded
[t=0.004003s, 2868 KB] f = 10, 101 evaluated, 68 expanded
[t=0.004081s, 2924 KB] f = 11, 162 evaluated, 101 expanded
[t=0.004270s, 2932 KB] f = 12, 239 evaluated, 162 expanded
[t=0.004418s, 2932 KB] f = 13, 340 evaluated, 239 expanded
[t=0.004561s, 2944 KB] f = 14, 452 evaluated, 340 expanded
[t=0.004765s, 2968 KB] f = 15, 592 evaluated, 452 expanded
[t=0.004989s, 2980 KB] f = 16, 757 evaluated, 592 expanded
[t=0.005267s, 2980 KB] f = 17, 979 evaluated, 757 expanded
[t=0.005611s, 3000 KB] f = 18, 1215 evaluated, 979 expanded
[t=0.005961s, 3000 KB] f = 19, 1528 evaluated, 1215 expanded
[t=0.006459s, 3052 KB] f = 20, 1865 evaluated, 1528 expanded
[t=0.006935s, 3064 KB] f = 21, 2285 evaluated, 1865 expanded
[t=0.007469s, 3076 KB] f = 22, 2724 evaluated, 2285 expanded
[t=0.008058s, 3088 KB] f = 23, 3265 evaluated, 2724 expanded
[t=0.008749s, 3100 KB] f = 24, 3848 evaluated, 3265 expanded
[t=0.009672s, 3168 KB] f = 25, 4559 evaluated, 3848 expanded
[t=0.010544s, 3300 KB] New best heuristic value for blind: 0
[t=0.010552s, 3300 KB] g=25, 5240 evaluated, 4555 expanded
[t=0.010557s, 3300 KB] Solution found!
[t=0.010561s, 3300 KB] Actual search time: 0.006718s
move c41 c51 down (1)
move c51 c52 right (1)
move c52 c53 right (1)
move c53 c54 right (1)
move c54 c55 right (1)
push c55 c45 c35 b2 up (1)
move c45 c55 down (1)
move c55 c56 right (1)
move c56 c57 right (1)
move c57 c47 up (1)
move c47 c37 up (1)
move c37 c36 left (1)
push c36 c35 c34 b2 left (1)
push c35 c34 c33 b2 left (1)
move c34 c35 right (1)
move c35 c36 right (1)
move c36 c37 right (1)
move c37 c27 up (1)
move c27 c17 up (1)
push c17 c16 c15 b1 left (1)
push c16 c15 c14 b1 left (1)
push c15 c14 c13 b1 left (1)
push c14 c13 c12 b1 left (1)
move c13 c23 down (1)
push c23 c33 c43 b2 down (1)
[t=0.010564s, 3300 KB] Plan length: 25 step(s).
[t=0.010564s, 3300 KB] Plan cost: 25
[t=0.010564s, 3300 KB] Expanded 4556 state(s).
[t=0.010564s, 3300 KB] Reopened 0 state(s).
[t=0.010564s, 3300 KB] Evaluated 5241 state(s).
[t=0.010564s, 3300 KB] Evaluations: 5241
[t=0.010564s, 3300 KB] Generated 14287 state(s).
[t=0.010564s, 3300 KB] Dead ends: 0 state(s).
[t=0.010564s, 3300 KB] Expanded until last jump: 3848 state(s).
[t=0.010564s, 3300 KB] Reopened until last jump: 0 state(s).
[t=0.010564s, 3300 KB] Evaluated until last jump: 4559 state(s).
[t=0.010564s, 3300 KB] Generated until last jump: 12150 state(s).
[t=0.010564s, 3300 KB] Number of registered states: 5241
[t=0.010564s, 3300 KB] Int hash set load factor: 5241/8192 = 0.639771
[t=0.010564s, 3300 KB] Int hash set resizes: 13
[t=0.010564s, 3300 KB] Search time: 0.006755s
[t=0.010564s, 3300 KB] Total time: 0.010564s
Solution found.
Remove intermediate file output.sas
search exit code: 0

