INFO     planner time limit: None
INFO     planner memory limit: None

INFO     Running translator.
INFO     translator stdin: None
INFO     translator time limit: None
INFO     translator memory limit: None
INFO     translator command line string: 'D:\Miniforge3\python.exe' -m translate 'C:\Users\user\Desktop\theoria\.worktrees\e7-deadlock-claim\engine-rig\fixtures\data\sokoban_domain.pddl' 'C:\Users\user\Desktop\theoria\.worktrees\e7-deadlock-claim\engine-rig\runs\20260728T150713Z-E7-deadlock-claim-audit\attacks\work\a7\hunt0021\hunt0021.pddl' --sas-file output.sas
Warning! SIGXCPU is not available on your platform. This means that the planner cannot be gracefully terminated when using a time limit, which, however, is probably supported on your platform anyway.
Parsing...
Parsing: [0.000s CPU, 0.003s wall-clock]
Normalizing task... [0.000s CPU, 0.000s wall-clock]
Instantiating...
Generating Datalog program... [0.016s CPU, 0.000s wall-clock]
Normalizing Datalog program...
Normalizing Datalog program: [0.000s CPU, 0.001s wall-clock]
Preparing model... [0.000s CPU, 0.000s wall-clock]
Generated 20 rules.
Computing model... [0.000s CPU, 0.005s wall-clock]
356 relevant atoms
502 auxiliary atoms
858 final queue length
1133 total queue pushes
Completing instantiation... [0.000s CPU, 0.002s wall-clock]
Instantiating: [0.016s CPU, 0.008s wall-clock]
Computing fact groups...
Finding invariants...
7 initial candidates
Finding invariants: [0.000s CPU, 0.001s wall-clock]
Checking invariant weight... [0.000s CPU, 0.000s wall-clock]
Instantiating groups... [0.000s CPU, 0.000s wall-clock]
Collecting mutex groups... [0.000s CPU, 0.000s wall-clock]
Choosing groups...
21 uncovered facts
Choosing groups: [0.000s CPU, 0.000s wall-clock]
Building translation key... [0.000s CPU, 0.000s wall-clock]
Computing fact groups: [0.000s CPU, 0.001s wall-clock]
Building STRIPS to SAS dictionary... [0.000s CPU, 0.000s wall-clock]
Building dictionary for full mutex groups... [0.000s CPU, 0.000s wall-clock]
Building mutex information...
Building mutex information: [0.000s CPU, 0.000s wall-clock]
Translating task...
Processing axioms...
Simplifying axioms... [0.000s CPU, 0.000s wall-clock]
Translator axioms removed by simplifying: 0
Processing axioms: [0.000s CPU, 0.000s wall-clock]
Translating task: [0.000s CPU, 0.002s wall-clock]
204 effect conditions simplified
0 implied preconditions added
Detecting unreachable propositions...
0 operators removed
0 axioms removed
3 propositions removed
Detecting unreachable propositions: [0.000s CPU, 0.002s wall-clock]
Reordering and filtering variables...
24 of 24 variables necessary.
21 of 24 mutex groups necessary.
132 of 132 operators necessary.
0 of 0 axiom rules necessary.
Reordering and filtering variables: [0.000s CPU, 0.001s wall-clock]
Translator variables: 24
Translator derived variables: 0
Translator facts: 103
Translator goal facts: 2
Translator mutex groups: 21
Translator total mutex groups size: 82
Translator operators: 132
Translator axioms: 0
Translator task size: 1219
warning: could not determine peak memory
Writing output... [0.016s CPU, 0.011s wall-clock]
Done! [0.031s CPU, 0.029s wall-clock]
translate exit code: 0

INFO     Running search (release).
INFO     search stdin: output.sas
INFO     search time limit: None
INFO     search memory limit: None
INFO     search command line string: 'C:\Users\user\Desktop\theoria\.worktrees\p13\engine-rig\.toolchain\downward\builds\release\bin\downward.exe' --search 'astar(blind())' --internal-plan-file 'C:\Users\user\AppData\Local\Temp\tmpm3yxqhym\sas_plan' < output.sas
[t=0.000118s, 1924 KB] Search code revision: 7120aa0
[t=0.000201s, 1924 KB] reading input...
[t=0.001576s, 2224 KB] done reading input!
[t=0.002434s, 2676 KB] Initializing blind search heuristic...
[t=0.002458s, 2676 KB] Building successor generator... done!
[t=0.002516s, 2696 KB] peak memory difference for successor generator creation: 20 KB
[t=0.002519s, 2696 KB] time for successor generation creation: 0.000050s
[t=0.002524s, 2696 KB] Variables: 24
[t=0.002527s, 2696 KB] FactPairs: 103
[t=0.002530s, 2696 KB] Bytes per state: 8
[t=0.002537s, 2696 KB] Conducting best first search with reopening closed nodes, (real) bound = 2147483647
[t=0.002552s, 2708 KB] New best heuristic value for blind: 1
[t=0.002589s, 2708 KB] g=0, 1 evaluated, 0 expanded
[t=0.002592s, 2708 KB] f = 1, 1 evaluated, 0 expanded
[t=0.002604s, 2720 KB] Initial heuristic value for blind: 1
[t=0.002608s, 2720 KB] pruning method: none
[t=0.002616s, 2720 KB] f = 2, 4 evaluated, 1 expanded
[t=0.002625s, 2720 KB] f = 3, 9 evaluated, 4 expanded
[t=0.002634s, 2720 KB] f = 4, 14 evaluated, 9 expanded
[t=0.002650s, 2732 KB] f = 5, 20 evaluated, 14 expanded
[t=0.002661s, 2732 KB] f = 6, 27 evaluated, 20 expanded
[t=0.002675s, 2732 KB] f = 7, 35 evaluated, 27 expanded
[t=0.002689s, 2732 KB] f = 8, 44 evaluated, 35 expanded
[t=0.002705s, 2732 KB] f = 9, 57 evaluated, 44 expanded
[t=0.002728s, 2732 KB] f = 10, 74 evaluated, 57 expanded
[t=0.002752s, 2732 KB] f = 11, 99 evaluated, 74 expanded
[t=0.002792s, 2732 KB] f = 12, 134 evaluated, 99 expanded
[t=0.002838s, 2760 KB] f = 13, 183 evaluated, 134 expanded
[t=0.002909s, 2796 KB] f = 14, 246 evaluated, 183 expanded
[t=0.003021s, 2812 KB] f = 15, 327 evaluated, 246 expanded
[t=0.003113s, 2812 KB] f = 16, 415 evaluated, 327 expanded
[t=0.003252s, 2824 KB] f = 17, 534 evaluated, 415 expanded
[t=0.003382s, 2824 KB] f = 18, 663 evaluated, 534 expanded
[t=0.003540s, 2876 KB] f = 19, 824 evaluated, 663 expanded
[t=0.003768s, 2904 KB] f = 20, 1005 evaluated, 824 expanded
[t=0.004043s, 2928 KB] f = 21, 1244 evaluated, 1005 expanded
[t=0.004328s, 2928 KB] f = 22, 1507 evaluated, 1244 expanded
[t=0.004638s, 2944 KB] f = 23, 1832 evaluated, 1507 expanded
[t=0.005120s, 3004 KB] f = 24, 2148 evaluated, 1832 expanded
[t=0.005564s, 3004 KB] f = 25, 2504 evaluated, 2148 expanded
[t=0.006027s, 3020 KB] f = 26, 2849 evaluated, 2504 expanded
[t=0.006466s, 3032 KB] f = 27, 3186 evaluated, 2849 expanded
[t=0.006881s, 3032 KB] f = 28, 3483 evaluated, 3186 expanded
[t=0.007418s, 3112 KB] f = 29, 3790 evaluated, 3483 expanded
[t=0.007792s, 3112 KB] f = 30, 4045 evaluated, 3790 expanded
[t=0.008117s, 3112 KB] f = 31, 4290 evaluated, 4045 expanded
[t=0.008424s, 3112 KB] f = 32, 4499 evaluated, 4290 expanded
[t=0.008695s, 3244 KB] f = 33, 4725 evaluated, 4499 expanded
[t=0.009096s, 3244 KB] f = 34, 4919 evaluated, 4725 expanded
[t=0.009368s, 3244 KB] f = 35, 5116 evaluated, 4919 expanded
[t=0.009623s, 3244 KB] f = 36, 5308 evaluated, 5116 expanded
[t=0.009891s, 3244 KB] f = 37, 5530 evaluated, 5308 expanded
[t=0.010167s, 3244 KB] f = 38, 5730 evaluated, 5530 expanded
[t=0.010438s, 3244 KB] f = 39, 5944 evaluated, 5730 expanded
[t=0.010703s, 3244 KB] f = 40, 6114 evaluated, 5944 expanded
[t=0.010930s, 3244 KB] f = 41, 6278 evaluated, 6114 expanded
[t=0.011129s, 3244 KB] f = 42, 6401 evaluated, 6278 expanded
[t=0.011300s, 3244 KB] f = 43, 6530 evaluated, 6401 expanded
[t=0.011457s, 3244 KB] f = 44, 6632 evaluated, 6530 expanded
[t=0.011587s, 3244 KB] f = 45, 6723 evaluated, 6632 expanded
[t=0.011616s, 3244 KB] New best heuristic value for blind: 0
[t=0.011621s, 3244 KB] g=45, 6733 evaluated, 6653 expanded
[t=0.011627s, 3244 KB] Solution found!
[t=0.011636s, 3244 KB] Actual search time: 0.009028s
move c22 c12 up (1)
move c12 c13 right (1)
move c13 c14 right (1)
move c14 c15 right (1)
move c15 c25 down (1)
move c25 c35 down (1)
push c35 c34 c33 b2 left (1)
push c34 c33 c32 b2 left (1)
move c33 c43 down (1)
move c43 c42 left (1)
move c42 c41 left (1)
move c41 c31 up (1)
move c31 c21 up (1)
move c21 c22 right (1)
push c22 c32 c42 b2 down (1)
move c32 c31 left (1)
move c31 c41 down (1)
push c41 c42 c43 b2 right (1)
push c42 c43 c44 b2 right (1)
move c43 c42 left (1)
move c42 c32 up (1)
move c32 c22 up (1)
move c22 c12 up (1)
move c12 c13 right (1)
move c13 c14 right (1)
push c14 c24 c34 b1 down (1)
move c24 c25 right (1)
move c25 c35 down (1)
push c35 c34 c33 b1 left (1)
push c34 c44 c54 b2 down (1)
move c44 c34 up (1)
push c34 c33 c32 b1 left (1)
move c33 c43 down (1)
move c43 c42 left (1)
move c42 c41 left (1)
move c41 c31 up (1)
move c31 c21 up (1)
move c21 c22 right (1)
push c22 c32 c42 b1 down (1)
move c32 c31 left (1)
move c31 c41 down (1)
push c41 c42 c43 b1 right (1)
move c42 c32 up (1)
move c32 c33 right (1)
push c33 c43 c53 b1 down (1)
[t=0.011643s, 3244 KB] Plan length: 45 step(s).
[t=0.011643s, 3244 KB] Plan cost: 45
[t=0.011643s, 3244 KB] Expanded 6654 state(s).
[t=0.011643s, 3244 KB] Reopened 0 state(s).
[t=0.011643s, 3244 KB] Evaluated 6734 state(s).
[t=0.011643s, 3244 KB] Evaluations: 6734
[t=0.011643s, 3244 KB] Generated 18295 state(s).
[t=0.011643s, 3244 KB] Dead ends: 0 state(s).
[t=0.011643s, 3244 KB] Expanded until last jump: 6632 state(s).
[t=0.011643s, 3244 KB] Reopened until last jump: 0 state(s).
[t=0.011643s, 3244 KB] Evaluated until last jump: 6723 state(s).
[t=0.011643s, 3244 KB] Generated until last jump: 18246 state(s).
[t=0.011643s, 3244 KB] Number of registered states: 6734
[t=0.011643s, 3244 KB] Int hash set load factor: 6734/8192 = 0.822021
[t=0.011643s, 3244 KB] Int hash set resizes: 13
[t=0.011643s, 3244 KB] Search time: 0.009106s
[t=0.011643s, 3244 KB] Total time: 0.011643s
Solution found.
Remove intermediate file output.sas
search exit code: 0

