INFO     planner time limit: None
INFO     planner memory limit: None

INFO     Running translator.
INFO     translator stdin: None
INFO     translator time limit: None
INFO     translator memory limit: None
INFO     translator command line string: 'D:\Miniforge3\python.exe' -m translate 'C:\Users\user\Desktop\theoria\.worktrees\e7-deadlock-claim\engine-rig\runs\20260728T150713Z-E7-deadlock-claim-audit\attacks\work\a7\hunt0037\indexed\sokoban_guarded_indexed_domain.pddl' 'C:\Users\user\Desktop\theoria\.worktrees\e7-deadlock-claim\engine-rig\runs\20260728T150713Z-E7-deadlock-claim-audit\attacks\work\a7\hunt0037\indexed\hunt0037_guarded_indexed.pddl' --sas-file output.sas
Warning! SIGXCPU is not available on your platform. This means that the planner cannot be gracefully terminated when using a time limit, which, however, is probably supported on your platform anyway.
Parsing...
Parsing: [0.000s CPU, 0.003s wall-clock]
Normalizing task... [0.000s CPU, 0.000s wall-clock]
Instantiating...
Generating Datalog program... [0.000s CPU, 0.000s wall-clock]
Normalizing Datalog program...
Normalizing Datalog program: [0.000s CPU, 0.002s wall-clock]
Preparing model... [0.000s CPU, 0.001s wall-clock]
Generated 56 rules.
Computing model... [0.016s CPU, 0.017s wall-clock]
828 relevant atoms
4844 auxiliary atoms
5672 final queue length
6233 total queue pushes
Completing instantiation... [0.016s CPU, 0.005s wall-clock]
Instantiating: [0.031s CPU, 0.025s wall-clock]
Computing fact groups...
Finding invariants...
7 initial candidates
Finding invariants: [0.000s CPU, 0.002s wall-clock]
Checking invariant weight... [0.000s CPU, 0.000s wall-clock]
Instantiating groups... [0.000s CPU, 0.001s wall-clock]
Collecting mutex groups... [0.000s CPU, 0.000s wall-clock]
Choosing groups...
46 uncovered facts
Choosing groups: [0.000s CPU, 0.000s wall-clock]
Building translation key... [0.000s CPU, 0.000s wall-clock]
Computing fact groups: [0.000s CPU, 0.003s wall-clock]
Building STRIPS to SAS dictionary... [0.000s CPU, 0.000s wall-clock]
Building dictionary for full mutex groups... [0.000s CPU, 0.000s wall-clock]
Building mutex information...
Building mutex information: [0.000s CPU, 0.000s wall-clock]
Translating task...
Processing axioms...
Simplifying axioms... [0.000s CPU, 0.000s wall-clock]
Translator axioms removed by simplifying: 0
Processing axioms: [0.000s CPU, 0.000s wall-clock]
Translating task: [0.016s CPU, 0.013s wall-clock]
1206 effect conditions simplified
0 implied preconditions added
Detecting unreachable propositions...
76 operators removed
0 axioms removed
9 propositions removed
Detecting unreachable propositions: [0.000s CPU, 0.006s wall-clock]
Reordering and filtering variables...
49 of 49 variables necessary.
46 of 49 mutex groups necessary.
599 of 599 operators necessary.
0 of 0 axiom rules necessary.
Reordering and filtering variables: [0.000s CPU, 0.003s wall-clock]
Translator variables: 49
Translator derived variables: 0
Translator facts: 185
Translator goal facts: 2
Translator mutex groups: 46
Translator total mutex groups size: 139
Translator operators: 599
Translator axioms: 0
Translator task size: 5695
warning: could not determine peak memory
Writing output... [0.016s CPU, 0.016s wall-clock]
Done! [0.062s CPU, 0.071s wall-clock]
translate exit code: 0

INFO     Running search (release).
INFO     search stdin: output.sas
INFO     search time limit: None
INFO     search memory limit: None
INFO     search command line string: 'C:\Users\user\Desktop\theoria\.worktrees\p13\engine-rig\.toolchain\downward\builds\release\bin\downward.exe' --search 'astar(lmcut())' --internal-plan-file 'C:\Users\user\AppData\Local\Temp\tmp0v_mxu4o\sas_plan' < output.sas
[t=0.000110s, 1892 KB] Search code revision: 7120aa0
[t=0.000194s, 1904 KB] reading input...
[t=0.006106s, 2644 KB] done reading input!
[t=0.007195s, 3260 KB] Initializing landmark cut heuristic...
[t=0.007218s, 3260 KB] Building successor generator... done!
[t=0.007390s, 3352 KB] peak memory difference for successor generator creation: 92 KB
[t=0.007393s, 3352 KB] time for successor generation creation: 0.000163s
[t=0.007399s, 3352 KB] Variables: 49
[t=0.007404s, 3352 KB] FactPairs: 185
[t=0.007407s, 3352 KB] Bytes per state: 8
[t=0.007418s, 3352 KB] Conducting best first search with reopening closed nodes, (real) bound = 2147483647
[t=0.007574s, 3352 KB] New best heuristic value for lmcut: 16
[t=0.007579s, 3352 KB] g=0, 1 evaluated, 0 expanded
[t=0.007581s, 3352 KB] f = 16, 1 evaluated, 0 expanded
[t=0.007589s, 3364 KB] Initial heuristic value for lmcut: 16
[t=0.007591s, 3364 KB] pruning method: none
[t=0.007726s, 3364 KB] New best heuristic value for lmcut: 15
[t=0.007731s, 3364 KB] g=1, 2 evaluated, 1 expanded
[t=0.007855s, 3364 KB] New best heuristic value for lmcut: 13
[t=0.007859s, 3364 KB] g=1, 3 evaluated, 1 expanded
[t=0.008097s, 3364 KB] New best heuristic value for lmcut: 12
[t=0.008102s, 3364 KB] g=2, 5 evaluated, 2 expanded
[t=0.008440s, 3364 KB] New best heuristic value for lmcut: 11
[t=0.008467s, 3364 KB] g=3, 7 evaluated, 3 expanded
[t=0.008910s, 3364 KB] New best heuristic value for lmcut: 10
[t=0.008922s, 3364 KB] g=4, 10 evaluated, 4 expanded
[t=0.010153s, 3364 KB] New best heuristic value for lmcut: 9
[t=0.010167s, 3364 KB] g=6, 19 evaluated, 9 expanded
[t=0.011842s, 3364 KB] f = 17, 33 evaluated, 19 expanded
[t=0.012159s, 3364 KB] f = 18, 36 evaluated, 20 expanded
[t=0.016160s, 3364 KB] f = 19, 70 evaluated, 44 expanded
[t=0.016492s, 3364 KB] New best heuristic value for lmcut: 8
[t=0.016499s, 3364 KB] g=11, 73 evaluated, 46 expanded
[t=0.016698s, 3364 KB] New best heuristic value for lmcut: 7
[t=0.016704s, 3364 KB] g=12, 75 evaluated, 47 expanded
[t=0.019163s, 3364 KB] f = 20, 99 evaluated, 59 expanded
[t=0.023041s, 3384 KB] f = 21, 135 evaluated, 86 expanded
[t=0.027121s, 3384 KB] f = 22, 176 evaluated, 112 expanded
[t=0.034330s, 3384 KB] f = 23, 237 evaluated, 155 expanded
[t=0.035445s, 3384 KB] New best heuristic value for lmcut: 6
[t=0.035467s, 3384 KB] g=16, 248 evaluated, 161 expanded
[t=0.045357s, 3384 KB] f = 24, 336 evaluated, 212 expanded, 1 reopened
[t=0.058446s, 3384 KB] f = 25, 455 evaluated, 300 expanded, 1 reopened
[t=0.061200s, 3384 KB] New best heuristic value for lmcut: 5
[t=0.061229s, 3384 KB] g=20, 479 evaluated, 311 expanded, 1 reopened
[t=0.061403s, 3384 KB] New best heuristic value for lmcut: 4
[t=0.061410s, 3384 KB] g=21, 481 evaluated, 312 expanded, 1 reopened
[t=0.061605s, 3384 KB] New best heuristic value for lmcut: 3
[t=0.061620s, 3384 KB] g=22, 484 evaluated, 313 expanded, 1 reopened
[t=0.061708s, 3384 KB] New best heuristic value for lmcut: 2
[t=0.061713s, 3384 KB] g=23, 486 evaluated, 314 expanded, 1 reopened
[t=0.061798s, 3384 KB] New best heuristic value for lmcut: 1
[t=0.061802s, 3384 KB] g=24, 488 evaluated, 315 expanded, 1 reopened
[t=0.061870s, 3384 KB] New best heuristic value for lmcut: 0
[t=0.061874s, 3384 KB] g=25, 490 evaluated, 316 expanded, 1 reopened
[t=0.061947s, 3384 KB] Solution found!
[t=0.061954s, 3384 KB] Actual search time: 0.054362s
move c41 c51 down (1)
move c51 c52 right (1)
move c52 c53 right (1)
move c53 c54 right (1)
move c54 c55 right (1)
push-pair0 c55 c45 c35 b2 up (1)
move c45 c55 down (1)
move c55 c56 right (1)
move c56 c57 right (1)
move c57 c47 up (1)
move c47 c37 up (1)
move c37 c36 left (1)
push-pair0 c36 c35 c34 b2 left (1)
push-pair0 c35 c34 c33 b2 left (1)
move c34 c35 right (1)
move c35 c36 right (1)
move c36 c37 right (1)
move c37 c27 up (1)
move c27 c17 up (1)
push-pair2 c17 c16 c15 b1 left b2 c14 b2 c16 (1)
push-pair2 c16 c15 c14 b1 left b2 c13 b2 c15 (1)
push-pair2 c15 c14 c13 b1 left b2 c12 b2 c14 (1)
push-pair1 c14 c13 c12 b1 left b2 c13 (1)
move c13 c23 down (1)
push-pair0 c23 c33 c43 b2 down (1)
[t=0.061958s, 3392 KB] Plan length: 25 step(s).
[t=0.061958s, 3392 KB] Plan cost: 25
[t=0.061958s, 3392 KB] Expanded 317 state(s).
[t=0.061958s, 3392 KB] Reopened 1 state(s).
[t=0.061958s, 3392 KB] Evaluated 492 state(s).
[t=0.061958s, 3392 KB] Evaluations: 492
[t=0.061958s, 3392 KB] Generated 995 state(s).
[t=0.061958s, 3392 KB] Dead ends: 8 state(s).
[t=0.061958s, 3392 KB] Expanded until last jump: 300 state(s).
[t=0.061958s, 3392 KB] Reopened until last jump: 1 state(s).
[t=0.061958s, 3392 KB] Evaluated until last jump: 455 state(s).
[t=0.061958s, 3392 KB] Generated until last jump: 947 state(s).
[t=0.061958s, 3392 KB] Number of registered states: 492
[t=0.061958s, 3392 KB] Int hash set load factor: 492/512 = 0.960938
[t=0.061958s, 3392 KB] Int hash set resizes: 9
[t=0.061958s, 3392 KB] Search time: 0.054540s
[t=0.061958s, 3392 KB] Total time: 0.061958s
Solution found.
Remove intermediate file output.sas
search exit code: 0

