INFO     planner time limit: None
INFO     planner memory limit: None

INFO     Running translator.
INFO     translator stdin: None
INFO     translator time limit: None
INFO     translator memory limit: None
INFO     translator command line string: 'D:\Miniforge3\python.exe' -m translate 'C:\Users\user\Desktop\theoria\.worktrees\e7-deadlock-claim\engine-rig\runs\20260728T150713Z-E7-deadlock-claim-audit\attacks\work\a7\hunt0070\singleton\sokoban_guarded_singleton_domain.pddl' 'C:\Users\user\Desktop\theoria\.worktrees\e7-deadlock-claim\engine-rig\runs\20260728T150713Z-E7-deadlock-claim-audit\attacks\work\a7\hunt0070\singleton\hunt0070_guarded_singleton.pddl' --sas-file output.sas
Warning! SIGXCPU is not available on your platform. This means that the planner cannot be gracefully terminated when using a time limit, which, however, is probably supported on your platform anyway.
Parsing...
Parsing: [0.016s CPU, 0.002s wall-clock]
Normalizing task... [0.000s CPU, 0.000s wall-clock]
Instantiating...
Generating Datalog program... [0.000s CPU, 0.000s wall-clock]
Normalizing Datalog program...
Normalizing Datalog program: [0.000s CPU, 0.001s wall-clock]
Preparing model... [0.000s CPU, 0.001s wall-clock]
Generated 20 rules.
Computing model... [0.000s CPU, 0.005s wall-clock]
626 relevant atoms
862 auxiliary atoms
1488 final queue length
2065 total queue pushes
Completing instantiation... [0.000s CPU, 0.003s wall-clock]
Instantiating: [0.000s CPU, 0.011s wall-clock]
Computing fact groups...
Finding invariants...
7 initial candidates
Finding invariants: [0.000s CPU, 0.001s wall-clock]
Checking invariant weight... [0.000s CPU, 0.000s wall-clock]
Instantiating groups... [0.000s CPU, 0.001s wall-clock]
Collecting mutex groups... [0.000s CPU, 0.000s wall-clock]
Choosing groups...
33 uncovered facts
Choosing groups: [0.000s CPU, 0.000s wall-clock]
Building translation key... [0.000s CPU, 0.000s wall-clock]
Computing fact groups: [0.000s CPU, 0.002s wall-clock]
Building STRIPS to SAS dictionary... [0.000s CPU, 0.000s wall-clock]
Building dictionary for full mutex groups... [0.000s CPU, 0.000s wall-clock]
Building mutex information...
Building mutex information: [0.000s CPU, 0.000s wall-clock]
Translating task...
Processing axioms...
Simplifying axioms... [0.000s CPU, 0.000s wall-clock]
Translator axioms removed by simplifying: 0
Processing axioms: [0.000s CPU, 0.000s wall-clock]
Translating task: [0.016s CPU, 0.005s wall-clock]
372 effect conditions simplified
0 implied preconditions added
Detecting unreachable propositions...
0 operators removed
0 axioms removed
15 propositions removed
Detecting unreachable propositions: [0.000s CPU, 0.002s wall-clock]
Reordering and filtering variables...
36 of 36 variables necessary.
33 of 36 mutex groups necessary.
238 of 238 operators necessary.
0 of 0 axiom rules necessary.
Reordering and filtering variables: [0.000s CPU, 0.002s wall-clock]
Translator variables: 36
Translator derived variables: 0
Translator facts: 153
Translator goal facts: 2
Translator mutex groups: 33
Translator total mutex groups size: 120
Translator operators: 238
Translator axioms: 0
Translator task size: 2141
warning: could not determine peak memory
Writing output... [0.000s CPU, 0.028s wall-clock]
Done! [0.031s CPU, 0.054s wall-clock]
translate exit code: 0

INFO     Running search (release).
INFO     search stdin: output.sas
INFO     search time limit: None
INFO     search memory limit: None
INFO     search command line string: 'C:\Users\user\Desktop\theoria\.worktrees\p13\engine-rig\.toolchain\downward\builds\release\bin\downward.exe' --search 'astar(blind())' --internal-plan-file 'C:\Users\user\AppData\Local\Temp\tmppi2vlsix\sas_plan' < output.sas
[t=0.000110s, 1912 KB] Search code revision: 7120aa0
[t=0.000194s, 1912 KB] reading input...
[t=0.002596s, 2384 KB] done reading input!
[t=0.003509s, 2848 KB] Initializing blind search heuristic...
[t=0.003533s, 2848 KB] Building successor generator... done!
[t=0.003624s, 2896 KB] peak memory difference for successor generator creation: 48 KB
[t=0.003627s, 2896 KB] time for successor generation creation: 0.000083s
[t=0.003632s, 2896 KB] Variables: 36
[t=0.003635s, 2896 KB] FactPairs: 153
[t=0.003637s, 2896 KB] Bytes per state: 8
[t=0.003648s, 2900 KB] Conducting best first search with reopening closed nodes, (real) bound = 2147483647
[t=0.003661s, 2916 KB] New best heuristic value for blind: 1
[t=0.003665s, 2916 KB] g=0, 1 evaluated, 0 expanded
[t=0.003668s, 2920 KB] f = 1, 1 evaluated, 0 expanded
[t=0.003675s, 2932 KB] Initial heuristic value for blind: 1
[t=0.003680s, 2932 KB] pruning method: none
[t=0.003689s, 2932 KB] f = 2, 5 evaluated, 1 expanded
[t=0.003711s, 2932 KB] f = 3, 11 evaluated, 5 expanded
[t=0.003725s, 2932 KB] f = 4, 18 evaluated, 11 expanded
[t=0.003739s, 2932 KB] f = 5, 25 evaluated, 18 expanded
[t=0.003757s, 2932 KB] f = 6, 37 evaluated, 25 expanded
[t=0.003778s, 2932 KB] f = 7, 58 evaluated, 37 expanded
[t=0.003817s, 2932 KB] f = 8, 92 evaluated, 58 expanded
[t=0.003874s, 2932 KB] f = 9, 148 evaluated, 92 expanded
[t=0.003959s, 2932 KB] f = 10, 244 evaluated, 148 expanded
[t=0.004096s, 2932 KB] f = 11, 378 evaluated, 244 expanded
[t=0.004312s, 2956 KB] f = 12, 582 evaluated, 378 expanded
[t=0.004570s, 2956 KB] f = 13, 865 evaluated, 582 expanded
[t=0.005008s, 2992 KB] f = 14, 1307 evaluated, 865 expanded
[t=0.005541s, 2992 KB] f = 15, 1876 evaluated, 1307 expanded
[t=0.006344s, 3044 KB] f = 16, 2653 evaluated, 1876 expanded
[t=0.007234s, 3068 KB] f = 17, 3525 evaluated, 2653 expanded
[t=0.008598s, 3268 KB] f = 18, 4659 evaluated, 3525 expanded
[t=0.010067s, 3268 KB] f = 19, 5933 evaluated, 4659 expanded
[t=0.011763s, 3288 KB] f = 20, 7498 evaluated, 5933 expanded
[t=0.013471s, 3420 KB] New best heuristic value for blind: 0
[t=0.013480s, 3420 KB] g=20, 8904 evaluated, 7222 expanded
[t=0.013485s, 3420 KB] Solution found!
[t=0.013490s, 3420 KB] Actual search time: 0.009809s
move c53 c43 up (1)
move c43 c33 up (1)
move c33 c32 left (1)
push c32 c22 c12 b1 up (1)
move c22 c21 left (1)
move c21 c11 up (1)
push c11 c12 c13 b1 right (1)
push c12 c13 c14 b1 right (1)
push c13 c14 c15 b1 right (1)
move c14 c24 down (1)
move c24 c34 down (1)
move c34 c35 right (1)
move c35 c36 right (1)
move c36 c26 up (1)
push c26 c25 c24 b2 left (1)
push c25 c24 c23 b2 left (1)
push c24 c23 c22 b2 left (1)
move c23 c13 up (1)
move c13 c12 left (1)
push c12 c22 c32 b2 down (1)
[t=0.013496s, 3420 KB] Plan length: 20 step(s).
[t=0.013496s, 3420 KB] Plan cost: 20
[t=0.013496s, 3420 KB] Expanded 7223 state(s).
[t=0.013496s, 3420 KB] Reopened 0 state(s).
[t=0.013496s, 3420 KB] Evaluated 8904 state(s).
[t=0.013496s, 3420 KB] Evaluations: 8904
[t=0.013496s, 3420 KB] Generated 22859 state(s).
[t=0.013496s, 3420 KB] Dead ends: 0 state(s).
[t=0.013496s, 3420 KB] Expanded until last jump: 5933 state(s).
[t=0.013496s, 3420 KB] Reopened until last jump: 0 state(s).
[t=0.013496s, 3420 KB] Evaluated until last jump: 7498 state(s).
[t=0.013496s, 3420 KB] Generated until last jump: 18900 state(s).
[t=0.013496s, 3420 KB] Number of registered states: 8904
[t=0.013496s, 3420 KB] Int hash set load factor: 8904/16384 = 0.543457
[t=0.013496s, 3420 KB] Int hash set resizes: 14
[t=0.013496s, 3420 KB] Search time: 0.009849s
[t=0.013496s, 3420 KB] Total time: 0.013496s
Solution found.
Remove intermediate file output.sas
search exit code: 0

