INFO     planner time limit: None
INFO     planner memory limit: None

INFO     Running translator.
INFO     translator stdin: None
INFO     translator time limit: None
INFO     translator memory limit: None
INFO     translator command line string: 'D:\Miniforge3\python.exe' -m translate 'C:\Users\user\Desktop\theoria\.worktrees\e7-deadlock-claim\engine-rig\runs\20260728T150713Z-E7-deadlock-claim-audit\attacks\work\a7\hunt0037\indexed\sokoban_guarded_indexed_domain.pddl' 'C:\Users\user\Desktop\theoria\.worktrees\e7-deadlock-claim\engine-rig\runs\20260728T150713Z-E7-deadlock-claim-audit\attacks\work\a7\hunt0037\indexed\hunt0037_guarded_indexed.pddl' --sas-file output.sas
Warning! SIGXCPU is not available on your platform. This means that the planner cannot be gracefully terminated when using a time limit, which, however, is probably supported on your platform anyway.
Parsing...
Parsing: [0.000s CPU, 0.003s wall-clock]
Normalizing task... [0.000s CPU, 0.000s wall-clock]
Instantiating...
Generating Datalog program... [0.000s CPU, 0.000s wall-clock]
Normalizing Datalog program...
Normalizing Datalog program: [0.000s CPU, 0.002s wall-clock]
Preparing model... [0.000s CPU, 0.001s wall-clock]
Generated 56 rules.
Computing model... [0.016s CPU, 0.017s wall-clock]
828 relevant atoms
4844 auxiliary atoms
5672 final queue length
6233 total queue pushes
Completing instantiation... [0.000s CPU, 0.004s wall-clock]
Instantiating: [0.031s CPU, 0.025s wall-clock]
Computing fact groups...
Finding invariants...
7 initial candidates
Finding invariants: [0.000s CPU, 0.002s wall-clock]
Checking invariant weight... [0.000s CPU, 0.000s wall-clock]
Instantiating groups... [0.000s CPU, 0.001s wall-clock]
Collecting mutex groups... [0.000s CPU, 0.000s wall-clock]
Choosing groups...
46 uncovered facts
Choosing groups: [0.000s CPU, 0.000s wall-clock]
Building translation key... [0.000s CPU, 0.000s wall-clock]
Computing fact groups: [0.000s CPU, 0.004s wall-clock]
Building STRIPS to SAS dictionary... [0.000s CPU, 0.000s wall-clock]
Building dictionary for full mutex groups... [0.000s CPU, 0.000s wall-clock]
Building mutex information...
Building mutex information: [0.000s CPU, 0.000s wall-clock]
Translating task...
Processing axioms...
Simplifying axioms... [0.000s CPU, 0.000s wall-clock]
Translator axioms removed by simplifying: 0
Processing axioms: [0.000s CPU, 0.000s wall-clock]
Translating task: [0.016s CPU, 0.014s wall-clock]
1206 effect conditions simplified
0 implied preconditions added
Detecting unreachable propositions...
76 operators removed
0 axioms removed
9 propositions removed
Detecting unreachable propositions: [0.000s CPU, 0.007s wall-clock]
Reordering and filtering variables...
49 of 49 variables necessary.
46 of 49 mutex groups necessary.
599 of 599 operators necessary.
0 of 0 axiom rules necessary.
Reordering and filtering variables: [0.016s CPU, 0.003s wall-clock]
Translator variables: 49
Translator derived variables: 0
Translator facts: 185
Translator goal facts: 2
Translator mutex groups: 46
Translator total mutex groups size: 139
Translator operators: 599
Translator axioms: 0
Translator task size: 5695
warning: could not determine peak memory
Writing output... [0.000s CPU, 0.017s wall-clock]
Done! [0.062s CPU, 0.073s wall-clock]
translate exit code: 0

INFO     Running search (release).
INFO     search stdin: output.sas
INFO     search time limit: None
INFO     search memory limit: None
INFO     search command line string: 'C:\Users\user\Desktop\theoria\.worktrees\p13\engine-rig\.toolchain\downward\builds\release\bin\downward.exe' --search 'astar(blind())' --internal-plan-file 'C:\Users\user\AppData\Local\Temp\tmp3rjwolt3\sas_plan' < output.sas
[t=0.000115s, 1824 KB] Search code revision: 7120aa0
[t=0.000205s, 1840 KB] reading input...
[t=0.006325s, 2600 KB] done reading input!
[t=0.007240s, 2996 KB] Initializing blind search heuristic...
[t=0.007266s, 2996 KB] Building successor generator... done!
[t=0.007446s, 3084 KB] peak memory difference for successor generator creation: 88 KB
[t=0.007449s, 3084 KB] time for successor generation creation: 0.000173s
[t=0.007454s, 3084 KB] Variables: 49
[t=0.007457s, 3084 KB] FactPairs: 185
[t=0.007462s, 3084 KB] Bytes per state: 8
[t=0.007468s, 3084 KB] Conducting best first search with reopening closed nodes, (real) bound = 2147483647
[t=0.007476s, 3084 KB] New best heuristic value for blind: 1
[t=0.007480s, 3084 KB] g=0, 1 evaluated, 0 expanded
[t=0.007483s, 3084 KB] f = 1, 1 evaluated, 0 expanded
[t=0.007490s, 3096 KB] Initial heuristic value for blind: 1
[t=0.007494s, 3096 KB] pruning method: none
[t=0.007502s, 3096 KB] f = 2, 3 evaluated, 1 expanded
[t=0.007510s, 3096 KB] f = 3, 7 evaluated, 3 expanded
[t=0.007522s, 3096 KB] f = 4, 13 evaluated, 7 expanded
[t=0.007538s, 3096 KB] f = 5, 20 evaluated, 13 expanded
[t=0.007554s, 3096 KB] f = 6, 27 evaluated, 20 expanded
[t=0.007572s, 3096 KB] f = 7, 35 evaluated, 27 expanded
[t=0.007591s, 3096 KB] f = 8, 46 evaluated, 35 expanded
[t=0.007621s, 3096 KB] f = 9, 67 evaluated, 46 expanded
[t=0.007661s, 3096 KB] f = 10, 98 evaluated, 67 expanded
[t=0.007727s, 3096 KB] f = 11, 154 evaluated, 98 expanded
[t=0.007812s, 3096 KB] f = 12, 225 evaluated, 154 expanded
[t=0.007935s, 3104 KB] f = 13, 317 evaluated, 225 expanded
[t=0.008062s, 3104 KB] f = 14, 421 evaluated, 317 expanded
[t=0.008363s, 3116 KB] f = 15, 555 evaluated, 421 expanded
[t=0.008559s, 3116 KB] f = 16, 716 evaluated, 555 expanded
[t=0.008800s, 3116 KB] f = 17, 936 evaluated, 716 expanded
[t=0.009147s, 3148 KB] f = 18, 1171 evaluated, 936 expanded
[t=0.009495s, 3148 KB] f = 19, 1484 evaluated, 1171 expanded
[t=0.009897s, 3148 KB] f = 20, 1821 evaluated, 1484 expanded
[t=0.010468s, 3196 KB] f = 21, 2240 evaluated, 1821 expanded
[t=0.011006s, 3208 KB] f = 22, 2677 evaluated, 2240 expanded
[t=0.011602s, 3220 KB] f = 23, 3214 evaluated, 2677 expanded
[t=0.012443s, 3300 KB] f = 24, 3790 evaluated, 3214 expanded
[t=0.013237s, 3300 KB] f = 25, 4488 evaluated, 3790 expanded
[t=0.013564s, 3432 KB] New best heuristic value for blind: 0
[t=0.013569s, 3432 KB] g=25, 4722 evaluated, 4031 expanded
[t=0.013574s, 3432 KB] Solution found!
[t=0.013578s, 3432 KB] Actual search time: 0.006083s
move c41 c51 down (1)
move c51 c52 right (1)
move c52 c53 right (1)
move c53 c54 right (1)
move c54 c55 right (1)
push-pair0 c55 c45 c35 b2 up (1)
move c45 c55 down (1)
move c55 c56 right (1)
move c56 c57 right (1)
move c57 c47 up (1)
move c47 c37 up (1)
move c37 c36 left (1)
push-pair0 c36 c35 c34 b2 left (1)
push-pair0 c35 c34 c33 b2 left (1)
move c34 c35 right (1)
move c35 c36 right (1)
move c36 c37 right (1)
move c37 c27 up (1)
move c27 c17 up (1)
push-pair2 c17 c16 c15 b1 left b2 c14 b2 c16 (1)
push-pair2 c16 c15 c14 b1 left b2 c13 b2 c15 (1)
push-pair2 c15 c14 c13 b1 left b2 c12 b2 c14 (1)
push-pair1 c14 c13 c12 b1 left b2 c13 (1)
move c13 c23 down (1)
push-pair0 c23 c33 c43 b2 down (1)
[t=0.013581s, 3432 KB] Plan length: 25 step(s).
[t=0.013581s, 3432 KB] Plan cost: 25
[t=0.013581s, 3432 KB] Expanded 4032 state(s).
[t=0.013581s, 3432 KB] Reopened 0 state(s).
[t=0.013581s, 3432 KB] Evaluated 4724 state(s).
[t=0.013581s, 3432 KB] Evaluations: 4724
[t=0.013581s, 3432 KB] Generated 12684 state(s).
[t=0.013581s, 3432 KB] Dead ends: 0 state(s).
[t=0.013581s, 3432 KB] Expanded until last jump: 3790 state(s).
[t=0.013581s, 3432 KB] Reopened until last jump: 0 state(s).
[t=0.013581s, 3432 KB] Evaluated until last jump: 4488 state(s).
[t=0.013581s, 3432 KB] Generated until last jump: 11962 state(s).
[t=0.013581s, 3432 KB] Number of registered states: 4724
[t=0.013581s, 3432 KB] Int hash set load factor: 4724/8192 = 0.576660
[t=0.013581s, 3432 KB] Int hash set resizes: 13
[t=0.013581s, 3432 KB] Search time: 0.006114s
[t=0.013581s, 3432 KB] Total time: 0.013581s
Solution found.
Remove intermediate file output.sas
search exit code: 0

