INFO     planner time limit: None
INFO     planner memory limit: None

INFO     Running translator.
INFO     translator stdin: None
INFO     translator time limit: None
INFO     translator memory limit: None
INFO     translator command line string: 'D:\Miniforge3\python.exe' -m translate 'C:\Users\user\Desktop\theoria\.worktrees\e7-deadlock-claim\engine-rig\fixtures\data\sokoban_domain.pddl' 'C:\Users\user\Desktop\theoria\.worktrees\e7-deadlock-claim\engine-rig\runs\20260728T150713Z-E7-deadlock-claim-audit\attacks\work\a3\behind\behind.pddl' --sas-file output.sas
Warning! SIGXCPU is not available on your platform. This means that the planner cannot be gracefully terminated when using a time limit, which, however, is probably supported on your platform anyway.
Parsing...
Parsing: [0.000s CPU, 0.002s wall-clock]
Normalizing task... [0.000s CPU, 0.000s wall-clock]
Instantiating...
Generating Datalog program... [0.000s CPU, 0.000s wall-clock]
Normalizing Datalog program...
Normalizing Datalog program: [0.000s CPU, 0.001s wall-clock]
Preparing model... [0.000s CPU, 0.000s wall-clock]
Generated 20 rules.
Computing model... [0.000s CPU, 0.004s wall-clock]
291 relevant atoms
400 auxiliary atoms
691 final queue length
931 total queue pushes
Completing instantiation... [0.016s CPU, 0.002s wall-clock]
Instantiating: [0.016s CPU, 0.007s wall-clock]
Computing fact groups...
Finding invariants...
7 initial candidates
Finding invariants: [0.000s CPU, 0.001s wall-clock]
Checking invariant weight... [0.000s CPU, 0.000s wall-clock]
Instantiating groups... [0.000s CPU, 0.000s wall-clock]
Collecting mutex groups... [0.000s CPU, 0.000s wall-clock]
Choosing groups...
16 uncovered facts
Choosing groups: [0.000s CPU, 0.000s wall-clock]
Building translation key... [0.000s CPU, 0.000s wall-clock]
Computing fact groups: [0.000s CPU, 0.002s wall-clock]
Building STRIPS to SAS dictionary... [0.000s CPU, 0.000s wall-clock]
Building dictionary for full mutex groups... [0.000s CPU, 0.000s wall-clock]
Building mutex information...
Building mutex information: [0.000s CPU, 0.000s wall-clock]
Translating task...
Processing axioms...
Simplifying axioms... [0.000s CPU, 0.000s wall-clock]
Translator axioms removed by simplifying: 0
Processing axioms: [0.000s CPU, 0.000s wall-clock]
Translating task: [0.000s CPU, 0.002s wall-clock]
176 effect conditions simplified
0 implied preconditions added
Detecting unreachable propositions...
0 operators removed
0 axioms removed
3 propositions removed
Detecting unreachable propositions: [0.000s CPU, 0.001s wall-clock]
Reordering and filtering variables...
19 of 19 variables necessary.
16 of 19 mutex groups necessary.
112 of 112 operators necessary.
0 of 0 axiom rules necessary.
Reordering and filtering variables: [0.000s CPU, 0.001s wall-clock]
Translator variables: 19
Translator derived variables: 0
Translator facts: 80
Translator goal facts: 2
Translator mutex groups: 16
Translator total mutex groups size: 64
Translator operators: 112
Translator axioms: 0
Translator task size: 1029
warning: could not determine peak memory
Writing output... [0.000s CPU, 0.010s wall-clock]
Done! [0.016s CPU, 0.026s wall-clock]
translate exit code: 0

INFO     Running search (release).
INFO     search stdin: output.sas
INFO     search time limit: None
INFO     search memory limit: None
INFO     search command line string: 'C:\Users\user\Desktop\theoria\.worktrees\p13\engine-rig\.toolchain\downward\builds\release\bin\downward.exe' --search 'astar(lmcut())' --internal-plan-file 'C:\Users\user\AppData\Local\Temp\tmpq9f1basy\sas_plan' < output.sas
[t=0.000105s, 1824 KB] Search code revision: 7120aa0
[t=0.000180s, 1824 KB] reading input...
[t=0.001411s, 2156 KB] done reading input!
[t=0.002402s, 2608 KB] Initializing landmark cut heuristic...
[t=0.002429s, 2608 KB] Building successor generator... done!
[t=0.002475s, 2620 KB] peak memory difference for successor generator creation: 12 KB
[t=0.002478s, 2620 KB] time for successor generation creation: 0.000039s
[t=0.002483s, 2620 KB] Variables: 19
[t=0.002486s, 2620 KB] FactPairs: 80
[t=0.002490s, 2620 KB] Bytes per state: 4
[t=0.002499s, 2620 KB] Conducting best first search with reopening closed nodes, (real) bound = 2147483647
[t=0.002547s, 2644 KB] New best heuristic value for lmcut: 9
[t=0.002551s, 2644 KB] g=0, 1 evaluated, 0 expanded
[t=0.002553s, 2644 KB] f = 9, 1 evaluated, 0 expanded
[t=0.002561s, 2656 KB] Initial heuristic value for lmcut: 9
[t=0.002565s, 2656 KB] pruning method: none
[t=0.002695s, 2656 KB] New best heuristic value for lmcut: 8
[t=0.002714s, 2656 KB] g=1, 4 evaluated, 1 expanded
[t=0.002778s, 2696 KB] f = 10, 7 evaluated, 2 expanded
[t=0.002883s, 2696 KB] f = 11, 11 evaluated, 6 expanded
[t=0.002925s, 2696 KB] f = 12, 12 evaluated, 8 expanded
[t=0.002959s, 2696 KB] New best heuristic value for lmcut: 7
[t=0.002964s, 2696 KB] g=4, 13 evaluated, 9 expanded
[t=0.003044s, 2696 KB] f = 13, 16 evaluated, 11 expanded
[t=0.003107s, 2696 KB] f = 14, 18 evaluated, 14 expanded
[t=0.003161s, 2696 KB] New best heuristic value for lmcut: 6
[t=0.003167s, 2696 KB] g=7, 21 evaluated, 15 expanded
[t=0.003264s, 2696 KB] New best heuristic value for lmcut: 5
[t=0.003272s, 2696 KB] g=9, 26 evaluated, 18 expanded
[t=0.003373s, 2708 KB] f = 15, 31 evaluated, 20 expanded
[t=0.003763s, 2780 KB] f = 16, 53 evaluated, 29 expanded
[t=0.004000s, 2848 KB] f = 17, 66 evaluated, 37 expanded
[t=0.004024s, 2848 KB] New best heuristic value for lmcut: 4
[t=0.004030s, 2848 KB] g=13, 67 evaluated, 38 expanded
[t=0.004306s, 2860 KB] f = 18, 82 evaluated, 49 expanded
[t=0.004341s, 2860 KB] New best heuristic value for lmcut: 3
[t=0.004346s, 2860 KB] g=15, 84 evaluated, 50 expanded
[t=0.004359s, 2860 KB] New best heuristic value for lmcut: 2
[t=0.004363s, 2860 KB] g=16, 85 evaluated, 51 expanded
[t=0.004406s, 2860 KB] New best heuristic value for lmcut: 1
[t=0.004410s, 2860 KB] g=17, 90 evaluated, 52 expanded
[t=0.004428s, 2860 KB] New best heuristic value for lmcut: 0
[t=0.004431s, 2860 KB] g=18, 92 evaluated, 53 expanded
[t=0.004434s, 2860 KB] Solution found!
[t=0.004438s, 2860 KB] Actual search time: 0.001871s
move c42 c32 up (1)
move c32 c31 left (1)
move c31 c21 up (1)
move c21 c11 up (1)
move c11 c12 right (1)
push c12 c22 c32 b1 down (1)
move c22 c21 left (1)
move c21 c31 down (1)
push c31 c32 c33 b1 right (1)
move c32 c22 up (1)
move c22 c12 up (1)
move c12 c13 right (1)
move c13 c14 right (1)
move c14 c24 down (1)
push c24 c23 c22 b2 left (1)
move c23 c13 up (1)
move c13 c12 left (1)
push c12 c22 c32 b2 down (1)
[t=0.004441s, 2876 KB] Plan length: 18 step(s).
[t=0.004441s, 2876 KB] Plan cost: 18
[t=0.004441s, 2876 KB] Expanded 54 state(s).
[t=0.004441s, 2876 KB] Reopened 0 state(s).
[t=0.004441s, 2876 KB] Evaluated 92 state(s).
[t=0.004441s, 2876 KB] Evaluations: 92
[t=0.004441s, 2876 KB] Generated 157 state(s).
[t=0.004441s, 2876 KB] Dead ends: 15 state(s).
[t=0.004441s, 2876 KB] Expanded until last jump: 49 state(s).
[t=0.004441s, 2876 KB] Reopened until last jump: 0 state(s).
[t=0.004441s, 2876 KB] Evaluated until last jump: 82 state(s).
[t=0.004441s, 2876 KB] Generated until last jump: 144 state(s).
[t=0.004441s, 2876 KB] Number of registered states: 92
[t=0.004441s, 2876 KB] Int hash set load factor: 92/128 = 0.718750
[t=0.004441s, 2876 KB] Int hash set resizes: 7
[t=0.004441s, 2876 KB] Search time: 0.001943s
[t=0.004441s, 2876 KB] Total time: 0.004441s
Solution found.
Remove intermediate file output.sas
search exit code: 0

