INFO     planner time limit: None
INFO     planner memory limit: None

INFO     Running translator.
INFO     translator stdin: None
INFO     translator time limit: None
INFO     translator memory limit: None
INFO     translator command line string: 'D:\Miniforge3\python.exe' -m translate 'C:\Users\user\Desktop\theoria\.worktrees\e7-deadlock-claim\engine-rig\runs\20260728T150713Z-E7-deadlock-claim-audit\attacks\work\a3\behind\indexed\sokoban_guarded_indexed_domain.pddl' 'C:\Users\user\Desktop\theoria\.worktrees\e7-deadlock-claim\engine-rig\runs\20260728T150713Z-E7-deadlock-claim-audit\attacks\work\a3\behind\indexed\behind_guarded_indexed.pddl' --sas-file output.sas
Warning! SIGXCPU is not available on your platform. This means that the planner cannot be gracefully terminated when using a time limit, which, however, is probably supported on your platform anyway.
Parsing...
Parsing: [0.000s CPU, 0.002s wall-clock]
Normalizing task... [0.000s CPU, 0.000s wall-clock]
Instantiating...
Generating Datalog program... [0.000s CPU, 0.000s wall-clock]
Normalizing Datalog program...
Normalizing Datalog program: [0.000s CPU, 0.001s wall-clock]
Preparing model... [0.000s CPU, 0.001s wall-clock]
Generated 37 rules.
Computing model... [0.016s CPU, 0.006s wall-clock]
347 relevant atoms
1136 auxiliary atoms
1483 final queue length
1723 total queue pushes
Completing instantiation... [0.000s CPU, 0.002s wall-clock]
Instantiating: [0.016s CPU, 0.010s wall-clock]
Computing fact groups...
Finding invariants...
7 initial candidates
Finding invariants: [0.000s CPU, 0.001s wall-clock]
Checking invariant weight... [0.000s CPU, 0.000s wall-clock]
Instantiating groups... [0.000s CPU, 0.000s wall-clock]
Collecting mutex groups... [0.000s CPU, 0.000s wall-clock]
Choosing groups...
16 uncovered facts
Choosing groups: [0.000s CPU, 0.000s wall-clock]
Building translation key... [0.000s CPU, 0.000s wall-clock]
Computing fact groups: [0.000s CPU, 0.002s wall-clock]
Building STRIPS to SAS dictionary... [0.000s CPU, 0.000s wall-clock]
Building dictionary for full mutex groups... [0.000s CPU, 0.000s wall-clock]
Building mutex information...
Building mutex information: [0.000s CPU, 0.000s wall-clock]
Translating task...
Processing axioms...
Simplifying axioms... [0.000s CPU, 0.000s wall-clock]
Translator axioms removed by simplifying: 0
Processing axioms: [0.000s CPU, 0.000s wall-clock]
Translating task: [0.016s CPU, 0.011s wall-clock]
1104 effect conditions simplified
0 implied preconditions added
Detecting unreachable propositions...
160 operators removed
0 axioms removed
11 propositions removed
Detecting unreachable propositions: [0.000s CPU, 0.005s wall-clock]
Reordering and filtering variables...
19 of 19 variables necessary.
16 of 19 mutex groups necessary.
416 of 416 operators necessary.
0 of 0 axiom rules necessary.
Reordering and filtering variables: [0.000s CPU, 0.005s wall-clock]
Translator variables: 19
Translator derived variables: 0
Translator facts: 72
Translator goal facts: 2
Translator mutex groups: 16
Translator total mutex groups size: 56
Translator operators: 416
Translator axioms: 0
Translator task size: 4101
warning: could not determine peak memory
Writing output... [0.000s CPU, 0.023s wall-clock]
Done! [0.031s CPU, 0.060s wall-clock]
translate exit code: 0

INFO     Running search (release).
INFO     search stdin: output.sas
INFO     search time limit: None
INFO     search memory limit: None
INFO     search command line string: 'C:\Users\user\Desktop\theoria\.worktrees\p13\engine-rig\.toolchain\downward\builds\release\bin\downward.exe' --search 'astar(blind())' --internal-plan-file 'C:\Users\user\AppData\Local\Temp\tmpvbkr0sph\sas_plan' < output.sas
[t=0.000111s, 1844 KB] Search code revision: 7120aa0
[t=0.000195s, 1860 KB] reading input...
[t=0.004593s, 2556 KB] done reading input!
[t=0.007123s, 2928 KB] Initializing blind search heuristic...
[t=0.007154s, 2928 KB] Building successor generator... done!
[t=0.007489s, 2992 KB] peak memory difference for successor generator creation: 64 KB
[t=0.007504s, 2992 KB] time for successor generation creation: 0.000291s
[t=0.007523s, 2992 KB] Variables: 19
[t=0.007568s, 2992 KB] FactPairs: 72
[t=0.007588s, 2992 KB] Bytes per state: 4
[t=0.007626s, 2992 KB] Conducting best first search with reopening closed nodes, (real) bound = 2147483647
[t=0.007684s, 3008 KB] New best heuristic value for blind: 1
[t=0.007695s, 3008 KB] g=0, 1 evaluated, 0 expanded
[t=0.007699s, 3008 KB] f = 1, 1 evaluated, 0 expanded
[t=0.007708s, 3020 KB] Initial heuristic value for blind: 1
[t=0.007712s, 3020 KB] pruning method: none
[t=0.007724s, 3020 KB] f = 2, 4 evaluated, 1 expanded
[t=0.007734s, 3020 KB] f = 3, 8 evaluated, 4 expanded
[t=0.007746s, 3020 KB] f = 4, 14 evaluated, 8 expanded
[t=0.007762s, 3020 KB] f = 5, 26 evaluated, 14 expanded
[t=0.007784s, 3020 KB] f = 6, 44 evaluated, 26 expanded
[t=0.007807s, 3020 KB] f = 7, 64 evaluated, 44 expanded
[t=0.007838s, 3020 KB] f = 8, 87 evaluated, 64 expanded
[t=0.007871s, 3020 KB] f = 9, 123 evaluated, 87 expanded
[t=0.007927s, 3020 KB] f = 10, 181 evaluated, 123 expanded
[t=0.008035s, 3020 KB] f = 11, 266 evaluated, 181 expanded
[t=0.008182s, 3020 KB] f = 12, 375 evaluated, 266 expanded
[t=0.008310s, 3020 KB] f = 13, 501 evaluated, 375 expanded
[t=0.008480s, 3032 KB] f = 14, 650 evaluated, 501 expanded
[t=0.008707s, 3032 KB] f = 15, 824 evaluated, 650 expanded
[t=0.009096s, 3052 KB] f = 16, 1009 evaluated, 824 expanded
[t=0.009360s, 3052 KB] f = 17, 1178 evaluated, 1009 expanded
[t=0.009570s, 3052 KB] f = 18, 1318 evaluated, 1178 expanded
[t=0.009680s, 3052 KB] New best heuristic value for blind: 0
[t=0.009687s, 3052 KB] g=18, 1392 evaluated, 1264 expanded
[t=0.009691s, 3052 KB] Solution found!
[t=0.009696s, 3052 KB] Actual search time: 0.001982s
move c42 c41 left (1)
move c41 c31 up (1)
move c31 c21 up (1)
move c21 c11 up (1)
move c11 c12 right (1)
push-pair0 c12 c22 c32 b1 down (1)
move c22 c21 left (1)
move c21 c31 down (1)
push-pair0 c31 c32 c33 b1 right (1)
move c32 c42 down (1)
move c42 c43 right (1)
move c43 c44 right (1)
move c44 c34 up (1)
move c34 c24 up (1)
push-pair0 c24 c23 c22 b2 left (1)
move c23 c13 up (1)
move c13 c12 left (1)
push-pair0 c12 c22 c32 b2 down (1)
[t=0.009704s, 3052 KB] Plan length: 18 step(s).
[t=0.009704s, 3052 KB] Plan cost: 18
[t=0.009704s, 3052 KB] Expanded 1265 state(s).
[t=0.009704s, 3052 KB] Reopened 0 state(s).
[t=0.009704s, 3052 KB] Evaluated 1392 state(s).
[t=0.009704s, 3052 KB] Evaluations: 1392
[t=0.009704s, 3052 KB] Generated 3518 state(s).
[t=0.009704s, 3052 KB] Dead ends: 0 state(s).
[t=0.009704s, 3052 KB] Expanded until last jump: 1178 state(s).
[t=0.009704s, 3052 KB] Reopened until last jump: 0 state(s).
[t=0.009704s, 3052 KB] Evaluated until last jump: 1318 state(s).
[t=0.009704s, 3052 KB] Generated until last jump: 3280 state(s).
[t=0.009704s, 3052 KB] Number of registered states: 1392
[t=0.009704s, 3052 KB] Int hash set load factor: 1392/2048 = 0.679688
[t=0.009704s, 3052 KB] Int hash set resizes: 11
[t=0.009704s, 3052 KB] Search time: 0.002080s
[t=0.009704s, 3052 KB] Total time: 0.009704s
Solution found.
Remove intermediate file output.sas
search exit code: 0

