INFO     planner time limit: None
INFO     planner memory limit: None

INFO     Running translator.
INFO     translator stdin: None
INFO     translator time limit: None
INFO     translator memory limit: None
INFO     translator command line string: 'D:\Miniforge3\python.exe' -m translate 'C:\Users\user\Desktop\theoria\.worktrees\e7-deadlock-claim\engine-rig\runs\20260728T150713Z-E7-deadlock-claim-audit\attacks\work\a3\behind\singleton\sokoban_guarded_singleton_domain.pddl' 'C:\Users\user\Desktop\theoria\.worktrees\e7-deadlock-claim\engine-rig\runs\20260728T150713Z-E7-deadlock-claim-audit\attacks\work\a3\behind\singleton\behind_guarded_singleton.pddl' --sas-file output.sas
Warning! SIGXCPU is not available on your platform. This means that the planner cannot be gracefully terminated when using a time limit, which, however, is probably supported on your platform anyway.
Parsing...
Parsing: [0.000s CPU, 0.003s wall-clock]
Normalizing task... [0.000s CPU, 0.000s wall-clock]
Instantiating...
Generating Datalog program... [0.000s CPU, 0.000s wall-clock]
Normalizing Datalog program...
Normalizing Datalog program: [0.016s CPU, 0.001s wall-clock]
Preparing model... [0.000s CPU, 0.000s wall-clock]
Generated 20 rules.
Computing model... [0.000s CPU, 0.004s wall-clock]
299 relevant atoms
400 auxiliary atoms
699 final queue length
939 total queue pushes
Completing instantiation... [0.000s CPU, 0.002s wall-clock]
Instantiating: [0.016s CPU, 0.008s wall-clock]
Computing fact groups...
Finding invariants...
7 initial candidates
Finding invariants: [0.000s CPU, 0.001s wall-clock]
Checking invariant weight... [0.000s CPU, 0.000s wall-clock]
Instantiating groups... [0.000s CPU, 0.000s wall-clock]
Collecting mutex groups... [0.000s CPU, 0.000s wall-clock]
Choosing groups...
16 uncovered facts
Choosing groups: [0.000s CPU, 0.000s wall-clock]
Building translation key... [0.000s CPU, 0.000s wall-clock]
Computing fact groups: [0.000s CPU, 0.001s wall-clock]
Building STRIPS to SAS dictionary... [0.000s CPU, 0.000s wall-clock]
Building dictionary for full mutex groups... [0.000s CPU, 0.000s wall-clock]
Building mutex information...
Building mutex information: [0.000s CPU, 0.000s wall-clock]
Translating task...
Processing axioms...
Simplifying axioms... [0.000s CPU, 0.000s wall-clock]
Translator axioms removed by simplifying: 0
Processing axioms: [0.000s CPU, 0.000s wall-clock]
Translating task: [0.000s CPU, 0.003s wall-clock]
144 effect conditions simplified
0 implied preconditions added
Detecting unreachable propositions...
0 operators removed
0 axioms removed
11 propositions removed
Detecting unreachable propositions: [0.000s CPU, 0.001s wall-clock]
Reordering and filtering variables...
19 of 19 variables necessary.
16 of 19 mutex groups necessary.
96 of 96 operators necessary.
0 of 0 axiom rules necessary.
Reordering and filtering variables: [0.000s CPU, 0.001s wall-clock]
Translator variables: 19
Translator derived variables: 0
Translator facts: 72
Translator goal facts: 2
Translator mutex groups: 16
Translator total mutex groups size: 56
Translator operators: 96
Translator axioms: 0
Translator task size: 869
warning: could not determine peak memory
Writing output... [0.016s CPU, 0.010s wall-clock]
Done! [0.031s CPU, 0.027s wall-clock]
translate exit code: 0

INFO     Running search (release).
INFO     search stdin: output.sas
INFO     search time limit: None
INFO     search memory limit: None
INFO     search command line string: 'C:\Users\user\Desktop\theoria\.worktrees\p13\engine-rig\.toolchain\downward\builds\release\bin\downward.exe' --search 'astar(blind())' --internal-plan-file 'C:\Users\user\AppData\Local\Temp\tmp_kfar2r5\sas_plan' < output.sas
[t=0.000119s, 1864 KB] Search code revision: 7120aa0
[t=0.000208s, 1864 KB] reading input...
[t=0.001269s, 2156 KB] done reading input!
[t=0.002113s, 2552 KB] Initializing blind search heuristic...
[t=0.002131s, 2552 KB] Building successor generator... done!
[t=0.002192s, 2564 KB] peak memory difference for successor generator creation: 12 KB
[t=0.002196s, 2564 KB] time for successor generation creation: 0.000041s
[t=0.002200s, 2564 KB] Variables: 19
[t=0.002204s, 2564 KB] FactPairs: 72
[t=0.002206s, 2564 KB] Bytes per state: 4
[t=0.002216s, 2572 KB] Conducting best first search with reopening closed nodes, (real) bound = 2147483647
[t=0.002231s, 2588 KB] New best heuristic value for blind: 1
[t=0.002233s, 2588 KB] g=0, 1 evaluated, 0 expanded
[t=0.002236s, 2588 KB] f = 1, 1 evaluated, 0 expanded
[t=0.002248s, 2600 KB] Initial heuristic value for blind: 1
[t=0.002253s, 2600 KB] pruning method: none
[t=0.002262s, 2636 KB] f = 2, 4 evaluated, 1 expanded
[t=0.002271s, 2636 KB] f = 3, 8 evaluated, 4 expanded
[t=0.002280s, 2636 KB] f = 4, 14 evaluated, 8 expanded
[t=0.002294s, 2636 KB] f = 5, 26 evaluated, 14 expanded
[t=0.002324s, 2636 KB] f = 6, 45 evaluated, 26 expanded
[t=0.002352s, 2636 KB] f = 7, 68 evaluated, 45 expanded
[t=0.002381s, 2636 KB] f = 8, 96 evaluated, 68 expanded
[t=0.002423s, 2636 KB] f = 9, 136 evaluated, 96 expanded
[t=0.002475s, 2636 KB] f = 10, 195 evaluated, 136 expanded
[t=0.002560s, 2636 KB] f = 11, 280 evaluated, 195 expanded
[t=0.002659s, 2644 KB] f = 12, 389 evaluated, 280 expanded
[t=0.002809s, 2672 KB] f = 13, 517 evaluated, 389 expanded
[t=0.002949s, 2700 KB] f = 14, 673 evaluated, 517 expanded
[t=0.003122s, 2736 KB] f = 15, 861 evaluated, 673 expanded
[t=0.003374s, 2768 KB] f = 16, 1063 evaluated, 861 expanded
[t=0.003570s, 2796 KB] f = 17, 1247 evaluated, 1063 expanded
[t=0.003749s, 2832 KB] f = 18, 1400 evaluated, 1247 expanded
[t=0.003840s, 2832 KB] New best heuristic value for blind: 0
[t=0.003845s, 2832 KB] g=18, 1483 evaluated, 1342 expanded
[t=0.003848s, 2832 KB] Solution found!
[t=0.003851s, 2832 KB] Actual search time: 0.001596s
move c42 c41 left (1)
move c41 c31 up (1)
move c31 c21 up (1)
move c21 c11 up (1)
move c11 c12 right (1)
push c12 c22 c32 b1 down (1)
move c22 c21 left (1)
move c21 c31 down (1)
push c31 c32 c33 b1 right (1)
move c32 c42 down (1)
move c42 c43 right (1)
move c43 c44 right (1)
move c44 c34 up (1)
move c34 c24 up (1)
push c24 c23 c22 b2 left (1)
move c23 c13 up (1)
move c13 c12 left (1)
push c12 c22 c32 b2 down (1)
[t=0.003854s, 2864 KB] Plan length: 18 step(s).
[t=0.003854s, 2864 KB] Plan cost: 18
[t=0.003854s, 2864 KB] Expanded 1343 state(s).
[t=0.003854s, 2864 KB] Reopened 0 state(s).
[t=0.003854s, 2864 KB] Evaluated 1483 state(s).
[t=0.003854s, 2864 KB] Evaluations: 1483
[t=0.003854s, 2864 KB] Generated 3751 state(s).
[t=0.003854s, 2864 KB] Dead ends: 0 state(s).
[t=0.003854s, 2864 KB] Expanded until last jump: 1247 state(s).
[t=0.003854s, 2864 KB] Reopened until last jump: 0 state(s).
[t=0.003854s, 2864 KB] Evaluated until last jump: 1400 state(s).
[t=0.003854s, 2864 KB] Generated until last jump: 3487 state(s).
[t=0.003854s, 2864 KB] Number of registered states: 1483
[t=0.003854s, 2864 KB] Int hash set load factor: 1483/2048 = 0.724121
[t=0.003854s, 2864 KB] Int hash set resizes: 11
[t=0.003854s, 2864 KB] Search time: 0.001639s
[t=0.003854s, 2864 KB] Total time: 0.003854s
Solution found.
Remove intermediate file output.sas
search exit code: 0

