INFO     planner time limit: None
INFO     planner memory limit: None

INFO     Running translator.
INFO     translator stdin: None
INFO     translator time limit: None
INFO     translator memory limit: None
INFO     translator command line string: 'D:\Miniforge3\python.exe' -m translate 'C:\Users\user\Desktop\theoria\.worktrees\e7-deadlock-claim\engine-rig\fixtures\data\sokoban_domain.pddl' 'C:\Users\user\Desktop\theoria\.worktrees\e7-deadlock-claim\engine-rig\runs\20260728T150713Z-E7-deadlock-claim-audit\attacks\work\a3\behind\behind.pddl' --sas-file output.sas
Warning! SIGXCPU is not available on your platform. This means that the planner cannot be gracefully terminated when using a time limit, which, however, is probably supported on your platform anyway.
Parsing...
Parsing: [0.016s CPU, 0.002s wall-clock]
Normalizing task... [0.000s CPU, 0.000s wall-clock]
Instantiating...
Generating Datalog program... [0.000s CPU, 0.000s wall-clock]
Normalizing Datalog program...
Normalizing Datalog program: [0.000s CPU, 0.001s wall-clock]
Preparing model... [0.000s CPU, 0.000s wall-clock]
Generated 20 rules.
Computing model... [0.000s CPU, 0.005s wall-clock]
291 relevant atoms
400 auxiliary atoms
691 final queue length
931 total queue pushes
Completing instantiation... [0.000s CPU, 0.002s wall-clock]
Instantiating: [0.000s CPU, 0.009s wall-clock]
Computing fact groups...
Finding invariants...
7 initial candidates
Finding invariants: [0.000s CPU, 0.001s wall-clock]
Checking invariant weight... [0.000s CPU, 0.000s wall-clock]
Instantiating groups... [0.000s CPU, 0.000s wall-clock]
Collecting mutex groups... [0.000s CPU, 0.000s wall-clock]
Choosing groups...
16 uncovered facts
Choosing groups: [0.000s CPU, 0.000s wall-clock]
Building translation key... [0.000s CPU, 0.000s wall-clock]
Computing fact groups: [0.000s CPU, 0.001s wall-clock]
Building STRIPS to SAS dictionary... [0.000s CPU, 0.000s wall-clock]
Building dictionary for full mutex groups... [0.000s CPU, 0.000s wall-clock]
Building mutex information...
Building mutex information: [0.000s CPU, 0.000s wall-clock]
Translating task...
Processing axioms...
Simplifying axioms... [0.000s CPU, 0.000s wall-clock]
Translator axioms removed by simplifying: 0
Processing axioms: [0.000s CPU, 0.000s wall-clock]
Translating task: [0.000s CPU, 0.002s wall-clock]
176 effect conditions simplified
0 implied preconditions added
Detecting unreachable propositions...
0 operators removed
0 axioms removed
3 propositions removed
Detecting unreachable propositions: [0.000s CPU, 0.001s wall-clock]
Reordering and filtering variables...
19 of 19 variables necessary.
16 of 19 mutex groups necessary.
112 of 112 operators necessary.
0 of 0 axiom rules necessary.
Reordering and filtering variables: [0.000s CPU, 0.001s wall-clock]
Translator variables: 19
Translator derived variables: 0
Translator facts: 80
Translator goal facts: 2
Translator mutex groups: 16
Translator total mutex groups size: 64
Translator operators: 112
Translator axioms: 0
Translator task size: 1029
warning: could not determine peak memory
Writing output... [0.016s CPU, 0.010s wall-clock]
Done! [0.031s CPU, 0.026s wall-clock]
translate exit code: 0

INFO     Running search (release).
INFO     search stdin: output.sas
INFO     search time limit: None
INFO     search memory limit: None
INFO     search command line string: 'C:\Users\user\Desktop\theoria\.worktrees\p13\engine-rig\.toolchain\downward\builds\release\bin\downward.exe' --search 'astar(blind())' --internal-plan-file 'C:\Users\user\AppData\Local\Temp\tmpopqfgwm8\sas_plan' < output.sas
[t=0.000106s, 1888 KB] Search code revision: 7120aa0
[t=0.000189s, 1888 KB] reading input...
[t=0.001362s, 2192 KB] done reading input!
[t=0.002227s, 2628 KB] Initializing blind search heuristic...
[t=0.002250s, 2628 KB] Building successor generator... done!
[t=0.002304s, 2652 KB] peak memory difference for successor generator creation: 24 KB
[t=0.002307s, 2652 KB] time for successor generation creation: 0.000047s
[t=0.002311s, 2652 KB] Variables: 19
[t=0.002314s, 2652 KB] FactPairs: 80
[t=0.002319s, 2652 KB] Bytes per state: 4
[t=0.002328s, 2652 KB] Conducting best first search with reopening closed nodes, (real) bound = 2147483647
[t=0.002341s, 2664 KB] New best heuristic value for blind: 1
[t=0.002346s, 2664 KB] g=0, 1 evaluated, 0 expanded
[t=0.002348s, 2664 KB] f = 1, 1 evaluated, 0 expanded
[t=0.002355s, 2676 KB] Initial heuristic value for blind: 1
[t=0.002359s, 2676 KB] pruning method: none
[t=0.002368s, 2676 KB] f = 2, 4 evaluated, 1 expanded
[t=0.002378s, 2676 KB] f = 3, 8 evaluated, 4 expanded
[t=0.002388s, 2704 KB] f = 4, 14 evaluated, 8 expanded
[t=0.002404s, 2704 KB] f = 5, 26 evaluated, 14 expanded
[t=0.002426s, 2704 KB] f = 6, 46 evaluated, 26 expanded
[t=0.002463s, 2704 KB] f = 7, 74 evaluated, 46 expanded
[t=0.002508s, 2716 KB] f = 8, 115 evaluated, 74 expanded
[t=0.002579s, 2744 KB] f = 9, 181 evaluated, 115 expanded
[t=0.002685s, 2760 KB] f = 10, 285 evaluated, 181 expanded
[t=0.002816s, 2768 KB] f = 11, 438 evaluated, 285 expanded
[t=0.003026s, 2780 KB] f = 12, 644 evaluated, 438 expanded
[t=0.003347s, 2832 KB] f = 13, 903 evaluated, 644 expanded
[t=0.003680s, 2864 KB] f = 14, 1217 evaluated, 903 expanded
[t=0.004019s, 2872 KB] f = 15, 1576 evaluated, 1217 expanded
[t=0.004480s, 2920 KB] f = 16, 1942 evaluated, 1576 expanded
[t=0.004854s, 2944 KB] f = 17, 2275 evaluated, 1942 expanded
[t=0.005179s, 2944 KB] f = 18, 2557 evaluated, 2275 expanded
[t=0.005356s, 2944 KB] New best heuristic value for blind: 0
[t=0.005361s, 2944 KB] g=18, 2715 evaluated, 2445 expanded
[t=0.005365s, 2944 KB] Solution found!
[t=0.005370s, 2944 KB] Actual search time: 0.003010s
move c42 c41 left (1)
move c41 c31 up (1)
move c31 c21 up (1)
move c21 c11 up (1)
move c11 c12 right (1)
push c12 c22 c32 b1 down (1)
move c22 c21 left (1)
move c21 c31 down (1)
push c31 c32 c33 b1 right (1)
move c32 c42 down (1)
move c42 c43 right (1)
move c43 c44 right (1)
move c44 c34 up (1)
move c34 c24 up (1)
push c24 c23 c22 b2 left (1)
move c23 c13 up (1)
move c13 c12 left (1)
push c12 c22 c32 b2 down (1)
[t=0.005374s, 2944 KB] Plan length: 18 step(s).
[t=0.005374s, 2944 KB] Plan cost: 18
[t=0.005374s, 2944 KB] Expanded 2446 state(s).
[t=0.005374s, 2944 KB] Reopened 0 state(s).
[t=0.005374s, 2944 KB] Evaluated 2715 state(s).
[t=0.005374s, 2944 KB] Evaluations: 2715
[t=0.005374s, 2944 KB] Generated 7045 state(s).
[t=0.005374s, 2944 KB] Dead ends: 0 state(s).
[t=0.005374s, 2944 KB] Expanded until last jump: 2275 state(s).
[t=0.005374s, 2944 KB] Reopened until last jump: 0 state(s).
[t=0.005374s, 2944 KB] Evaluated until last jump: 2557 state(s).
[t=0.005374s, 2944 KB] Generated until last jump: 6568 state(s).
[t=0.005374s, 2944 KB] Number of registered states: 2715
[t=0.005374s, 2944 KB] Int hash set load factor: 2715/4096 = 0.662842
[t=0.005374s, 2944 KB] Int hash set resizes: 12
[t=0.005374s, 2944 KB] Search time: 0.003047s
[t=0.005374s, 2944 KB] Total time: 0.005374s
Solution found.
Remove intermediate file output.sas
search exit code: 0

