INFO     planner time limit: None
INFO     planner memory limit: None

INFO     Running translator.
INFO     translator stdin: None
INFO     translator time limit: None
INFO     translator memory limit: None
INFO     translator command line string: 'D:\Miniforge3\python.exe' -m translate 'C:\Users\user\Desktop\theoria\.worktrees\e7-deadlock-claim\engine-rig\fixtures\data\sokoban_domain.pddl' 'C:\Users\user\Desktop\theoria\.worktrees\e7-deadlock-claim\engine-rig\runs\20260728T150713Z-E7-deadlock-claim-audit\attacks\work\a3\door-swap\door-swap.pddl' --sas-file output.sas
Warning! SIGXCPU is not available on your platform. This means that the planner cannot be gracefully terminated when using a time limit, which, however, is probably supported on your platform anyway.
Parsing...
Parsing: [0.000s CPU, 0.002s wall-clock]
Normalizing task... [0.000s CPU, 0.000s wall-clock]
Instantiating...
Generating Datalog program... [0.000s CPU, 0.000s wall-clock]
Normalizing Datalog program...
Normalizing Datalog program: [0.000s CPU, 0.001s wall-clock]
Preparing model... [0.000s CPU, 0.000s wall-clock]
Generated 20 rules.
Computing model... [0.000s CPU, 0.004s wall-clock]
350 relevant atoms
492 auxiliary atoms
842 final queue length
1099 total queue pushes
Completing instantiation... [0.000s CPU, 0.003s wall-clock]
Instantiating: [0.000s CPU, 0.009s wall-clock]
Computing fact groups...
Finding invariants...
7 initial candidates
Finding invariants: [0.000s CPU, 0.001s wall-clock]
Checking invariant weight... [0.000s CPU, 0.000s wall-clock]
Instantiating groups... [0.000s CPU, 0.000s wall-clock]
Collecting mutex groups... [0.000s CPU, 0.000s wall-clock]
Choosing groups...
21 uncovered facts
Choosing groups: [0.000s CPU, 0.000s wall-clock]
Building translation key... [0.000s CPU, 0.000s wall-clock]
Computing fact groups: [0.000s CPU, 0.002s wall-clock]
Building STRIPS to SAS dictionary... [0.000s CPU, 0.000s wall-clock]
Building dictionary for full mutex groups... [0.000s CPU, 0.000s wall-clock]
Building mutex information...
Building mutex information: [0.000s CPU, 0.000s wall-clock]
Translating task...
Processing axioms...
Simplifying axioms... [0.000s CPU, 0.000s wall-clock]
Translator axioms removed by simplifying: 0
Processing axioms: [0.000s CPU, 0.000s wall-clock]
Translating task: [0.016s CPU, 0.002s wall-clock]
194 effect conditions simplified
0 implied preconditions added
Detecting unreachable propositions...
0 operators removed
0 axioms removed
3 propositions removed
Detecting unreachable propositions: [0.000s CPU, 0.001s wall-clock]
Reordering and filtering variables...
24 of 24 variables necessary.
21 of 24 mutex groups necessary.
126 of 126 operators necessary.
0 of 0 axiom rules necessary.
Reordering and filtering variables: [0.000s CPU, 0.001s wall-clock]
Translator variables: 24
Translator derived variables: 0
Translator facts: 105
Translator goal facts: 2
Translator mutex groups: 21
Translator total mutex groups size: 84
Translator operators: 126
Translator axioms: 0
Translator task size: 1175
warning: could not determine peak memory
Writing output... [0.000s CPU, 0.010s wall-clock]
Done! [0.016s CPU, 0.029s wall-clock]
translate exit code: 0

INFO     Running search (release).
INFO     search stdin: output.sas
INFO     search time limit: None
INFO     search memory limit: None
INFO     search command line string: 'C:\Users\user\Desktop\theoria\.worktrees\p13\engine-rig\.toolchain\downward\builds\release\bin\downward.exe' --search 'astar(blind())' --internal-plan-file 'C:\Users\user\AppData\Local\Temp\tmp2l7s0m4x\sas_plan' < output.sas
[t=0.000137s, 1932 KB] Search code revision: 7120aa0
[t=0.000236s, 1952 KB] reading input...
[t=0.001929s, 2160 KB] done reading input!
[t=0.003268s, 2600 KB] Initializing blind search heuristic...
[t=0.003298s, 2600 KB] Building successor generator... done!
[t=0.003372s, 2624 KB] peak memory difference for successor generator creation: 24 KB
[t=0.003376s, 2624 KB] time for successor generation creation: 0.000064s
[t=0.003382s, 2624 KB] Variables: 24
[t=0.003389s, 2624 KB] FactPairs: 105
[t=0.003391s, 2624 KB] Bytes per state: 8
[t=0.003398s, 2624 KB] Conducting best first search with reopening closed nodes, (real) bound = 2147483647
[t=0.003415s, 2636 KB] New best heuristic value for blind: 1
[t=0.003421s, 2636 KB] g=0, 1 evaluated, 0 expanded
[t=0.003424s, 2636 KB] f = 1, 1 evaluated, 0 expanded
[t=0.003466s, 2648 KB] Initial heuristic value for blind: 1
[t=0.003499s, 2648 KB] pruning method: none
[t=0.003527s, 2648 KB] f = 2, 3 evaluated, 1 expanded
[t=0.003541s, 2648 KB] f = 3, 6 evaluated, 3 expanded
[t=0.003553s, 2648 KB] f = 4, 10 evaluated, 6 expanded
[t=0.003569s, 2648 KB] f = 5, 19 evaluated, 10 expanded
[t=0.003596s, 2648 KB] f = 6, 37 evaluated, 19 expanded
[t=0.003628s, 2648 KB] f = 7, 58 evaluated, 37 expanded
[t=0.003671s, 2648 KB] f = 8, 91 evaluated, 58 expanded
[t=0.003717s, 2648 KB] f = 9, 126 evaluated, 91 expanded
[t=0.003787s, 2648 KB] f = 10, 174 evaluated, 126 expanded
[t=0.003856s, 2648 KB] f = 11, 227 evaluated, 174 expanded
[t=0.003951s, 2684 KB] f = 12, 293 evaluated, 227 expanded
[t=0.004042s, 2684 KB] f = 13, 363 evaluated, 293 expanded
[t=0.004156s, 2720 KB] f = 14, 457 evaluated, 363 expanded
[t=0.004310s, 2748 KB] f = 15, 547 evaluated, 457 expanded
[t=0.004449s, 2752 KB] f = 16, 656 evaluated, 547 expanded
[t=0.004580s, 2752 KB] f = 17, 750 evaluated, 656 expanded
[t=0.004705s, 2780 KB] f = 18, 851 evaluated, 750 expanded
[t=0.004832s, 2808 KB] f = 19, 936 evaluated, 851 expanded
[t=0.004986s, 2828 KB] f = 20, 1009 evaluated, 936 expanded
[t=0.005086s, 2864 KB] f = 21, 1060 evaluated, 1009 expanded
[t=0.005151s, 2864 KB] f = 22, 1099 evaluated, 1060 expanded
[t=0.005221s, 2864 KB] f = 23, 1126 evaluated, 1099 expanded
[t=0.005261s, 2864 KB] f = 24, 1150 evaluated, 1126 expanded
[t=0.005288s, 2864 KB] f = 25, 1169 evaluated, 1150 expanded
[t=0.005312s, 2864 KB] f = 26, 1183 evaluated, 1169 expanded
[t=0.005329s, 2864 KB] f = 27, 1194 evaluated, 1183 expanded
[t=0.005342s, 2864 KB] f = 28, 1203 evaluated, 1194 expanded
[t=0.005354s, 2864 KB] f = 29, 1208 evaluated, 1203 expanded
[t=0.005362s, 2864 KB] f = 30, 1214 evaluated, 1208 expanded
[t=0.005374s, 2864 KB] f = 31, 1222 evaluated, 1214 expanded
[t=0.005385s, 2864 KB] f = 32, 1228 evaluated, 1222 expanded
[t=0.005393s, 2864 KB] f = 33, 1230 evaluated, 1228 expanded
[t=0.005397s, 2864 KB] Completely explored state space -- no solution!
[t=0.005399s, 2864 KB] Actual search time: 0.001884s
[t=0.005402s, 2864 KB] Expanded 1230 state(s).
[t=0.005402s, 2864 KB] Reopened 0 state(s).
[t=0.005402s, 2864 KB] Evaluated 1230 state(s).
[t=0.005402s, 2864 KB] Evaluations: 1230
[t=0.005402s, 2864 KB] Generated 3287 state(s).
[t=0.005402s, 2864 KB] Dead ends: 0 state(s).
[t=0.005402s, 2864 KB] Expanded until last jump: 1228 state(s).
[t=0.005402s, 2864 KB] Reopened until last jump: 0 state(s).
[t=0.005402s, 2864 KB] Evaluated until last jump: 1230 state(s).
[t=0.005402s, 2864 KB] Generated until last jump: 3283 state(s).
[t=0.005402s, 2864 KB] Number of registered states: 1230
[t=0.005402s, 2864 KB] Int hash set load factor: 1230/2048 = 0.600586
[t=0.005402s, 2864 KB] Int hash set resizes: 11
[t=0.005402s, 2864 KB] Search time: 0.002005s
[t=0.005402s, 2864 KB] Total time: 0.005402s
Search stopped without finding a solution.
Remove intermediate file output.sas
search exit code: 12

Driver aborting after search
