INFO     planner time limit: None
INFO     planner memory limit: None

INFO     Running translator.
INFO     translator stdin: None
INFO     translator time limit: None
INFO     translator memory limit: None
INFO     translator command line string: 'D:\Miniforge3\python.exe' -m translate 'C:\Users\user\Desktop\theoria\.worktrees\e7-deadlock-claim\engine-rig\runs\20260728T150713Z-E7-deadlock-claim-audit\attacks\work\a3\door-swap\indexed\sokoban_guarded_indexed_domain.pddl' 'C:\Users\user\Desktop\theoria\.worktrees\e7-deadlock-claim\engine-rig\runs\20260728T150713Z-E7-deadlock-claim-audit\attacks\work\a3\door-swap\indexed\door-swap_guarded_indexed.pddl' --sas-file output.sas
Warning! SIGXCPU is not available on your platform. This means that the planner cannot be gracefully terminated when using a time limit, which, however, is probably supported on your platform anyway.
Parsing...
Parsing: [0.000s CPU, 0.002s wall-clock]
Normalizing task... [0.000s CPU, 0.000s wall-clock]
Instantiating...
Generating Datalog program... [0.000s CPU, 0.000s wall-clock]
Normalizing Datalog program...
Normalizing Datalog program: [0.000s CPU, 0.002s wall-clock]
Preparing model... [0.000s CPU, 0.001s wall-clock]
Generated 37 rules.
Computing model... [0.016s CPU, 0.009s wall-clock]
406 relevant atoms
1610 auxiliary atoms
2016 final queue length
2273 total queue pushes
Completing instantiation... [0.000s CPU, 0.002s wall-clock]
Instantiating: [0.016s CPU, 0.014s wall-clock]
Computing fact groups...
Finding invariants...
7 initial candidates
Finding invariants: [0.000s CPU, 0.001s wall-clock]
Checking invariant weight... [0.000s CPU, 0.000s wall-clock]
Instantiating groups... [0.000s CPU, 0.000s wall-clock]
Collecting mutex groups... [0.000s CPU, 0.000s wall-clock]
Choosing groups...
21 uncovered facts
Choosing groups: [0.000s CPU, 0.000s wall-clock]
Building translation key... [0.000s CPU, 0.000s wall-clock]
Computing fact groups: [0.000s CPU, 0.002s wall-clock]
Building STRIPS to SAS dictionary... [0.000s CPU, 0.000s wall-clock]
Building dictionary for full mutex groups... [0.000s CPU, 0.000s wall-clock]
Building mutex information...
Building mutex information: [0.000s CPU, 0.000s wall-clock]
Translating task...
Processing axioms...
Simplifying axioms... [0.000s CPU, 0.000s wall-clock]
Translator axioms removed by simplifying: 0
Processing axioms: [0.000s CPU, 0.000s wall-clock]
Translating task: [0.000s CPU, 0.011s wall-clock]
610 effect conditions simplified
0 implied preconditions added
Detecting unreachable propositions...
53 operators removed
0 axioms removed
11 propositions removed
Detecting unreachable propositions: [0.000s CPU, 0.004s wall-clock]
Reordering and filtering variables...
24 of 24 variables necessary.
21 of 24 mutex groups necessary.
281 of 281 operators necessary.
0 of 0 axiom rules necessary.
Reordering and filtering variables: [0.000s CPU, 0.002s wall-clock]
Translator variables: 24
Translator derived variables: 0
Translator facts: 97
Translator goal facts: 2
Translator mutex groups: 21
Translator total mutex groups size: 76
Translator operators: 281
Translator axioms: 0
Translator task size: 2732
warning: could not determine peak memory
Writing output... [0.000s CPU, 0.014s wall-clock]
Done! [0.016s CPU, 0.052s wall-clock]
translate exit code: 0

INFO     Running search (release).
INFO     search stdin: output.sas
INFO     search time limit: None
INFO     search memory limit: None
INFO     search command line string: 'C:\Users\user\Desktop\theoria\.worktrees\p13\engine-rig\.toolchain\downward\builds\release\bin\downward.exe' --search 'astar(lmcut())' --internal-plan-file 'C:\Users\user\AppData\Local\Temp\tmpd5i3n8fi\sas_plan' < output.sas
[t=0.000115s, 1880 KB] Search code revision: 7120aa0
[t=0.000198s, 1892 KB] reading input...
[t=0.003034s, 2448 KB] done reading input!
[t=0.004041s, 3004 KB] Initializing landmark cut heuristic...
[t=0.004070s, 3004 KB] Building successor generator... done!
[t=0.004162s, 3032 KB] peak memory difference for successor generator creation: 28 KB
[t=0.004165s, 3032 KB] time for successor generation creation: 0.000085s
[t=0.004170s, 3032 KB] Variables: 24
[t=0.004172s, 3032 KB] FactPairs: 97
[t=0.004175s, 3032 KB] Bytes per state: 8
[t=0.004182s, 3032 KB] Conducting best first search with reopening closed nodes, (real) bound = 2147483647
[t=0.004632s, 3044 KB] New best heuristic value for lmcut: 15
[t=0.004651s, 3044 KB] g=0, 1 evaluated, 0 expanded
[t=0.004719s, 3044 KB] f = 15, 1 evaluated, 0 expanded
[t=0.004732s, 3044 KB] Initial heuristic value for lmcut: 15
[t=0.004737s, 3044 KB] pruning method: none
[t=0.004859s, 3044 KB] New best heuristic value for lmcut: 14
[t=0.004866s, 3044 KB] g=1, 2 evaluated, 1 expanded
[t=0.005060s, 3044 KB] New best heuristic value for lmcut: 13
[t=0.005075s, 3044 KB] g=2, 4 evaluated, 2 expanded
[t=0.005454s, 3044 KB] New best heuristic value for lmcut: 11
[t=0.005472s, 3044 KB] g=3, 6 evaluated, 3 expanded
[t=0.005599s, 3044 KB] New best heuristic value for lmcut: 10
[t=0.005612s, 3044 KB] g=4, 7 evaluated, 4 expanded
[t=0.005966s, 3044 KB] f = 16, 15 evaluated, 9 expanded
[t=0.006242s, 3044 KB] f = 17, 20 evaluated, 13 expanded
[t=0.006752s, 3044 KB] f = 18, 30 evaluated, 17 expanded
[t=0.007133s, 3044 KB] f = 19, 37 evaluated, 22 expanded
[t=0.007265s, 3044 KB] f = 20, 41 evaluated, 26 expanded
[t=0.007660s, 3044 KB] f = 21, 46 evaluated, 31 expanded
[t=0.008112s, 3044 KB] f = 22, 52 evaluated, 36 expanded
[t=0.008128s, 3044 KB] f = 23, 52 evaluated, 39 expanded
[t=0.008292s, 3044 KB] f = 24, 54 evaluated, 44 expanded
[t=0.008310s, 3044 KB] f = 25, 54 evaluated, 46 expanded
[t=0.008315s, 3044 KB] Completely explored state space -- no solution!
[t=0.008320s, 3044 KB] Actual search time: 0.003557s
[t=0.008324s, 3044 KB] Expanded 47 state(s).
[t=0.008324s, 3044 KB] Reopened 0 state(s).
[t=0.008324s, 3044 KB] Evaluated 54 state(s).
[t=0.008324s, 3044 KB] Evaluations: 54
[t=0.008324s, 3044 KB] Generated 127 state(s).
[t=0.008324s, 3044 KB] Dead ends: 7 state(s).
[t=0.008324s, 3044 KB] Expanded until last jump: 46 state(s).
[t=0.008324s, 3044 KB] Reopened until last jump: 0 state(s).
[t=0.008324s, 3044 KB] Evaluated until last jump: 54 state(s).
[t=0.008324s, 3044 KB] Generated until last jump: 125 state(s).
[t=0.008324s, 3044 KB] Number of registered states: 54
[t=0.008324s, 3044 KB] Int hash set load factor: 54/64 = 0.843750
[t=0.008324s, 3044 KB] Int hash set resizes: 6
[t=0.008324s, 3044 KB] Search time: 0.004143s
[t=0.008324s, 3044 KB] Total time: 0.008324s
Search stopped without finding a solution.
Remove intermediate file output.sas
search exit code: 12

Driver aborting after search
