INFO     planner time limit: None
INFO     planner memory limit: None

INFO     Running translator.
INFO     translator stdin: None
INFO     translator time limit: None
INFO     translator memory limit: None
INFO     translator command line string: 'D:\Miniforge3\python.exe' -m translate 'C:\Users\user\Desktop\theoria\.worktrees\e7-deadlock-claim\engine-rig\fixtures\data\sokoban_domain.pddl' 'C:\Users\user\Desktop\theoria\.worktrees\e7-deadlock-claim\engine-rig\runs\20260728T150713Z-E7-deadlock-claim-audit\attacks\work\a3\door-swap\door-swap.pddl' --sas-file output.sas
Warning! SIGXCPU is not available on your platform. This means that the planner cannot be gracefully terminated when using a time limit, which, however, is probably supported on your platform anyway.
Parsing...
Parsing: [0.000s CPU, 0.002s wall-clock]
Normalizing task... [0.000s CPU, 0.000s wall-clock]
Instantiating...
Generating Datalog program... [0.000s CPU, 0.000s wall-clock]
Normalizing Datalog program...
Normalizing Datalog program: [0.000s CPU, 0.001s wall-clock]
Preparing model... [0.000s CPU, 0.000s wall-clock]
Generated 20 rules.
Computing model... [0.000s CPU, 0.005s wall-clock]
350 relevant atoms
492 auxiliary atoms
842 final queue length
1099 total queue pushes
Completing instantiation... [0.000s CPU, 0.002s wall-clock]
Instantiating: [0.000s CPU, 0.008s wall-clock]
Computing fact groups...
Finding invariants...
7 initial candidates
Finding invariants: [0.000s CPU, 0.001s wall-clock]
Checking invariant weight... [0.000s CPU, 0.000s wall-clock]
Instantiating groups... [0.000s CPU, 0.000s wall-clock]
Collecting mutex groups... [0.000s CPU, 0.000s wall-clock]
Choosing groups...
21 uncovered facts
Choosing groups: [0.000s CPU, 0.000s wall-clock]
Building translation key... [0.000s CPU, 0.000s wall-clock]
Computing fact groups: [0.000s CPU, 0.002s wall-clock]
Building STRIPS to SAS dictionary... [0.000s CPU, 0.000s wall-clock]
Building dictionary for full mutex groups... [0.000s CPU, 0.000s wall-clock]
Building mutex information...
Building mutex information: [0.000s CPU, 0.000s wall-clock]
Translating task...
Processing axioms...
Simplifying axioms... [0.000s CPU, 0.000s wall-clock]
Translator axioms removed by simplifying: 0
Processing axioms: [0.000s CPU, 0.000s wall-clock]
Translating task: [0.000s CPU, 0.002s wall-clock]
194 effect conditions simplified
0 implied preconditions added
Detecting unreachable propositions...
0 operators removed
0 axioms removed
3 propositions removed
Detecting unreachable propositions: [0.000s CPU, 0.001s wall-clock]
Reordering and filtering variables...
24 of 24 variables necessary.
21 of 24 mutex groups necessary.
126 of 126 operators necessary.
0 of 0 axiom rules necessary.
Reordering and filtering variables: [0.000s CPU, 0.001s wall-clock]
Translator variables: 24
Translator derived variables: 0
Translator facts: 105
Translator goal facts: 2
Translator mutex groups: 21
Translator total mutex groups size: 84
Translator operators: 126
Translator axioms: 0
Translator task size: 1175
warning: could not determine peak memory
Writing output... [0.000s CPU, 0.011s wall-clock]
Done! [0.016s CPU, 0.027s wall-clock]
translate exit code: 0

INFO     Running search (release).
INFO     search stdin: output.sas
INFO     search time limit: None
INFO     search memory limit: None
INFO     search command line string: 'C:\Users\user\Desktop\theoria\.worktrees\p13\engine-rig\.toolchain\downward\builds\release\bin\downward.exe' --search 'astar(lmcut())' --internal-plan-file 'C:\Users\user\AppData\Local\Temp\tmpdpnxvapv\sas_plan' < output.sas
[t=0.000095s, 1796 KB] Search code revision: 7120aa0
[t=0.000182s, 1796 KB] reading input...
[t=0.001860s, 2176 KB] done reading input!
[t=0.002986s, 2688 KB] Initializing landmark cut heuristic...
[t=0.003017s, 2716 KB] Building successor generator... done!
[t=0.003074s, 2724 KB] peak memory difference for successor generator creation: 8 KB
[t=0.003078s, 2724 KB] time for successor generation creation: 0.000048s
[t=0.003084s, 2724 KB] Variables: 24
[t=0.003088s, 2724 KB] FactPairs: 105
[t=0.003091s, 2724 KB] Bytes per state: 8
[t=0.003098s, 2736 KB] Conducting best first search with reopening closed nodes, (real) bound = 2147483647
[t=0.003171s, 2796 KB] New best heuristic value for lmcut: 14
[t=0.003178s, 2796 KB] g=0, 1 evaluated, 0 expanded
[t=0.003183s, 2796 KB] f = 14, 1 evaluated, 0 expanded
[t=0.003189s, 2796 KB] Initial heuristic value for lmcut: 14
[t=0.003192s, 2804 KB] pruning method: none
[t=0.003258s, 2804 KB] New best heuristic value for lmcut: 13
[t=0.003263s, 2804 KB] g=1, 3 evaluated, 1 expanded
[t=0.003292s, 2804 KB] New best heuristic value for lmcut: 12
[t=0.003297s, 2804 KB] g=2, 4 evaluated, 2 expanded
[t=0.003366s, 2804 KB] New best heuristic value for lmcut: 11
[t=0.003370s, 2804 KB] g=3, 7 evaluated, 3 expanded
[t=0.003440s, 2828 KB] f = 15, 11 evaluated, 4 expanded
[t=0.003509s, 2828 KB] f = 16, 14 evaluated, 6 expanded
[t=0.003681s, 2856 KB] f = 17, 21 evaluated, 11 expanded
[t=0.003766s, 2876 KB] f = 18, 24 evaluated, 15 expanded
[t=0.003893s, 2884 KB] f = 19, 29 evaluated, 20 expanded
[t=0.003992s, 2884 KB] f = 20, 34 evaluated, 22 expanded
[t=0.004080s, 2896 KB] f = 21, 38 evaluated, 25 expanded
[t=0.004168s, 2896 KB] f = 22, 41 evaluated, 27 expanded
[t=0.004394s, 2908 KB] f = 23, 51 evaluated, 33 expanded
[t=0.004538s, 2912 KB] f = 24, 57 evaluated, 40 expanded
[t=0.004547s, 2916 KB] f = 25, 57 evaluated, 45 expanded
[t=0.004551s, 2916 KB] Completely explored state space -- no solution!
[t=0.004553s, 2916 KB] Actual search time: 0.001359s
[t=0.004559s, 2920 KB] Expanded 47 state(s).
[t=0.004559s, 2920 KB] Reopened 0 state(s).
[t=0.004559s, 2920 KB] Evaluated 57 state(s).
[t=0.004559s, 2920 KB] Evaluations: 57
[t=0.004559s, 2920 KB] Generated 130 state(s).
[t=0.004559s, 2920 KB] Dead ends: 10 state(s).
[t=0.004559s, 2920 KB] Expanded until last jump: 45 state(s).
[t=0.004559s, 2920 KB] Reopened until last jump: 0 state(s).
[t=0.004559s, 2920 KB] Evaluated until last jump: 57 state(s).
[t=0.004559s, 2920 KB] Generated until last jump: 126 state(s).
[t=0.004559s, 2920 KB] Number of registered states: 57
[t=0.004559s, 2920 KB] Int hash set load factor: 57/64 = 0.890625
[t=0.004559s, 2920 KB] Int hash set resizes: 6
[t=0.004559s, 2920 KB] Search time: 0.001462s
[t=0.004559s, 2920 KB] Total time: 0.004559s
Search stopped without finding a solution.
Remove intermediate file output.sas
search exit code: 12

Driver aborting after search
