INFO     planner time limit: None
INFO     planner memory limit: None

INFO     Running translator.
INFO     translator stdin: None
INFO     translator time limit: None
INFO     translator memory limit: None
INFO     translator command line string: 'D:\Miniforge3\python.exe' -m translate 'C:\Users\user\Desktop\theoria\.worktrees\e7-deadlock-claim\engine-rig\fixtures\data\sokoban_domain.pddl' 'C:\Users\user\Desktop\theoria\.worktrees\e7-deadlock-claim\engine-rig\runs\20260728T150713Z-E7-deadlock-claim-audit\attacks\work\a3\far8-midplayer\far8-midplayer.pddl' --sas-file output.sas
Warning! SIGXCPU is not available on your platform. This means that the planner cannot be gracefully terminated when using a time limit, which, however, is probably supported on your platform anyway.
Parsing...
Parsing: [0.000s CPU, 0.002s wall-clock]
Normalizing task... [0.000s CPU, 0.000s wall-clock]
Instantiating...
Generating Datalog program... [0.000s CPU, 0.001s wall-clock]
Normalizing Datalog program...
Normalizing Datalog program: [0.000s CPU, 0.001s wall-clock]
Preparing model... [0.000s CPU, 0.001s wall-clock]
Generated 20 rules.
Computing model... [0.016s CPU, 0.010s wall-clock]
1299 relevant atoms
1824 auxiliary atoms
3123 final queue length
4531 total queue pushes
Completing instantiation... [0.016s CPU, 0.011s wall-clock]
Instantiating: [0.031s CPU, 0.024s wall-clock]
Computing fact groups...
Finding invariants...
7 initial candidates
Finding invariants: [0.000s CPU, 0.001s wall-clock]
Checking invariant weight... [0.000s CPU, 0.000s wall-clock]
Instantiating groups... [0.000s CPU, 0.002s wall-clock]
Collecting mutex groups... [0.000s CPU, 0.000s wall-clock]
Choosing groups...
64 uncovered facts
Choosing groups: [0.000s CPU, 0.000s wall-clock]
Building translation key... [0.000s CPU, 0.000s wall-clock]
Computing fact groups: [0.000s CPU, 0.004s wall-clock]
Building STRIPS to SAS dictionary... [0.000s CPU, 0.000s wall-clock]
Building dictionary for full mutex groups... [0.000s CPU, 0.000s wall-clock]
Building mutex information...
Building mutex information: [0.000s CPU, 0.000s wall-clock]
Translating task...
Processing axioms...
Simplifying axioms... [0.000s CPU, 0.000s wall-clock]
Translator axioms removed by simplifying: 0
Processing axioms: [0.000s CPU, 0.001s wall-clock]
Translating task: [0.016s CPU, 0.013s wall-clock]
992 effect conditions simplified
0 implied preconditions added
Detecting unreachable propositions...
0 operators removed
0 axioms removed
3 propositions removed
Detecting unreachable propositions: [0.000s CPU, 0.006s wall-clock]
Reordering and filtering variables...
67 of 67 variables necessary.
64 of 67 mutex groups necessary.
608 of 608 operators necessary.
0 of 0 axiom rules necessary.
Reordering and filtering variables: [0.000s CPU, 0.004s wall-clock]
Translator variables: 67
Translator derived variables: 0
Translator facts: 320
Translator goal facts: 2
Translator mutex groups: 64
Translator total mutex groups size: 256
Translator operators: 608
Translator axioms: 0
Translator task size: 5445
warning: could not determine peak memory
Writing output... [0.031s CPU, 0.016s wall-clock]
Done! [0.078s CPU, 0.071s wall-clock]
translate exit code: 0

INFO     Running search (release).
INFO     search stdin: output.sas
INFO     search time limit: None
INFO     search memory limit: None
INFO     search command line string: 'C:\Users\user\Desktop\theoria\.worktrees\p13\engine-rig\.toolchain\downward\builds\release\bin\downward.exe' --search 'astar(blind())' --internal-plan-file 'C:\Users\user\AppData\Local\Temp\tmpg41munbr\sas_plan' < output.sas
[t=0.000136s, 1956 KB] Search code revision: 7120aa0
[t=0.000237s, 1956 KB] reading input...
[t=0.005953s, 2648 KB] done reading input!
[t=0.006810s, 3028 KB] Initializing blind search heuristic...
[t=0.006835s, 3028 KB] Building successor generator... done!
[t=0.007057s, 3124 KB] peak memory difference for successor generator creation: 96 KB
[t=0.007060s, 3124 KB] time for successor generation creation: 0.000214s
[t=0.007065s, 3124 KB] Variables: 67
[t=0.007069s, 3124 KB] FactPairs: 320
[t=0.007073s, 3124 KB] Bytes per state: 12
[t=0.007080s, 3124 KB] Conducting best first search with reopening closed nodes, (real) bound = 2147483647
[t=0.007092s, 3124 KB] New best heuristic value for blind: 1
[t=0.007098s, 3124 KB] g=0, 1 evaluated, 0 expanded
[t=0.007101s, 3124 KB] f = 1, 1 evaluated, 0 expanded
[t=0.007105s, 3124 KB] Initial heuristic value for blind: 1
[t=0.007108s, 3124 KB] pruning method: none
[t=0.007120s, 3124 KB] f = 2, 5 evaluated, 1 expanded
[t=0.007137s, 3124 KB] f = 3, 14 evaluated, 5 expanded
[t=0.007168s, 3124 KB] f = 4, 34 evaluated, 14 expanded
[t=0.007221s, 3124 KB] f = 5, 71 evaluated, 34 expanded
[t=0.007305s, 3124 KB] f = 6, 137 evaluated, 71 expanded
[t=0.007443s, 3124 KB] f = 7, 253 evaluated, 137 expanded
[t=0.007679s, 3124 KB] f = 8, 449 evaluated, 253 expanded
[t=0.008090s, 3136 KB] f = 9, 786 evaluated, 449 expanded
[t=0.008750s, 3156 KB] f = 10, 1354 evaluated, 786 expanded
[t=0.009891s, 3224 KB] f = 11, 2299 evaluated, 1354 expanded
[t=0.011516s, 3256 KB] f = 12, 3775 evaluated, 2299 expanded
[t=0.014162s, 3376 KB] f = 13, 6010 evaluated, 3775 expanded
[t=0.018446s, 3668 KB] f = 14, 9222 evaluated, 6010 expanded
[t=0.024033s, 3936 KB] f = 15, 13717 evaluated, 9222 expanded
[t=0.032938s, 4200 KB] f = 16, 19829 evaluated, 13717 expanded
[t=0.043887s, 4468 KB] f = 17, 27719 evaluated, 19829 expanded
[t=0.062334s, 5252 KB] f = 18, 37463 evaluated, 27719 expanded
[t=0.081930s, 5416 KB] f = 19, 49048 evaluated, 37463 expanded
[t=0.104783s, 6780 KB] f = 20, 62452 evaluated, 49048 expanded
[t=0.110456s, 6780 KB] New best heuristic value for blind: 0
[t=0.110489s, 6780 KB] g=20, 65648 evaluated, 51931 expanded
[t=0.110495s, 6780 KB] Solution found!
[t=0.110503s, 6780 KB] Actual search time: 0.103392s
move c44 c34 up (1)
push c34 c33 c32 b2 left (1)
move c33 c23 up (1)
push c23 c22 c21 b1 left (1)
push c22 c32 c42 b2 down (1)
push c32 c42 c52 b2 down (1)
push c42 c52 c62 b2 down (1)
push c52 c62 c72 b2 down (1)
move c62 c52 up (1)
move c52 c42 up (1)
move c42 c32 up (1)
move c32 c22 up (1)
move c22 c12 up (1)
move c12 c11 left (1)
push c11 c21 c31 b1 down (1)
push c21 c31 c41 b1 down (1)
push c31 c41 c51 b1 down (1)
push c41 c51 c61 b1 down (1)
push c51 c61 c71 b1 down (1)
push c61 c71 c81 b1 down (1)
[t=0.110506s, 6780 KB] Plan length: 20 step(s).
[t=0.110506s, 6780 KB] Plan cost: 20
[t=0.110506s, 6780 KB] Expanded 51932 state(s).
[t=0.110506s, 6780 KB] Reopened 0 state(s).
[t=0.110506s, 6780 KB] Evaluated 65649 state(s).
[t=0.110506s, 6780 KB] Evaluations: 65649
[t=0.110506s, 6780 KB] Generated 186395 state(s).
[t=0.110506s, 6780 KB] Dead ends: 0 state(s).
[t=0.110506s, 6780 KB] Expanded until last jump: 49048 state(s).
[t=0.110506s, 6780 KB] Reopened until last jump: 0 state(s).
[t=0.110506s, 6780 KB] Evaluated until last jump: 62452 state(s).
[t=0.110506s, 6780 KB] Generated until last jump: 176096 state(s).
[t=0.110506s, 6780 KB] Number of registered states: 65649
[t=0.110506s, 6780 KB] Int hash set load factor: 65649/131072 = 0.500862
[t=0.110506s, 6780 KB] Int hash set resizes: 17
[t=0.110506s, 6780 KB] Search time: 0.103427s
[t=0.110506s, 6780 KB] Total time: 0.110506s
Solution found.
Remove intermediate file output.sas
search exit code: 0

