INFO     planner time limit: None
INFO     planner memory limit: None

INFO     Running translator.
INFO     translator stdin: None
INFO     translator time limit: None
INFO     translator memory limit: None
INFO     translator command line string: 'D:\Miniforge3\python.exe' -m translate 'C:\Users\user\Desktop\theoria\.worktrees\e7-deadlock-claim\engine-rig\runs\20260728T150713Z-E7-deadlock-claim-audit\attacks\work\a3\far8-midplayer\singleton\sokoban_guarded_singleton_domain.pddl' 'C:\Users\user\Desktop\theoria\.worktrees\e7-deadlock-claim\engine-rig\runs\20260728T150713Z-E7-deadlock-claim-audit\attacks\work\a3\far8-midplayer\singleton\far8-midplayer_guarded_singleton.pddl' --sas-file output.sas
Warning! SIGXCPU is not available on your platform. This means that the planner cannot be gracefully terminated when using a time limit, which, however, is probably supported on your platform anyway.
Parsing...
Parsing: [0.000s CPU, 0.003s wall-clock]
Normalizing task... [0.000s CPU, 0.000s wall-clock]
Instantiating...
Generating Datalog program... [0.000s CPU, 0.001s wall-clock]
Normalizing Datalog program...
Normalizing Datalog program: [0.000s CPU, 0.002s wall-clock]
Preparing model... [0.000s CPU, 0.001s wall-clock]
Generated 20 rules.
Computing model... [0.016s CPU, 0.011s wall-clock]
1306 relevant atoms
1824 auxiliary atoms
3130 final queue length
4538 total queue pushes
Completing instantiation... [0.000s CPU, 0.011s wall-clock]
Instantiating: [0.016s CPU, 0.025s wall-clock]
Computing fact groups...
Finding invariants...
7 initial candidates
Finding invariants: [0.000s CPU, 0.001s wall-clock]
Checking invariant weight... [0.000s CPU, 0.000s wall-clock]
Instantiating groups... [0.016s CPU, 0.002s wall-clock]
Collecting mutex groups... [0.000s CPU, 0.000s wall-clock]
Choosing groups...
64 uncovered facts
Choosing groups: [0.000s CPU, 0.000s wall-clock]
Building translation key... [0.000s CPU, 0.000s wall-clock]
Computing fact groups: [0.016s CPU, 0.004s wall-clock]
Building STRIPS to SAS dictionary... [0.000s CPU, 0.000s wall-clock]
Building dictionary for full mutex groups... [0.000s CPU, 0.000s wall-clock]
Building mutex information...
Building mutex information: [0.000s CPU, 0.000s wall-clock]
Translating task...
Processing axioms...
Simplifying axioms... [0.000s CPU, 0.000s wall-clock]
Translator axioms removed by simplifying: 0
Processing axioms: [0.000s CPU, 0.001s wall-clock]
Translating task: [0.016s CPU, 0.017s wall-clock]
964 effect conditions simplified
0 implied preconditions added
Detecting unreachable propositions...
0 operators removed
0 axioms removed
10 propositions removed
Detecting unreachable propositions: [0.000s CPU, 0.007s wall-clock]
Reordering and filtering variables...
67 of 67 variables necessary.
64 of 67 mutex groups necessary.
594 of 594 operators necessary.
0 of 0 axiom rules necessary.
Reordering and filtering variables: [0.000s CPU, 0.004s wall-clock]
Translator variables: 67
Translator derived variables: 0
Translator facts: 313
Translator goal facts: 2
Translator mutex groups: 64
Translator total mutex groups size: 249
Translator operators: 594
Translator axioms: 0
Translator task size: 5305
warning: could not determine peak memory
Writing output... [0.000s CPU, 0.016s wall-clock]
Done! [0.062s CPU, 0.078s wall-clock]
translate exit code: 0

INFO     Running search (release).
INFO     search stdin: output.sas
INFO     search time limit: None
INFO     search memory limit: None
INFO     search command line string: 'C:\Users\user\Desktop\theoria\.worktrees\p13\engine-rig\.toolchain\downward\builds\release\bin\downward.exe' --search 'astar(lmcut())' --internal-plan-file 'C:\Users\user\AppData\Local\Temp\tmpqtrqeuih\sas_plan' < output.sas
[t=0.000096s, 1856 KB] Search code revision: 7120aa0
[t=0.000170s, 1856 KB] reading input...
[t=0.005675s, 2680 KB] done reading input!
[t=0.007056s, 3260 KB] Initializing landmark cut heuristic...
[t=0.007096s, 3260 KB] Building successor generator... done!
[t=0.007308s, 3396 KB] peak memory difference for successor generator creation: 136 KB
[t=0.007311s, 3396 KB] time for successor generation creation: 0.000205s
[t=0.007316s, 3396 KB] Variables: 67
[t=0.007320s, 3396 KB] FactPairs: 313
[t=0.007322s, 3396 KB] Bytes per state: 12
[t=0.007328s, 3396 KB] Conducting best first search with reopening closed nodes, (real) bound = 2147483647
[t=0.007486s, 3396 KB] New best heuristic value for lmcut: 16
[t=0.007491s, 3396 KB] g=0, 1 evaluated, 0 expanded
[t=0.007493s, 3396 KB] f = 16, 1 evaluated, 0 expanded
[t=0.007501s, 3408 KB] Initial heuristic value for lmcut: 16
[t=0.007504s, 3408 KB] pruning method: none
[t=0.007647s, 3408 KB] New best heuristic value for lmcut: 15
[t=0.007652s, 3408 KB] g=1, 2 evaluated, 1 expanded
[t=0.008472s, 3408 KB] New best heuristic value for lmcut: 14
[t=0.008511s, 3408 KB] g=2, 6 evaluated, 2 expanded
[t=0.008741s, 3408 KB] New best heuristic value for lmcut: 13
[t=0.008767s, 3408 KB] g=2, 7 evaluated, 2 expanded
[t=0.009210s, 3408 KB] New best heuristic value for lmcut: 11
[t=0.009225s, 3408 KB] g=3, 9 evaluated, 3 expanded
[t=0.010507s, 3408 KB] New best heuristic value for lmcut: 10
[t=0.010521s, 3408 KB] g=6, 16 evaluated, 6 expanded
[t=0.012514s, 3408 KB] New best heuristic value for lmcut: 9
[t=0.012533s, 3408 KB] g=4, 29 evaluated, 11 expanded
[t=0.013182s, 3408 KB] New best heuristic value for lmcut: 8
[t=0.013191s, 3408 KB] g=5, 33 evaluated, 13 expanded
[t=0.014094s, 3408 KB] New best heuristic value for lmcut: 7
[t=0.014110s, 3408 KB] g=8, 41 evaluated, 16 expanded
[t=0.015060s, 3408 KB] f = 17, 49 evaluated, 21 expanded
[t=0.016259s, 3408 KB] New best heuristic value for lmcut: 6
[t=0.016277s, 3408 KB] g=11, 60 evaluated, 27 expanded
[t=0.017992s, 3408 KB] f = 18, 76 evaluated, 33 expanded
[t=0.022653s, 3408 KB] New best heuristic value for lmcut: 5
[t=0.022677s, 3408 KB] g=13, 123 evaluated, 59 expanded
[t=0.031509s, 3408 KB] f = 19, 184 evaluated, 85 expanded
[t=0.046350s, 3428 KB] f = 20, 306 evaluated, 147 expanded
[t=0.058896s, 3428 KB] New best heuristic value for lmcut: 4
[t=0.058920s, 3428 KB] g=16, 417 evaluated, 199 expanded
[t=0.059060s, 3428 KB] New best heuristic value for lmcut: 3
[t=0.059065s, 3428 KB] g=17, 420 evaluated, 200 expanded
[t=0.059177s, 3428 KB] New best heuristic value for lmcut: 2
[t=0.059181s, 3428 KB] g=18, 423 evaluated, 201 expanded
[t=0.059241s, 3428 KB] New best heuristic value for lmcut: 1
[t=0.059245s, 3428 KB] g=19, 425 evaluated, 202 expanded
[t=0.059315s, 3428 KB] New best heuristic value for lmcut: 0
[t=0.059319s, 3428 KB] g=20, 428 evaluated, 203 expanded
[t=0.059367s, 3428 KB] Solution found!
[t=0.059373s, 3428 KB] Actual search time: 0.051868s
move c44 c34 up (1)
push c34 c33 c32 b2 left (1)
move c33 c23 up (1)
push c23 c22 c21 b1 left (1)
push c22 c32 c42 b2 down (1)
push c32 c42 c52 b2 down (1)
push c42 c52 c62 b2 down (1)
push c52 c62 c72 b2 down (1)
move c62 c52 up (1)
move c52 c42 up (1)
move c42 c32 up (1)
move c32 c22 up (1)
move c22 c12 up (1)
move c12 c11 left (1)
push c11 c21 c31 b1 down (1)
push c21 c31 c41 b1 down (1)
push c31 c41 c51 b1 down (1)
push c41 c51 c61 b1 down (1)
push c51 c61 c71 b1 down (1)
push c61 c71 c81 b1 down (1)
[t=0.059377s, 3428 KB] Plan length: 20 step(s).
[t=0.059377s, 3428 KB] Plan cost: 20
[t=0.059377s, 3428 KB] Expanded 204 state(s).
[t=0.059377s, 3428 KB] Reopened 0 state(s).
[t=0.059377s, 3428 KB] Evaluated 430 state(s).
[t=0.059377s, 3428 KB] Evaluations: 430
[t=0.059377s, 3428 KB] Generated 686 state(s).
[t=0.059377s, 3428 KB] Dead ends: 8 state(s).
[t=0.059377s, 3428 KB] Expanded until last jump: 147 state(s).
[t=0.059377s, 3428 KB] Reopened until last jump: 0 state(s).
[t=0.059377s, 3428 KB] Evaluated until last jump: 306 state(s).
[t=0.059377s, 3428 KB] Generated until last jump: 499 state(s).
[t=0.059377s, 3428 KB] Number of registered states: 430
[t=0.059377s, 3428 KB] Int hash set load factor: 430/512 = 0.839844
[t=0.059377s, 3428 KB] Int hash set resizes: 9
[t=0.059377s, 3428 KB] Search time: 0.052050s
[t=0.059377s, 3428 KB] Total time: 0.059377s
Solution found.
Remove intermediate file output.sas
search exit code: 0

