INFO     planner time limit: None
INFO     planner memory limit: None

INFO     Running translator.
INFO     translator stdin: None
INFO     translator time limit: None
INFO     translator memory limit: None
INFO     translator command line string: 'D:\Miniforge3\python.exe' -m translate 'C:\Users\user\Desktop\theoria\.worktrees\e7-deadlock-claim\engine-rig\fixtures\data\sokoban_domain.pddl' 'C:\Users\user\Desktop\theoria\.worktrees\e7-deadlock-claim\engine-rig\runs\20260728T150713Z-E7-deadlock-claim-audit\attacks\work\a3\far8-midplayer\far8-midplayer.pddl' --sas-file output.sas
Warning! SIGXCPU is not available on your platform. This means that the planner cannot be gracefully terminated when using a time limit, which, however, is probably supported on your platform anyway.
Parsing...
Parsing: [0.000s CPU, 0.003s wall-clock]
Normalizing task... [0.000s CPU, 0.000s wall-clock]
Instantiating...
Generating Datalog program... [0.000s CPU, 0.000s wall-clock]
Normalizing Datalog program...
Normalizing Datalog program: [0.000s CPU, 0.001s wall-clock]
Preparing model... [0.000s CPU, 0.001s wall-clock]
Generated 20 rules.
Computing model... [0.000s CPU, 0.011s wall-clock]
1299 relevant atoms
1824 auxiliary atoms
3123 final queue length
4531 total queue pushes
Completing instantiation... [0.016s CPU, 0.010s wall-clock]
Instantiating: [0.016s CPU, 0.023s wall-clock]
Computing fact groups...
Finding invariants...
7 initial candidates
Finding invariants: [0.000s CPU, 0.001s wall-clock]
Checking invariant weight... [0.000s CPU, 0.000s wall-clock]
Instantiating groups... [0.000s CPU, 0.002s wall-clock]
Collecting mutex groups... [0.000s CPU, 0.000s wall-clock]
Choosing groups...
64 uncovered facts
Choosing groups: [0.000s CPU, 0.000s wall-clock]
Building translation key... [0.000s CPU, 0.000s wall-clock]
Computing fact groups: [0.000s CPU, 0.004s wall-clock]
Building STRIPS to SAS dictionary... [0.000s CPU, 0.000s wall-clock]
Building dictionary for full mutex groups... [0.000s CPU, 0.000s wall-clock]
Building mutex information...
Building mutex information: [0.000s CPU, 0.000s wall-clock]
Translating task...
Processing axioms...
Simplifying axioms... [0.000s CPU, 0.000s wall-clock]
Translator axioms removed by simplifying: 0
Processing axioms: [0.000s CPU, 0.001s wall-clock]
Translating task: [0.000s CPU, 0.015s wall-clock]
992 effect conditions simplified
0 implied preconditions added
Detecting unreachable propositions...
0 operators removed
0 axioms removed
3 propositions removed
Detecting unreachable propositions: [0.016s CPU, 0.008s wall-clock]
Reordering and filtering variables...
67 of 67 variables necessary.
64 of 67 mutex groups necessary.
608 of 608 operators necessary.
0 of 0 axiom rules necessary.
Reordering and filtering variables: [0.000s CPU, 0.004s wall-clock]
Translator variables: 67
Translator derived variables: 0
Translator facts: 320
Translator goal facts: 2
Translator mutex groups: 64
Translator total mutex groups size: 256
Translator operators: 608
Translator axioms: 0
Translator task size: 5445
warning: could not determine peak memory
Writing output... [0.016s CPU, 0.017s wall-clock]
Done! [0.062s CPU, 0.076s wall-clock]
translate exit code: 0

INFO     Running search (release).
INFO     search stdin: output.sas
INFO     search time limit: None
INFO     search memory limit: None
INFO     search command line string: 'C:\Users\user\Desktop\theoria\.worktrees\p13\engine-rig\.toolchain\downward\builds\release\bin\downward.exe' --search 'astar(lmcut())' --internal-plan-file 'C:\Users\user\AppData\Local\Temp\tmp1q4hf_je\sas_plan' < output.sas
[t=0.000165s, 1852 KB] Search code revision: 7120aa0
[t=0.000272s, 1856 KB] reading input...
[t=0.006152s, 2652 KB] done reading input!
[t=0.007313s, 3264 KB] Initializing landmark cut heuristic...
[t=0.007338s, 3264 KB] Building successor generator... done!
[t=0.007554s, 3368 KB] peak memory difference for successor generator creation: 104 KB
[t=0.007558s, 3368 KB] time for successor generation creation: 0.000207s
[t=0.007563s, 3368 KB] Variables: 67
[t=0.007566s, 3368 KB] FactPairs: 320
[t=0.007568s, 3368 KB] Bytes per state: 12
[t=0.007576s, 3368 KB] Conducting best first search with reopening closed nodes, (real) bound = 2147483647
[t=0.007744s, 3368 KB] New best heuristic value for lmcut: 16
[t=0.007752s, 3368 KB] g=0, 1 evaluated, 0 expanded
[t=0.007755s, 3368 KB] f = 16, 1 evaluated, 0 expanded
[t=0.007760s, 3368 KB] Initial heuristic value for lmcut: 16
[t=0.007762s, 3368 KB] pruning method: none
[t=0.007954s, 3368 KB] New best heuristic value for lmcut: 15
[t=0.007974s, 3368 KB] g=1, 2 evaluated, 1 expanded
[t=0.009098s, 3368 KB] New best heuristic value for lmcut: 14
[t=0.009115s, 3368 KB] g=2, 6 evaluated, 2 expanded
[t=0.009256s, 3368 KB] New best heuristic value for lmcut: 13
[t=0.009262s, 3368 KB] g=2, 7 evaluated, 2 expanded
[t=0.009645s, 3368 KB] New best heuristic value for lmcut: 11
[t=0.009665s, 3368 KB] g=3, 9 evaluated, 3 expanded
[t=0.011020s, 3368 KB] New best heuristic value for lmcut: 10
[t=0.011040s, 3368 KB] g=6, 16 evaluated, 6 expanded
[t=0.012716s, 3368 KB] New best heuristic value for lmcut: 9
[t=0.012729s, 3368 KB] g=4, 29 evaluated, 11 expanded
[t=0.013374s, 3368 KB] New best heuristic value for lmcut: 8
[t=0.013385s, 3368 KB] g=5, 34 evaluated, 14 expanded
[t=0.014201s, 3368 KB] New best heuristic value for lmcut: 7
[t=0.014217s, 3368 KB] g=8, 42 evaluated, 17 expanded
[t=0.014903s, 3368 KB] f = 17, 49 evaluated, 21 expanded
[t=0.015842s, 3368 KB] New best heuristic value for lmcut: 6
[t=0.015859s, 3368 KB] g=11, 60 evaluated, 27 expanded
[t=0.017769s, 3416 KB] f = 18, 78 evaluated, 34 expanded
[t=0.030569s, 3436 KB] f = 19, 168 evaluated, 78 expanded
[t=0.032293s, 3436 KB] New best heuristic value for lmcut: 5
[t=0.032302s, 3436 KB] g=14, 190 evaluated, 89 expanded
[t=0.047176s, 3436 KB] f = 20, 296 evaluated, 143 expanded
[t=0.061829s, 3436 KB] New best heuristic value for lmcut: 4
[t=0.061866s, 3436 KB] g=16, 410 evaluated, 200 expanded
[t=0.062058s, 3436 KB] New best heuristic value for lmcut: 3
[t=0.062066s, 3436 KB] g=17, 413 evaluated, 201 expanded
[t=0.062221s, 3436 KB] New best heuristic value for lmcut: 2
[t=0.062229s, 3436 KB] g=18, 416 evaluated, 202 expanded
[t=0.062306s, 3436 KB] New best heuristic value for lmcut: 1
[t=0.062313s, 3436 KB] g=19, 418 evaluated, 203 expanded
[t=0.062401s, 3436 KB] New best heuristic value for lmcut: 0
[t=0.062410s, 3436 KB] g=20, 421 evaluated, 204 expanded
[t=0.062469s, 3436 KB] Solution found!
[t=0.062478s, 3436 KB] Actual search time: 0.054713s
move c44 c34 up (1)
push c34 c33 c32 b2 left (1)
move c33 c23 up (1)
push c23 c22 c21 b1 left (1)
push c22 c32 c42 b2 down (1)
push c32 c42 c52 b2 down (1)
push c42 c52 c62 b2 down (1)
push c52 c62 c72 b2 down (1)
move c62 c52 up (1)
move c52 c42 up (1)
move c42 c32 up (1)
move c32 c22 up (1)
move c22 c12 up (1)
move c12 c11 left (1)
push c11 c21 c31 b1 down (1)
push c21 c31 c41 b1 down (1)
push c31 c41 c51 b1 down (1)
push c41 c51 c61 b1 down (1)
push c51 c61 c71 b1 down (1)
push c61 c71 c81 b1 down (1)
[t=0.062483s, 3436 KB] Plan length: 20 step(s).
[t=0.062483s, 3436 KB] Plan cost: 20
[t=0.062483s, 3436 KB] Expanded 205 state(s).
[t=0.062483s, 3436 KB] Reopened 0 state(s).
[t=0.062483s, 3436 KB] Evaluated 423 state(s).
[t=0.062483s, 3436 KB] Evaluations: 423
[t=0.062483s, 3436 KB] Generated 691 state(s).
[t=0.062483s, 3436 KB] Dead ends: 12 state(s).
[t=0.062483s, 3436 KB] Expanded until last jump: 143 state(s).
[t=0.062483s, 3436 KB] Reopened until last jump: 0 state(s).
[t=0.062483s, 3436 KB] Evaluated until last jump: 296 state(s).
[t=0.062483s, 3436 KB] Generated until last jump: 489 state(s).
[t=0.062483s, 3436 KB] Number of registered states: 423
[t=0.062483s, 3436 KB] Int hash set load factor: 423/512 = 0.826172
[t=0.062483s, 3436 KB] Int hash set resizes: 9
[t=0.062483s, 3436 KB] Search time: 0.054908s
[t=0.062483s, 3436 KB] Total time: 0.062483s
Solution found.
Remove intermediate file output.sas
search exit code: 0

