INFO     planner time limit: None
INFO     planner memory limit: None

INFO     Running translator.
INFO     translator stdin: None
INFO     translator time limit: None
INFO     translator memory limit: None
INFO     translator command line string: 'D:\Miniforge3\python.exe' -m translate 'C:\Users\user\Desktop\theoria\.worktrees\e7-deadlock-claim\engine-rig\runs\20260728T150713Z-E7-deadlock-claim-audit\attacks\work\a3\far8-midplayer\singleton\sokoban_guarded_singleton_domain.pddl' 'C:\Users\user\Desktop\theoria\.worktrees\e7-deadlock-claim\engine-rig\runs\20260728T150713Z-E7-deadlock-claim-audit\attacks\work\a3\far8-midplayer\singleton\far8-midplayer_guarded_singleton.pddl' --sas-file output.sas
Warning! SIGXCPU is not available on your platform. This means that the planner cannot be gracefully terminated when using a time limit, which, however, is probably supported on your platform anyway.
Parsing...
Parsing: [0.016s CPU, 0.003s wall-clock]
Normalizing task... [0.000s CPU, 0.000s wall-clock]
Instantiating...
Generating Datalog program... [0.000s CPU, 0.001s wall-clock]
Normalizing Datalog program...
Normalizing Datalog program: [0.000s CPU, 0.001s wall-clock]
Preparing model... [0.000s CPU, 0.001s wall-clock]
Generated 20 rules.
Computing model... [0.000s CPU, 0.012s wall-clock]
1306 relevant atoms
1824 auxiliary atoms
3130 final queue length
4538 total queue pushes
Completing instantiation... [0.000s CPU, 0.011s wall-clock]
Instantiating: [0.000s CPU, 0.026s wall-clock]
Computing fact groups...
Finding invariants...
7 initial candidates
Finding invariants: [0.000s CPU, 0.001s wall-clock]
Checking invariant weight... [0.016s CPU, 0.000s wall-clock]
Instantiating groups... [0.000s CPU, 0.002s wall-clock]
Collecting mutex groups... [0.000s CPU, 0.000s wall-clock]
Choosing groups...
64 uncovered facts
Choosing groups: [0.000s CPU, 0.000s wall-clock]
Building translation key... [0.000s CPU, 0.000s wall-clock]
Computing fact groups: [0.016s CPU, 0.005s wall-clock]
Building STRIPS to SAS dictionary... [0.000s CPU, 0.000s wall-clock]
Building dictionary for full mutex groups... [0.000s CPU, 0.000s wall-clock]
Building mutex information...
Building mutex information: [0.000s CPU, 0.000s wall-clock]
Translating task...
Processing axioms...
Simplifying axioms... [0.000s CPU, 0.000s wall-clock]
Translator axioms removed by simplifying: 0
Processing axioms: [0.000s CPU, 0.001s wall-clock]
Translating task: [0.016s CPU, 0.016s wall-clock]
964 effect conditions simplified
0 implied preconditions added
Detecting unreachable propositions...
0 operators removed
0 axioms removed
10 propositions removed
Detecting unreachable propositions: [0.000s CPU, 0.007s wall-clock]
Reordering and filtering variables...
67 of 67 variables necessary.
64 of 67 mutex groups necessary.
594 of 594 operators necessary.
0 of 0 axiom rules necessary.
Reordering and filtering variables: [0.000s CPU, 0.004s wall-clock]
Translator variables: 67
Translator derived variables: 0
Translator facts: 313
Translator goal facts: 2
Translator mutex groups: 64
Translator total mutex groups size: 249
Translator operators: 594
Translator axioms: 0
Translator task size: 5305
warning: could not determine peak memory
Writing output... [0.000s CPU, 0.017s wall-clock]
Done! [0.062s CPU, 0.080s wall-clock]
translate exit code: 0

INFO     Running search (release).
INFO     search stdin: output.sas
INFO     search time limit: None
INFO     search memory limit: None
INFO     search command line string: 'C:\Users\user\Desktop\theoria\.worktrees\p13\engine-rig\.toolchain\downward\builds\release\bin\downward.exe' --search 'astar(blind())' --internal-plan-file 'C:\Users\user\AppData\Local\Temp\tmpfa0g3l6i\sas_plan' < output.sas
[t=0.000148s, 1884 KB] Search code revision: 7120aa0
[t=0.000250s, 1884 KB] reading input...
[t=0.005880s, 2688 KB] done reading input!
[t=0.006910s, 3072 KB] Initializing blind search heuristic...
[t=0.006944s, 3072 KB] Building successor generator... done!
[t=0.007204s, 3188 KB] peak memory difference for successor generator creation: 116 KB
[t=0.007209s, 3188 KB] time for successor generation creation: 0.000248s
[t=0.007222s, 3188 KB] Variables: 67
[t=0.007229s, 3188 KB] FactPairs: 313
[t=0.007233s, 3188 KB] Bytes per state: 12
[t=0.007240s, 3188 KB] Conducting best first search with reopening closed nodes, (real) bound = 2147483647
[t=0.007255s, 3188 KB] New best heuristic value for blind: 1
[t=0.007261s, 3188 KB] g=0, 1 evaluated, 0 expanded
[t=0.007265s, 3188 KB] f = 1, 1 evaluated, 0 expanded
[t=0.007271s, 3188 KB] Initial heuristic value for blind: 1
[t=0.007274s, 3188 KB] pruning method: none
[t=0.007288s, 3188 KB] f = 2, 5 evaluated, 1 expanded
[t=0.007310s, 3188 KB] f = 3, 14 evaluated, 5 expanded
[t=0.007350s, 3188 KB] f = 4, 34 evaluated, 14 expanded
[t=0.007417s, 3188 KB] f = 5, 71 evaluated, 34 expanded
[t=0.007529s, 3188 KB] f = 6, 137 evaluated, 71 expanded
[t=0.007704s, 3188 KB] f = 7, 253 evaluated, 137 expanded
[t=0.008005s, 3188 KB] f = 8, 441 evaluated, 253 expanded
[t=0.008520s, 3200 KB] f = 9, 763 evaluated, 441 expanded
[t=0.009329s, 3220 KB] f = 10, 1291 evaluated, 763 expanded
[t=0.010734s, 3288 KB] f = 11, 2171 evaluated, 1291 expanded
[t=0.012826s, 3308 KB] f = 12, 3517 evaluated, 2171 expanded
[t=0.016391s, 3428 KB] f = 13, 5531 evaluated, 3517 expanded
[t=0.021287s, 3728 KB] f = 14, 8391 evaluated, 5531 expanded
[t=0.027553s, 4004 KB] f = 15, 12385 evaluated, 8391 expanded
[t=0.037888s, 4268 KB] f = 16, 17812 evaluated, 12385 expanded
[t=0.050537s, 4540 KB] f = 17, 24867 evaluated, 17812 expanded
[t=0.068130s, 5056 KB] f = 18, 33658 evaluated, 24867 expanded
[t=0.086734s, 5200 KB] f = 19, 44230 evaluated, 33658 expanded
[t=0.111600s, 5740 KB] f = 20, 56569 evaluated, 44230 expanded
[t=0.118813s, 6796 KB] New best heuristic value for blind: 0
[t=0.118849s, 6796 KB] g=20, 59193 evaluated, 46554 expanded
[t=0.118858s, 6796 KB] Solution found!
[t=0.118866s, 6796 KB] Actual search time: 0.111591s
move c44 c34 up (1)
push c34 c33 c32 b2 left (1)
move c33 c23 up (1)
push c23 c22 c21 b1 left (1)
push c22 c32 c42 b2 down (1)
push c32 c42 c52 b2 down (1)
push c42 c52 c62 b2 down (1)
push c52 c62 c72 b2 down (1)
move c62 c52 up (1)
move c52 c42 up (1)
move c42 c32 up (1)
move c32 c22 up (1)
move c22 c12 up (1)
move c12 c11 left (1)
push c11 c21 c31 b1 down (1)
push c21 c31 c41 b1 down (1)
push c31 c41 c51 b1 down (1)
push c41 c51 c61 b1 down (1)
push c51 c61 c71 b1 down (1)
push c61 c71 c81 b1 down (1)
[t=0.118871s, 6796 KB] Plan length: 20 step(s).
[t=0.118871s, 6796 KB] Plan cost: 20
[t=0.118871s, 6796 KB] Expanded 46555 state(s).
[t=0.118871s, 6796 KB] Reopened 0 state(s).
[t=0.118871s, 6796 KB] Evaluated 59194 state(s).
[t=0.118871s, 6796 KB] Evaluations: 59194
[t=0.118871s, 6796 KB] Generated 167091 state(s).
[t=0.118871s, 6796 KB] Dead ends: 0 state(s).
[t=0.118871s, 6796 KB] Expanded until last jump: 44230 state(s).
[t=0.118871s, 6796 KB] Reopened until last jump: 0 state(s).
[t=0.118871s, 6796 KB] Evaluated until last jump: 56569 state(s).
[t=0.118871s, 6796 KB] Generated until last jump: 158750 state(s).
[t=0.118871s, 6796 KB] Number of registered states: 59194
[t=0.118871s, 6796 KB] Int hash set load factor: 59194/131072 = 0.451614
[t=0.118871s, 6796 KB] Int hash set resizes: 17
[t=0.118871s, 6796 KB] Search time: 0.111632s
[t=0.118871s, 6796 KB] Total time: 0.118871s
Solution found.
Remove intermediate file output.sas
search exit code: 0

