INFO     planner time limit: None
INFO     planner memory limit: None

INFO     Running translator.
INFO     translator stdin: None
INFO     translator time limit: None
INFO     translator memory limit: None
INFO     translator command line string: 'D:\Miniforge3\python.exe' -m translate 'C:\Users\user\Desktop\theoria\.worktrees\e7-deadlock-claim\engine-rig\runs\20260728T150713Z-E7-deadlock-claim-audit\attacks\work\a3\rnd0011\singleton\sokoban_guarded_singleton_domain.pddl' 'C:\Users\user\Desktop\theoria\.worktrees\e7-deadlock-claim\engine-rig\runs\20260728T150713Z-E7-deadlock-claim-audit\attacks\work\a3\rnd0011\singleton\rnd0011_guarded_singleton.pddl' --sas-file output.sas
Warning! SIGXCPU is not available on your platform. This means that the planner cannot be gracefully terminated when using a time limit, which, however, is probably supported on your platform anyway.
Parsing...
Parsing: [0.000s CPU, 0.002s wall-clock]
Normalizing task... [0.000s CPU, 0.000s wall-clock]
Instantiating...
Generating Datalog program... [0.000s CPU, 0.000s wall-clock]
Normalizing Datalog program...
Normalizing Datalog program: [0.016s CPU, 0.002s wall-clock]
Preparing model... [0.000s CPU, 0.001s wall-clock]
Generated 20 rules.
Computing model... [0.000s CPU, 0.006s wall-clock]
789 relevant atoms
994 auxiliary atoms
1783 final queue length
2623 total queue pushes
Completing instantiation... [0.000s CPU, 0.005s wall-clock]
Instantiating: [0.016s CPU, 0.014s wall-clock]
Computing fact groups...
Finding invariants...
7 initial candidates
Finding invariants: [0.000s CPU, 0.001s wall-clock]
Checking invariant weight... [0.000s CPU, 0.000s wall-clock]
Instantiating groups... [0.016s CPU, 0.001s wall-clock]
Collecting mutex groups... [0.000s CPU, 0.000s wall-clock]
Choosing groups...
35 uncovered facts
Choosing groups: [0.000s CPU, 0.000s wall-clock]
Building translation key... [0.000s CPU, 0.000s wall-clock]
Computing fact groups: [0.016s CPU, 0.003s wall-clock]
Building STRIPS to SAS dictionary... [0.000s CPU, 0.000s wall-clock]
Building dictionary for full mutex groups... [0.000s CPU, 0.000s wall-clock]
Building mutex information...
Building mutex information: [0.000s CPU, 0.000s wall-clock]
Translating task...
Processing axioms...
Simplifying axioms... [0.000s CPU, 0.000s wall-clock]
Translator axioms removed by simplifying: 0
Processing axioms: [0.000s CPU, 0.001s wall-clock]
Translating task: [0.000s CPU, 0.007s wall-clock]
572 effect conditions simplified
0 implied preconditions added
Detecting unreachable propositions...
0 operators removed
0 axioms removed
15 propositions removed
Detecting unreachable propositions: [0.000s CPU, 0.003s wall-clock]
Reordering and filtering variables...
39 of 39 variables necessary.
35 of 39 mutex groups necessary.
342 of 342 operators necessary.
0 of 0 axiom rules necessary.
Reordering and filtering variables: [0.000s CPU, 0.002s wall-clock]
Translator variables: 39
Translator derived variables: 0
Translator facts: 199
Translator goal facts: 3
Translator mutex groups: 35
Translator total mutex groups size: 164
Translator operators: 342
Translator axioms: 0
Translator task size: 3147
warning: could not determine peak memory
Writing output... [0.016s CPU, 0.016s wall-clock]
Done! [0.047s CPU, 0.047s wall-clock]
translate exit code: 0

INFO     Running search (release).
INFO     search stdin: output.sas
INFO     search time limit: None
INFO     search memory limit: None
INFO     search command line string: 'C:\Users\user\Desktop\theoria\.worktrees\p13\engine-rig\.toolchain\downward\builds\release\bin\downward.exe' --search 'astar(lmcut())' --internal-plan-file 'C:\Users\user\AppData\Local\Temp\tmpel2t4p24\sas_plan' < output.sas
[t=0.000123s, 1932 KB] Search code revision: 7120aa0
[t=0.000204s, 1932 KB] reading input...
[t=0.003426s, 2568 KB] done reading input!
[t=0.004394s, 3060 KB] Initializing landmark cut heuristic...
[t=0.004416s, 3060 KB] Building successor generator... done!
[t=0.004526s, 3124 KB] peak memory difference for successor generator creation: 64 KB
[t=0.004529s, 3124 KB] time for successor generation creation: 0.000104s
[t=0.004534s, 3124 KB] Variables: 39
[t=0.004537s, 3124 KB] FactPairs: 199
[t=0.004539s, 3124 KB] Bytes per state: 8
[t=0.004546s, 3124 KB] Conducting best first search with reopening closed nodes, (real) bound = 2147483647
[t=0.004665s, 3124 KB] New best heuristic value for lmcut: 16
[t=0.004670s, 3124 KB] g=0, 1 evaluated, 0 expanded
[t=0.004673s, 3124 KB] f = 16, 1 evaluated, 0 expanded
[t=0.004681s, 3136 KB] Initial heuristic value for lmcut: 16
[t=0.004686s, 3136 KB] pruning method: none
[t=0.004963s, 3136 KB] New best heuristic value for lmcut: 15
[t=0.004968s, 3136 KB] g=1, 4 evaluated, 1 expanded
[t=0.005128s, 3136 KB] New best heuristic value for lmcut: 14
[t=0.005132s, 3136 KB] g=2, 6 evaluated, 2 expanded
[t=0.005396s, 3136 KB] New best heuristic value for lmcut: 13
[t=0.005402s, 3136 KB] g=3, 9 evaluated, 3 expanded
[t=0.005487s, 3136 KB] New best heuristic value for lmcut: 12
[t=0.005490s, 3136 KB] g=4, 11 evaluated, 4 expanded
[t=0.005619s, 3136 KB] New best heuristic value for lmcut: 11
[t=0.005623s, 3136 KB] g=5, 13 evaluated, 5 expanded
[t=0.006076s, 3148 KB] f = 17, 18 evaluated, 6 expanded
[t=0.006533s, 3148 KB] f = 18, 23 evaluated, 8 expanded
[t=0.006602s, 3148 KB] New best heuristic value for lmcut: 9
[t=0.006610s, 3148 KB] g=7, 24 evaluated, 9 expanded
[t=0.008541s, 3168 KB] f = 19, 51 evaluated, 25 expanded
[t=0.008685s, 3168 KB] New best heuristic value for lmcut: 7
[t=0.008692s, 3168 KB] g=11, 54 evaluated, 27 expanded
[t=0.010863s, 3168 KB] f = 20, 86 evaluated, 42 expanded
[t=0.011014s, 3168 KB] New best heuristic value for lmcut: 6
[t=0.011021s, 3168 KB] g=14, 89 evaluated, 44 expanded
[t=0.015224s, 3168 KB] f = 21, 158 evaluated, 74 expanded
[t=0.020938s, 3168 KB] f = 22, 251 evaluated, 118 expanded
[t=0.020985s, 3168 KB] New best heuristic value for lmcut: 5
[t=0.020990s, 3168 KB] g=17, 252 evaluated, 119 expanded
[t=0.021061s, 3168 KB] New best heuristic value for lmcut: 4
[t=0.021066s, 3168 KB] g=18, 254 evaluated, 120 expanded
[t=0.021254s, 3168 KB] New best heuristic value for lmcut: 3
[t=0.021261s, 3168 KB] g=19, 260 evaluated, 122 expanded
[t=0.021332s, 3168 KB] New best heuristic value for lmcut: 2
[t=0.021337s, 3168 KB] g=20, 263 evaluated, 123 expanded
[t=0.021400s, 3168 KB] New best heuristic value for lmcut: 1
[t=0.021405s, 3168 KB] g=21, 266 evaluated, 124 expanded
[t=0.021413s, 3168 KB] New best heuristic value for lmcut: 0
[t=0.021416s, 3168 KB] g=22, 267 evaluated, 125 expanded
[t=0.021464s, 3168 KB] Solution found!
[t=0.021470s, 3168 KB] Actual search time: 0.016783s
move c41 c42 right (1)
move c42 c43 right (1)
move c43 c44 right (1)
push c44 c34 c24 b3 up (1)
push c34 c24 c14 b3 up (1)
push c24 c25 c26 b1 right (1)
move c25 c15 up (1)
push c15 c14 c13 b3 left (1)
push c14 c13 c12 b3 left (1)
move c13 c14 right (1)
move c14 c15 right (1)
move c15 c16 right (1)
push c16 c26 c36 b1 down (1)
push c26 c36 c46 b1 down (1)
push c36 c46 c56 b1 down (1)
push c46 c56 c66 b1 down (1)
move c56 c46 up (1)
push c46 c45 c44 b2 left (1)
move c45 c35 up (1)
move c35 c34 left (1)
push c34 c44 c54 b2 down (1)
push c44 c54 c64 b2 down (1)
[t=0.021473s, 3168 KB] Plan length: 22 step(s).
[t=0.021473s, 3168 KB] Plan cost: 22
[t=0.021473s, 3168 KB] Expanded 126 state(s).
[t=0.021473s, 3168 KB] Reopened 0 state(s).
[t=0.021473s, 3168 KB] Evaluated 270 state(s).
[t=0.021473s, 3168 KB] Evaluations: 270
[t=0.021473s, 3168 KB] Generated 405 state(s).
[t=0.021473s, 3168 KB] Dead ends: 11 state(s).
[t=0.021473s, 3168 KB] Expanded until last jump: 118 state(s).
[t=0.021473s, 3168 KB] Reopened until last jump: 0 state(s).
[t=0.021473s, 3168 KB] Evaluated until last jump: 251 state(s).
[t=0.021473s, 3168 KB] Generated until last jump: 382 state(s).
[t=0.021473s, 3168 KB] Number of registered states: 270
[t=0.021473s, 3168 KB] Int hash set load factor: 270/512 = 0.527344
[t=0.021473s, 3168 KB] Int hash set resizes: 9
[t=0.021473s, 3168 KB] Search time: 0.016928s
[t=0.021473s, 3168 KB] Total time: 0.021473s
Solution found.
Remove intermediate file output.sas
search exit code: 0

