INFO     planner time limit: None
INFO     planner memory limit: None

INFO     Running translator.
INFO     translator stdin: None
INFO     translator time limit: None
INFO     translator memory limit: None
INFO     translator command line string: 'D:\Miniforge3\python.exe' -m translate 'C:\Users\user\Desktop\theoria\.worktrees\e7-deadlock-claim\engine-rig\runs\20260728T150713Z-E7-deadlock-claim-audit\attacks\work\a3\rnd0011\indexed\sokoban_guarded_indexed_domain.pddl' 'C:\Users\user\Desktop\theoria\.worktrees\e7-deadlock-claim\engine-rig\runs\20260728T150713Z-E7-deadlock-claim-audit\attacks\work\a3\rnd0011\indexed\rnd0011_guarded_indexed.pddl' --sas-file output.sas
Warning! SIGXCPU is not available on your platform. This means that the planner cannot be gracefully terminated when using a time limit, which, however, is probably supported on your platform anyway.
Parsing...
Parsing: [0.000s CPU, 0.003s wall-clock]
Normalizing task... [0.000s CPU, 0.000s wall-clock]
Instantiating...
Generating Datalog program... [0.000s CPU, 0.000s wall-clock]
Normalizing Datalog program...
Normalizing Datalog program: [0.000s CPU, 0.003s wall-clock]
Preparing model... [0.000s CPU, 0.003s wall-clock]
Generated 103 rules.
Computing model... [0.047s CPU, 0.034s wall-clock]
1046 relevant atoms
12419 auxiliary atoms
13465 final queue length
14305 total queue pushes
Completing instantiation... [0.000s CPU, 0.007s wall-clock]
Instantiating: [0.047s CPU, 0.049s wall-clock]
Computing fact groups...
Finding invariants...
7 initial candidates
Finding invariants: [0.000s CPU, 0.003s wall-clock]
Checking invariant weight... [0.000s CPU, 0.000s wall-clock]
Instantiating groups... [0.000s CPU, 0.001s wall-clock]
Collecting mutex groups... [0.000s CPU, 0.000s wall-clock]
Choosing groups...
35 uncovered facts
Choosing groups: [0.000s CPU, 0.000s wall-clock]
Building translation key... [0.000s CPU, 0.000s wall-clock]
Computing fact groups: [0.000s CPU, 0.004s wall-clock]
Building STRIPS to SAS dictionary... [0.000s CPU, 0.000s wall-clock]
Building dictionary for full mutex groups... [0.000s CPU, 0.000s wall-clock]
Building mutex information...
Building mutex information: [0.000s CPU, 0.000s wall-clock]
Translating task...
Processing axioms...
Simplifying axioms... [0.000s CPU, 0.000s wall-clock]
Translator axioms removed by simplifying: 0
Processing axioms: [0.000s CPU, 0.001s wall-clock]
Translating task: [3.016s CPU, 3.025s wall-clock]
274596 effect conditions simplified
0 implied preconditions added
Detecting unreachable propositions...
34744 operators removed
0 axioms removed
15 propositions removed
Detecting unreachable propositions: [2.156s CPU, 2.350s wall-clock]
Reordering and filtering variables...
39 of 39 variables necessary.
35 of 39 mutex groups necessary.
102610 of 102610 operators necessary.
0 of 0 axiom rules necessary.
Reordering and filtering variables: [0.703s CPU, 0.699s wall-clock]
Translator variables: 39
Translator derived variables: 0
Translator facts: 199
Translator goal facts: 3
Translator mutex groups: 35
Translator total mutex groups size: 164
Translator operators: 102610
Translator axioms: 0
Translator task size: 1128327
warning: could not determine peak memory
Writing output... [1.203s CPU, 1.214s wall-clock]
Done! [7.172s CPU, 7.383s wall-clock]
translate exit code: 0

INFO     Running search (release).
INFO     search stdin: output.sas
INFO     search time limit: None
INFO     search memory limit: None
INFO     search command line string: 'C:\Users\user\Desktop\theoria\.worktrees\p13\engine-rig\.toolchain\downward\builds\release\bin\downward.exe' --search 'astar(lmcut())' --internal-plan-file 'C:\Users\user\AppData\Local\Temp\tmp7txi5a0x\sas_plan' < output.sas
[t=0.000112s, 1920 KB] Search code revision: 7120aa0
[t=0.000189s, 1920 KB] reading input...
[t=1.091567s, 42884 KB] done reading input!
[t=1.141879s, 77720 KB] Initializing landmark cut heuristic...
[t=1.141925s, 77720 KB] Building successor generator... done!
[t=1.173258s, 91200 KB] peak memory difference for successor generator creation: 13480 KB
[t=1.173279s, 91200 KB] time for successor generation creation: 0.031303s
[t=1.173858s, 91200 KB] Variables: 39
[t=1.173867s, 91200 KB] FactPairs: 199
[t=1.173870s, 91200 KB] Bytes per state: 8
[t=1.173879s, 91200 KB] Conducting best first search with reopening closed nodes, (real) bound = 2147483647
[t=1.219243s, 91200 KB] New best heuristic value for lmcut: 12
[t=1.219274s, 91200 KB] g=0, 1 evaluated, 0 expanded
[t=1.219278s, 91200 KB] f = 12, 1 evaluated, 0 expanded
[t=1.219286s, 91200 KB] Initial heuristic value for lmcut: 12
[t=1.219288s, 91200 KB] pruning method: none
[t=1.263167s, 91200 KB] New best heuristic value for lmcut: 11
[t=1.263200s, 91200 KB] g=1, 2 evaluated, 1 expanded
[t=1.404921s, 91200 KB] New best heuristic value for lmcut: 10
[t=1.404949s, 91200 KB] g=2, 5 evaluated, 2 expanded
[t=1.574434s, 91200 KB] New best heuristic value for lmcut: 9
[t=1.574470s, 91200 KB] g=3, 9 evaluated, 4 expanded
[t=1.693102s, 91200 KB] New best heuristic value for lmcut: 8
[t=1.693130s, 91200 KB] g=4, 12 evaluated, 5 expanded
[t=1.764388s, 91200 KB] New best heuristic value for lmcut: 7
[t=1.764418s, 91200 KB] g=5, 15 evaluated, 6 expanded
[t=1.898763s, 91200 KB] f = 13, 20 evaluated, 8 expanded
[t=2.000201s, 91200 KB] f = 14, 27 evaluated, 11 expanded
[t=3.122501s, 91200 KB] f = 15, 65 evaluated, 28 expanded
[t=3.645444s, 91200 KB] f = 16, 85 evaluated, 38 expanded
[t=3.858162s, 91200 KB] New best heuristic value for lmcut: 6
[t=3.858201s, 91200 KB] g=9, 102 evaluated, 48 expanded
[t=3.872190s, 91200 KB] New best heuristic value for lmcut: 5
[t=3.872233s, 91200 KB] g=10, 105 evaluated, 49 expanded
[t=5.746261s, 91200 KB] f = 17, 161 evaluated, 79 expanded
[t=7.357799s, 91200 KB] f = 18, 246 evaluated, 117 expanded
[t=11.990917s, 91200 KB] f = 19, 437 evaluated, 218 expanded
[t=12.456179s, 91200 KB] New best heuristic value for lmcut: 4
[t=12.456223s, 91200 KB] g=14, 500 evaluated, 249 expanded
[t=15.124944s, 91200 KB] f = 20, 605 evaluated, 302 expanded
[t=25.798085s, 91200 KB] f = 21, 1079 evaluated, 547 expanded, 1 reopened
[t=35.863914s, 91200 KB] f = 22, 1563 evaluated, 792 expanded, 2 reopened
[t=35.945755s, 91200 KB] New best heuristic value for lmcut: 3
[t=35.945799s, 91200 KB] g=19, 1579 evaluated, 799 expanded, 2 reopened
[t=35.960749s, 91200 KB] New best heuristic value for lmcut: 2
[t=35.960781s, 91200 KB] g=20, 1582 evaluated, 800 expanded, 2 reopened
[t=35.969529s, 91200 KB] New best heuristic value for lmcut: 1
[t=35.969565s, 91200 KB] g=21, 1585 evaluated, 801 expanded, 2 reopened
[t=35.980478s, 91200 KB] New best heuristic value for lmcut: 0
[t=35.980516s, 91200 KB] g=22, 1590 evaluated, 802 expanded, 2 reopened
[t=35.980527s, 91200 KB] Solution found!
[t=35.980534s, 91200 KB] Actual search time: 34.761243s
move c41 c42 right (1)
move c42 c43 right (1)
move c43 c44 right (1)
push-pair0 c44 c34 c24 b3 up (1)
push-pair4 c34 c24 c14 b3 up b1 c13 b1 c15 b2 c13 b2 c15 (1)
push-pair2 c24 c25 c26 b1 right b2 c36 b3 c36 (1)
move c25 c15 up (1)
push-pair4 c15 c14 c13 b3 left b1 c12 b1 c14 b2 c12 b2 c14 (1)
push-pair2 c14 c13 c12 b3 left b1 c13 b2 c13 (1)
move c13 c14 right (1)
move c14 c15 right (1)
move c15 c16 right (1)
push-pair4 c16 c26 c36 b1 down b2 c26 b2 c46 b3 c26 b3 c46 (1)
push-pair4 c26 c36 c46 b1 down b2 c36 b2 c56 b3 c36 b3 c56 (1)
push-pair2 c36 c46 c56 b1 down b2 c46 b3 c46 (1)
push-pair4 c46 c56 c66 b1 down b2 c56 b2 c65 b3 c56 b3 c65 (1)
move c56 c46 up (1)
push-pair0 c46 c45 c44 b2 left (1)
move c45 c35 up (1)
move c35 c34 left (1)
push-pair0 c34 c44 c54 b2 down (1)
push-pair4 c44 c54 c64 b2 down b1 c63 b1 c65 b3 c63 b3 c65 (1)
[t=35.980539s, 91200 KB] Plan length: 22 step(s).
[t=35.980539s, 91200 KB] Plan cost: 22
[t=35.980539s, 91200 KB] Expanded 803 state(s).
[t=35.980539s, 91200 KB] Reopened 2 state(s).
[t=35.980539s, 91200 KB] Evaluated 1590 state(s).
[t=35.980539s, 91200 KB] Evaluations: 1590
[t=35.980539s, 91200 KB] Generated 2622 state(s).
[t=35.980539s, 91200 KB] Dead ends: 54 state(s).
[t=35.980539s, 91200 KB] Expanded until last jump: 792 state(s).
[t=35.980539s, 91200 KB] Reopened until last jump: 2 state(s).
[t=35.980539s, 91200 KB] Evaluated until last jump: 1563 state(s).
[t=35.980539s, 91200 KB] Generated until last jump: 2588 state(s).
[t=35.980539s, 91200 KB] Number of registered states: 1590
[t=35.980539s, 91200 KB] Int hash set load factor: 1590/2048 = 0.776367
[t=35.980539s, 91200 KB] Int hash set resizes: 11
[t=35.980539s, 91200 KB] Search time: 34.806660s
[t=35.980539s, 91200 KB] Total time: 35.980539s
Solution found.
Remove intermediate file output.sas
search exit code: 0

