INFO     planner time limit: None
INFO     planner memory limit: None

INFO     Running translator.
INFO     translator stdin: None
INFO     translator time limit: None
INFO     translator memory limit: None
INFO     translator command line string: 'D:\Miniforge3\python.exe' -m translate 'C:\Users\user\Desktop\theoria\.worktrees\e7-deadlock-claim\engine-rig\runs\20260728T150713Z-E7-deadlock-claim-audit\attacks\work\a3\rnd0010\singleton\sokoban_guarded_singleton_domain.pddl' 'C:\Users\user\Desktop\theoria\.worktrees\e7-deadlock-claim\engine-rig\runs\20260728T150713Z-E7-deadlock-claim-audit\attacks\work\a3\rnd0010\singleton\rnd0010_guarded_singleton.pddl' --sas-file output.sas
Warning! SIGXCPU is not available on your platform. This means that the planner cannot be gracefully terminated when using a time limit, which, however, is probably supported on your platform anyway.
Parsing...
Parsing: [0.000s CPU, 0.002s wall-clock]
Normalizing task... [0.000s CPU, 0.000s wall-clock]
Instantiating...
Generating Datalog program... [0.000s CPU, 0.000s wall-clock]
Normalizing Datalog program...
Normalizing Datalog program: [0.000s CPU, 0.002s wall-clock]
Preparing model... [0.000s CPU, 0.000s wall-clock]
Generated 20 rules.
Computing model... [0.000s CPU, 0.002s wall-clock]
260 relevant atoms
344 auxiliary atoms
604 final queue length
783 total queue pushes
Completing instantiation... [0.000s CPU, 0.004s wall-clock]
Instantiating: [0.000s CPU, 0.008s wall-clock]
Computing fact groups...
Finding invariants...
7 initial candidates
Finding invariants: [0.000s CPU, 0.001s wall-clock]
Checking invariant weight... [0.000s CPU, 0.000s wall-clock]
Instantiating groups... [0.000s CPU, 0.000s wall-clock]
Collecting mutex groups... [0.000s CPU, 0.000s wall-clock]
Choosing groups...
15 uncovered facts
Choosing groups: [0.000s CPU, 0.000s wall-clock]
Building translation key... [0.000s CPU, 0.000s wall-clock]
Computing fact groups: [0.000s CPU, 0.001s wall-clock]
Building STRIPS to SAS dictionary... [0.000s CPU, 0.000s wall-clock]
Building dictionary for full mutex groups... [0.000s CPU, 0.000s wall-clock]
Building mutex information...
Building mutex information: [0.000s CPU, 0.000s wall-clock]
Translating task...
Processing axioms...
Simplifying axioms... [0.000s CPU, 0.000s wall-clock]
Translator axioms removed by simplifying: 0
Processing axioms: [0.000s CPU, 0.000s wall-clock]
Translating task: [0.000s CPU, 0.001s wall-clock]
104 effect conditions simplified
0 implied preconditions added
Detecting unreachable propositions...
0 operators removed
0 axioms removed
11 propositions removed
Detecting unreachable propositions: [0.000s CPU, 0.001s wall-clock]
Reordering and filtering variables...
18 of 18 variables necessary.
15 of 18 mutex groups necessary.
72 of 72 operators necessary.
0 of 0 axiom rules necessary.
Reordering and filtering variables: [0.000s CPU, 0.000s wall-clock]
Translator variables: 18
Translator derived variables: 0
Translator facts: 67
Translator goal facts: 2
Translator mutex groups: 15
Translator total mutex groups size: 52
Translator operators: 72
Translator axioms: 0
Translator task size: 667
warning: could not determine peak memory
Writing output... [0.000s CPU, 0.009s wall-clock]
Done! [0.000s CPU, 0.024s wall-clock]
translate exit code: 0

INFO     Running search (release).
INFO     search stdin: output.sas
INFO     search time limit: None
INFO     search memory limit: None
INFO     search command line string: 'C:\Users\user\Desktop\theoria\.worktrees\p13\engine-rig\.toolchain\downward\builds\release\bin\downward.exe' --search 'astar(lmcut())' --internal-plan-file 'C:\Users\user\AppData\Local\Temp\tmpek882lcv\sas_plan' < output.sas
[t=0.000136s, 1884 KB] Search code revision: 7120aa0
[t=0.000240s, 1912 KB] reading input...
[t=0.001164s, 2136 KB] done reading input!
[t=0.002521s, 2652 KB] Initializing landmark cut heuristic...
[t=0.002738s, 2724 KB] Building successor generator... done!
[t=0.002794s, 2724 KB] peak memory difference for successor generator creation: 0 KB
[t=0.002797s, 2724 KB] time for successor generation creation: 0.000037s
[t=0.002803s, 2724 KB] Variables: 18
[t=0.002806s, 2724 KB] FactPairs: 67
[t=0.002809s, 2724 KB] Bytes per state: 4
[t=0.002825s, 2724 KB] Conducting best first search with reopening closed nodes, (real) bound = 2147483647
[t=0.002940s, 2776 KB] New best heuristic value for lmcut: 7
[t=0.002946s, 2776 KB] g=0, 1 evaluated, 0 expanded
[t=0.002949s, 2776 KB] f = 7, 1 evaluated, 0 expanded
[t=0.002961s, 2788 KB] Initial heuristic value for lmcut: 7
[t=0.002965s, 2788 KB] pruning method: none
[t=0.002988s, 2788 KB] New best heuristic value for lmcut: 6
[t=0.002992s, 2816 KB] g=1, 2 evaluated, 1 expanded
[t=0.003048s, 2824 KB] f = 8, 5 evaluated, 2 expanded
[t=0.003069s, 2824 KB] f = 9, 6 evaluated, 3 expanded
[t=0.003138s, 2836 KB] f = 10, 12 evaluated, 7 expanded
[t=0.003191s, 2836 KB] f = 11, 16 evaluated, 8 expanded
[t=0.003255s, 2852 KB] f = 12, 20 evaluated, 12 expanded
[t=0.003303s, 2852 KB] New best heuristic value for lmcut: 5
[t=0.003307s, 2852 KB] g=7, 25 evaluated, 15 expanded
[t=0.003384s, 2852 KB] f = 13, 32 evaluated, 19 expanded
[t=0.003490s, 2852 KB] f = 14, 41 evaluated, 27 expanded
[t=0.003523s, 2852 KB] f = 15, 43 evaluated, 32 expanded
[t=0.003663s, 2852 KB] f = 16, 55 evaluated, 42 expanded
[t=0.003685s, 2856 KB] New best heuristic value for lmcut: 4
[t=0.003689s, 2860 KB] g=12, 57 evaluated, 44 expanded
[t=0.003706s, 2864 KB] New best heuristic value for lmcut: 3
[t=0.003710s, 2864 KB] g=13, 59 evaluated, 45 expanded
[t=0.003736s, 2864 KB] f = 17, 62 evaluated, 48 expanded
[t=0.003807s, 2864 KB] f = 18, 68 evaluated, 53 expanded
[t=0.003900s, 2864 KB] New best heuristic value for lmcut: 2
[t=0.003904s, 2864 KB] g=16, 79 evaluated, 61 expanded
[t=0.003917s, 2864 KB] New best heuristic value for lmcut: 1
[t=0.003919s, 2864 KB] g=17, 81 evaluated, 62 expanded
[t=0.003931s, 2864 KB] New best heuristic value for lmcut: 0
[t=0.003935s, 2864 KB] g=18, 83 evaluated, 63 expanded
[t=0.003937s, 2864 KB] Solution found!
[t=0.003940s, 2864 KB] Actual search time: 0.000973s
move c41 c31 up (1)
push c31 c32 c33 b2 right (1)
push c32 c22 c12 b1 up (1)
move c22 c32 down (1)
move c32 c42 down (1)
move c42 c43 right (1)
move c43 c44 right (1)
move c44 c34 up (1)
push c34 c33 c32 b2 left (1)
move c33 c43 down (1)
move c43 c42 left (1)
move c42 c41 left (1)
move c41 c31 up (1)
move c31 c21 up (1)
move c21 c11 up (1)
push c11 c12 c13 b1 right (1)
move c12 c22 down (1)
push c22 c32 c42 b2 down (1)
[t=0.003943s, 2872 KB] Plan length: 18 step(s).
[t=0.003943s, 2872 KB] Plan cost: 18
[t=0.003943s, 2872 KB] Expanded 64 state(s).
[t=0.003943s, 2872 KB] Reopened 0 state(s).
[t=0.003943s, 2872 KB] Evaluated 83 state(s).
[t=0.003943s, 2872 KB] Evaluations: 83
[t=0.003943s, 2872 KB] Generated 160 state(s).
[t=0.003943s, 2872 KB] Dead ends: 6 state(s).
[t=0.003943s, 2872 KB] Expanded until last jump: 53 state(s).
[t=0.003943s, 2872 KB] Reopened until last jump: 0 state(s).
[t=0.003943s, 2872 KB] Evaluated until last jump: 68 state(s).
[t=0.003943s, 2872 KB] Generated until last jump: 134 state(s).
[t=0.003943s, 2872 KB] Number of registered states: 83
[t=0.003943s, 2872 KB] Int hash set load factor: 83/128 = 0.648438
[t=0.003943s, 2872 KB] Int hash set resizes: 7
[t=0.003943s, 2872 KB] Search time: 0.001120s
[t=0.003943s, 2872 KB] Total time: 0.003943s
Solution found.
Remove intermediate file output.sas
search exit code: 0

