INFO     planner time limit: None
INFO     planner memory limit: None

INFO     Running translator.
INFO     translator stdin: None
INFO     translator time limit: None
INFO     translator memory limit: None
INFO     translator command line string: 'D:\Miniforge3\python.exe' -m translate 'C:\Users\user\Desktop\theoria\.worktrees\e7-deadlock-claim\engine-rig\runs\20260728T150713Z-E7-deadlock-claim-audit\attacks\work\a3\rnd0049\singleton\sokoban_guarded_singleton_domain.pddl' 'C:\Users\user\Desktop\theoria\.worktrees\e7-deadlock-claim\engine-rig\runs\20260728T150713Z-E7-deadlock-claim-audit\attacks\work\a3\rnd0049\singleton\rnd0049_guarded_singleton.pddl' --sas-file output.sas
Warning! SIGXCPU is not available on your platform. This means that the planner cannot be gracefully terminated when using a time limit, which, however, is probably supported on your platform anyway.
Parsing...
Parsing: [0.000s CPU, 0.002s wall-clock]
Normalizing task... [0.000s CPU, 0.000s wall-clock]
Instantiating...
Generating Datalog program... [0.000s CPU, 0.000s wall-clock]
Normalizing Datalog program...
Normalizing Datalog program: [0.000s CPU, 0.001s wall-clock]
Preparing model... [0.000s CPU, 0.000s wall-clock]
Generated 20 rules.
Computing model... [0.016s CPU, 0.006s wall-clock]
390 relevant atoms
584 auxiliary atoms
974 final queue length
1231 total queue pushes
Completing instantiation... [0.000s CPU, 0.002s wall-clock]
Instantiating: [0.016s CPU, 0.010s wall-clock]
No relaxed solution! Generating unsolvable task...
Translator variables: 1
Translator derived variables: 0
Translator facts: 2
Translator goal facts: 1
Translator mutex groups: 0
Translator total mutex groups size: 0
Translator operators: 0
Translator axioms: 0
Translator task size: 4
warning: could not determine peak memory
Writing output... [0.000s CPU, 0.006s wall-clock]
Done! [0.016s CPU, 0.019s wall-clock]
translate exit code: 0

INFO     Running search (release).
INFO     search stdin: output.sas
INFO     search time limit: None
INFO     search memory limit: None
INFO     search command line string: 'C:\Users\user\Desktop\theoria\.worktrees\p13\engine-rig\.toolchain\downward\builds\release\bin\downward.exe' --search 'astar(ipdb())' --internal-plan-file 'C:\Users\user\AppData\Local\Temp\tmp_z2x2c5o\sas_plan' < output.sas
[t=0.000118s, 1896 KB] Search code revision: 7120aa0
[t=0.000206s, 1920 KB] reading input...
[t=0.000277s, 1956 KB] done reading input!
[t=0.001354s, 2480 KB] Initializing canonical PDB heuristic...
[t=0.001364s, 2480 KB] Generating patterns using: hill climbing pattern collection generator
[t=0.001382s, 2500 KB] Done calculating initial pattern collection: 0.000016s
[t=0.001389s, 2500 KB] hill climbing pattern collection generator number of patterns: 1
[t=0.001392s, 2500 KB] hill climbing pattern collection generator total PDB size: 2
[t=0.001396s, 2500 KB] hill climbing pattern collection generator computation time: 0.000021s
[t=0.001401s, 2500 KB] Running dominance pruning...
[t=0.001409s, 2500 KB] Pruned 0 of 1 pattern cliques
[t=0.001412s, 2500 KB] Pruned 0 of 1 PDBs
[t=0.001416s, 2500 KB] Dominance pruning took 0.000010s
[t=0.001419s, 2504 KB] Canonical PDB heuristic number of patterns: 1
[t=0.001424s, 2504 KB] Canonical PDB heuristic total PDB size: 2
[t=0.001426s, 2504 KB] Canonical PDB heuristic computation time: 0.000066s
[t=0.001452s, 2504 KB] Building successor generator... done!
[t=0.001458s, 2504 KB] peak memory difference for successor generator creation: 0 KB
[t=0.001462s, 2504 KB] time for successor generation creation: 0.000002s
[t=0.001466s, 2504 KB] Variables: 1
[t=0.001468s, 2504 KB] FactPairs: 2
[t=0.001470s, 2504 KB] Bytes per state: 4
[t=0.001476s, 2504 KB] Conducting best first search with reopening closed nodes, (real) bound = 2147483647
[t=0.001491s, 2516 KB] Initial state is a dead end.
[t=0.001494s, 2516 KB] Initial heuristic value for cpdbs: infinity
[t=0.001498s, 2516 KB] pruning method: none
[t=0.001501s, 2516 KB] Completely explored state space -- no solution!
[t=0.001503s, 2516 KB] Actual search time: 0.000004s
[t=0.001506s, 2516 KB] Expanded 0 state(s).
[t=0.001506s, 2516 KB] Reopened 0 state(s).
[t=0.001506s, 2516 KB] Evaluated 1 state(s).
[t=0.001506s, 2516 KB] Evaluations: 1
[t=0.001506s, 2516 KB] Generated 0 state(s).
[t=0.001506s, 2516 KB] Dead ends: 0 state(s).
[t=0.001506s, 2516 KB] Number of registered states: 1
[t=0.001506s, 2516 KB] Int hash set load factor: 1/1 = 1.000000
[t=0.001506s, 2516 KB] Int hash set resizes: 0
[t=0.001506s, 2516 KB] Search time: 0.000031s
[t=0.001506s, 2516 KB] Total time: 0.001506s
Search stopped without finding a solution.
Remove intermediate file output.sas
search exit code: 12

Driver aborting after search
