INFO     planner time limit: None
INFO     planner memory limit: None

INFO     Running translator.
INFO     translator stdin: None
INFO     translator time limit: None
INFO     translator memory limit: None
INFO     translator command line string: 'D:\Miniforge3\python.exe' -m translate 'C:\Users\user\Desktop\theoria\.worktrees\e7-deadlock-claim\engine-rig\fixtures\data\sokoban_domain.pddl' 'C:\Users\user\Desktop\theoria\.worktrees\e7-deadlock-claim\engine-rig\runs\20260728T150713Z-E7-deadlock-claim-audit\attacks\work\a3\rnd0011\rnd0011.pddl' --sas-file output.sas
Warning! SIGXCPU is not available on your platform. This means that the planner cannot be gracefully terminated when using a time limit, which, however, is probably supported on your platform anyway.
Parsing...
Parsing: [0.000s CPU, 0.002s wall-clock]
Normalizing task... [0.000s CPU, 0.000s wall-clock]
Instantiating...
Generating Datalog program... [0.000s CPU, 0.000s wall-clock]
Normalizing Datalog program...
Normalizing Datalog program: [0.000s CPU, 0.001s wall-clock]
Preparing model... [0.000s CPU, 0.000s wall-clock]
Generated 20 rules.
Computing model... [0.000s CPU, 0.008s wall-clock]
778 relevant atoms
994 auxiliary atoms
1772 final queue length
2612 total queue pushes
Completing instantiation... [0.016s CPU, 0.005s wall-clock]
Instantiating: [0.016s CPU, 0.015s wall-clock]
Computing fact groups...
Finding invariants...
7 initial candidates
Finding invariants: [0.000s CPU, 0.001s wall-clock]
Checking invariant weight... [0.000s CPU, 0.000s wall-clock]
Instantiating groups... [0.000s CPU, 0.001s wall-clock]
Collecting mutex groups... [0.000s CPU, 0.000s wall-clock]
Choosing groups...
35 uncovered facts
Choosing groups: [0.000s CPU, 0.000s wall-clock]
Building translation key... [0.000s CPU, 0.000s wall-clock]
Computing fact groups: [0.000s CPU, 0.002s wall-clock]
Building STRIPS to SAS dictionary... [0.000s CPU, 0.000s wall-clock]
Building dictionary for full mutex groups... [0.000s CPU, 0.000s wall-clock]
Building mutex information...
Building mutex information: [0.000s CPU, 0.000s wall-clock]
Translating task...
Processing axioms...
Simplifying axioms... [0.000s CPU, 0.000s wall-clock]
Translator axioms removed by simplifying: 0
Processing axioms: [0.000s CPU, 0.000s wall-clock]
Translating task: [0.000s CPU, 0.009s wall-clock]
616 effect conditions simplified
0 implied preconditions added
Detecting unreachable propositions...
0 operators removed
0 axioms removed
4 propositions removed
Detecting unreachable propositions: [0.016s CPU, 0.004s wall-clock]
Reordering and filtering variables...
39 of 39 variables necessary.
35 of 39 mutex groups necessary.
364 of 364 operators necessary.
0 of 0 axiom rules necessary.
Reordering and filtering variables: [0.000s CPU, 0.002s wall-clock]
Translator variables: 39
Translator derived variables: 0
Translator facts: 210
Translator goal facts: 3
Translator mutex groups: 35
Translator total mutex groups size: 175
Translator operators: 364
Translator axioms: 0
Translator task size: 3367
warning: could not determine peak memory
Writing output... [0.000s CPU, 0.012s wall-clock]
Done! [0.031s CPU, 0.047s wall-clock]
translate exit code: 0

INFO     Running search (release).
INFO     search stdin: output.sas
INFO     search time limit: None
INFO     search memory limit: None
INFO     search command line string: 'C:\Users\user\Desktop\theoria\.worktrees\p13\engine-rig\.toolchain\downward\builds\release\bin\downward.exe' --search 'astar(ipdb())' --internal-plan-file 'C:\Users\user\AppData\Local\Temp\tmpkeehj1ph\sas_plan' < output.sas
[t=0.000129s, 1940 KB] Search code revision: 7120aa0
[t=0.000233s, 1968 KB] reading input...
[t=0.003758s, 2556 KB] done reading input!
[t=0.005331s, 2944 KB] Initializing canonical PDB heuristic...
[t=0.005348s, 2944 KB] Generating patterns using: hill climbing pattern collection generator
[t=0.005537s, 2956 KB] Done calculating initial pattern collection: 0.000186s
[t=0.005545s, 2956 KB] Average operator cost: 1.000000
[t=0.005550s, 2956 KB] Building causal graph... done!
[t=0.011414s, 3116 KB] Done calculating initial candidate PDBs
[t=0.021540s, 3400 KB] found a better pattern with improvement 136
[t=0.043874s, 4692 KB] found a better pattern with improvement 993
[t=0.176920s, 24112 KB] found a better pattern with improvement 996
[t=0.197535s, 24112 KB] Improvement below threshold. Stop hill climbing.
[t=0.197557s, 24112 KB] Hill climbing iterations: 4
[t=0.197561s, 24112 KB] Hill climbing generated patterns: 181
[t=0.197564s, 24112 KB] Hill climbing rejected patterns: 140
[t=0.197566s, 24112 KB] Hill climbing maximum PDB size: 1500625
[t=0.197569s, 24112 KB] Hill climbing time: 0.192025s
[t=0.206397s, 24112 KB] hill climbing pattern collection generator number of patterns: 6
[t=0.206417s, 24112 KB] hill climbing pattern collection generator total PDB size: 1544830
[t=0.206421s, 24112 KB] hill climbing pattern collection generator computation time: 0.201040s
[t=0.206427s, 24112 KB] Running dominance pruning...
[t=0.206546s, 24112 KB] Pruned 3 of 4 pattern cliques
[t=0.206552s, 24112 KB] Pruned 5 of 6 PDBs
[t=0.206555s, 24112 KB] Dominance pruning took 0.000126s
[t=0.206594s, 24112 KB] Canonical PDB heuristic number of patterns: 1
[t=0.206599s, 24112 KB] Canonical PDB heuristic total PDB size: 1500625
[t=0.206602s, 24112 KB] Canonical PDB heuristic computation time: 0.201264s
[t=0.221957s, 24112 KB] Building successor generator... done!
[t=0.222470s, 24112 KB] peak memory difference for successor generator creation: 0 KB
[t=0.222479s, 24112 KB] time for successor generation creation: 0.000463s
[t=0.222488s, 24112 KB] Variables: 39
[t=0.222492s, 24112 KB] FactPairs: 210
[t=0.222495s, 24112 KB] Bytes per state: 8
[t=0.222502s, 24112 KB] Conducting best first search with reopening closed nodes, (real) bound = 2147483647
[t=0.222520s, 24112 KB] New best heuristic value for cpdbs: 22
[t=0.222524s, 24112 KB] g=0, 1 evaluated, 0 expanded
[t=0.222529s, 24112 KB] f = 22, 1 evaluated, 0 expanded
[t=0.222535s, 24112 KB] Initial heuristic value for cpdbs: 22
[t=0.222542s, 24112 KB] pruning method: none
[t=0.222555s, 24112 KB] New best heuristic value for cpdbs: 21
[t=0.222558s, 24112 KB] g=1, 4 evaluated, 1 expanded
[t=0.222566s, 24112 KB] New best heuristic value for cpdbs: 20
[t=0.222571s, 24112 KB] g=2, 6 evaluated, 2 expanded
[t=0.222581s, 24112 KB] New best heuristic value for cpdbs: 19
[t=0.222585s, 24112 KB] g=3, 9 evaluated, 3 expanded
[t=0.222592s, 24112 KB] New best heuristic value for cpdbs: 18
[t=0.222596s, 24112 KB] g=4, 11 evaluated, 4 expanded
[t=0.222603s, 24112 KB] New best heuristic value for cpdbs: 17
[t=0.222610s, 24112 KB] g=5, 13 evaluated, 5 expanded
[t=0.222619s, 24112 KB] New best heuristic value for cpdbs: 16
[t=0.222624s, 24112 KB] g=6, 16 evaluated, 6 expanded
[t=0.222633s, 24112 KB] New best heuristic value for cpdbs: 15
[t=0.222635s, 24112 KB] g=7, 19 evaluated, 7 expanded
[t=0.222643s, 24112 KB] New best heuristic value for cpdbs: 14
[t=0.222649s, 24112 KB] g=8, 23 evaluated, 8 expanded
[t=0.222655s, 24112 KB] New best heuristic value for cpdbs: 13
[t=0.222658s, 24112 KB] g=9, 24 evaluated, 9 expanded
[t=0.222667s, 24112 KB] New best heuristic value for cpdbs: 12
[t=0.222673s, 24112 KB] g=10, 29 evaluated, 10 expanded
[t=0.222678s, 24112 KB] New best heuristic value for cpdbs: 11
[t=0.222681s, 24112 KB] g=11, 30 evaluated, 11 expanded
[t=0.222687s, 24112 KB] New best heuristic value for cpdbs: 10
[t=0.222692s, 24112 KB] g=12, 32 evaluated, 12 expanded
[t=0.222701s, 24112 KB] New best heuristic value for cpdbs: 9
[t=0.222704s, 24112 KB] g=13, 34 evaluated, 13 expanded
[t=0.222710s, 24112 KB] New best heuristic value for cpdbs: 8
[t=0.222715s, 24112 KB] g=14, 36 evaluated, 14 expanded
[t=0.222722s, 24112 KB] New best heuristic value for cpdbs: 7
[t=0.222725s, 24112 KB] g=15, 39 evaluated, 15 expanded
[t=0.222731s, 24112 KB] New best heuristic value for cpdbs: 6
[t=0.222734s, 24112 KB] g=16, 41 evaluated, 16 expanded
[t=0.222741s, 24112 KB] New best heuristic value for cpdbs: 5
[t=0.222747s, 24112 KB] g=17, 44 evaluated, 17 expanded
[t=0.222754s, 24112 KB] New best heuristic value for cpdbs: 4
[t=0.222757s, 24112 KB] g=18, 47 evaluated, 18 expanded
[t=0.222764s, 24112 KB] New best heuristic value for cpdbs: 3
[t=0.222770s, 24112 KB] g=19, 50 evaluated, 19 expanded
[t=0.222776s, 24112 KB] New best heuristic value for cpdbs: 2
[t=0.222779s, 24112 KB] g=20, 53 evaluated, 20 expanded
[t=0.222786s, 24112 KB] New best heuristic value for cpdbs: 1
[t=0.222791s, 24112 KB] g=21, 56 evaluated, 21 expanded
[t=0.222796s, 24112 KB] New best heuristic value for cpdbs: 0
[t=0.222799s, 24112 KB] g=22, 57 evaluated, 22 expanded
[t=0.222805s, 24112 KB] Solution found!
[t=0.222812s, 24112 KB] Actual search time: 0.000268s
move c41 c42 right (1)
move c42 c43 right (1)
move c43 c44 right (1)
push c44 c34 c24 b3 up (1)
push c34 c24 c14 b3 up (1)
push c24 c25 c26 b1 right (1)
move c25 c15 up (1)
push c15 c14 c13 b3 left (1)
push c14 c13 c12 b3 left (1)
move c13 c14 right (1)
move c14 c15 right (1)
move c15 c16 right (1)
push c16 c26 c36 b1 down (1)
push c26 c36 c46 b1 down (1)
push c36 c46 c56 b1 down (1)
push c46 c56 c66 b1 down (1)
move c56 c46 up (1)
push c46 c45 c44 b2 left (1)
move c45 c35 up (1)
move c35 c34 left (1)
push c34 c44 c54 b2 down (1)
push c44 c54 c64 b2 down (1)
[t=0.222815s, 24112 KB] Plan length: 22 step(s).
[t=0.222815s, 24112 KB] Plan cost: 22
[t=0.222815s, 24112 KB] Expanded 23 state(s).
[t=0.222815s, 24112 KB] Reopened 0 state(s).
[t=0.222815s, 24112 KB] Evaluated 60 state(s).
[t=0.222815s, 24112 KB] Evaluations: 60
[t=0.222815s, 24112 KB] Generated 69 state(s).
[t=0.222815s, 24112 KB] Dead ends: 2 state(s).
[t=0.222815s, 24112 KB] Expanded until last jump: 0 state(s).
[t=0.222815s, 24112 KB] Reopened until last jump: 0 state(s).
[t=0.222815s, 24112 KB] Evaluated until last jump: 1 state(s).
[t=0.222815s, 24112 KB] Generated until last jump: 0 state(s).
[t=0.222815s, 24112 KB] Number of registered states: 60
[t=0.222815s, 24112 KB] Int hash set load factor: 60/64 = 0.937500
[t=0.222815s, 24112 KB] Int hash set resizes: 6
[t=0.222815s, 24112 KB] Search time: 0.000314s
[t=0.222815s, 24112 KB] Total time: 0.222815s
Solution found.
Remove intermediate file output.sas
search exit code: 0

