INFO     planner time limit: None
INFO     planner memory limit: None

INFO     Running translator.
INFO     translator stdin: None
INFO     translator time limit: None
INFO     translator memory limit: None
INFO     translator command line string: 'D:\Miniforge3\python.exe' -m translate 'C:\Users\user\Desktop\theoria\.worktrees\e7-deadlock-claim\engine-rig\runs\20260728T150713Z-E7-deadlock-claim-audit\attacks\work\a3\rnd0011\indexed\sokoban_guarded_indexed_domain.pddl' 'C:\Users\user\Desktop\theoria\.worktrees\e7-deadlock-claim\engine-rig\runs\20260728T150713Z-E7-deadlock-claim-audit\attacks\work\a3\rnd0011\indexed\rnd0011_guarded_indexed.pddl' --sas-file output.sas
Warning! SIGXCPU is not available on your platform. This means that the planner cannot be gracefully terminated when using a time limit, which, however, is probably supported on your platform anyway.
Parsing...
Parsing: [0.000s CPU, 0.003s wall-clock]
Normalizing task... [0.000s CPU, 0.000s wall-clock]
Instantiating...
Generating Datalog program... [0.000s CPU, 0.000s wall-clock]
Normalizing Datalog program...
Normalizing Datalog program: [0.000s CPU, 0.002s wall-clock]
Preparing model... [0.016s CPU, 0.003s wall-clock]
Generated 103 rules.
Computing model... [0.031s CPU, 0.034s wall-clock]
1046 relevant atoms
12419 auxiliary atoms
13465 final queue length
14305 total queue pushes
Completing instantiation... [0.000s CPU, 0.007s wall-clock]
Instantiating: [0.047s CPU, 0.049s wall-clock]
Computing fact groups...
Finding invariants...
7 initial candidates
Finding invariants: [0.016s CPU, 0.003s wall-clock]
Checking invariant weight... [0.000s CPU, 0.000s wall-clock]
Instantiating groups... [0.000s CPU, 0.001s wall-clock]
Collecting mutex groups... [0.000s CPU, 0.000s wall-clock]
Choosing groups...
35 uncovered facts
Choosing groups: [0.000s CPU, 0.000s wall-clock]
Building translation key... [0.000s CPU, 0.000s wall-clock]
Computing fact groups: [0.016s CPU, 0.005s wall-clock]
Building STRIPS to SAS dictionary... [0.000s CPU, 0.000s wall-clock]
Building dictionary for full mutex groups... [0.000s CPU, 0.000s wall-clock]
Building mutex information...
Building mutex information: [0.000s CPU, 0.000s wall-clock]
Translating task...
Processing axioms...
Simplifying axioms... [0.000s CPU, 0.000s wall-clock]
Translator axioms removed by simplifying: 0
Processing axioms: [0.000s CPU, 0.001s wall-clock]
Translating task: [2.828s CPU, 2.835s wall-clock]
274596 effect conditions simplified
0 implied preconditions added
Detecting unreachable propositions...
34744 operators removed
0 axioms removed
15 propositions removed
Detecting unreachable propositions: [2.156s CPU, 2.193s wall-clock]
Reordering and filtering variables...
39 of 39 variables necessary.
35 of 39 mutex groups necessary.
102610 of 102610 operators necessary.
0 of 0 axiom rules necessary.
Reordering and filtering variables: [0.688s CPU, 0.689s wall-clock]
Translator variables: 39
Translator derived variables: 0
Translator facts: 199
Translator goal facts: 3
Translator mutex groups: 35
Translator total mutex groups size: 164
Translator operators: 102610
Translator axioms: 0
Translator task size: 1128327
warning: could not determine peak memory
Writing output... [1.188s CPU, 1.247s wall-clock]
Done! [6.953s CPU, 7.061s wall-clock]
translate exit code: 0

INFO     Running search (release).
INFO     search stdin: output.sas
INFO     search time limit: None
INFO     search memory limit: None
INFO     search command line string: 'C:\Users\user\Desktop\theoria\.worktrees\p13\engine-rig\.toolchain\downward\builds\release\bin\downward.exe' --search 'astar(blind())' --internal-plan-file 'C:\Users\user\AppData\Local\Temp\tmpdy4wpicz\sas_plan' < output.sas
[t=0.000115s, 1928 KB] Search code revision: 7120aa0
[t=0.000191s, 1928 KB] reading input...
[t=1.076355s, 42964 KB] done reading input!
[t=1.078356s, 43180 KB] Initializing blind search heuristic...
[t=1.078391s, 43180 KB] Building successor generator... done!
[t=1.110167s, 57192 KB] peak memory difference for successor generator creation: 14012 KB
[t=1.110187s, 57192 KB] time for successor generation creation: 0.031744s
[t=1.110783s, 57192 KB] Variables: 39
[t=1.110793s, 57192 KB] FactPairs: 199
[t=1.110795s, 57192 KB] Bytes per state: 8
[t=1.110805s, 57192 KB] Conducting best first search with reopening closed nodes, (real) bound = 2147483647
[t=1.110825s, 57192 KB] New best heuristic value for blind: 1
[t=1.110830s, 57192 KB] g=0, 1 evaluated, 0 expanded
[t=1.110833s, 57192 KB] f = 1, 1 evaluated, 0 expanded
[t=1.110839s, 57192 KB] Initial heuristic value for blind: 1
[t=1.110842s, 57192 KB] pruning method: none
[t=1.110856s, 57192 KB] f = 2, 4 evaluated, 1 expanded
[t=1.110872s, 57192 KB] f = 3, 9 evaluated, 4 expanded
[t=1.110887s, 57192 KB] f = 4, 14 evaluated, 9 expanded
[t=1.110907s, 57192 KB] f = 5, 20 evaluated, 14 expanded
[t=1.110928s, 57192 KB] f = 6, 30 evaluated, 20 expanded
[t=1.110961s, 57192 KB] f = 7, 52 evaluated, 30 expanded
[t=1.111026s, 57192 KB] f = 8, 98 evaluated, 52 expanded
[t=1.111131s, 57192 KB] f = 9, 191 evaluated, 98 expanded
[t=1.111306s, 57192 KB] f = 10, 356 evaluated, 191 expanded
[t=1.111670s, 57192 KB] f = 11, 664 evaluated, 356 expanded
[t=1.112421s, 57192 KB] f = 12, 1158 evaluated, 664 expanded
[t=1.113375s, 57192 KB] f = 13, 1998 evaluated, 1158 expanded
[t=1.114697s, 57192 KB] f = 14, 3262 evaluated, 1998 expanded
[t=1.116868s, 57192 KB] f = 15, 5346 evaluated, 3262 expanded
[t=1.120065s, 57192 KB] f = 16, 8298 evaluated, 5346 expanded
[t=1.124374s, 57192 KB] f = 17, 12897 evaluated, 8298 expanded
[t=1.131774s, 57192 KB] f = 18, 19064 evaluated, 12897 expanded
[t=1.141780s, 57192 KB] f = 19, 28191 evaluated, 19064 expanded
[t=1.155495s, 57192 KB] f = 20, 39924 evaluated, 28191 expanded
[t=1.173566s, 57192 KB] f = 21, 56427 evaluated, 39924 expanded
[t=1.198260s, 57192 KB] f = 22, 76465 evaluated, 56427 expanded
[t=1.226225s, 57192 KB] New best heuristic value for blind: 0
[t=1.226248s, 57192 KB] g=22, 101632 evaluated, 75041 expanded
[t=1.226252s, 57192 KB] Solution found!
[t=1.226259s, 57192 KB] Actual search time: 0.115416s
move c41 c42 right (1)
move c42 c43 right (1)
move c43 c44 right (1)
push-pair0 c44 c34 c24 b3 up (1)
push-pair4 c34 c24 c14 b3 up b1 c13 b1 c15 b2 c13 b2 c15 (1)
push-pair2 c24 c25 c26 b1 right b2 c36 b3 c36 (1)
move c25 c15 up (1)
push-pair4 c15 c14 c13 b3 left b1 c12 b1 c14 b2 c12 b2 c14 (1)
push-pair2 c14 c13 c12 b3 left b1 c13 b2 c13 (1)
move c13 c14 right (1)
move c14 c15 right (1)
move c15 c16 right (1)
push-pair4 c16 c26 c36 b1 down b2 c26 b2 c46 b3 c26 b3 c46 (1)
push-pair4 c26 c36 c46 b1 down b2 c36 b2 c56 b3 c36 b3 c56 (1)
push-pair2 c36 c46 c56 b1 down b2 c46 b3 c46 (1)
push-pair4 c46 c56 c66 b1 down b2 c56 b2 c65 b3 c56 b3 c65 (1)
move c56 c46 up (1)
push-pair0 c46 c45 c44 b2 left (1)
move c45 c35 up (1)
move c35 c34 left (1)
push-pair0 c34 c44 c54 b2 down (1)
push-pair4 c44 c54 c64 b2 down b1 c63 b1 c65 b3 c63 b3 c65 (1)
[t=1.226262s, 57192 KB] Plan length: 22 step(s).
[t=1.226262s, 57192 KB] Plan cost: 22
[t=1.226262s, 57192 KB] Expanded 75042 state(s).
[t=1.226262s, 57192 KB] Reopened 0 state(s).
[t=1.226262s, 57192 KB] Evaluated 101632 state(s).
[t=1.226262s, 57192 KB] Evaluations: 101632
[t=1.226262s, 57192 KB] Generated 238330 state(s).
[t=1.226262s, 57192 KB] Dead ends: 0 state(s).
[t=1.226262s, 57192 KB] Expanded until last jump: 56427 state(s).
[t=1.226262s, 57192 KB] Reopened until last jump: 0 state(s).
[t=1.226262s, 57192 KB] Evaluated until last jump: 76465 state(s).
[t=1.226262s, 57192 KB] Generated until last jump: 177789 state(s).
[t=1.226262s, 57192 KB] Number of registered states: 101632
[t=1.226262s, 57192 KB] Int hash set load factor: 101632/131072 = 0.775391
[t=1.226262s, 57192 KB] Int hash set resizes: 17
[t=1.226262s, 57192 KB] Search time: 0.115458s
[t=1.226262s, 57192 KB] Total time: 1.226262s
Solution found.
Remove intermediate file output.sas
search exit code: 0

