INFO     planner time limit: None
INFO     planner memory limit: None

INFO     Running translator.
INFO     translator stdin: None
INFO     translator time limit: None
INFO     translator memory limit: None
INFO     translator command line string: 'D:\Miniforge3\python.exe' -m translate 'C:\Users\user\Desktop\theoria\.worktrees\e7-deadlock-claim\engine-rig\runs\20260728T150713Z-E7-deadlock-claim-audit\attacks\work\a3\rnd0038\singleton\sokoban_guarded_singleton_domain.pddl' 'C:\Users\user\Desktop\theoria\.worktrees\e7-deadlock-claim\engine-rig\runs\20260728T150713Z-E7-deadlock-claim-audit\attacks\work\a3\rnd0038\singleton\rnd0038_guarded_singleton.pddl' --sas-file output.sas
Warning! SIGXCPU is not available on your platform. This means that the planner cannot be gracefully terminated when using a time limit, which, however, is probably supported on your platform anyway.
Parsing...
Parsing: [0.000s CPU, 0.002s wall-clock]
Normalizing task... [0.000s CPU, 0.000s wall-clock]
Instantiating...
Generating Datalog program... [0.000s CPU, 0.000s wall-clock]
Normalizing Datalog program...
Normalizing Datalog program: [0.000s CPU, 0.001s wall-clock]
Preparing model... [0.000s CPU, 0.000s wall-clock]
Generated 20 rules.
Computing model... [0.000s CPU, 0.006s wall-clock]
671 relevant atoms
908 auxiliary atoms
1579 final queue length
2215 total queue pushes
Completing instantiation... [0.016s CPU, 0.004s wall-clock]
Instantiating: [0.016s CPU, 0.011s wall-clock]
No relaxed solution! Generating unsolvable task...
Translator variables: 1
Translator derived variables: 0
Translator facts: 2
Translator goal facts: 1
Translator mutex groups: 0
Translator total mutex groups size: 0
Translator operators: 0
Translator axioms: 0
Translator task size: 4
warning: could not determine peak memory
Writing output... [0.000s CPU, 0.006s wall-clock]
Done! [0.016s CPU, 0.020s wall-clock]
translate exit code: 0

INFO     Running search (release).
INFO     search stdin: output.sas
INFO     search time limit: None
INFO     search memory limit: None
INFO     search command line string: 'C:\Users\user\Desktop\theoria\.worktrees\p13\engine-rig\.toolchain\downward\builds\release\bin\downward.exe' --search 'astar(blind())' --internal-plan-file 'C:\Users\user\AppData\Local\Temp\tmpsudru855\sas_plan' < output.sas
[t=0.000120s, 1900 KB] Search code revision: 7120aa0
[t=0.000199s, 1928 KB] reading input...
[t=0.000265s, 1944 KB] done reading input!
[t=0.001164s, 2496 KB] Initializing blind search heuristic...
[t=0.001183s, 2496 KB] Building successor generator... done!
[t=0.001190s, 2496 KB] peak memory difference for successor generator creation: 0 KB
[t=0.001193s, 2496 KB] time for successor generation creation: 0.000002s
[t=0.001200s, 2496 KB] Variables: 1
[t=0.001203s, 2496 KB] FactPairs: 2
[t=0.001205s, 2496 KB] Bytes per state: 4
[t=0.001212s, 2496 KB] Conducting best first search with reopening closed nodes, (real) bound = 2147483647
[t=0.001227s, 2520 KB] Initial state is a dead end.
[t=0.001229s, 2520 KB] Initial heuristic value for blind: infinity
[t=0.001231s, 2520 KB] pruning method: none
[t=0.001236s, 2532 KB] Completely explored state space -- no solution!
[t=0.001239s, 2532 KB] Actual search time: 0.000004s
[t=0.001242s, 2532 KB] Expanded 0 state(s).
[t=0.001242s, 2532 KB] Reopened 0 state(s).
[t=0.001242s, 2532 KB] Evaluated 1 state(s).
[t=0.001242s, 2532 KB] Evaluations: 1
[t=0.001242s, 2532 KB] Generated 0 state(s).
[t=0.001242s, 2532 KB] Dead ends: 0 state(s).
[t=0.001242s, 2532 KB] Number of registered states: 1
[t=0.001242s, 2532 KB] Int hash set load factor: 1/1 = 1.000000
[t=0.001242s, 2532 KB] Int hash set resizes: 0
[t=0.001242s, 2532 KB] Search time: 0.000031s
[t=0.001242s, 2532 KB] Total time: 0.001242s
Search stopped without finding a solution.
Remove intermediate file output.sas
search exit code: 12

Driver aborting after search
