INFO     planner time limit: None
INFO     planner memory limit: None

INFO     Running translator.
INFO     translator stdin: None
INFO     translator time limit: None
INFO     translator memory limit: None
INFO     translator command line string: 'D:\Miniforge3\python.exe' -m translate 'C:\Users\user\Desktop\theoria\.worktrees\e7-deadlock-claim\engine-rig\runs\20260728T150713Z-E7-deadlock-claim-audit\attacks\work\a3\rnd0021\singleton\sokoban_guarded_singleton_domain.pddl' 'C:\Users\user\Desktop\theoria\.worktrees\e7-deadlock-claim\engine-rig\runs\20260728T150713Z-E7-deadlock-claim-audit\attacks\work\a3\rnd0021\singleton\rnd0021_guarded_singleton.pddl' --sas-file output.sas
Warning! SIGXCPU is not available on your platform. This means that the planner cannot be gracefully terminated when using a time limit, which, however, is probably supported on your platform anyway.
Parsing...
Parsing: [0.000s CPU, 0.001s wall-clock]
Normalizing task... [0.000s CPU, 0.000s wall-clock]
Instantiating...
Generating Datalog program... [0.000s CPU, 0.000s wall-clock]
Normalizing Datalog program...
Normalizing Datalog program: [0.000s CPU, 0.001s wall-clock]
Preparing model... [0.000s CPU, 0.000s wall-clock]
Generated 20 rules.
Computing model... [0.000s CPU, 0.001s wall-clock]
177 relevant atoms
270 auxiliary atoms
447 final queue length
516 total queue pushes
Completing instantiation... [0.000s CPU, 0.000s wall-clock]
Instantiating: [0.000s CPU, 0.003s wall-clock]
Computing fact groups...
Finding invariants...
7 initial candidates
Finding invariants: [0.000s CPU, 0.001s wall-clock]
Checking invariant weight... [0.000s CPU, 0.000s wall-clock]
Instantiating groups... [0.000s CPU, 0.000s wall-clock]
Collecting mutex groups... [0.000s CPU, 0.000s wall-clock]
Choosing groups...
14 uncovered facts
Choosing groups: [0.000s CPU, 0.000s wall-clock]
Building translation key... [0.000s CPU, 0.000s wall-clock]
Computing fact groups: [0.000s CPU, 0.001s wall-clock]
Building STRIPS to SAS dictionary... [0.000s CPU, 0.000s wall-clock]
Building dictionary for full mutex groups... [0.000s CPU, 0.000s wall-clock]
Building mutex information...
Building mutex information: [0.000s CPU, 0.000s wall-clock]
Translating task...
Processing axioms...
Simplifying axioms... [0.000s CPU, 0.000s wall-clock]
Translator axioms removed by simplifying: 0
Processing axioms: [0.000s CPU, 0.000s wall-clock]
Translating task: [0.000s CPU, 0.001s wall-clock]
42 effect conditions simplified
0 implied preconditions added
Detecting unreachable propositions...
Simplified to trivially false goal! Generating unsolvable task...
Detecting unreachable propositions: [0.000s CPU, 0.000s wall-clock]
Translator variables: 1
Translator derived variables: 0
Translator facts: 2
Translator goal facts: 1
Translator mutex groups: 0
Translator total mutex groups size: 0
Translator operators: 0
Translator axioms: 0
Translator task size: 4
warning: could not determine peak memory
Writing output... [0.000s CPU, 0.006s wall-clock]
Done! [0.000s CPU, 0.012s wall-clock]
translate exit code: 0

INFO     Running search (release).
INFO     search stdin: output.sas
INFO     search time limit: None
INFO     search memory limit: None
INFO     search command line string: 'C:\Users\user\Desktop\theoria\.worktrees\p13\engine-rig\.toolchain\downward\builds\release\bin\downward.exe' --search 'astar(blind())' --internal-plan-file 'C:\Users\user\AppData\Local\Temp\tmp3t0_a15s\sas_plan' < output.sas
[t=0.000142s, 1928 KB] Search code revision: 7120aa0
[t=0.000252s, 1928 KB] reading input...
[t=0.000339s, 1976 KB] done reading input!
[t=0.001543s, 2596 KB] Initializing blind search heuristic...
[t=0.001569s, 2596 KB] Building successor generator... done!
[t=0.001576s, 2596 KB] peak memory difference for successor generator creation: 0 KB
[t=0.001579s, 2596 KB] time for successor generation creation: 0.000002s
[t=0.001583s, 2596 KB] Variables: 1
[t=0.001586s, 2596 KB] FactPairs: 2
[t=0.001589s, 2596 KB] Bytes per state: 4
[t=0.001594s, 2596 KB] Conducting best first search with reopening closed nodes, (real) bound = 2147483647
[t=0.001608s, 2608 KB] Initial state is a dead end.
[t=0.001611s, 2608 KB] Initial heuristic value for blind: infinity
[t=0.001614s, 2608 KB] pruning method: none
[t=0.001617s, 2608 KB] Completely explored state space -- no solution!
[t=0.001619s, 2608 KB] Actual search time: 0.000004s
[t=0.001623s, 2608 KB] Expanded 0 state(s).
[t=0.001623s, 2608 KB] Reopened 0 state(s).
[t=0.001623s, 2608 KB] Evaluated 1 state(s).
[t=0.001623s, 2608 KB] Evaluations: 1
[t=0.001623s, 2608 KB] Generated 0 state(s).
[t=0.001623s, 2608 KB] Dead ends: 0 state(s).
[t=0.001623s, 2608 KB] Number of registered states: 1
[t=0.001623s, 2608 KB] Int hash set load factor: 1/1 = 1.000000
[t=0.001623s, 2608 KB] Int hash set resizes: 0
[t=0.001623s, 2608 KB] Search time: 0.000029s
[t=0.001623s, 2616 KB] Total time: 0.001623s
Search stopped without finding a solution.
Remove intermediate file output.sas
search exit code: 12

Driver aborting after search
