INFO     planner time limit: None
INFO     planner memory limit: None

INFO     Running translator.
INFO     translator stdin: None
INFO     translator time limit: None
INFO     translator memory limit: None
INFO     translator command line string: 'D:\Miniforge3\python.exe' -m translate 'C:\Users\user\Desktop\theoria\.worktrees\e7-deadlock-claim\engine-rig\runs\20260728T150713Z-E7-deadlock-claim-audit\attacks\work\a3\rnd0010\singleton\sokoban_guarded_singleton_domain.pddl' 'C:\Users\user\Desktop\theoria\.worktrees\e7-deadlock-claim\engine-rig\runs\20260728T150713Z-E7-deadlock-claim-audit\attacks\work\a3\rnd0010\singleton\rnd0010_guarded_singleton.pddl' --sas-file output.sas
Warning! SIGXCPU is not available on your platform. This means that the planner cannot be gracefully terminated when using a time limit, which, however, is probably supported on your platform anyway.
Parsing...
Parsing: [0.000s CPU, 0.001s wall-clock]
Normalizing task... [0.000s CPU, 0.000s wall-clock]
Instantiating...
Generating Datalog program... [0.000s CPU, 0.000s wall-clock]
Normalizing Datalog program...
Normalizing Datalog program: [0.000s CPU, 0.001s wall-clock]
Preparing model... [0.000s CPU, 0.000s wall-clock]
Generated 20 rules.
Computing model... [0.000s CPU, 0.001s wall-clock]
260 relevant atoms
344 auxiliary atoms
604 final queue length
783 total queue pushes
Completing instantiation... [0.000s CPU, 0.003s wall-clock]
Instantiating: [0.000s CPU, 0.005s wall-clock]
Computing fact groups...
Finding invariants...
7 initial candidates
Finding invariants: [0.000s CPU, 0.001s wall-clock]
Checking invariant weight... [0.000s CPU, 0.000s wall-clock]
Instantiating groups... [0.000s CPU, 0.000s wall-clock]
Collecting mutex groups... [0.000s CPU, 0.000s wall-clock]
Choosing groups...
15 uncovered facts
Choosing groups: [0.000s CPU, 0.000s wall-clock]
Building translation key... [0.000s CPU, 0.000s wall-clock]
Computing fact groups: [0.000s CPU, 0.001s wall-clock]
Building STRIPS to SAS dictionary... [0.000s CPU, 0.000s wall-clock]
Building dictionary for full mutex groups... [0.000s CPU, 0.000s wall-clock]
Building mutex information...
Building mutex information: [0.000s CPU, 0.000s wall-clock]
Translating task...
Processing axioms...
Simplifying axioms... [0.000s CPU, 0.000s wall-clock]
Translator axioms removed by simplifying: 0
Processing axioms: [0.000s CPU, 0.000s wall-clock]
Translating task: [0.000s CPU, 0.001s wall-clock]
104 effect conditions simplified
0 implied preconditions added
Detecting unreachable propositions...
0 operators removed
0 axioms removed
11 propositions removed
Detecting unreachable propositions: [0.000s CPU, 0.001s wall-clock]
Reordering and filtering variables...
18 of 18 variables necessary.
15 of 18 mutex groups necessary.
72 of 72 operators necessary.
0 of 0 axiom rules necessary.
Reordering and filtering variables: [0.016s CPU, 0.001s wall-clock]
Translator variables: 18
Translator derived variables: 0
Translator facts: 67
Translator goal facts: 2
Translator mutex groups: 15
Translator total mutex groups size: 52
Translator operators: 72
Translator axioms: 0
Translator task size: 667
warning: could not determine peak memory
Writing output... [0.000s CPU, 0.010s wall-clock]
Done! [0.016s CPU, 0.021s wall-clock]
translate exit code: 0

INFO     Running search (release).
INFO     search stdin: output.sas
INFO     search time limit: None
INFO     search memory limit: None
INFO     search command line string: 'C:\Users\user\Desktop\theoria\.worktrees\p13\engine-rig\.toolchain\downward\builds\release\bin\downward.exe' --search 'astar(blind())' --internal-plan-file 'C:\Users\user\AppData\Local\Temp\tmpr9eigzl2\sas_plan' < output.sas
[t=0.000103s, 1892 KB] Search code revision: 7120aa0
[t=0.000185s, 1920 KB] reading input...
[t=0.000987s, 2132 KB] done reading input!
[t=0.001816s, 2592 KB] Initializing blind search heuristic...
[t=0.001997s, 2592 KB] Building successor generator... done!
[t=0.002057s, 2612 KB] peak memory difference for successor generator creation: 20 KB
[t=0.002060s, 2612 KB] time for successor generation creation: 0.000041s
[t=0.002069s, 2612 KB] Variables: 18
[t=0.002074s, 2612 KB] FactPairs: 67
[t=0.002076s, 2612 KB] Bytes per state: 4
[t=0.002090s, 2612 KB] Conducting best first search with reopening closed nodes, (real) bound = 2147483647
[t=0.002228s, 2636 KB] New best heuristic value for blind: 1
[t=0.002234s, 2636 KB] g=0, 1 evaluated, 0 expanded
[t=0.002237s, 2636 KB] f = 1, 1 evaluated, 0 expanded
[t=0.002245s, 2636 KB] Initial heuristic value for blind: 1
[t=0.002247s, 2636 KB] pruning method: none
[t=0.002257s, 2636 KB] f = 2, 3 evaluated, 1 expanded
[t=0.002265s, 2636 KB] f = 3, 6 evaluated, 3 expanded
[t=0.002274s, 2636 KB] f = 4, 13 evaluated, 6 expanded
[t=0.002289s, 2664 KB] f = 5, 23 evaluated, 13 expanded
[t=0.002307s, 2664 KB] f = 6, 38 evaluated, 23 expanded
[t=0.002334s, 2676 KB] f = 7, 55 evaluated, 38 expanded
[t=0.002376s, 2700 KB] f = 8, 74 evaluated, 55 expanded
[t=0.002407s, 2708 KB] f = 9, 94 evaluated, 74 expanded
[t=0.002437s, 2708 KB] f = 10, 123 evaluated, 94 expanded
[t=0.002482s, 2712 KB] f = 11, 154 evaluated, 123 expanded
[t=0.002521s, 2712 KB] f = 12, 187 evaluated, 154 expanded
[t=0.002557s, 2712 KB] f = 13, 218 evaluated, 187 expanded
[t=0.002595s, 2720 KB] f = 14, 256 evaluated, 218 expanded
[t=0.002644s, 2720 KB] f = 15, 293 evaluated, 256 expanded
[t=0.002686s, 2720 KB] f = 16, 331 evaluated, 293 expanded
[t=0.002723s, 2748 KB] f = 17, 362 evaluated, 331 expanded
[t=0.002763s, 2776 KB] f = 18, 404 evaluated, 362 expanded
[t=0.002778s, 2776 KB] New best heuristic value for blind: 0
[t=0.002782s, 2776 KB] g=18, 412 evaluated, 369 expanded
[t=0.002786s, 2776 KB] Solution found!
[t=0.002791s, 2776 KB] Actual search time: 0.000542s
move c41 c31 up (1)
push c31 c32 c33 b2 right (1)
push c32 c22 c12 b1 up (1)
move c22 c32 down (1)
move c32 c42 down (1)
move c42 c43 right (1)
move c43 c44 right (1)
move c44 c34 up (1)
push c34 c33 c32 b2 left (1)
move c33 c43 down (1)
move c43 c42 left (1)
move c42 c41 left (1)
move c41 c31 up (1)
move c31 c21 up (1)
move c21 c11 up (1)
push c11 c12 c13 b1 right (1)
move c12 c22 down (1)
push c22 c32 c42 b2 down (1)
[t=0.002797s, 2820 KB] Plan length: 18 step(s).
[t=0.002797s, 2820 KB] Plan cost: 18
[t=0.002797s, 2820 KB] Expanded 370 state(s).
[t=0.002797s, 2820 KB] Reopened 0 state(s).
[t=0.002797s, 2820 KB] Evaluated 412 state(s).
[t=0.002797s, 2820 KB] Evaluations: 412
[t=0.002797s, 2820 KB] Generated 914 state(s).
[t=0.002797s, 2820 KB] Dead ends: 0 state(s).
[t=0.002797s, 2820 KB] Expanded until last jump: 362 state(s).
[t=0.002797s, 2820 KB] Reopened until last jump: 0 state(s).
[t=0.002797s, 2820 KB] Evaluated until last jump: 404 state(s).
[t=0.002797s, 2820 KB] Generated until last jump: 895 state(s).
[t=0.002797s, 2820 KB] Number of registered states: 412
[t=0.002797s, 2820 KB] Int hash set load factor: 412/512 = 0.804688
[t=0.002797s, 2820 KB] Int hash set resizes: 9
[t=0.002797s, 2820 KB] Search time: 0.000709s
[t=0.002797s, 2820 KB] Total time: 0.002797s
Solution found.
Remove intermediate file output.sas
search exit code: 0

