INFO     planner time limit: None
INFO     planner memory limit: None

INFO     Running translator.
INFO     translator stdin: None
INFO     translator time limit: None
INFO     translator memory limit: None
INFO     translator command line string: 'D:\Miniforge3\python.exe' -m translate 'C:\Users\user\Desktop\theoria\.worktrees\e7-deadlock-claim\engine-rig\runs\20260728T150713Z-E7-deadlock-claim-audit\attacks\work\a3\rnd0013\indexed\sokoban_guarded_indexed_domain.pddl' 'C:\Users\user\Desktop\theoria\.worktrees\e7-deadlock-claim\engine-rig\runs\20260728T150713Z-E7-deadlock-claim-audit\attacks\work\a3\rnd0013\indexed\rnd0013_guarded_indexed.pddl' --sas-file output.sas
Warning! SIGXCPU is not available on your platform. This means that the planner cannot be gracefully terminated when using a time limit, which, however, is probably supported on your platform anyway.
Parsing...
Parsing: [0.000s CPU, 0.002s wall-clock]
Normalizing task... [0.000s CPU, 0.000s wall-clock]
Instantiating...
Generating Datalog program... [0.000s CPU, 0.000s wall-clock]
Normalizing Datalog program...
Normalizing Datalog program: [0.000s CPU, 0.001s wall-clock]
Preparing model... [0.000s CPU, 0.001s wall-clock]
Generated 56 rules.
Computing model... [0.016s CPU, 0.005s wall-clock]
262 relevant atoms
949 auxiliary atoms
1211 final queue length
1341 total queue pushes
Completing instantiation... [0.000s CPU, 0.001s wall-clock]
Instantiating: [0.016s CPU, 0.008s wall-clock]
Computing fact groups...
Finding invariants...
7 initial candidates
Finding invariants: [0.000s CPU, 0.002s wall-clock]
Checking invariant weight... [0.000s CPU, 0.000s wall-clock]
Instantiating groups... [0.000s CPU, 0.000s wall-clock]
Collecting mutex groups... [0.000s CPU, 0.000s wall-clock]
Choosing groups...
15 uncovered facts
Choosing groups: [0.000s CPU, 0.000s wall-clock]
Building translation key... [0.000s CPU, 0.000s wall-clock]
Computing fact groups: [0.000s CPU, 0.002s wall-clock]
Building STRIPS to SAS dictionary... [0.000s CPU, 0.000s wall-clock]
Building dictionary for full mutex groups... [0.000s CPU, 0.000s wall-clock]
Building mutex information...
Building mutex information: [0.000s CPU, 0.000s wall-clock]
Translating task...
Processing axioms...
Simplifying axioms... [0.000s CPU, 0.000s wall-clock]
Translator axioms removed by simplifying: 0
Processing axioms: [0.000s CPU, 0.000s wall-clock]
Translating task: [0.000s CPU, 0.002s wall-clock]
146 effect conditions simplified
0 implied preconditions added
Detecting unreachable propositions...
16 operators removed
0 axioms removed
8 propositions removed
Detecting unreachable propositions: [0.000s CPU, 0.001s wall-clock]
Reordering and filtering variables...
18 of 18 variables necessary.
15 of 18 mutex groups necessary.
77 of 77 operators necessary.
0 of 0 axiom rules necessary.
Reordering and filtering variables: [0.000s CPU, 0.001s wall-clock]
Translator variables: 18
Translator derived variables: 0
Translator facts: 59
Translator goal facts: 2
Translator mutex groups: 15
Translator total mutex groups size: 44
Translator operators: 77
Translator axioms: 0
Translator task size: 719
warning: could not determine peak memory
Writing output... [0.000s CPU, 0.009s wall-clock]
Done! [0.016s CPU, 0.025s wall-clock]
translate exit code: 0

INFO     Running search (release).
INFO     search stdin: output.sas
INFO     search time limit: None
INFO     search memory limit: None
INFO     search command line string: 'C:\Users\user\Desktop\theoria\.worktrees\p13\engine-rig\.toolchain\downward\builds\release\bin\downward.exe' --search 'astar(blind())' --internal-plan-file 'C:\Users\user\AppData\Local\Temp\tmp6taey_34\sas_plan' < output.sas
[t=0.000102s, 1888 KB] Search code revision: 7120aa0
[t=0.000183s, 1888 KB] reading input...
[t=0.001040s, 2136 KB] done reading input!
[t=0.001848s, 2612 KB] Initializing blind search heuristic...
[t=0.001873s, 2612 KB] Building successor generator... done!
[t=0.001909s, 2612 KB] peak memory difference for successor generator creation: 0 KB
[t=0.001912s, 2612 KB] time for successor generation creation: 0.000029s
[t=0.001918s, 2612 KB] Variables: 18
[t=0.001920s, 2612 KB] FactPairs: 59
[t=0.001922s, 2612 KB] Bytes per state: 4
[t=0.001932s, 2612 KB] Conducting best first search with reopening closed nodes, (real) bound = 2147483647
[t=0.001953s, 2636 KB] New best heuristic value for blind: 1
[t=0.001957s, 2636 KB] g=0, 1 evaluated, 0 expanded
[t=0.001960s, 2636 KB] f = 1, 1 evaluated, 0 expanded
[t=0.001967s, 2636 KB] Initial heuristic value for blind: 1
[t=0.001972s, 2636 KB] pruning method: none
[t=0.001981s, 2636 KB] f = 2, 3 evaluated, 1 expanded
[t=0.001988s, 2636 KB] f = 3, 6 evaluated, 3 expanded
[t=0.001997s, 2636 KB] f = 4, 9 evaluated, 6 expanded
[t=0.002003s, 2636 KB] f = 5, 13 evaluated, 9 expanded
[t=0.002009s, 2636 KB] New best heuristic value for blind: 0
[t=0.002011s, 2636 KB] g=5, 14 evaluated, 10 expanded
[t=0.002016s, 2636 KB] Solution found!
[t=0.002020s, 2636 KB] Actual search time: 0.000047s
move c43 c44 right (1)
move c44 c34 up (1)
push-pair2 c34 c24 c14 b1 up b2 c13 b2 c24 (1)
push-pair0 c24 c23 c22 b2 left (1)
push-pair0 c23 c22 c21 b2 left (1)
[t=0.002024s, 2812 KB] Plan length: 5 step(s).
[t=0.002024s, 2812 KB] Plan cost: 5
[t=0.002024s, 2812 KB] Expanded 11 state(s).
[t=0.002024s, 2812 KB] Reopened 0 state(s).
[t=0.002024s, 2812 KB] Evaluated 16 state(s).
[t=0.002024s, 2812 KB] Evaluations: 16
[t=0.002024s, 2812 KB] Generated 25 state(s).
[t=0.002024s, 2812 KB] Dead ends: 0 state(s).
[t=0.002024s, 2812 KB] Expanded until last jump: 9 state(s).
[t=0.002024s, 2812 KB] Reopened until last jump: 0 state(s).
[t=0.002024s, 2812 KB] Evaluated until last jump: 13 state(s).
[t=0.002024s, 2812 KB] Generated until last jump: 22 state(s).
[t=0.002024s, 2812 KB] Number of registered states: 16
[t=0.002024s, 2812 KB] Int hash set load factor: 16/16 = 1.000000
[t=0.002024s, 2812 KB] Int hash set resizes: 4
[t=0.002024s, 2812 KB] Search time: 0.000093s
[t=0.002024s, 2812 KB] Total time: 0.002024s
Solution found.
Remove intermediate file output.sas
search exit code: 0

