INFO     planner time limit: None
INFO     planner memory limit: None

INFO     Running translator.
INFO     translator stdin: None
INFO     translator time limit: None
INFO     translator memory limit: None
INFO     translator command line string: 'D:\Miniforge3\python.exe' -m translate 'C:\Users\user\Desktop\theoria\.worktrees\e7-deadlock-claim\engine-rig\fixtures\data\sokoban_domain.pddl' 'C:\Users\user\Desktop\theoria\.worktrees\e7-deadlock-claim\engine-rig\runs\20260728T150713Z-E7-deadlock-claim-audit\attacks\work\a3\stub-wall\stub-wall.pddl' --sas-file output.sas
Warning! SIGXCPU is not available on your platform. This means that the planner cannot be gracefully terminated when using a time limit, which, however, is probably supported on your platform anyway.
Parsing...
Parsing: [0.000s CPU, 0.002s wall-clock]
Normalizing task... [0.000s CPU, 0.000s wall-clock]
Instantiating...
Generating Datalog program... [0.000s CPU, 0.000s wall-clock]
Normalizing Datalog program...
Normalizing Datalog program: [0.000s CPU, 0.001s wall-clock]
Preparing model... [0.000s CPU, 0.000s wall-clock]
Generated 20 rules.
Computing model... [0.000s CPU, 0.004s wall-clock]
306 relevant atoms
470 auxiliary atoms
776 final queue length
966 total queue pushes
Completing instantiation... [0.016s CPU, 0.001s wall-clock]
Instantiating: [0.016s CPU, 0.007s wall-clock]
Computing fact groups...
Finding invariants...
7 initial candidates
Finding invariants: [0.000s CPU, 0.001s wall-clock]
Checking invariant weight... [0.000s CPU, 0.000s wall-clock]
Instantiating groups... [0.000s CPU, 0.000s wall-clock]
Collecting mutex groups... [0.000s CPU, 0.000s wall-clock]
Choosing groups...
22 uncovered facts
Choosing groups: [0.000s CPU, 0.000s wall-clock]
Building translation key... [0.000s CPU, 0.000s wall-clock]
Computing fact groups: [0.000s CPU, 0.002s wall-clock]
Building STRIPS to SAS dictionary... [0.000s CPU, 0.000s wall-clock]
Building dictionary for full mutex groups... [0.000s CPU, 0.000s wall-clock]
Building mutex information...
Building mutex information: [0.000s CPU, 0.000s wall-clock]
Translating task...
Processing axioms...
Simplifying axioms... [0.000s CPU, 0.000s wall-clock]
Translator axioms removed by simplifying: 0
Processing axioms: [0.000s CPU, 0.000s wall-clock]
Translating task: [0.000s CPU, 0.002s wall-clock]
136 effect conditions simplified
0 implied preconditions added
Detecting unreachable propositions...
0 operators removed
0 axioms removed
2 propositions removed
Detecting unreachable propositions: [0.000s CPU, 0.001s wall-clock]
Reordering and filtering variables...
24 of 24 variables necessary.
22 of 24 mutex groups necessary.
98 of 98 operators necessary.
0 of 0 axiom rules necessary.
Reordering and filtering variables: [0.000s CPU, 0.001s wall-clock]
Translator variables: 24
Translator derived variables: 0
Translator facts: 88
Translator goal facts: 1
Translator mutex groups: 22
Translator total mutex groups size: 66
Translator operators: 98
Translator axioms: 0
Translator task size: 881
warning: could not determine peak memory
Writing output... [0.000s CPU, 0.010s wall-clock]
Done! [0.016s CPU, 0.026s wall-clock]
translate exit code: 0

INFO     Running search (release).
INFO     search stdin: output.sas
INFO     search time limit: None
INFO     search memory limit: None
INFO     search command line string: 'C:\Users\user\Desktop\theoria\.worktrees\p13\engine-rig\.toolchain\downward\builds\release\bin\downward.exe' --search 'astar(lmcut())' --internal-plan-file 'C:\Users\user\AppData\Local\Temp\tmpj4f_7_d4\sas_plan' < output.sas
[t=0.000141s, 1928 KB] Search code revision: 7120aa0
[t=0.000248s, 1956 KB] reading input...
[t=0.001387s, 2148 KB] done reading input!
[t=0.002981s, 2616 KB] Initializing landmark cut heuristic...
[t=0.003014s, 2620 KB] Building successor generator... done!
[t=0.003077s, 2676 KB] peak memory difference for successor generator creation: 56 KB
[t=0.003081s, 2676 KB] time for successor generation creation: 0.000052s
[t=0.003087s, 2676 KB] Variables: 24
[t=0.003091s, 2676 KB] FactPairs: 88
[t=0.003096s, 2676 KB] Bytes per state: 4
[t=0.003103s, 2676 KB] Conducting best first search with reopening closed nodes, (real) bound = 2147483647
[t=0.003180s, 2820 KB] New best heuristic value for lmcut: 7
[t=0.003187s, 2820 KB] g=0, 1 evaluated, 0 expanded
[t=0.003190s, 2820 KB] f = 7, 1 evaluated, 0 expanded
[t=0.003198s, 2820 KB] Initial heuristic value for lmcut: 7
[t=0.003204s, 2820 KB] pruning method: none
[t=0.003250s, 2820 KB] New best heuristic value for lmcut: 6
[t=0.003255s, 2820 KB] g=1, 3 evaluated, 1 expanded
[t=0.003308s, 2820 KB] New best heuristic value for lmcut: 5
[t=0.003312s, 2820 KB] g=2, 6 evaluated, 2 expanded
[t=0.003344s, 2820 KB] New best heuristic value for lmcut: 4
[t=0.003348s, 2820 KB] g=3, 8 evaluated, 3 expanded
[t=0.003390s, 2820 KB] f = 9, 11 evaluated, 5 expanded
[t=0.003428s, 2820 KB] New best heuristic value for lmcut: 3
[t=0.003433s, 2820 KB] g=6, 13 evaluated, 7 expanded
[t=0.003450s, 2820 KB] New best heuristic value for lmcut: 2
[t=0.003455s, 2820 KB] g=7, 14 evaluated, 8 expanded
[t=0.003481s, 2820 KB] New best heuristic value for lmcut: 1
[t=0.003487s, 2820 KB] g=8, 16 evaluated, 9 expanded
[t=0.003518s, 2820 KB] New best heuristic value for lmcut: 0
[t=0.003523s, 2820 KB] g=9, 19 evaluated, 10 expanded
[t=0.003526s, 2820 KB] Solution found!
[t=0.003530s, 2820 KB] Actual search time: 0.000324s
move c53 c52 left (1)
move c52 c42 up (1)
move c42 c32 up (1)
move c32 c31 left (1)
move c31 c21 up (1)
move c21 c11 up (1)
move c11 c12 right (1)
push c12 c22 c32 b1 down (1)
push c22 c32 c42 b1 down (1)
[t=0.003535s, 3004 KB] Plan length: 9 step(s).
[t=0.003535s, 3004 KB] Plan cost: 9
[t=0.003535s, 3004 KB] Expanded 11 state(s).
[t=0.003535s, 3004 KB] Reopened 0 state(s).
[t=0.003535s, 3004 KB] Evaluated 19 state(s).
[t=0.003535s, 3004 KB] Evaluations: 19
[t=0.003535s, 3004 KB] Generated 29 state(s).
[t=0.003535s, 3004 KB] Dead ends: 1 state(s).
[t=0.003535s, 3004 KB] Expanded until last jump: 5 state(s).
[t=0.003535s, 3004 KB] Reopened until last jump: 0 state(s).
[t=0.003535s, 3004 KB] Evaluated until last jump: 11 state(s).
[t=0.003535s, 3004 KB] Generated until last jump: 16 state(s).
[t=0.003535s, 3004 KB] Number of registered states: 19
[t=0.003535s, 3004 KB] Int hash set load factor: 19/32 = 0.593750
[t=0.003535s, 3004 KB] Int hash set resizes: 5
[t=0.003535s, 3004 KB] Search time: 0.000432s
[t=0.003535s, 3004 KB] Total time: 0.003535s
Solution found.
Remove intermediate file output.sas
search exit code: 0

