INFO     planner time limit: None
INFO     planner memory limit: None

INFO     Running translator.
INFO     translator stdin: None
INFO     translator time limit: None
INFO     translator memory limit: None
INFO     translator command line string: 'D:\Miniforge3\python.exe' -m translate 'C:\Users\user\Desktop\theoria\.worktrees\e7-deadlock-claim\engine-rig\runs\20260728T150713Z-E7-deadlock-claim-audit\attacks\work\a3\stub-wall\singleton\sokoban_guarded_singleton_domain.pddl' 'C:\Users\user\Desktop\theoria\.worktrees\e7-deadlock-claim\engine-rig\runs\20260728T150713Z-E7-deadlock-claim-audit\attacks\work\a3\stub-wall\singleton\stub-wall_guarded_singleton.pddl' --sas-file output.sas
Warning! SIGXCPU is not available on your platform. This means that the planner cannot be gracefully terminated when using a time limit, which, however, is probably supported on your platform anyway.
Parsing...
Parsing: [0.000s CPU, 0.001s wall-clock]
Normalizing task... [0.000s CPU, 0.000s wall-clock]
Instantiating...
Generating Datalog program... [0.000s CPU, 0.000s wall-clock]
Normalizing Datalog program...
Normalizing Datalog program: [0.000s CPU, 0.001s wall-clock]
Preparing model... [0.000s CPU, 0.000s wall-clock]
Generated 20 rules.
Computing model... [0.016s CPU, 0.005s wall-clock]
311 relevant atoms
470 auxiliary atoms
781 final queue length
971 total queue pushes
Completing instantiation... [0.000s CPU, 0.001s wall-clock]
Instantiating: [0.016s CPU, 0.008s wall-clock]
Computing fact groups...
Finding invariants...
7 initial candidates
Finding invariants: [0.000s CPU, 0.001s wall-clock]
Checking invariant weight... [0.000s CPU, 0.000s wall-clock]
Instantiating groups... [0.000s CPU, 0.000s wall-clock]
Collecting mutex groups... [0.000s CPU, 0.000s wall-clock]
Choosing groups...
22 uncovered facts
Choosing groups: [0.000s CPU, 0.000s wall-clock]
Building translation key... [0.000s CPU, 0.000s wall-clock]
Computing fact groups: [0.000s CPU, 0.002s wall-clock]
Building STRIPS to SAS dictionary... [0.000s CPU, 0.000s wall-clock]
Building dictionary for full mutex groups... [0.000s CPU, 0.000s wall-clock]
Building mutex information...
Building mutex information: [0.000s CPU, 0.000s wall-clock]
Translating task...
Processing axioms...
Simplifying axioms... [0.000s CPU, 0.000s wall-clock]
Translator axioms removed by simplifying: 0
Processing axioms: [0.000s CPU, 0.000s wall-clock]
Translating task: [0.000s CPU, 0.002s wall-clock]
118 effect conditions simplified
0 implied preconditions added
Detecting unreachable propositions...
0 operators removed
0 axioms removed
7 propositions removed
Detecting unreachable propositions: [0.000s CPU, 0.001s wall-clock]
Reordering and filtering variables...
24 of 24 variables necessary.
22 of 24 mutex groups necessary.
89 of 89 operators necessary.
0 of 0 axiom rules necessary.
Reordering and filtering variables: [0.000s CPU, 0.001s wall-clock]
Translator variables: 24
Translator derived variables: 0
Translator facts: 83
Translator goal facts: 1
Translator mutex groups: 22
Translator total mutex groups size: 61
Translator operators: 89
Translator axioms: 0
Translator task size: 790
warning: could not determine peak memory
Writing output... [0.000s CPU, 0.010s wall-clock]
Done! [0.016s CPU, 0.025s wall-clock]
translate exit code: 0

INFO     Running search (release).
INFO     search stdin: output.sas
INFO     search time limit: None
INFO     search memory limit: None
INFO     search command line string: 'C:\Users\user\Desktop\theoria\.worktrees\p13\engine-rig\.toolchain\downward\builds\release\bin\downward.exe' --search 'astar(blind())' --internal-plan-file 'C:\Users\user\AppData\Local\Temp\tmphrut7vel\sas_plan' < output.sas
[t=0.000134s, 1920 KB] Search code revision: 7120aa0
[t=0.000218s, 1948 KB] reading input...
[t=0.001192s, 2148 KB] done reading input!
[t=0.002229s, 2624 KB] Initializing blind search heuristic...
[t=0.002253s, 2624 KB] Building successor generator... done!
[t=0.002305s, 2648 KB] peak memory difference for successor generator creation: 24 KB
[t=0.002308s, 2648 KB] time for successor generation creation: 0.000044s
[t=0.002313s, 2676 KB] Variables: 24
[t=0.002316s, 2676 KB] FactPairs: 83
[t=0.002320s, 2676 KB] Bytes per state: 4
[t=0.002331s, 2676 KB] Conducting best first search with reopening closed nodes, (real) bound = 2147483647
[t=0.002348s, 2688 KB] New best heuristic value for blind: 1
[t=0.002356s, 2688 KB] g=0, 1 evaluated, 0 expanded
[t=0.002358s, 2688 KB] f = 1, 1 evaluated, 0 expanded
[t=0.002376s, 2712 KB] Initial heuristic value for blind: 1
[t=0.002382s, 2712 KB] pruning method: none
[t=0.002393s, 2736 KB] f = 2, 4 evaluated, 1 expanded
[t=0.002403s, 2736 KB] f = 3, 8 evaluated, 4 expanded
[t=0.002413s, 2736 KB] f = 4, 12 evaluated, 8 expanded
[t=0.002427s, 2736 KB] f = 5, 15 evaluated, 12 expanded
[t=0.002441s, 2744 KB] f = 6, 19 evaluated, 15 expanded
[t=0.002452s, 2744 KB] f = 7, 24 evaluated, 19 expanded
[t=0.002464s, 2744 KB] f = 8, 30 evaluated, 24 expanded
[t=0.002478s, 2744 KB] f = 9, 38 evaluated, 30 expanded
[t=0.002486s, 2744 KB] New best heuristic value for blind: 0
[t=0.002488s, 2744 KB] g=9, 41 evaluated, 32 expanded
[t=0.002491s, 2744 KB] Solution found!
[t=0.002494s, 2744 KB] Actual search time: 0.000110s
move c53 c52 left (1)
move c52 c51 left (1)
move c51 c41 up (1)
move c41 c31 up (1)
move c31 c21 up (1)
move c21 c11 up (1)
move c11 c12 right (1)
push c12 c22 c32 b1 down (1)
push c22 c32 c42 b1 down (1)
[t=0.002498s, 2836 KB] Plan length: 9 step(s).
[t=0.002498s, 2836 KB] Plan cost: 9
[t=0.002498s, 2836 KB] Expanded 33 state(s).
[t=0.002498s, 2836 KB] Reopened 0 state(s).
[t=0.002498s, 2836 KB] Evaluated 41 state(s).
[t=0.002498s, 2836 KB] Evaluations: 41
[t=0.002498s, 2836 KB] Generated 88 state(s).
[t=0.002498s, 2836 KB] Dead ends: 0 state(s).
[t=0.002498s, 2836 KB] Expanded until last jump: 30 state(s).
[t=0.002498s, 2836 KB] Reopened until last jump: 0 state(s).
[t=0.002498s, 2836 KB] Evaluated until last jump: 38 state(s).
[t=0.002498s, 2836 KB] Generated until last jump: 83 state(s).
[t=0.002498s, 2836 KB] Number of registered states: 41
[t=0.002498s, 2836 KB] Int hash set load factor: 41/64 = 0.640625
[t=0.002498s, 2836 KB] Int hash set resizes: 6
[t=0.002498s, 2836 KB] Search time: 0.000168s
[t=0.002498s, 2836 KB] Total time: 0.002498s
Solution found.
Remove intermediate file output.sas
search exit code: 0

