INFO     planner time limit: None
INFO     planner memory limit: None

INFO     Running translator.
INFO     translator stdin: None
INFO     translator time limit: None
INFO     translator memory limit: None
INFO     translator command line string: 'D:\Miniforge3\python.exe' -m translate 'C:\Users\user\Desktop\theoria\.worktrees\e7-deadlock-claim\engine-rig\runs\20260728T150713Z-E7-deadlock-claim-audit\attacks\work\a3\swap-passage\indexed\sokoban_guarded_indexed_domain.pddl' 'C:\Users\user\Desktop\theoria\.worktrees\e7-deadlock-claim\engine-rig\runs\20260728T150713Z-E7-deadlock-claim-audit\attacks\work\a3\swap-passage\indexed\swap-passage_guarded_indexed.pddl' --sas-file output.sas
Warning! SIGXCPU is not available on your platform. This means that the planner cannot be gracefully terminated when using a time limit, which, however, is probably supported on your platform anyway.
Parsing...
Parsing: [0.000s CPU, 0.002s wall-clock]
Normalizing task... [0.000s CPU, 0.000s wall-clock]
Instantiating...
Generating Datalog program... [0.000s CPU, 0.000s wall-clock]
Normalizing Datalog program...
Normalizing Datalog program: [0.016s CPU, 0.002s wall-clock]
Preparing model... [0.000s CPU, 0.001s wall-clock]
Generated 56 rules.
Computing model... [0.000s CPU, 0.010s wall-clock]
441 relevant atoms
2084 auxiliary atoms
2525 final queue length
2795 total queue pushes
Completing instantiation... [0.000s CPU, 0.002s wall-clock]
Instantiating: [0.016s CPU, 0.016s wall-clock]
Computing fact groups...
Finding invariants...
7 initial candidates
Finding invariants: [0.016s CPU, 0.002s wall-clock]
Checking invariant weight... [0.000s CPU, 0.000s wall-clock]
Instantiating groups... [0.000s CPU, 0.000s wall-clock]
Collecting mutex groups... [0.000s CPU, 0.000s wall-clock]
Choosing groups...
22 uncovered facts
Choosing groups: [0.000s CPU, 0.000s wall-clock]
Building translation key... [0.000s CPU, 0.000s wall-clock]
Computing fact groups: [0.016s CPU, 0.003s wall-clock]
Building STRIPS to SAS dictionary... [0.000s CPU, 0.000s wall-clock]
Building dictionary for full mutex groups... [0.000s CPU, 0.000s wall-clock]
Building mutex information...
Building mutex information: [0.000s CPU, 0.000s wall-clock]
Translating task...
Processing axioms...
Simplifying axioms... [0.000s CPU, 0.000s wall-clock]
Translator axioms removed by simplifying: 0
Processing axioms: [0.000s CPU, 0.000s wall-clock]
Translating task: [0.016s CPU, 0.016s wall-clock]
1164 effect conditions simplified
0 implied preconditions added
Detecting unreachable propositions...
216 operators removed
0 axioms removed
19 propositions removed
Detecting unreachable propositions: [0.000s CPU, 0.006s wall-clock]
Reordering and filtering variables...
25 of 25 variables necessary.
22 of 25 mutex groups necessary.
396 of 396 operators necessary.
0 of 0 axiom rules necessary.
Reordering and filtering variables: [0.000s CPU, 0.002s wall-clock]
Translator variables: 25
Translator derived variables: 0
Translator facts: 94
Translator goal facts: 2
Translator mutex groups: 22
Translator total mutex groups size: 72
Translator operators: 396
Translator axioms: 0
Translator task size: 3881
warning: could not determine peak memory
Writing output... [0.016s CPU, 0.017s wall-clock]
Done! [0.062s CPU, 0.064s wall-clock]
translate exit code: 0

INFO     Running search (release).
INFO     search stdin: output.sas
INFO     search time limit: None
INFO     search memory limit: None
INFO     search command line string: 'C:\Users\user\Desktop\theoria\.worktrees\p13\engine-rig\.toolchain\downward\builds\release\bin\downward.exe' --search 'astar(blind())' --internal-plan-file 'C:\Users\user\AppData\Local\Temp\tmp6wix390z\sas_plan' < output.sas
[t=0.000133s, 1948 KB] Search code revision: 7120aa0
[t=0.000230s, 1948 KB] reading input...
[t=0.004479s, 2544 KB] done reading input!
[t=0.005473s, 2888 KB] Initializing blind search heuristic...
[t=0.005503s, 2888 KB] Building successor generator... done!
[t=0.005680s, 2956 KB] peak memory difference for successor generator creation: 68 KB
[t=0.005685s, 2956 KB] time for successor generation creation: 0.000164s
[t=0.005693s, 2956 KB] Variables: 25
[t=0.005697s, 2956 KB] FactPairs: 94
[t=0.005701s, 2956 KB] Bytes per state: 8
[t=0.005712s, 2956 KB] Conducting best first search with reopening closed nodes, (real) bound = 2147483647
[t=0.005732s, 2984 KB] New best heuristic value for blind: 1
[t=0.005737s, 2984 KB] g=0, 1 evaluated, 0 expanded
[t=0.005739s, 2984 KB] f = 1, 1 evaluated, 0 expanded
[t=0.005749s, 2984 KB] Initial heuristic value for blind: 1
[t=0.005754s, 2984 KB] pruning method: none
[t=0.005767s, 2984 KB] f = 2, 4 evaluated, 1 expanded
[t=0.005778s, 2984 KB] f = 3, 8 evaluated, 4 expanded
[t=0.005791s, 2984 KB] f = 4, 15 evaluated, 8 expanded
[t=0.005807s, 2984 KB] f = 5, 22 evaluated, 15 expanded
[t=0.005827s, 2984 KB] f = 6, 38 evaluated, 22 expanded
[t=0.005850s, 2984 KB] f = 7, 55 evaluated, 38 expanded
[t=0.005883s, 2984 KB] f = 8, 81 evaluated, 55 expanded
[t=0.005921s, 2984 KB] f = 9, 110 evaluated, 81 expanded
[t=0.005976s, 2984 KB] f = 10, 151 evaluated, 110 expanded
[t=0.006023s, 2984 KB] f = 11, 190 evaluated, 151 expanded
[t=0.006084s, 2984 KB] f = 12, 253 evaluated, 190 expanded
[t=0.006168s, 2984 KB] f = 13, 317 evaluated, 253 expanded
[t=0.006258s, 2984 KB] f = 14, 408 evaluated, 317 expanded
[t=0.006352s, 2984 KB] f = 15, 493 evaluated, 408 expanded
[t=0.006645s, 3000 KB] f = 16, 600 evaluated, 493 expanded
[t=0.006780s, 3000 KB] f = 17, 702 evaluated, 600 expanded
[t=0.006921s, 3000 KB] f = 18, 832 evaluated, 702 expanded
[t=0.007060s, 3000 KB] f = 19, 946 evaluated, 832 expanded
[t=0.007280s, 3032 KB] f = 20, 1090 evaluated, 946 expanded
[t=0.007424s, 3032 KB] f = 21, 1216 evaluated, 1090 expanded
[t=0.007570s, 3032 KB] f = 22, 1354 evaluated, 1216 expanded
[t=0.007718s, 3032 KB] f = 23, 1482 evaluated, 1354 expanded
[t=0.007924s, 3032 KB] f = 24, 1645 evaluated, 1482 expanded
[t=0.008135s, 3032 KB] f = 25, 1785 evaluated, 1645 expanded
[t=0.008396s, 3068 KB] f = 26, 1961 evaluated, 1785 expanded
[t=0.008570s, 3080 KB] f = 27, 2096 evaluated, 1961 expanded
[t=0.008715s, 3080 KB] f = 28, 2231 evaluated, 2096 expanded
[t=0.008849s, 3080 KB] f = 29, 2345 evaluated, 2231 expanded
[t=0.008989s, 3080 KB] f = 30, 2480 evaluated, 2345 expanded
[t=0.009129s, 3092 KB] f = 31, 2584 evaluated, 2480 expanded
[t=0.009257s, 3092 KB] f = 32, 2689 evaluated, 2584 expanded
[t=0.009356s, 3092 KB] f = 33, 2762 evaluated, 2689 expanded
[t=0.009433s, 3092 KB] f = 34, 2820 evaluated, 2762 expanded
[t=0.009487s, 3092 KB] f = 35, 2857 evaluated, 2820 expanded
[t=0.009527s, 3092 KB] f = 36, 2880 evaluated, 2857 expanded
[t=0.009555s, 3092 KB] f = 37, 2897 evaluated, 2880 expanded
[t=0.009576s, 3092 KB] f = 38, 2907 evaluated, 2897 expanded
[t=0.009588s, 3092 KB] f = 39, 2911 evaluated, 2907 expanded
[t=0.009597s, 3092 KB] f = 40, 2915 evaluated, 2911 expanded
[t=0.009605s, 3092 KB] f = 41, 2920 evaluated, 2915 expanded
[t=0.009613s, 3092 KB] f = 42, 2925 evaluated, 2920 expanded
[t=0.009621s, 3092 KB] f = 43, 2929 evaluated, 2925 expanded
[t=0.009630s, 3092 KB] f = 44, 2935 evaluated, 2929 expanded
[t=0.009640s, 3092 KB] f = 45, 2940 evaluated, 2935 expanded
[t=0.009649s, 3092 KB] f = 46, 2944 evaluated, 2940 expanded
[t=0.009657s, 3092 KB] f = 47, 2947 evaluated, 2944 expanded
[t=0.009662s, 3092 KB] f = 48, 2949 evaluated, 2947 expanded
[t=0.009668s, 3092 KB] f = 49, 2950 evaluated, 2949 expanded
[t=0.009671s, 3092 KB] Completely explored state space -- no solution!
[t=0.009674s, 3092 KB] Actual search time: 0.003918s
[t=0.009681s, 3092 KB] Expanded 2950 state(s).
[t=0.009681s, 3092 KB] Reopened 0 state(s).
[t=0.009681s, 3092 KB] Evaluated 2950 state(s).
[t=0.009681s, 3092 KB] Evaluations: 2950
[t=0.009681s, 3092 KB] Generated 7588 state(s).
[t=0.009681s, 3092 KB] Dead ends: 0 state(s).
[t=0.009681s, 3092 KB] Expanded until last jump: 2949 state(s).
[t=0.009681s, 3092 KB] Reopened until last jump: 0 state(s).
[t=0.009681s, 3092 KB] Evaluated until last jump: 2950 state(s).
[t=0.009681s, 3092 KB] Generated until last jump: 7586 state(s).
[t=0.009681s, 3092 KB] Number of registered states: 2950
[t=0.009681s, 3092 KB] Int hash set load factor: 2950/4096 = 0.720215
[t=0.009681s, 3092 KB] Int hash set resizes: 12
[t=0.009681s, 3092 KB] Search time: 0.003969s
[t=0.009681s, 3092 KB] Total time: 0.009681s
Search stopped without finding a solution.
Remove intermediate file output.sas
search exit code: 12

Driver aborting after search
