INFO     planner time limit: None
INFO     planner memory limit: None

INFO     Running translator.
INFO     translator stdin: None
INFO     translator time limit: None
INFO     translator memory limit: None
INFO     translator command line string: 'D:\Miniforge3\python.exe' -m translate 'C:\Users\user\Desktop\theoria\.worktrees\e7-deadlock-claim\engine-rig\runs\20260728T150713Z-E7-deadlock-claim-audit\attacks\work\a3\swap-passage-strip\singleton\sokoban_guarded_singleton_domain.pddl' 'C:\Users\user\Desktop\theoria\.worktrees\e7-deadlock-claim\engine-rig\runs\20260728T150713Z-E7-deadlock-claim-audit\attacks\work\a3\swap-passage-strip\singleton\swap-passage-strip_guarded_singleton.pddl' --sas-file output.sas
Warning! SIGXCPU is not available on your platform. This means that the planner cannot be gracefully terminated when using a time limit, which, however, is probably supported on your platform anyway.
Parsing...
Parsing: [0.000s CPU, 0.002s wall-clock]
Normalizing task... [0.000s CPU, 0.000s wall-clock]
Instantiating...
Generating Datalog program... [0.000s CPU, 0.000s wall-clock]
Normalizing Datalog program...
Normalizing Datalog program: [0.000s CPU, 0.001s wall-clock]
Preparing model... [0.000s CPU, 0.000s wall-clock]
Generated 20 rules.
Computing model... [0.016s CPU, 0.005s wall-clock]
613 relevant atoms
888 auxiliary atoms
1501 final queue length
1771 total queue pushes
Completing instantiation... [0.000s CPU, 0.002s wall-clock]
Instantiating: [0.016s CPU, 0.009s wall-clock]
Computing fact groups...
Finding invariants...
7 initial candidates
Finding invariants: [0.000s CPU, 0.001s wall-clock]
Checking invariant weight... [0.000s CPU, 0.000s wall-clock]
Instantiating groups... [0.000s CPU, 0.001s wall-clock]
Collecting mutex groups... [0.000s CPU, 0.000s wall-clock]
Choosing groups...
54 uncovered facts
Choosing groups: [0.000s CPU, 0.000s wall-clock]
Building translation key... [0.000s CPU, 0.000s wall-clock]
Computing fact groups: [0.000s CPU, 0.003s wall-clock]
Building STRIPS to SAS dictionary... [0.000s CPU, 0.000s wall-clock]
Building dictionary for full mutex groups... [0.000s CPU, 0.000s wall-clock]
Building mutex information...
Building mutex information: [0.000s CPU, 0.000s wall-clock]
Translating task...
Processing axioms...
Simplifying axioms... [0.000s CPU, 0.000s wall-clock]
Translator axioms removed by simplifying: 0
Processing axioms: [0.000s CPU, 0.000s wall-clock]
Translating task: [0.000s CPU, 0.002s wall-clock]
172 effect conditions simplified
0 implied preconditions added
Detecting unreachable propositions...
0 operators removed
0 axioms removed
83 propositions removed
Detecting unreachable propositions: [0.000s CPU, 0.001s wall-clock]
Reordering and filtering variables...
25 of 25 variables necessary.
22 of 25 mutex groups necessary.
116 of 116 operators necessary.
0 of 0 axiom rules necessary.
Reordering and filtering variables: [0.000s CPU, 0.001s wall-clock]
Translator variables: 25
Translator derived variables: 0
Translator facts: 94
Translator goal facts: 2
Translator mutex groups: 22
Translator total mutex groups size: 72
Translator operators: 116
Translator axioms: 0
Translator task size: 1057
warning: could not determine peak memory
Writing output... [0.016s CPU, 0.011s wall-clock]
Done! [0.031s CPU, 0.029s wall-clock]
translate exit code: 0

INFO     Running search (release).
INFO     search stdin: output.sas
INFO     search time limit: None
INFO     search memory limit: None
INFO     search command line string: 'C:\Users\user\Desktop\theoria\.worktrees\p13\engine-rig\.toolchain\downward\builds\release\bin\downward.exe' --search 'astar(blind())' --internal-plan-file 'C:\Users\user\AppData\Local\Temp\tmpo_9axf36\sas_plan' < output.sas
[t=0.000106s, 1860 KB] Search code revision: 7120aa0
[t=0.000177s, 1860 KB] reading input...
[t=0.001775s, 2172 KB] done reading input!
[t=0.002876s, 2628 KB] Initializing blind search heuristic...
[t=0.002909s, 2628 KB] Building successor generator... done!
[t=0.002970s, 2652 KB] peak memory difference for successor generator creation: 24 KB
[t=0.002973s, 2652 KB] time for successor generation creation: 0.000052s
[t=0.002978s, 2652 KB] Variables: 25
[t=0.002981s, 2652 KB] FactPairs: 94
[t=0.002986s, 2652 KB] Bytes per state: 8
[t=0.002994s, 2652 KB] Conducting best first search with reopening closed nodes, (real) bound = 2147483647
[t=0.003009s, 2664 KB] New best heuristic value for blind: 1
[t=0.003013s, 2664 KB] g=0, 1 evaluated, 0 expanded
[t=0.003016s, 2664 KB] f = 1, 1 evaluated, 0 expanded
[t=0.003026s, 2684 KB] Initial heuristic value for blind: 1
[t=0.003029s, 2684 KB] pruning method: none
[t=0.003038s, 2684 KB] f = 2, 4 evaluated, 1 expanded
[t=0.003047s, 2684 KB] f = 3, 8 evaluated, 4 expanded
[t=0.003057s, 2684 KB] f = 4, 15 evaluated, 8 expanded
[t=0.003070s, 2684 KB] f = 5, 22 evaluated, 15 expanded
[t=0.003087s, 2684 KB] f = 6, 38 evaluated, 22 expanded
[t=0.003108s, 2684 KB] f = 7, 55 evaluated, 38 expanded
[t=0.003137s, 2684 KB] f = 8, 81 evaluated, 55 expanded
[t=0.003170s, 2688 KB] f = 9, 110 evaluated, 81 expanded
[t=0.003217s, 2688 KB] f = 10, 151 evaluated, 110 expanded
[t=0.003262s, 2688 KB] f = 11, 190 evaluated, 151 expanded
[t=0.003317s, 2688 KB] f = 12, 253 evaluated, 190 expanded
[t=0.003396s, 2688 KB] f = 13, 317 evaluated, 253 expanded
[t=0.003477s, 2716 KB] f = 14, 409 evaluated, 317 expanded
[t=0.003585s, 2760 KB] f = 15, 497 evaluated, 409 expanded
[t=0.003723s, 2784 KB] f = 16, 611 evaluated, 497 expanded
[t=0.003854s, 2784 KB] f = 17, 719 evaluated, 611 expanded
[t=0.003987s, 2840 KB] f = 18, 859 evaluated, 719 expanded
[t=0.004130s, 2860 KB] f = 19, 980 evaluated, 859 expanded
[t=0.004326s, 2896 KB] f = 20, 1128 evaluated, 980 expanded
[t=0.004465s, 2896 KB] f = 21, 1256 evaluated, 1128 expanded
[t=0.004600s, 2896 KB] f = 22, 1394 evaluated, 1256 expanded
[t=0.004743s, 2908 KB] f = 23, 1523 evaluated, 1394 expanded
[t=0.004920s, 3044 KB] f = 24, 1690 evaluated, 1523 expanded
[t=0.005079s, 3044 KB] f = 25, 1836 evaluated, 1690 expanded
[t=0.005319s, 3080 KB] f = 26, 2025 evaluated, 1836 expanded
[t=0.005488s, 3080 KB] f = 27, 2170 evaluated, 2025 expanded
[t=0.005639s, 3080 KB] f = 28, 2319 evaluated, 2170 expanded
[t=0.005783s, 3080 KB] f = 29, 2446 evaluated, 2319 expanded
[t=0.005925s, 3080 KB] f = 30, 2595 evaluated, 2446 expanded
[t=0.006060s, 3080 KB] f = 31, 2709 evaluated, 2595 expanded
[t=0.006180s, 3080 KB] f = 32, 2829 evaluated, 2709 expanded
[t=0.006286s, 3080 KB] f = 33, 2913 evaluated, 2829 expanded
[t=0.006364s, 3080 KB] f = 34, 2977 evaluated, 2913 expanded
[t=0.006419s, 3080 KB] f = 35, 3017 evaluated, 2977 expanded
[t=0.006457s, 3080 KB] f = 36, 3040 evaluated, 3017 expanded
[t=0.006483s, 3080 KB] f = 37, 3057 evaluated, 3040 expanded
[t=0.006502s, 3080 KB] f = 38, 3067 evaluated, 3057 expanded
[t=0.006515s, 3080 KB] f = 39, 3071 evaluated, 3067 expanded
[t=0.006522s, 3080 KB] f = 40, 3075 evaluated, 3071 expanded
[t=0.006532s, 3080 KB] f = 41, 3080 evaluated, 3075 expanded
[t=0.006540s, 3080 KB] f = 42, 3085 evaluated, 3080 expanded
[t=0.006547s, 3080 KB] f = 43, 3089 evaluated, 3085 expanded
[t=0.006557s, 3080 KB] f = 44, 3095 evaluated, 3089 expanded
[t=0.006566s, 3080 KB] f = 45, 3100 evaluated, 3095 expanded
[t=0.006576s, 3080 KB] f = 46, 3104 evaluated, 3100 expanded
[t=0.006582s, 3080 KB] f = 47, 3107 evaluated, 3104 expanded
[t=0.006587s, 3080 KB] f = 48, 3109 evaluated, 3107 expanded
[t=0.006594s, 3080 KB] f = 49, 3110 evaluated, 3109 expanded
[t=0.006597s, 3080 KB] Completely explored state space -- no solution!
[t=0.006599s, 3080 KB] Actual search time: 0.003569s
[t=0.006604s, 3080 KB] Expanded 3110 state(s).
[t=0.006604s, 3080 KB] Reopened 0 state(s).
[t=0.006604s, 3080 KB] Evaluated 3110 state(s).
[t=0.006604s, 3080 KB] Evaluations: 3110
[t=0.006604s, 3080 KB] Generated 8004 state(s).
[t=0.006604s, 3080 KB] Dead ends: 0 state(s).
[t=0.006604s, 3080 KB] Expanded until last jump: 3109 state(s).
[t=0.006604s, 3080 KB] Reopened until last jump: 0 state(s).
[t=0.006604s, 3080 KB] Evaluated until last jump: 3110 state(s).
[t=0.006604s, 3080 KB] Generated until last jump: 8002 state(s).
[t=0.006604s, 3080 KB] Number of registered states: 3110
[t=0.006604s, 3080 KB] Int hash set load factor: 3110/4096 = 0.759277
[t=0.006604s, 3080 KB] Int hash set resizes: 12
[t=0.006604s, 3080 KB] Search time: 0.003611s
[t=0.006604s, 3080 KB] Total time: 0.006604s
Search stopped without finding a solution.
Remove intermediate file output.sas
search exit code: 12

Driver aborting after search
