INFO     planner time limit: None
INFO     planner memory limit: None

INFO     Running translator.
INFO     translator stdin: None
INFO     translator time limit: None
INFO     translator memory limit: None
INFO     translator command line string: 'D:\Miniforge3\python.exe' -m translate 'C:\Users\user\Desktop\theoria\.worktrees\e7-deadlock-claim\engine-rig\fixtures\data\sokoban_domain.pddl' 'C:\Users\user\Desktop\theoria\.worktrees\e7-deadlock-claim\engine-rig\runs\20260728T150713Z-E7-deadlock-claim-audit\attacks\work\a3\swap-passage\swap-passage.pddl' --sas-file output.sas
Warning! SIGXCPU is not available on your platform. This means that the planner cannot be gracefully terminated when using a time limit, which, however, is probably supported on your platform anyway.
Parsing...
Parsing: [0.000s CPU, 0.002s wall-clock]
Normalizing task... [0.000s CPU, 0.000s wall-clock]
Instantiating...
Generating Datalog program... [0.000s CPU, 0.000s wall-clock]
Normalizing Datalog program...
Normalizing Datalog program: [0.000s CPU, 0.001s wall-clock]
Preparing model... [0.000s CPU, 0.000s wall-clock]
Generated 20 rules.
Computing model... [0.000s CPU, 0.005s wall-clock]
365 relevant atoms
512 auxiliary atoms
877 final queue length
1147 total queue pushes
Completing instantiation... [0.000s CPU, 0.002s wall-clock]
Instantiating: [0.000s CPU, 0.010s wall-clock]
Computing fact groups...
Finding invariants...
7 initial candidates
Finding invariants: [0.000s CPU, 0.001s wall-clock]
Checking invariant weight... [0.000s CPU, 0.000s wall-clock]
Instantiating groups... [0.000s CPU, 0.000s wall-clock]
Collecting mutex groups... [0.000s CPU, 0.000s wall-clock]
Choosing groups...
22 uncovered facts
Choosing groups: [0.000s CPU, 0.000s wall-clock]
Building translation key... [0.000s CPU, 0.000s wall-clock]
Computing fact groups: [0.016s CPU, 0.002s wall-clock]
Building STRIPS to SAS dictionary... [0.000s CPU, 0.000s wall-clock]
Building dictionary for full mutex groups... [0.000s CPU, 0.000s wall-clock]
Building mutex information...
Building mutex information: [0.000s CPU, 0.000s wall-clock]
Translating task...
Processing axioms...
Simplifying axioms... [0.000s CPU, 0.000s wall-clock]
Translator axioms removed by simplifying: 0
Processing axioms: [0.000s CPU, 0.000s wall-clock]
Translating task: [0.000s CPU, 0.004s wall-clock]
204 effect conditions simplified
0 implied preconditions added
Detecting unreachable propositions...
0 operators removed
0 axioms removed
3 propositions removed
Detecting unreachable propositions: [0.000s CPU, 0.001s wall-clock]
Reordering and filtering variables...
25 of 25 variables necessary.
22 of 25 mutex groups necessary.
132 of 132 operators necessary.
0 of 0 axiom rules necessary.
Reordering and filtering variables: [0.000s CPU, 0.001s wall-clock]
Translator variables: 25
Translator derived variables: 0
Translator facts: 110
Translator goal facts: 2
Translator mutex groups: 22
Translator total mutex groups size: 88
Translator operators: 132
Translator axioms: 0
Translator task size: 1233
warning: could not determine peak memory
Writing output... [0.000s CPU, 0.012s wall-clock]
Done! [0.016s CPU, 0.033s wall-clock]
translate exit code: 0

INFO     Running search (release).
INFO     search stdin: output.sas
INFO     search time limit: None
INFO     search memory limit: None
INFO     search command line string: 'C:\Users\user\Desktop\theoria\.worktrees\p13\engine-rig\.toolchain\downward\builds\release\bin\downward.exe' --search 'astar(lmcut())' --internal-plan-file 'C:\Users\user\AppData\Local\Temp\tmpi30pwj7x\sas_plan' < output.sas
[t=0.000109s, 1828 KB] Search code revision: 7120aa0
[t=0.000191s, 1828 KB] reading input...
[t=0.001763s, 2172 KB] done reading input!
[t=0.002971s, 2772 KB] Initializing landmark cut heuristic...
[t=0.002998s, 2772 KB] Building successor generator... done!
[t=0.003071s, 2780 KB] peak memory difference for successor generator creation: 8 KB
[t=0.003075s, 2780 KB] time for successor generation creation: 0.000061s
[t=0.003081s, 2780 KB] Variables: 25
[t=0.003084s, 2780 KB] FactPairs: 110
[t=0.003092s, 2780 KB] Bytes per state: 8
[t=0.003098s, 2780 KB] Conducting best first search with reopening closed nodes, (real) bound = 2147483647
[t=0.003173s, 2804 KB] New best heuristic value for lmcut: 9
[t=0.003181s, 2804 KB] g=0, 1 evaluated, 0 expanded
[t=0.003184s, 2804 KB] f = 9, 1 evaluated, 0 expanded
[t=0.003190s, 2804 KB] Initial heuristic value for lmcut: 9
[t=0.003194s, 2804 KB] pruning method: none
[t=0.003279s, 2804 KB] New best heuristic value for lmcut: 8
[t=0.003287s, 2812 KB] g=1, 3 evaluated, 1 expanded
[t=0.003388s, 2860 KB] New best heuristic value for lmcut: 7
[t=0.003397s, 2860 KB] g=2, 6 evaluated, 2 expanded
[t=0.003512s, 2860 KB] New best heuristic value for lmcut: 6
[t=0.003520s, 2860 KB] g=3, 10 evaluated, 3 expanded
[t=0.003552s, 2860 KB] f = 10, 12 evaluated, 4 expanded
[t=0.003716s, 2860 KB] f = 11, 15 evaluated, 6 expanded
[t=0.003901s, 2876 KB] New best heuristic value for lmcut: 5
[t=0.003914s, 2876 KB] g=6, 20 evaluated, 8 expanded
[t=0.003955s, 2876 KB] New best heuristic value for lmcut: 4
[t=0.003959s, 2876 KB] g=7, 22 evaluated, 9 expanded
[t=0.004089s, 2876 KB] f = 12, 28 evaluated, 14 expanded
[t=0.004266s, 2884 KB] f = 13, 33 evaluated, 17 expanded
[t=0.004440s, 2884 KB] f = 14, 38 evaluated, 28 expanded
[t=0.004629s, 2896 KB] f = 15, 43 evaluated, 31 expanded
[t=0.004643s, 2896 KB] f = 16, 43 evaluated, 33 expanded
[t=0.004993s, 2896 KB] f = 17, 52 evaluated, 40 expanded
[t=0.005599s, 2916 KB] f = 18, 71 evaluated, 49 expanded
[t=0.005803s, 2916 KB] f = 19, 76 evaluated, 53 expanded
[t=0.006098s, 2916 KB] f = 20, 85 evaluated, 65 expanded
[t=0.006151s, 2916 KB] f = 21, 86 evaluated, 67 expanded
[t=0.006978s, 2916 KB] f = 22, 111 evaluated, 84 expanded
[t=0.007025s, 2916 KB] f = 23, 112 evaluated, 85 expanded
[t=0.007922s, 2952 KB] f = 24, 136 evaluated, 105 expanded
[t=0.008371s, 2952 KB] f = 25, 149 evaluated, 113 expanded
[t=0.009645s, 2952 KB] f = 26, 185 evaluated, 140 expanded
[t=0.010383s, 2952 KB] f = 27, 204 evaluated, 153 expanded
[t=0.011824s, 2952 KB] f = 28, 244 evaluated, 186 expanded
[t=0.012433s, 2952 KB] f = 29, 259 evaluated, 201 expanded
[t=0.012579s, 2952 KB] New best heuristic value for lmcut: 3
[t=0.012592s, 2952 KB] g=26, 264 evaluated, 203 expanded
[t=0.013822s, 2952 KB] f = 30, 307 evaluated, 240 expanded
[t=0.014691s, 2952 KB] f = 31, 338 evaluated, 265 expanded
[t=0.016020s, 2952 KB] f = 32, 380 evaluated, 306 expanded
[t=0.017320s, 2952 KB] f = 33, 414 evaluated, 333 expanded
[t=0.020185s, 2952 KB] f = 34, 483 evaluated, 387 expanded
[t=0.021060s, 2952 KB] f = 35, 506 evaluated, 416 expanded
[t=0.023104s, 2976 KB] f = 36, 567 evaluated, 471 expanded
[t=0.023670s, 2976 KB] f = 37, 582 evaluated, 490 expanded
[t=0.024522s, 2976 KB] f = 38, 615 evaluated, 535 expanded
[t=0.024896s, 2976 KB] f = 39, 627 evaluated, 548 expanded
[t=0.025541s, 2976 KB] f = 40, 650 evaluated, 579 expanded
[t=0.025905s, 2976 KB] f = 41, 662 evaluated, 594 expanded
[t=0.026105s, 2976 KB] f = 42, 668 evaluated, 608 expanded
[t=0.026311s, 2976 KB] f = 43, 675 evaluated, 615 expanded
[t=0.026385s, 2976 KB] f = 44, 677 evaluated, 623 expanded
[t=0.026421s, 2976 KB] f = 45, 678 evaluated, 626 expanded
[t=0.026430s, 2976 KB] f = 46, 678 evaluated, 629 expanded
[t=0.026435s, 2976 KB] Completely explored state space -- no solution!
[t=0.026439s, 2976 KB] Actual search time: 0.023243s
[t=0.026443s, 2976 KB] Expanded 630 state(s).
[t=0.026443s, 2976 KB] Reopened 0 state(s).
[t=0.026443s, 2976 KB] Evaluated 678 state(s).
[t=0.026443s, 2976 KB] Evaluations: 678
[t=0.026443s, 2976 KB] Generated 1664 state(s).
[t=0.026443s, 2976 KB] Dead ends: 48 state(s).
[t=0.026443s, 2976 KB] Expanded until last jump: 629 state(s).
[t=0.026443s, 2976 KB] Reopened until last jump: 0 state(s).
[t=0.026443s, 2976 KB] Evaluated until last jump: 678 state(s).
[t=0.026443s, 2976 KB] Generated until last jump: 1662 state(s).
[t=0.026443s, 2976 KB] Number of registered states: 678
[t=0.026443s, 2976 KB] Int hash set load factor: 678/1024 = 0.662109
[t=0.026443s, 2976 KB] Int hash set resizes: 10
[t=0.026443s, 2976 KB] Search time: 0.023346s
[t=0.026443s, 2976 KB] Total time: 0.026443s
Search stopped without finding a solution.
Remove intermediate file output.sas
search exit code: 12

Driver aborting after search
