INFO     planner time limit: None
INFO     planner memory limit: None

INFO     Running translator.
INFO     translator stdin: None
INFO     translator time limit: None
INFO     translator memory limit: None
INFO     translator command line string: 'D:\Miniforge3\python.exe' -m translate 'C:\Users\user\Desktop\theoria\.worktrees\e7-deadlock-claim\engine-rig\runs\20260728T150713Z-E7-deadlock-claim-audit\attacks\work\a3\swap-passage\indexed\sokoban_guarded_indexed_domain.pddl' 'C:\Users\user\Desktop\theoria\.worktrees\e7-deadlock-claim\engine-rig\runs\20260728T150713Z-E7-deadlock-claim-audit\attacks\work\a3\swap-passage\indexed\swap-passage_guarded_indexed.pddl' --sas-file output.sas
Warning! SIGXCPU is not available on your platform. This means that the planner cannot be gracefully terminated when using a time limit, which, however, is probably supported on your platform anyway.
Parsing...
Parsing: [0.000s CPU, 0.002s wall-clock]
Normalizing task... [0.000s CPU, 0.000s wall-clock]
Instantiating...
Generating Datalog program... [0.000s CPU, 0.000s wall-clock]
Normalizing Datalog program...
Normalizing Datalog program: [0.000s CPU, 0.001s wall-clock]
Preparing model... [0.000s CPU, 0.001s wall-clock]
Generated 56 rules.
Computing model... [0.016s CPU, 0.009s wall-clock]
441 relevant atoms
2084 auxiliary atoms
2525 final queue length
2795 total queue pushes
Completing instantiation... [0.000s CPU, 0.002s wall-clock]
Instantiating: [0.016s CPU, 0.014s wall-clock]
Computing fact groups...
Finding invariants...
7 initial candidates
Finding invariants: [0.000s CPU, 0.002s wall-clock]
Checking invariant weight... [0.000s CPU, 0.000s wall-clock]
Instantiating groups... [0.000s CPU, 0.000s wall-clock]
Collecting mutex groups... [0.000s CPU, 0.000s wall-clock]
Choosing groups...
22 uncovered facts
Choosing groups: [0.000s CPU, 0.000s wall-clock]
Building translation key... [0.000s CPU, 0.000s wall-clock]
Computing fact groups: [0.000s CPU, 0.002s wall-clock]
Building STRIPS to SAS dictionary... [0.000s CPU, 0.000s wall-clock]
Building dictionary for full mutex groups... [0.000s CPU, 0.000s wall-clock]
Building mutex information...
Building mutex information: [0.000s CPU, 0.000s wall-clock]
Translating task...
Processing axioms...
Simplifying axioms... [0.000s CPU, 0.000s wall-clock]
Translator axioms removed by simplifying: 0
Processing axioms: [0.000s CPU, 0.000s wall-clock]
Translating task: [0.016s CPU, 0.010s wall-clock]
1164 effect conditions simplified
0 implied preconditions added
Detecting unreachable propositions...
216 operators removed
0 axioms removed
19 propositions removed
Detecting unreachable propositions: [0.000s CPU, 0.005s wall-clock]
Reordering and filtering variables...
25 of 25 variables necessary.
22 of 25 mutex groups necessary.
396 of 396 operators necessary.
0 of 0 axiom rules necessary.
Reordering and filtering variables: [0.016s CPU, 0.002s wall-clock]
Translator variables: 25
Translator derived variables: 0
Translator facts: 94
Translator goal facts: 2
Translator mutex groups: 22
Translator total mutex groups size: 72
Translator operators: 396
Translator axioms: 0
Translator task size: 3881
warning: could not determine peak memory
Writing output... [0.000s CPU, 0.013s wall-clock]
Done! [0.047s CPU, 0.050s wall-clock]
translate exit code: 0

INFO     Running search (release).
INFO     search stdin: output.sas
INFO     search time limit: None
INFO     search memory limit: None
INFO     search command line string: 'C:\Users\user\Desktop\theoria\.worktrees\p13\engine-rig\.toolchain\downward\builds\release\bin\downward.exe' --search 'astar(ipdb())' --internal-plan-file 'C:\Users\user\AppData\Local\Temp\tmp8b_xm2_f\sas_plan' < output.sas
[t=0.000111s, 1912 KB] Search code revision: 7120aa0
[t=0.000195s, 1912 KB] reading input...
[t=0.004052s, 2560 KB] done reading input!
[t=0.005032s, 2940 KB] Initializing canonical PDB heuristic...
[t=0.005046s, 2940 KB] Generating patterns using: hill climbing pattern collection generator
[t=0.005241s, 2960 KB] Done calculating initial pattern collection: 0.000194s
[t=0.005251s, 2960 KB] Average operator cost: 1.000000
[t=0.005256s, 2960 KB] Building causal graph... done!
[t=0.007603s, 3036 KB] Done calculating initial candidate PDBs
[t=0.010623s, 3232 KB] found a better pattern with improvement 962
[t=0.019544s, 3424 KB] found a better pattern with improvement 772
[t=0.035727s, 4256 KB] found a better pattern with improvement 569
[t=0.056162s, 5760 KB] found a better pattern with improvement 940
[t=0.085764s, 8556 KB] found a better pattern with improvement 1000
[t=0.125797s, 13808 KB] found a better pattern with improvement 578
[t=0.183177s, 23552 KB] found a better pattern with improvement 868
[t=0.270699s, 42272 KB] found a better pattern with improvement 998
[t=0.404086s, 77148 KB] found a better pattern with improvement 912
[t=0.636453s, 142048 KB] found a better pattern with improvement 1000
[t=0.636497s, 142048 KB] Initial state is a dead end. Stop hill climbing.
[t=0.636502s, 142048 KB] Hill climbing iterations: 11
[t=0.636508s, 142048 KB] Hill climbing generated patterns: 202
[t=0.636511s, 142048 KB] Hill climbing rejected patterns: 40
[t=0.636514s, 142048 KB] Hill climbing maximum PDB size: 1103872
[t=0.636516s, 142048 KB] Hill climbing time: 0.631267s
[t=0.645397s, 142048 KB] hill climbing pattern collection generator number of patterns: 12
[t=0.645425s, 142048 KB] hill climbing pattern collection generator total PDB size: 2203768
[t=0.645430s, 142048 KB] hill climbing pattern collection generator computation time: 0.640342s
[t=0.645436s, 142048 KB] Running dominance pruning...
[t=0.645442s, 142048 KB] Pruned 10 of 11 pattern cliques
[t=0.645445s, 142048 KB] Pruned 11 of 12 PDBs
[t=0.645447s, 142048 KB] Dominance pruning took 0.000010s
[t=0.645740s, 142048 KB] Canonical PDB heuristic number of patterns: 1
[t=0.645747s, 142048 KB] Canonical PDB heuristic total PDB size: 1103872
[t=0.645750s, 142048 KB] Canonical PDB heuristic computation time: 0.640708s
[t=0.645782s, 142048 KB] Building successor generator... done!
[t=0.645918s, 142048 KB] peak memory difference for successor generator creation: 0 KB
[t=0.645921s, 142048 KB] time for successor generation creation: 0.000129s
[t=0.645927s, 142048 KB] Variables: 25
[t=0.645929s, 142048 KB] FactPairs: 94
[t=0.645932s, 142048 KB] Bytes per state: 8
[t=0.645940s, 142048 KB] Conducting best first search with reopening closed nodes, (real) bound = 2147483647
[t=0.645953s, 142048 KB] Initial state is a dead end.
[t=0.645956s, 142048 KB] Initial heuristic value for cpdbs: infinity
[t=0.645960s, 142048 KB] pruning method: none
[t=0.645964s, 142048 KB] Completely explored state space -- no solution!
[t=0.645966s, 142048 KB] Actual search time: 0.000004s
[t=0.645969s, 142048 KB] Expanded 0 state(s).
[t=0.645969s, 142048 KB] Reopened 0 state(s).
[t=0.645969s, 142048 KB] Evaluated 1 state(s).
[t=0.645969s, 142048 KB] Evaluations: 1
[t=0.645969s, 142048 KB] Generated 0 state(s).
[t=0.645969s, 142048 KB] Dead ends: 0 state(s).
[t=0.645969s, 142048 KB] Number of registered states: 1
[t=0.645969s, 142048 KB] Int hash set load factor: 1/1 = 1.000000
[t=0.645969s, 142048 KB] Int hash set resizes: 0
[t=0.645969s, 142048 KB] Search time: 0.000031s
[t=0.645969s, 142048 KB] Total time: 0.645969s
Search stopped without finding a solution.
Remove intermediate file output.sas
search exit code: 12

Driver aborting after search
