INFO     planner time limit: None
INFO     planner memory limit: None

INFO     Running translator.
INFO     translator stdin: None
INFO     translator time limit: None
INFO     translator memory limit: None
INFO     translator command line string: 'D:\Miniforge3\python.exe' -m translate 'C:\Users\user\Desktop\theoria\.worktrees\e7-deadlock-claim\engine-rig\runs\20260728T150713Z-E7-deadlock-claim-audit\attacks\work\a3\swap-passage\singleton\sokoban_guarded_singleton_domain.pddl' 'C:\Users\user\Desktop\theoria\.worktrees\e7-deadlock-claim\engine-rig\runs\20260728T150713Z-E7-deadlock-claim-audit\attacks\work\a3\swap-passage\singleton\swap-passage_guarded_singleton.pddl' --sas-file output.sas
Warning! SIGXCPU is not available on your platform. This means that the planner cannot be gracefully terminated when using a time limit, which, however, is probably supported on your platform anyway.
Parsing...
Parsing: [0.000s CPU, 0.002s wall-clock]
Normalizing task... [0.000s CPU, 0.000s wall-clock]
Instantiating...
Generating Datalog program... [0.000s CPU, 0.000s wall-clock]
Normalizing Datalog program...
Normalizing Datalog program: [0.000s CPU, 0.001s wall-clock]
Preparing model... [0.000s CPU, 0.000s wall-clock]
Generated 20 rules.
Computing model... [0.000s CPU, 0.005s wall-clock]
381 relevant atoms
512 auxiliary atoms
893 final queue length
1163 total queue pushes
Completing instantiation... [0.000s CPU, 0.002s wall-clock]
Instantiating: [0.000s CPU, 0.009s wall-clock]
Computing fact groups...
Finding invariants...
7 initial candidates
Finding invariants: [0.000s CPU, 0.001s wall-clock]
Checking invariant weight... [0.000s CPU, 0.000s wall-clock]
Instantiating groups... [0.000s CPU, 0.000s wall-clock]
Collecting mutex groups... [0.000s CPU, 0.000s wall-clock]
Choosing groups...
22 uncovered facts
Choosing groups: [0.000s CPU, 0.000s wall-clock]
Building translation key... [0.016s CPU, 0.000s wall-clock]
Computing fact groups: [0.016s CPU, 0.002s wall-clock]
Building STRIPS to SAS dictionary... [0.000s CPU, 0.000s wall-clock]
Building dictionary for full mutex groups... [0.000s CPU, 0.000s wall-clock]
Building mutex information...
Building mutex information: [0.000s CPU, 0.000s wall-clock]
Translating task...
Processing axioms...
Simplifying axioms... [0.000s CPU, 0.000s wall-clock]
Translator axioms removed by simplifying: 0
Processing axioms: [0.000s CPU, 0.000s wall-clock]
Translating task: [0.000s CPU, 0.003s wall-clock]
172 effect conditions simplified
0 implied preconditions added
Detecting unreachable propositions...
0 operators removed
0 axioms removed
19 propositions removed
Detecting unreachable propositions: [0.000s CPU, 0.001s wall-clock]
Reordering and filtering variables...
25 of 25 variables necessary.
22 of 25 mutex groups necessary.
116 of 116 operators necessary.
0 of 0 axiom rules necessary.
Reordering and filtering variables: [0.000s CPU, 0.001s wall-clock]
Translator variables: 25
Translator derived variables: 0
Translator facts: 94
Translator goal facts: 2
Translator mutex groups: 22
Translator total mutex groups size: 72
Translator operators: 116
Translator axioms: 0
Translator task size: 1057
warning: could not determine peak memory
Writing output... [0.000s CPU, 0.011s wall-clock]
Done! [0.016s CPU, 0.030s wall-clock]
translate exit code: 0

INFO     Running search (release).
INFO     search stdin: output.sas
INFO     search time limit: None
INFO     search memory limit: None
INFO     search command line string: 'C:\Users\user\Desktop\theoria\.worktrees\p13\engine-rig\.toolchain\downward\builds\release\bin\downward.exe' --search 'astar(lmcut())' --internal-plan-file 'C:\Users\user\AppData\Local\Temp\tmp05zxa8ge\sas_plan' < output.sas
[t=0.000116s, 1860 KB] Search code revision: 7120aa0
[t=0.000193s, 1860 KB] reading input...
[t=0.001417s, 2180 KB] done reading input!
[t=0.002355s, 2684 KB] Initializing landmark cut heuristic...
[t=0.002378s, 2684 KB] Building successor generator... done!
[t=0.002426s, 2692 KB] peak memory difference for successor generator creation: 8 KB
[t=0.002429s, 2692 KB] time for successor generation creation: 0.000042s
[t=0.002433s, 2692 KB] Variables: 25
[t=0.002436s, 2692 KB] FactPairs: 94
[t=0.002438s, 2692 KB] Bytes per state: 8
[t=0.002445s, 2720 KB] Conducting best first search with reopening closed nodes, (real) bound = 2147483647
[t=0.002603s, 2744 KB] New best heuristic value for lmcut: 9
[t=0.002622s, 2744 KB] g=0, 1 evaluated, 0 expanded
[t=0.002626s, 2744 KB] f = 9, 1 evaluated, 0 expanded
[t=0.002646s, 2756 KB] Initial heuristic value for lmcut: 9
[t=0.002652s, 2756 KB] pruning method: none
[t=0.002737s, 2756 KB] New best heuristic value for lmcut: 8
[t=0.002743s, 2756 KB] g=1, 4 evaluated, 1 expanded
[t=0.002790s, 2792 KB] New best heuristic value for lmcut: 7
[t=0.002795s, 2792 KB] g=2, 6 evaluated, 2 expanded
[t=0.002874s, 2800 KB] New best heuristic value for lmcut: 6
[t=0.002877s, 2800 KB] g=3, 10 evaluated, 3 expanded
[t=0.002910s, 2800 KB] f = 10, 12 evaluated, 4 expanded
[t=0.002967s, 2800 KB] f = 11, 14 evaluated, 6 expanded
[t=0.003051s, 2800 KB] New best heuristic value for lmcut: 5
[t=0.003056s, 2800 KB] g=6, 19 evaluated, 8 expanded
[t=0.003100s, 2800 KB] New best heuristic value for lmcut: 4
[t=0.003104s, 2800 KB] g=7, 22 evaluated, 9 expanded
[t=0.003241s, 2828 KB] f = 12, 29 evaluated, 15 expanded
[t=0.003300s, 2828 KB] f = 13, 32 evaluated, 17 expanded
[t=0.003412s, 2860 KB] f = 14, 37 evaluated, 28 expanded
[t=0.003592s, 2868 KB] f = 15, 42 evaluated, 31 expanded
[t=0.003652s, 2868 KB] f = 16, 43 evaluated, 34 expanded
[t=0.003815s, 2880 KB] f = 17, 48 evaluated, 39 expanded
[t=0.004382s, 2920 KB] f = 18, 68 evaluated, 49 expanded
[t=0.004612s, 2920 KB] f = 19, 74 evaluated, 54 expanded
[t=0.004956s, 2932 KB] f = 21, 86 evaluated, 68 expanded
[t=0.005332s, 2932 KB] f = 22, 98 evaluated, 81 expanded
[t=0.005374s, 2932 KB] f = 23, 99 evaluated, 82 expanded
[t=0.005875s, 2932 KB] f = 24, 116 evaluated, 94 expanded
[t=0.006173s, 2932 KB] f = 25, 126 evaluated, 101 expanded
[t=0.007481s, 2952 KB] f = 26, 163 evaluated, 126 expanded
[t=0.008272s, 2952 KB] f = 27, 187 evaluated, 141 expanded
[t=0.009467s, 2952 KB] f = 28, 237 evaluated, 181 expanded
[t=0.009809s, 2952 KB] f = 29, 246 evaluated, 193 expanded
[t=0.009928s, 2952 KB] New best heuristic value for lmcut: 3
[t=0.009940s, 2952 KB] g=26, 251 evaluated, 195 expanded
[t=0.011449s, 2952 KB] f = 30, 302 evaluated, 241 expanded
[t=0.012198s, 2952 KB] f = 31, 327 evaluated, 265 expanded
[t=0.013194s, 2952 KB] f = 32, 360 evaluated, 303 expanded
[t=0.014008s, 2952 KB] f = 33, 389 evaluated, 329 expanded
[t=0.015330s, 2952 KB] f = 34, 451 evaluated, 379 expanded
[t=0.016164s, 2952 KB] f = 35, 484 evaluated, 411 expanded
[t=0.017268s, 2964 KB] f = 36, 540 evaluated, 462 expanded
[t=0.017903s, 2964 KB] f = 37, 559 evaluated, 485 expanded
[t=0.019088s, 2964 KB] f = 38, 589 evaluated, 527 expanded
[t=0.019477s, 2964 KB] f = 39, 600 evaluated, 538 expanded
[t=0.020356s, 2964 KB] f = 40, 630 evaluated, 574 expanded
[t=0.020684s, 2964 KB] f = 41, 639 evaluated, 587 expanded
[t=0.020942s, 2964 KB] f = 42, 647 evaluated, 605 expanded
[t=0.021157s, 2964 KB] f = 43, 653 evaluated, 612 expanded
[t=0.021282s, 2964 KB] f = 44, 657 evaluated, 622 expanded
[t=0.021289s, 2964 KB] f = 45, 657 evaluated, 624 expanded
[t=0.021317s, 2964 KB] f = 46, 658 evaluated, 629 expanded
[t=0.021322s, 2964 KB] Completely explored state space -- no solution!
[t=0.021324s, 2964 KB] Actual search time: 0.018670s
[t=0.021327s, 2964 KB] Expanded 630 state(s).
[t=0.021327s, 2964 KB] Reopened 0 state(s).
[t=0.021327s, 2964 KB] Evaluated 658 state(s).
[t=0.021327s, 2964 KB] Evaluations: 658
[t=0.021327s, 2964 KB] Generated 1644 state(s).
[t=0.021327s, 2964 KB] Dead ends: 28 state(s).
[t=0.021327s, 2964 KB] Expanded until last jump: 629 state(s).
[t=0.021327s, 2964 KB] Reopened until last jump: 0 state(s).
[t=0.021327s, 2964 KB] Evaluated until last jump: 658 state(s).
[t=0.021327s, 2964 KB] Generated until last jump: 1642 state(s).
[t=0.021327s, 2964 KB] Number of registered states: 658
[t=0.021327s, 2964 KB] Int hash set load factor: 658/1024 = 0.642578
[t=0.021327s, 2964 KB] Int hash set resizes: 10
[t=0.021327s, 2964 KB] Search time: 0.018884s
[t=0.021327s, 2964 KB] Total time: 0.021327s
Search stopped without finding a solution.
Remove intermediate file output.sas
search exit code: 12

Driver aborting after search
