INFO     planner time limit: None
INFO     planner memory limit: None

INFO     Running translator.
INFO     translator stdin: None
INFO     translator time limit: None
INFO     translator memory limit: None
INFO     translator command line string: 'D:\Miniforge3\python.exe' -m translate 'C:\Users\user\Desktop\theoria\.worktrees\e7-deadlock-claim\engine-rig\runs\20260728T150713Z-E7-deadlock-claim-audit\attacks\work\a3\tee\singleton\sokoban_guarded_singleton_domain.pddl' 'C:\Users\user\Desktop\theoria\.worktrees\e7-deadlock-claim\engine-rig\runs\20260728T150713Z-E7-deadlock-claim-audit\attacks\work\a3\tee\singleton\tee_guarded_singleton.pddl' --sas-file output.sas
Warning! SIGXCPU is not available on your platform. This means that the planner cannot be gracefully terminated when using a time limit, which, however, is probably supported on your platform anyway.
Parsing...
Parsing: [0.000s CPU, 0.002s wall-clock]
Normalizing task... [0.000s CPU, 0.000s wall-clock]
Instantiating...
Generating Datalog program... [0.000s CPU, 0.000s wall-clock]
Normalizing Datalog program...
Normalizing Datalog program: [0.000s CPU, 0.001s wall-clock]
Preparing model... [0.000s CPU, 0.000s wall-clock]
Generated 20 rules.
Computing model... [0.000s CPU, 0.001s wall-clock]
160 relevant atoms
216 auxiliary atoms
376 final queue length
452 total queue pushes
Completing instantiation... [0.016s CPU, 0.001s wall-clock]
Instantiating: [0.016s CPU, 0.003s wall-clock]
Computing fact groups...
Finding invariants...
7 initial candidates
Finding invariants: [0.000s CPU, 0.001s wall-clock]
Checking invariant weight... [0.000s CPU, 0.000s wall-clock]
Instantiating groups... [0.000s CPU, 0.000s wall-clock]
Collecting mutex groups... [0.000s CPU, 0.000s wall-clock]
Choosing groups...
13 uncovered facts
Choosing groups: [0.000s CPU, 0.000s wall-clock]
Building translation key... [0.000s CPU, 0.000s wall-clock]
Computing fact groups: [0.000s CPU, 0.001s wall-clock]
Building STRIPS to SAS dictionary... [0.000s CPU, 0.000s wall-clock]
Building dictionary for full mutex groups... [0.000s CPU, 0.000s wall-clock]
Building mutex information...
Building mutex information: [0.000s CPU, 0.000s wall-clock]
Translating task...
Processing axioms...
Simplifying axioms... [0.000s CPU, 0.000s wall-clock]
Translator axioms removed by simplifying: 0
Processing axioms: [0.000s CPU, 0.000s wall-clock]
Translating task: [0.000s CPU, 0.001s wall-clock]
60 effect conditions simplified
0 implied preconditions added
Detecting unreachable propositions...
0 operators removed
0 axioms removed
2 propositions removed
Detecting unreachable propositions: [0.000s CPU, 0.003s wall-clock]
Reordering and filtering variables...
15 of 15 variables necessary.
13 of 15 mutex groups necessary.
42 of 42 operators necessary.
0 of 0 axiom rules necessary.
Reordering and filtering variables: [0.000s CPU, 0.000s wall-clock]
Translator variables: 15
Translator derived variables: 0
Translator facts: 52
Translator goal facts: 1
Translator mutex groups: 13
Translator total mutex groups size: 39
Translator operators: 42
Translator axioms: 0
Translator task size: 413
warning: could not determine peak memory
Writing output... [0.000s CPU, 0.009s wall-clock]
Done! [0.016s CPU, 0.021s wall-clock]
translate exit code: 0

INFO     Running search (release).
INFO     search stdin: output.sas
INFO     search time limit: None
INFO     search memory limit: None
INFO     search command line string: 'C:\Users\user\Desktop\theoria\.worktrees\p13\engine-rig\.toolchain\downward\builds\release\bin\downward.exe' --search 'astar(lmcut())' --internal-plan-file 'C:\Users\user\AppData\Local\Temp\tmpmtt7dpcl\sas_plan' < output.sas
[t=0.000135s, 1928 KB] Search code revision: 7120aa0
[t=0.000231s, 1956 KB] reading input...
[t=0.001273s, 2116 KB] done reading input!
[t=0.002458s, 2548 KB] Initializing landmark cut heuristic...
[t=0.002485s, 2548 KB] Building successor generator... done!
[t=0.002524s, 2556 KB] peak memory difference for successor generator creation: 8 KB
[t=0.002529s, 2556 KB] time for successor generation creation: 0.000028s
[t=0.002534s, 2556 KB] Variables: 15
[t=0.002538s, 2556 KB] FactPairs: 52
[t=0.002541s, 2556 KB] Bytes per state: 4
[t=0.002547s, 2556 KB] Conducting best first search with reopening closed nodes, (real) bound = 2147483647
[t=0.002580s, 2568 KB] New best heuristic value for lmcut: 3
[t=0.002588s, 2568 KB] g=0, 1 evaluated, 0 expanded
[t=0.002591s, 2568 KB] f = 3, 1 evaluated, 0 expanded
[t=0.002602s, 2580 KB] Initial heuristic value for lmcut: 3
[t=0.002606s, 2584 KB] pruning method: none
[t=0.002663s, 2620 KB] New best heuristic value for lmcut: 2
[t=0.002669s, 2620 KB] g=1, 2 evaluated, 1 expanded
[t=0.002690s, 2620 KB] New best heuristic value for lmcut: 1
[t=0.002696s, 2620 KB] g=2, 5 evaluated, 2 expanded
[t=0.002701s, 2620 KB] New best heuristic value for lmcut: 0
[t=0.002705s, 2620 KB] g=3, 6 evaluated, 3 expanded
[t=0.002713s, 2620 KB] Solution found!
[t=0.002719s, 2620 KB] Actual search time: 0.000069s
move c53 c43 up (1)
push c43 c33 c23 b1 up (1)
push c33 c23 c13 b1 up (1)
[t=0.002725s, 2816 KB] Plan length: 3 step(s).
[t=0.002725s, 2816 KB] Plan cost: 3
[t=0.002725s, 2816 KB] Expanded 4 state(s).
[t=0.002725s, 2816 KB] Reopened 0 state(s).
[t=0.002725s, 2816 KB] Evaluated 7 state(s).
[t=0.002725s, 2816 KB] Evaluations: 7
[t=0.002725s, 2816 KB] Generated 7 state(s).
[t=0.002725s, 2816 KB] Dead ends: 0 state(s).
[t=0.002725s, 2816 KB] Expanded until last jump: 0 state(s).
[t=0.002725s, 2816 KB] Reopened until last jump: 0 state(s).
[t=0.002725s, 2816 KB] Evaluated until last jump: 1 state(s).
[t=0.002725s, 2816 KB] Generated until last jump: 0 state(s).
[t=0.002725s, 2816 KB] Number of registered states: 7
[t=0.002725s, 2816 KB] Int hash set load factor: 7/8 = 0.875000
[t=0.002725s, 2816 KB] Int hash set resizes: 3
[t=0.002725s, 2816 KB] Search time: 0.000179s
[t=0.002725s, 2816 KB] Total time: 0.002725s
Solution found.
Remove intermediate file output.sas
search exit code: 0

