INFO     planner time limit: None
INFO     planner memory limit: None

INFO     Running translator.
INFO     translator stdin: None
INFO     translator time limit: None
INFO     translator memory limit: None
INFO     translator command line string: 'D:\Miniforge3\python.exe' -m translate 'C:\Users\user\Desktop\theoria\.worktrees\e7-deadlock-claim\engine-rig\runs\20260728T150713Z-E7-deadlock-claim-audit\attacks\work\a3\tee\singleton\sokoban_guarded_singleton_domain.pddl' 'C:\Users\user\Desktop\theoria\.worktrees\e7-deadlock-claim\engine-rig\runs\20260728T150713Z-E7-deadlock-claim-audit\attacks\work\a3\tee\singleton\tee_guarded_singleton.pddl' --sas-file output.sas
Warning! SIGXCPU is not available on your platform. This means that the planner cannot be gracefully terminated when using a time limit, which, however, is probably supported on your platform anyway.
Parsing...
Parsing: [0.000s CPU, 0.001s wall-clock]
Normalizing task... [0.000s CPU, 0.000s wall-clock]
Instantiating...
Generating Datalog program... [0.000s CPU, 0.000s wall-clock]
Normalizing Datalog program...
Normalizing Datalog program: [0.000s CPU, 0.002s wall-clock]
Preparing model... [0.000s CPU, 0.000s wall-clock]
Generated 20 rules.
Computing model... [0.000s CPU, 0.001s wall-clock]
160 relevant atoms
216 auxiliary atoms
376 final queue length
452 total queue pushes
Completing instantiation... [0.000s CPU, 0.001s wall-clock]
Instantiating: [0.000s CPU, 0.004s wall-clock]
Computing fact groups...
Finding invariants...
7 initial candidates
Finding invariants: [0.000s CPU, 0.001s wall-clock]
Checking invariant weight... [0.000s CPU, 0.000s wall-clock]
Instantiating groups... [0.000s CPU, 0.000s wall-clock]
Collecting mutex groups... [0.000s CPU, 0.000s wall-clock]
Choosing groups...
13 uncovered facts
Choosing groups: [0.000s CPU, 0.000s wall-clock]
Building translation key... [0.000s CPU, 0.000s wall-clock]
Computing fact groups: [0.000s CPU, 0.001s wall-clock]
Building STRIPS to SAS dictionary... [0.000s CPU, 0.000s wall-clock]
Building dictionary for full mutex groups... [0.000s CPU, 0.000s wall-clock]
Building mutex information...
Building mutex information: [0.000s CPU, 0.000s wall-clock]
Translating task...
Processing axioms...
Simplifying axioms... [0.000s CPU, 0.000s wall-clock]
Translator axioms removed by simplifying: 0
Processing axioms: [0.000s CPU, 0.000s wall-clock]
Translating task: [0.016s CPU, 0.001s wall-clock]
60 effect conditions simplified
0 implied preconditions added
Detecting unreachable propositions...
0 operators removed
0 axioms removed
2 propositions removed
Detecting unreachable propositions: [0.000s CPU, 0.002s wall-clock]
Reordering and filtering variables...
15 of 15 variables necessary.
13 of 15 mutex groups necessary.
42 of 42 operators necessary.
0 of 0 axiom rules necessary.
Reordering and filtering variables: [0.000s CPU, 0.000s wall-clock]
Translator variables: 15
Translator derived variables: 0
Translator facts: 52
Translator goal facts: 1
Translator mutex groups: 13
Translator total mutex groups size: 39
Translator operators: 42
Translator axioms: 0
Translator task size: 413
warning: could not determine peak memory
Writing output... [0.000s CPU, 0.009s wall-clock]
Done! [0.016s CPU, 0.020s wall-clock]
translate exit code: 0

INFO     Running search (release).
INFO     search stdin: output.sas
INFO     search time limit: None
INFO     search memory limit: None
INFO     search command line string: 'C:\Users\user\Desktop\theoria\.worktrees\p13\engine-rig\.toolchain\downward\builds\release\bin\downward.exe' --search 'astar(blind())' --internal-plan-file 'C:\Users\user\AppData\Local\Temp\tmpgv51q8d3\sas_plan' < output.sas
[t=0.000176s, 1952 KB] Search code revision: 7120aa0
[t=0.000256s, 1964 KB] reading input...
[t=0.000822s, 2128 KB] done reading input!
[t=0.019755s, 2772 KB] Initializing blind search heuristic...
[t=0.019812s, 2776 KB] Building successor generator... done!
[t=0.019862s, 2784 KB] peak memory difference for successor generator creation: 8 KB
[t=0.019866s, 2784 KB] time for successor generation creation: 0.000035s
[t=0.019871s, 2784 KB] Variables: 15
[t=0.019881s, 2784 KB] FactPairs: 52
[t=0.019886s, 2784 KB] Bytes per state: 4
[t=0.019895s, 2784 KB] Conducting best first search with reopening closed nodes, (real) bound = 2147483647
[t=0.019937s, 2796 KB] New best heuristic value for blind: 1
[t=0.019993s, 2796 KB] g=0, 1 evaluated, 0 expanded
[t=0.019998s, 2796 KB] f = 1, 1 evaluated, 0 expanded
[t=0.020013s, 2808 KB] Initial heuristic value for blind: 1
[t=0.020017s, 2808 KB] pruning method: none
[t=0.020061s, 2808 KB] f = 2, 2 evaluated, 1 expanded
[t=0.020071s, 2808 KB] f = 3, 5 evaluated, 2 expanded
[t=0.020078s, 2808 KB] New best heuristic value for blind: 0
[t=0.020081s, 2808 KB] g=3, 8 evaluated, 5 expanded
[t=0.020085s, 2808 KB] Solution found!
[t=0.020088s, 2808 KB] Actual search time: 0.000068s
move c53 c43 up (1)
push c43 c33 c23 b1 up (1)
push c33 c23 c13 b1 up (1)
[t=0.020091s, 2808 KB] Plan length: 3 step(s).
[t=0.020091s, 2808 KB] Plan cost: 3
[t=0.020091s, 2808 KB] Expanded 6 state(s).
[t=0.020091s, 2808 KB] Reopened 0 state(s).
[t=0.020091s, 2808 KB] Evaluated 9 state(s).
[t=0.020091s, 2808 KB] Evaluations: 9
[t=0.020091s, 2808 KB] Generated 11 state(s).
[t=0.020091s, 2808 KB] Dead ends: 0 state(s).
[t=0.020091s, 2808 KB] Expanded until last jump: 2 state(s).
[t=0.020091s, 2808 KB] Reopened until last jump: 0 state(s).
[t=0.020091s, 2808 KB] Evaluated until last jump: 5 state(s).
[t=0.020091s, 2808 KB] Generated until last jump: 5 state(s).
[t=0.020091s, 2808 KB] Number of registered states: 9
[t=0.020091s, 2808 KB] Int hash set load factor: 9/16 = 0.562500
[t=0.020091s, 2808 KB] Int hash set resizes: 4
[t=0.020091s, 2808 KB] Search time: 0.000198s
[t=0.020091s, 2808 KB] Total time: 0.020091s
Solution found.
Remove intermediate file output.sas
search exit code: 0

