INFO     planner time limit: None
INFO     planner memory limit: None

INFO     Running translator.
INFO     translator stdin: None
INFO     translator time limit: None
INFO     translator memory limit: None
INFO     translator command line string: 'D:\Miniforge3\python.exe' -m translate 'C:\Users\user\Desktop\theoria\.worktrees\e7-deadlock-claim\engine-rig\fixtures\data\sokoban_domain.pddl' 'C:\Users\user\Desktop\theoria\.worktrees\e7-deadlock-claim\engine-rig\runs\20260728T150713Z-E7-deadlock-claim-audit\attacks\work\a3\three-far\three-far.pddl' --sas-file output.sas
Warning! SIGXCPU is not available on your platform. This means that the planner cannot be gracefully terminated when using a time limit, which, however, is probably supported on your platform anyway.
Parsing...
Parsing: [0.000s CPU, 0.002s wall-clock]
Normalizing task... [0.000s CPU, 0.000s wall-clock]
Instantiating...
Generating Datalog program... [0.000s CPU, 0.000s wall-clock]
Normalizing Datalog program...
Normalizing Datalog program: [0.000s CPU, 0.001s wall-clock]
Preparing model... [0.000s CPU, 0.000s wall-clock]
Generated 20 rules.
Computing model... [0.000s CPU, 0.005s wall-clock]
562 relevant atoms
710 auxiliary atoms
1272 final queue length
1872 total queue pushes
Completing instantiation... [0.000s CPU, 0.004s wall-clock]
Instantiating: [0.000s CPU, 0.010s wall-clock]
Computing fact groups...
Finding invariants...
7 initial candidates
Finding invariants: [0.016s CPU, 0.001s wall-clock]
Checking invariant weight... [0.000s CPU, 0.000s wall-clock]
Instantiating groups... [0.000s CPU, 0.000s wall-clock]
Collecting mutex groups... [0.000s CPU, 0.000s wall-clock]
Choosing groups...
25 uncovered facts
Choosing groups: [0.000s CPU, 0.000s wall-clock]
Building translation key... [0.000s CPU, 0.000s wall-clock]
Computing fact groups: [0.016s CPU, 0.002s wall-clock]
Building STRIPS to SAS dictionary... [0.000s CPU, 0.000s wall-clock]
Building dictionary for full mutex groups... [0.000s CPU, 0.000s wall-clock]
Building mutex information...
Building mutex information: [0.000s CPU, 0.000s wall-clock]
Translating task...
Processing axioms...
Simplifying axioms... [0.000s CPU, 0.000s wall-clock]
Translator axioms removed by simplifying: 0
Processing axioms: [0.000s CPU, 0.000s wall-clock]
Translating task: [0.000s CPU, 0.006s wall-clock]
440 effect conditions simplified
0 implied preconditions added
Detecting unreachable propositions...
0 operators removed
0 axioms removed
4 propositions removed
Detecting unreachable propositions: [0.000s CPU, 0.002s wall-clock]
Reordering and filtering variables...
29 of 29 variables necessary.
25 of 29 mutex groups necessary.
260 of 260 operators necessary.
0 of 0 axiom rules necessary.
Reordering and filtering variables: [0.000s CPU, 0.001s wall-clock]
Translator variables: 29
Translator derived variables: 0
Translator facts: 150
Translator goal facts: 3
Translator mutex groups: 25
Translator total mutex groups size: 125
Translator operators: 260
Translator axioms: 0
Translator task size: 2407
warning: could not determine peak memory
Writing output... [0.016s CPU, 0.011s wall-clock]
Done! [0.031s CPU, 0.036s wall-clock]
translate exit code: 0

INFO     Running search (release).
INFO     search stdin: output.sas
INFO     search time limit: None
INFO     search memory limit: None
INFO     search command line string: 'C:\Users\user\Desktop\theoria\.worktrees\p13\engine-rig\.toolchain\downward\builds\release\bin\downward.exe' --search 'astar(blind())' --internal-plan-file 'C:\Users\user\AppData\Local\Temp\tmpd5livtrg\sas_plan' < output.sas
[t=0.000110s, 1896 KB] Search code revision: 7120aa0
[t=0.000191s, 1896 KB] reading input...
[t=0.002836s, 2432 KB] done reading input!
[t=0.003887s, 2876 KB] Initializing blind search heuristic...
[t=0.003914s, 2876 KB] Building successor generator... done!
[t=0.004022s, 2928 KB] peak memory difference for successor generator creation: 52 KB
[t=0.004026s, 2928 KB] time for successor generation creation: 0.000100s
[t=0.004031s, 2928 KB] Variables: 29
[t=0.004034s, 2928 KB] FactPairs: 150
[t=0.004039s, 2928 KB] Bytes per state: 8
[t=0.004046s, 2928 KB] Conducting best first search with reopening closed nodes, (real) bound = 2147483647
[t=0.004062s, 2940 KB] New best heuristic value for blind: 1
[t=0.004066s, 2940 KB] g=0, 1 evaluated, 0 expanded
[t=0.004069s, 2940 KB] f = 1, 1 evaluated, 0 expanded
[t=0.004077s, 2952 KB] Initial heuristic value for blind: 1
[t=0.004080s, 2952 KB] pruning method: none
[t=0.004089s, 2952 KB] f = 2, 4 evaluated, 1 expanded
[t=0.004099s, 2952 KB] f = 3, 8 evaluated, 4 expanded
[t=0.004110s, 2952 KB] f = 4, 14 evaluated, 8 expanded
[t=0.004128s, 2952 KB] f = 5, 28 evaluated, 14 expanded
[t=0.004160s, 2952 KB] f = 6, 61 evaluated, 28 expanded
[t=0.004223s, 2952 KB] f = 7, 131 evaluated, 61 expanded
[t=0.004340s, 2952 KB] f = 8, 263 evaluated, 131 expanded
[t=0.004547s, 2964 KB] f = 9, 499 evaluated, 263 expanded
[t=0.004972s, 2964 KB] f = 10, 912 evaluated, 499 expanded
[t=0.005745s, 3008 KB] f = 11, 1595 evaluated, 912 expanded
[t=0.006962s, 3068 KB] f = 12, 2743 evaluated, 1595 expanded
[t=0.008806s, 3180 KB] f = 13, 4547 evaluated, 2743 expanded
[t=0.011436s, 3312 KB] f = 14, 7418 evaluated, 4547 expanded
[t=0.015638s, 3712 KB] f = 15, 11605 evaluated, 7418 expanded
[t=0.021832s, 3972 KB] f = 16, 17703 evaluated, 11605 expanded
[t=0.029359s, 4060 KB] f = 17, 25798 evaluated, 17703 expanded
[t=0.041429s, 4920 KB] f = 18, 36888 evaluated, 25798 expanded
[t=0.055561s, 5188 KB] f = 19, 50489 evaluated, 36888 expanded
[t=0.075268s, 6520 KB] f = 20, 67913 evaluated, 50489 expanded
[t=0.098447s, 7024 KB] f = 21, 87711 evaluated, 67913 expanded
[t=0.124506s, 7684 KB] f = 22, 111412 evaluated, 87711 expanded
[t=0.156792s, 10048 KB] f = 23, 135966 evaluated, 111412 expanded
[t=0.187890s, 10332 KB] f = 24, 163441 evaluated, 135966 expanded
[t=0.197147s, 10600 KB] New best heuristic value for blind: 0
[t=0.197175s, 10600 KB] g=24, 171105 evaluated, 143278 expanded
[t=0.197181s, 10600 KB] Solution found!
[t=0.197188s, 10600 KB] Actual search time: 0.193107s
move c54 c55 right (1)
move c55 c45 up (1)
move c45 c35 up (1)
move c35 c25 up (1)
push c25 c24 c23 b2 left (1)
move c24 c14 up (1)
move c14 c13 left (1)
move c13 c12 left (1)
push c12 c22 c32 b1 down (1)
push c22 c32 c42 b1 down (1)
push c32 c42 c52 b1 down (1)
move c42 c43 right (1)
move c43 c44 right (1)
move c44 c34 up (1)
move c34 c24 up (1)
push c24 c23 c22 b2 left (1)
move c23 c13 up (1)
move c13 c12 left (1)
push c12 c22 c32 b2 down (1)
push c22 c32 c42 b2 down (1)
push c32 c33 c34 b3 right (1)
move c33 c23 up (1)
move c23 c24 right (1)
push c24 c34 c44 b3 down (1)
[t=0.197192s, 10600 KB] Plan length: 24 step(s).
[t=0.197192s, 10600 KB] Plan cost: 24
[t=0.197192s, 10600 KB] Expanded 143279 state(s).
[t=0.197192s, 10600 KB] Reopened 0 state(s).
[t=0.197192s, 10600 KB] Evaluated 171105 state(s).
[t=0.197192s, 10600 KB] Evaluations: 171105
[t=0.197192s, 10600 KB] Generated 449505 state(s).
[t=0.197192s, 10600 KB] Dead ends: 0 state(s).
[t=0.197192s, 10600 KB] Expanded until last jump: 135966 state(s).
[t=0.197192s, 10600 KB] Reopened until last jump: 0 state(s).
[t=0.197192s, 10600 KB] Evaluated until last jump: 163441 state(s).
[t=0.197192s, 10600 KB] Generated until last jump: 427361 state(s).
[t=0.197192s, 10600 KB] Number of registered states: 171105
[t=0.197192s, 10600 KB] Int hash set load factor: 171105/262144 = 0.652714
[t=0.197192s, 10600 KB] Int hash set resizes: 18
[t=0.197192s, 10600 KB] Search time: 0.193146s
[t=0.197192s, 10600 KB] Total time: 0.197192s
Solution found.
Remove intermediate file output.sas
search exit code: 0

