INFO     planner time limit: None
INFO     planner memory limit: None

INFO     Running translator.
INFO     translator stdin: None
INFO     translator time limit: None
INFO     translator memory limit: None
INFO     translator command line string: 'D:\Miniforge3\python.exe' -m translate 'C:\Users\user\Desktop\theoria\.worktrees\e7-deadlock-claim\engine-rig\runs\20260728T150713Z-E7-deadlock-claim-audit\attacks\work\a3\three-far\indexed\sokoban_guarded_indexed_domain.pddl' 'C:\Users\user\Desktop\theoria\.worktrees\e7-deadlock-claim\engine-rig\runs\20260728T150713Z-E7-deadlock-claim-audit\attacks\work\a3\three-far\indexed\three-far_guarded_indexed.pddl' --sas-file output.sas
Warning! SIGXCPU is not available on your platform. This means that the planner cannot be gracefully terminated when using a time limit, which, however, is probably supported on your platform anyway.
Parsing...
Parsing: [0.000s CPU, 0.003s wall-clock]
Normalizing task... [0.000s CPU, 0.000s wall-clock]
Instantiating...
Generating Datalog program... [0.000s CPU, 0.000s wall-clock]
Normalizing Datalog program...
Normalizing Datalog program: [0.000s CPU, 0.003s wall-clock]
Preparing model... [0.000s CPU, 0.004s wall-clock]
Generated 103 rules.
Computing model... [0.031s CPU, 0.021s wall-clock]
745 relevant atoms
7188 auxiliary atoms
7933 final queue length
8533 total queue pushes
Completing instantiation... [0.000s CPU, 0.005s wall-clock]
Instantiating: [0.031s CPU, 0.034s wall-clock]
Computing fact groups...
Finding invariants...
7 initial candidates
Finding invariants: [0.000s CPU, 0.004s wall-clock]
Checking invariant weight... [0.000s CPU, 0.000s wall-clock]
Instantiating groups... [0.000s CPU, 0.000s wall-clock]
Collecting mutex groups... [0.000s CPU, 0.000s wall-clock]
Choosing groups...
25 uncovered facts
Choosing groups: [0.000s CPU, 0.000s wall-clock]
Building translation key... [0.000s CPU, 0.000s wall-clock]
Computing fact groups: [0.000s CPU, 0.005s wall-clock]
Building STRIPS to SAS dictionary... [0.000s CPU, 0.000s wall-clock]
Building dictionary for full mutex groups... [0.000s CPU, 0.000s wall-clock]
Building mutex information...
Building mutex information: [0.000s CPU, 0.000s wall-clock]
Translating task...
Processing axioms...
Simplifying axioms... [0.000s CPU, 0.000s wall-clock]
Translator axioms removed by simplifying: 0
Processing axioms: [0.000s CPU, 0.000s wall-clock]
Translating task: [1.188s CPU, 1.189s wall-clock]
101696 effect conditions simplified
0 implied preconditions added
Detecting unreachable propositions...
18540 operators removed
0 axioms removed
16 propositions removed
Detecting unreachable propositions: [0.891s CPU, 1.012s wall-clock]
Reordering and filtering variables...
29 of 29 variables necessary.
25 of 29 mutex groups necessary.
32348 of 32348 operators necessary.
0 of 0 axiom rules necessary.
Reordering and filtering variables: [0.266s CPU, 0.262s wall-clock]
Translator variables: 29
Translator derived variables: 0
Translator facts: 138
Translator goal facts: 3
Translator mutex groups: 25
Translator total mutex groups size: 113
Translator operators: 32348
Translator axioms: 0
Translator task size: 355567
warning: could not determine peak memory
Writing output... [0.391s CPU, 0.404s wall-clock]
Done! [2.781s CPU, 2.923s wall-clock]
translate exit code: 0

INFO     Running search (release).
INFO     search stdin: output.sas
INFO     search time limit: None
INFO     search memory limit: None
INFO     search command line string: 'C:\Users\user\Desktop\theoria\.worktrees\p13\engine-rig\.toolchain\downward\builds\release\bin\downward.exe' --search 'astar(ipdb())' --internal-plan-file 'C:\Users\user\AppData\Local\Temp\tmp2yu6q0uk\sas_plan' < output.sas
[t=0.000113s, 1904 KB] Search code revision: 7120aa0
[t=0.000197s, 1912 KB] reading input...
[t=0.372663s, 15456 KB] done reading input!
[t=0.373881s, 15644 KB] Initializing canonical PDB heuristic...
[t=0.373900s, 15644 KB] Generating patterns using: hill climbing pattern collection generator
[t=0.400298s, 17040 KB] Done calculating initial pattern collection: 0.026412s
[t=0.400335s, 17040 KB] Average operator cost: 1.000000
[t=0.400580s, 17040 KB] Building causal graph... done!
[t=0.998771s, 19672 KB] Done calculating initial candidate PDBs
[t=1.018218s, 20488 KB] found a better pattern with improvement 470
[t=1.402820s, 25020 KB] found a better pattern with improvement 998
[t=1.863604s, 29336 KB] found a better pattern with improvement 997
[t=2.661106s, 76616 KB] found a better pattern with improvement 927
[t=3.594939s, 164660 KB] found a better pattern with improvement 76
[t=4.766799s, 331536 KB] found a better pattern with improvement 471
[t=4.798545s, 331536 KB] found a better pattern with improvement 45
[t=4.830708s, 331536 KB] found a better pattern with improvement 27
[t=4.866147s, 331536 KB] found a better pattern with improvement 22
[t=4.903733s, 331536 KB] Improvement below threshold. Stop hill climbing.
[t=4.903770s, 331536 KB] Hill climbing iterations: 10
[t=4.903778s, 331536 KB] Hill climbing generated patterns: 194
[t=4.903781s, 331536 KB] Hill climbing rejected patterns: 364
[t=4.903784s, 331536 KB] Hill climbing maximum PDB size: 1852200
[t=4.903788s, 331536 KB] Hill climbing time: 4.503455s
[t=4.925808s, 331536 KB] hill climbing pattern collection generator number of patterns: 12
[t=4.925844s, 331536 KB] hill climbing pattern collection generator total PDB size: 9041088
[t=4.925850s, 331536 KB] hill climbing pattern collection generator computation time: 4.551899s
[t=4.925856s, 331536 KB] Running dominance pruning...
[t=4.925864s, 331536 KB] Pruned 6 of 10 pattern cliques
[t=4.925867s, 331536 KB] Pruned 8 of 12 PDBs
[t=4.925873s, 331536 KB] Dominance pruning took 0.000015s
[t=4.926292s, 331536 KB] Canonical PDB heuristic number of patterns: 4
[t=4.926309s, 331536 KB] Canonical PDB heuristic total PDB size: 7408800
[t=4.926313s, 331536 KB] Canonical PDB heuristic computation time: 4.552408s
[t=4.926342s, 331536 KB] Building successor generator... done!
[t=4.937989s, 331536 KB] peak memory difference for successor generator creation: 0 KB
[t=4.938007s, 331536 KB] time for successor generation creation: 0.011618s
[t=4.938342s, 331536 KB] Variables: 29
[t=4.938367s, 331536 KB] FactPairs: 138
[t=4.938372s, 331536 KB] Bytes per state: 8
[t=4.938385s, 331536 KB] Conducting best first search with reopening closed nodes, (real) bound = 2147483647
[t=4.938406s, 331536 KB] New best heuristic value for cpdbs: 22
[t=4.938413s, 331536 KB] g=0, 1 evaluated, 0 expanded
[t=4.938416s, 331536 KB] f = 22, 1 evaluated, 0 expanded
[t=4.938423s, 331536 KB] Initial heuristic value for cpdbs: 22
[t=4.938427s, 331536 KB] pruning method: none
[t=4.938441s, 331536 KB] New best heuristic value for cpdbs: 21
[t=4.938445s, 331536 KB] g=1, 2 evaluated, 1 expanded
[t=4.938457s, 331536 KB] New best heuristic value for cpdbs: 20
[t=4.938460s, 331536 KB] g=2, 5 evaluated, 2 expanded
[t=4.938469s, 331536 KB] New best heuristic value for cpdbs: 19
[t=4.938473s, 331536 KB] g=3, 6 evaluated, 3 expanded
[t=4.938481s, 331536 KB] New best heuristic value for cpdbs: 18
[t=4.938484s, 331536 KB] g=4, 8 evaluated, 4 expanded
[t=4.938494s, 331536 KB] New best heuristic value for cpdbs: 17
[t=4.938499s, 331536 KB] g=5, 10 evaluated, 5 expanded
[t=4.938508s, 331536 KB] New best heuristic value for cpdbs: 16
[t=4.938511s, 331536 KB] g=6, 13 evaluated, 6 expanded
[t=4.938522s, 331536 KB] New best heuristic value for cpdbs: 15
[t=4.938528s, 331536 KB] g=7, 15 evaluated, 7 expanded
[t=4.938534s, 331536 KB] New best heuristic value for cpdbs: 14
[t=4.938537s, 331536 KB] g=8, 16 evaluated, 8 expanded
[t=4.938547s, 331536 KB] New best heuristic value for cpdbs: 13
[t=4.938551s, 331536 KB] g=9, 18 evaluated, 9 expanded
[t=4.938560s, 331536 KB] New best heuristic value for cpdbs: 12
[t=4.938563s, 331536 KB] g=10, 20 evaluated, 10 expanded
[t=4.938576s, 331536 KB] New best heuristic value for cpdbs: 11
[t=4.938580s, 331536 KB] g=11, 25 evaluated, 11 expanded
[t=4.938588s, 331536 KB] New best heuristic value for cpdbs: 10
[t=4.938593s, 331536 KB] g=12, 28 evaluated, 12 expanded
[t=4.938603s, 331536 KB] New best heuristic value for cpdbs: 9
[t=4.938606s, 331536 KB] g=13, 31 evaluated, 13 expanded
[t=4.938664s, 331536 KB] f = 24, 55 evaluated, 23 expanded
[t=4.938691s, 331536 KB] New best heuristic value for cpdbs: 8
[t=4.938695s, 331536 KB] g=16, 66 evaluated, 27 expanded
[t=4.938702s, 331536 KB] New best heuristic value for cpdbs: 7
[t=4.938704s, 331536 KB] g=17, 68 evaluated, 28 expanded
[t=4.938711s, 331536 KB] New best heuristic value for cpdbs: 6
[t=4.938714s, 331536 KB] g=18, 70 evaluated, 29 expanded
[t=4.938720s, 331536 KB] New best heuristic value for cpdbs: 5
[t=4.938724s, 331536 KB] g=19, 72 evaluated, 30 expanded
[t=4.938732s, 331536 KB] New best heuristic value for cpdbs: 4
[t=4.938736s, 331536 KB] g=20, 75 evaluated, 31 expanded
[t=4.938745s, 331536 KB] New best heuristic value for cpdbs: 3
[t=4.938749s, 331536 KB] g=21, 79 evaluated, 32 expanded
[t=4.938757s, 331536 KB] New best heuristic value for cpdbs: 2
[t=4.938763s, 331536 KB] g=22, 82 evaluated, 33 expanded
[t=4.938772s, 331536 KB] New best heuristic value for cpdbs: 1
[t=4.938775s, 331536 KB] g=23, 86 evaluated, 34 expanded
[t=4.938782s, 331536 KB] New best heuristic value for cpdbs: 0
[t=4.938788s, 331536 KB] g=24, 89 evaluated, 35 expanded
[t=4.938793s, 331536 KB] Solution found!
[t=4.938797s, 331536 KB] Actual search time: 0.000368s
move c54 c55 right (1)
move c55 c45 up (1)
move c45 c35 up (1)
move c35 c25 up (1)
push-pair0 c25 c24 c23 b2 left (1)
move c24 c14 up (1)
move c14 c13 left (1)
move c13 c12 left (1)
push-pair0 c12 c22 c32 b1 down (1)
push-pair0 c22 c32 c42 b1 down (1)
push-pair2 c32 c42 c52 b1 down b2 c53 b3 c53 (1)
move c42 c32 up (1)
push-pair0 c32 c33 c34 b3 right (1)
move c33 c32 left (1)
move c32 c22 up (1)
move c22 c12 up (1)
move c12 c13 right (1)
push-pair0 c13 c23 c33 b2 down (1)
move c23 c24 right (1)
push-pair0 c24 c34 c44 b3 down (1)
push-pair0 c34 c33 c32 b2 left (1)
move c33 c23 up (1)
move c23 c22 left (1)
push-pair0 c22 c32 c42 b2 down (1)
[t=4.938802s, 331536 KB] Plan length: 24 step(s).
[t=4.938802s, 331536 KB] Plan cost: 24
[t=4.938802s, 331536 KB] Expanded 36 state(s).
[t=4.938802s, 331536 KB] Reopened 0 state(s).
[t=4.938802s, 331536 KB] Evaluated 91 state(s).
[t=4.938802s, 331536 KB] Evaluations: 91
[t=4.938802s, 331536 KB] Generated 124 state(s).
[t=4.938802s, 331536 KB] Dead ends: 9 state(s).
[t=4.938802s, 331536 KB] Expanded until last jump: 23 state(s).
[t=4.938802s, 331536 KB] Reopened until last jump: 0 state(s).
[t=4.938802s, 331536 KB] Evaluated until last jump: 55 state(s).
[t=4.938802s, 331536 KB] Generated until last jump: 78 state(s).
[t=4.938802s, 331536 KB] Number of registered states: 91
[t=4.938802s, 331536 KB] Int hash set load factor: 91/128 = 0.710938
[t=4.938802s, 331536 KB] Int hash set resizes: 7
[t=4.938802s, 331536 KB] Search time: 0.000418s
[t=4.938802s, 331536 KB] Total time: 4.938802s
Solution found.
Remove intermediate file output.sas
search exit code: 0

