INFO     planner time limit: None
INFO     planner memory limit: None

INFO     Running translator.
INFO     translator stdin: None
INFO     translator time limit: None
INFO     translator memory limit: None
INFO     translator command line string: 'D:\Miniforge3\python.exe' -m translate 'C:\Users\user\Desktop\theoria\.worktrees\e7-deadlock-claim\engine-rig\fixtures\data\sokoban_domain.pddl' 'C:\Users\user\Desktop\theoria\.worktrees\e7-deadlock-claim\engine-rig\runs\20260728T150713Z-E7-deadlock-claim-audit\attacks\work\a3\three-far8\three-far8.pddl' --sas-file output.sas
Warning! SIGXCPU is not available on your platform. This means that the planner cannot be gracefully terminated when using a time limit, which, however, is probably supported on your platform anyway.
Parsing...
Parsing: [0.000s CPU, 0.003s wall-clock]
Normalizing task... [0.000s CPU, 0.000s wall-clock]
Instantiating...
Generating Datalog program... [0.000s CPU, 0.000s wall-clock]
Normalizing Datalog program...
Normalizing Datalog program: [0.000s CPU, 0.001s wall-clock]
Preparing model... [0.016s CPU, 0.002s wall-clock]
Generated 20 rules.
Computing model... [0.000s CPU, 0.010s wall-clock]
1880 relevant atoms
2478 auxiliary atoms
4358 final queue length
6278 total queue pushes
Completing instantiation... [0.016s CPU, 0.012s wall-clock]
Instantiating: [0.031s CPU, 0.026s wall-clock]
Computing fact groups...
Finding invariants...
7 initial candidates
Finding invariants: [0.000s CPU, 0.001s wall-clock]
Checking invariant weight... [0.000s CPU, 0.000s wall-clock]
Instantiating groups... [0.000s CPU, 0.004s wall-clock]
Collecting mutex groups... [0.000s CPU, 0.000s wall-clock]
Choosing groups...
108 uncovered facts
Choosing groups: [0.000s CPU, 0.000s wall-clock]
Building translation key... [0.000s CPU, 0.000s wall-clock]
Computing fact groups: [0.000s CPU, 0.007s wall-clock]
Building STRIPS to SAS dictionary... [0.000s CPU, 0.000s wall-clock]
Building dictionary for full mutex groups... [0.000s CPU, 0.000s wall-clock]
Building mutex information...
Building mutex information: [0.000s CPU, 0.000s wall-clock]
Translating task...
Processing axioms...
Simplifying axioms... [0.000s CPU, 0.000s wall-clock]
Translator axioms removed by simplifying: 0
Processing axioms: [0.016s CPU, 0.001s wall-clock]
Translating task: [0.031s CPU, 0.016s wall-clock]
1376 effect conditions simplified
0 implied preconditions added
Detecting unreachable propositions...
0 operators removed
0 axioms removed
92 propositions removed
Detecting unreachable propositions: [0.000s CPU, 0.007s wall-clock]
Reordering and filtering variables...
68 of 68 variables necessary.
64 of 68 mutex groups necessary.
800 of 800 operators necessary.
0 of 0 axiom rules necessary.
Reordering and filtering variables: [0.000s CPU, 0.004s wall-clock]
Translator variables: 68
Translator derived variables: 0
Translator facts: 384
Translator goal facts: 3
Translator mutex groups: 64
Translator total mutex groups size: 320
Translator operators: 800
Translator axioms: 0
Translator task size: 7303
warning: could not determine peak memory
Writing output... [0.016s CPU, 0.017s wall-clock]
Done! [0.078s CPU, 0.083s wall-clock]
translate exit code: 0

INFO     Running search (release).
INFO     search stdin: output.sas
INFO     search time limit: None
INFO     search memory limit: None
INFO     search command line string: 'C:\Users\user\Desktop\theoria\.worktrees\p13\engine-rig\.toolchain\downward\builds\release\bin\downward.exe' --search 'astar(lmcut())' --internal-plan-file 'C:\Users\user\AppData\Local\Temp\tmptif46_pq\sas_plan' < output.sas
[t=0.000160s, 1944 KB] Search code revision: 7120aa0
[t=0.000434s, 1944 KB] reading input...
[t=0.008531s, 2764 KB] done reading input!
[t=0.010033s, 3368 KB] Initializing landmark cut heuristic...
[t=0.010073s, 3380 KB] Building successor generator... done!
[t=0.010333s, 3532 KB] peak memory difference for successor generator creation: 152 KB
[t=0.010336s, 3532 KB] time for successor generation creation: 0.000251s
[t=0.010342s, 3532 KB] Variables: 68
[t=0.010346s, 3532 KB] FactPairs: 384
[t=0.010349s, 3532 KB] Bytes per state: 12
[t=0.010361s, 3532 KB] Conducting best first search with reopening closed nodes, (real) bound = 2147483647
[t=0.010725s, 3532 KB] New best heuristic value for lmcut: 27
[t=0.010730s, 3532 KB] g=0, 1 evaluated, 0 expanded
[t=0.010732s, 3532 KB] f = 27, 1 evaluated, 0 expanded
[t=0.010739s, 3532 KB] Initial heuristic value for lmcut: 27
[t=0.010741s, 3532 KB] pruning method: none
[t=0.011018s, 3532 KB] New best heuristic value for lmcut: 26
[t=0.011023s, 3532 KB] g=1, 2 evaluated, 1 expanded
[t=0.011614s, 3532 KB] New best heuristic value for lmcut: 25
[t=0.011620s, 3532 KB] g=2, 4 evaluated, 2 expanded
[t=0.012120s, 3568 KB] New best heuristic value for lmcut: 24
[t=0.012126s, 3568 KB] g=3, 6 evaluated, 3 expanded
[t=0.012651s, 3568 KB] New best heuristic value for lmcut: 23
[t=0.012657s, 3568 KB] g=4, 8 evaluated, 4 expanded
[t=0.013159s, 3568 KB] New best heuristic value for lmcut: 21
[t=0.013163s, 3568 KB] g=5, 10 evaluated, 5 expanded
[t=0.013646s, 3568 KB] New best heuristic value for lmcut: 18
[t=0.013651s, 3568 KB] g=6, 12 evaluated, 6 expanded
[t=0.014162s, 3568 KB] New best heuristic value for lmcut: 16
[t=0.014167s, 3568 KB] g=7, 14 evaluated, 7 expanded
[t=0.014637s, 3568 KB] New best heuristic value for lmcut: 14
[t=0.014651s, 3568 KB] g=8, 16 evaluated, 8 expanded
[t=0.015096s, 3568 KB] New best heuristic value for lmcut: 13
[t=0.015102s, 3568 KB] g=10, 18 evaluated, 10 expanded
[t=0.015518s, 3568 KB] New best heuristic value for lmcut: 12
[t=0.015522s, 3568 KB] g=11, 20 evaluated, 11 expanded
[t=0.017870s, 3568 KB] New best heuristic value for lmcut: 11
[t=0.017892s, 3568 KB] g=12, 29 evaluated, 17 expanded
[t=0.022698s, 3568 KB] New best heuristic value for lmcut: 10
[t=0.022717s, 3568 KB] g=16, 50 evaluated, 26 expanded
[t=0.035291s, 3572 KB] f = 28, 106 evaluated, 65 expanded
[t=0.037373s, 3572 KB] New best heuristic value for lmcut: 9
[t=0.037389s, 3572 KB] g=18, 116 evaluated, 69 expanded
[t=0.048591s, 3584 KB] f = 29, 170 evaluated, 92 expanded
[t=0.068729s, 3604 KB] f = 30, 272 evaluated, 146 expanded
[t=0.070325s, 3604 KB] New best heuristic value for lmcut: 8
[t=0.070330s, 3604 KB] g=22, 281 evaluated, 149 expanded
[t=0.147639s, 3616 KB] f = 31, 657 evaluated, 339 expanded
[t=0.226356s, 3644 KB] f = 32, 1038 evaluated, 539 expanded, 2 reopened
[t=0.453837s, 3744 KB] f = 33, 2161 evaluated, 1099 expanded, 4 reopened
[t=0.490156s, 3744 KB] New best heuristic value for lmcut: 7
[t=0.490180s, 3744 KB] g=24, 2354 evaluated, 1195 expanded, 4 reopened
[t=0.698086s, 3768 KB] f = 34, 3400 evaluated, 1755 expanded, 25 reopened
[t=0.715100s, 3768 KB] New best heuristic value for lmcut: 6
[t=0.715122s, 3768 KB] g=28, 3493 evaluated, 1800 expanded, 25 reopened
[t=1.199443s, 3912 KB] f = 35, 5916 evaluated, 3063 expanded, 40 reopened
[t=1.246017s, 3932 KB] New best heuristic value for lmcut: 5
[t=1.246046s, 3932 KB] g=29, 6180 evaluated, 3194 expanded, 40 reopened
[t=1.991622s, 4108 KB] f = 36, 9780 evaluated, 5112 expanded, 68 reopened
[t=3.679058s, 4840 KB] f = 37, 16092 evaluated, 8570 expanded, 124 reopened
[t=3.679775s, 4840 KB] New best heuristic value for lmcut: 4
[t=3.679794s, 4840 KB] g=33, 16098 evaluated, 8572 expanded, 124 reopened
[t=3.940157s, 4840 KB] New best heuristic value for lmcut: 3
[t=3.940186s, 4840 KB] g=34, 17321 evaluated, 9198 expanded, 124 reopened
[t=3.940400s, 4840 KB] New best heuristic value for lmcut: 2
[t=3.940407s, 4840 KB] g=35, 17324 evaluated, 9199 expanded, 124 reopened
[t=3.940574s, 4840 KB] New best heuristic value for lmcut: 1
[t=3.940580s, 4840 KB] g=36, 17327 evaluated, 9200 expanded, 124 reopened
[t=3.940654s, 4840 KB] New best heuristic value for lmcut: 0
[t=3.940660s, 4840 KB] g=37, 17329 evaluated, 9201 expanded, 124 reopened
[t=3.940742s, 4840 KB] Solution found!
[t=3.940752s, 4840 KB] Actual search time: 3.930010s
move c812 c712 up (1)
move c712 c612 up (1)
move c612 c512 up (1)
move c512 c412 up (1)
move c412 c312 up (1)
move c312 c212 up (1)
move c212 c211 left (1)
move c211 c210 left (1)
move c210 c29 left (1)
push c29 c28 c27 b2 left (1)
push c28 c38 c48 b3 down (1)
push c38 c48 c58 b3 down (1)
push c48 c58 c68 b3 down (1)
move c58 c57 left (1)
move c57 c67 down (1)
push c67 c68 c69 b3 right (1)
move c68 c58 up (1)
move c58 c48 up (1)
move c48 c38 up (1)
move c38 c28 up (1)
move c28 c18 up (1)
move c18 c17 left (1)
push c17 c27 c37 b2 down (1)
push c27 c37 c47 b2 down (1)
push c37 c47 c57 b2 down (1)
push c47 c57 c67 b2 down (1)
move c57 c47 up (1)
move c47 c37 up (1)
move c37 c27 up (1)
push c27 c26 c25 b1 left (1)
move c26 c16 up (1)
move c16 c15 left (1)
push c15 c25 c35 b1 down (1)
push c25 c35 c45 b1 down (1)
push c35 c45 c55 b1 down (1)
push c45 c55 c65 b1 down (1)
push c55 c65 c75 b1 down (1)
[t=3.940757s, 4840 KB] Plan length: 37 step(s).
[t=3.940757s, 4840 KB] Plan cost: 37
[t=3.940757s, 4840 KB] Expanded 9202 state(s).
[t=3.940757s, 4840 KB] Reopened 124 state(s).
[t=3.940757s, 4840 KB] Evaluated 17331 state(s).
[t=3.940757s, 4840 KB] Evaluations: 17331
[t=3.940757s, 4840 KB] Generated 31760 state(s).
[t=3.940757s, 4840 KB] Dead ends: 419 state(s).
[t=3.940757s, 4840 KB] Expanded until last jump: 8570 state(s).
[t=3.940757s, 4840 KB] Reopened until last jump: 124 state(s).
[t=3.940757s, 4840 KB] Evaluated until last jump: 16092 state(s).
[t=3.940757s, 4840 KB] Generated until last jump: 29499 state(s).
[t=3.940757s, 4840 KB] Number of registered states: 17331
[t=3.940757s, 4840 KB] Int hash set load factor: 17331/32768 = 0.528900
[t=3.940757s, 4840 KB] Int hash set resizes: 15
[t=3.940757s, 4840 KB] Search time: 3.930397s
[t=3.940757s, 4840 KB] Total time: 3.940757s
Solution found.
Remove intermediate file output.sas
search exit code: 0

