INFO     planner time limit: None
INFO     planner memory limit: None

INFO     Running translator.
INFO     translator stdin: None
INFO     translator time limit: None
INFO     translator memory limit: None
INFO     translator command line string: 'D:\Miniforge3\python.exe' -m translate 'C:\Users\user\Desktop\theoria\.worktrees\e7-deadlock-claim\engine-rig\runs\20260728T150713Z-E7-deadlock-claim-audit\attacks\work\a3\three-far\indexed\sokoban_guarded_indexed_domain.pddl' 'C:\Users\user\Desktop\theoria\.worktrees\e7-deadlock-claim\engine-rig\runs\20260728T150713Z-E7-deadlock-claim-audit\attacks\work\a3\three-far\indexed\three-far_guarded_indexed.pddl' --sas-file output.sas
Warning! SIGXCPU is not available on your platform. This means that the planner cannot be gracefully terminated when using a time limit, which, however, is probably supported on your platform anyway.
Parsing...
Parsing: [0.000s CPU, 0.004s wall-clock]
Normalizing task... [0.000s CPU, 0.000s wall-clock]
Instantiating...
Generating Datalog program... [0.000s CPU, 0.001s wall-clock]
Normalizing Datalog program...
Normalizing Datalog program: [0.000s CPU, 0.003s wall-clock]
Preparing model... [0.000s CPU, 0.003s wall-clock]
Generated 103 rules.
Computing model... [0.031s CPU, 0.021s wall-clock]
745 relevant atoms
7188 auxiliary atoms
7933 final queue length
8533 total queue pushes
Completing instantiation... [0.000s CPU, 0.005s wall-clock]
Instantiating: [0.031s CPU, 0.034s wall-clock]
Computing fact groups...
Finding invariants...
7 initial candidates
Finding invariants: [0.000s CPU, 0.003s wall-clock]
Checking invariant weight... [0.000s CPU, 0.000s wall-clock]
Instantiating groups... [0.000s CPU, 0.000s wall-clock]
Collecting mutex groups... [0.000s CPU, 0.000s wall-clock]
Choosing groups...
25 uncovered facts
Choosing groups: [0.000s CPU, 0.000s wall-clock]
Building translation key... [0.000s CPU, 0.000s wall-clock]
Computing fact groups: [0.000s CPU, 0.004s wall-clock]
Building STRIPS to SAS dictionary... [0.000s CPU, 0.000s wall-clock]
Building dictionary for full mutex groups... [0.000s CPU, 0.000s wall-clock]
Building mutex information...
Building mutex information: [0.000s CPU, 0.000s wall-clock]
Translating task...
Processing axioms...
Simplifying axioms... [0.000s CPU, 0.000s wall-clock]
Translator axioms removed by simplifying: 0
Processing axioms: [0.000s CPU, 0.000s wall-clock]
Translating task: [1.062s CPU, 1.086s wall-clock]
101696 effect conditions simplified
0 implied preconditions added
Detecting unreachable propositions...
18540 operators removed
0 axioms removed
16 propositions removed
Detecting unreachable propositions: [0.750s CPU, 0.750s wall-clock]
Reordering and filtering variables...
29 of 29 variables necessary.
25 of 29 mutex groups necessary.
32348 of 32348 operators necessary.
0 of 0 axiom rules necessary.
Reordering and filtering variables: [0.188s CPU, 0.194s wall-clock]
Translator variables: 29
Translator derived variables: 0
Translator facts: 138
Translator goal facts: 3
Translator mutex groups: 25
Translator total mutex groups size: 113
Translator operators: 32348
Translator axioms: 0
Translator task size: 355567
warning: could not determine peak memory
Writing output... [0.359s CPU, 0.379s wall-clock]
Done! [2.406s CPU, 2.466s wall-clock]
translate exit code: 0

INFO     Running search (release).
INFO     search stdin: output.sas
INFO     search time limit: None
INFO     search memory limit: None
INFO     search command line string: 'C:\Users\user\Desktop\theoria\.worktrees\p13\engine-rig\.toolchain\downward\builds\release\bin\downward.exe' --search 'astar(lmcut())' --internal-plan-file 'C:\Users\user\AppData\Local\Temp\tmpndpfxbi7\sas_plan' < output.sas
[t=0.000112s, 1896 KB] Search code revision: 7120aa0
[t=0.000194s, 1896 KB] reading input...
[t=0.347798s, 15420 KB] done reading input!
[t=0.364392s, 26512 KB] Initializing landmark cut heuristic...
[t=0.364442s, 26512 KB] Building successor generator... done!
[t=0.373480s, 30664 KB] peak memory difference for successor generator creation: 4152 KB
[t=0.373489s, 30664 KB] time for successor generation creation: 0.009017s
[t=0.373670s, 30664 KB] Variables: 29
[t=0.373677s, 30664 KB] FactPairs: 138
[t=0.373680s, 30664 KB] Bytes per state: 8
[t=0.373690s, 30664 KB] Conducting best first search with reopening closed nodes, (real) bound = 2147483647
[t=0.378713s, 30664 KB] New best heuristic value for lmcut: 10
[t=0.378742s, 30664 KB] g=0, 1 evaluated, 0 expanded
[t=0.378746s, 30664 KB] f = 10, 1 evaluated, 0 expanded
[t=0.378754s, 30664 KB] Initial heuristic value for lmcut: 10
[t=0.378756s, 30664 KB] pruning method: none
[t=0.394944s, 30664 KB] f = 11, 4 evaluated, 1 expanded
[t=0.410519s, 30664 KB] f = 12, 7 evaluated, 2 expanded
[t=0.425305s, 30664 KB] New best heuristic value for lmcut: 9
[t=0.425334s, 30664 KB] g=3, 10 evaluated, 4 expanded
[t=0.450468s, 30664 KB] New best heuristic value for lmcut: 8
[t=0.450500s, 30664 KB] g=4, 17 evaluated, 6 expanded
[t=0.453892s, 30664 KB] New best heuristic value for lmcut: 7
[t=0.453921s, 30664 KB] g=5, 18 evaluated, 7 expanded
[t=0.462497s, 30664 KB] f = 13, 20 evaluated, 8 expanded
[t=0.489276s, 30664 KB] f = 14, 27 evaluated, 13 expanded
[t=0.528296s, 30664 KB] f = 15, 36 evaluated, 16 expanded
[t=0.736368s, 30664 KB] f = 16, 66 evaluated, 30 expanded
[t=0.922998s, 30664 KB] New best heuristic value for lmcut: 6
[t=0.923025s, 30664 KB] g=9, 109 evaluated, 53 expanded
[t=0.966382s, 30664 KB] f = 17, 117 evaluated, 58 expanded
[t=1.152896s, 30664 KB] f = 18, 159 evaluated, 78 expanded
[t=1.499469s, 30664 KB] f = 19, 228 evaluated, 118 expanded
[t=1.546121s, 30664 KB] New best heuristic value for lmcut: 5
[t=1.546150s, 30664 KB] g=12, 237 evaluated, 122 expanded
[t=2.204925s, 30664 KB] f = 20, 344 evaluated, 181 expanded, 1 reopened
[t=2.841305s, 30664 KB] f = 21, 488 evaluated, 267 expanded, 1 reopened
[t=3.984039s, 30664 KB] f = 22, 714 evaluated, 390 expanded, 1 reopened
[t=4.236745s, 30664 KB] New best heuristic value for lmcut: 4
[t=4.236778s, 30664 KB] g=18, 787 evaluated, 426 expanded, 1 reopened
[t=5.298805s, 30664 KB] f = 23, 1009 evaluated, 554 expanded, 1 reopened
[t=7.835028s, 30664 KB] f = 24, 1475 evaluated, 823 expanded, 3 reopened
[t=7.848286s, 30664 KB] New best heuristic value for lmcut: 3
[t=7.848335s, 30664 KB] g=21, 1483 evaluated, 826 expanded, 3 reopened
[t=7.850562s, 30664 KB] New best heuristic value for lmcut: 2
[t=7.850579s, 30664 KB] g=22, 1486 evaluated, 827 expanded, 3 reopened
[t=7.853436s, 30664 KB] New best heuristic value for lmcut: 1
[t=7.853482s, 30664 KB] g=23, 1490 evaluated, 828 expanded, 3 reopened
[t=7.857064s, 30664 KB] New best heuristic value for lmcut: 0
[t=7.857099s, 30664 KB] g=24, 1493 evaluated, 829 expanded, 3 reopened
[t=7.862575s, 30664 KB] Solution found!
[t=7.862614s, 30664 KB] Actual search time: 7.483855s
move c54 c44 up (1)
move c44 c34 up (1)
move c34 c35 right (1)
move c35 c25 up (1)
push-pair0 c25 c24 c23 b2 left (1)
move c24 c14 up (1)
move c14 c13 left (1)
move c13 c12 left (1)
push-pair0 c12 c22 c32 b1 down (1)
push-pair0 c22 c32 c42 b1 down (1)
push-pair2 c32 c42 c52 b1 down b2 c53 b3 c53 (1)
move c42 c32 up (1)
push-pair0 c32 c33 c34 b3 right (1)
move c33 c32 left (1)
move c32 c22 up (1)
move c22 c12 up (1)
move c12 c13 right (1)
push-pair0 c13 c23 c33 b2 down (1)
move c23 c24 right (1)
push-pair0 c24 c34 c44 b3 down (1)
push-pair0 c34 c33 c32 b2 left (1)
move c33 c23 up (1)
move c23 c22 left (1)
push-pair0 c22 c32 c42 b2 down (1)
[t=7.862620s, 30664 KB] Plan length: 24 step(s).
[t=7.862620s, 30664 KB] Plan cost: 24
[t=7.862620s, 30664 KB] Expanded 830 state(s).
[t=7.862620s, 30664 KB] Reopened 3 state(s).
[t=7.862620s, 30664 KB] Evaluated 1495 state(s).
[t=7.862620s, 30664 KB] Evaluations: 1495
[t=7.862620s, 30664 KB] Generated 2692 state(s).
[t=7.862620s, 30664 KB] Dead ends: 183 state(s).
[t=7.862620s, 30664 KB] Expanded until last jump: 823 state(s).
[t=7.862620s, 30664 KB] Reopened until last jump: 3 state(s).
[t=7.862620s, 30664 KB] Evaluated until last jump: 1475 state(s).
[t=7.862620s, 30664 KB] Generated until last jump: 2668 state(s).
[t=7.862620s, 30664 KB] Number of registered states: 1495
[t=7.862620s, 30664 KB] Int hash set load factor: 1495/2048 = 0.729980
[t=7.862620s, 30664 KB] Int hash set resizes: 11
[t=7.862620s, 30664 KB] Search time: 7.488931s
[t=7.862620s, 30664 KB] Total time: 7.862620s
Solution found.
Remove intermediate file output.sas
search exit code: 0

