INFO     planner time limit: None
INFO     planner memory limit: None

INFO     Running translator.
INFO     translator stdin: None
INFO     translator time limit: None
INFO     translator memory limit: None
INFO     translator command line string: 'D:\Miniforge3\python.exe' -m translate 'C:\Users\user\Desktop\theoria\.worktrees\e7-deadlock-claim\engine-rig\runs\20260728T150713Z-E7-deadlock-claim-audit\attacks\work\a3\three-far\singleton\sokoban_guarded_singleton_domain.pddl' 'C:\Users\user\Desktop\theoria\.worktrees\e7-deadlock-claim\engine-rig\runs\20260728T150713Z-E7-deadlock-claim-audit\attacks\work\a3\three-far\singleton\three-far_guarded_singleton.pddl' --sas-file output.sas
Warning! SIGXCPU is not available on your platform. This means that the planner cannot be gracefully terminated when using a time limit, which, however, is probably supported on your platform anyway.
Parsing...
Parsing: [0.000s CPU, 0.002s wall-clock]
Normalizing task... [0.000s CPU, 0.000s wall-clock]
Instantiating...
Generating Datalog program... [0.000s CPU, 0.000s wall-clock]
Normalizing Datalog program...
Normalizing Datalog program: [0.000s CPU, 0.003s wall-clock]
Preparing model... [0.000s CPU, 0.000s wall-clock]
Generated 20 rules.
Computing model... [0.016s CPU, 0.007s wall-clock]
574 relevant atoms
710 auxiliary atoms
1284 final queue length
1884 total queue pushes
Completing instantiation... [0.000s CPU, 0.004s wall-clock]
Instantiating: [0.016s CPU, 0.015s wall-clock]
Computing fact groups...
Finding invariants...
7 initial candidates
Finding invariants: [0.000s CPU, 0.001s wall-clock]
Checking invariant weight... [0.000s CPU, 0.000s wall-clock]
Instantiating groups... [0.000s CPU, 0.000s wall-clock]
Collecting mutex groups... [0.000s CPU, 0.000s wall-clock]
Choosing groups...
25 uncovered facts
Choosing groups: [0.000s CPU, 0.000s wall-clock]
Building translation key... [0.000s CPU, 0.000s wall-clock]
Computing fact groups: [0.000s CPU, 0.003s wall-clock]
Building STRIPS to SAS dictionary... [0.000s CPU, 0.000s wall-clock]
Building dictionary for full mutex groups... [0.000s CPU, 0.000s wall-clock]
Building mutex information...
Building mutex information: [0.000s CPU, 0.000s wall-clock]
Translating task...
Processing axioms...
Simplifying axioms... [0.000s CPU, 0.000s wall-clock]
Translator axioms removed by simplifying: 0
Processing axioms: [0.000s CPU, 0.001s wall-clock]
Translating task: [0.016s CPU, 0.005s wall-clock]
392 effect conditions simplified
0 implied preconditions added
Detecting unreachable propositions...
0 operators removed
0 axioms removed
16 propositions removed
Detecting unreachable propositions: [0.000s CPU, 0.002s wall-clock]
Reordering and filtering variables...
29 of 29 variables necessary.
25 of 29 mutex groups necessary.
236 of 236 operators necessary.
0 of 0 axiom rules necessary.
Reordering and filtering variables: [0.000s CPU, 0.001s wall-clock]
Translator variables: 29
Translator derived variables: 0
Translator facts: 138
Translator goal facts: 3
Translator mutex groups: 25
Translator total mutex groups size: 113
Translator operators: 236
Translator axioms: 0
Translator task size: 2167
warning: could not determine peak memory
Writing output... [0.000s CPU, 0.019s wall-clock]
Done! [0.031s CPU, 0.049s wall-clock]
translate exit code: 0

INFO     Running search (release).
INFO     search stdin: output.sas
INFO     search time limit: None
INFO     search memory limit: None
INFO     search command line string: 'C:\Users\user\Desktop\theoria\.worktrees\p13\engine-rig\.toolchain\downward\builds\release\bin\downward.exe' --search 'astar(lmcut())' --internal-plan-file 'C:\Users\user\AppData\Local\Temp\tmpfahhrlnv\sas_plan' < output.sas
[t=0.000121s, 1896 KB] Search code revision: 7120aa0
[t=0.000221s, 1924 KB] reading input...
[t=0.003121s, 2296 KB] done reading input!
[t=0.004604s, 2992 KB] Initializing landmark cut heuristic...
[t=0.004650s, 3000 KB] Building successor generator... done!
[t=0.004768s, 3044 KB] peak memory difference for successor generator creation: 44 KB
[t=0.004772s, 3044 KB] time for successor generation creation: 0.000107s
[t=0.004778s, 3044 KB] Variables: 29
[t=0.004783s, 3044 KB] FactPairs: 138
[t=0.004787s, 3044 KB] Bytes per state: 8
[t=0.004793s, 3044 KB] Conducting best first search with reopening closed nodes, (real) bound = 2147483647
[t=0.004911s, 3068 KB] New best heuristic value for lmcut: 14
[t=0.004917s, 3068 KB] g=0, 1 evaluated, 0 expanded
[t=0.004921s, 3068 KB] f = 14, 1 evaluated, 0 expanded
[t=0.004932s, 3080 KB] Initial heuristic value for lmcut: 14
[t=0.004936s, 3080 KB] pruning method: none
[t=0.005154s, 3092 KB] New best heuristic value for lmcut: 13
[t=0.005161s, 3092 KB] g=1, 4 evaluated, 1 expanded
[t=0.005816s, 3092 KB] New best heuristic value for lmcut: 11
[t=0.005836s, 3092 KB] g=2, 7 evaluated, 2 expanded
[t=0.005995s, 3092 KB] f = 15, 10 evaluated, 3 expanded
[t=0.006182s, 3092 KB] New best heuristic value for lmcut: 9
[t=0.006193s, 3092 KB] g=5, 12 evaluated, 5 expanded
[t=0.006688s, 3092 KB] f = 16, 19 evaluated, 9 expanded
[t=0.006759s, 3096 KB] New best heuristic value for lmcut: 8
[t=0.006765s, 3096 KB] g=8, 20 evaluated, 10 expanded
[t=0.008538s, 3124 KB] f = 17, 37 evaluated, 20 expanded
[t=0.009422s, 3124 KB] f = 18, 50 evaluated, 24 expanded
[t=0.011415s, 3124 KB] f = 19, 86 evaluated, 46 expanded, 1 reopened
[t=0.011942s, 3124 KB] New best heuristic value for lmcut: 7
[t=0.011957s, 3124 KB] g=11, 95 evaluated, 50 expanded, 1 reopened
[t=0.016187s, 3160 KB] f = 20, 155 evaluated, 79 expanded, 1 reopened
[t=0.023070s, 3160 KB] f = 21, 234 evaluated, 126 expanded, 3 reopened
[t=0.023274s, 3160 KB] New best heuristic value for lmcut: 6
[t=0.023284s, 3160 KB] g=15, 237 evaluated, 129 expanded, 3 reopened
[t=0.037320s, 3160 KB] f = 22, 441 evaluated, 236 expanded, 3 reopened
[t=0.038637s, 3160 KB] New best heuristic value for lmcut: 5
[t=0.038656s, 3160 KB] g=17, 478 evaluated, 251 expanded, 3 reopened
[t=0.038749s, 3160 KB] New best heuristic value for lmcut: 4
[t=0.038755s, 3160 KB] g=18, 480 evaluated, 252 expanded, 3 reopened
[t=0.048802s, 3196 KB] f = 23, 651 evaluated, 354 expanded, 3 reopened
[t=0.074764s, 3196 KB] f = 24, 1007 evaluated, 549 expanded, 4 reopened
[t=0.075126s, 3196 KB] New best heuristic value for lmcut: 3
[t=0.075137s, 3196 KB] g=21, 1017 evaluated, 553 expanded, 4 reopened
[t=0.075255s, 3196 KB] New best heuristic value for lmcut: 2
[t=0.075284s, 3196 KB] g=22, 1019 evaluated, 554 expanded, 4 reopened
[t=0.075460s, 3196 KB] New best heuristic value for lmcut: 1
[t=0.075473s, 3196 KB] g=23, 1023 evaluated, 555 expanded, 4 reopened
[t=0.075804s, 3208 KB] New best heuristic value for lmcut: 0
[t=0.075815s, 3208 KB] g=24, 1027 evaluated, 556 expanded, 4 reopened
[t=0.075820s, 3208 KB] Solution found!
[t=0.075825s, 3208 KB] Actual search time: 0.070887s
move c54 c44 up (1)
move c44 c34 up (1)
move c34 c35 right (1)
move c35 c25 up (1)
push c25 c24 c23 b2 left (1)
move c24 c14 up (1)
move c14 c13 left (1)
move c13 c12 left (1)
push c12 c22 c32 b1 down (1)
push c22 c32 c42 b1 down (1)
push c32 c42 c52 b1 down (1)
move c42 c32 up (1)
push c32 c33 c34 b3 right (1)
move c33 c32 left (1)
move c32 c22 up (1)
move c22 c12 up (1)
move c12 c13 right (1)
push c13 c23 c33 b2 down (1)
move c23 c24 right (1)
push c24 c34 c44 b3 down (1)
push c34 c33 c32 b2 left (1)
move c33 c23 up (1)
move c23 c22 left (1)
push c22 c32 c42 b2 down (1)
[t=0.075828s, 3208 KB] Plan length: 24 step(s).
[t=0.075828s, 3208 KB] Plan cost: 24
[t=0.075828s, 3208 KB] Expanded 557 state(s).
[t=0.075828s, 3208 KB] Reopened 4 state(s).
[t=0.075828s, 3208 KB] Evaluated 1027 state(s).
[t=0.075828s, 3208 KB] Evaluations: 1027
[t=0.075828s, 3208 KB] Generated 1798 state(s).
[t=0.075828s, 3208 KB] Dead ends: 110 state(s).
[t=0.075828s, 3208 KB] Expanded until last jump: 549 state(s).
[t=0.075828s, 3208 KB] Reopened until last jump: 4 state(s).
[t=0.075828s, 3208 KB] Evaluated until last jump: 1007 state(s).
[t=0.075828s, 3208 KB] Generated until last jump: 1771 state(s).
[t=0.075828s, 3208 KB] Number of registered states: 1027
[t=0.075828s, 3208 KB] Int hash set load factor: 1027/2048 = 0.501465
[t=0.075828s, 3208 KB] Int hash set resizes: 11
[t=0.075828s, 3208 KB] Search time: 0.071037s
[t=0.075828s, 3208 KB] Total time: 0.075828s
Solution found.
Remove intermediate file output.sas
search exit code: 0

