INFO     planner time limit: None
INFO     planner memory limit: None

INFO     Running translator.
INFO     translator stdin: None
INFO     translator time limit: None
INFO     translator memory limit: None
INFO     translator command line string: 'D:\Miniforge3\python.exe' -m translate 'C:\Users\user\Desktop\theoria\.worktrees\e7-deadlock-claim\engine-rig\runs\20260728T150713Z-E7-deadlock-claim-audit\attacks\work\a3\three-far8\singleton\sokoban_guarded_singleton_domain.pddl' 'C:\Users\user\Desktop\theoria\.worktrees\e7-deadlock-claim\engine-rig\runs\20260728T150713Z-E7-deadlock-claim-audit\attacks\work\a3\three-far8\singleton\three-far8_guarded_singleton.pddl' --sas-file output.sas
Warning! SIGXCPU is not available on your platform. This means that the planner cannot be gracefully terminated when using a time limit, which, however, is probably supported on your platform anyway.
Parsing...
Parsing: [0.000s CPU, 0.004s wall-clock]
Normalizing task... [0.000s CPU, 0.000s wall-clock]
Instantiating...
Generating Datalog program... [0.000s CPU, 0.001s wall-clock]
Normalizing Datalog program...
Normalizing Datalog program: [0.000s CPU, 0.001s wall-clock]
Preparing model... [0.016s CPU, 0.003s wall-clock]
Generated 20 rules.
Computing model... [0.000s CPU, 0.010s wall-clock]
1892 relevant atoms
2478 auxiliary atoms
4370 final queue length
6290 total queue pushes
Completing instantiation... [0.016s CPU, 0.013s wall-clock]
Instantiating: [0.031s CPU, 0.029s wall-clock]
Computing fact groups...
Finding invariants...
7 initial candidates
Finding invariants: [0.000s CPU, 0.001s wall-clock]
Checking invariant weight... [0.000s CPU, 0.000s wall-clock]
Instantiating groups... [0.016s CPU, 0.004s wall-clock]
Collecting mutex groups... [0.000s CPU, 0.000s wall-clock]
Choosing groups...
108 uncovered facts
Choosing groups: [0.000s CPU, 0.000s wall-clock]
Building translation key... [0.000s CPU, 0.000s wall-clock]
Computing fact groups: [0.016s CPU, 0.007s wall-clock]
Building STRIPS to SAS dictionary... [0.000s CPU, 0.000s wall-clock]
Building dictionary for full mutex groups... [0.000s CPU, 0.000s wall-clock]
Building mutex information...
Building mutex information: [0.000s CPU, 0.000s wall-clock]
Translating task...
Processing axioms...
Simplifying axioms... [0.000s CPU, 0.000s wall-clock]
Translator axioms removed by simplifying: 0
Processing axioms: [0.000s CPU, 0.001s wall-clock]
Translating task: [0.016s CPU, 0.015s wall-clock]
1328 effect conditions simplified
0 implied preconditions added
Detecting unreachable propositions...
0 operators removed
0 axioms removed
104 propositions removed
Detecting unreachable propositions: [0.000s CPU, 0.007s wall-clock]
Reordering and filtering variables...
68 of 68 variables necessary.
64 of 68 mutex groups necessary.
776 of 776 operators necessary.
0 of 0 axiom rules necessary.
Reordering and filtering variables: [0.000s CPU, 0.004s wall-clock]
Translator variables: 68
Translator derived variables: 0
Translator facts: 372
Translator goal facts: 3
Translator mutex groups: 64
Translator total mutex groups size: 308
Translator operators: 776
Translator axioms: 0
Translator task size: 7063
warning: could not determine peak memory
Writing output... [0.016s CPU, 0.016s wall-clock]
Done! [0.078s CPU, 0.085s wall-clock]
translate exit code: 0

INFO     Running search (release).
INFO     search stdin: output.sas
INFO     search time limit: None
INFO     search memory limit: None
INFO     search command line string: 'C:\Users\user\Desktop\theoria\.worktrees\p13\engine-rig\.toolchain\downward\builds\release\bin\downward.exe' --search 'astar(lmcut())' --internal-plan-file 'C:\Users\user\AppData\Local\Temp\tmpy404xpaj\sas_plan' < output.sas
[t=0.000151s, 1964 KB] Search code revision: 7120aa0
[t=0.000250s, 1964 KB] reading input...
[t=0.007458s, 2780 KB] done reading input!
[t=0.009169s, 3388 KB] Initializing landmark cut heuristic...
[t=0.009210s, 3388 KB] Building successor generator... done!
[t=0.009462s, 3540 KB] peak memory difference for successor generator creation: 152 KB
[t=0.009465s, 3540 KB] time for successor generation creation: 0.000244s
[t=0.009472s, 3540 KB] Variables: 68
[t=0.009475s, 3540 KB] FactPairs: 372
[t=0.009477s, 3540 KB] Bytes per state: 12
[t=0.009488s, 3540 KB] Conducting best first search with reopening closed nodes, (real) bound = 2147483647
[t=0.009801s, 3540 KB] New best heuristic value for lmcut: 27
[t=0.009807s, 3540 KB] g=0, 1 evaluated, 0 expanded
[t=0.009810s, 3540 KB] f = 27, 1 evaluated, 0 expanded
[t=0.009817s, 3540 KB] Initial heuristic value for lmcut: 27
[t=0.009819s, 3540 KB] pruning method: none
[t=0.010185s, 3540 KB] New best heuristic value for lmcut: 26
[t=0.010204s, 3540 KB] g=1, 2 evaluated, 1 expanded
[t=0.010894s, 3540 KB] New best heuristic value for lmcut: 25
[t=0.010904s, 3540 KB] g=2, 4 evaluated, 2 expanded
[t=0.011475s, 3540 KB] New best heuristic value for lmcut: 24
[t=0.011489s, 3540 KB] g=3, 6 evaluated, 3 expanded
[t=0.011987s, 3560 KB] New best heuristic value for lmcut: 23
[t=0.011992s, 3560 KB] g=4, 8 evaluated, 4 expanded
[t=0.012517s, 3560 KB] New best heuristic value for lmcut: 21
[t=0.012523s, 3560 KB] g=5, 10 evaluated, 5 expanded
[t=0.013138s, 3560 KB] New best heuristic value for lmcut: 18
[t=0.013145s, 3560 KB] g=6, 12 evaluated, 6 expanded
[t=0.013692s, 3560 KB] New best heuristic value for lmcut: 16
[t=0.013698s, 3560 KB] g=7, 14 evaluated, 7 expanded
[t=0.014154s, 3560 KB] New best heuristic value for lmcut: 14
[t=0.014160s, 3560 KB] g=8, 16 evaluated, 8 expanded
[t=0.014616s, 3560 KB] New best heuristic value for lmcut: 13
[t=0.014622s, 3560 KB] g=10, 18 evaluated, 10 expanded
[t=0.015148s, 3560 KB] New best heuristic value for lmcut: 12
[t=0.015154s, 3560 KB] g=11, 20 evaluated, 11 expanded
[t=0.017271s, 3560 KB] New best heuristic value for lmcut: 11
[t=0.017294s, 3560 KB] g=12, 29 evaluated, 17 expanded
[t=0.021548s, 3560 KB] New best heuristic value for lmcut: 10
[t=0.021566s, 3560 KB] g=16, 50 evaluated, 26 expanded
[t=0.035045s, 3560 KB] f = 28, 108 evaluated, 66 expanded
[t=0.036997s, 3560 KB] New best heuristic value for lmcut: 9
[t=0.037004s, 3560 KB] g=18, 118 evaluated, 70 expanded
[t=0.047776s, 3560 KB] f = 29, 172 evaluated, 93 expanded
[t=0.068124s, 3584 KB] f = 30, 276 evaluated, 147 expanded
[t=0.069699s, 3584 KB] New best heuristic value for lmcut: 8
[t=0.069705s, 3584 KB] g=22, 285 evaluated, 150 expanded
[t=0.142620s, 3608 KB] f = 31, 643 evaluated, 331 expanded
[t=0.222867s, 3628 KB] f = 32, 1049 evaluated, 543 expanded, 2 reopened
[t=0.433149s, 3728 KB] f = 33, 2119 evaluated, 1078 expanded, 4 reopened
[t=0.465954s, 3764 KB] New best heuristic value for lmcut: 7
[t=0.465979s, 3764 KB] g=24, 2303 evaluated, 1168 expanded, 4 reopened
[t=0.680550s, 3776 KB] f = 34, 3377 evaluated, 1738 expanded, 20 reopened
[t=0.695769s, 3784 KB] New best heuristic value for lmcut: 6
[t=0.695791s, 3784 KB] g=28, 3465 evaluated, 1781 expanded, 20 reopened
[t=1.152263s, 3904 KB] f = 35, 5815 evaluated, 3007 expanded, 32 reopened
[t=1.194229s, 3904 KB] New best heuristic value for lmcut: 5
[t=1.194255s, 3904 KB] g=29, 6065 evaluated, 3131 expanded, 32 reopened
[t=1.900313s, 4228 KB] f = 36, 9734 evaluated, 5090 expanded, 60 reopened
[t=3.071549s, 4756 KB] f = 37, 15826 evaluated, 8424 expanded, 103 reopened
[t=3.072171s, 4756 KB] New best heuristic value for lmcut: 4
[t=3.072182s, 4756 KB] g=33, 15831 evaluated, 8426 expanded, 103 reopened
[t=3.315280s, 4756 KB] New best heuristic value for lmcut: 3
[t=3.315313s, 4756 KB] g=34, 17038 evaluated, 9044 expanded, 103 reopened
[t=3.315522s, 4756 KB] New best heuristic value for lmcut: 2
[t=3.315529s, 4756 KB] g=35, 17041 evaluated, 9045 expanded, 103 reopened
[t=3.315685s, 4756 KB] New best heuristic value for lmcut: 1
[t=3.315690s, 4756 KB] g=36, 17044 evaluated, 9046 expanded, 103 reopened
[t=3.315761s, 4756 KB] New best heuristic value for lmcut: 0
[t=3.315766s, 4756 KB] g=37, 17046 evaluated, 9047 expanded, 103 reopened
[t=3.315845s, 4756 KB] Solution found!
[t=3.315855s, 4756 KB] Actual search time: 3.306034s
move c812 c712 up (1)
move c712 c612 up (1)
move c612 c512 up (1)
move c512 c412 up (1)
move c412 c312 up (1)
move c312 c212 up (1)
move c212 c211 left (1)
move c211 c210 left (1)
move c210 c29 left (1)
push c29 c28 c27 b2 left (1)
push c28 c38 c48 b3 down (1)
push c38 c48 c58 b3 down (1)
push c48 c58 c68 b3 down (1)
move c58 c57 left (1)
move c57 c67 down (1)
push c67 c68 c69 b3 right (1)
move c68 c58 up (1)
move c58 c48 up (1)
move c48 c38 up (1)
move c38 c28 up (1)
move c28 c18 up (1)
move c18 c17 left (1)
push c17 c27 c37 b2 down (1)
push c27 c37 c47 b2 down (1)
push c37 c47 c57 b2 down (1)
push c47 c57 c67 b2 down (1)
move c57 c47 up (1)
move c47 c37 up (1)
move c37 c27 up (1)
push c27 c26 c25 b1 left (1)
move c26 c16 up (1)
move c16 c15 left (1)
push c15 c25 c35 b1 down (1)
push c25 c35 c45 b1 down (1)
push c35 c45 c55 b1 down (1)
push c45 c55 c65 b1 down (1)
push c55 c65 c75 b1 down (1)
[t=3.315859s, 4756 KB] Plan length: 37 step(s).
[t=3.315859s, 4756 KB] Plan cost: 37
[t=3.315859s, 4756 KB] Expanded 9048 state(s).
[t=3.315859s, 4756 KB] Reopened 103 state(s).
[t=3.315859s, 4756 KB] Evaluated 17048 state(s).
[t=3.315859s, 4756 KB] Evaluations: 17048
[t=3.315859s, 4756 KB] Generated 31206 state(s).
[t=3.315859s, 4756 KB] Dead ends: 363 state(s).
[t=3.315859s, 4756 KB] Expanded until last jump: 8424 state(s).
[t=3.315859s, 4756 KB] Reopened until last jump: 103 state(s).
[t=3.315859s, 4756 KB] Evaluated until last jump: 15826 state(s).
[t=3.315859s, 4756 KB] Generated until last jump: 28980 state(s).
[t=3.315859s, 4756 KB] Number of registered states: 17048
[t=3.315859s, 4756 KB] Int hash set load factor: 17048/32768 = 0.520264
[t=3.315859s, 4756 KB] Int hash set resizes: 15
[t=3.315859s, 4756 KB] Search time: 3.306373s
[t=3.315859s, 4756 KB] Total time: 3.315859s
Solution found.
Remove intermediate file output.sas
search exit code: 0

