INFO     planner time limit: None
INFO     planner memory limit: None

INFO     Running translator.
INFO     translator stdin: None
INFO     translator time limit: None
INFO     translator memory limit: None
INFO     translator command line string: 'D:\Miniforge3\python.exe' -m translate 'C:\Users\user\Desktop\theoria\.worktrees\e7-deadlock-claim\engine-rig\fixtures\data\sokoban_domain.pddl' 'C:\Users\user\Desktop\theoria\.worktrees\e7-deadlock-claim\engine-rig\runs\20260728T150713Z-E7-deadlock-claim-audit\attacks\work\a3\three-far8\three-far8.pddl' --sas-file output.sas
Warning! SIGXCPU is not available on your platform. This means that the planner cannot be gracefully terminated when using a time limit, which, however, is probably supported on your platform anyway.
Parsing...
Parsing: [0.016s CPU, 0.003s wall-clock]
Normalizing task... [0.000s CPU, 0.000s wall-clock]
Instantiating...
Generating Datalog program... [0.000s CPU, 0.000s wall-clock]
Normalizing Datalog program...
Normalizing Datalog program: [0.000s CPU, 0.001s wall-clock]
Preparing model... [0.000s CPU, 0.002s wall-clock]
Generated 20 rules.
Computing model... [0.000s CPU, 0.010s wall-clock]
1880 relevant atoms
2478 auxiliary atoms
4358 final queue length
6278 total queue pushes
Completing instantiation... [0.016s CPU, 0.011s wall-clock]
Instantiating: [0.016s CPU, 0.025s wall-clock]
Computing fact groups...
Finding invariants...
7 initial candidates
Finding invariants: [0.000s CPU, 0.001s wall-clock]
Checking invariant weight... [0.000s CPU, 0.000s wall-clock]
Instantiating groups... [0.016s CPU, 0.004s wall-clock]
Collecting mutex groups... [0.000s CPU, 0.000s wall-clock]
Choosing groups...
108 uncovered facts
Choosing groups: [0.000s CPU, 0.000s wall-clock]
Building translation key... [0.000s CPU, 0.000s wall-clock]
Computing fact groups: [0.016s CPU, 0.007s wall-clock]
Building STRIPS to SAS dictionary... [0.000s CPU, 0.000s wall-clock]
Building dictionary for full mutex groups... [0.000s CPU, 0.000s wall-clock]
Building mutex information...
Building mutex information: [0.000s CPU, 0.000s wall-clock]
Translating task...
Processing axioms...
Simplifying axioms... [0.000s CPU, 0.000s wall-clock]
Translator axioms removed by simplifying: 0
Processing axioms: [0.000s CPU, 0.001s wall-clock]
Translating task: [0.016s CPU, 0.015s wall-clock]
1376 effect conditions simplified
0 implied preconditions added
Detecting unreachable propositions...
0 operators removed
0 axioms removed
92 propositions removed
Detecting unreachable propositions: [0.000s CPU, 0.007s wall-clock]
Reordering and filtering variables...
68 of 68 variables necessary.
64 of 68 mutex groups necessary.
800 of 800 operators necessary.
0 of 0 axiom rules necessary.
Reordering and filtering variables: [0.000s CPU, 0.005s wall-clock]
Translator variables: 68
Translator derived variables: 0
Translator facts: 384
Translator goal facts: 3
Translator mutex groups: 64
Translator total mutex groups size: 320
Translator operators: 800
Translator axioms: 0
Translator task size: 7303
warning: could not determine peak memory
Writing output... [0.000s CPU, 0.017s wall-clock]
Done! [0.078s CPU, 0.081s wall-clock]
translate exit code: 0

INFO     Running search (release).
INFO     search stdin: output.sas
INFO     search time limit: None
INFO     search memory limit: None
INFO     search command line string: 'C:\Users\user\Desktop\theoria\.worktrees\p13\engine-rig\.toolchain\downward\builds\release\bin\downward.exe' --search 'astar(blind())' --internal-plan-file 'C:\Users\user\AppData\Local\Temp\tmp9xvntr08\sas_plan' < output.sas
[t=0.000149s, 1956 KB] Search code revision: 7120aa0
[t=0.000245s, 1956 KB] reading input...
[t=0.007437s, 2768 KB] done reading input!
[t=0.008461s, 3136 KB] Initializing blind search heuristic...
[t=0.008490s, 3136 KB] Building successor generator... done!
[t=0.008748s, 3324 KB] peak memory difference for successor generator creation: 188 KB
[t=0.008751s, 3324 KB] time for successor generation creation: 0.000251s
[t=0.008757s, 3324 KB] Variables: 68
[t=0.008760s, 3324 KB] FactPairs: 384
[t=0.008762s, 3324 KB] Bytes per state: 12
[t=0.008774s, 3324 KB] Conducting best first search with reopening closed nodes, (real) bound = 2147483647
[t=0.008792s, 3324 KB] New best heuristic value for blind: 1
[t=0.008796s, 3324 KB] g=0, 1 evaluated, 0 expanded
[t=0.008798s, 3324 KB] f = 1, 1 evaluated, 0 expanded
[t=0.008804s, 3324 KB] Initial heuristic value for blind: 1
[t=0.008807s, 3324 KB] pruning method: none
[t=0.008817s, 3324 KB] f = 2, 3 evaluated, 1 expanded
[t=0.008826s, 3324 KB] f = 3, 6 evaluated, 3 expanded
[t=0.008836s, 3324 KB] f = 4, 10 evaluated, 6 expanded
[t=0.008849s, 3324 KB] f = 5, 15 evaluated, 10 expanded
[t=0.008864s, 3324 KB] f = 6, 21 evaluated, 15 expanded
[t=0.008880s, 3324 KB] f = 7, 28 evaluated, 21 expanded
[t=0.008900s, 3324 KB] f = 8, 36 evaluated, 28 expanded
[t=0.008918s, 3324 KB] f = 9, 43 evaluated, 36 expanded
[t=0.008935s, 3324 KB] f = 10, 49 evaluated, 43 expanded
[t=0.008951s, 3324 KB] f = 11, 58 evaluated, 49 expanded
[t=0.008978s, 3324 KB] f = 12, 78 evaluated, 58 expanded
[t=0.009026s, 3324 KB] f = 13, 124 evaluated, 78 expanded
[t=0.009133s, 3324 KB] f = 14, 229 evaluated, 124 expanded
[t=0.009354s, 3324 KB] f = 15, 449 evaluated, 229 expanded
[t=0.009815s, 3344 KB] f = 16, 896 evaluated, 449 expanded
[t=0.010701s, 3364 KB] f = 17, 1766 evaluated, 896 expanded
[t=0.012395s, 3432 KB] f = 18, 3393 evaluated, 1766 expanded
[t=0.015468s, 3572 KB] f = 19, 6349 evaluated, 3393 expanded
[t=0.021340s, 3844 KB] f = 20, 11534 evaluated, 6349 expanded
[t=0.031187s, 4376 KB] f = 21, 20290 evaluated, 11534 expanded
[t=0.047805s, 5428 KB] f = 22, 34621 evaluated, 20290 expanded
[t=0.074090s, 5984 KB] f = 23, 57436 evaluated, 34621 expanded
[t=0.116572s, 7820 KB] f = 24, 92676 evaluated, 57436 expanded
[t=0.183656s, 10732 KB] f = 25, 145524 evaluated, 92676 expanded
[t=0.285419s, 17308 KB] f = 26, 222524 evaluated, 145524 expanded
[t=0.434402s, 19224 KB] f = 27, 331805 evaluated, 222524 expanded
[t=0.665465s, 31484 KB] f = 28, 483267 evaluated, 331805 expanded
[t=1.018996s, 35160 KB] f = 29, 687538 evaluated, 483267 expanded
[t=1.477139s, 58736 KB] f = 30, 956422 evaluated, 687538 expanded
[t=2.140564s, 64448 KB] f = 31, 1299916 evaluated, 956422 expanded
[t=2.965265s, 109148 KB] f = 32, 1727500 evaluated, 1299916 expanded
[t=4.186922s, 112560 KB] f = 33, 2243240 evaluated, 1727500 expanded
[t=5.584574s, 132976 KB] f = 34, 2848689 evaluated, 2243240 expanded
[t=7.307852s, 217460 KB] f = 35, 3537255 evaluated, 2848689 expanded
[t=9.175555s, 217460 KB] f = 36, 4300474 evaluated, 3537255 expanded
[t=11.153249s, 240748 KB] f = 37, 5121289 evaluated, 4300474 expanded
[t=11.840782s, 250148 KB] New best heuristic value for blind: 0
[t=11.840811s, 250148 KB] g=37, 5409001 evaluated, 4561403 expanded
[t=11.840819s, 250148 KB] Solution found!
[t=11.840832s, 250148 KB] Actual search time: 11.832024s
move c812 c712 up (1)
move c712 c612 up (1)
move c612 c512 up (1)
move c512 c412 up (1)
move c412 c312 up (1)
move c312 c212 up (1)
move c212 c211 left (1)
move c211 c210 left (1)
move c210 c29 left (1)
push c29 c28 c27 b2 left (1)
move c28 c18 up (1)
move c18 c17 left (1)
push c17 c27 c37 b2 down (1)
push c27 c37 c47 b2 down (1)
push c37 c38 c39 b3 right (1)
move c38 c28 up (1)
move c28 c29 right (1)
push c29 c39 c49 b3 down (1)
push c39 c49 c59 b3 down (1)
push c49 c59 c69 b3 down (1)
move c59 c49 up (1)
move c49 c39 up (1)
move c39 c38 left (1)
move c38 c37 left (1)
push c37 c47 c57 b2 down (1)
push c47 c57 c67 b2 down (1)
move c57 c47 up (1)
move c47 c37 up (1)
move c37 c27 up (1)
push c27 c26 c25 b1 left (1)
move c26 c16 up (1)
move c16 c15 left (1)
push c15 c25 c35 b1 down (1)
push c25 c35 c45 b1 down (1)
push c35 c45 c55 b1 down (1)
push c45 c55 c65 b1 down (1)
push c55 c65 c75 b1 down (1)
[t=11.840837s, 250148 KB] Plan length: 37 step(s).
[t=11.840837s, 250148 KB] Plan cost: 37
[t=11.840837s, 250148 KB] Expanded 4561404 state(s).
[t=11.840837s, 250148 KB] Reopened 0 state(s).
[t=11.840837s, 250148 KB] Evaluated 5409003 state(s).
[t=11.840837s, 250148 KB] Evaluations: 5409003
[t=11.840837s, 250148 KB] Generated 16149176 state(s).
[t=11.840837s, 250148 KB] Dead ends: 0 state(s).
[t=11.840837s, 250148 KB] Expanded until last jump: 4300474 state(s).
[t=11.840837s, 250148 KB] Reopened until last jump: 0 state(s).
[t=11.840837s, 250148 KB] Evaluated until last jump: 5121289 state(s).
[t=11.840837s, 250148 KB] Generated until last jump: 15231772 state(s).
[t=11.840837s, 250148 KB] Number of registered states: 5409003
[t=11.840837s, 250148 KB] Int hash set load factor: 5409003/8388608 = 0.644803
[t=11.840837s, 250148 KB] Int hash set resizes: 23
[t=11.840837s, 250148 KB] Search time: 11.832064s
[t=11.840837s, 250148 KB] Total time: 11.840837s
Solution found.
Remove intermediate file output.sas
search exit code: 0

