INFO     planner time limit: None
INFO     planner memory limit: None

INFO     Running translator.
INFO     translator stdin: None
INFO     translator time limit: None
INFO     translator memory limit: None
INFO     translator command line string: 'D:\Miniforge3\python.exe' -m translate 'C:\Users\user\Desktop\theoria\.worktrees\e7-deadlock-claim\engine-rig\fixtures\data\sokoban_domain.pddl' 'C:\Users\user\Desktop\theoria\.worktrees\e7-deadlock-claim\engine-rig\runs\20260728T150713Z-E7-deadlock-claim-audit\attacks\work\a3\three-far\three-far.pddl' --sas-file output.sas
Warning! SIGXCPU is not available on your platform. This means that the planner cannot be gracefully terminated when using a time limit, which, however, is probably supported on your platform anyway.
Parsing...
Parsing: [0.000s CPU, 0.002s wall-clock]
Normalizing task... [0.000s CPU, 0.000s wall-clock]
Instantiating...
Generating Datalog program... [0.000s CPU, 0.000s wall-clock]
Normalizing Datalog program...
Normalizing Datalog program: [0.000s CPU, 0.001s wall-clock]
Preparing model... [0.000s CPU, 0.000s wall-clock]
Generated 20 rules.
Computing model... [0.000s CPU, 0.005s wall-clock]
562 relevant atoms
710 auxiliary atoms
1272 final queue length
1872 total queue pushes
Completing instantiation... [0.016s CPU, 0.005s wall-clock]
Instantiating: [0.016s CPU, 0.012s wall-clock]
Computing fact groups...
Finding invariants...
7 initial candidates
Finding invariants: [0.000s CPU, 0.001s wall-clock]
Checking invariant weight... [0.000s CPU, 0.000s wall-clock]
Instantiating groups... [0.000s CPU, 0.000s wall-clock]
Collecting mutex groups... [0.000s CPU, 0.000s wall-clock]
Choosing groups...
25 uncovered facts
Choosing groups: [0.000s CPU, 0.000s wall-clock]
Building translation key... [0.000s CPU, 0.000s wall-clock]
Computing fact groups: [0.000s CPU, 0.002s wall-clock]
Building STRIPS to SAS dictionary... [0.000s CPU, 0.000s wall-clock]
Building dictionary for full mutex groups... [0.000s CPU, 0.000s wall-clock]
Building mutex information...
Building mutex information: [0.000s CPU, 0.000s wall-clock]
Translating task...
Processing axioms...
Simplifying axioms... [0.000s CPU, 0.000s wall-clock]
Translator axioms removed by simplifying: 0
Processing axioms: [0.000s CPU, 0.000s wall-clock]
Translating task: [0.000s CPU, 0.006s wall-clock]
440 effect conditions simplified
0 implied preconditions added
Detecting unreachable propositions...
0 operators removed
0 axioms removed
4 propositions removed
Detecting unreachable propositions: [0.016s CPU, 0.003s wall-clock]
Reordering and filtering variables...
29 of 29 variables necessary.
25 of 29 mutex groups necessary.
260 of 260 operators necessary.
0 of 0 axiom rules necessary.
Reordering and filtering variables: [0.000s CPU, 0.002s wall-clock]
Translator variables: 29
Translator derived variables: 0
Translator facts: 150
Translator goal facts: 3
Translator mutex groups: 25
Translator total mutex groups size: 125
Translator operators: 260
Translator axioms: 0
Translator task size: 2407
warning: could not determine peak memory
Writing output... [0.016s CPU, 0.012s wall-clock]
Done! [0.047s CPU, 0.039s wall-clock]
translate exit code: 0

INFO     Running search (release).
INFO     search stdin: output.sas
INFO     search time limit: None
INFO     search memory limit: None
INFO     search command line string: 'C:\Users\user\Desktop\theoria\.worktrees\p13\engine-rig\.toolchain\downward\builds\release\bin\downward.exe' --search 'astar(lmcut())' --internal-plan-file 'C:\Users\user\AppData\Local\Temp\tmpkavndjog\sas_plan' < output.sas
[t=0.000108s, 1888 KB] Search code revision: 7120aa0
[t=0.000192s, 1892 KB] reading input...
[t=0.002734s, 2404 KB] done reading input!
[t=0.003958s, 2980 KB] Initializing landmark cut heuristic...
[t=0.003990s, 2996 KB] Building successor generator... done!
[t=0.004106s, 3044 KB] peak memory difference for successor generator creation: 48 KB
[t=0.004109s, 3044 KB] time for successor generation creation: 0.000098s
[t=0.004114s, 3044 KB] Variables: 29
[t=0.004117s, 3044 KB] FactPairs: 150
[t=0.004119s, 3044 KB] Bytes per state: 8
[t=0.004130s, 3044 KB] Conducting best first search with reopening closed nodes, (real) bound = 2147483647
[t=0.004226s, 3068 KB] New best heuristic value for lmcut: 14
[t=0.004231s, 3068 KB] g=0, 1 evaluated, 0 expanded
[t=0.004234s, 3068 KB] f = 14, 1 evaluated, 0 expanded
[t=0.004240s, 3068 KB] Initial heuristic value for lmcut: 14
[t=0.004245s, 3068 KB] pruning method: none
[t=0.004452s, 3068 KB] New best heuristic value for lmcut: 13
[t=0.004457s, 3068 KB] g=1, 4 evaluated, 1 expanded
[t=0.004623s, 3068 KB] New best heuristic value for lmcut: 11
[t=0.004627s, 3068 KB] g=2, 7 evaluated, 2 expanded
[t=0.004752s, 3068 KB] f = 15, 10 evaluated, 3 expanded
[t=0.004869s, 3068 KB] New best heuristic value for lmcut: 9
[t=0.004873s, 3068 KB] g=5, 12 evaluated, 5 expanded
[t=0.005267s, 3068 KB] f = 16, 19 evaluated, 9 expanded
[t=0.005317s, 3068 KB] New best heuristic value for lmcut: 8
[t=0.005321s, 3068 KB] g=8, 20 evaluated, 10 expanded
[t=0.006171s, 3088 KB] f = 17, 37 evaluated, 20 expanded
[t=0.006787s, 3088 KB] f = 18, 50 evaluated, 24 expanded
[t=0.009034s, 3088 KB] f = 19, 86 evaluated, 46 expanded, 1 reopened
[t=0.009512s, 3088 KB] New best heuristic value for lmcut: 7
[t=0.009520s, 3088 KB] g=11, 95 evaluated, 50 expanded, 1 reopened
[t=0.012747s, 3088 KB] f = 20, 155 evaluated, 79 expanded, 1 reopened
[t=0.017031s, 3088 KB] f = 21, 232 evaluated, 125 expanded, 3 reopened
[t=0.017189s, 3088 KB] New best heuristic value for lmcut: 6
[t=0.017195s, 3088 KB] g=15, 235 evaluated, 128 expanded, 3 reopened
[t=0.027453s, 3088 KB] f = 22, 442 evaluated, 237 expanded, 3 reopened
[t=0.028965s, 3088 KB] New best heuristic value for lmcut: 5
[t=0.028971s, 3088 KB] g=17, 479 evaluated, 252 expanded, 3 reopened
[t=0.029036s, 3088 KB] New best heuristic value for lmcut: 4
[t=0.029041s, 3088 KB] g=18, 481 evaluated, 253 expanded, 3 reopened
[t=0.036945s, 3132 KB] f = 23, 654 evaluated, 354 expanded, 3 reopened
[t=0.054382s, 3152 KB] f = 24, 1016 evaluated, 551 expanded, 4 reopened
[t=0.054689s, 3152 KB] New best heuristic value for lmcut: 3
[t=0.054696s, 3152 KB] g=21, 1026 evaluated, 555 expanded, 4 reopened
[t=0.054719s, 3152 KB] New best heuristic value for lmcut: 2
[t=0.054723s, 3152 KB] g=22, 1028 evaluated, 556 expanded, 4 reopened
[t=0.054799s, 3152 KB] New best heuristic value for lmcut: 1
[t=0.054803s, 3152 KB] g=23, 1032 evaluated, 557 expanded, 4 reopened
[t=0.054864s, 3152 KB] New best heuristic value for lmcut: 0
[t=0.054870s, 3152 KB] g=24, 1036 evaluated, 558 expanded, 4 reopened
[t=0.054873s, 3152 KB] Solution found!
[t=0.054878s, 3152 KB] Actual search time: 0.050630s
move c54 c44 up (1)
move c44 c34 up (1)
move c34 c35 right (1)
move c35 c25 up (1)
push c25 c24 c23 b2 left (1)
move c24 c14 up (1)
move c14 c13 left (1)
move c13 c12 left (1)
push c12 c22 c32 b1 down (1)
push c22 c32 c42 b1 down (1)
push c32 c42 c52 b1 down (1)
move c42 c32 up (1)
push c32 c33 c34 b3 right (1)
move c33 c32 left (1)
move c32 c22 up (1)
move c22 c12 up (1)
move c12 c13 right (1)
push c13 c23 c33 b2 down (1)
move c23 c24 right (1)
push c24 c34 c44 b3 down (1)
push c34 c33 c32 b2 left (1)
move c33 c23 up (1)
move c23 c22 left (1)
push c22 c32 c42 b2 down (1)
[t=0.054881s, 3152 KB] Plan length: 24 step(s).
[t=0.054881s, 3152 KB] Plan cost: 24
[t=0.054881s, 3152 KB] Expanded 559 state(s).
[t=0.054881s, 3152 KB] Reopened 4 state(s).
[t=0.054881s, 3152 KB] Evaluated 1036 state(s).
[t=0.054881s, 3152 KB] Evaluations: 1036
[t=0.054881s, 3152 KB] Generated 1808 state(s).
[t=0.054881s, 3152 KB] Dead ends: 113 state(s).
[t=0.054881s, 3152 KB] Expanded until last jump: 551 state(s).
[t=0.054881s, 3152 KB] Reopened until last jump: 4 state(s).
[t=0.054881s, 3152 KB] Evaluated until last jump: 1016 state(s).
[t=0.054881s, 3152 KB] Generated until last jump: 1781 state(s).
[t=0.054881s, 3152 KB] Number of registered states: 1036
[t=0.054881s, 3152 KB] Int hash set load factor: 1036/2048 = 0.505859
[t=0.054881s, 3152 KB] Int hash set resizes: 11
[t=0.054881s, 3152 KB] Search time: 0.050753s
[t=0.054881s, 3152 KB] Total time: 0.054881s
Solution found.
Remove intermediate file output.sas
search exit code: 0

