INFO     planner time limit: None
INFO     planner memory limit: None

INFO     Running translator.
INFO     translator stdin: None
INFO     translator time limit: None
INFO     translator memory limit: None
INFO     translator command line string: 'D:\Miniforge3\python.exe' -m translate 'C:\Users\user\Desktop\theoria\.worktrees\e6-dividend-v2\engine-rig\runs\20260728T191530Z-E6-engine-dividend\guarded\sokoban_guarded_indexed_domain.pddl' 'C:\Users\user\Desktop\theoria\.worktrees\e6-dividend-v2\engine-rig\runs\20260728T191530Z-E6-engine-dividend\guarded\far4_guarded_indexed.pddl' --sas-file output.sas
Warning! SIGXCPU is not available on your platform. This means that the planner cannot be gracefully terminated when using a time limit, which, however, is probably supported on your platform anyway.
Parsing...
Parsing: [0.000s CPU, 0.002s wall-clock]
Normalizing task... [0.000s CPU, 0.000s wall-clock]
Instantiating...
Generating Datalog program... [0.000s CPU, 0.000s wall-clock]
Normalizing Datalog program...
Normalizing Datalog program: [0.000s CPU, 0.001s wall-clock]
Preparing model... [0.000s CPU, 0.000s wall-clock]
Generated 37 rules.
Computing model... [0.016s CPU, 0.005s wall-clock]
347 relevant atoms
1136 auxiliary atoms
1483 final queue length
1723 total queue pushes
Completing instantiation... [0.000s CPU, 0.001s wall-clock]
Instantiating: [0.016s CPU, 0.008s wall-clock]
Computing fact groups...
Finding invariants...
7 initial candidates
Finding invariants: [0.000s CPU, 0.001s wall-clock]
Checking invariant weight... [0.000s CPU, 0.000s wall-clock]
Instantiating groups... [0.000s CPU, 0.000s wall-clock]
Collecting mutex groups... [0.000s CPU, 0.000s wall-clock]
Choosing groups...
16 uncovered facts
Choosing groups: [0.000s CPU, 0.000s wall-clock]
Building translation key... [0.000s CPU, 0.000s wall-clock]
Computing fact groups: [0.000s CPU, 0.001s wall-clock]
Building STRIPS to SAS dictionary... [0.000s CPU, 0.000s wall-clock]
Building dictionary for full mutex groups... [0.000s CPU, 0.000s wall-clock]
Building mutex information...
Building mutex information: [0.000s CPU, 0.000s wall-clock]
Translating task...
Processing axioms...
Simplifying axioms... [0.000s CPU, 0.000s wall-clock]
Translator axioms removed by simplifying: 0
Processing axioms: [0.000s CPU, 0.000s wall-clock]
Translating task: [0.016s CPU, 0.009s wall-clock]
1104 effect conditions simplified
0 implied preconditions added
Detecting unreachable propositions...
160 operators removed
0 axioms removed
11 propositions removed
Detecting unreachable propositions: [0.000s CPU, 0.004s wall-clock]
Reordering and filtering variables...
19 of 19 variables necessary.
16 of 19 mutex groups necessary.
416 of 416 operators necessary.
0 of 0 axiom rules necessary.
Reordering and filtering variables: [0.000s CPU, 0.002s wall-clock]
Translator variables: 19
Translator derived variables: 0
Translator facts: 72
Translator goal facts: 2
Translator mutex groups: 16
Translator total mutex groups size: 56
Translator operators: 416
Translator axioms: 0
Translator task size: 4101
warning: could not determine peak memory
Writing output... [0.000s CPU, 0.013s wall-clock]
Done! [0.031s CPU, 0.040s wall-clock]
translate exit code: 0

INFO     Running search (release).
INFO     search stdin: output.sas
INFO     search time limit: None
INFO     search memory limit: None
INFO     search command line string: 'C:\Users\user\Desktop\theoria\.worktrees\p13\engine-rig\.toolchain\downward\builds\release\bin\downward.exe' --search 'let(hlm,eval_modify_costs(landmark_sum(lm_factory=lm_reasonable_orders_hps(lm_rhw()),pref=false),cost_type=one),let(hff,eval_modify_costs(ff(),cost_type=one),lazy_greedy([hff,hlm],preferred=[hff,hlm],cost_type=one,reopen_closed=false)))' --internal-plan-file 'C:\Users\user\AppData\Local\Temp\tmp3deheo5d\sas_plan' < output.sas
[t=0.000154s, 2012 KB] Search code revision: 7120aa0
[t=0.000238s, 2016 KB] reading input...
[t=0.004292s, 2592 KB] done reading input!
[t=0.005803s, 3080 KB] Simplifying 1984 unary operators... done! [1952 unary operators]
[t=0.006647s, 3252 KB] time to simplify: 0.000847s
[t=0.006723s, 3252 KB] Initializing additive heuristic...
[t=0.006730s, 3252 KB] Initializing FF heuristic...
[t=0.006750s, 3252 KB] Initializing landmark sum heuristic...
[t=0.006756s, 3252 KB] Generating landmark graph...
[t=0.006784s, 3252 KB] Building a landmark graph with reasonable orders.
[t=0.006818s, 3252 KB] Initializing Exploration...
[t=0.007040s, 3300 KB] Generating landmarks using the RPG/SAS+ approach
[t=0.007447s, 3332 KB] Landmarks generation time: 0.000658s
[t=0.007453s, 3332 KB] Discovered 7 landmarks, of which 1 are disjunctive and 0 are conjunctive.
[t=0.007455s, 3332 KB] There are 5 landmark orderings.
[t=0.007460s, 3332 KB] approx. reasonable orders
[t=0.007488s, 3332 KB] Landmarks generation time: 0.000730s
[t=0.007492s, 3332 KB] Discovered 7 landmarks, of which 1 are disjunctive and 0 are conjunctive.
[t=0.007495s, 3332 KB] There are 5 landmark orderings.
[t=0.007498s, 3332 KB] Landmark graph generation time: 0.000743s
[t=0.007503s, 3332 KB] Landmark graph contains 7 landmarks, of which 1 are disjunctive and 0 are conjunctive.
[t=0.007505s, 3332 KB] Landmark graph contains 5 orderings.
[t=0.007549s, 3332 KB] Building successor generator... done!
[t=0.007671s, 3332 KB] peak memory difference for successor generator creation: 0 KB
[t=0.007673s, 3332 KB] time for successor generation creation: 0.000115s
[t=0.007678s, 3332 KB] Variables: 19
[t=0.007680s, 3332 KB] FactPairs: 72
[t=0.007682s, 3332 KB] Bytes per state: 4
[t=0.007697s, 3332 KB] Conducting lazy best first search, (real) bound = 2147483647
[t=0.007735s, 3332 KB] New best heuristic value for landmark_sum_heuristic: 3
[t=0.007741s, 3332 KB] New best heuristic value for ff: 10
[t=0.007743s, 3332 KB] g=0, 1 evaluated, 0 expanded
[t=0.007750s, 3332 KB] Initial heuristic value for landmark_sum_heuristic: 3
[t=0.007754s, 3332 KB] Initial heuristic value for ff: 10
[t=0.007781s, 3332 KB] New best heuristic value for ff: 7
[t=0.007784s, 3332 KB] g=1, 3 evaluated, 2 expanded
[t=0.007798s, 3332 KB] New best heuristic value for landmark_sum_heuristic: 2
[t=0.007800s, 3332 KB] New best heuristic value for ff: 5
[t=0.007802s, 3332 KB] g=2, 4 evaluated, 3 expanded
[t=0.007813s, 3332 KB] New best heuristic value for landmark_sum_heuristic: 1
[t=0.007817s, 3332 KB] New best heuristic value for ff: 4
[t=0.007819s, 3332 KB] g=3, 5 evaluated, 4 expanded
[t=0.008950s, 3352 KB] New best heuristic value for ff: 3
[t=0.008955s, 3352 KB] g=34, 135 evaluated, 108 expanded
[t=0.008963s, 3352 KB] New best heuristic value for ff: 2
[t=0.008965s, 3352 KB] g=35, 136 evaluated, 109 expanded
[t=0.008972s, 3352 KB] New best heuristic value for ff: 1
[t=0.008976s, 3352 KB] g=36, 137 evaluated, 110 expanded
[t=0.008981s, 3352 KB] Solution found!
[t=0.008986s, 3352 KB] Actual search time: 0.001281s
move c44 c34 up (1)
push-pair0 c34 c33 c32 b2 left (1)
move c33 c23 up (1)
move c23 c13 up (1)
move c13 c12 left (1)
move c12 c11 left (1)
move c11 c21 down (1)
push-pair0 c21 c22 c23 b1 right (1)
move c22 c12 up (1)
move c12 c11 left (1)
move c11 c21 down (1)
move c21 c31 down (1)
move c31 c41 down (1)
move c41 c42 right (1)
push-pair0 c42 c32 c22 b2 up (1)
push-pair1 c32 c22 c12 b2 up b1 c13 (1)
move c22 c21 left (1)
move c21 c11 up (1)
push-pair1 c11 c12 c13 b2 right b1 c12 (1)
move c12 c22 down (1)
move c22 c32 down (1)
move c32 c33 right (1)
move c33 c34 right (1)
move c34 c24 up (1)
move c24 c14 up (1)
push-pair1 c14 c13 c12 b2 left b1 c13 (1)
push-pair0 c13 c23 c33 b1 down (1)
move c23 c22 left (1)
move c22 c21 left (1)
move c21 c11 up (1)
push-pair1 c11 c12 c13 b2 right b1 c12 (1)
move c12 c22 down (1)
move c22 c23 right (1)
push-pair1 c23 c33 c43 b1 down b2 c42 (1)
move c33 c34 right (1)
move c34 c44 down (1)
push-pair1 c44 c43 c42 b1 left b2 c43 (1)
[t=0.008989s, 3352 KB] Plan length: 37 step(s).
[t=0.008989s, 3352 KB] Plan cost: 37
[t=0.008989s, 3352 KB] Expanded 111 state(s).
[t=0.008989s, 3352 KB] Reopened 0 state(s).
[t=0.008989s, 3352 KB] Evaluated 138 state(s).
[t=0.008989s, 3352 KB] Evaluations: 250
[t=0.008989s, 3352 KB] Generated 339 state(s).
[t=0.008989s, 3352 KB] Dead ends: 26 state(s).
[t=0.008989s, 3352 KB] Number of registered states: 138
[t=0.008989s, 3352 KB] Int hash set load factor: 138/256 = 0.539062
[t=0.008989s, 3352 KB] Int hash set resizes: 8
[t=0.008989s, 3352 KB] Search time: 0.001293s
[t=0.008989s, 3352 KB] Total time: 0.008989s
Solution found.
Remove intermediate file output.sas
search exit code: 0

