INFO     planner time limit: None
INFO     planner memory limit: None

INFO     Running translator.
INFO     translator stdin: None
INFO     translator time limit: None
INFO     translator memory limit: None
INFO     translator command line string: 'D:\Miniforge3\python.exe' -m translate 'C:\Users\user\Desktop\theoria\.worktrees\e6-dividend-v2\engine-rig\runs\20260728T191530Z-E6-engine-dividend\guarded\sokoban_guarded_singleton_domain.pddl' 'C:\Users\user\Desktop\theoria\.worktrees\e6-dividend-v2\engine-rig\runs\20260728T191530Z-E6-engine-dividend\guarded\far4_guarded_singleton.pddl' --sas-file output.sas
Warning! SIGXCPU is not available on your platform. This means that the planner cannot be gracefully terminated when using a time limit, which, however, is probably supported on your platform anyway.
Parsing...
Parsing: [0.000s CPU, 0.001s wall-clock]
Normalizing task... [0.000s CPU, 0.000s wall-clock]
Instantiating...
Generating Datalog program... [0.000s CPU, 0.000s wall-clock]
Normalizing Datalog program...
Normalizing Datalog program: [0.000s CPU, 0.001s wall-clock]
Preparing model... [0.000s CPU, 0.000s wall-clock]
Generated 20 rules.
Computing model... [0.000s CPU, 0.003s wall-clock]
299 relevant atoms
400 auxiliary atoms
699 final queue length
939 total queue pushes
Completing instantiation... [0.000s CPU, 0.001s wall-clock]
Instantiating: [0.000s CPU, 0.006s wall-clock]
Computing fact groups...
Finding invariants...
7 initial candidates
Finding invariants: [0.000s CPU, 0.001s wall-clock]
Checking invariant weight... [0.000s CPU, 0.000s wall-clock]
Instantiating groups... [0.000s CPU, 0.000s wall-clock]
Collecting mutex groups... [0.000s CPU, 0.000s wall-clock]
Choosing groups...
16 uncovered facts
Choosing groups: [0.000s CPU, 0.000s wall-clock]
Building translation key... [0.000s CPU, 0.000s wall-clock]
Computing fact groups: [0.000s CPU, 0.001s wall-clock]
Building STRIPS to SAS dictionary... [0.000s CPU, 0.000s wall-clock]
Building dictionary for full mutex groups... [0.000s CPU, 0.000s wall-clock]
Building mutex information...
Building mutex information: [0.000s CPU, 0.000s wall-clock]
Translating task...
Processing axioms...
Simplifying axioms... [0.000s CPU, 0.000s wall-clock]
Translator axioms removed by simplifying: 0
Processing axioms: [0.000s CPU, 0.000s wall-clock]
Translating task: [0.000s CPU, 0.002s wall-clock]
144 effect conditions simplified
0 implied preconditions added
Detecting unreachable propositions...
0 operators removed
0 axioms removed
11 propositions removed
Detecting unreachable propositions: [0.000s CPU, 0.001s wall-clock]
Reordering and filtering variables...
19 of 19 variables necessary.
16 of 19 mutex groups necessary.
96 of 96 operators necessary.
0 of 0 axiom rules necessary.
Reordering and filtering variables: [0.000s CPU, 0.001s wall-clock]
Translator variables: 19
Translator derived variables: 0
Translator facts: 72
Translator goal facts: 2
Translator mutex groups: 16
Translator total mutex groups size: 56
Translator operators: 96
Translator axioms: 0
Translator task size: 869
warning: could not determine peak memory
Writing output... [0.016s CPU, 0.009s wall-clock]
Done! [0.016s CPU, 0.021s wall-clock]
translate exit code: 0

INFO     Running search (release).
INFO     search stdin: output.sas
INFO     search time limit: None
INFO     search memory limit: None
INFO     search command line string: 'C:\Users\user\Desktop\theoria\.worktrees\p13\engine-rig\.toolchain\downward\builds\release\bin\downward.exe' --search 'astar(blind())' --internal-plan-file 'C:\Users\user\AppData\Local\Temp\tmpqv5l__vr\sas_plan' < output.sas
[t=0.000148s, 1988 KB] Search code revision: 7120aa0
[t=0.000231s, 1988 KB] reading input...
[t=0.001257s, 2180 KB] done reading input!
[t=0.002421s, 2788 KB] Initializing blind search heuristic...
[t=0.002450s, 2788 KB] Building successor generator... done!
[t=0.002509s, 2808 KB] peak memory difference for successor generator creation: 20 KB
[t=0.002512s, 2808 KB] time for successor generation creation: 0.000048s
[t=0.002517s, 2808 KB] Variables: 19
[t=0.002520s, 2808 KB] FactPairs: 72
[t=0.002523s, 2808 KB] Bytes per state: 4
[t=0.002535s, 2808 KB] Conducting best first search with reopening closed nodes, (real) bound = 2147483647
[t=0.002556s, 2832 KB] New best heuristic value for blind: 1
[t=0.002562s, 2832 KB] g=0, 1 evaluated, 0 expanded
[t=0.002564s, 2832 KB] f = 1, 1 evaluated, 0 expanded
[t=0.002572s, 2832 KB] Initial heuristic value for blind: 1
[t=0.002575s, 2832 KB] pruning method: none
[t=0.002585s, 2844 KB] f = 2, 3 evaluated, 1 expanded
[t=0.002596s, 2844 KB] f = 3, 7 evaluated, 3 expanded
[t=0.002609s, 2844 KB] f = 4, 19 evaluated, 7 expanded
[t=0.002634s, 2844 KB] f = 5, 41 evaluated, 19 expanded
[t=0.002676s, 2844 KB] f = 6, 81 evaluated, 41 expanded
[t=0.002752s, 2876 KB] f = 7, 150 evaluated, 81 expanded
[t=0.002837s, 2876 KB] f = 8, 238 evaluated, 150 expanded
[t=0.002957s, 2884 KB] f = 9, 342 evaluated, 238 expanded
[t=0.003086s, 2896 KB] f = 10, 470 evaluated, 342 expanded
[t=0.003295s, 3032 KB] f = 11, 634 evaluated, 470 expanded
[t=0.003448s, 3032 KB] New best heuristic value for blind: 0
[t=0.003452s, 3032 KB] g=11, 788 evaluated, 609 expanded
[t=0.003455s, 3032 KB] Solution found!
[t=0.003459s, 3032 KB] Actual search time: 0.000882s
move c44 c43 left (1)
push c43 c33 c23 b2 up (1)
push c33 c23 c13 b2 up (1)
move c23 c33 down (1)
move c33 c32 left (1)
move c32 c31 left (1)
move c31 c21 up (1)
move c21 c11 up (1)
move c11 c12 right (1)
push c12 c22 c32 b1 down (1)
push c22 c32 c42 b1 down (1)
[t=0.003463s, 3032 KB] Plan length: 11 step(s).
[t=0.003463s, 3032 KB] Plan cost: 11
[t=0.003463s, 3032 KB] Expanded 610 state(s).
[t=0.003463s, 3032 KB] Reopened 0 state(s).
[t=0.003463s, 3032 KB] Evaluated 789 state(s).
[t=0.003463s, 3032 KB] Evaluations: 789
[t=0.003463s, 3032 KB] Generated 1737 state(s).
[t=0.003463s, 3032 KB] Dead ends: 0 state(s).
[t=0.003463s, 3032 KB] Expanded until last jump: 470 state(s).
[t=0.003463s, 3032 KB] Reopened until last jump: 0 state(s).
[t=0.003463s, 3032 KB] Evaluated until last jump: 634 state(s).
[t=0.003463s, 3032 KB] Generated until last jump: 1336 state(s).
[t=0.003463s, 3032 KB] Number of registered states: 789
[t=0.003463s, 3032 KB] Int hash set load factor: 789/1024 = 0.770508
[t=0.003463s, 3032 KB] Int hash set resizes: 10
[t=0.003463s, 3032 KB] Search time: 0.000930s
[t=0.003463s, 3032 KB] Total time: 0.003463s
Solution found.
Remove intermediate file output.sas
search exit code: 0

