INFO     planner time limit: None
INFO     planner memory limit: None

INFO     Running translator.
INFO     translator stdin: None
INFO     translator time limit: None
INFO     translator memory limit: None
INFO     translator command line string: 'D:\Miniforge3\python.exe' -m translate 'C:\Users\user\Desktop\theoria\.worktrees\e6-dividend-v2\engine-rig\runs\20260728T191530Z-E6-engine-dividend\guarded\sokoban_guarded_indexed_domain.pddl' 'C:\Users\user\Desktop\theoria\.worktrees\e6-dividend-v2\engine-rig\runs\20260728T191530Z-E6-engine-dividend\guarded\far5_guarded_indexed.pddl' --sas-file output.sas
Warning! SIGXCPU is not available on your platform. This means that the planner cannot be gracefully terminated when using a time limit, which, however, is probably supported on your platform anyway.
Parsing...
Parsing: [0.000s CPU, 0.002s wall-clock]
Normalizing task... [0.000s CPU, 0.000s wall-clock]
Instantiating...
Generating Datalog program... [0.000s CPU, 0.000s wall-clock]
Normalizing Datalog program...
Normalizing Datalog program: [0.000s CPU, 0.001s wall-clock]
Preparing model... [0.000s CPU, 0.000s wall-clock]
Generated 56 rules.
Computing model... [0.016s CPU, 0.009s wall-clock]
564 relevant atoms
2808 auxiliary atoms
3372 final queue length
3817 total queue pushes
Completing instantiation... [0.000s CPU, 0.003s wall-clock]
Instantiating: [0.016s CPU, 0.014s wall-clock]
Computing fact groups...
Finding invariants...
7 initial candidates
Finding invariants: [0.000s CPU, 0.002s wall-clock]
Checking invariant weight... [0.000s CPU, 0.000s wall-clock]
Instantiating groups... [0.000s CPU, 0.000s wall-clock]
Collecting mutex groups... [0.000s CPU, 0.000s wall-clock]
Choosing groups...
25 uncovered facts
Choosing groups: [0.000s CPU, 0.000s wall-clock]
Building translation key... [0.000s CPU, 0.000s wall-clock]
Computing fact groups: [0.000s CPU, 0.002s wall-clock]
Building STRIPS to SAS dictionary... [0.000s CPU, 0.000s wall-clock]
Building dictionary for full mutex groups... [0.000s CPU, 0.000s wall-clock]
Building mutex information...
Building mutex information: [0.000s CPU, 0.000s wall-clock]
Translating task...
Processing axioms...
Simplifying axioms... [0.000s CPU, 0.000s wall-clock]
Translator axioms removed by simplifying: 0
Processing axioms: [0.000s CPU, 0.000s wall-clock]
Translating task: [0.031s CPU, 0.024s wall-clock]
2928 effect conditions simplified
0 implied preconditions added
Detecting unreachable propositions...
280 operators removed
0 axioms removed
11 propositions removed
Detecting unreachable propositions: [0.000s CPU, 0.012s wall-clock]
Reordering and filtering variables...
28 of 28 variables necessary.
25 of 28 mutex groups necessary.
1224 of 1224 operators necessary.
0 of 0 axiom rules necessary.
Reordering and filtering variables: [0.016s CPU, 0.006s wall-clock]
Translator variables: 28
Translator derived variables: 0
Translator facts: 117
Translator goal facts: 2
Translator mutex groups: 25
Translator total mutex groups size: 92
Translator operators: 1224
Translator axioms: 0
Translator task size: 12111
warning: could not determine peak memory
Writing output... [0.016s CPU, 0.020s wall-clock]
Done! [0.078s CPU, 0.082s wall-clock]
translate exit code: 0

INFO     Running search (release).
INFO     search stdin: output.sas
INFO     search time limit: None
INFO     search memory limit: None
INFO     search command line string: 'C:\Users\user\Desktop\theoria\.worktrees\p13\engine-rig\.toolchain\downward\builds\release\bin\downward.exe' --search 'astar(lmcut())' --internal-plan-file 'C:\Users\user\AppData\Local\Temp\tmp6i51zmtw\sas_plan' < output.sas
[t=0.000146s, 1968 KB] Search code revision: 7120aa0
[t=0.000241s, 1968 KB] reading input...
[t=0.011586s, 2868 KB] done reading input!
[t=0.013110s, 3704 KB] Initializing landmark cut heuristic...
[t=0.013141s, 3704 KB] Building successor generator... done!
[t=0.013494s, 3872 KB] peak memory difference for successor generator creation: 168 KB
[t=0.013497s, 3872 KB] time for successor generation creation: 0.000343s
[t=0.013503s, 3872 KB] Variables: 28
[t=0.013506s, 3872 KB] FactPairs: 117
[t=0.013509s, 3872 KB] Bytes per state: 8
[t=0.013519s, 3872 KB] Conducting best first search with reopening closed nodes, (real) bound = 2147483647
[t=0.013717s, 3872 KB] New best heuristic value for lmcut: 10
[t=0.013724s, 3872 KB] g=0, 1 evaluated, 0 expanded
[t=0.013727s, 3872 KB] f = 10, 1 evaluated, 0 expanded
[t=0.013733s, 3872 KB] Initial heuristic value for lmcut: 10
[t=0.013735s, 3872 KB] pruning method: none
[t=0.013888s, 3872 KB] New best heuristic value for lmcut: 9
[t=0.013895s, 3872 KB] g=1, 2 evaluated, 1 expanded
[t=0.014148s, 3872 KB] New best heuristic value for lmcut: 8
[t=0.014155s, 3872 KB] g=2, 4 evaluated, 2 expanded
[t=0.014419s, 3872 KB] New best heuristic value for lmcut: 7
[t=0.014426s, 3872 KB] g=3, 6 evaluated, 3 expanded
[t=0.014789s, 3872 KB] New best heuristic value for lmcut: 6
[t=0.014797s, 3872 KB] g=4, 9 evaluated, 4 expanded
[t=0.015311s, 3872 KB] New best heuristic value for lmcut: 5
[t=0.015319s, 3872 KB] g=5, 14 evaluated, 5 expanded
[t=0.015560s, 3872 KB] f = 11, 18 evaluated, 8 expanded
[t=0.017853s, 3872 KB] f = 12, 40 evaluated, 18 expanded
[t=0.019393s, 3872 KB] f = 13, 57 evaluated, 30 expanded
[t=0.019727s, 3872 KB] New best heuristic value for lmcut: 4
[t=0.019734s, 3872 KB] g=9, 60 evaluated, 32 expanded
[t=0.020322s, 3872 KB] New best heuristic value for lmcut: 3
[t=0.020329s, 3872 KB] g=10, 66 evaluated, 33 expanded
[t=0.020469s, 3872 KB] New best heuristic value for lmcut: 2
[t=0.020476s, 3872 KB] g=11, 68 evaluated, 34 expanded
[t=0.020627s, 3872 KB] New best heuristic value for lmcut: 1
[t=0.020632s, 3872 KB] g=12, 72 evaluated, 35 expanded
[t=0.020761s, 3872 KB] New best heuristic value for lmcut: 0
[t=0.020765s, 3872 KB] g=13, 77 evaluated, 36 expanded
[t=0.020767s, 3872 KB] Solution found!
[t=0.020770s, 3872 KB] Actual search time: 0.007033s
move c55 c45 up (1)
move c45 c44 left (1)
move c44 c34 up (1)
move c34 c24 up (1)
move c24 c23 left (1)
move c23 c13 up (1)
move c13 c12 left (1)
push-pair0 c12 c22 c32 b1 down (1)
push-pair0 c22 c32 c42 b1 down (1)
push-pair1 c32 c42 c52 b1 down b2 c53 (1)
move c42 c43 right (1)
push-pair0 c43 c33 c23 b2 up (1)
push-pair2 c33 c23 c13 b2 up b1 c12 b1 c14 (1)
[t=0.020773s, 3872 KB] Plan length: 13 step(s).
[t=0.020773s, 3872 KB] Plan cost: 13
[t=0.020773s, 3872 KB] Expanded 37 state(s).
[t=0.020773s, 3872 KB] Reopened 0 state(s).
[t=0.020773s, 3872 KB] Evaluated 77 state(s).
[t=0.020773s, 3872 KB] Evaluations: 77
[t=0.020773s, 3872 KB] Generated 124 state(s).
[t=0.020773s, 3872 KB] Dead ends: 6 state(s).
[t=0.020773s, 3872 KB] Expanded until last jump: 30 state(s).
[t=0.020773s, 3872 KB] Reopened until last jump: 0 state(s).
[t=0.020773s, 3872 KB] Evaluated until last jump: 57 state(s).
[t=0.020773s, 3872 KB] Generated until last jump: 102 state(s).
[t=0.020773s, 3872 KB] Number of registered states: 77
[t=0.020773s, 3872 KB] Int hash set load factor: 77/128 = 0.601562
[t=0.020773s, 3872 KB] Int hash set resizes: 7
[t=0.020773s, 3872 KB] Search time: 0.007255s
[t=0.020773s, 3872 KB] Total time: 0.020773s
Solution found.
Remove intermediate file output.sas
search exit code: 0

