INFO     planner time limit: None
INFO     planner memory limit: None

INFO     Running translator.
INFO     translator stdin: None
INFO     translator time limit: None
INFO     translator memory limit: None
INFO     translator command line string: 'D:\Miniforge3\python.exe' -m translate 'C:\Users\user\Desktop\theoria\.worktrees\e6-dividend-v2\engine-rig\runs\20260728T191530Z-E6-engine-dividend\guarded\sokoban_guarded_indexed_domain.pddl' 'C:\Users\user\Desktop\theoria\.worktrees\e6-dividend-v2\engine-rig\runs\20260728T191530Z-E6-engine-dividend\guarded\far5_guarded_indexed.pddl' --sas-file output.sas
Warning! SIGXCPU is not available on your platform. This means that the planner cannot be gracefully terminated when using a time limit, which, however, is probably supported on your platform anyway.
Parsing...
Parsing: [0.000s CPU, 0.002s wall-clock]
Normalizing task... [0.000s CPU, 0.000s wall-clock]
Instantiating...
Generating Datalog program... [0.000s CPU, 0.000s wall-clock]
Normalizing Datalog program...
Normalizing Datalog program: [0.000s CPU, 0.001s wall-clock]
Preparing model... [0.000s CPU, 0.001s wall-clock]
Generated 56 rules.
Computing model... [0.016s CPU, 0.009s wall-clock]
564 relevant atoms
2808 auxiliary atoms
3372 final queue length
3817 total queue pushes
Completing instantiation... [0.000s CPU, 0.003s wall-clock]
Instantiating: [0.016s CPU, 0.014s wall-clock]
Computing fact groups...
Finding invariants...
7 initial candidates
Finding invariants: [0.000s CPU, 0.002s wall-clock]
Checking invariant weight... [0.000s CPU, 0.000s wall-clock]
Instantiating groups... [0.000s CPU, 0.000s wall-clock]
Collecting mutex groups... [0.000s CPU, 0.000s wall-clock]
Choosing groups...
25 uncovered facts
Choosing groups: [0.000s CPU, 0.000s wall-clock]
Building translation key... [0.000s CPU, 0.000s wall-clock]
Computing fact groups: [0.000s CPU, 0.002s wall-clock]
Building STRIPS to SAS dictionary... [0.000s CPU, 0.000s wall-clock]
Building dictionary for full mutex groups... [0.000s CPU, 0.000s wall-clock]
Building mutex information...
Building mutex information: [0.000s CPU, 0.000s wall-clock]
Translating task...
Processing axioms...
Simplifying axioms... [0.000s CPU, 0.000s wall-clock]
Translator axioms removed by simplifying: 0
Processing axioms: [0.000s CPU, 0.000s wall-clock]
Translating task: [0.031s CPU, 0.024s wall-clock]
2928 effect conditions simplified
0 implied preconditions added
Detecting unreachable propositions...
280 operators removed
0 axioms removed
11 propositions removed
Detecting unreachable propositions: [0.016s CPU, 0.013s wall-clock]
Reordering and filtering variables...
28 of 28 variables necessary.
25 of 28 mutex groups necessary.
1224 of 1224 operators necessary.
0 of 0 axiom rules necessary.
Reordering and filtering variables: [0.000s CPU, 0.006s wall-clock]
Translator variables: 28
Translator derived variables: 0
Translator facts: 117
Translator goal facts: 2
Translator mutex groups: 25
Translator total mutex groups size: 92
Translator operators: 1224
Translator axioms: 0
Translator task size: 12111
warning: could not determine peak memory
Writing output... [0.016s CPU, 0.020s wall-clock]
Done! [0.078s CPU, 0.083s wall-clock]
translate exit code: 0

INFO     Running search (release).
INFO     search stdin: output.sas
INFO     search time limit: None
INFO     search memory limit: None
INFO     search command line string: 'C:\Users\user\Desktop\theoria\.worktrees\p13\engine-rig\.toolchain\downward\builds\release\bin\downward.exe' --search 'astar(blind())' --internal-plan-file 'C:\Users\user\AppData\Local\Temp\tmpyrqxkqv_\sas_plan' < output.sas
[t=0.000149s, 1948 KB] Search code revision: 7120aa0
[t=0.000235s, 1948 KB] reading input...
[t=0.011643s, 2900 KB] done reading input!
[t=0.012697s, 3256 KB] Initializing blind search heuristic...
[t=0.012728s, 3264 KB] Building successor generator... done!
[t=0.013134s, 3456 KB] peak memory difference for successor generator creation: 192 KB
[t=0.013137s, 3456 KB] time for successor generation creation: 0.000396s
[t=0.013144s, 3456 KB] Variables: 28
[t=0.013146s, 3456 KB] FactPairs: 117
[t=0.013148s, 3456 KB] Bytes per state: 8
[t=0.013159s, 3456 KB] Conducting best first search with reopening closed nodes, (real) bound = 2147483647
[t=0.013174s, 3456 KB] New best heuristic value for blind: 1
[t=0.013177s, 3456 KB] g=0, 1 evaluated, 0 expanded
[t=0.013179s, 3456 KB] f = 1, 1 evaluated, 0 expanded
[t=0.013185s, 3456 KB] Initial heuristic value for blind: 1
[t=0.013189s, 3456 KB] pruning method: none
[t=0.013196s, 3456 KB] f = 2, 3 evaluated, 1 expanded
[t=0.013204s, 3456 KB] f = 3, 6 evaluated, 3 expanded
[t=0.013213s, 3456 KB] f = 4, 10 evaluated, 6 expanded
[t=0.013223s, 3456 KB] f = 5, 16 evaluated, 10 expanded
[t=0.013238s, 3456 KB] f = 6, 28 evaluated, 16 expanded
[t=0.013262s, 3456 KB] f = 7, 54 evaluated, 28 expanded
[t=0.013309s, 3456 KB] f = 8, 106 evaluated, 54 expanded
[t=0.013389s, 3456 KB] f = 9, 197 evaluated, 106 expanded
[t=0.013517s, 3456 KB] f = 10, 333 evaluated, 197 expanded
[t=0.013717s, 3456 KB] f = 11, 546 evaluated, 333 expanded
[t=0.013966s, 3456 KB] f = 12, 830 evaluated, 546 expanded
[t=0.014402s, 3456 KB] f = 13, 1253 evaluated, 830 expanded
[t=0.014775s, 3468 KB] New best heuristic value for blind: 0
[t=0.014779s, 3468 KB] g=13, 1666 evaluated, 1158 expanded
[t=0.014781s, 3468 KB] Solution found!
[t=0.014786s, 3468 KB] Actual search time: 0.001596s
move c55 c45 up (1)
move c45 c44 left (1)
move c44 c34 up (1)
move c34 c24 up (1)
move c24 c23 left (1)
move c23 c13 up (1)
move c13 c12 left (1)
push-pair0 c12 c22 c32 b1 down (1)
push-pair0 c22 c32 c42 b1 down (1)
push-pair1 c32 c42 c52 b1 down b2 c53 (1)
move c42 c43 right (1)
push-pair0 c43 c33 c23 b2 up (1)
push-pair2 c33 c23 c13 b2 up b1 c12 b1 c14 (1)
[t=0.014790s, 3468 KB] Plan length: 13 step(s).
[t=0.014790s, 3468 KB] Plan cost: 13
[t=0.014790s, 3468 KB] Expanded 1159 state(s).
[t=0.014790s, 3468 KB] Reopened 0 state(s).
[t=0.014790s, 3468 KB] Evaluated 1666 state(s).
[t=0.014790s, 3468 KB] Evaluations: 1666
[t=0.014790s, 3468 KB] Generated 3697 state(s).
[t=0.014790s, 3468 KB] Dead ends: 0 state(s).
[t=0.014790s, 3468 KB] Expanded until last jump: 830 state(s).
[t=0.014790s, 3468 KB] Reopened until last jump: 0 state(s).
[t=0.014790s, 3468 KB] Evaluated until last jump: 1253 state(s).
[t=0.014790s, 3468 KB] Generated until last jump: 2696 state(s).
[t=0.014790s, 3468 KB] Number of registered states: 1666
[t=0.014790s, 3468 KB] Int hash set load factor: 1666/2048 = 0.813477
[t=0.014790s, 3468 KB] Int hash set resizes: 11
[t=0.014790s, 3468 KB] Search time: 0.001633s
[t=0.014790s, 3468 KB] Total time: 0.014790s
Solution found.
Remove intermediate file output.sas
search exit code: 0

