INFO     planner time limit: None
INFO     planner memory limit: None

INFO     Running translator.
INFO     translator stdin: None
INFO     translator time limit: None
INFO     translator memory limit: None
INFO     translator command line string: 'D:\Miniforge3\python.exe' -m translate 'C:\Users\user\Desktop\theoria\.worktrees\e6-dividend-v2\engine-rig\runs\20260728T191530Z-E6-engine-dividend\guarded\sokoban_guarded_indexed_domain.pddl' 'C:\Users\user\Desktop\theoria\.worktrees\e6-dividend-v2\engine-rig\runs\20260728T191530Z-E6-engine-dividend\guarded\far5_guarded_indexed.pddl' --sas-file output.sas
Warning! SIGXCPU is not available on your platform. This means that the planner cannot be gracefully terminated when using a time limit, which, however, is probably supported on your platform anyway.
Parsing...
Parsing: [0.000s CPU, 0.002s wall-clock]
Normalizing task... [0.000s CPU, 0.000s wall-clock]
Instantiating...
Generating Datalog program... [0.000s CPU, 0.000s wall-clock]
Normalizing Datalog program...
Normalizing Datalog program: [0.016s CPU, 0.001s wall-clock]
Preparing model... [0.000s CPU, 0.001s wall-clock]
Generated 56 rules.
Computing model... [0.000s CPU, 0.009s wall-clock]
564 relevant atoms
2808 auxiliary atoms
3372 final queue length
3817 total queue pushes
Completing instantiation... [0.000s CPU, 0.003s wall-clock]
Instantiating: [0.016s CPU, 0.014s wall-clock]
Computing fact groups...
Finding invariants...
7 initial candidates
Finding invariants: [0.000s CPU, 0.002s wall-clock]
Checking invariant weight... [0.016s CPU, 0.000s wall-clock]
Instantiating groups... [0.000s CPU, 0.000s wall-clock]
Collecting mutex groups... [0.000s CPU, 0.000s wall-clock]
Choosing groups...
25 uncovered facts
Choosing groups: [0.000s CPU, 0.000s wall-clock]
Building translation key... [0.000s CPU, 0.000s wall-clock]
Computing fact groups: [0.016s CPU, 0.002s wall-clock]
Building STRIPS to SAS dictionary... [0.000s CPU, 0.000s wall-clock]
Building dictionary for full mutex groups... [0.000s CPU, 0.000s wall-clock]
Building mutex information...
Building mutex information: [0.000s CPU, 0.000s wall-clock]
Translating task...
Processing axioms...
Simplifying axioms... [0.000s CPU, 0.000s wall-clock]
Translator axioms removed by simplifying: 0
Processing axioms: [0.000s CPU, 0.000s wall-clock]
Translating task: [0.016s CPU, 0.024s wall-clock]
2928 effect conditions simplified
0 implied preconditions added
Detecting unreachable propositions...
280 operators removed
0 axioms removed
11 propositions removed
Detecting unreachable propositions: [0.016s CPU, 0.012s wall-clock]
Reordering and filtering variables...
28 of 28 variables necessary.
25 of 28 mutex groups necessary.
1224 of 1224 operators necessary.
0 of 0 axiom rules necessary.
Reordering and filtering variables: [0.000s CPU, 0.006s wall-clock]
Translator variables: 28
Translator derived variables: 0
Translator facts: 117
Translator goal facts: 2
Translator mutex groups: 25
Translator total mutex groups size: 92
Translator operators: 1224
Translator axioms: 0
Translator task size: 12111
warning: could not determine peak memory
Writing output... [0.016s CPU, 0.021s wall-clock]
Done! [0.078s CPU, 0.083s wall-clock]
translate exit code: 0

INFO     Running search (release).
INFO     search stdin: output.sas
INFO     search time limit: None
INFO     search memory limit: None
INFO     search command line string: 'C:\Users\user\Desktop\theoria\.worktrees\p13\engine-rig\.toolchain\downward\builds\release\bin\downward.exe' --search 'let(hlm,eval_modify_costs(landmark_sum(lm_factory=lm_reasonable_orders_hps(lm_rhw()),pref=false),cost_type=one),let(hff,eval_modify_costs(ff(),cost_type=one),lazy_greedy([hff,hlm],preferred=[hff,hlm],cost_type=one,reopen_closed=false)))' --internal-plan-file 'C:\Users\user\AppData\Local\Temp\tmpe1bk5saq\sas_plan' < output.sas
[t=0.000145s, 1980 KB] Search code revision: 7120aa0
[t=0.000241s, 1980 KB] reading input...
[t=0.011664s, 2900 KB] done reading input!
[t=0.013371s, 3664 KB] Simplifying 5960 unary operators... done! [5912 unary operators]
[t=0.015922s, 4196 KB] time to simplify: 0.002556s
[t=0.016094s, 4196 KB] Initializing additive heuristic...
[t=0.016102s, 4196 KB] Initializing FF heuristic...
[t=0.016127s, 4196 KB] Initializing landmark sum heuristic...
[t=0.016135s, 4196 KB] Generating landmark graph...
[t=0.016195s, 4196 KB] Building a landmark graph with reasonable orders.
[t=0.016249s, 4196 KB] Initializing Exploration...
[t=0.016862s, 4328 KB] Generating landmarks using the RPG/SAS+ approach
[t=0.018007s, 4348 KB] Landmarks generation time: 0.001807s
[t=0.018016s, 4348 KB] Discovered 8 landmarks, of which 2 are disjunctive and 0 are conjunctive.
[t=0.018019s, 4348 KB] There are 6 landmark orderings.
[t=0.018023s, 4348 KB] approx. reasonable orders
[t=0.018066s, 4348 KB] Landmarks generation time: 0.001929s
[t=0.018073s, 4348 KB] Discovered 8 landmarks, of which 2 are disjunctive and 0 are conjunctive.
[t=0.018075s, 4348 KB] There are 6 landmark orderings.
[t=0.018078s, 4348 KB] Landmark graph generation time: 0.001944s
[t=0.018081s, 4348 KB] Landmark graph contains 8 landmarks, of which 2 are disjunctive and 0 are conjunctive.
[t=0.018083s, 4348 KB] Landmark graph contains 6 orderings.
[t=0.018125s, 4348 KB] Building successor generator... done!
[t=0.018435s, 4348 KB] peak memory difference for successor generator creation: 0 KB
[t=0.018437s, 4348 KB] time for successor generation creation: 0.000300s
[t=0.018443s, 4348 KB] Variables: 28
[t=0.018446s, 4348 KB] FactPairs: 117
[t=0.018449s, 4348 KB] Bytes per state: 8
[t=0.018464s, 4348 KB] Conducting lazy best first search, (real) bound = 2147483647
[t=0.018524s, 4348 KB] New best heuristic value for landmark_sum_heuristic: 4
[t=0.018531s, 4348 KB] New best heuristic value for ff: 18
[t=0.018533s, 4348 KB] g=0, 1 evaluated, 0 expanded
[t=0.018541s, 4348 KB] Initial heuristic value for landmark_sum_heuristic: 4
[t=0.018543s, 4348 KB] Initial heuristic value for ff: 18
[t=0.018572s, 4348 KB] New best heuristic value for ff: 10
[t=0.018578s, 4348 KB] g=1, 2 evaluated, 1 expanded
[t=0.018658s, 4348 KB] New best heuristic value for landmark_sum_heuristic: 3
[t=0.018662s, 4348 KB] g=1, 5 evaluated, 4 expanded
[t=0.018711s, 4348 KB] New best heuristic value for ff: 8
[t=0.018714s, 4348 KB] g=4, 7 evaluated, 6 expanded
[t=0.018737s, 4348 KB] New best heuristic value for ff: 7
[t=0.018740s, 4348 KB] g=5, 8 evaluated, 7 expanded
[t=0.018778s, 4348 KB] New best heuristic value for landmark_sum_heuristic: 2
[t=0.018782s, 4348 KB] New best heuristic value for ff: 6
[t=0.018784s, 4348 KB] g=5, 10 evaluated, 8 expanded
[t=0.019202s, 4348 KB] New best heuristic value for ff: 5
[t=0.019206s, 4348 KB] g=11, 30 evaluated, 24 expanded
[t=0.019244s, 4348 KB] New best heuristic value for ff: 3
[t=0.019248s, 4348 KB] g=12, 32 evaluated, 26 expanded
[t=0.019264s, 4348 KB] New best heuristic value for ff: 2
[t=0.019268s, 4348 KB] g=13, 33 evaluated, 27 expanded
[t=0.019281s, 4348 KB] New best heuristic value for landmark_sum_heuristic: 1
[t=0.019285s, 4348 KB] New best heuristic value for ff: 1
[t=0.019287s, 4348 KB] g=14, 34 evaluated, 28 expanded
[t=0.019295s, 4348 KB] Solution found!
[t=0.019300s, 4348 KB] Actual search time: 0.000825s
move c55 c45 up (1)
move c45 c44 left (1)
move c44 c43 left (1)
move c43 c42 left (1)
move c42 c32 up (1)
move c32 c31 left (1)
move c31 c21 up (1)
move c21 c11 up (1)
move c11 c12 right (1)
push-pair0 c12 c22 c32 b1 down (1)
push-pair0 c22 c32 c42 b1 down (1)
push-pair1 c32 c42 c52 b1 down b2 c53 (1)
move c42 c43 right (1)
push-pair0 c43 c33 c23 b2 up (1)
push-pair2 c33 c23 c13 b2 up b1 c12 b1 c14 (1)
[t=0.019303s, 4348 KB] Plan length: 15 step(s).
[t=0.019303s, 4348 KB] Plan cost: 15
[t=0.019303s, 4348 KB] Expanded 29 state(s).
[t=0.019303s, 4348 KB] Reopened 0 state(s).
[t=0.019303s, 4348 KB] Evaluated 35 state(s).
[t=0.019303s, 4348 KB] Evaluations: 65
[t=0.019303s, 4348 KB] Generated 103 state(s).
[t=0.019303s, 4348 KB] Dead ends: 5 state(s).
[t=0.019303s, 4348 KB] Number of registered states: 35
[t=0.019303s, 4348 KB] Int hash set load factor: 35/64 = 0.546875
[t=0.019303s, 4348 KB] Int hash set resizes: 6
[t=0.019303s, 4348 KB] Search time: 0.000840s
[t=0.019303s, 4348 KB] Total time: 0.019303s
Solution found.
Remove intermediate file output.sas
search exit code: 0

