INFO     planner time limit: None
INFO     planner memory limit: None

INFO     Running translator.
INFO     translator stdin: None
INFO     translator time limit: None
INFO     translator memory limit: None
INFO     translator command line string: 'D:\Miniforge3\python.exe' -m translate 'C:\Users\user\Desktop\theoria\.worktrees\e6-dividend-v2\engine-rig\runs\20260728T191530Z-E6-engine-dividend\guarded\sokoban_guarded_singleton_domain.pddl' 'C:\Users\user\Desktop\theoria\.worktrees\e6-dividend-v2\engine-rig\runs\20260728T191530Z-E6-engine-dividend\guarded\far5_guarded_singleton.pddl' --sas-file output.sas
Warning! SIGXCPU is not available on your platform. This means that the planner cannot be gracefully terminated when using a time limit, which, however, is probably supported on your platform anyway.
Parsing...
Parsing: [0.016s CPU, 0.001s wall-clock]
Normalizing task... [0.000s CPU, 0.000s wall-clock]
Instantiating...
Generating Datalog program... [0.000s CPU, 0.000s wall-clock]
Normalizing Datalog program...
Normalizing Datalog program: [0.000s CPU, 0.001s wall-clock]
Preparing model... [0.000s CPU, 0.000s wall-clock]
Generated 20 rules.
Computing model... [0.000s CPU, 0.004s wall-clock]
482 relevant atoms
660 auxiliary atoms
1142 final queue length
1587 total queue pushes
Completing instantiation... [0.000s CPU, 0.002s wall-clock]
Instantiating: [0.000s CPU, 0.008s wall-clock]
Computing fact groups...
Finding invariants...
7 initial candidates
Finding invariants: [0.000s CPU, 0.001s wall-clock]
Checking invariant weight... [0.000s CPU, 0.000s wall-clock]
Instantiating groups... [0.000s CPU, 0.000s wall-clock]
Collecting mutex groups... [0.000s CPU, 0.000s wall-clock]
Choosing groups...
25 uncovered facts
Choosing groups: [0.000s CPU, 0.000s wall-clock]
Building translation key... [0.000s CPU, 0.000s wall-clock]
Computing fact groups: [0.000s CPU, 0.002s wall-clock]
Building STRIPS to SAS dictionary... [0.000s CPU, 0.000s wall-clock]
Building dictionary for full mutex groups... [0.000s CPU, 0.000s wall-clock]
Building mutex information...
Building mutex information: [0.000s CPU, 0.000s wall-clock]
Translating task...
Processing axioms...
Simplifying axioms... [0.000s CPU, 0.000s wall-clock]
Translator axioms removed by simplifying: 0
Processing axioms: [0.000s CPU, 0.000s wall-clock]
Translating task: [0.000s CPU, 0.003s wall-clock]
288 effect conditions simplified
0 implied preconditions added
Detecting unreachable propositions...
0 operators removed
0 axioms removed
11 propositions removed
Detecting unreachable propositions: [0.000s CPU, 0.002s wall-clock]
Reordering and filtering variables...
28 of 28 variables necessary.
25 of 28 mutex groups necessary.
184 of 184 operators necessary.
0 of 0 axiom rules necessary.
Reordering and filtering variables: [0.000s CPU, 0.001s wall-clock]
Translator variables: 28
Translator derived variables: 0
Translator facts: 117
Translator goal facts: 2
Translator mutex groups: 25
Translator total mutex groups size: 92
Translator operators: 184
Translator axioms: 0
Translator task size: 1655
warning: could not determine peak memory
Writing output... [0.016s CPU, 0.009s wall-clock]
Done! [0.031s CPU, 0.026s wall-clock]
translate exit code: 0

INFO     Running search (release).
INFO     search stdin: output.sas
INFO     search time limit: None
INFO     search memory limit: None
INFO     search command line string: 'C:\Users\user\Desktop\theoria\.worktrees\p13\engine-rig\.toolchain\downward\builds\release\bin\downward.exe' --search 'let(hlm,eval_modify_costs(landmark_sum(lm_factory=lm_reasonable_orders_hps(lm_rhw()),pref=false),cost_type=one),let(hff,eval_modify_costs(ff(),cost_type=one),lazy_greedy([hff,hlm],preferred=[hff,hlm],cost_type=one,reopen_closed=false)))' --internal-plan-file 'C:\Users\user\AppData\Local\Temp\tmprlzcolv1\sas_plan' < output.sas
[t=0.000148s, 1940 KB] Search code revision: 7120aa0
[t=0.000233s, 1960 KB] reading input...
[t=0.002111s, 2360 KB] done reading input!
[t=0.003607s, 2896 KB] Simplifying 760 unary operators... done! [760 unary operators]
[t=0.003845s, 2972 KB] time to simplify: 0.000240s
[t=0.003879s, 2972 KB] Initializing additive heuristic...
[t=0.003884s, 2972 KB] Initializing FF heuristic...
[t=0.003905s, 2972 KB] Initializing landmark sum heuristic...
[t=0.003909s, 2972 KB] Generating landmark graph...
[t=0.003933s, 2972 KB] Building a landmark graph with reasonable orders.
[t=0.003955s, 2972 KB] Initializing Exploration...
[t=0.004048s, 3000 KB] Generating landmarks using the RPG/SAS+ approach
[t=0.004439s, 3036 KB] Landmarks generation time: 0.000504s
[t=0.004445s, 3036 KB] Discovered 12 landmarks, of which 6 are disjunctive and 0 are conjunctive.
[t=0.004447s, 3036 KB] There are 12 landmark orderings.
[t=0.004451s, 3036 KB] approx. reasonable orders
[t=0.004464s, 3036 KB] Landmarks generation time: 0.000554s
[t=0.004469s, 3036 KB] Discovered 12 landmarks, of which 6 are disjunctive and 0 are conjunctive.
[t=0.004471s, 3036 KB] There are 12 landmark orderings.
[t=0.004473s, 3036 KB] Landmark graph generation time: 0.000565s
[t=0.004476s, 3036 KB] Landmark graph contains 12 landmarks, of which 6 are disjunctive and 0 are conjunctive.
[t=0.004479s, 3036 KB] Landmark graph contains 12 orderings.
[t=0.004516s, 3036 KB] Building successor generator... done!
[t=0.004576s, 3036 KB] peak memory difference for successor generator creation: 0 KB
[t=0.004578s, 3036 KB] time for successor generation creation: 0.000053s
[t=0.004583s, 3036 KB] Variables: 28
[t=0.004585s, 3036 KB] FactPairs: 117
[t=0.004587s, 3036 KB] Bytes per state: 8
[t=0.004602s, 3036 KB] Conducting lazy best first search, (real) bound = 2147483647
[t=0.004641s, 3072 KB] New best heuristic value for landmark_sum_heuristic: 8
[t=0.004646s, 3072 KB] New best heuristic value for ff: 18
[t=0.004648s, 3072 KB] g=0, 1 evaluated, 0 expanded
[t=0.004655s, 3072 KB] Initial heuristic value for landmark_sum_heuristic: 8
[t=0.004659s, 3072 KB] Initial heuristic value for ff: 18
[t=0.004671s, 3072 KB] New best heuristic value for landmark_sum_heuristic: 7
[t=0.004674s, 3072 KB] New best heuristic value for ff: 15
[t=0.004676s, 3072 KB] g=1, 2 evaluated, 1 expanded
[t=0.004688s, 3072 KB] New best heuristic value for ff: 11
[t=0.004691s, 3072 KB] g=2, 3 evaluated, 2 expanded
[t=0.004722s, 3084 KB] New best heuristic value for ff: 10
[t=0.004726s, 3084 KB] g=3, 6 evaluated, 5 expanded
[t=0.004742s, 3084 KB] New best heuristic value for ff: 9
[t=0.004746s, 3084 KB] g=4, 8 evaluated, 7 expanded
[t=0.004776s, 3084 KB] New best heuristic value for landmark_sum_heuristic: 6
[t=0.004779s, 3084 KB] New best heuristic value for ff: 7
[t=0.004781s, 3084 KB] g=4, 12 evaluated, 10 expanded
[t=0.004790s, 3084 KB] New best heuristic value for landmark_sum_heuristic: 4
[t=0.004793s, 3084 KB] New best heuristic value for ff: 6
[t=0.004796s, 3084 KB] g=5, 13 evaluated, 11 expanded
[t=0.004889s, 3084 KB] New best heuristic value for ff: 5
[t=0.004893s, 3084 KB] g=9, 28 evaluated, 22 expanded
[t=0.004901s, 3084 KB] New best heuristic value for landmark_sum_heuristic: 3
[t=0.004905s, 3084 KB] New best heuristic value for ff: 3
[t=0.004907s, 3084 KB] g=10, 29 evaluated, 23 expanded
[t=0.004914s, 3084 KB] New best heuristic value for ff: 2
[t=0.004918s, 3084 KB] g=11, 30 evaluated, 24 expanded
[t=0.004924s, 3084 KB] New best heuristic value for landmark_sum_heuristic: 1
[t=0.004926s, 3084 KB] New best heuristic value for ff: 1
[t=0.004929s, 3084 KB] g=12, 31 evaluated, 25 expanded
[t=0.004934s, 3084 KB] Solution found!
[t=0.004938s, 3084 KB] Actual search time: 0.000326s
move c55 c45 up (1)
move c45 c35 up (1)
move c35 c34 left (1)
move c34 c24 up (1)
move c24 c23 left (1)
move c23 c13 up (1)
move c13 c12 left (1)
push c12 c22 c32 b1 down (1)
push c22 c32 c42 b1 down (1)
push c32 c42 c52 b1 down (1)
move c42 c43 right (1)
push c43 c33 c23 b2 up (1)
push c33 c23 c13 b2 up (1)
[t=0.004941s, 3084 KB] Plan length: 13 step(s).
[t=0.004941s, 3084 KB] Plan cost: 13
[t=0.004941s, 3084 KB] Expanded 26 state(s).
[t=0.004941s, 3084 KB] Reopened 0 state(s).
[t=0.004941s, 3084 KB] Evaluated 32 state(s).
[t=0.004941s, 3084 KB] Evaluations: 59
[t=0.004941s, 3084 KB] Generated 95 state(s).
[t=0.004941s, 3084 KB] Dead ends: 5 state(s).
[t=0.004941s, 3084 KB] Number of registered states: 32
[t=0.004941s, 3084 KB] Int hash set load factor: 32/32 = 1.000000
[t=0.004941s, 3084 KB] Int hash set resizes: 5
[t=0.004941s, 3084 KB] Search time: 0.000341s
[t=0.004941s, 3084 KB] Total time: 0.004941s
Solution found.
Remove intermediate file output.sas
search exit code: 0

