INFO     planner time limit: None
INFO     planner memory limit: None

INFO     Running translator.
INFO     translator stdin: None
INFO     translator time limit: None
INFO     translator memory limit: None
INFO     translator command line string: 'D:\Miniforge3\python.exe' -m translate 'C:\Users\user\Desktop\theoria\.worktrees\e6-dividend-v2\engine-rig\fixtures\data\sokoban_domain.pddl' 'C:\Users\user\Desktop\theoria\.worktrees\e6-dividend-v2\engine-rig\runs\20260728T191530Z-E6-engine-dividend\instances\far5.pddl' --sas-file output.sas
Warning! SIGXCPU is not available on your platform. This means that the planner cannot be gracefully terminated when using a time limit, which, however, is probably supported on your platform anyway.
Parsing...
Parsing: [0.000s CPU, 0.001s wall-clock]
Normalizing task... [0.000s CPU, 0.000s wall-clock]
Instantiating...
Generating Datalog program... [0.000s CPU, 0.000s wall-clock]
Normalizing Datalog program...
Normalizing Datalog program: [0.000s CPU, 0.001s wall-clock]
Preparing model... [0.000s CPU, 0.000s wall-clock]
Generated 20 rules.
Computing model... [0.000s CPU, 0.004s wall-clock]
474 relevant atoms
660 auxiliary atoms
1134 final queue length
1579 total queue pushes
Completing instantiation... [0.016s CPU, 0.003s wall-clock]
Instantiating: [0.016s CPU, 0.008s wall-clock]
Computing fact groups...
Finding invariants...
7 initial candidates
Finding invariants: [0.000s CPU, 0.001s wall-clock]
Checking invariant weight... [0.000s CPU, 0.000s wall-clock]
Instantiating groups... [0.000s CPU, 0.000s wall-clock]
Collecting mutex groups... [0.000s CPU, 0.000s wall-clock]
Choosing groups...
25 uncovered facts
Choosing groups: [0.000s CPU, 0.000s wall-clock]
Building translation key... [0.000s CPU, 0.000s wall-clock]
Computing fact groups: [0.000s CPU, 0.002s wall-clock]
Building STRIPS to SAS dictionary... [0.000s CPU, 0.000s wall-clock]
Building dictionary for full mutex groups... [0.000s CPU, 0.000s wall-clock]
Building mutex information...
Building mutex information: [0.000s CPU, 0.000s wall-clock]
Translating task...
Processing axioms...
Simplifying axioms... [0.000s CPU, 0.000s wall-clock]
Translator axioms removed by simplifying: 0
Processing axioms: [0.000s CPU, 0.000s wall-clock]
Translating task: [0.000s CPU, 0.004s wall-clock]
320 effect conditions simplified
0 implied preconditions added
Detecting unreachable propositions...
0 operators removed
0 axioms removed
3 propositions removed
Detecting unreachable propositions: [0.000s CPU, 0.002s wall-clock]
Reordering and filtering variables...
28 of 28 variables necessary.
25 of 28 mutex groups necessary.
200 of 200 operators necessary.
0 of 0 axiom rules necessary.
Reordering and filtering variables: [0.000s CPU, 0.001s wall-clock]
Translator variables: 28
Translator derived variables: 0
Translator facts: 125
Translator goal facts: 2
Translator mutex groups: 25
Translator total mutex groups size: 100
Translator operators: 200
Translator axioms: 0
Translator task size: 1815
warning: could not determine peak memory
Writing output... [0.000s CPU, 0.010s wall-clock]
Done! [0.016s CPU, 0.029s wall-clock]
translate exit code: 0

INFO     Running search (release).
INFO     search stdin: output.sas
INFO     search time limit: None
INFO     search memory limit: None
INFO     search command line string: 'C:\Users\user\Desktop\theoria\.worktrees\p13\engine-rig\.toolchain\downward\builds\release\bin\downward.exe' --search 'eager(single(sum([g(),blind()])),reopen_closed=true)' --internal-plan-file 'C:\Users\user\AppData\Local\Temp\tmpcaks2hp_\sas_plan' < output.sas
[t=0.000160s, 1952 KB] Search code revision: 7120aa0
[t=0.000247s, 1964 KB] reading input...
[t=0.002465s, 2408 KB] done reading input!
[t=0.003802s, 2932 KB] Initializing blind search heuristic...
[t=0.003827s, 2932 KB] Building successor generator... done!
[t=0.003904s, 2964 KB] peak memory difference for successor generator creation: 32 KB
[t=0.003907s, 2964 KB] time for successor generation creation: 0.000069s
[t=0.003912s, 2964 KB] Variables: 28
[t=0.003914s, 2964 KB] FactPairs: 125
[t=0.003918s, 2964 KB] Bytes per state: 8
[t=0.003927s, 2964 KB] Conducting best first search with reopening closed nodes, (real) bound = 2147483647
[t=0.003943s, 2976 KB] New best heuristic value for blind: 1
[t=0.003947s, 2976 KB] g=0, 1 evaluated, 0 expanded
[t=0.003952s, 2976 KB] Initial heuristic value for blind: 1
[t=0.003954s, 2976 KB] pruning method: none
[t=0.005184s, 3056 KB] New best heuristic value for blind: 0
[t=0.005189s, 3056 KB] g=13, 1487 evaluated, 957 expanded
[t=0.005811s, 3116 KB] Solution found!
[t=0.005816s, 3116 KB] Actual search time: 0.001860s
move c55 c45 up (1)
move c45 c35 up (1)
move c35 c25 up (1)
move c25 c15 up (1)
move c15 c14 left (1)
move c14 c13 left (1)
move c13 c12 left (1)
push c12 c22 c32 b1 down (1)
push c22 c32 c42 b1 down (1)
push c32 c42 c52 b1 down (1)
move c42 c43 right (1)
push c43 c33 c23 b2 up (1)
push c33 c23 c13 b2 up (1)
[t=0.005819s, 3116 KB] Plan length: 13 step(s).
[t=0.005819s, 3116 KB] Plan cost: 13
[t=0.005819s, 3116 KB] Expanded 1479 state(s).
[t=0.005819s, 3116 KB] Reopened 0 state(s).
[t=0.005819s, 3116 KB] Evaluated 2200 state(s).
[t=0.005819s, 3116 KB] Evaluations: 2200
[t=0.005819s, 3116 KB] Generated 4768 state(s).
[t=0.005819s, 3116 KB] Dead ends: 0 state(s).
[t=0.005819s, 3116 KB] Number of registered states: 2200
[t=0.005819s, 3116 KB] Int hash set load factor: 2200/4096 = 0.537109
[t=0.005819s, 3116 KB] Int hash set resizes: 12
[t=0.005819s, 3116 KB] Search time: 0.001893s
[t=0.005819s, 3116 KB] Total time: 0.005819s
Solution found.
Remove intermediate file output.sas
search exit code: 0

