INFO     planner time limit: None
INFO     planner memory limit: None

INFO     Running translator.
INFO     translator stdin: None
INFO     translator time limit: None
INFO     translator memory limit: None
INFO     translator command line string: 'D:\Miniforge3\python.exe' -m translate 'C:\Users\user\Desktop\theoria\.worktrees\e6-dividend-v2\engine-rig\fixtures\data\sokoban_domain.pddl' 'C:\Users\user\Desktop\theoria\.worktrees\e6-dividend-v2\engine-rig\runs\20260728T191530Z-E6-engine-dividend\instances\far6.pddl' --sas-file output.sas
Warning! SIGXCPU is not available on your platform. This means that the planner cannot be gracefully terminated when using a time limit, which, however, is probably supported on your platform anyway.
Parsing...
Parsing: [0.000s CPU, 0.002s wall-clock]
Normalizing task... [0.000s CPU, 0.000s wall-clock]
Instantiating...
Generating Datalog program... [0.000s CPU, 0.000s wall-clock]
Normalizing Datalog program...
Normalizing Datalog program: [0.000s CPU, 0.001s wall-clock]
Preparing model... [0.000s CPU, 0.000s wall-clock]
Generated 20 rules.
Computing model... [0.000s CPU, 0.005s wall-clock]
703 relevant atoms
984 auxiliary atoms
1687 final queue length
2395 total queue pushes
Completing instantiation... [0.016s CPU, 0.004s wall-clock]
Instantiating: [0.016s CPU, 0.011s wall-clock]
Computing fact groups...
Finding invariants...
7 initial candidates
Finding invariants: [0.000s CPU, 0.001s wall-clock]
Checking invariant weight... [0.000s CPU, 0.000s wall-clock]
Instantiating groups... [0.000s CPU, 0.001s wall-clock]
Collecting mutex groups... [0.000s CPU, 0.000s wall-clock]
Choosing groups...
36 uncovered facts
Choosing groups: [0.000s CPU, 0.000s wall-clock]
Building translation key... [0.000s CPU, 0.000s wall-clock]
Computing fact groups: [0.000s CPU, 0.002s wall-clock]
Building STRIPS to SAS dictionary... [0.000s CPU, 0.000s wall-clock]
Building dictionary for full mutex groups... [0.000s CPU, 0.000s wall-clock]
Building mutex information...
Building mutex information: [0.000s CPU, 0.000s wall-clock]
Translating task...
Processing axioms...
Simplifying axioms... [0.000s CPU, 0.000s wall-clock]
Translator axioms removed by simplifying: 0
Processing axioms: [0.000s CPU, 0.000s wall-clock]
Translating task: [0.000s CPU, 0.005s wall-clock]
504 effect conditions simplified
0 implied preconditions added
Detecting unreachable propositions...
0 operators removed
0 axioms removed
3 propositions removed
Detecting unreachable propositions: [0.000s CPU, 0.003s wall-clock]
Reordering and filtering variables...
39 of 39 variables necessary.
36 of 39 mutex groups necessary.
312 of 312 operators necessary.
0 of 0 axiom rules necessary.
Reordering and filtering variables: [0.000s CPU, 0.002s wall-clock]
Translator variables: 39
Translator derived variables: 0
Translator facts: 180
Translator goal facts: 2
Translator mutex groups: 36
Translator total mutex groups size: 144
Translator operators: 312
Translator axioms: 0
Translator task size: 2813
warning: could not determine peak memory
Writing output... [0.016s CPU, 0.011s wall-clock]
Done! [0.031s CPU, 0.036s wall-clock]
translate exit code: 0

INFO     Running search (release).
INFO     search stdin: output.sas
INFO     search time limit: None
INFO     search memory limit: None
INFO     search command line string: 'C:\Users\user\Desktop\theoria\.worktrees\p13\engine-rig\.toolchain\downward\builds\release\bin\downward.exe' --search 'eager(tiebreaking([sum([g(),blind()]),goalcount()]),reopen_closed=true)' --internal-plan-file 'C:\Users\user\AppData\Local\Temp\tmpa1507gfj\sas_plan' < output.sas
[t=0.000155s, 1968 KB] Search code revision: 7120aa0
[t=0.000243s, 1980 KB] reading input...
[t=0.003157s, 2504 KB] done reading input!
[t=0.004309s, 2892 KB] Initializing blind search heuristic...
[t=0.004330s, 2892 KB] Initializing goal count heuristic...
[t=0.004344s, 2892 KB] Building successor generator... done!
[t=0.004455s, 2956 KB] peak memory difference for successor generator creation: 64 KB
[t=0.004457s, 2956 KB] time for successor generation creation: 0.000104s
[t=0.004464s, 2956 KB] Variables: 39
[t=0.004468s, 2956 KB] FactPairs: 180
[t=0.004470s, 2956 KB] Bytes per state: 8
[t=0.004480s, 2956 KB] Conducting best first search with reopening closed nodes, (real) bound = 2147483647
[t=0.004499s, 2976 KB] New best heuristic value for goalcount: 2
[t=0.004503s, 2976 KB] New best heuristic value for blind: 1
[t=0.004505s, 2976 KB] g=0, 1 evaluated, 0 expanded
[t=0.004512s, 2976 KB] Initial heuristic value for goalcount: 2
[t=0.004515s, 2976 KB] Initial heuristic value for blind: 1
[t=0.004518s, 2976 KB] pruning method: none
[t=0.004567s, 2976 KB] New best heuristic value for goalcount: 1
[t=0.004571s, 2976 KB] g=7, 34 evaluated, 25 expanded
[t=0.008861s, 3332 KB] New best heuristic value for goalcount: 0
[t=0.008869s, 3332 KB] New best heuristic value for blind: 0
[t=0.008871s, 3332 KB] g=17, 4560 evaluated, 3029 expanded
[t=0.008876s, 3332 KB] Solution found!
[t=0.008880s, 3332 KB] Actual search time: 0.004360s
move c66 c56 up (1)
move c56 c46 up (1)
move c46 c45 left (1)
move c45 c44 left (1)
move c44 c43 left (1)
push c43 c33 c23 b2 up (1)
push c33 c23 c13 b2 up (1)
move c23 c33 down (1)
move c33 c32 left (1)
move c32 c31 left (1)
move c31 c21 up (1)
move c21 c11 up (1)
move c11 c12 right (1)
push c12 c22 c32 b1 down (1)
push c22 c32 c42 b1 down (1)
push c32 c42 c52 b1 down (1)
push c42 c52 c62 b1 down (1)
[t=0.008882s, 3332 KB] Plan length: 17 step(s).
[t=0.008882s, 3332 KB] Plan cost: 17
[t=0.008882s, 3332 KB] Expanded 3030 state(s).
[t=0.008882s, 3332 KB] Reopened 0 state(s).
[t=0.008882s, 3332 KB] Evaluated 4563 state(s).
[t=0.008882s, 3332 KB] Evaluations: 9126
[t=0.008882s, 3332 KB] Generated 10339 state(s).
[t=0.008882s, 3332 KB] Dead ends: 0 state(s).
[t=0.008882s, 3332 KB] Number of registered states: 4563
[t=0.008882s, 3332 KB] Int hash set load factor: 4563/8192 = 0.557007
[t=0.008882s, 3332 KB] Int hash set resizes: 13
[t=0.008882s, 3332 KB] Search time: 0.004404s
[t=0.008882s, 3332 KB] Total time: 0.008882s
Solution found.
Remove intermediate file output.sas
search exit code: 0

