INFO     planner time limit: None
INFO     planner memory limit: None

INFO     Running translator.
INFO     translator stdin: None
INFO     translator time limit: None
INFO     translator memory limit: None
INFO     translator command line string: 'D:\Miniforge3\python.exe' -m translate 'C:\Users\user\Desktop\theoria\.worktrees\e6-dividend-v2\engine-rig\runs\20260728T191530Z-E6-engine-dividend\guarded\sokoban_guarded_full_domain.pddl' 'C:\Users\user\Desktop\theoria\.worktrees\e6-dividend-v2\engine-rig\runs\20260728T191530Z-E6-engine-dividend\guarded\far6_guarded_full.pddl' --sas-file output.sas
Warning! SIGXCPU is not available on your platform. This means that the planner cannot be gracefully terminated when using a time limit, which, however, is probably supported on your platform anyway.
Parsing...
Parsing: [0.000s CPU, 0.002s wall-clock]
Normalizing task... [0.000s CPU, 0.000s wall-clock]
Instantiating...
Generating Datalog program... [0.000s CPU, 0.000s wall-clock]
Normalizing Datalog program...
Normalizing Datalog program: [0.000s CPU, 0.001s wall-clock]
Preparing model... [0.000s CPU, 0.000s wall-clock]
Generated 26 rules.
Computing model... [0.000s CPU, 0.006s wall-clock]
839 relevant atoms
1224 auxiliary atoms
2063 final queue length
2787 total queue pushes
Completing instantiation... [0.016s CPU, 0.004s wall-clock]
Instantiating: [0.016s CPU, 0.012s wall-clock]
Computing fact groups...
Finding invariants...
7 initial candidates
Finding invariants: [0.000s CPU, 0.001s wall-clock]
Checking invariant weight... [0.000s CPU, 0.000s wall-clock]
Instantiating groups... [0.000s CPU, 0.001s wall-clock]
Collecting mutex groups... [0.000s CPU, 0.000s wall-clock]
Choosing groups...
68 uncovered facts
Choosing groups: [0.000s CPU, 0.000s wall-clock]
Building translation key... [0.000s CPU, 0.000s wall-clock]
Computing fact groups: [0.000s CPU, 0.002s wall-clock]
Building STRIPS to SAS dictionary... [0.000s CPU, 0.000s wall-clock]
Building dictionary for full mutex groups... [0.000s CPU, 0.000s wall-clock]
Building mutex information...
Building mutex information: [0.000s CPU, 0.000s wall-clock]
Translating task...
Processing axioms...
Simplifying axioms... [0.000s CPU, 0.000s wall-clock]
Translator axioms removed by simplifying: 0
Processing axioms: [0.000s CPU, 0.001s wall-clock]
Translating task: [0.000s CPU, 0.006s wall-clock]
472 effect conditions simplified
0 implied preconditions added
Detecting unreachable propositions...
0 operators removed
0 axioms removed
11 propositions removed
Detecting unreachable propositions: [0.000s CPU, 0.003s wall-clock]
Reordering and filtering variables...
71 of 71 variables necessary.
36 of 39 mutex groups necessary.
296 of 296 operators necessary.
48 of 48 axiom rules necessary.
Reordering and filtering variables: [0.000s CPU, 0.002s wall-clock]
Translator variables: 71
Translator derived variables: 32
Translator facts: 236
Translator goal facts: 2
Translator mutex groups: 36
Translator total mutex groups size: 136
Translator operators: 296
Translator axioms: 48
Translator task size: 2925
warning: could not determine peak memory
Writing output... [0.016s CPU, 0.011s wall-clock]
Done! [0.031s CPU, 0.038s wall-clock]
translate exit code: 0

INFO     Running search (release).
INFO     search stdin: output.sas
INFO     search time limit: None
INFO     search memory limit: None
INFO     search command line string: 'C:\Users\user\Desktop\theoria\.worktrees\p13\engine-rig\.toolchain\downward\builds\release\bin\downward.exe' --search 'eager(tiebreaking([sum([g(),blind()]),goalcount()]),reopen_closed=true)' --internal-plan-file 'C:\Users\user\AppData\Local\Temp\tmp1t0r2z9n\sas_plan' < output.sas
[t=0.000160s, 1972 KB] Search code revision: 7120aa0
[t=0.000271s, 1972 KB] reading input...
[t=0.003488s, 2552 KB] done reading input!
[t=0.004615s, 2944 KB] Initializing blind search heuristic...
[t=0.004634s, 2944 KB] Initializing goal count heuristic...
[t=0.004648s, 2944 KB] Building successor generator... done!
[t=0.004780s, 3012 KB] peak memory difference for successor generator creation: 68 KB
[t=0.004784s, 3012 KB] time for successor generation creation: 0.000124s
[t=0.004789s, 3012 KB] Variables: 71
[t=0.004792s, 3012 KB] FactPairs: 236
[t=0.004797s, 3012 KB] Bytes per state: 12
[t=0.004809s, 3012 KB] Conducting best first search with reopening closed nodes, (real) bound = 2147483647
[t=0.004832s, 3036 KB] New best heuristic value for goalcount: 2
[t=0.004837s, 3036 KB] New best heuristic value for blind: 1
[t=0.004839s, 3036 KB] g=0, 1 evaluated, 0 expanded
[t=0.004846s, 3036 KB] Initial heuristic value for goalcount: 2
[t=0.004849s, 3036 KB] Initial heuristic value for blind: 1
[t=0.004852s, 3036 KB] pruning method: none
[t=0.004942s, 3048 KB] New best heuristic value for goalcount: 1
[t=0.004947s, 3048 KB] g=7, 34 evaluated, 25 expanded
[t=0.011581s, 3264 KB] New best heuristic value for goalcount: 0
[t=0.011588s, 3264 KB] New best heuristic value for blind: 0
[t=0.011590s, 3264 KB] g=17, 3913 evaluated, 2652 expanded
[t=0.011595s, 3264 KB] Solution found!
[t=0.011598s, 3264 KB] Actual search time: 0.006745s
move c66 c56 up (1)
move c56 c46 up (1)
move c46 c45 left (1)
move c45 c44 left (1)
move c44 c43 left (1)
push c43 c33 c23 b2 up (1)
push c33 c23 c13 b2 up (1)
move c23 c33 down (1)
move c33 c32 left (1)
move c32 c31 left (1)
move c31 c21 up (1)
move c21 c11 up (1)
move c11 c12 right (1)
push c12 c22 c32 b1 down (1)
push c22 c32 c42 b1 down (1)
push c32 c42 c52 b1 down (1)
push c42 c52 c62 b1 down (1)
[t=0.011601s, 3264 KB] Plan length: 17 step(s).
[t=0.011601s, 3264 KB] Plan cost: 17
[t=0.011601s, 3264 KB] Expanded 2653 state(s).
[t=0.011601s, 3264 KB] Reopened 0 state(s).
[t=0.011601s, 3264 KB] Evaluated 3916 state(s).
[t=0.011601s, 3264 KB] Evaluations: 7832
[t=0.011601s, 3264 KB] Generated 9037 state(s).
[t=0.011601s, 3264 KB] Dead ends: 0 state(s).
[t=0.011601s, 3264 KB] Number of registered states: 3916
[t=0.011601s, 3264 KB] Int hash set load factor: 3916/8192 = 0.478027
[t=0.011601s, 3264 KB] Int hash set resizes: 13
[t=0.011601s, 3264 KB] Search time: 0.006794s
[t=0.011601s, 3264 KB] Total time: 0.011601s
Solution found.
Remove intermediate file output.sas
search exit code: 0

