INFO     planner time limit: None
INFO     planner memory limit: None

INFO     Running translator.
INFO     translator stdin: None
INFO     translator time limit: None
INFO     translator memory limit: None
INFO     translator command line string: 'D:\Miniforge3\python.exe' -m translate 'C:\Users\user\Desktop\theoria\.worktrees\e6-dividend-v2\engine-rig\runs\20260728T191530Z-E6-engine-dividend\guarded\sokoban_guarded_singleton_domain.pddl' 'C:\Users\user\Desktop\theoria\.worktrees\e6-dividend-v2\engine-rig\runs\20260728T191530Z-E6-engine-dividend\guarded\far6_guarded_singleton.pddl' --sas-file output.sas
Warning! SIGXCPU is not available on your platform. This means that the planner cannot be gracefully terminated when using a time limit, which, however, is probably supported on your platform anyway.
Parsing...
Parsing: [0.000s CPU, 0.002s wall-clock]
Normalizing task... [0.000s CPU, 0.000s wall-clock]
Instantiating...
Generating Datalog program... [0.000s CPU, 0.000s wall-clock]
Normalizing Datalog program...
Normalizing Datalog program: [0.000s CPU, 0.001s wall-clock]
Preparing model... [0.000s CPU, 0.000s wall-clock]
Generated 20 rules.
Computing model... [0.000s CPU, 0.005s wall-clock]
711 relevant atoms
984 auxiliary atoms
1695 final queue length
2403 total queue pushes
Completing instantiation... [0.000s CPU, 0.004s wall-clock]
Instantiating: [0.000s CPU, 0.011s wall-clock]
Computing fact groups...
Finding invariants...
7 initial candidates
Finding invariants: [0.000s CPU, 0.001s wall-clock]
Checking invariant weight... [0.000s CPU, 0.000s wall-clock]
Instantiating groups... [0.000s CPU, 0.001s wall-clock]
Collecting mutex groups... [0.000s CPU, 0.000s wall-clock]
Choosing groups...
36 uncovered facts
Choosing groups: [0.016s CPU, 0.000s wall-clock]
Building translation key... [0.000s CPU, 0.000s wall-clock]
Computing fact groups: [0.016s CPU, 0.002s wall-clock]
Building STRIPS to SAS dictionary... [0.000s CPU, 0.000s wall-clock]
Building dictionary for full mutex groups... [0.000s CPU, 0.000s wall-clock]
Building mutex information...
Building mutex information: [0.000s CPU, 0.000s wall-clock]
Translating task...
Processing axioms...
Simplifying axioms... [0.000s CPU, 0.000s wall-clock]
Translator axioms removed by simplifying: 0
Processing axioms: [0.000s CPU, 0.000s wall-clock]
Translating task: [0.000s CPU, 0.005s wall-clock]
472 effect conditions simplified
0 implied preconditions added
Detecting unreachable propositions...
0 operators removed
0 axioms removed
11 propositions removed
Detecting unreachable propositions: [0.000s CPU, 0.002s wall-clock]
Reordering and filtering variables...
39 of 39 variables necessary.
36 of 39 mutex groups necessary.
296 of 296 operators necessary.
0 of 0 axiom rules necessary.
Reordering and filtering variables: [0.000s CPU, 0.002s wall-clock]
Translator variables: 39
Translator derived variables: 0
Translator facts: 172
Translator goal facts: 2
Translator mutex groups: 36
Translator total mutex groups size: 136
Translator operators: 296
Translator axioms: 0
Translator task size: 2653
warning: could not determine peak memory
Writing output... [0.000s CPU, 0.011s wall-clock]
Done! [0.016s CPU, 0.035s wall-clock]
translate exit code: 0

INFO     Running search (release).
INFO     search stdin: output.sas
INFO     search time limit: None
INFO     search memory limit: None
INFO     search command line string: 'C:\Users\user\Desktop\theoria\.worktrees\p13\engine-rig\.toolchain\downward\builds\release\bin\downward.exe' --search 'eager(single(sum([g(),blind()])),reopen_closed=true)' --internal-plan-file 'C:\Users\user\AppData\Local\Temp\tmpv4h9mi5r\sas_plan' < output.sas
[t=0.000150s, 1944 KB] Search code revision: 7120aa0
[t=0.000248s, 1944 KB] reading input...
[t=0.003040s, 2472 KB] done reading input!
[t=0.004209s, 2868 KB] Initializing blind search heuristic...
[t=0.004235s, 2868 KB] Building successor generator... done!
[t=0.004337s, 2912 KB] peak memory difference for successor generator creation: 44 KB
[t=0.004340s, 2912 KB] time for successor generation creation: 0.000093s
[t=0.004345s, 2912 KB] Variables: 39
[t=0.004347s, 2912 KB] FactPairs: 172
[t=0.004349s, 2912 KB] Bytes per state: 8
[t=0.004361s, 2912 KB] Conducting best first search with reopening closed nodes, (real) bound = 2147483647
[t=0.004378s, 2920 KB] New best heuristic value for blind: 1
[t=0.004380s, 2920 KB] g=0, 1 evaluated, 0 expanded
[t=0.004389s, 2932 KB] Initial heuristic value for blind: 1
[t=0.004392s, 2932 KB] pruning method: none
[t=0.007916s, 3144 KB] New best heuristic value for blind: 0
[t=0.007930s, 3144 KB] g=17, 4080 evaluated, 2761 expanded
[t=0.009232s, 3276 KB] Solution found!
[t=0.009245s, 3276 KB] Actual search time: 0.004852s
move c66 c56 up (1)
move c56 c46 up (1)
move c46 c36 up (1)
move c36 c26 up (1)
move c26 c16 up (1)
move c16 c15 left (1)
move c15 c14 left (1)
move c14 c13 left (1)
move c13 c12 left (1)
push c12 c22 c32 b1 down (1)
push c22 c32 c42 b1 down (1)
push c32 c42 c52 b1 down (1)
push c42 c52 c62 b1 down (1)
move c52 c42 up (1)
move c42 c43 right (1)
push c43 c33 c23 b2 up (1)
push c33 c23 c13 b2 up (1)
[t=0.009249s, 3296 KB] Plan length: 17 step(s).
[t=0.009249s, 3296 KB] Plan cost: 17
[t=0.009249s, 3296 KB] Expanded 3950 state(s).
[t=0.009249s, 3296 KB] Reopened 0 state(s).
[t=0.009249s, 3296 KB] Evaluated 5661 state(s).
[t=0.009249s, 3296 KB] Evaluations: 5661
[t=0.009249s, 3296 KB] Generated 13460 state(s).
[t=0.009249s, 3296 KB] Dead ends: 0 state(s).
[t=0.009249s, 3296 KB] Number of registered states: 5661
[t=0.009249s, 3296 KB] Int hash set load factor: 5661/8192 = 0.691040
[t=0.009249s, 3296 KB] Int hash set resizes: 13
[t=0.009249s, 3296 KB] Search time: 0.004889s
[t=0.009249s, 3296 KB] Total time: 0.009249s
Solution found.
Remove intermediate file output.sas
search exit code: 0

