INFO     planner time limit: None
INFO     planner memory limit: None

INFO     Running translator.
INFO     translator stdin: None
INFO     translator time limit: None
INFO     translator memory limit: None
INFO     translator command line string: 'D:\Miniforge3\python.exe' -m translate 'C:\Users\user\Desktop\theoria\.worktrees\e6-dividend-v2\engine-rig\fixtures\data\sokoban_domain.pddl' 'C:\Users\user\Desktop\theoria\.worktrees\e6-dividend-v2\engine-rig\runs\20260728T191530Z-E6-engine-dividend\instances\far6.pddl' --sas-file output.sas
Warning! SIGXCPU is not available on your platform. This means that the planner cannot be gracefully terminated when using a time limit, which, however, is probably supported on your platform anyway.
Parsing...
Parsing: [0.000s CPU, 0.002s wall-clock]
Normalizing task... [0.000s CPU, 0.000s wall-clock]
Instantiating...
Generating Datalog program... [0.000s CPU, 0.000s wall-clock]
Normalizing Datalog program...
Normalizing Datalog program: [0.000s CPU, 0.001s wall-clock]
Preparing model... [0.000s CPU, 0.000s wall-clock]
Generated 20 rules.
Computing model... [0.000s CPU, 0.005s wall-clock]
703 relevant atoms
984 auxiliary atoms
1687 final queue length
2395 total queue pushes
Completing instantiation... [0.016s CPU, 0.004s wall-clock]
Instantiating: [0.016s CPU, 0.011s wall-clock]
Computing fact groups...
Finding invariants...
7 initial candidates
Finding invariants: [0.000s CPU, 0.001s wall-clock]
Checking invariant weight... [0.000s CPU, 0.000s wall-clock]
Instantiating groups... [0.000s CPU, 0.001s wall-clock]
Collecting mutex groups... [0.000s CPU, 0.000s wall-clock]
Choosing groups...
36 uncovered facts
Choosing groups: [0.000s CPU, 0.000s wall-clock]
Building translation key... [0.000s CPU, 0.000s wall-clock]
Computing fact groups: [0.000s CPU, 0.002s wall-clock]
Building STRIPS to SAS dictionary... [0.000s CPU, 0.000s wall-clock]
Building dictionary for full mutex groups... [0.000s CPU, 0.000s wall-clock]
Building mutex information...
Building mutex information: [0.000s CPU, 0.000s wall-clock]
Translating task...
Processing axioms...
Simplifying axioms... [0.000s CPU, 0.000s wall-clock]
Translator axioms removed by simplifying: 0
Processing axioms: [0.000s CPU, 0.000s wall-clock]
Translating task: [0.000s CPU, 0.006s wall-clock]
504 effect conditions simplified
0 implied preconditions added
Detecting unreachable propositions...
0 operators removed
0 axioms removed
3 propositions removed
Detecting unreachable propositions: [0.000s CPU, 0.003s wall-clock]
Reordering and filtering variables...
39 of 39 variables necessary.
36 of 39 mutex groups necessary.
312 of 312 operators necessary.
0 of 0 axiom rules necessary.
Reordering and filtering variables: [0.000s CPU, 0.002s wall-clock]
Translator variables: 39
Translator derived variables: 0
Translator facts: 180
Translator goal facts: 2
Translator mutex groups: 36
Translator total mutex groups size: 144
Translator operators: 312
Translator axioms: 0
Translator task size: 2813
warning: could not determine peak memory
Writing output... [0.016s CPU, 0.012s wall-clock]
Done! [0.031s CPU, 0.037s wall-clock]
translate exit code: 0

INFO     Running search (release).
INFO     search stdin: output.sas
INFO     search time limit: None
INFO     search memory limit: None
INFO     search command line string: 'C:\Users\user\Desktop\theoria\.worktrees\p13\engine-rig\.toolchain\downward\builds\release\bin\downward.exe' --search 'astar(blind())' --internal-plan-file 'C:\Users\user\AppData\Local\Temp\tmpgpwjeeox\sas_plan' < output.sas
[t=0.000141s, 1972 KB] Search code revision: 7120aa0
[t=0.000235s, 1972 KB] reading input...
[t=0.003188s, 2516 KB] done reading input!
[t=0.004216s, 2892 KB] Initializing blind search heuristic...
[t=0.004245s, 2892 KB] Building successor generator... done!
[t=0.004356s, 2960 KB] peak memory difference for successor generator creation: 68 KB
[t=0.004359s, 2960 KB] time for successor generation creation: 0.000104s
[t=0.004364s, 2960 KB] Variables: 39
[t=0.004367s, 2960 KB] FactPairs: 180
[t=0.004370s, 2960 KB] Bytes per state: 8
[t=0.004380s, 2960 KB] Conducting best first search with reopening closed nodes, (real) bound = 2147483647
[t=0.004400s, 2996 KB] New best heuristic value for blind: 1
[t=0.004404s, 2996 KB] g=0, 1 evaluated, 0 expanded
[t=0.004407s, 2996 KB] f = 1, 1 evaluated, 0 expanded
[t=0.004414s, 2996 KB] Initial heuristic value for blind: 1
[t=0.004418s, 2996 KB] pruning method: none
[t=0.004426s, 2996 KB] f = 2, 3 evaluated, 1 expanded
[t=0.004434s, 2996 KB] f = 3, 6 evaluated, 3 expanded
[t=0.004442s, 2996 KB] f = 4, 10 evaluated, 6 expanded
[t=0.004451s, 2996 KB] f = 5, 15 evaluated, 10 expanded
[t=0.004463s, 2996 KB] f = 6, 21 evaluated, 15 expanded
[t=0.004475s, 2996 KB] f = 7, 27 evaluated, 21 expanded
[t=0.004491s, 2996 KB] f = 8, 39 evaluated, 27 expanded
[t=0.004519s, 2996 KB] f = 9, 65 evaluated, 39 expanded
[t=0.004567s, 2996 KB] f = 10, 121 evaluated, 65 expanded
[t=0.004662s, 2996 KB] f = 11, 226 evaluated, 121 expanded
[t=0.004830s, 2996 KB] f = 12, 402 evaluated, 226 expanded
[t=0.005126s, 3012 KB] f = 13, 702 evaluated, 402 expanded
[t=0.005592s, 3032 KB] f = 14, 1182 evaluated, 702 expanded
[t=0.006243s, 3044 KB] f = 15, 1917 evaluated, 1182 expanded
[t=0.007296s, 3104 KB] f = 16, 2989 evaluated, 1917 expanded
[t=0.008917s, 3196 KB] f = 17, 4518 evaluated, 2989 expanded
[t=0.009069s, 3348 KB] New best heuristic value for blind: 0
[t=0.009075s, 3348 KB] g=17, 4649 evaluated, 3069 expanded
[t=0.009080s, 3348 KB] Solution found!
[t=0.009085s, 3348 KB] Actual search time: 0.004666s
move c66 c56 up (1)
move c56 c46 up (1)
move c46 c36 up (1)
move c36 c26 up (1)
move c26 c16 up (1)
move c16 c15 left (1)
move c15 c14 left (1)
move c14 c13 left (1)
move c13 c12 left (1)
push c12 c22 c32 b1 down (1)
push c22 c32 c42 b1 down (1)
push c32 c42 c52 b1 down (1)
push c42 c52 c62 b1 down (1)
move c52 c42 up (1)
move c42 c43 right (1)
push c43 c33 c23 b2 up (1)
push c33 c23 c13 b2 up (1)
[t=0.009088s, 3348 KB] Plan length: 17 step(s).
[t=0.009088s, 3348 KB] Plan cost: 17
[t=0.009088s, 3348 KB] Expanded 3070 state(s).
[t=0.009088s, 3348 KB] Reopened 0 state(s).
[t=0.009088s, 3348 KB] Evaluated 4652 state(s).
[t=0.009088s, 3348 KB] Evaluations: 4652
[t=0.009088s, 3348 KB] Generated 10488 state(s).
[t=0.009088s, 3348 KB] Dead ends: 0 state(s).
[t=0.009088s, 3348 KB] Expanded until last jump: 2989 state(s).
[t=0.009088s, 3348 KB] Reopened until last jump: 0 state(s).
[t=0.009088s, 3348 KB] Evaluated until last jump: 4518 state(s).
[t=0.009088s, 3348 KB] Generated until last jump: 10202 state(s).
[t=0.009088s, 3348 KB] Number of registered states: 4652
[t=0.009088s, 3348 KB] Int hash set load factor: 4652/8192 = 0.567871
[t=0.009088s, 3348 KB] Int hash set resizes: 13
[t=0.009088s, 3348 KB] Search time: 0.004709s
[t=0.009088s, 3348 KB] Total time: 0.009088s
Solution found.
Remove intermediate file output.sas
search exit code: 0

