INFO     planner time limit: None
INFO     planner memory limit: None

INFO     Running translator.
INFO     translator stdin: None
INFO     translator time limit: None
INFO     translator memory limit: None
INFO     translator command line string: 'D:\Miniforge3\python.exe' -m translate 'C:\Users\user\Desktop\theoria\.worktrees\e6-dividend-v2\engine-rig\runs\20260728T191530Z-E6-engine-dividend\guarded\sokoban_guarded_indexed_domain.pddl' 'C:\Users\user\Desktop\theoria\.worktrees\e6-dividend-v2\engine-rig\runs\20260728T191530Z-E6-engine-dividend\guarded\far6_guarded_indexed.pddl' --sas-file output.sas
Warning! SIGXCPU is not available on your platform. This means that the planner cannot be gracefully terminated when using a time limit, which, however, is probably supported on your platform anyway.
Parsing...
Parsing: [0.000s CPU, 0.002s wall-clock]
Normalizing task... [0.000s CPU, 0.000s wall-clock]
Instantiating...
Generating Datalog program... [0.000s CPU, 0.000s wall-clock]
Normalizing Datalog program...
Normalizing Datalog program: [0.000s CPU, 0.001s wall-clock]
Preparing model... [0.000s CPU, 0.001s wall-clock]
Generated 56 rules.
Computing model... [0.016s CPU, 0.016s wall-clock]
831 relevant atoms
5192 auxiliary atoms
6023 final queue length
6731 total queue pushes
Completing instantiation... [0.000s CPU, 0.005s wall-clock]
Instantiating: [0.016s CPU, 0.023s wall-clock]
Computing fact groups...
Finding invariants...
7 initial candidates
Finding invariants: [0.000s CPU, 0.002s wall-clock]
Checking invariant weight... [0.000s CPU, 0.000s wall-clock]
Instantiating groups... [0.000s CPU, 0.001s wall-clock]
Collecting mutex groups... [0.000s CPU, 0.000s wall-clock]
Choosing groups...
36 uncovered facts
Choosing groups: [0.000s CPU, 0.000s wall-clock]
Building translation key... [0.000s CPU, 0.000s wall-clock]
Computing fact groups: [0.000s CPU, 0.003s wall-clock]
Building STRIPS to SAS dictionary... [0.000s CPU, 0.000s wall-clock]
Building dictionary for full mutex groups... [0.000s CPU, 0.000s wall-clock]
Building mutex information...
Building mutex information: [0.000s CPU, 0.000s wall-clock]
Translating task...
Processing axioms...
Simplifying axioms... [0.000s CPU, 0.000s wall-clock]
Translator axioms removed by simplifying: 0
Processing axioms: [0.000s CPU, 0.000s wall-clock]
Translating task: [0.062s CPU, 0.049s wall-clock]
5976 effect conditions simplified
0 implied preconditions added
Detecting unreachable propositions...
400 operators removed
0 axioms removed
11 propositions removed
Detecting unreachable propositions: [0.016s CPU, 0.025s wall-clock]
Reordering and filtering variables...
39 of 39 variables necessary.
36 of 39 mutex groups necessary.
2648 of 2648 operators necessary.
0 of 0 axiom rules necessary.
Reordering and filtering variables: [0.016s CPU, 0.013s wall-clock]
Translator variables: 39
Translator derived variables: 0
Translator facts: 172
Translator goal facts: 2
Translator mutex groups: 36
Translator total mutex groups size: 136
Translator operators: 2648
Translator axioms: 0
Translator task size: 26253
warning: could not determine peak memory
Writing output... [0.031s CPU, 0.034s wall-clock]
Done! [0.141s CPU, 0.151s wall-clock]
translate exit code: 0

INFO     Running search (release).
INFO     search stdin: output.sas
INFO     search time limit: None
INFO     search memory limit: None
INFO     search command line string: 'C:\Users\user\Desktop\theoria\.worktrees\p13\engine-rig\.toolchain\downward\builds\release\bin\downward.exe' --search 'let(hlm,eval_modify_costs(landmark_sum(lm_factory=lm_reasonable_orders_hps(lm_rhw()),pref=false),cost_type=one),let(hff,eval_modify_costs(ff(),cost_type=one),lazy_greedy([hff,hlm],preferred=[hff,hlm],cost_type=one,reopen_closed=false)))' --internal-plan-file 'C:\Users\user\AppData\Local\Temp\tmpcc1d65p_\sas_plan' < output.sas
[t=0.000138s, 1980 KB] Search code revision: 7120aa0
[t=0.000237s, 1980 KB] reading input...
[t=0.024612s, 3424 KB] done reading input!
[t=0.026804s, 4652 KB] Simplifying 13000 unary operators... done! [12936 unary operators]
[t=0.032412s, 5848 KB] time to simplify: 0.005613s
[t=0.032770s, 5848 KB] Initializing additive heuristic...
[t=0.032778s, 5848 KB] Initializing FF heuristic...
[t=0.032813s, 5848 KB] Initializing landmark sum heuristic...
[t=0.032818s, 5848 KB] Generating landmark graph...
[t=0.032940s, 5848 KB] Building a landmark graph with reasonable orders.
[t=0.033020s, 5848 KB] Initializing Exploration...
[t=0.034237s, 6164 KB] Generating landmarks using the RPG/SAS+ approach
[t=0.036569s, 6164 KB] Landmarks generation time: 0.003627s
[t=0.036579s, 6164 KB] Discovered 8 landmarks, of which 2 are disjunctive and 0 are conjunctive.
[t=0.036582s, 6164 KB] There are 6 landmark orderings.
[t=0.036586s, 6164 KB] approx. reasonable orders
[t=0.036640s, 6164 KB] Landmarks generation time: 0.003821s
[t=0.036647s, 6164 KB] Discovered 8 landmarks, of which 2 are disjunctive and 0 are conjunctive.
[t=0.036650s, 6164 KB] There are 6 landmark orderings.
[t=0.036652s, 6164 KB] Landmark graph generation time: 0.003835s
[t=0.036655s, 6164 KB] Landmark graph contains 8 landmarks, of which 2 are disjunctive and 0 are conjunctive.
[t=0.036761s, 6164 KB] Landmark graph contains 6 orderings.
[t=0.036815s, 6164 KB] Building successor generator... done!
[t=0.037397s, 6164 KB] peak memory difference for successor generator creation: 0 KB
[t=0.037400s, 6164 KB] time for successor generation creation: 0.000569s
[t=0.037407s, 6164 KB] Variables: 39
[t=0.037409s, 6164 KB] FactPairs: 172
[t=0.037412s, 6164 KB] Bytes per state: 8
[t=0.037427s, 6164 KB] Conducting lazy best first search, (real) bound = 2147483647
[t=0.037514s, 6164 KB] New best heuristic value for landmark_sum_heuristic: 4
[t=0.037521s, 6164 KB] New best heuristic value for ff: 22
[t=0.037523s, 6164 KB] g=0, 1 evaluated, 0 expanded
[t=0.037530s, 6164 KB] Initial heuristic value for landmark_sum_heuristic: 4
[t=0.037532s, 6164 KB] Initial heuristic value for ff: 22
[t=0.037587s, 6164 KB] New best heuristic value for ff: 19
[t=0.037591s, 6164 KB] g=1, 2 evaluated, 1 expanded
[t=0.037696s, 6164 KB] New best heuristic value for ff: 17
[t=0.037700s, 6164 KB] g=3, 4 evaluated, 3 expanded
[t=0.037804s, 6164 KB] New best heuristic value for ff: 13
[t=0.037809s, 6164 KB] g=4, 6 evaluated, 5 expanded
[t=0.038015s, 6164 KB] New best heuristic value for landmark_sum_heuristic: 3
[t=0.038019s, 6164 KB] g=6, 10 evaluated, 9 expanded
[t=0.038567s, 6164 KB] New best heuristic value for ff: 12
[t=0.038571s, 6164 KB] g=5, 22 evaluated, 19 expanded
[t=0.038666s, 6164 KB] New best heuristic value for ff: 10
[t=0.038670s, 6164 KB] g=6, 24 evaluated, 21 expanded
[t=0.038746s, 6164 KB] New best heuristic value for landmark_sum_heuristic: 2
[t=0.038750s, 6164 KB] g=7, 26 evaluated, 23 expanded
[t=0.038789s, 6164 KB] New best heuristic value for ff: 9
[t=0.038793s, 6164 KB] g=8, 27 evaluated, 24 expanded
[t=0.038886s, 6164 KB] New best heuristic value for landmark_sum_heuristic: 1
[t=0.038890s, 6164 KB] g=10, 30 evaluated, 26 expanded
[t=0.039204s, 6164 KB] New best heuristic value for ff: 6
[t=0.039208s, 6164 KB] g=13, 39 evaluated, 34 expanded
[t=0.039240s, 6164 KB] New best heuristic value for ff: 4
[t=0.039242s, 6164 KB] g=14, 40 evaluated, 35 expanded
[t=0.039388s, 6164 KB] New best heuristic value for ff: 2
[t=0.039403s, 6164 KB] g=15, 42 evaluated, 37 expanded
[t=0.039466s, 6164 KB] New best heuristic value for ff: 1
[t=0.039471s, 6164 KB] g=16, 44 evaluated, 39 expanded
[t=0.039482s, 6164 KB] Solution found!
[t=0.039488s, 6164 KB] Actual search time: 0.002050s
move c66 c56 up (1)
move c56 c55 left (1)
move c55 c45 up (1)
move c45 c44 left (1)
move c44 c43 left (1)
push-pair0 c43 c33 c23 b2 up (1)
push-pair2 c33 c23 c13 b2 up b1 c12 b1 c14 (1)
move c23 c33 down (1)
move c33 c32 left (1)
move c32 c31 left (1)
move c31 c21 up (1)
move c21 c11 up (1)
move c11 c12 right (1)
push-pair0 c12 c22 c32 b1 down (1)
push-pair0 c22 c32 c42 b1 down (1)
push-pair0 c32 c42 c52 b1 down (1)
push-pair1 c42 c52 c62 b1 down b2 c63 (1)
[t=0.039491s, 6164 KB] Plan length: 17 step(s).
[t=0.039491s, 6164 KB] Plan cost: 17
[t=0.039491s, 6164 KB] Expanded 40 state(s).
[t=0.039491s, 6164 KB] Reopened 0 state(s).
[t=0.039491s, 6164 KB] Evaluated 45 state(s).
[t=0.039491s, 6164 KB] Evaluations: 86
[t=0.039491s, 6164 KB] Generated 144 state(s).
[t=0.039491s, 6164 KB] Dead ends: 4 state(s).
[t=0.039491s, 6164 KB] Number of registered states: 45
[t=0.039491s, 6164 KB] Int hash set load factor: 45/64 = 0.703125
[t=0.039491s, 6164 KB] Int hash set resizes: 6
[t=0.039491s, 6164 KB] Search time: 0.002066s
[t=0.039491s, 6164 KB] Total time: 0.039491s
Solution found.
Remove intermediate file output.sas
search exit code: 0

