INFO     planner time limit: None
INFO     planner memory limit: None

INFO     Running translator.
INFO     translator stdin: None
INFO     translator time limit: None
INFO     translator memory limit: None
INFO     translator command line string: 'D:\Miniforge3\python.exe' -m translate 'C:\Users\user\Desktop\theoria\.worktrees\e6-dividend-v2\engine-rig\runs\20260728T191530Z-E6-engine-dividend\guarded\sokoban_guarded_indexed_domain.pddl' 'C:\Users\user\Desktop\theoria\.worktrees\e6-dividend-v2\engine-rig\runs\20260728T191530Z-E6-engine-dividend\guarded\far6_guarded_indexed.pddl' --sas-file output.sas
Warning! SIGXCPU is not available on your platform. This means that the planner cannot be gracefully terminated when using a time limit, which, however, is probably supported on your platform anyway.
Parsing...
Parsing: [0.000s CPU, 0.002s wall-clock]
Normalizing task... [0.000s CPU, 0.000s wall-clock]
Instantiating...
Generating Datalog program... [0.000s CPU, 0.000s wall-clock]
Normalizing Datalog program...
Normalizing Datalog program: [0.000s CPU, 0.001s wall-clock]
Preparing model... [0.000s CPU, 0.001s wall-clock]
Generated 56 rules.
Computing model... [0.016s CPU, 0.016s wall-clock]
831 relevant atoms
5192 auxiliary atoms
6023 final queue length
6731 total queue pushes
Completing instantiation... [0.016s CPU, 0.005s wall-clock]
Instantiating: [0.031s CPU, 0.023s wall-clock]
Computing fact groups...
Finding invariants...
7 initial candidates
Finding invariants: [0.000s CPU, 0.002s wall-clock]
Checking invariant weight... [0.000s CPU, 0.000s wall-clock]
Instantiating groups... [0.000s CPU, 0.001s wall-clock]
Collecting mutex groups... [0.000s CPU, 0.000s wall-clock]
Choosing groups...
36 uncovered facts
Choosing groups: [0.000s CPU, 0.000s wall-clock]
Building translation key... [0.000s CPU, 0.000s wall-clock]
Computing fact groups: [0.000s CPU, 0.003s wall-clock]
Building STRIPS to SAS dictionary... [0.000s CPU, 0.000s wall-clock]
Building dictionary for full mutex groups... [0.000s CPU, 0.000s wall-clock]
Building mutex information...
Building mutex information: [0.000s CPU, 0.000s wall-clock]
Translating task...
Processing axioms...
Simplifying axioms... [0.000s CPU, 0.000s wall-clock]
Translator axioms removed by simplifying: 0
Processing axioms: [0.000s CPU, 0.000s wall-clock]
Translating task: [0.047s CPU, 0.049s wall-clock]
5976 effect conditions simplified
0 implied preconditions added
Detecting unreachable propositions...
400 operators removed
0 axioms removed
11 propositions removed
Detecting unreachable propositions: [0.031s CPU, 0.025s wall-clock]
Reordering and filtering variables...
39 of 39 variables necessary.
36 of 39 mutex groups necessary.
2648 of 2648 operators necessary.
0 of 0 axiom rules necessary.
Reordering and filtering variables: [0.016s CPU, 0.013s wall-clock]
Translator variables: 39
Translator derived variables: 0
Translator facts: 172
Translator goal facts: 2
Translator mutex groups: 36
Translator total mutex groups size: 136
Translator operators: 2648
Translator axioms: 0
Translator task size: 26253
warning: could not determine peak memory
Writing output... [0.016s CPU, 0.034s wall-clock]
Done! [0.141s CPU, 0.152s wall-clock]
translate exit code: 0

INFO     Running search (release).
INFO     search stdin: output.sas
INFO     search time limit: None
INFO     search memory limit: None
INFO     search command line string: 'C:\Users\user\Desktop\theoria\.worktrees\p13\engine-rig\.toolchain\downward\builds\release\bin\downward.exe' --search 'astar(blind())' --internal-plan-file 'C:\Users\user\AppData\Local\Temp\tmpfk08k6lh\sas_plan' < output.sas
[t=0.000160s, 1956 KB] Search code revision: 7120aa0
[t=0.000243s, 1956 KB] reading input...
[t=0.025044s, 3400 KB] done reading input!
[t=0.026129s, 3784 KB] Initializing blind search heuristic...
[t=0.026159s, 3784 KB] Building successor generator... done!
[t=0.026941s, 4156 KB] peak memory difference for successor generator creation: 372 KB
[t=0.026944s, 4156 KB] time for successor generation creation: 0.000772s
[t=0.026952s, 4156 KB] Variables: 39
[t=0.026957s, 4156 KB] FactPairs: 172
[t=0.026959s, 4156 KB] Bytes per state: 8
[t=0.026971s, 4156 KB] Conducting best first search with reopening closed nodes, (real) bound = 2147483647
[t=0.026989s, 4156 KB] New best heuristic value for blind: 1
[t=0.026992s, 4156 KB] g=0, 1 evaluated, 0 expanded
[t=0.026995s, 4156 KB] f = 1, 1 evaluated, 0 expanded
[t=0.027001s, 4156 KB] Initial heuristic value for blind: 1
[t=0.027005s, 4156 KB] pruning method: none
[t=0.027014s, 4156 KB] f = 2, 3 evaluated, 1 expanded
[t=0.027021s, 4156 KB] f = 3, 6 evaluated, 3 expanded
[t=0.027029s, 4156 KB] f = 4, 10 evaluated, 6 expanded
[t=0.027040s, 4156 KB] f = 5, 15 evaluated, 10 expanded
[t=0.027051s, 4156 KB] f = 6, 21 evaluated, 15 expanded
[t=0.027062s, 4156 KB] f = 7, 27 evaluated, 21 expanded
[t=0.027080s, 4156 KB] f = 8, 39 evaluated, 27 expanded
[t=0.027108s, 4156 KB] f = 9, 65 evaluated, 39 expanded
[t=0.027159s, 4156 KB] f = 10, 121 evaluated, 65 expanded
[t=0.027256s, 4156 KB] f = 11, 224 evaluated, 121 expanded
[t=0.027415s, 4156 KB] f = 12, 386 evaluated, 224 expanded
[t=0.027676s, 4156 KB] f = 13, 659 evaluated, 386 expanded
[t=0.028099s, 4156 KB] f = 14, 1083 evaluated, 659 expanded
[t=0.028670s, 4156 KB] f = 15, 1723 evaluated, 1083 expanded
[t=0.029579s, 4216 KB] f = 16, 2625 evaluated, 1723 expanded
[t=0.030748s, 4240 KB] f = 17, 3883 evaluated, 2625 expanded
[t=0.031460s, 4308 KB] New best heuristic value for blind: 0
[t=0.031467s, 4308 KB] g=17, 4431 evaluated, 3033 expanded
[t=0.031470s, 4308 KB] Solution found!
[t=0.031473s, 4308 KB] Actual search time: 0.004466s
move c66 c56 up (1)
move c56 c55 left (1)
move c55 c45 up (1)
move c45 c35 up (1)
move c35 c25 up (1)
move c25 c24 left (1)
move c24 c23 left (1)
move c23 c13 up (1)
move c13 c12 left (1)
push-pair0 c12 c22 c32 b1 down (1)
push-pair0 c22 c32 c42 b1 down (1)
push-pair0 c32 c42 c52 b1 down (1)
push-pair1 c42 c52 c62 b1 down b2 c63 (1)
move c52 c42 up (1)
move c42 c43 right (1)
push-pair0 c43 c33 c23 b2 up (1)
push-pair2 c33 c23 c13 b2 up b1 c12 b1 c14 (1)
[t=0.031476s, 4308 KB] Plan length: 17 step(s).
[t=0.031476s, 4308 KB] Plan cost: 17
[t=0.031476s, 4308 KB] Expanded 3034 state(s).
[t=0.031476s, 4308 KB] Reopened 0 state(s).
[t=0.031476s, 4308 KB] Evaluated 4431 state(s).
[t=0.031476s, 4308 KB] Evaluations: 4431
[t=0.031476s, 4308 KB] Generated 10327 state(s).
[t=0.031476s, 4308 KB] Dead ends: 0 state(s).
[t=0.031476s, 4308 KB] Expanded until last jump: 2625 state(s).
[t=0.031476s, 4308 KB] Reopened until last jump: 0 state(s).
[t=0.031476s, 4308 KB] Evaluated until last jump: 3883 state(s).
[t=0.031476s, 4308 KB] Generated until last jump: 8944 state(s).
[t=0.031476s, 4308 KB] Number of registered states: 4431
[t=0.031476s, 4308 KB] Int hash set load factor: 4431/8192 = 0.540894
[t=0.031476s, 4308 KB] Int hash set resizes: 13
[t=0.031476s, 4308 KB] Search time: 0.004506s
[t=0.031476s, 4308 KB] Total time: 0.031476s
Solution found.
Remove intermediate file output.sas
search exit code: 0

