INFO     planner time limit: None
INFO     planner memory limit: None

INFO     Running translator.
INFO     translator stdin: None
INFO     translator time limit: None
INFO     translator memory limit: None
INFO     translator command line string: 'D:\Miniforge3\python.exe' -m translate 'C:\Users\user\Desktop\theoria\.worktrees\e6-dividend-v2\engine-rig\runs\20260728T191530Z-E6-engine-dividend\guarded\sokoban_guarded_full_domain.pddl' 'C:\Users\user\Desktop\theoria\.worktrees\e6-dividend-v2\engine-rig\runs\20260728T191530Z-E6-engine-dividend\guarded\far6_guarded_full.pddl' --sas-file output.sas
Warning! SIGXCPU is not available on your platform. This means that the planner cannot be gracefully terminated when using a time limit, which, however, is probably supported on your platform anyway.
Parsing...
Parsing: [0.000s CPU, 0.002s wall-clock]
Normalizing task... [0.000s CPU, 0.000s wall-clock]
Instantiating...
Generating Datalog program... [0.000s CPU, 0.000s wall-clock]
Normalizing Datalog program...
Normalizing Datalog program: [0.000s CPU, 0.001s wall-clock]
Preparing model... [0.000s CPU, 0.000s wall-clock]
Generated 26 rules.
Computing model... [0.016s CPU, 0.006s wall-clock]
839 relevant atoms
1224 auxiliary atoms
2063 final queue length
2787 total queue pushes
Completing instantiation... [0.000s CPU, 0.004s wall-clock]
Instantiating: [0.016s CPU, 0.012s wall-clock]
Computing fact groups...
Finding invariants...
7 initial candidates
Finding invariants: [0.000s CPU, 0.001s wall-clock]
Checking invariant weight... [0.000s CPU, 0.000s wall-clock]
Instantiating groups... [0.000s CPU, 0.001s wall-clock]
Collecting mutex groups... [0.000s CPU, 0.000s wall-clock]
Choosing groups...
68 uncovered facts
Choosing groups: [0.000s CPU, 0.000s wall-clock]
Building translation key... [0.000s CPU, 0.000s wall-clock]
Computing fact groups: [0.000s CPU, 0.002s wall-clock]
Building STRIPS to SAS dictionary... [0.000s CPU, 0.000s wall-clock]
Building dictionary for full mutex groups... [0.000s CPU, 0.000s wall-clock]
Building mutex information...
Building mutex information: [0.000s CPU, 0.000s wall-clock]
Translating task...
Processing axioms...
Simplifying axioms... [0.000s CPU, 0.000s wall-clock]
Translator axioms removed by simplifying: 0
Processing axioms: [0.000s CPU, 0.001s wall-clock]
Translating task: [0.000s CPU, 0.006s wall-clock]
472 effect conditions simplified
0 implied preconditions added
Detecting unreachable propositions...
0 operators removed
0 axioms removed
11 propositions removed
Detecting unreachable propositions: [0.000s CPU, 0.003s wall-clock]
Reordering and filtering variables...
71 of 71 variables necessary.
36 of 39 mutex groups necessary.
296 of 296 operators necessary.
48 of 48 axiom rules necessary.
Reordering and filtering variables: [0.016s CPU, 0.002s wall-clock]
Translator variables: 71
Translator derived variables: 32
Translator facts: 236
Translator goal facts: 2
Translator mutex groups: 36
Translator total mutex groups size: 136
Translator operators: 296
Translator axioms: 48
Translator task size: 2925
warning: could not determine peak memory
Writing output... [0.000s CPU, 0.012s wall-clock]
Done! [0.031s CPU, 0.038s wall-clock]
translate exit code: 0

INFO     Running search (release).
INFO     search stdin: output.sas
INFO     search time limit: None
INFO     search memory limit: None
INFO     search command line string: 'C:\Users\user\Desktop\theoria\.worktrees\p13\engine-rig\.toolchain\downward\builds\release\bin\downward.exe' --search 'let(hlm,eval_modify_costs(landmark_sum(lm_factory=lm_reasonable_orders_hps(lm_rhw()),pref=false),cost_type=one),let(hff,eval_modify_costs(ff(),cost_type=one),lazy_greedy([hff,hlm],preferred=[hff,hlm],cost_type=one,reopen_closed=false)))' --internal-plan-file 'C:\Users\user\AppData\Local\Temp\tmp7jpp86nz\sas_plan' < output.sas
[t=0.000143s, 1952 KB] Search code revision: 7120aa0
[t=0.000231s, 1952 KB] reading input...
[t=0.003434s, 2544 KB] done reading input!
[t=0.005393s, 3156 KB] Simplifying 2264 unary operators... done! [2264 unary operators]
[t=0.006024s, 3320 KB] time to simplify: 0.000634s
[t=0.006108s, 3320 KB] Initializing additive heuristic...
[t=0.006112s, 3320 KB] Initializing FF heuristic...
[t=0.006512s, 3320 KB] Initializing landmark sum heuristic...
[t=0.006517s, 3320 KB] Generating landmark graph...
[t=0.006557s, 3320 KB] Building a landmark graph with reasonable orders.
[t=0.006598s, 3320 KB] Initializing Exploration...
[t=0.006897s, 3392 KB] Generating landmarks using the RPG/SAS+ approach
[t=0.007722s, 3460 KB] Landmarks generation time: 0.001162s
[t=0.007729s, 3460 KB] Discovered 15 landmarks, of which 7 are disjunctive and 0 are conjunctive.
[t=0.007731s, 3460 KB] There are 17 landmark orderings.
[t=0.007735s, 3460 KB] approx. reasonable orders
[t=0.007756s, 3460 KB] Landmarks generation time: 0.001238s
[t=0.007761s, 3460 KB] Discovered 15 landmarks, of which 7 are disjunctive and 0 are conjunctive.
[t=0.007763s, 3460 KB] There are 17 landmark orderings.
[t=0.007765s, 3460 KB] Landmark graph generation time: 0.001250s
[t=0.007769s, 3460 KB] Landmark graph contains 15 landmarks, of which 7 are disjunctive and 0 are conjunctive.
[t=0.007771s, 3460 KB] Landmark graph contains 17 orderings.
[t=0.007817s, 3460 KB] Building successor generator... done!
[t=0.007912s, 3460 KB] peak memory difference for successor generator creation: 0 KB
[t=0.007915s, 3460 KB] time for successor generation creation: 0.000088s
[t=0.007920s, 3460 KB] Variables: 71
[t=0.007922s, 3460 KB] FactPairs: 236
[t=0.007925s, 3460 KB] Bytes per state: 12
[t=0.007940s, 3460 KB] Conducting lazy best first search, (real) bound = 2147483647
[t=0.007993s, 3516 KB] New best heuristic value for landmark_sum_heuristic: 9
[t=0.007998s, 3516 KB] New best heuristic value for ff: 22
[t=0.008000s, 3516 KB] g=0, 1 evaluated, 0 expanded
[t=0.008008s, 3516 KB] Initial heuristic value for landmark_sum_heuristic: 9
[t=0.008011s, 3516 KB] Initial heuristic value for ff: 22
[t=0.008049s, 3516 KB] New best heuristic value for landmark_sum_heuristic: 8
[t=0.008053s, 3516 KB] New best heuristic value for ff: 20
[t=0.008056s, 3516 KB] g=1, 3 evaluated, 2 expanded
[t=0.008093s, 3544 KB] New best heuristic value for ff: 19
[t=0.008096s, 3544 KB] g=2, 5 evaluated, 4 expanded
[t=0.008115s, 3544 KB] New best heuristic value for ff: 17
[t=0.008119s, 3544 KB] g=3, 6 evaluated, 5 expanded
[t=0.008136s, 3544 KB] New best heuristic value for ff: 14
[t=0.008140s, 3544 KB] g=3, 7 evaluated, 6 expanded
[t=0.008189s, 3544 KB] New best heuristic value for ff: 12
[t=0.008193s, 3544 KB] g=5, 10 evaluated, 9 expanded
[t=0.008210s, 3544 KB] New best heuristic value for ff: 11
[t=0.008214s, 3544 KB] g=6, 11 evaluated, 10 expanded
[t=0.008304s, 3544 KB] New best heuristic value for landmark_sum_heuristic: 7
[t=0.008310s, 3544 KB] New best heuristic value for ff: 9
[t=0.008312s, 3544 KB] g=8, 17 evaluated, 16 expanded
[t=0.008327s, 3544 KB] New best heuristic value for landmark_sum_heuristic: 6
[t=0.008331s, 3544 KB] g=9, 18 evaluated, 17 expanded
[t=0.008408s, 3544 KB] New best heuristic value for landmark_sum_heuristic: 5
[t=0.008411s, 3544 KB] g=11, 24 evaluated, 23 expanded
[t=0.008524s, 3544 KB] New best heuristic value for ff: 6
[t=0.008528s, 3544 KB] g=15, 33 evaluated, 32 expanded
[t=0.008540s, 3544 KB] New best heuristic value for ff: 4
[t=0.008544s, 3544 KB] g=16, 34 evaluated, 33 expanded
[t=0.008555s, 3544 KB] New best heuristic value for landmark_sum_heuristic: 3
[t=0.008558s, 3544 KB] New best heuristic value for ff: 2
[t=0.008560s, 3544 KB] g=17, 35 evaluated, 34 expanded
[t=0.008568s, 3544 KB] New best heuristic value for landmark_sum_heuristic: 1
[t=0.008572s, 3544 KB] New best heuristic value for ff: 1
[t=0.008574s, 3544 KB] g=18, 36 evaluated, 35 expanded
[t=0.008580s, 3544 KB] Solution found!
[t=0.008585s, 3544 KB] Actual search time: 0.000625s
move c66 c65 left (1)
move c65 c64 left (1)
move c64 c63 left (1)
move c63 c53 up (1)
move c53 c52 left (1)
move c52 c42 up (1)
move c42 c43 right (1)
push c43 c33 c23 b2 up (1)
push c33 c23 c13 b2 up (1)
move c23 c33 down (1)
move c33 c32 left (1)
move c32 c31 left (1)
move c31 c21 up (1)
move c21 c11 up (1)
move c11 c12 right (1)
push c12 c22 c32 b1 down (1)
push c22 c32 c42 b1 down (1)
push c32 c42 c52 b1 down (1)
push c42 c52 c62 b1 down (1)
[t=0.008587s, 3544 KB] Plan length: 19 step(s).
[t=0.008587s, 3544 KB] Plan cost: 19
[t=0.008587s, 3544 KB] Expanded 36 state(s).
[t=0.008587s, 3544 KB] Reopened 0 state(s).
[t=0.008587s, 3544 KB] Evaluated 37 state(s).
[t=0.008587s, 3544 KB] Evaluations: 74
[t=0.008587s, 3544 KB] Generated 127 state(s).
[t=0.008587s, 3544 KB] Dead ends: 0 state(s).
[t=0.008587s, 3544 KB] Number of registered states: 37
[t=0.008587s, 3544 KB] Int hash set load factor: 37/64 = 0.578125
[t=0.008587s, 3544 KB] Int hash set resizes: 6
[t=0.008587s, 3544 KB] Search time: 0.000649s
[t=0.008587s, 3544 KB] Total time: 0.008587s
Solution found.
Remove intermediate file output.sas
search exit code: 0

