INFO     planner time limit: None
INFO     planner memory limit: None

INFO     Running translator.
INFO     translator stdin: None
INFO     translator time limit: None
INFO     translator memory limit: None
INFO     translator command line string: 'D:\Miniforge3\python.exe' -m translate 'C:\Users\user\Desktop\theoria\.worktrees\e6-dividend-v2\engine-rig\runs\20260728T191530Z-E6-engine-dividend\guarded\sokoban_guarded_singleton_domain.pddl' 'C:\Users\user\Desktop\theoria\.worktrees\e6-dividend-v2\engine-rig\runs\20260728T191530Z-E6-engine-dividend\guarded\far7_guarded_singleton.pddl' --sas-file output.sas
Warning! SIGXCPU is not available on your platform. This means that the planner cannot be gracefully terminated when using a time limit, which, however, is probably supported on your platform anyway.
Parsing...
Parsing: [0.000s CPU, 0.002s wall-clock]
Normalizing task... [0.000s CPU, 0.000s wall-clock]
Instantiating...
Generating Datalog program... [0.000s CPU, 0.000s wall-clock]
Normalizing Datalog program...
Normalizing Datalog program: [0.000s CPU, 0.001s wall-clock]
Preparing model... [0.000s CPU, 0.000s wall-clock]
Generated 20 rules.
Computing model... [0.000s CPU, 0.007s wall-clock]
986 relevant atoms
1372 auxiliary atoms
2358 final queue length
3387 total queue pushes
Completing instantiation... [0.016s CPU, 0.006s wall-clock]
Instantiating: [0.016s CPU, 0.014s wall-clock]
Computing fact groups...
Finding invariants...
7 initial candidates
Finding invariants: [0.000s CPU, 0.001s wall-clock]
Checking invariant weight... [0.000s CPU, 0.000s wall-clock]
Instantiating groups... [0.000s CPU, 0.001s wall-clock]
Collecting mutex groups... [0.000s CPU, 0.000s wall-clock]
Choosing groups...
49 uncovered facts
Choosing groups: [0.000s CPU, 0.000s wall-clock]
Building translation key... [0.000s CPU, 0.000s wall-clock]
Computing fact groups: [0.000s CPU, 0.003s wall-clock]
Building STRIPS to SAS dictionary... [0.000s CPU, 0.000s wall-clock]
Building dictionary for full mutex groups... [0.000s CPU, 0.000s wall-clock]
Building mutex information...
Building mutex information: [0.000s CPU, 0.000s wall-clock]
Translating task...
Processing axioms...
Simplifying axioms... [0.000s CPU, 0.000s wall-clock]
Translator axioms removed by simplifying: 0
Processing axioms: [0.000s CPU, 0.000s wall-clock]
Translating task: [0.000s CPU, 0.007s wall-clock]
696 effect conditions simplified
0 implied preconditions added
Detecting unreachable propositions...
0 operators removed
0 axioms removed
11 propositions removed
Detecting unreachable propositions: [0.016s CPU, 0.004s wall-clock]
Reordering and filtering variables...
52 of 52 variables necessary.
49 of 52 mutex groups necessary.
432 of 432 operators necessary.
0 of 0 axiom rules necessary.
Reordering and filtering variables: [0.000s CPU, 0.002s wall-clock]
Translator variables: 52
Translator derived variables: 0
Translator facts: 237
Translator goal facts: 2
Translator mutex groups: 49
Translator total mutex groups size: 188
Translator operators: 432
Translator axioms: 0
Translator task size: 3863
warning: could not determine peak memory
Writing output... [0.000s CPU, 0.013s wall-clock]
Done! [0.031s CPU, 0.046s wall-clock]
translate exit code: 0

INFO     Running search (release).
INFO     search stdin: output.sas
INFO     search time limit: None
INFO     search memory limit: None
INFO     search command line string: 'C:\Users\user\Desktop\theoria\.worktrees\p13\engine-rig\.toolchain\downward\builds\release\bin\downward.exe' --search 'eager(tiebreaking([sum([g(),blind()]),goalcount()]),reopen_closed=true)' --internal-plan-file 'C:\Users\user\AppData\Local\Temp\tmpymrbspxe\sas_plan' < output.sas
[t=0.000148s, 1956 KB] Search code revision: 7120aa0
[t=0.000242s, 1968 KB] reading input...
[t=0.004293s, 2572 KB] done reading input!
[t=0.005448s, 2964 KB] Initializing blind search heuristic...
[t=0.005468s, 2964 KB] Initializing goal count heuristic...
[t=0.005481s, 2964 KB] Building successor generator... done!
[t=0.005628s, 3044 KB] peak memory difference for successor generator creation: 80 KB
[t=0.005630s, 3044 KB] time for successor generation creation: 0.000137s
[t=0.005635s, 3044 KB] Variables: 52
[t=0.005638s, 3044 KB] FactPairs: 237
[t=0.005640s, 3044 KB] Bytes per state: 12
[t=0.005650s, 3044 KB] Conducting best first search with reopening closed nodes, (real) bound = 2147483647
[t=0.005670s, 3056 KB] New best heuristic value for blind: 1
[t=0.005672s, 3056 KB] New best heuristic value for goalcount: 2
[t=0.005674s, 3056 KB] g=0, 1 evaluated, 0 expanded
[t=0.005681s, 3056 KB] Initial heuristic value for blind: 1
[t=0.005684s, 3056 KB] Initial heuristic value for goalcount: 2
[t=0.005687s, 3056 KB] pruning method: none
[t=0.005763s, 3056 KB] New best heuristic value for goalcount: 1
[t=0.005767s, 3056 KB] g=9, 47 evaluated, 38 expanded
[t=0.014209s, 3600 KB] New best heuristic value for blind: 0
[t=0.014223s, 3600 KB] New best heuristic value for goalcount: 0
[t=0.014225s, 3600 KB] g=20, 7332 evaluated, 4984 expanded
[t=0.014230s, 3600 KB] Solution found!
[t=0.014233s, 3600 KB] Actual search time: 0.008546s
move c77 c67 up (1)
move c67 c57 up (1)
move c57 c47 up (1)
move c47 c46 left (1)
move c46 c45 left (1)
move c45 c44 left (1)
move c44 c43 left (1)
push c43 c33 c23 b2 up (1)
push c33 c23 c13 b2 up (1)
move c23 c33 down (1)
move c33 c32 left (1)
move c32 c31 left (1)
move c31 c21 up (1)
move c21 c11 up (1)
move c11 c12 right (1)
push c12 c22 c32 b1 down (1)
push c22 c32 c42 b1 down (1)
push c32 c42 c52 b1 down (1)
push c42 c52 c62 b1 down (1)
push c52 c62 c72 b1 down (1)
[t=0.014236s, 3600 KB] Plan length: 20 step(s).
[t=0.014236s, 3600 KB] Plan cost: 20
[t=0.014236s, 3600 KB] Expanded 4985 state(s).
[t=0.014236s, 3600 KB] Reopened 0 state(s).
[t=0.014236s, 3600 KB] Evaluated 7335 state(s).
[t=0.014236s, 3600 KB] Evaluations: 14670
[t=0.014236s, 3600 KB] Generated 17531 state(s).
[t=0.014236s, 3600 KB] Dead ends: 0 state(s).
[t=0.014236s, 3600 KB] Number of registered states: 7335
[t=0.014236s, 3600 KB] Int hash set load factor: 7335/16384 = 0.447693
[t=0.014236s, 3600 KB] Int hash set resizes: 14
[t=0.014236s, 3600 KB] Search time: 0.008587s
[t=0.014236s, 3600 KB] Total time: 0.014236s
Solution found.
Remove intermediate file output.sas
search exit code: 0

