INFO     planner time limit: None
INFO     planner memory limit: None

INFO     Running translator.
INFO     translator stdin: None
INFO     translator time limit: None
INFO     translator memory limit: None
INFO     translator command line string: 'D:\Miniforge3\python.exe' -m translate 'C:\Users\user\Desktop\theoria\.worktrees\e6-dividend-v2\engine-rig\fixtures\data\sokoban_domain.pddl' 'C:\Users\user\Desktop\theoria\.worktrees\e6-dividend-v2\engine-rig\runs\20260728T191530Z-E6-engine-dividend\instances\far7.pddl' --sas-file output.sas
Warning! SIGXCPU is not available on your platform. This means that the planner cannot be gracefully terminated when using a time limit, which, however, is probably supported on your platform anyway.
Parsing...
Parsing: [0.000s CPU, 0.002s wall-clock]
Normalizing task... [0.000s CPU, 0.000s wall-clock]
Instantiating...
Generating Datalog program... [0.000s CPU, 0.000s wall-clock]
Normalizing Datalog program...
Normalizing Datalog program: [0.000s CPU, 0.001s wall-clock]
Preparing model... [0.000s CPU, 0.001s wall-clock]
Generated 20 rules.
Computing model... [0.016s CPU, 0.007s wall-clock]
978 relevant atoms
1372 auxiliary atoms
2350 final queue length
3379 total queue pushes
Completing instantiation... [0.000s CPU, 0.006s wall-clock]
Instantiating: [0.016s CPU, 0.015s wall-clock]
Computing fact groups...
Finding invariants...
7 initial candidates
Finding invariants: [0.000s CPU, 0.001s wall-clock]
Checking invariant weight... [0.000s CPU, 0.000s wall-clock]
Instantiating groups... [0.000s CPU, 0.001s wall-clock]
Collecting mutex groups... [0.000s CPU, 0.000s wall-clock]
Choosing groups...
49 uncovered facts
Choosing groups: [0.000s CPU, 0.000s wall-clock]
Building translation key... [0.000s CPU, 0.000s wall-clock]
Computing fact groups: [0.000s CPU, 0.003s wall-clock]
Building STRIPS to SAS dictionary... [0.000s CPU, 0.000s wall-clock]
Building dictionary for full mutex groups... [0.000s CPU, 0.000s wall-clock]
Building mutex information...
Building mutex information: [0.000s CPU, 0.000s wall-clock]
Translating task...
Processing axioms...
Simplifying axioms... [0.000s CPU, 0.000s wall-clock]
Translator axioms removed by simplifying: 0
Processing axioms: [0.000s CPU, 0.000s wall-clock]
Translating task: [0.016s CPU, 0.007s wall-clock]
728 effect conditions simplified
0 implied preconditions added
Detecting unreachable propositions...
0 operators removed
0 axioms removed
3 propositions removed
Detecting unreachable propositions: [0.000s CPU, 0.004s wall-clock]
Reordering and filtering variables...
52 of 52 variables necessary.
49 of 52 mutex groups necessary.
448 of 448 operators necessary.
0 of 0 axiom rules necessary.
Reordering and filtering variables: [0.000s CPU, 0.002s wall-clock]
Translator variables: 52
Translator derived variables: 0
Translator facts: 245
Translator goal facts: 2
Translator mutex groups: 49
Translator total mutex groups size: 196
Translator operators: 448
Translator axioms: 0
Translator task size: 4023
warning: could not determine peak memory
Writing output... [0.000s CPU, 0.013s wall-clock]
Done! [0.031s CPU, 0.047s wall-clock]
translate exit code: 0

INFO     Running search (release).
INFO     search stdin: output.sas
INFO     search time limit: None
INFO     search memory limit: None
INFO     search command line string: 'C:\Users\user\Desktop\theoria\.worktrees\p13\engine-rig\.toolchain\downward\builds\release\bin\downward.exe' --search 'let(hlm,eval_modify_costs(landmark_sum(lm_factory=lm_reasonable_orders_hps(lm_rhw()),pref=false),cost_type=one),let(hff,eval_modify_costs(ff(),cost_type=one),lazy_greedy([hff,hlm],preferred=[hff,hlm],cost_type=one,reopen_closed=false)))' --internal-plan-file 'C:\Users\user\AppData\Local\Temp\tmpk0yxmfh7\sas_plan' < output.sas
[t=0.000134s, 1984 KB] Search code revision: 7120aa0
[t=0.000225s, 1984 KB] reading input...
[t=0.004287s, 2624 KB] done reading input!
[t=0.007569s, 3124 KB] Simplifying 1904 unary operators... done! [1904 unary operators]
[t=0.008270s, 3300 KB] time to simplify: 0.000705s
[t=0.008336s, 3300 KB] Initializing additive heuristic...
[t=0.008340s, 3300 KB] Initializing FF heuristic...
[t=0.008699s, 3300 KB] Initializing landmark sum heuristic...
[t=0.008705s, 3300 KB] Generating landmark graph...
[t=0.008841s, 3300 KB] Building a landmark graph with reasonable orders.
[t=0.009013s, 3300 KB] Initializing Exploration...
[t=0.009222s, 3320 KB] Generating landmarks using the RPG/SAS+ approach
[t=0.010468s, 3384 KB] Landmarks generation time: 0.001626s
[t=0.010477s, 3384 KB] Discovered 13 landmarks, of which 7 are disjunctive and 0 are conjunctive.
[t=0.010480s, 3384 KB] There are 14 landmark orderings.
[t=0.010484s, 3384 KB] approx. reasonable orders
[t=0.010504s, 3384 KB] Landmarks generation time: 0.001798s
[t=0.010510s, 3384 KB] Discovered 13 landmarks, of which 7 are disjunctive and 0 are conjunctive.
[t=0.010512s, 3384 KB] There are 14 landmark orderings.
[t=0.010514s, 3384 KB] Landmark graph generation time: 0.001811s
[t=0.010517s, 3384 KB] Landmark graph contains 13 landmarks, of which 7 are disjunctive and 0 are conjunctive.
[t=0.010519s, 3384 KB] Landmark graph contains 14 orderings.
[t=0.010828s, 3384 KB] Building successor generator... done!
[t=0.010968s, 3384 KB] peak memory difference for successor generator creation: 0 KB
[t=0.010971s, 3384 KB] time for successor generation creation: 0.000125s
[t=0.010977s, 3384 KB] Variables: 52
[t=0.010979s, 3384 KB] FactPairs: 245
[t=0.010981s, 3384 KB] Bytes per state: 12
[t=0.011131s, 3384 KB] Conducting lazy best first search, (real) bound = 2147483647
[t=0.011274s, 3384 KB] New best heuristic value for landmark_sum_heuristic: 9
[t=0.011281s, 3384 KB] New best heuristic value for ff: 31
[t=0.011283s, 3384 KB] g=0, 1 evaluated, 0 expanded
[t=0.011293s, 3384 KB] Initial heuristic value for landmark_sum_heuristic: 9
[t=0.011296s, 3384 KB] Initial heuristic value for ff: 31
[t=0.011314s, 3384 KB] New best heuristic value for ff: 29
[t=0.011318s, 3384 KB] g=1, 2 evaluated, 1 expanded
[t=0.011339s, 3384 KB] New best heuristic value for ff: 21
[t=0.011343s, 3384 KB] g=2, 3 evaluated, 2 expanded
[t=0.011394s, 3384 KB] New best heuristic value for ff: 15
[t=0.011398s, 3384 KB] g=4, 6 evaluated, 5 expanded
[t=0.011501s, 3384 KB] New best heuristic value for landmark_sum_heuristic: 8
[t=0.011505s, 3384 KB] g=8, 13 evaluated, 12 expanded
[t=0.011657s, 3384 KB] New best heuristic value for ff: 14
[t=0.011661s, 3384 KB] g=7, 26 evaluated, 23 expanded
[t=0.011686s, 3384 KB] New best heuristic value for landmark_sum_heuristic: 7
[t=0.011690s, 3384 KB] New best heuristic value for ff: 13
[t=0.011692s, 3384 KB] g=8, 28 evaluated, 25 expanded
[t=0.011705s, 3384 KB] New best heuristic value for landmark_sum_heuristic: 6
[t=0.011709s, 3384 KB] g=9, 29 evaluated, 26 expanded
[t=0.011728s, 3384 KB] New best heuristic value for ff: 11
[t=0.011732s, 3384 KB] g=9, 31 evaluated, 27 expanded
[t=0.011775s, 3384 KB] New best heuristic value for ff: 10
[t=0.011778s, 3384 KB] g=11, 35 evaluated, 30 expanded
[t=0.011806s, 3384 KB] New best heuristic value for landmark_sum_heuristic: 5
[t=0.011809s, 3384 KB] g=12, 38 evaluated, 32 expanded
[t=0.012955s, 3384 KB] New best heuristic value for ff: 8
[t=0.012959s, 3384 KB] g=25, 149 evaluated, 129 expanded
[t=0.012979s, 3384 KB] New best heuristic value for ff: 6
[t=0.012982s, 3384 KB] g=26, 150 evaluated, 130 expanded
[t=0.012994s, 3384 KB] New best heuristic value for ff: 4
[t=0.012997s, 3384 KB] g=27, 151 evaluated, 131 expanded
[t=0.013006s, 3384 KB] New best heuristic value for landmark_sum_heuristic: 3
[t=0.013011s, 3384 KB] New best heuristic value for ff: 2
[t=0.013013s, 3384 KB] g=28, 152 evaluated, 132 expanded
[t=0.013021s, 3384 KB] New best heuristic value for landmark_sum_heuristic: 1
[t=0.013025s, 3384 KB] New best heuristic value for ff: 1
[t=0.013027s, 3384 KB] g=29, 153 evaluated, 133 expanded
[t=0.013033s, 3384 KB] Solution found!
[t=0.013037s, 3384 KB] Actual search time: 0.001800s
move c77 c67 up (1)
move c67 c57 up (1)
move c57 c56 left (1)
move c56 c46 up (1)
move c46 c45 left (1)
move c45 c44 left (1)
move c44 c43 left (1)
move c43 c42 left (1)
move c42 c32 up (1)
push c32 c33 c34 b2 right (1)
move c33 c43 down (1)
move c43 c44 right (1)
push c44 c34 c24 b2 up (1)
push c34 c24 c14 b2 up (1)
move c24 c25 right (1)
move c25 c15 up (1)
push c15 c14 c13 b2 left (1)
push c14 c13 c12 b2 left (1)
move c13 c23 down (1)
move c23 c33 down (1)
move c33 c32 left (1)
move c32 c31 left (1)
move c31 c21 up (1)
move c21 c11 up (1)
push c11 c12 c13 b2 right (1)
push c12 c22 c32 b1 down (1)
push c22 c32 c42 b1 down (1)
push c32 c42 c52 b1 down (1)
push c42 c52 c62 b1 down (1)
push c52 c62 c72 b1 down (1)
[t=0.013040s, 3384 KB] Plan length: 30 step(s).
[t=0.013040s, 3384 KB] Plan cost: 30
[t=0.013040s, 3384 KB] Expanded 134 state(s).
[t=0.013040s, 3384 KB] Reopened 0 state(s).
[t=0.013040s, 3384 KB] Evaluated 154 state(s).
[t=0.013040s, 3384 KB] Evaluations: 289
[t=0.013040s, 3384 KB] Generated 509 state(s).
[t=0.013040s, 3384 KB] Dead ends: 19 state(s).
[t=0.013040s, 3384 KB] Number of registered states: 154
[t=0.013040s, 3384 KB] Int hash set load factor: 154/256 = 0.601562
[t=0.013040s, 3384 KB] Int hash set resizes: 8
[t=0.013040s, 3384 KB] Search time: 0.001910s
[t=0.013040s, 3384 KB] Total time: 0.013040s
Solution found.
Remove intermediate file output.sas
search exit code: 0

