INFO     planner time limit: None
INFO     planner memory limit: None

INFO     Running translator.
INFO     translator stdin: None
INFO     translator time limit: None
INFO     translator memory limit: None
INFO     translator command line string: 'D:\Miniforge3\python.exe' -m translate 'C:\Users\user\Desktop\theoria\.worktrees\e6-dividend-v2\engine-rig\runs\20260728T191530Z-E6-engine-dividend\guarded\sokoban_guarded_singleton_domain.pddl' 'C:\Users\user\Desktop\theoria\.worktrees\e6-dividend-v2\engine-rig\runs\20260728T191530Z-E6-engine-dividend\guarded\far7_guarded_singleton.pddl' --sas-file output.sas
Warning! SIGXCPU is not available on your platform. This means that the planner cannot be gracefully terminated when using a time limit, which, however, is probably supported on your platform anyway.
Parsing...
Parsing: [0.016s CPU, 0.002s wall-clock]
Normalizing task... [0.000s CPU, 0.000s wall-clock]
Instantiating...
Generating Datalog program... [0.000s CPU, 0.000s wall-clock]
Normalizing Datalog program...
Normalizing Datalog program: [0.000s CPU, 0.001s wall-clock]
Preparing model... [0.000s CPU, 0.000s wall-clock]
Generated 20 rules.
Computing model... [0.000s CPU, 0.007s wall-clock]
986 relevant atoms
1372 auxiliary atoms
2358 final queue length
3387 total queue pushes
Completing instantiation... [0.016s CPU, 0.006s wall-clock]
Instantiating: [0.016s CPU, 0.015s wall-clock]
Computing fact groups...
Finding invariants...
7 initial candidates
Finding invariants: [0.000s CPU, 0.001s wall-clock]
Checking invariant weight... [0.000s CPU, 0.000s wall-clock]
Instantiating groups... [0.000s CPU, 0.001s wall-clock]
Collecting mutex groups... [0.000s CPU, 0.000s wall-clock]
Choosing groups...
49 uncovered facts
Choosing groups: [0.000s CPU, 0.000s wall-clock]
Building translation key... [0.000s CPU, 0.000s wall-clock]
Computing fact groups: [0.000s CPU, 0.003s wall-clock]
Building STRIPS to SAS dictionary... [0.000s CPU, 0.000s wall-clock]
Building dictionary for full mutex groups... [0.000s CPU, 0.000s wall-clock]
Building mutex information...
Building mutex information: [0.000s CPU, 0.000s wall-clock]
Translating task...
Processing axioms...
Simplifying axioms... [0.000s CPU, 0.000s wall-clock]
Translator axioms removed by simplifying: 0
Processing axioms: [0.000s CPU, 0.000s wall-clock]
Translating task: [0.000s CPU, 0.007s wall-clock]
696 effect conditions simplified
0 implied preconditions added
Detecting unreachable propositions...
0 operators removed
0 axioms removed
11 propositions removed
Detecting unreachable propositions: [0.000s CPU, 0.004s wall-clock]
Reordering and filtering variables...
52 of 52 variables necessary.
49 of 52 mutex groups necessary.
432 of 432 operators necessary.
0 of 0 axiom rules necessary.
Reordering and filtering variables: [0.016s CPU, 0.002s wall-clock]
Translator variables: 52
Translator derived variables: 0
Translator facts: 237
Translator goal facts: 2
Translator mutex groups: 49
Translator total mutex groups size: 188
Translator operators: 432
Translator axioms: 0
Translator task size: 3863
warning: could not determine peak memory
Writing output... [0.000s CPU, 0.013s wall-clock]
Done! [0.047s CPU, 0.046s wall-clock]
translate exit code: 0

INFO     Running search (release).
INFO     search stdin: output.sas
INFO     search time limit: None
INFO     search memory limit: None
INFO     search command line string: 'C:\Users\user\Desktop\theoria\.worktrees\p13\engine-rig\.toolchain\downward\builds\release\bin\downward.exe' --search 'eager(single(sum([g(),blind()])),reopen_closed=true)' --internal-plan-file 'C:\Users\user\AppData\Local\Temp\tmpwcbin0vl\sas_plan' < output.sas
[t=0.000158s, 1976 KB] Search code revision: 7120aa0
[t=0.000252s, 1976 KB] reading input...
[t=0.004194s, 2568 KB] done reading input!
[t=0.005317s, 2988 KB] Initializing blind search heuristic...
[t=0.005343s, 2988 KB] Building successor generator... done!
[t=0.005493s, 3056 KB] peak memory difference for successor generator creation: 68 KB
[t=0.005496s, 3056 KB] time for successor generation creation: 0.000140s
[t=0.005502s, 3056 KB] Variables: 52
[t=0.005504s, 3056 KB] FactPairs: 237
[t=0.005508s, 3056 KB] Bytes per state: 12
[t=0.005518s, 3056 KB] Conducting best first search with reopening closed nodes, (real) bound = 2147483647
[t=0.005535s, 3056 KB] New best heuristic value for blind: 1
[t=0.005538s, 3056 KB] g=0, 1 evaluated, 0 expanded
[t=0.005544s, 3068 KB] Initial heuristic value for blind: 1
[t=0.005549s, 3068 KB] pruning method: none
[t=0.014649s, 3628 KB] New best heuristic value for blind: 0
[t=0.014666s, 3628 KB] g=20, 9267 evaluated, 6364 expanded
[t=0.015817s, 3628 KB] Solution found!
[t=0.015826s, 3628 KB] Actual search time: 0.010276s
move c77 c67 up (1)
move c67 c57 up (1)
move c57 c47 up (1)
move c47 c46 left (1)
move c46 c45 left (1)
move c45 c44 left (1)
move c44 c43 left (1)
push c43 c33 c23 b2 up (1)
push c33 c23 c13 b2 up (1)
move c23 c33 down (1)
move c33 c32 left (1)
move c32 c31 left (1)
move c31 c21 up (1)
move c21 c11 up (1)
move c11 c12 right (1)
push c12 c22 c32 b1 down (1)
push c22 c32 c42 b1 down (1)
push c32 c42 c52 b1 down (1)
push c42 c52 c62 b1 down (1)
push c52 c62 c72 b1 down (1)
[t=0.015829s, 3696 KB] Plan length: 20 step(s).
[t=0.015829s, 3696 KB] Plan cost: 20
[t=0.015829s, 3696 KB] Expanded 7278 state(s).
[t=0.015829s, 3696 KB] Reopened 0 state(s).
[t=0.015829s, 3696 KB] Evaluated 10534 state(s).
[t=0.015829s, 3696 KB] Evaluations: 10534
[t=0.015829s, 3696 KB] Generated 25746 state(s).
[t=0.015829s, 3696 KB] Dead ends: 0 state(s).
[t=0.015829s, 3696 KB] Number of registered states: 10534
[t=0.015829s, 3696 KB] Int hash set load factor: 10534/16384 = 0.642944
[t=0.015829s, 3696 KB] Int hash set resizes: 14
[t=0.015829s, 3696 KB] Search time: 0.010312s
[t=0.015829s, 3696 KB] Total time: 0.015829s
Solution found.
Remove intermediate file output.sas
search exit code: 0

