INFO     planner time limit: None
INFO     planner memory limit: None

INFO     Running translator.
INFO     translator stdin: None
INFO     translator time limit: None
INFO     translator memory limit: None
INFO     translator command line string: 'D:\Miniforge3\python.exe' -m translate 'C:\Users\user\Desktop\theoria\.worktrees\e6-dividend-v2\engine-rig\runs\20260728T191530Z-E6-engine-dividend\guarded\sokoban_guarded_indexed_domain.pddl' 'C:\Users\user\Desktop\theoria\.worktrees\e6-dividend-v2\engine-rig\runs\20260728T191530Z-E6-engine-dividend\guarded\open4_guarded_indexed.pddl' --sas-file output.sas
Warning! SIGXCPU is not available on your platform. This means that the planner cannot be gracefully terminated when using a time limit, which, however, is probably supported on your platform anyway.
Parsing...
Parsing: [0.000s CPU, 0.002s wall-clock]
Normalizing task... [0.000s CPU, 0.000s wall-clock]
Instantiating...
Generating Datalog program... [0.000s CPU, 0.000s wall-clock]
Normalizing Datalog program...
Normalizing Datalog program: [0.016s CPU, 0.001s wall-clock]
Preparing model... [0.000s CPU, 0.000s wall-clock]
Generated 37 rules.
Computing model... [0.000s CPU, 0.005s wall-clock]
347 relevant atoms
1136 auxiliary atoms
1483 final queue length
1723 total queue pushes
Completing instantiation... [0.000s CPU, 0.001s wall-clock]
Instantiating: [0.016s CPU, 0.008s wall-clock]
Computing fact groups...
Finding invariants...
7 initial candidates
Finding invariants: [0.000s CPU, 0.001s wall-clock]
Checking invariant weight... [0.000s CPU, 0.000s wall-clock]
Instantiating groups... [0.000s CPU, 0.000s wall-clock]
Collecting mutex groups... [0.000s CPU, 0.000s wall-clock]
Choosing groups...
16 uncovered facts
Choosing groups: [0.000s CPU, 0.000s wall-clock]
Building translation key... [0.000s CPU, 0.000s wall-clock]
Computing fact groups: [0.000s CPU, 0.001s wall-clock]
Building STRIPS to SAS dictionary... [0.000s CPU, 0.000s wall-clock]
Building dictionary for full mutex groups... [0.000s CPU, 0.000s wall-clock]
Building mutex information...
Building mutex information: [0.000s CPU, 0.000s wall-clock]
Translating task...
Processing axioms...
Simplifying axioms... [0.000s CPU, 0.000s wall-clock]
Translator axioms removed by simplifying: 0
Processing axioms: [0.000s CPU, 0.000s wall-clock]
Translating task: [0.016s CPU, 0.009s wall-clock]
1104 effect conditions simplified
0 implied preconditions added
Detecting unreachable propositions...
160 operators removed
0 axioms removed
11 propositions removed
Detecting unreachable propositions: [0.000s CPU, 0.004s wall-clock]
Reordering and filtering variables...
19 of 19 variables necessary.
16 of 19 mutex groups necessary.
416 of 416 operators necessary.
0 of 0 axiom rules necessary.
Reordering and filtering variables: [0.000s CPU, 0.002s wall-clock]
Translator variables: 19
Translator derived variables: 0
Translator facts: 72
Translator goal facts: 2
Translator mutex groups: 16
Translator total mutex groups size: 56
Translator operators: 416
Translator axioms: 0
Translator task size: 4101
warning: could not determine peak memory
Writing output... [0.000s CPU, 0.013s wall-clock]
Done! [0.031s CPU, 0.040s wall-clock]
translate exit code: 0

INFO     Running search (release).
INFO     search stdin: output.sas
INFO     search time limit: None
INFO     search memory limit: None
INFO     search command line string: 'C:\Users\user\Desktop\theoria\.worktrees\p13\engine-rig\.toolchain\downward\builds\release\bin\downward.exe' --search 'let(hlm,eval_modify_costs(landmark_sum(lm_factory=lm_reasonable_orders_hps(lm_rhw()),pref=false),cost_type=one),let(hff,eval_modify_costs(ff(),cost_type=one),lazy_greedy([hff,hlm],preferred=[hff,hlm],cost_type=one,reopen_closed=false)))' --internal-plan-file 'C:\Users\user\AppData\Local\Temp\tmp9t1sgl8m\sas_plan' < output.sas
[t=0.000156s, 1924 KB] Search code revision: 7120aa0
[t=0.000244s, 1952 KB] reading input...
[t=0.004259s, 2548 KB] done reading input!
[t=0.005914s, 3044 KB] Simplifying 1984 unary operators... done! [1952 unary operators]
[t=0.006779s, 3204 KB] time to simplify: 0.000870s
[t=0.006853s, 3204 KB] Initializing additive heuristic...
[t=0.006860s, 3204 KB] Initializing FF heuristic...
[t=0.006882s, 3204 KB] Initializing landmark sum heuristic...
[t=0.006889s, 3204 KB] Generating landmark graph...
[t=0.006923s, 3204 KB] Building a landmark graph with reasonable orders.
[t=0.006954s, 3204 KB] Initializing Exploration...
[t=0.007179s, 3284 KB] Generating landmarks using the RPG/SAS+ approach
[t=0.007685s, 3304 KB] Landmarks generation time: 0.000757s
[t=0.007691s, 3304 KB] Discovered 8 landmarks, of which 2 are disjunctive and 0 are conjunctive.
[t=0.007693s, 3304 KB] There are 6 landmark orderings.
[t=0.007698s, 3304 KB] approx. reasonable orders
[t=0.007721s, 3304 KB] Landmarks generation time: 0.000830s
[t=0.007724s, 3304 KB] Discovered 8 landmarks, of which 2 are disjunctive and 0 are conjunctive.
[t=0.007726s, 3304 KB] There are 6 landmark orderings.
[t=0.007728s, 3304 KB] Landmark graph generation time: 0.000840s
[t=0.007734s, 3304 KB] Landmark graph contains 8 landmarks, of which 2 are disjunctive and 0 are conjunctive.
[t=0.007736s, 3304 KB] Landmark graph contains 6 orderings.
[t=0.007782s, 3304 KB] Building successor generator... done!
[t=0.007902s, 3304 KB] peak memory difference for successor generator creation: 0 KB
[t=0.007904s, 3304 KB] time for successor generation creation: 0.000111s
[t=0.007909s, 3304 KB] Variables: 19
[t=0.007912s, 3304 KB] FactPairs: 72
[t=0.007914s, 3304 KB] Bytes per state: 4
[t=0.007932s, 3304 KB] Conducting lazy best first search, (real) bound = 2147483647
[t=0.007968s, 3304 KB] New best heuristic value for landmark_sum_heuristic: 4
[t=0.007973s, 3304 KB] New best heuristic value for ff: 8
[t=0.007975s, 3304 KB] g=0, 1 evaluated, 0 expanded
[t=0.007982s, 3304 KB] Initial heuristic value for landmark_sum_heuristic: 4
[t=0.007985s, 3304 KB] Initial heuristic value for ff: 8
[t=0.007996s, 3304 KB] New best heuristic value for ff: 6
[t=0.007999s, 3304 KB] g=1, 2 evaluated, 1 expanded
[t=0.008011s, 3304 KB] New best heuristic value for ff: 5
[t=0.008015s, 3304 KB] g=2, 3 evaluated, 2 expanded
[t=0.008025s, 3304 KB] New best heuristic value for landmark_sum_heuristic: 3
[t=0.008028s, 3304 KB] New best heuristic value for ff: 4
[t=0.008030s, 3304 KB] g=3, 4 evaluated, 3 expanded
[t=0.008046s, 3304 KB] New best heuristic value for landmark_sum_heuristic: 2
[t=0.008050s, 3304 KB] New best heuristic value for ff: 2
[t=0.008052s, 3304 KB] g=4, 6 evaluated, 4 expanded
[t=0.008059s, 3304 KB] New best heuristic value for landmark_sum_heuristic: 1
[t=0.008063s, 3304 KB] New best heuristic value for ff: 1
[t=0.008065s, 3304 KB] g=5, 7 evaluated, 5 expanded
[t=0.008071s, 3304 KB] Solution found!
[t=0.008074s, 3304 KB] Actual search time: 0.000132s
move c44 c34 up (1)
move c34 c24 up (1)
move c24 c23 left (1)
push-pair1 c23 c33 c43 b2 down b1 c42 (1)
move c33 c32 left (1)
push-pair1 c32 c22 c12 b1 up b2 c13 (1)
[t=0.008077s, 3304 KB] Plan length: 6 step(s).
[t=0.008077s, 3304 KB] Plan cost: 6
[t=0.008077s, 3304 KB] Expanded 6 state(s).
[t=0.008077s, 3304 KB] Reopened 0 state(s).
[t=0.008077s, 3304 KB] Evaluated 8 state(s).
[t=0.008077s, 3304 KB] Evaluations: 15
[t=0.008077s, 3304 KB] Generated 19 state(s).
[t=0.008077s, 3304 KB] Dead ends: 1 state(s).
[t=0.008077s, 3304 KB] Number of registered states: 8
[t=0.008077s, 3304 KB] Int hash set load factor: 8/8 = 1.000000
[t=0.008077s, 3304 KB] Int hash set resizes: 3
[t=0.008077s, 3304 KB] Search time: 0.000147s
[t=0.008077s, 3304 KB] Total time: 0.008077s
Solution found.
Remove intermediate file output.sas
search exit code: 0

