INFO     planner time limit: None
INFO     planner memory limit: None

INFO     Running translator.
INFO     translator stdin: None
INFO     translator time limit: None
INFO     translator memory limit: None
INFO     translator command line string: 'D:\Miniforge3\python.exe' -m translate 'C:\Users\user\Desktop\theoria\.worktrees\e6-dividend-v2\engine-rig\runs\20260728T191530Z-E6-engine-dividend\guarded\sokoban_guarded_indexed_domain.pddl' 'C:\Users\user\Desktop\theoria\.worktrees\e6-dividend-v2\engine-rig\runs\20260728T191530Z-E6-engine-dividend\guarded\open4_guarded_indexed.pddl' --sas-file output.sas
Warning! SIGXCPU is not available on your platform. This means that the planner cannot be gracefully terminated when using a time limit, which, however, is probably supported on your platform anyway.
Parsing...
Parsing: [0.000s CPU, 0.002s wall-clock]
Normalizing task... [0.000s CPU, 0.000s wall-clock]
Instantiating...
Generating Datalog program... [0.000s CPU, 0.000s wall-clock]
Normalizing Datalog program...
Normalizing Datalog program: [0.000s CPU, 0.001s wall-clock]
Preparing model... [0.000s CPU, 0.000s wall-clock]
Generated 37 rules.
Computing model... [0.000s CPU, 0.005s wall-clock]
347 relevant atoms
1136 auxiliary atoms
1483 final queue length
1723 total queue pushes
Completing instantiation... [0.000s CPU, 0.001s wall-clock]
Instantiating: [0.000s CPU, 0.008s wall-clock]
Computing fact groups...
Finding invariants...
7 initial candidates
Finding invariants: [0.016s CPU, 0.001s wall-clock]
Checking invariant weight... [0.000s CPU, 0.000s wall-clock]
Instantiating groups... [0.000s CPU, 0.000s wall-clock]
Collecting mutex groups... [0.000s CPU, 0.000s wall-clock]
Choosing groups...
16 uncovered facts
Choosing groups: [0.000s CPU, 0.000s wall-clock]
Building translation key... [0.000s CPU, 0.000s wall-clock]
Computing fact groups: [0.016s CPU, 0.002s wall-clock]
Building STRIPS to SAS dictionary... [0.000s CPU, 0.000s wall-clock]
Building dictionary for full mutex groups... [0.000s CPU, 0.000s wall-clock]
Building mutex information...
Building mutex information: [0.000s CPU, 0.000s wall-clock]
Translating task...
Processing axioms...
Simplifying axioms... [0.000s CPU, 0.000s wall-clock]
Translator axioms removed by simplifying: 0
Processing axioms: [0.000s CPU, 0.000s wall-clock]
Translating task: [0.000s CPU, 0.009s wall-clock]
1104 effect conditions simplified
0 implied preconditions added
Detecting unreachable propositions...
160 operators removed
0 axioms removed
11 propositions removed
Detecting unreachable propositions: [0.016s CPU, 0.004s wall-clock]
Reordering and filtering variables...
19 of 19 variables necessary.
16 of 19 mutex groups necessary.
416 of 416 operators necessary.
0 of 0 axiom rules necessary.
Reordering and filtering variables: [0.000s CPU, 0.002s wall-clock]
Translator variables: 19
Translator derived variables: 0
Translator facts: 72
Translator goal facts: 2
Translator mutex groups: 16
Translator total mutex groups size: 56
Translator operators: 416
Translator axioms: 0
Translator task size: 4101
warning: could not determine peak memory
Writing output... [0.000s CPU, 0.013s wall-clock]
Done! [0.031s CPU, 0.041s wall-clock]
translate exit code: 0

INFO     Running search (release).
INFO     search stdin: output.sas
INFO     search time limit: None
INFO     search memory limit: None
INFO     search command line string: 'C:\Users\user\Desktop\theoria\.worktrees\p13\engine-rig\.toolchain\downward\builds\release\bin\downward.exe' --search 'astar(lmcut())' --internal-plan-file 'C:\Users\user\AppData\Local\Temp\tmpmlkm5xu2\sas_plan' < output.sas
[t=0.000156s, 1948 KB] Search code revision: 7120aa0
[t=0.000249s, 1948 KB] reading input...
[t=0.004223s, 2556 KB] done reading input!
[t=0.005451s, 3068 KB] Initializing landmark cut heuristic...
[t=0.005481s, 3068 KB] Building successor generator... done!
[t=0.005628s, 3136 KB] peak memory difference for successor generator creation: 68 KB
[t=0.005631s, 3136 KB] time for successor generation creation: 0.000139s
[t=0.005636s, 3136 KB] Variables: 19
[t=0.005640s, 3136 KB] FactPairs: 72
[t=0.005642s, 3136 KB] Bytes per state: 4
[t=0.005653s, 3136 KB] Conducting best first search with reopening closed nodes, (real) bound = 2147483647
[t=0.005718s, 3136 KB] New best heuristic value for lmcut: 5
[t=0.005722s, 3136 KB] g=0, 1 evaluated, 0 expanded
[t=0.005725s, 3136 KB] f = 5, 1 evaluated, 0 expanded
[t=0.005734s, 3148 KB] Initial heuristic value for lmcut: 5
[t=0.005738s, 3148 KB] pruning method: none
[t=0.005777s, 3148 KB] New best heuristic value for lmcut: 4
[t=0.005781s, 3148 KB] g=1, 2 evaluated, 1 expanded
[t=0.005964s, 3148 KB] f = 6, 7 evaluated, 3 expanded
[t=0.006037s, 3148 KB] New best heuristic value for lmcut: 3
[t=0.006041s, 3148 KB] g=3, 9 evaluated, 4 expanded
[t=0.006093s, 3148 KB] New best heuristic value for lmcut: 2
[t=0.006097s, 3148 KB] g=4, 12 evaluated, 5 expanded
[t=0.006135s, 3148 KB] New best heuristic value for lmcut: 1
[t=0.006139s, 3148 KB] g=5, 15 evaluated, 6 expanded
[t=0.006146s, 3148 KB] New best heuristic value for lmcut: 0
[t=0.006149s, 3148 KB] g=6, 16 evaluated, 7 expanded
[t=0.006177s, 3148 KB] Solution found!
[t=0.006182s, 3148 KB] Actual search time: 0.000443s
move c44 c34 up (1)
move c34 c24 up (1)
move c24 c23 left (1)
push-pair1 c23 c33 c43 b2 down b1 c42 (1)
move c33 c32 left (1)
push-pair1 c32 c22 c12 b1 up b2 c13 (1)
[t=0.006185s, 3148 KB] Plan length: 6 step(s).
[t=0.006185s, 3148 KB] Plan cost: 6
[t=0.006185s, 3148 KB] Expanded 8 state(s).
[t=0.006185s, 3148 KB] Reopened 0 state(s).
[t=0.006185s, 3148 KB] Evaluated 18 state(s).
[t=0.006185s, 3148 KB] Evaluations: 18
[t=0.006185s, 3148 KB] Generated 22 state(s).
[t=0.006185s, 3148 KB] Dead ends: 1 state(s).
[t=0.006185s, 3148 KB] Expanded until last jump: 3 state(s).
[t=0.006185s, 3148 KB] Reopened until last jump: 0 state(s).
[t=0.006185s, 3148 KB] Evaluated until last jump: 7 state(s).
[t=0.006185s, 3148 KB] Generated until last jump: 8 state(s).
[t=0.006185s, 3148 KB] Number of registered states: 18
[t=0.006185s, 3148 KB] Int hash set load factor: 18/32 = 0.562500
[t=0.006185s, 3148 KB] Int hash set resizes: 5
[t=0.006185s, 3148 KB] Search time: 0.000533s
[t=0.006185s, 3148 KB] Total time: 0.006185s
Solution found.
Remove intermediate file output.sas
search exit code: 0

