INFO     planner time limit: None
INFO     planner memory limit: None

INFO     Running translator.
INFO     translator stdin: None
INFO     translator time limit: None
INFO     translator memory limit: None
INFO     translator command line string: 'D:\Miniforge3\python.exe' -m translate 'C:\Users\user\Desktop\theoria\.worktrees\e6-dividend-v2\engine-rig\runs\20260728T191530Z-E6-engine-dividend\guarded\sokoban_guarded_singleton_domain.pddl' 'C:\Users\user\Desktop\theoria\.worktrees\e6-dividend-v2\engine-rig\runs\20260728T191530Z-E6-engine-dividend\guarded\open4_guarded_singleton.pddl' --sas-file output.sas
Warning! SIGXCPU is not available on your platform. This means that the planner cannot be gracefully terminated when using a time limit, which, however, is probably supported on your platform anyway.
Parsing...
Parsing: [0.000s CPU, 0.001s wall-clock]
Normalizing task... [0.000s CPU, 0.000s wall-clock]
Instantiating...
Generating Datalog program... [0.000s CPU, 0.000s wall-clock]
Normalizing Datalog program...
Normalizing Datalog program: [0.000s CPU, 0.001s wall-clock]
Preparing model... [0.000s CPU, 0.000s wall-clock]
Generated 20 rules.
Computing model... [0.000s CPU, 0.003s wall-clock]
299 relevant atoms
400 auxiliary atoms
699 final queue length
939 total queue pushes
Completing instantiation... [0.000s CPU, 0.001s wall-clock]
Instantiating: [0.016s CPU, 0.006s wall-clock]
Computing fact groups...
Finding invariants...
7 initial candidates
Finding invariants: [0.000s CPU, 0.001s wall-clock]
Checking invariant weight... [0.000s CPU, 0.000s wall-clock]
Instantiating groups... [0.000s CPU, 0.000s wall-clock]
Collecting mutex groups... [0.000s CPU, 0.000s wall-clock]
Choosing groups...
16 uncovered facts
Choosing groups: [0.000s CPU, 0.000s wall-clock]
Building translation key... [0.000s CPU, 0.000s wall-clock]
Computing fact groups: [0.000s CPU, 0.001s wall-clock]
Building STRIPS to SAS dictionary... [0.000s CPU, 0.000s wall-clock]
Building dictionary for full mutex groups... [0.000s CPU, 0.000s wall-clock]
Building mutex information...
Building mutex information: [0.000s CPU, 0.000s wall-clock]
Translating task...
Processing axioms...
Simplifying axioms... [0.000s CPU, 0.000s wall-clock]
Translator axioms removed by simplifying: 0
Processing axioms: [0.000s CPU, 0.000s wall-clock]
Translating task: [0.000s CPU, 0.002s wall-clock]
144 effect conditions simplified
0 implied preconditions added
Detecting unreachable propositions...
0 operators removed
0 axioms removed
11 propositions removed
Detecting unreachable propositions: [0.000s CPU, 0.001s wall-clock]
Reordering and filtering variables...
19 of 19 variables necessary.
16 of 19 mutex groups necessary.
96 of 96 operators necessary.
0 of 0 axiom rules necessary.
Reordering and filtering variables: [0.000s CPU, 0.001s wall-clock]
Translator variables: 19
Translator derived variables: 0
Translator facts: 72
Translator goal facts: 2
Translator mutex groups: 16
Translator total mutex groups size: 56
Translator operators: 96
Translator axioms: 0
Translator task size: 869
warning: could not determine peak memory
Writing output... [0.000s CPU, 0.009s wall-clock]
Done! [0.016s CPU, 0.021s wall-clock]
translate exit code: 0

INFO     Running search (release).
INFO     search stdin: output.sas
INFO     search time limit: None
INFO     search memory limit: None
INFO     search command line string: 'C:\Users\user\Desktop\theoria\.worktrees\p13\engine-rig\.toolchain\downward\builds\release\bin\downward.exe' --search 'astar(lmcut())' --internal-plan-file 'C:\Users\user\AppData\Local\Temp\tmp5i9gqew4\sas_plan' < output.sas
[t=0.000150s, 1964 KB] Search code revision: 7120aa0
[t=0.000237s, 1976 KB] reading input...
[t=0.001266s, 2192 KB] done reading input!
[t=0.002473s, 2824 KB] Initializing landmark cut heuristic...
[t=0.002501s, 2824 KB] Building successor generator... done!
[t=0.002552s, 2860 KB] peak memory difference for successor generator creation: 36 KB
[t=0.002554s, 2860 KB] time for successor generation creation: 0.000041s
[t=0.002560s, 2860 KB] Variables: 19
[t=0.002563s, 2860 KB] FactPairs: 72
[t=0.002565s, 2872 KB] Bytes per state: 4
[t=0.002576s, 2880 KB] Conducting best first search with reopening closed nodes, (real) bound = 2147483647
[t=0.002636s, 2912 KB] New best heuristic value for lmcut: 6
[t=0.002642s, 2912 KB] g=0, 1 evaluated, 0 expanded
[t=0.002644s, 2912 KB] f = 6, 1 evaluated, 0 expanded
[t=0.002650s, 2912 KB] Initial heuristic value for lmcut: 6
[t=0.002653s, 2912 KB] pruning method: none
[t=0.002676s, 2912 KB] New best heuristic value for lmcut: 5
[t=0.002683s, 2912 KB] g=1, 2 evaluated, 1 expanded
[t=0.002716s, 2912 KB] New best heuristic value for lmcut: 4
[t=0.002723s, 2912 KB] g=2, 4 evaluated, 2 expanded
[t=0.002773s, 2924 KB] New best heuristic value for lmcut: 3
[t=0.002778s, 2924 KB] g=3, 7 evaluated, 3 expanded
[t=0.002805s, 2924 KB] New best heuristic value for lmcut: 2
[t=0.002809s, 2924 KB] g=4, 10 evaluated, 4 expanded
[t=0.002833s, 2924 KB] New best heuristic value for lmcut: 1
[t=0.002837s, 2924 KB] g=5, 13 evaluated, 5 expanded
[t=0.002842s, 2924 KB] New best heuristic value for lmcut: 0
[t=0.002846s, 2924 KB] g=6, 14 evaluated, 6 expanded
[t=0.002862s, 2924 KB] Solution found!
[t=0.002867s, 2924 KB] Actual search time: 0.000213s
move c44 c34 up (1)
move c34 c24 up (1)
move c24 c23 left (1)
push c23 c33 c43 b2 down (1)
move c33 c32 left (1)
push c32 c22 c12 b1 up (1)
[t=0.002870s, 2940 KB] Plan length: 6 step(s).
[t=0.002870s, 2940 KB] Plan cost: 6
[t=0.002870s, 2940 KB] Expanded 7 state(s).
[t=0.002870s, 2940 KB] Reopened 0 state(s).
[t=0.002870s, 2940 KB] Evaluated 16 state(s).
[t=0.002870s, 2940 KB] Evaluations: 16
[t=0.002870s, 2940 KB] Generated 19 state(s).
[t=0.002870s, 2940 KB] Dead ends: 1 state(s).
[t=0.002870s, 2940 KB] Expanded until last jump: 0 state(s).
[t=0.002870s, 2940 KB] Reopened until last jump: 0 state(s).
[t=0.002870s, 2940 KB] Evaluated until last jump: 1 state(s).
[t=0.002870s, 2940 KB] Generated until last jump: 0 state(s).
[t=0.002870s, 2940 KB] Number of registered states: 16
[t=0.002870s, 2940 KB] Int hash set load factor: 16/16 = 1.000000
[t=0.002870s, 2940 KB] Int hash set resizes: 4
[t=0.002870s, 2940 KB] Search time: 0.000295s
[t=0.002870s, 2940 KB] Total time: 0.002870s
Solution found.
Remove intermediate file output.sas
search exit code: 0

