INFO     planner time limit: None
INFO     planner memory limit: None

INFO     Running translator.
INFO     translator stdin: None
INFO     translator time limit: None
INFO     translator memory limit: None
INFO     translator command line string: 'D:\Miniforge3\python.exe' -m translate 'C:\Users\user\Desktop\theoria\.worktrees\e6-dividend-v2\engine-rig\runs\20260728T191530Z-E6-engine-dividend\guarded\sokoban_guarded_indexed_domain.pddl' 'C:\Users\user\Desktop\theoria\.worktrees\e6-dividend-v2\engine-rig\runs\20260728T191530Z-E6-engine-dividend\guarded\open4_guarded_indexed.pddl' --sas-file output.sas
Warning! SIGXCPU is not available on your platform. This means that the planner cannot be gracefully terminated when using a time limit, which, however, is probably supported on your platform anyway.
Parsing...
Parsing: [0.016s CPU, 0.002s wall-clock]
Normalizing task... [0.000s CPU, 0.000s wall-clock]
Instantiating...
Generating Datalog program... [0.000s CPU, 0.000s wall-clock]
Normalizing Datalog program...
Normalizing Datalog program: [0.000s CPU, 0.001s wall-clock]
Preparing model... [0.000s CPU, 0.000s wall-clock]
Generated 37 rules.
Computing model... [0.000s CPU, 0.005s wall-clock]
347 relevant atoms
1136 auxiliary atoms
1483 final queue length
1723 total queue pushes
Completing instantiation... [0.000s CPU, 0.002s wall-clock]
Instantiating: [0.000s CPU, 0.008s wall-clock]
Computing fact groups...
Finding invariants...
7 initial candidates
Finding invariants: [0.000s CPU, 0.001s wall-clock]
Checking invariant weight... [0.000s CPU, 0.000s wall-clock]
Instantiating groups... [0.000s CPU, 0.000s wall-clock]
Collecting mutex groups... [0.000s CPU, 0.000s wall-clock]
Choosing groups...
16 uncovered facts
Choosing groups: [0.000s CPU, 0.000s wall-clock]
Building translation key... [0.000s CPU, 0.000s wall-clock]
Computing fact groups: [0.000s CPU, 0.002s wall-clock]
Building STRIPS to SAS dictionary... [0.000s CPU, 0.000s wall-clock]
Building dictionary for full mutex groups... [0.000s CPU, 0.000s wall-clock]
Building mutex information...
Building mutex information: [0.000s CPU, 0.000s wall-clock]
Translating task...
Processing axioms...
Simplifying axioms... [0.000s CPU, 0.000s wall-clock]
Translator axioms removed by simplifying: 0
Processing axioms: [0.000s CPU, 0.000s wall-clock]
Translating task: [0.016s CPU, 0.009s wall-clock]
1104 effect conditions simplified
0 implied preconditions added
Detecting unreachable propositions...
160 operators removed
0 axioms removed
11 propositions removed
Detecting unreachable propositions: [0.000s CPU, 0.004s wall-clock]
Reordering and filtering variables...
19 of 19 variables necessary.
16 of 19 mutex groups necessary.
416 of 416 operators necessary.
0 of 0 axiom rules necessary.
Reordering and filtering variables: [0.000s CPU, 0.002s wall-clock]
Translator variables: 19
Translator derived variables: 0
Translator facts: 72
Translator goal facts: 2
Translator mutex groups: 16
Translator total mutex groups size: 56
Translator operators: 416
Translator axioms: 0
Translator task size: 4101
warning: could not determine peak memory
Writing output... [0.016s CPU, 0.013s wall-clock]
Done! [0.047s CPU, 0.041s wall-clock]
translate exit code: 0

INFO     Running search (release).
INFO     search stdin: output.sas
INFO     search time limit: None
INFO     search memory limit: None
INFO     search command line string: 'C:\Users\user\Desktop\theoria\.worktrees\p13\engine-rig\.toolchain\downward\builds\release\bin\downward.exe' --search 'astar(ipdb())' --internal-plan-file 'C:\Users\user\AppData\Local\Temp\tmpkhbvp090\sas_plan' < output.sas
[t=0.000140s, 1964 KB] Search code revision: 7120aa0
[t=0.000233s, 1964 KB] reading input...
[t=0.004205s, 2540 KB] done reading input!
[t=0.005350s, 2936 KB] Initializing canonical PDB heuristic...
[t=0.005361s, 2936 KB] Generating patterns using: hill climbing pattern collection generator
[t=0.005538s, 2968 KB] Done calculating initial pattern collection: 0.000176s
[t=0.005550s, 2968 KB] Average operator cost: 1.000000
[t=0.005557s, 2968 KB] Building causal graph... done!
[t=0.007756s, 3052 KB] Done calculating initial candidate PDBs
[t=0.010074s, 3220 KB] found a better pattern with improvement 870
[t=0.016148s, 3372 KB] found a better pattern with improvement 619
[t=0.025677s, 3716 KB] found a better pattern with improvement 69
[t=0.038270s, 4368 KB] found a better pattern with improvement 45
[t=0.056442s, 5520 KB] found a better pattern with improvement 15
[t=0.071034s, 5968 KB] found a better pattern with improvement 156
[t=0.087861s, 7048 KB] found a better pattern with improvement 38
[t=0.111626s, 8976 KB] Improvement below threshold. Stop hill climbing.
[t=0.111644s, 8976 KB] Hill climbing iterations: 8
[t=0.111647s, 8976 KB] Hill climbing generated patterns: 130
[t=0.111649s, 8976 KB] Hill climbing rejected patterns: 0
[t=0.111651s, 8976 KB] Hill climbing maximum PDB size: 36864
[t=0.111653s, 8976 KB] Hill climbing time: 0.106105s
[t=0.112225s, 8976 KB] hill climbing pattern collection generator number of patterns: 9
[t=0.112233s, 8976 KB] hill climbing pattern collection generator total PDB size: 48600
[t=0.112236s, 8976 KB] hill climbing pattern collection generator computation time: 0.106861s
[t=0.112242s, 8976 KB] Running dominance pruning...
[t=0.112247s, 8976 KB] Pruned 6 of 8 pattern cliques
[t=0.112252s, 8976 KB] Pruned 7 of 9 PDBs
[t=0.112254s, 8976 KB] Dominance pruning took 0.000012s
[t=0.112279s, 8976 KB] Canonical PDB heuristic number of patterns: 2
[t=0.112284s, 8976 KB] Canonical PDB heuristic total PDB size: 27648
[t=0.112287s, 8976 KB] Canonical PDB heuristic computation time: 0.106929s
[t=0.112315s, 8976 KB] Building successor generator... done!
[t=0.112432s, 8976 KB] peak memory difference for successor generator creation: 0 KB
[t=0.112434s, 8976 KB] time for successor generation creation: 0.000109s
[t=0.112440s, 8976 KB] Variables: 19
[t=0.112445s, 8976 KB] FactPairs: 72
[t=0.112446s, 8976 KB] Bytes per state: 4
[t=0.112454s, 8976 KB] Conducting best first search with reopening closed nodes, (real) bound = 2147483647
[t=0.112470s, 8976 KB] New best heuristic value for cpdbs: 6
[t=0.112472s, 8976 KB] g=0, 1 evaluated, 0 expanded
[t=0.112475s, 8976 KB] f = 6, 1 evaluated, 0 expanded
[t=0.112513s, 8976 KB] Initial heuristic value for cpdbs: 6
[t=0.112516s, 8976 KB] pruning method: none
[t=0.112525s, 8976 KB] New best heuristic value for cpdbs: 5
[t=0.112528s, 8976 KB] g=1, 2 evaluated, 1 expanded
[t=0.112534s, 8976 KB] New best heuristic value for cpdbs: 4
[t=0.112537s, 8976 KB] g=2, 4 evaluated, 2 expanded
[t=0.112543s, 8976 KB] New best heuristic value for cpdbs: 3
[t=0.112547s, 8976 KB] g=3, 7 evaluated, 3 expanded
[t=0.112554s, 8976 KB] New best heuristic value for cpdbs: 2
[t=0.112558s, 8976 KB] g=4, 10 evaluated, 4 expanded
[t=0.112563s, 8976 KB] New best heuristic value for cpdbs: 1
[t=0.112567s, 8976 KB] g=5, 13 evaluated, 5 expanded
[t=0.112571s, 8976 KB] New best heuristic value for cpdbs: 0
[t=0.112573s, 8976 KB] g=6, 14 evaluated, 6 expanded
[t=0.112577s, 8976 KB] Solution found!
[t=0.112582s, 8976 KB] Actual search time: 0.000063s
move c44 c34 up (1)
move c34 c24 up (1)
move c24 c23 left (1)
push-pair1 c23 c33 c43 b2 down b1 c42 (1)
move c33 c32 left (1)
push-pair1 c32 c22 c12 b1 up b2 c13 (1)
[t=0.112585s, 8976 KB] Plan length: 6 step(s).
[t=0.112585s, 8976 KB] Plan cost: 6
[t=0.112585s, 8976 KB] Expanded 7 state(s).
[t=0.112585s, 8976 KB] Reopened 0 state(s).
[t=0.112585s, 8976 KB] Evaluated 16 state(s).
[t=0.112585s, 8976 KB] Evaluations: 16
[t=0.112585s, 8976 KB] Generated 19 state(s).
[t=0.112585s, 8976 KB] Dead ends: 1 state(s).
[t=0.112585s, 8976 KB] Expanded until last jump: 0 state(s).
[t=0.112585s, 8976 KB] Reopened until last jump: 0 state(s).
[t=0.112585s, 8976 KB] Evaluated until last jump: 1 state(s).
[t=0.112585s, 8976 KB] Generated until last jump: 0 state(s).
[t=0.112585s, 8976 KB] Number of registered states: 16
[t=0.112585s, 8976 KB] Int hash set load factor: 16/16 = 1.000000
[t=0.112585s, 8976 KB] Int hash set resizes: 4
[t=0.112585s, 8976 KB] Search time: 0.000132s
[t=0.112585s, 8976 KB] Total time: 0.112585s
Solution found.
Remove intermediate file output.sas
search exit code: 0

