INFO     planner time limit: None
INFO     planner memory limit: None

INFO     Running translator.
INFO     translator stdin: None
INFO     translator time limit: None
INFO     translator memory limit: None
INFO     translator command line string: 'D:\Miniforge3\python.exe' -m translate 'C:\Users\user\Desktop\theoria\.worktrees\e6-dividend-v2\engine-rig\runs\20260728T191530Z-E6-engine-dividend\guarded\sokoban_guarded_indexed_domain.pddl' 'C:\Users\user\Desktop\theoria\.worktrees\e6-dividend-v2\engine-rig\runs\20260728T191530Z-E6-engine-dividend\guarded\open4far_guarded_indexed.pddl' --sas-file output.sas
Warning! SIGXCPU is not available on your platform. This means that the planner cannot be gracefully terminated when using a time limit, which, however, is probably supported on your platform anyway.
Parsing...
Parsing: [0.000s CPU, 0.002s wall-clock]
Normalizing task... [0.000s CPU, 0.000s wall-clock]
Instantiating...
Generating Datalog program... [0.000s CPU, 0.000s wall-clock]
Normalizing Datalog program...
Normalizing Datalog program: [0.000s CPU, 0.001s wall-clock]
Preparing model... [0.000s CPU, 0.000s wall-clock]
Generated 37 rules.
Computing model... [0.016s CPU, 0.005s wall-clock]
347 relevant atoms
1136 auxiliary atoms
1483 final queue length
1723 total queue pushes
Completing instantiation... [0.000s CPU, 0.001s wall-clock]
Instantiating: [0.016s CPU, 0.008s wall-clock]
Computing fact groups...
Finding invariants...
7 initial candidates
Finding invariants: [0.000s CPU, 0.001s wall-clock]
Checking invariant weight... [0.000s CPU, 0.000s wall-clock]
Instantiating groups... [0.000s CPU, 0.000s wall-clock]
Collecting mutex groups... [0.000s CPU, 0.000s wall-clock]
Choosing groups...
16 uncovered facts
Choosing groups: [0.000s CPU, 0.000s wall-clock]
Building translation key... [0.000s CPU, 0.000s wall-clock]
Computing fact groups: [0.000s CPU, 0.002s wall-clock]
Building STRIPS to SAS dictionary... [0.000s CPU, 0.000s wall-clock]
Building dictionary for full mutex groups... [0.000s CPU, 0.000s wall-clock]
Building mutex information...
Building mutex information: [0.000s CPU, 0.000s wall-clock]
Translating task...
Processing axioms...
Simplifying axioms... [0.000s CPU, 0.000s wall-clock]
Translator axioms removed by simplifying: 0
Processing axioms: [0.000s CPU, 0.000s wall-clock]
Translating task: [0.000s CPU, 0.009s wall-clock]
1104 effect conditions simplified
0 implied preconditions added
Detecting unreachable propositions...
160 operators removed
0 axioms removed
11 propositions removed
Detecting unreachable propositions: [0.016s CPU, 0.004s wall-clock]
Reordering and filtering variables...
19 of 19 variables necessary.
16 of 19 mutex groups necessary.
416 of 416 operators necessary.
0 of 0 axiom rules necessary.
Reordering and filtering variables: [0.000s CPU, 0.002s wall-clock]
Translator variables: 19
Translator derived variables: 0
Translator facts: 72
Translator goal facts: 2
Translator mutex groups: 16
Translator total mutex groups size: 56
Translator operators: 416
Translator axioms: 0
Translator task size: 4101
warning: could not determine peak memory
Writing output... [0.000s CPU, 0.014s wall-clock]
Done! [0.031s CPU, 0.041s wall-clock]
translate exit code: 0

INFO     Running search (release).
INFO     search stdin: output.sas
INFO     search time limit: None
INFO     search memory limit: None
INFO     search command line string: 'C:\Users\user\Desktop\theoria\.worktrees\p13\engine-rig\.toolchain\downward\builds\release\bin\downward.exe' --search 'let(hlm,eval_modify_costs(landmark_sum(lm_factory=lm_reasonable_orders_hps(lm_rhw()),pref=false),cost_type=one),let(hff,eval_modify_costs(ff(),cost_type=one),lazy_greedy([hff,hlm],preferred=[hff,hlm],cost_type=one,reopen_closed=false)))' --internal-plan-file 'C:\Users\user\AppData\Local\Temp\tmp2n4m2brc\sas_plan' < output.sas
[t=0.000158s, 1964 KB] Search code revision: 7120aa0
[t=0.000256s, 1968 KB] reading input...
[t=0.004296s, 2552 KB] done reading input!
[t=0.005770s, 3080 KB] Simplifying 1984 unary operators... done! [1952 unary operators]
[t=0.006624s, 3248 KB] time to simplify: 0.000857s
[t=0.006698s, 3248 KB] Initializing additive heuristic...
[t=0.006703s, 3248 KB] Initializing FF heuristic...
[t=0.006731s, 3248 KB] Initializing landmark sum heuristic...
[t=0.006735s, 3248 KB] Generating landmark graph...
[t=0.006766s, 3248 KB] Building a landmark graph with reasonable orders.
[t=0.006792s, 3248 KB] Initializing Exploration...
[t=0.007021s, 3292 KB] Generating landmarks using the RPG/SAS+ approach
[t=0.007447s, 3320 KB] Landmarks generation time: 0.000679s
[t=0.007453s, 3320 KB] Discovered 7 landmarks, of which 1 are disjunctive and 0 are conjunctive.
[t=0.007456s, 3320 KB] There are 5 landmark orderings.
[t=0.007459s, 3320 KB] approx. reasonable orders
[t=0.007485s, 3320 KB] Landmarks generation time: 0.000749s
[t=0.007489s, 3320 KB] Discovered 7 landmarks, of which 1 are disjunctive and 0 are conjunctive.
[t=0.007492s, 3320 KB] There are 5 landmark orderings.
[t=0.007494s, 3320 KB] Landmark graph generation time: 0.000760s
[t=0.007497s, 3320 KB] Landmark graph contains 7 landmarks, of which 1 are disjunctive and 0 are conjunctive.
[t=0.007499s, 3320 KB] Landmark graph contains 5 orderings.
[t=0.007545s, 3320 KB] Building successor generator... done!
[t=0.007667s, 3320 KB] peak memory difference for successor generator creation: 0 KB
[t=0.007670s, 3320 KB] time for successor generation creation: 0.000114s
[t=0.007675s, 3320 KB] Variables: 19
[t=0.007677s, 3320 KB] FactPairs: 72
[t=0.007680s, 3320 KB] Bytes per state: 4
[t=0.007695s, 3320 KB] Conducting lazy best first search, (real) bound = 2147483647
[t=0.007736s, 3320 KB] New best heuristic value for landmark_sum_heuristic: 3
[t=0.007740s, 3320 KB] New best heuristic value for ff: 10
[t=0.007742s, 3320 KB] g=0, 1 evaluated, 0 expanded
[t=0.007749s, 3320 KB] Initial heuristic value for landmark_sum_heuristic: 3
[t=0.007752s, 3320 KB] Initial heuristic value for ff: 10
[t=0.007779s, 3320 KB] New best heuristic value for ff: 7
[t=0.007783s, 3320 KB] g=1, 3 evaluated, 2 expanded
[t=0.007796s, 3320 KB] New best heuristic value for landmark_sum_heuristic: 2
[t=0.007800s, 3320 KB] New best heuristic value for ff: 5
[t=0.007802s, 3320 KB] g=2, 4 evaluated, 3 expanded
[t=0.007812s, 3320 KB] New best heuristic value for landmark_sum_heuristic: 1
[t=0.007816s, 3320 KB] New best heuristic value for ff: 4
[t=0.007818s, 3320 KB] g=3, 5 evaluated, 4 expanded
[t=0.008889s, 3332 KB] New best heuristic value for ff: 3
[t=0.008894s, 3332 KB] g=34, 135 evaluated, 108 expanded
[t=0.008901s, 3332 KB] New best heuristic value for ff: 2
[t=0.008903s, 3332 KB] g=35, 136 evaluated, 109 expanded
[t=0.008910s, 3332 KB] New best heuristic value for ff: 1
[t=0.008912s, 3332 KB] g=36, 137 evaluated, 110 expanded
[t=0.008917s, 3332 KB] Solution found!
[t=0.008922s, 3332 KB] Actual search time: 0.001215s
move c44 c34 up (1)
push-pair0 c34 c33 c32 b2 left (1)
move c33 c23 up (1)
move c23 c13 up (1)
move c13 c12 left (1)
move c12 c11 left (1)
move c11 c21 down (1)
push-pair0 c21 c22 c23 b1 right (1)
move c22 c12 up (1)
move c12 c11 left (1)
move c11 c21 down (1)
move c21 c31 down (1)
move c31 c41 down (1)
move c41 c42 right (1)
push-pair0 c42 c32 c22 b2 up (1)
push-pair1 c32 c22 c12 b2 up b1 c13 (1)
move c22 c21 left (1)
move c21 c11 up (1)
push-pair1 c11 c12 c13 b2 right b1 c12 (1)
move c12 c22 down (1)
move c22 c32 down (1)
move c32 c33 right (1)
move c33 c34 right (1)
move c34 c24 up (1)
move c24 c14 up (1)
push-pair1 c14 c13 c12 b2 left b1 c13 (1)
push-pair0 c13 c23 c33 b1 down (1)
move c23 c22 left (1)
move c22 c21 left (1)
move c21 c11 up (1)
push-pair1 c11 c12 c13 b2 right b1 c12 (1)
move c12 c22 down (1)
move c22 c23 right (1)
push-pair1 c23 c33 c43 b1 down b2 c42 (1)
move c33 c34 right (1)
move c34 c44 down (1)
push-pair1 c44 c43 c42 b1 left b2 c43 (1)
[t=0.008925s, 3332 KB] Plan length: 37 step(s).
[t=0.008925s, 3332 KB] Plan cost: 37
[t=0.008925s, 3332 KB] Expanded 111 state(s).
[t=0.008925s, 3332 KB] Reopened 0 state(s).
[t=0.008925s, 3332 KB] Evaluated 138 state(s).
[t=0.008925s, 3332 KB] Evaluations: 250
[t=0.008925s, 3332 KB] Generated 339 state(s).
[t=0.008925s, 3332 KB] Dead ends: 26 state(s).
[t=0.008925s, 3332 KB] Number of registered states: 138
[t=0.008925s, 3332 KB] Int hash set load factor: 138/256 = 0.539062
[t=0.008925s, 3332 KB] Int hash set resizes: 8
[t=0.008925s, 3332 KB] Search time: 0.001231s
[t=0.008925s, 3332 KB] Total time: 0.008925s
Solution found.
Remove intermediate file output.sas
search exit code: 0

