INFO     planner time limit: None
INFO     planner memory limit: None

INFO     Running translator.
INFO     translator stdin: None
INFO     translator time limit: None
INFO     translator memory limit: None
INFO     translator command line string: 'D:\Miniforge3\python.exe' -m translate 'C:\Users\user\Desktop\theoria\.worktrees\e6-dividend-v2\engine-rig\fixtures\data\sokoban_domain.pddl' 'C:\Users\user\Desktop\theoria\.worktrees\e6-dividend-v2\engine-rig\fixtures\data\sokoban_open4far.pddl' --sas-file output.sas
Warning! SIGXCPU is not available on your platform. This means that the planner cannot be gracefully terminated when using a time limit, which, however, is probably supported on your platform anyway.
Parsing...
Parsing: [0.000s CPU, 0.001s wall-clock]
Normalizing task... [0.000s CPU, 0.000s wall-clock]
Instantiating...
Generating Datalog program... [0.000s CPU, 0.000s wall-clock]
Normalizing Datalog program...
Normalizing Datalog program: [0.000s CPU, 0.001s wall-clock]
Preparing model... [0.000s CPU, 0.000s wall-clock]
Generated 20 rules.
Computing model... [0.000s CPU, 0.003s wall-clock]
291 relevant atoms
400 auxiliary atoms
691 final queue length
931 total queue pushes
Completing instantiation... [0.000s CPU, 0.001s wall-clock]
Instantiating: [0.000s CPU, 0.006s wall-clock]
Computing fact groups...
Finding invariants...
7 initial candidates
Finding invariants: [0.000s CPU, 0.001s wall-clock]
Checking invariant weight... [0.000s CPU, 0.000s wall-clock]
Instantiating groups... [0.000s CPU, 0.000s wall-clock]
Collecting mutex groups... [0.000s CPU, 0.000s wall-clock]
Choosing groups...
16 uncovered facts
Choosing groups: [0.000s CPU, 0.000s wall-clock]
Building translation key... [0.000s CPU, 0.000s wall-clock]
Computing fact groups: [0.000s CPU, 0.001s wall-clock]
Building STRIPS to SAS dictionary... [0.000s CPU, 0.000s wall-clock]
Building dictionary for full mutex groups... [0.000s CPU, 0.000s wall-clock]
Building mutex information...
Building mutex information: [0.000s CPU, 0.000s wall-clock]
Translating task...
Processing axioms...
Simplifying axioms... [0.000s CPU, 0.000s wall-clock]
Translator axioms removed by simplifying: 0
Processing axioms: [0.000s CPU, 0.000s wall-clock]
Translating task: [0.016s CPU, 0.002s wall-clock]
176 effect conditions simplified
0 implied preconditions added
Detecting unreachable propositions...
0 operators removed
0 axioms removed
3 propositions removed
Detecting unreachable propositions: [0.000s CPU, 0.001s wall-clock]
Reordering and filtering variables...
19 of 19 variables necessary.
16 of 19 mutex groups necessary.
112 of 112 operators necessary.
0 of 0 axiom rules necessary.
Reordering and filtering variables: [0.000s CPU, 0.001s wall-clock]
Translator variables: 19
Translator derived variables: 0
Translator facts: 80
Translator goal facts: 2
Translator mutex groups: 16
Translator total mutex groups size: 64
Translator operators: 112
Translator axioms: 0
Translator task size: 1029
warning: could not determine peak memory
Writing output... [0.000s CPU, 0.009s wall-clock]
Done! [0.016s CPU, 0.022s wall-clock]
translate exit code: 0

INFO     Running search (release).
INFO     search stdin: output.sas
INFO     search time limit: None
INFO     search memory limit: None
INFO     search command line string: 'C:\Users\user\Desktop\theoria\.worktrees\p13\engine-rig\.toolchain\downward\builds\release\bin\downward.exe' --search 'eager(single(sum([g(),blind()])),reopen_closed=true)' --internal-plan-file 'C:\Users\user\AppData\Local\Temp\tmpnkw4k9i_\sas_plan' < output.sas
[t=0.000158s, 1936 KB] Search code revision: 7120aa0
[t=0.000245s, 1936 KB] reading input...
[t=0.001415s, 2168 KB] done reading input!
[t=0.002686s, 2816 KB] Initializing blind search heuristic...
[t=0.002711s, 2816 KB] Building successor generator... done!
[t=0.002773s, 2848 KB] peak memory difference for successor generator creation: 32 KB
[t=0.002776s, 2848 KB] time for successor generation creation: 0.000054s
[t=0.002781s, 2848 KB] Variables: 19
[t=0.002784s, 2848 KB] FactPairs: 80
[t=0.002786s, 2848 KB] Bytes per state: 4
[t=0.002796s, 2848 KB] Conducting best first search with reopening closed nodes, (real) bound = 2147483647
[t=0.002817s, 2872 KB] New best heuristic value for blind: 1
[t=0.002821s, 2872 KB] g=0, 1 evaluated, 0 expanded
[t=0.002829s, 2884 KB] Initial heuristic value for blind: 1
[t=0.002831s, 2884 KB] pruning method: none
[t=0.003723s, 2940 KB] New best heuristic value for blind: 0
[t=0.003729s, 2940 KB] g=11, 1166 evaluated, 836 expanded
[t=0.003766s, 2940 KB] Solution found!
[t=0.003771s, 2940 KB] Actual search time: 0.000938s
move c44 c43 left (1)
push c43 c33 c23 b2 up (1)
push c33 c23 c13 b2 up (1)
move c23 c33 down (1)
move c33 c32 left (1)
move c32 c31 left (1)
move c31 c21 up (1)
move c21 c11 up (1)
move c11 c12 right (1)
push c12 c22 c32 b1 down (1)
push c22 c32 c42 b1 down (1)
[t=0.003774s, 2940 KB] Plan length: 11 step(s).
[t=0.003774s, 2940 KB] Plan cost: 11
[t=0.003774s, 2940 KB] Expanded 874 state(s).
[t=0.003774s, 2940 KB] Reopened 0 state(s).
[t=0.003774s, 2940 KB] Evaluated 1217 state(s).
[t=0.003774s, 2940 KB] Evaluations: 1217
[t=0.003774s, 2940 KB] Generated 2568 state(s).
[t=0.003774s, 2940 KB] Dead ends: 0 state(s).
[t=0.003774s, 2940 KB] Number of registered states: 1217
[t=0.003774s, 2940 KB] Int hash set load factor: 1217/2048 = 0.594238
[t=0.003774s, 2940 KB] Int hash set resizes: 11
[t=0.003774s, 2940 KB] Search time: 0.000979s
[t=0.003774s, 2940 KB] Total time: 0.003774s
Solution found.
Remove intermediate file output.sas
search exit code: 0

