INFO     planner time limit: None
INFO     planner memory limit: None

INFO     Running translator.
INFO     translator stdin: None
INFO     translator time limit: None
INFO     translator memory limit: None
INFO     translator command line string: 'D:\Miniforge3\python.exe' -m translate 'C:\Users\user\Desktop\theoria\.worktrees\e6-dividend-v2\engine-rig\runs\20260728T191530Z-E6-engine-dividend\guarded\sokoban_guarded_full_domain.pddl' 'C:\Users\user\Desktop\theoria\.worktrees\e6-dividend-v2\engine-rig\runs\20260728T191530Z-E6-engine-dividend\guarded\open4_guarded_full.pddl' --sas-file output.sas
Warning! SIGXCPU is not available on your platform. This means that the planner cannot be gracefully terminated when using a time limit, which, however, is probably supported on your platform anyway.
Parsing...
Parsing: [0.000s CPU, 0.001s wall-clock]
Normalizing task... [0.000s CPU, 0.000s wall-clock]
Instantiating...
Generating Datalog program... [0.000s CPU, 0.000s wall-clock]
Normalizing Datalog program...
Normalizing Datalog program: [0.000s CPU, 0.001s wall-clock]
Preparing model... [0.000s CPU, 0.000s wall-clock]
Generated 26 rules.
Computing model... [0.000s CPU, 0.004s wall-clock]
347 relevant atoms
496 auxiliary atoms
843 final queue length
1083 total queue pushes
Completing instantiation... [0.000s CPU, 0.001s wall-clock]
Instantiating: [0.000s CPU, 0.006s wall-clock]
Computing fact groups...
Finding invariants...
7 initial candidates
Finding invariants: [0.000s CPU, 0.001s wall-clock]
Checking invariant weight... [0.000s CPU, 0.000s wall-clock]
Instantiating groups... [0.000s CPU, 0.000s wall-clock]
Collecting mutex groups... [0.000s CPU, 0.000s wall-clock]
Choosing groups...
32 uncovered facts
Choosing groups: [0.000s CPU, 0.000s wall-clock]
Building translation key... [0.000s CPU, 0.000s wall-clock]
Computing fact groups: [0.000s CPU, 0.001s wall-clock]
Building STRIPS to SAS dictionary... [0.000s CPU, 0.000s wall-clock]
Building dictionary for full mutex groups... [0.000s CPU, 0.000s wall-clock]
Building mutex information...
Building mutex information: [0.000s CPU, 0.000s wall-clock]
Translating task...
Processing axioms...
Simplifying axioms... [0.000s CPU, 0.000s wall-clock]
Translator axioms removed by simplifying: 0
Processing axioms: [0.000s CPU, 0.000s wall-clock]
Translating task: [0.016s CPU, 0.002s wall-clock]
144 effect conditions simplified
0 implied preconditions added
Detecting unreachable propositions...
0 operators removed
0 axioms removed
11 propositions removed
Detecting unreachable propositions: [0.000s CPU, 0.001s wall-clock]
Reordering and filtering variables...
35 of 35 variables necessary.
16 of 19 mutex groups necessary.
96 of 96 operators necessary.
16 of 16 axiom rules necessary.
Reordering and filtering variables: [0.000s CPU, 0.001s wall-clock]
Translator variables: 35
Translator derived variables: 16
Translator facts: 104
Translator goal facts: 2
Translator mutex groups: 16
Translator total mutex groups size: 56
Translator operators: 96
Translator axioms: 16
Translator task size: 981
warning: could not determine peak memory
Writing output... [0.000s CPU, 0.010s wall-clock]
Done! [0.016s CPU, 0.023s wall-clock]
translate exit code: 0

INFO     Running search (release).
INFO     search stdin: output.sas
INFO     search time limit: None
INFO     search memory limit: None
INFO     search command line string: 'C:\Users\user\Desktop\theoria\.worktrees\p13\engine-rig\.toolchain\downward\builds\release\bin\downward.exe' --search 'let(hlm,eval_modify_costs(landmark_sum(lm_factory=lm_reasonable_orders_hps(lm_rhw()),pref=false),cost_type=one),let(hff,eval_modify_costs(ff(),cost_type=one),lazy_greedy([hff,hlm],preferred=[hff,hlm],cost_type=one,reopen_closed=false)))' --internal-plan-file 'C:\Users\user\AppData\Local\Temp\tmp6f7zaf1s\sas_plan' < output.sas
[t=0.000141s, 1980 KB] Search code revision: 7120aa0
[t=0.000235s, 1980 KB] reading input...
[t=0.001422s, 2212 KB] done reading input!
[t=0.003029s, 2884 KB] Simplifying 576 unary operators... done! [576 unary operators]
[t=0.003223s, 2936 KB] time to simplify: 0.000197s
[t=0.003250s, 2940 KB] Initializing additive heuristic...
[t=0.003255s, 2944 KB] Initializing FF heuristic...
[t=0.003355s, 2948 KB] Initializing landmark sum heuristic...
[t=0.003362s, 2948 KB] Generating landmark graph...
[t=0.003383s, 2948 KB] Building a landmark graph with reasonable orders.
[t=0.003403s, 2948 KB] Initializing Exploration...
[t=0.003487s, 2964 KB] Generating landmarks using the RPG/SAS+ approach
[t=0.003721s, 3004 KB] Landmarks generation time: 0.000336s
[t=0.003726s, 3004 KB] Discovered 10 landmarks, of which 2 are disjunctive and 0 are conjunctive.
[t=0.003729s, 3004 KB] There are 8 landmark orderings.
[t=0.003732s, 3004 KB] approx. reasonable orders
[t=0.003748s, 3004 KB] Landmarks generation time: 0.000385s
[t=0.003752s, 3004 KB] Discovered 10 landmarks, of which 2 are disjunctive and 0 are conjunctive.
[t=0.003755s, 3004 KB] There are 8 landmark orderings.
[t=0.003757s, 3004 KB] Landmark graph generation time: 0.000396s
[t=0.003761s, 3004 KB] Landmark graph contains 10 landmarks, of which 2 are disjunctive and 0 are conjunctive.
[t=0.003763s, 3004 KB] Landmark graph contains 8 orderings.
[t=0.003799s, 3004 KB] Building successor generator... done!
[t=0.003843s, 3004 KB] peak memory difference for successor generator creation: 0 KB
[t=0.003845s, 3004 KB] time for successor generation creation: 0.000037s
[t=0.003850s, 3004 KB] Variables: 35
[t=0.003924s, 3004 KB] FactPairs: 104
[t=0.003926s, 3004 KB] Bytes per state: 8
[t=0.003956s, 3136 KB] Conducting lazy best first search, (real) bound = 2147483647
[t=0.003983s, 3136 KB] New best heuristic value for landmark_sum_heuristic: 4
[t=0.003987s, 3136 KB] New best heuristic value for ff: 8
[t=0.003989s, 3136 KB] g=0, 1 evaluated, 0 expanded
[t=0.003997s, 3136 KB] Initial heuristic value for landmark_sum_heuristic: 4
[t=0.004001s, 3136 KB] Initial heuristic value for ff: 8
[t=0.004009s, 3136 KB] New best heuristic value for ff: 6
[t=0.004013s, 3136 KB] g=1, 2 evaluated, 1 expanded
[t=0.004023s, 3136 KB] New best heuristic value for ff: 5
[t=0.004027s, 3136 KB] g=2, 3 evaluated, 2 expanded
[t=0.004037s, 3136 KB] New best heuristic value for landmark_sum_heuristic: 3
[t=0.004039s, 3136 KB] New best heuristic value for ff: 4
[t=0.004041s, 3136 KB] g=3, 4 evaluated, 3 expanded
[t=0.004055s, 3136 KB] New best heuristic value for landmark_sum_heuristic: 2
[t=0.004059s, 3136 KB] New best heuristic value for ff: 2
[t=0.004061s, 3136 KB] g=4, 6 evaluated, 5 expanded
[t=0.004068s, 3136 KB] New best heuristic value for landmark_sum_heuristic: 1
[t=0.004070s, 3136 KB] New best heuristic value for ff: 1
[t=0.004072s, 3136 KB] g=5, 7 evaluated, 6 expanded
[t=0.004078s, 3136 KB] Solution found!
[t=0.004081s, 3136 KB] Actual search time: 0.000118s
move c44 c34 up (1)
move c34 c24 up (1)
move c24 c23 left (1)
push c23 c33 c43 b2 down (1)
move c33 c32 left (1)
push c32 c22 c12 b1 up (1)
[t=0.004084s, 3136 KB] Plan length: 6 step(s).
[t=0.004084s, 3136 KB] Plan cost: 6
[t=0.004084s, 3136 KB] Expanded 7 state(s).
[t=0.004084s, 3136 KB] Reopened 0 state(s).
[t=0.004084s, 3136 KB] Evaluated 8 state(s).
[t=0.004084s, 3136 KB] Evaluations: 16
[t=0.004084s, 3136 KB] Generated 22 state(s).
[t=0.004084s, 3136 KB] Dead ends: 0 state(s).
[t=0.004084s, 3136 KB] Number of registered states: 8
[t=0.004084s, 3136 KB] Int hash set load factor: 8/8 = 1.000000
[t=0.004084s, 3136 KB] Int hash set resizes: 3
[t=0.004084s, 3136 KB] Search time: 0.000130s
[t=0.004084s, 3136 KB] Total time: 0.004084s
Solution found.
Remove intermediate file output.sas
search exit code: 0

