INFO     planner time limit: None
INFO     planner memory limit: None

INFO     Running translator.
INFO     translator stdin: None
INFO     translator time limit: None
INFO     translator memory limit: None
INFO     translator command line string: 'D:\Miniforge3\python.exe' -m translate 'C:\Users\user\Desktop\theoria\.worktrees\e6-dividend-v2\engine-rig\runs\20260728T191530Z-E6-engine-dividend\guarded\sokoban_guarded_indexed_domain.pddl' 'C:\Users\user\Desktop\theoria\.worktrees\e6-dividend-v2\engine-rig\runs\20260728T191530Z-E6-engine-dividend\guarded\open4far_guarded_indexed.pddl' --sas-file output.sas
Warning! SIGXCPU is not available on your platform. This means that the planner cannot be gracefully terminated when using a time limit, which, however, is probably supported on your platform anyway.
Parsing...
Parsing: [0.000s CPU, 0.002s wall-clock]
Normalizing task... [0.000s CPU, 0.000s wall-clock]
Instantiating...
Generating Datalog program... [0.000s CPU, 0.000s wall-clock]
Normalizing Datalog program...
Normalizing Datalog program: [0.000s CPU, 0.001s wall-clock]
Preparing model... [0.000s CPU, 0.000s wall-clock]
Generated 37 rules.
Computing model... [0.016s CPU, 0.005s wall-clock]
347 relevant atoms
1136 auxiliary atoms
1483 final queue length
1723 total queue pushes
Completing instantiation... [0.000s CPU, 0.001s wall-clock]
Instantiating: [0.016s CPU, 0.008s wall-clock]
Computing fact groups...
Finding invariants...
7 initial candidates
Finding invariants: [0.000s CPU, 0.001s wall-clock]
Checking invariant weight... [0.000s CPU, 0.000s wall-clock]
Instantiating groups... [0.000s CPU, 0.000s wall-clock]
Collecting mutex groups... [0.000s CPU, 0.000s wall-clock]
Choosing groups...
16 uncovered facts
Choosing groups: [0.000s CPU, 0.000s wall-clock]
Building translation key... [0.000s CPU, 0.000s wall-clock]
Computing fact groups: [0.000s CPU, 0.002s wall-clock]
Building STRIPS to SAS dictionary... [0.000s CPU, 0.000s wall-clock]
Building dictionary for full mutex groups... [0.000s CPU, 0.000s wall-clock]
Building mutex information...
Building mutex information: [0.000s CPU, 0.000s wall-clock]
Translating task...
Processing axioms...
Simplifying axioms... [0.000s CPU, 0.000s wall-clock]
Translator axioms removed by simplifying: 0
Processing axioms: [0.000s CPU, 0.000s wall-clock]
Translating task: [0.000s CPU, 0.009s wall-clock]
1104 effect conditions simplified
0 implied preconditions added
Detecting unreachable propositions...
160 operators removed
0 axioms removed
11 propositions removed
Detecting unreachable propositions: [0.016s CPU, 0.004s wall-clock]
Reordering and filtering variables...
19 of 19 variables necessary.
16 of 19 mutex groups necessary.
416 of 416 operators necessary.
0 of 0 axiom rules necessary.
Reordering and filtering variables: [0.000s CPU, 0.002s wall-clock]
Translator variables: 19
Translator derived variables: 0
Translator facts: 72
Translator goal facts: 2
Translator mutex groups: 16
Translator total mutex groups size: 56
Translator operators: 416
Translator axioms: 0
Translator task size: 4101
warning: could not determine peak memory
Writing output... [0.000s CPU, 0.012s wall-clock]
Done! [0.031s CPU, 0.040s wall-clock]
translate exit code: 0

INFO     Running search (release).
INFO     search stdin: output.sas
INFO     search time limit: None
INFO     search memory limit: None
INFO     search command line string: 'C:\Users\user\Desktop\theoria\.worktrees\p13\engine-rig\.toolchain\downward\builds\release\bin\downward.exe' --search 'astar(lmcut())' --internal-plan-file 'C:\Users\user\AppData\Local\Temp\tmpqnusl9bz\sas_plan' < output.sas
[t=0.000166s, 1920 KB] Search code revision: 7120aa0
[t=0.000262s, 1948 KB] reading input...
[t=0.004249s, 2536 KB] done reading input!
[t=0.005517s, 3052 KB] Initializing landmark cut heuristic...
[t=0.005546s, 3052 KB] Building successor generator... done!
[t=0.005704s, 3124 KB] peak memory difference for successor generator creation: 72 KB
[t=0.005706s, 3124 KB] time for successor generation creation: 0.000151s
[t=0.005712s, 3124 KB] Variables: 19
[t=0.005716s, 3124 KB] FactPairs: 72
[t=0.005718s, 3124 KB] Bytes per state: 4
[t=0.005728s, 3124 KB] Conducting best first search with reopening closed nodes, (real) bound = 2147483647
[t=0.005805s, 3136 KB] New best heuristic value for lmcut: 7
[t=0.005810s, 3136 KB] g=0, 1 evaluated, 0 expanded
[t=0.005812s, 3136 KB] f = 7, 1 evaluated, 0 expanded
[t=0.005818s, 3136 KB] Initial heuristic value for lmcut: 7
[t=0.005822s, 3136 KB] pruning method: none
[t=0.005922s, 3136 KB] New best heuristic value for lmcut: 6
[t=0.005926s, 3136 KB] g=1, 3 evaluated, 1 expanded
[t=0.006012s, 3136 KB] New best heuristic value for lmcut: 5
[t=0.006016s, 3136 KB] g=2, 5 evaluated, 2 expanded
[t=0.006036s, 3136 KB] New best heuristic value for lmcut: 4
[t=0.006040s, 3136 KB] g=3, 6 evaluated, 3 expanded
[t=0.006225s, 3156 KB] f = 8, 12 evaluated, 4 expanded
[t=0.006839s, 3156 KB] f = 9, 31 evaluated, 11 expanded
[t=0.007062s, 3156 KB] f = 10, 38 evaluated, 16 expanded
[t=0.007648s, 3156 KB] f = 11, 51 evaluated, 29 expanded
[t=0.007699s, 3156 KB] New best heuristic value for lmcut: 3
[t=0.007703s, 3156 KB] g=8, 52 evaluated, 30 expanded
[t=0.007794s, 3156 KB] New best heuristic value for lmcut: 2
[t=0.007798s, 3156 KB] g=9, 56 evaluated, 31 expanded
[t=0.007837s, 3156 KB] New best heuristic value for lmcut: 1
[t=0.007841s, 3156 KB] g=10, 59 evaluated, 32 expanded
[t=0.007848s, 3156 KB] New best heuristic value for lmcut: 0
[t=0.007851s, 3156 KB] g=11, 60 evaluated, 33 expanded
[t=0.007876s, 3156 KB] Solution found!
[t=0.007881s, 3156 KB] Actual search time: 0.002057s
move c44 c43 left (1)
push-pair0 c43 c33 c23 b2 up (1)
move c33 c34 right (1)
move c34 c24 up (1)
move c24 c14 up (1)
move c14 c13 left (1)
move c13 c12 left (1)
push-pair0 c12 c22 c32 b1 down (1)
push-pair1 c22 c32 c42 b1 down b2 c43 (1)
move c32 c33 right (1)
push-pair1 c33 c23 c13 b2 up b1 c12 (1)
[t=0.007884s, 3156 KB] Plan length: 11 step(s).
[t=0.007884s, 3156 KB] Plan cost: 11
[t=0.007884s, 3156 KB] Expanded 34 state(s).
[t=0.007884s, 3156 KB] Reopened 0 state(s).
[t=0.007884s, 3156 KB] Evaluated 62 state(s).
[t=0.007884s, 3156 KB] Evaluations: 62
[t=0.007884s, 3156 KB] Generated 101 state(s).
[t=0.007884s, 3156 KB] Dead ends: 9 state(s).
[t=0.007884s, 3156 KB] Expanded until last jump: 29 state(s).
[t=0.007884s, 3156 KB] Reopened until last jump: 0 state(s).
[t=0.007884s, 3156 KB] Evaluated until last jump: 51 state(s).
[t=0.007884s, 3156 KB] Generated until last jump: 87 state(s).
[t=0.007884s, 3156 KB] Number of registered states: 62
[t=0.007884s, 3156 KB] Int hash set load factor: 62/64 = 0.968750
[t=0.007884s, 3156 KB] Int hash set resizes: 6
[t=0.007884s, 3156 KB] Search time: 0.002156s
[t=0.007884s, 3156 KB] Total time: 0.007884s
Solution found.
Remove intermediate file output.sas
search exit code: 0

