INFO     planner time limit: None
INFO     planner memory limit: None

INFO     Running translator.
INFO     translator stdin: None
INFO     translator time limit: None
INFO     translator memory limit: None
INFO     translator command line string: 'D:\Miniforge3\python.exe' -m translate 'C:\Users\user\Desktop\theoria\.worktrees\e6-dividend-v2\engine-rig\runs\20260728T191530Z-E6-engine-dividend\guarded\sokoban_guarded_singleton_domain.pddl' 'C:\Users\user\Desktop\theoria\.worktrees\e6-dividend-v2\engine-rig\runs\20260728T191530Z-E6-engine-dividend\guarded\open4far_guarded_singleton.pddl' --sas-file output.sas
Warning! SIGXCPU is not available on your platform. This means that the planner cannot be gracefully terminated when using a time limit, which, however, is probably supported on your platform anyway.
Parsing...
Parsing: [0.000s CPU, 0.001s wall-clock]
Normalizing task... [0.000s CPU, 0.000s wall-clock]
Instantiating...
Generating Datalog program... [0.000s CPU, 0.000s wall-clock]
Normalizing Datalog program...
Normalizing Datalog program: [0.000s CPU, 0.001s wall-clock]
Preparing model... [0.000s CPU, 0.000s wall-clock]
Generated 20 rules.
Computing model... [0.000s CPU, 0.003s wall-clock]
299 relevant atoms
400 auxiliary atoms
699 final queue length
939 total queue pushes
Completing instantiation... [0.000s CPU, 0.001s wall-clock]
Instantiating: [0.000s CPU, 0.006s wall-clock]
Computing fact groups...
Finding invariants...
7 initial candidates
Finding invariants: [0.000s CPU, 0.001s wall-clock]
Checking invariant weight... [0.000s CPU, 0.000s wall-clock]
Instantiating groups... [0.000s CPU, 0.000s wall-clock]
Collecting mutex groups... [0.000s CPU, 0.000s wall-clock]
Choosing groups...
16 uncovered facts
Choosing groups: [0.000s CPU, 0.000s wall-clock]
Building translation key... [0.000s CPU, 0.000s wall-clock]
Computing fact groups: [0.000s CPU, 0.001s wall-clock]
Building STRIPS to SAS dictionary... [0.000s CPU, 0.000s wall-clock]
Building dictionary for full mutex groups... [0.000s CPU, 0.000s wall-clock]
Building mutex information...
Building mutex information: [0.000s CPU, 0.000s wall-clock]
Translating task...
Processing axioms...
Simplifying axioms... [0.000s CPU, 0.000s wall-clock]
Translator axioms removed by simplifying: 0
Processing axioms: [0.000s CPU, 0.000s wall-clock]
Translating task: [0.016s CPU, 0.002s wall-clock]
144 effect conditions simplified
0 implied preconditions added
Detecting unreachable propositions...
0 operators removed
0 axioms removed
11 propositions removed
Detecting unreachable propositions: [0.000s CPU, 0.001s wall-clock]
Reordering and filtering variables...
19 of 19 variables necessary.
16 of 19 mutex groups necessary.
96 of 96 operators necessary.
0 of 0 axiom rules necessary.
Reordering and filtering variables: [0.000s CPU, 0.001s wall-clock]
Translator variables: 19
Translator derived variables: 0
Translator facts: 72
Translator goal facts: 2
Translator mutex groups: 16
Translator total mutex groups size: 56
Translator operators: 96
Translator axioms: 0
Translator task size: 869
warning: could not determine peak memory
Writing output... [0.000s CPU, 0.009s wall-clock]
Done! [0.016s CPU, 0.021s wall-clock]
translate exit code: 0

INFO     Running search (release).
INFO     search stdin: output.sas
INFO     search time limit: None
INFO     search memory limit: None
INFO     search command line string: 'C:\Users\user\Desktop\theoria\.worktrees\p13\engine-rig\.toolchain\downward\builds\release\bin\downward.exe' --search 'astar(lmcut())' --internal-plan-file 'C:\Users\user\AppData\Local\Temp\tmp86qn7med\sas_plan' < output.sas
[t=0.000151s, 1960 KB] Search code revision: 7120aa0
[t=0.000249s, 1964 KB] reading input...
[t=0.001283s, 2168 KB] done reading input!
[t=0.002506s, 2820 KB] Initializing landmark cut heuristic...
[t=0.002544s, 2828 KB] Building successor generator... done!
[t=0.002590s, 2836 KB] peak memory difference for successor generator creation: 8 KB
[t=0.002593s, 2836 KB] time for successor generation creation: 0.000038s
[t=0.002598s, 2836 KB] Variables: 19
[t=0.002600s, 2836 KB] FactPairs: 72
[t=0.002602s, 2836 KB] Bytes per state: 4
[t=0.002616s, 2836 KB] Conducting best first search with reopening closed nodes, (real) bound = 2147483647
[t=0.002666s, 2860 KB] New best heuristic value for lmcut: 7
[t=0.002670s, 2860 KB] g=0, 1 evaluated, 0 expanded
[t=0.002672s, 2860 KB] f = 7, 1 evaluated, 0 expanded
[t=0.002679s, 2860 KB] Initial heuristic value for lmcut: 7
[t=0.002681s, 2860 KB] pruning method: none
[t=0.002727s, 2872 KB] New best heuristic value for lmcut: 6
[t=0.002731s, 2872 KB] g=1, 3 evaluated, 1 expanded
[t=0.002766s, 2872 KB] New best heuristic value for lmcut: 5
[t=0.002770s, 2872 KB] g=2, 5 evaluated, 2 expanded
[t=0.002784s, 2872 KB] New best heuristic value for lmcut: 4
[t=0.002786s, 2872 KB] g=3, 6 evaluated, 3 expanded
[t=0.002855s, 2872 KB] f = 9, 12 evaluated, 4 expanded
[t=0.003075s, 2876 KB] f = 10, 29 evaluated, 13 expanded
[t=0.003167s, 2888 KB] f = 11, 35 evaluated, 16 expanded
[t=0.003207s, 2888 KB] New best heuristic value for lmcut: 3
[t=0.003212s, 2888 KB] g=8, 38 evaluated, 18 expanded
[t=0.003234s, 2888 KB] New best heuristic value for lmcut: 2
[t=0.003238s, 2888 KB] g=9, 40 evaluated, 19 expanded
[t=0.003246s, 2888 KB] New best heuristic value for lmcut: 1
[t=0.003249s, 2888 KB] g=10, 41 evaluated, 20 expanded
[t=0.003269s, 2888 KB] New best heuristic value for lmcut: 0
[t=0.003273s, 2888 KB] g=11, 44 evaluated, 21 expanded
[t=0.003282s, 2888 KB] Solution found!
[t=0.003286s, 2888 KB] Actual search time: 0.000601s
move c44 c43 left (1)
push c43 c33 c23 b2 up (1)
push c33 c23 c13 b2 up (1)
move c23 c33 down (1)
move c33 c32 left (1)
move c32 c31 left (1)
move c31 c21 up (1)
move c21 c11 up (1)
move c11 c12 right (1)
push c12 c22 c32 b1 down (1)
push c22 c32 c42 b1 down (1)
[t=0.003289s, 2888 KB] Plan length: 11 step(s).
[t=0.003289s, 2888 KB] Plan cost: 11
[t=0.003289s, 2888 KB] Expanded 22 state(s).
[t=0.003289s, 2888 KB] Reopened 0 state(s).
[t=0.003289s, 2888 KB] Evaluated 45 state(s).
[t=0.003289s, 2888 KB] Evaluations: 45
[t=0.003289s, 2888 KB] Generated 64 state(s).
[t=0.003289s, 2888 KB] Dead ends: 5 state(s).
[t=0.003289s, 2888 KB] Expanded until last jump: 16 state(s).
[t=0.003289s, 2888 KB] Reopened until last jump: 0 state(s).
[t=0.003289s, 2888 KB] Evaluated until last jump: 35 state(s).
[t=0.003289s, 2888 KB] Generated until last jump: 50 state(s).
[t=0.003289s, 2888 KB] Number of registered states: 45
[t=0.003289s, 2888 KB] Int hash set load factor: 45/64 = 0.703125
[t=0.003289s, 2888 KB] Int hash set resizes: 6
[t=0.003289s, 2888 KB] Search time: 0.000674s
[t=0.003289s, 2888 KB] Total time: 0.003289s
Solution found.
Remove intermediate file output.sas
search exit code: 0

