INFO     planner time limit: None
INFO     planner memory limit: None

INFO     Running translator.
INFO     translator stdin: None
INFO     translator time limit: None
INFO     translator memory limit: None
INFO     translator command line string: 'D:\Miniforge3\python.exe' -m translate 'C:\Users\user\Desktop\theoria\.worktrees\e6-dividend-v2\engine-rig\runs\20260728T191530Z-E6-engine-dividend\guarded\sokoban_guarded_singleton_domain.pddl' 'C:\Users\user\Desktop\theoria\.worktrees\e6-dividend-v2\engine-rig\runs\20260728T191530Z-E6-engine-dividend\guarded\ringstuck5_guarded_singleton.pddl' --sas-file output.sas
Warning! SIGXCPU is not available on your platform. This means that the planner cannot be gracefully terminated when using a time limit, which, however, is probably supported on your platform anyway.
Parsing...
Parsing: [0.000s CPU, 0.001s wall-clock]
Normalizing task... [0.000s CPU, 0.000s wall-clock]
Instantiating...
Generating Datalog program... [0.000s CPU, 0.000s wall-clock]
Normalizing Datalog program...
Normalizing Datalog program: [0.000s CPU, 0.001s wall-clock]
Preparing model... [0.000s CPU, 0.000s wall-clock]
Generated 20 rules.
Computing model... [0.000s CPU, 0.001s wall-clock]
172 relevant atoms
258 auxiliary atoms
430 final queue length
491 total queue pushes
Completing instantiation... [0.000s CPU, 0.001s wall-clock]
Instantiating: [0.000s CPU, 0.003s wall-clock]
No relaxed solution! Generating unsolvable task...
Translator variables: 1
Translator derived variables: 0
Translator facts: 2
Translator goal facts: 1
Translator mutex groups: 0
Translator total mutex groups size: 0
Translator operators: 0
Translator axioms: 0
Translator task size: 4
warning: could not determine peak memory
Writing output... [0.000s CPU, 0.005s wall-clock]
Done! [0.000s CPU, 0.009s wall-clock]
translate exit code: 0

INFO     Running search (release).
INFO     search stdin: output.sas
INFO     search time limit: None
INFO     search memory limit: None
INFO     search command line string: 'C:\Users\user\Desktop\theoria\.worktrees\p13\engine-rig\.toolchain\downward\builds\release\bin\downward.exe' --search 'let(hlm,eval_modify_costs(landmark_sum(lm_factory=lm_reasonable_orders_hps(lm_rhw()),pref=false),cost_type=one),let(hff,eval_modify_costs(ff(),cost_type=one),lazy_greedy([hff,hlm],preferred=[hff,hlm],cost_type=one,reopen_closed=false)))' --internal-plan-file 'C:\Users\user\AppData\Local\Temp\tmpr_x14td5\sas_plan' < output.sas
[t=0.000146s, 1960 KB] Search code revision: 7120aa0
[t=0.000240s, 1972 KB] reading input...
[t=0.000342s, 2016 KB] done reading input!
[t=0.001938s, 2592 KB] Simplifying 0 unary operators... done! [0 unary operators]
[t=0.001951s, 2592 KB] time to simplify: 0.000017s
[t=0.001957s, 2592 KB] Initializing additive heuristic...
[t=0.001960s, 2592 KB] Initializing FF heuristic...
[t=0.001980s, 2592 KB] Initializing landmark sum heuristic...
[t=0.001985s, 2620 KB] Generating landmark graph...
[t=0.001991s, 2620 KB] Building a landmark graph with reasonable orders.
[t=0.001996s, 2620 KB] Initializing Exploration...
[t=0.002001s, 2620 KB] Generating landmarks using the RPG/SAS+ approach
[t=0.002030s, 2620 KB] Landmarks generation time: 0.000039s
[t=0.002040s, 2632 KB] Discovered 2 landmarks, of which 0 are disjunctive and 0 are conjunctive.
[t=0.002043s, 2632 KB] There are 1 landmark orderings.
[t=0.002050s, 2632 KB] approx. reasonable orders
[t=0.002055s, 2632 KB] Landmarks generation time: 0.000068s
[t=0.002059s, 2632 KB] Discovered 2 landmarks, of which 0 are disjunctive and 0 are conjunctive.
[t=0.002061s, 2656 KB] There are 1 landmark orderings.
[t=0.002065s, 2656 KB] Landmark graph generation time: 0.000081s
[t=0.002069s, 2656 KB] Landmark graph contains 2 landmarks, of which 0 are disjunctive and 0 are conjunctive.
[t=0.002071s, 2656 KB] Landmark graph contains 1 orderings.
[t=0.002108s, 2664 KB] Building successor generator... done!
[t=0.002123s, 2664 KB] peak memory difference for successor generator creation: 0 KB
[t=0.002125s, 2664 KB] time for successor generation creation: 0.000007s
[t=0.002131s, 2664 KB] Variables: 1
[t=0.002136s, 2664 KB] FactPairs: 2
[t=0.002139s, 2664 KB] Bytes per state: 4
[t=0.002158s, 2676 KB] Conducting lazy best first search, (real) bound = 2147483647
[t=0.002182s, 2700 KB] Initial heuristic value for ff: infinity
[t=0.002192s, 2700 KB] Completely explored state space -- no solution!
[t=0.002194s, 2700 KB] Actual search time: 0.000027s
[t=0.002197s, 2700 KB] Expanded 0 state(s).
[t=0.002197s, 2700 KB] Reopened 0 state(s).
[t=0.002197s, 2700 KB] Evaluated 1 state(s).
[t=0.002197s, 2700 KB] Evaluations: 1
[t=0.002197s, 2700 KB] Generated 0 state(s).
[t=0.002197s, 2700 KB] Dead ends: 1 state(s).
[t=0.002197s, 2700 KB] Number of registered states: 1
[t=0.002197s, 2700 KB] Int hash set load factor: 1/1 = 1.000000
[t=0.002197s, 2700 KB] Int hash set resizes: 0
[t=0.002197s, 2700 KB] Search time: 0.000041s
[t=0.002197s, 2700 KB] Total time: 0.002197s
Search stopped without finding a solution.
Remove intermediate file output.sas
search exit code: 12

Driver aborting after search
