INFO     planner time limit: None
INFO     planner memory limit: None

INFO     Running translator.
INFO     translator stdin: None
INFO     translator time limit: None
INFO     translator memory limit: None
INFO     translator command line string: 'D:\Miniforge3\python.exe' -m translate 'C:\Users\user\Desktop\theoria\.worktrees\e6-dividend-v2\engine-rig\fixtures\data\sokoban_domain.pddl' 'C:\Users\user\Desktop\theoria\.worktrees\e6-dividend-v2\engine-rig\runs\20260728T191530Z-E6-engine-dividend\instances\ringstuck6.pddl' --sas-file output.sas
Warning! SIGXCPU is not available on your platform. This means that the planner cannot be gracefully terminated when using a time limit, which, however, is probably supported on your platform anyway.
Parsing...
Parsing: [0.000s CPU, 0.001s wall-clock]
Normalizing task... [0.000s CPU, 0.000s wall-clock]
Instantiating...
Generating Datalog program... [0.000s CPU, 0.000s wall-clock]
Normalizing Datalog program...
Normalizing Datalog program: [0.000s CPU, 0.001s wall-clock]
Preparing model... [0.000s CPU, 0.000s wall-clock]
Generated 20 rules.
Computing model... [0.000s CPU, 0.001s wall-clock]
209 relevant atoms
324 auxiliary atoms
533 final queue length
611 total queue pushes
Completing instantiation... [0.000s CPU, 0.001s wall-clock]
Instantiating: [0.000s CPU, 0.003s wall-clock]
No relaxed solution! Generating unsolvable task...
Translator variables: 1
Translator derived variables: 0
Translator facts: 2
Translator goal facts: 1
Translator mutex groups: 0
Translator total mutex groups size: 0
Translator operators: 0
Translator axioms: 0
Translator task size: 4
warning: could not determine peak memory
Writing output... [0.016s CPU, 0.005s wall-clock]
Done! [0.016s CPU, 0.009s wall-clock]
translate exit code: 0

INFO     Running search (release).
INFO     search stdin: output.sas
INFO     search time limit: None
INFO     search memory limit: None
INFO     search command line string: 'C:\Users\user\Desktop\theoria\.worktrees\p13\engine-rig\.toolchain\downward\builds\release\bin\downward.exe' --search 'let(hlm,eval_modify_costs(landmark_sum(lm_factory=lm_reasonable_orders_hps(lm_rhw()),pref=false),cost_type=one),let(hff,eval_modify_costs(ff(),cost_type=one),lazy_greedy([hff,hlm],preferred=[hff,hlm],cost_type=one,reopen_closed=false)))' --internal-plan-file 'C:\Users\user\AppData\Local\Temp\tmp43qvzzjy\sas_plan' < output.sas
[t=0.000153s, 1972 KB] Search code revision: 7120aa0
[t=0.000251s, 1972 KB] reading input...
[t=0.000369s, 2092 KB] done reading input!
[t=0.001879s, 2684 KB] Simplifying 0 unary operators... done! [0 unary operators]
[t=0.001892s, 2684 KB] time to simplify: 0.000017s
[t=0.001896s, 2684 KB] Initializing additive heuristic...
[t=0.001899s, 2684 KB] Initializing FF heuristic...
[t=0.001923s, 2684 KB] Initializing landmark sum heuristic...
[t=0.001928s, 2684 KB] Generating landmark graph...
[t=0.001937s, 2684 KB] Building a landmark graph with reasonable orders.
[t=0.001944s, 2684 KB] Initializing Exploration...
[t=0.001952s, 2684 KB] Generating landmarks using the RPG/SAS+ approach
[t=0.001987s, 2684 KB] Landmarks generation time: 0.000048s
[t=0.001993s, 2684 KB] Discovered 2 landmarks, of which 0 are disjunctive and 0 are conjunctive.
[t=0.001996s, 2684 KB] There are 1 landmark orderings.
[t=0.002000s, 2684 KB] approx. reasonable orders
[t=0.002006s, 2684 KB] Landmarks generation time: 0.000077s
[t=0.002010s, 2684 KB] Discovered 2 landmarks, of which 0 are disjunctive and 0 are conjunctive.
[t=0.002012s, 2684 KB] There are 1 landmark orderings.
[t=0.002015s, 2684 KB] Landmark graph generation time: 0.000088s
[t=0.002019s, 2684 KB] Landmark graph contains 2 landmarks, of which 0 are disjunctive and 0 are conjunctive.
[t=0.002021s, 2684 KB] Landmark graph contains 1 orderings.
[t=0.002058s, 2684 KB] Building successor generator... done!
[t=0.002071s, 2684 KB] peak memory difference for successor generator creation: 0 KB
[t=0.002073s, 2684 KB] time for successor generation creation: 0.000006s
[t=0.002078s, 2684 KB] Variables: 1
[t=0.002080s, 2684 KB] FactPairs: 2
[t=0.002083s, 2684 KB] Bytes per state: 4
[t=0.002108s, 2696 KB] Conducting lazy best first search, (real) bound = 2147483647
[t=0.002152s, 2868 KB] Initial heuristic value for ff: infinity
[t=0.002161s, 2868 KB] Completely explored state space -- no solution!
[t=0.002164s, 2868 KB] Actual search time: 0.000028s
[t=0.002168s, 2868 KB] Expanded 0 state(s).
[t=0.002168s, 2868 KB] Reopened 0 state(s).
[t=0.002168s, 2868 KB] Evaluated 1 state(s).
[t=0.002168s, 2868 KB] Evaluations: 1
[t=0.002168s, 2868 KB] Generated 0 state(s).
[t=0.002168s, 2868 KB] Dead ends: 1 state(s).
[t=0.002168s, 2880 KB] Number of registered states: 1
[t=0.002168s, 2880 KB] Int hash set load factor: 1/1 = 1.000000
[t=0.002168s, 2880 KB] Int hash set resizes: 0
[t=0.002168s, 2880 KB] Search time: 0.000062s
[t=0.002168s, 2880 KB] Total time: 0.002168s
Search stopped without finding a solution.
Remove intermediate file output.sas
search exit code: 12

Driver aborting after search
