INFO     planner time limit: None
INFO     planner memory limit: None

INFO     Running translator.
INFO     translator stdin: None
INFO     translator time limit: None
INFO     translator memory limit: None
INFO     translator command line string: 'D:\Miniforge3\python.exe' -m translate 'C:\Users\user\Desktop\theoria\.worktrees\e6-dividend-v2\engine-rig\runs\20260728T191530Z-E6-engine-dividend\guarded\sokoban_guarded_singleton_domain.pddl' 'C:\Users\user\Desktop\theoria\.worktrees\e6-dividend-v2\engine-rig\runs\20260728T191530Z-E6-engine-dividend\guarded\ringstuck7_guarded_singleton.pddl' --sas-file output.sas
Warning! SIGXCPU is not available on your platform. This means that the planner cannot be gracefully terminated when using a time limit, which, however, is probably supported on your platform anyway.
Parsing...
Parsing: [0.000s CPU, 0.002s wall-clock]
Normalizing task... [0.000s CPU, 0.000s wall-clock]
Instantiating...
Generating Datalog program... [0.000s CPU, 0.000s wall-clock]
Normalizing Datalog program...
Normalizing Datalog program: [0.000s CPU, 0.001s wall-clock]
Preparing model... [0.000s CPU, 0.000s wall-clock]
Generated 20 rules.
Computing model... [0.000s CPU, 0.003s wall-clock]
250 relevant atoms
390 auxiliary atoms
640 final queue length
735 total queue pushes
Completing instantiation... [0.000s CPU, 0.001s wall-clock]
Instantiating: [0.000s CPU, 0.005s wall-clock]
No relaxed solution! Generating unsolvable task...
Translator variables: 1
Translator derived variables: 0
Translator facts: 2
Translator goal facts: 1
Translator mutex groups: 0
Translator total mutex groups size: 0
Translator operators: 0
Translator axioms: 0
Translator task size: 4
warning: could not determine peak memory
Writing output... [0.000s CPU, 0.005s wall-clock]
Done! [0.000s CPU, 0.012s wall-clock]
translate exit code: 0

INFO     Running search (release).
INFO     search stdin: output.sas
INFO     search time limit: None
INFO     search memory limit: None
INFO     search command line string: 'C:\Users\user\Desktop\theoria\.worktrees\p13\engine-rig\.toolchain\downward\builds\release\bin\downward.exe' --search 'astar(lmcut())' --internal-plan-file 'C:\Users\user\AppData\Local\Temp\tmpswylz_q4\sas_plan' < output.sas
[t=0.000148s, 1956 KB] Search code revision: 7120aa0
[t=0.000235s, 1956 KB] reading input...
[t=0.000336s, 1972 KB] done reading input!
[t=0.001575s, 2572 KB] Initializing landmark cut heuristic...
[t=0.001602s, 2576 KB] Building successor generator... done!
[t=0.001613s, 2576 KB] peak memory difference for successor generator creation: 0 KB
[t=0.001616s, 2576 KB] time for successor generation creation: 0.000005s
[t=0.001621s, 2612 KB] Variables: 1
[t=0.001624s, 2612 KB] FactPairs: 2
[t=0.001626s, 2612 KB] Bytes per state: 4
[t=0.001637s, 2612 KB] Conducting best first search with reopening closed nodes, (real) bound = 2147483647
[t=0.001659s, 2636 KB] Initial state is a dead end.
[t=0.001662s, 2636 KB] Initial heuristic value for lmcut: infinity
[t=0.001665s, 2636 KB] pruning method: none
[t=0.001669s, 2636 KB] Completely explored state space -- no solution!
[t=0.001672s, 2636 KB] Actual search time: 0.000006s
[t=0.001676s, 2636 KB] Expanded 0 state(s).
[t=0.001676s, 2636 KB] Reopened 0 state(s).
[t=0.001676s, 2636 KB] Evaluated 1 state(s).
[t=0.001676s, 2636 KB] Evaluations: 1
[t=0.001676s, 2636 KB] Generated 0 state(s).
[t=0.001676s, 2636 KB] Dead ends: 0 state(s).
[t=0.001676s, 2636 KB] Number of registered states: 1
[t=0.001676s, 2636 KB] Int hash set load factor: 1/1 = 1.000000
[t=0.001676s, 2636 KB] Int hash set resizes: 0
[t=0.001676s, 2636 KB] Search time: 0.000041s
[t=0.001676s, 2636 KB] Total time: 0.001676s
Search stopped without finding a solution.
Remove intermediate file output.sas
search exit code: 12

Driver aborting after search
