INFO     planner time limit: None
INFO     planner memory limit: None

INFO     Running translator.
INFO     translator stdin: None
INFO     translator time limit: None
INFO     translator memory limit: None
INFO     translator command line string: 'D:\Miniforge3\python.exe' -m translate 'C:\Users\user\Desktop\theoria\.worktrees\e6-dividend-v2\engine-rig\fixtures\data\sokoban_domain.pddl' 'C:\Users\user\Desktop\theoria\.worktrees\e6-dividend-v2\engine-rig\runs\20260728T191530Z-E6-engine-dividend\instances\ringstuck5.pddl' --sas-file output.sas
Warning! SIGXCPU is not available on your platform. This means that the planner cannot be gracefully terminated when using a time limit, which, however, is probably supported on your platform anyway.
Parsing...
Parsing: [0.000s CPU, 0.001s wall-clock]
Normalizing task... [0.000s CPU, 0.000s wall-clock]
Instantiating...
Generating Datalog program... [0.000s CPU, 0.000s wall-clock]
Normalizing Datalog program...
Normalizing Datalog program: [0.000s CPU, 0.001s wall-clock]
Preparing model... [0.000s CPU, 0.000s wall-clock]
Generated 20 rules.
Computing model... [0.016s CPU, 0.001s wall-clock]
170 relevant atoms
258 auxiliary atoms
428 final queue length
489 total queue pushes
Completing instantiation... [0.000s CPU, 0.000s wall-clock]
Instantiating: [0.016s CPU, 0.002s wall-clock]
No relaxed solution! Generating unsolvable task...
Translator variables: 1
Translator derived variables: 0
Translator facts: 2
Translator goal facts: 1
Translator mutex groups: 0
Translator total mutex groups size: 0
Translator operators: 0
Translator axioms: 0
Translator task size: 4
warning: could not determine peak memory
Writing output... [0.000s CPU, 0.005s wall-clock]
Done! [0.016s CPU, 0.009s wall-clock]
translate exit code: 0

INFO     Running search (release).
INFO     search stdin: output.sas
INFO     search time limit: None
INFO     search memory limit: None
INFO     search command line string: 'C:\Users\user\Desktop\theoria\.worktrees\p13\engine-rig\.toolchain\downward\builds\release\bin\downward.exe' --search 'astar(lmcut())' --internal-plan-file 'C:\Users\user\AppData\Local\Temp\tmp3kxy9g7u\sas_plan' < output.sas
[t=0.000168s, 1928 KB] Search code revision: 7120aa0
[t=0.000257s, 1928 KB] reading input...
[t=0.000355s, 1976 KB] done reading input!
[t=0.001630s, 2536 KB] Initializing landmark cut heuristic...
[t=0.001686s, 2540 KB] Building successor generator... done!
[t=0.001696s, 2540 KB] peak memory difference for successor generator creation: 0 KB
[t=0.001698s, 2540 KB] time for successor generation creation: 0.000004s
[t=0.001704s, 2540 KB] Variables: 1
[t=0.001707s, 2540 KB] FactPairs: 2
[t=0.001709s, 2540 KB] Bytes per state: 4
[t=0.001719s, 2544 KB] Conducting best first search with reopening closed nodes, (real) bound = 2147483647
[t=0.001744s, 2592 KB] Initial state is a dead end.
[t=0.001749s, 2592 KB] Initial heuristic value for lmcut: infinity
[t=0.001751s, 2592 KB] pruning method: none
[t=0.001757s, 2596 KB] Completely explored state space -- no solution!
[t=0.001761s, 2596 KB] Actual search time: 0.000007s
[t=0.001764s, 2596 KB] Expanded 0 state(s).
[t=0.001764s, 2596 KB] Reopened 0 state(s).
[t=0.001764s, 2596 KB] Evaluated 1 state(s).
[t=0.001764s, 2596 KB] Evaluations: 1
[t=0.001764s, 2596 KB] Generated 0 state(s).
[t=0.001764s, 2596 KB] Dead ends: 0 state(s).
[t=0.001764s, 2596 KB] Number of registered states: 1
[t=0.001764s, 2596 KB] Int hash set load factor: 1/1 = 1.000000
[t=0.001764s, 2596 KB] Int hash set resizes: 0
[t=0.001764s, 2596 KB] Search time: 0.000046s
[t=0.001764s, 2596 KB] Total time: 0.001764s
Search stopped without finding a solution.
Remove intermediate file output.sas
search exit code: 12

Driver aborting after search
