INFO     planner time limit: None
INFO     planner memory limit: None

INFO     Running translator.
INFO     translator stdin: None
INFO     translator time limit: None
INFO     translator memory limit: None
INFO     translator command line string: 'D:\Miniforge3\python.exe' -m translate 'C:\Users\user\Desktop\theoria\.worktrees\e6-dividend-v2\engine-rig\runs\20260728T191530Z-E6-engine-dividend\guarded\sokoban_guarded_singleton_domain.pddl' 'C:\Users\user\Desktop\theoria\.worktrees\e6-dividend-v2\engine-rig\runs\20260728T191530Z-E6-engine-dividend\guarded\ringstuck7_guarded_singleton.pddl' --sas-file output.sas
Warning! SIGXCPU is not available on your platform. This means that the planner cannot be gracefully terminated when using a time limit, which, however, is probably supported on your platform anyway.
Parsing...
Parsing: [0.000s CPU, 0.001s wall-clock]
Normalizing task... [0.000s CPU, 0.000s wall-clock]
Instantiating...
Generating Datalog program... [0.000s CPU, 0.000s wall-clock]
Normalizing Datalog program...
Normalizing Datalog program: [0.000s CPU, 0.001s wall-clock]
Preparing model... [0.000s CPU, 0.000s wall-clock]
Generated 20 rules.
Computing model... [0.016s CPU, 0.003s wall-clock]
250 relevant atoms
390 auxiliary atoms
640 final queue length
735 total queue pushes
Completing instantiation... [0.000s CPU, 0.001s wall-clock]
Instantiating: [0.016s CPU, 0.005s wall-clock]
No relaxed solution! Generating unsolvable task...
Translator variables: 1
Translator derived variables: 0
Translator facts: 2
Translator goal facts: 1
Translator mutex groups: 0
Translator total mutex groups size: 0
Translator operators: 0
Translator axioms: 0
Translator task size: 4
warning: could not determine peak memory
Writing output... [0.000s CPU, 0.005s wall-clock]
Done! [0.016s CPU, 0.012s wall-clock]
translate exit code: 0

INFO     Running search (release).
INFO     search stdin: output.sas
INFO     search time limit: None
INFO     search memory limit: None
INFO     search command line string: 'C:\Users\user\Desktop\theoria\.worktrees\p13\engine-rig\.toolchain\downward\builds\release\bin\downward.exe' --search 'astar(blind())' --internal-plan-file 'C:\Users\user\AppData\Local\Temp\tmpt63x7rw3\sas_plan' < output.sas
[t=0.000151s, 1960 KB] Search code revision: 7120aa0
[t=0.000243s, 1960 KB] reading input...
[t=0.000337s, 1968 KB] done reading input!
[t=0.001573s, 2540 KB] Initializing blind search heuristic...
[t=0.001607s, 2548 KB] Building successor generator... done!
[t=0.001620s, 2584 KB] peak memory difference for successor generator creation: 36 KB
[t=0.001624s, 2584 KB] time for successor generation creation: 0.000006s
[t=0.001630s, 2584 KB] Variables: 1
[t=0.001632s, 2584 KB] FactPairs: 2
[t=0.001635s, 2584 KB] Bytes per state: 4
[t=0.001646s, 2584 KB] Conducting best first search with reopening closed nodes, (real) bound = 2147483647
[t=0.001664s, 2608 KB] Initial state is a dead end.
[t=0.001667s, 2608 KB] Initial heuristic value for blind: infinity
[t=0.001671s, 2608 KB] pruning method: none
[t=0.001677s, 2608 KB] Completely explored state space -- no solution!
[t=0.001680s, 2608 KB] Actual search time: 0.000007s
[t=0.001683s, 2608 KB] Expanded 0 state(s).
[t=0.001683s, 2608 KB] Reopened 0 state(s).
[t=0.001683s, 2608 KB] Evaluated 1 state(s).
[t=0.001683s, 2608 KB] Evaluations: 1
[t=0.001683s, 2608 KB] Generated 0 state(s).
[t=0.001683s, 2608 KB] Dead ends: 0 state(s).
[t=0.001683s, 2608 KB] Number of registered states: 1
[t=0.001683s, 2608 KB] Int hash set load factor: 1/1 = 1.000000
[t=0.001683s, 2608 KB] Int hash set resizes: 0
[t=0.001683s, 2608 KB] Search time: 0.000039s
[t=0.001683s, 2608 KB] Total time: 0.001683s
Search stopped without finding a solution.
Remove intermediate file output.sas
search exit code: 12

Driver aborting after search
