INFO     planner time limit: None
INFO     planner memory limit: None

INFO     Running translator.
INFO     translator stdin: None
INFO     translator time limit: None
INFO     translator memory limit: None
INFO     translator command line string: 'D:\Miniforge3\python.exe' -m translate 'C:\Users\user\Desktop\theoria\.worktrees\e6-dividend-v2\engine-rig\runs\20260728T191530Z-E6-engine-dividend\guarded\sokoban_guarded_singleton_domain.pddl' 'C:\Users\user\Desktop\theoria\.worktrees\e6-dividend-v2\engine-rig\runs\20260728T191530Z-E6-engine-dividend\guarded\ringstuck4_guarded_singleton.pddl' --sas-file output.sas
Warning! SIGXCPU is not available on your platform. This means that the planner cannot be gracefully terminated when using a time limit, which, however, is probably supported on your platform anyway.
Parsing...
Parsing: [0.000s CPU, 0.001s wall-clock]
Normalizing task... [0.000s CPU, 0.000s wall-clock]
Instantiating...
Generating Datalog program... [0.000s CPU, 0.000s wall-clock]
Normalizing Datalog program...
Normalizing Datalog program: [0.000s CPU, 0.001s wall-clock]
Preparing model... [0.000s CPU, 0.000s wall-clock]
Generated 20 rules.
Computing model... [0.000s CPU, 0.001s wall-clock]
133 relevant atoms
192 auxiliary atoms
325 final queue length
369 total queue pushes
Completing instantiation... [0.000s CPU, 0.000s wall-clock]
Instantiating: [0.000s CPU, 0.002s wall-clock]
No relaxed solution! Generating unsolvable task...
Translator variables: 1
Translator derived variables: 0
Translator facts: 2
Translator goal facts: 1
Translator mutex groups: 0
Translator total mutex groups size: 0
Translator operators: 0
Translator axioms: 0
Translator task size: 4
warning: could not determine peak memory
Writing output... [0.016s CPU, 0.005s wall-clock]
Done! [0.016s CPU, 0.009s wall-clock]
translate exit code: 0

INFO     Running search (release).
INFO     search stdin: output.sas
INFO     search time limit: None
INFO     search memory limit: None
INFO     search command line string: 'C:\Users\user\Desktop\theoria\.worktrees\p13\engine-rig\.toolchain\downward\builds\release\bin\downward.exe' --search 'let(hlm,eval_modify_costs(landmark_sum(lm_factory=lm_reasonable_orders_hps(lm_rhw()),pref=false),cost_type=one),let(hff,eval_modify_costs(ff(),cost_type=one),lazy_greedy([hff,hlm],preferred=[hff,hlm],cost_type=one,reopen_closed=false)))' --internal-plan-file 'C:\Users\user\AppData\Local\Temp\tmplz6s5a56\sas_plan' < output.sas
[t=0.000158s, 1968 KB] Search code revision: 7120aa0
[t=0.000260s, 1980 KB] reading input...
[t=0.000353s, 2020 KB] done reading input!
[t=0.001902s, 2624 KB] Simplifying 0 unary operators... done! [0 unary operators]
[t=0.001917s, 2624 KB] time to simplify: 0.000018s
[t=0.001921s, 2624 KB] Initializing additive heuristic...
[t=0.001923s, 2624 KB] Initializing FF heuristic...
[t=0.001945s, 2624 KB] Initializing landmark sum heuristic...
[t=0.001950s, 2624 KB] Generating landmark graph...
[t=0.001988s, 2624 KB] Building a landmark graph with reasonable orders.
[t=0.001998s, 2624 KB] Initializing Exploration...
[t=0.002004s, 2624 KB] Generating landmarks using the RPG/SAS+ approach
[t=0.002030s, 2624 KB] Landmarks generation time: 0.000036s
[t=0.002035s, 2652 KB] Discovered 2 landmarks, of which 0 are disjunctive and 0 are conjunctive.
[t=0.002037s, 2652 KB] There are 1 landmark orderings.
[t=0.002041s, 2652 KB] approx. reasonable orders
[t=0.002045s, 2652 KB] Landmarks generation time: 0.000093s
[t=0.002049s, 2652 KB] Discovered 2 landmarks, of which 0 are disjunctive and 0 are conjunctive.
[t=0.002051s, 2652 KB] There are 1 landmark orderings.
[t=0.002055s, 2652 KB] Landmark graph generation time: 0.000107s
[t=0.002059s, 2652 KB] Landmark graph contains 2 landmarks, of which 0 are disjunctive and 0 are conjunctive.
[t=0.002061s, 2652 KB] Landmark graph contains 1 orderings.
[t=0.002102s, 2664 KB] Building successor generator... done!
[t=0.002114s, 2664 KB] peak memory difference for successor generator creation: 0 KB
[t=0.002117s, 2688 KB] time for successor generation creation: 0.000005s
[t=0.002123s, 2688 KB] Variables: 1
[t=0.002125s, 2688 KB] FactPairs: 2
[t=0.002127s, 2688 KB] Bytes per state: 4
[t=0.002154s, 2700 KB] Conducting lazy best first search, (real) bound = 2147483647
[t=0.002189s, 2744 KB] Initial heuristic value for ff: infinity
[t=0.002197s, 2744 KB] Completely explored state space -- no solution!
[t=0.002200s, 2744 KB] Actual search time: 0.000031s
[t=0.002204s, 2744 KB] Expanded 0 state(s).
[t=0.002204s, 2744 KB] Reopened 0 state(s).
[t=0.002204s, 2744 KB] Evaluated 1 state(s).
[t=0.002204s, 2744 KB] Evaluations: 1
[t=0.002204s, 2744 KB] Generated 0 state(s).
[t=0.002204s, 2744 KB] Dead ends: 1 state(s).
[t=0.002204s, 2744 KB] Number of registered states: 1
[t=0.002204s, 2744 KB] Int hash set load factor: 1/1 = 1.000000
[t=0.002204s, 2744 KB] Int hash set resizes: 0
[t=0.002204s, 2744 KB] Search time: 0.000052s
[t=0.002204s, 2744 KB] Total time: 0.002204s
Search stopped without finding a solution.
Remove intermediate file output.sas
search exit code: 12

Driver aborting after search
