INFO     planner time limit: None
INFO     planner memory limit: None

INFO     Running translator.
INFO     translator stdin: None
INFO     translator time limit: None
INFO     translator memory limit: None
INFO     translator command line string: 'D:\Miniforge3\python.exe' -m translate 'C:\Users\user\Desktop\theoria\.worktrees\e7-deadlock-claim\engine-rig\runs\20260728T150713Z-E7-deadlock-claim-audit\attacks\crosscheck\sokoban_nc_domain.pddl' 'C:\Users\user\Desktop\theoria\.worktrees\e7-deadlock-claim\engine-rig\runs\20260728T150713Z-E7-deadlock-claim-audit\attacks\crosscheck\noclear-far4-nc\0069.pddl' --sas-file output.sas
Warning! SIGXCPU is not available on your platform. This means that the planner cannot be gracefully terminated when using a time limit, which, however, is probably supported on your platform anyway.
Parsing...
Parsing: [0.000s CPU, 0.001s wall-clock]
Normalizing task... [0.000s CPU, 0.000s wall-clock]
Instantiating...
Generating Datalog program... [0.000s CPU, 0.000s wall-clock]
Normalizing Datalog program...
Normalizing Datalog program: [0.000s CPU, 0.001s wall-clock]
Preparing model... [0.000s CPU, 0.000s wall-clock]
Generated 19 rules.
Computing model... [0.000s CPU, 0.002s wall-clock]
291 relevant atoms
368 auxiliary atoms
659 final queue length
953 total queue pushes
Completing instantiation... [0.016s CPU, 0.003s wall-clock]
Instantiating: [0.016s CPU, 0.006s wall-clock]
Computing fact groups...
Finding invariants...
7 initial candidates
Finding invariants: [0.000s CPU, 0.000s wall-clock]
Checking invariant weight... [0.000s CPU, 0.000s wall-clock]
Instantiating groups... [0.000s CPU, 0.000s wall-clock]
Collecting mutex groups... [0.000s CPU, 0.000s wall-clock]
Choosing groups...
16 uncovered facts
Choosing groups: [0.000s CPU, 0.000s wall-clock]
Building translation key... [0.000s CPU, 0.000s wall-clock]
Computing fact groups: [0.000s CPU, 0.001s wall-clock]
Building STRIPS to SAS dictionary... [0.000s CPU, 0.000s wall-clock]
Building dictionary for full mutex groups... [0.000s CPU, 0.000s wall-clock]
Building mutex information...
Building mutex information: [0.000s CPU, 0.000s wall-clock]
Translating task...
Processing axioms...
Simplifying axioms... [0.000s CPU, 0.000s wall-clock]
Translator axioms removed by simplifying: 0
Processing axioms: [0.000s CPU, 0.000s wall-clock]
Translating task: [0.000s CPU, 0.002s wall-clock]
112 effect conditions simplified
0 implied preconditions added
Detecting unreachable propositions...
0 operators removed
0 axioms removed
3 propositions removed
Detecting unreachable propositions: [0.000s CPU, 0.001s wall-clock]
Reordering and filtering variables...
19 of 19 variables necessary.
0 of 3 mutex groups necessary.
112 of 112 operators necessary.
0 of 0 axiom rules necessary.
Reordering and filtering variables: [0.000s CPU, 0.001s wall-clock]
Translator variables: 19
Translator derived variables: 0
Translator facts: 80
Translator goal facts: 2
Translator mutex groups: 0
Translator total mutex groups size: 0
Translator operators: 112
Translator axioms: 0
Translator task size: 965
warning: could not determine peak memory
Writing output... [0.000s CPU, 0.013s wall-clock]
Done! [0.016s CPU, 0.025s wall-clock]
translate exit code: 0

INFO     Running search (release).
INFO     search stdin: output.sas
INFO     search time limit: None
INFO     search memory limit: None
INFO     search command line string: 'C:\Users\user\Desktop\theoria\.worktrees\p13\engine-rig\.toolchain\downward\builds\release\bin\downward.exe' --search 'astar(lmcut())' --internal-plan-file 'C:\Users\user\AppData\Local\Temp\tmpvcmdd_ly\sas_plan' < output.sas
[t=0.000114s, 1924 KB] Search code revision: 7120aa0
[t=0.000192s, 1936 KB] reading input...
[t=0.001276s, 2164 KB] done reading input!
[t=0.002191s, 2752 KB] Initializing landmark cut heuristic...
[t=0.002220s, 2760 KB] Building successor generator... done!
[t=0.002279s, 2824 KB] peak memory difference for successor generator creation: 44 KB
[t=0.002282s, 2824 KB] time for successor generation creation: 0.000049s
[t=0.002287s, 2824 KB] Variables: 19
[t=0.002291s, 2824 KB] FactPairs: 80
[t=0.002297s, 2824 KB] Bytes per state: 4
[t=0.002317s, 2832 KB] Conducting best first search with reopening closed nodes, (real) bound = 2147483647
[t=0.002410s, 2844 KB] New best heuristic value for lmcut: 8
[t=0.002426s, 2844 KB] g=0, 1 evaluated, 0 expanded
[t=0.002430s, 2844 KB] f = 8, 1 evaluated, 0 expanded
[t=0.002443s, 2856 KB] Initial heuristic value for lmcut: 8
[t=0.002448s, 2856 KB] pruning method: none
[t=0.002481s, 2868 KB] New best heuristic value for lmcut: 7
[t=0.002485s, 2868 KB] g=1, 2 evaluated, 1 expanded
[t=0.002526s, 2868 KB] New best heuristic value for lmcut: 6
[t=0.002530s, 2868 KB] g=2, 4 evaluated, 2 expanded
[t=0.002569s, 2868 KB] New best heuristic value for lmcut: 5
[t=0.002573s, 2868 KB] g=3, 6 evaluated, 3 expanded
[t=0.002591s, 2868 KB] New best heuristic value for lmcut: 4
[t=0.002595s, 2868 KB] g=4, 7 evaluated, 4 expanded
[t=0.002627s, 2868 KB] New best heuristic value for lmcut: 3
[t=0.002631s, 2868 KB] g=5, 9 evaluated, 5 expanded
[t=0.002673s, 2868 KB] New best heuristic value for lmcut: 2
[t=0.002677s, 2868 KB] g=6, 13 evaluated, 6 expanded
[t=0.002706s, 2876 KB] New best heuristic value for lmcut: 1
[t=0.002709s, 2876 KB] g=7, 16 evaluated, 7 expanded
[t=0.002716s, 2876 KB] New best heuristic value for lmcut: 0
[t=0.002720s, 2876 KB] g=8, 17 evaluated, 8 expanded
[t=0.002740s, 2876 KB] Solution found!
[t=0.002745s, 2876 KB] Actual search time: 0.000295s
move c41 c31 up (1)
move c31 c21 up (1)
move c21 c11 up (1)
move c11 c12 right (1)
push c12 c22 c32 b1 down (1)
push c22 c32 c42 b1 down (1)
move c32 c33 right (1)
push c33 c23 c13 b2 up (1)
[t=0.002748s, 2956 KB] Plan length: 8 step(s).
[t=0.002748s, 2956 KB] Plan cost: 8
[t=0.002748s, 2956 KB] Expanded 9 state(s).
[t=0.002748s, 2956 KB] Reopened 0 state(s).
[t=0.002748s, 2956 KB] Evaluated 19 state(s).
[t=0.002748s, 2956 KB] Evaluations: 19
[t=0.002748s, 2956 KB] Generated 23 state(s).
[t=0.002748s, 2956 KB] Dead ends: 1 state(s).
[t=0.002748s, 2956 KB] Expanded until last jump: 0 state(s).
[t=0.002748s, 2956 KB] Reopened until last jump: 0 state(s).
[t=0.002748s, 2956 KB] Evaluated until last jump: 1 state(s).
[t=0.002748s, 2956 KB] Generated until last jump: 0 state(s).
[t=0.002748s, 2956 KB] Number of registered states: 19
[t=0.002748s, 2956 KB] Int hash set load factor: 19/32 = 0.593750
[t=0.002748s, 2956 KB] Int hash set resizes: 5
[t=0.002748s, 2956 KB] Search time: 0.000434s
[t=0.002748s, 2956 KB] Total time: 0.002748s
Solution found.
Remove intermediate file output.sas
search exit code: 0

