INFO     planner time limit: None
INFO     planner memory limit: None

INFO     Running translator.
INFO     translator stdin: None
INFO     translator time limit: None
INFO     translator memory limit: None
INFO     translator command line string: 'D:\Miniforge3\python.exe' -m translate 'C:\Users\user\Desktop\theoria\.worktrees\e7-deadlock-claim\engine-rig\runs\20260728T150713Z-E7-deadlock-claim-audit\attacks\crosscheck\sokoban_nc_domain.pddl' 'C:\Users\user\Desktop\theoria\.worktrees\e7-deadlock-claim\engine-rig\runs\20260728T150713Z-E7-deadlock-claim-audit\attacks\crosscheck\noclear-far4-nc\0604.pddl' --sas-file output.sas
Warning! SIGXCPU is not available on your platform. This means that the planner cannot be gracefully terminated when using a time limit, which, however, is probably supported on your platform anyway.
Parsing...
Parsing: [0.000s CPU, 0.001s wall-clock]
Normalizing task... [0.000s CPU, 0.000s wall-clock]
Instantiating...
Generating Datalog program... [0.000s CPU, 0.000s wall-clock]
Normalizing Datalog program...
Normalizing Datalog program: [0.000s CPU, 0.001s wall-clock]
Preparing model... [0.000s CPU, 0.000s wall-clock]
Generated 19 rules.
Computing model... [0.000s CPU, 0.001s wall-clock]
251 relevant atoms
344 auxiliary atoms
595 final queue length
789 total queue pushes
Completing instantiation... [0.000s CPU, 0.003s wall-clock]
Instantiating: [0.000s CPU, 0.005s wall-clock]
Computing fact groups...
Finding invariants...
7 initial candidates
Finding invariants: [0.000s CPU, 0.000s wall-clock]
Checking invariant weight... [0.000s CPU, 0.000s wall-clock]
Instantiating groups... [0.000s CPU, 0.000s wall-clock]
Collecting mutex groups... [0.000s CPU, 0.000s wall-clock]
Choosing groups...
16 uncovered facts
Choosing groups: [0.000s CPU, 0.000s wall-clock]
Building translation key... [0.000s CPU, 0.000s wall-clock]
Computing fact groups: [0.000s CPU, 0.001s wall-clock]
Building STRIPS to SAS dictionary... [0.000s CPU, 0.000s wall-clock]
Building dictionary for full mutex groups... [0.000s CPU, 0.000s wall-clock]
Building mutex information...
Building mutex information: [0.000s CPU, 0.000s wall-clock]
Translating task...
Processing axioms...
Simplifying axioms... [0.000s CPU, 0.000s wall-clock]
Translator axioms removed by simplifying: 0
Processing axioms: [0.000s CPU, 0.000s wall-clock]
Translating task: [0.000s CPU, 0.001s wall-clock]
84 effect conditions simplified
0 implied preconditions added
Detecting unreachable propositions...
0 operators removed
0 axioms removed
3 propositions removed
Detecting unreachable propositions: [0.000s CPU, 0.001s wall-clock]
Reordering and filtering variables...
19 of 19 variables necessary.
0 of 3 mutex groups necessary.
84 of 84 operators necessary.
0 of 0 axiom rules necessary.
Reordering and filtering variables: [0.000s CPU, 0.001s wall-clock]
Translator variables: 19
Translator derived variables: 0
Translator facts: 68
Translator goal facts: 2
Translator mutex groups: 0
Translator total mutex groups size: 0
Translator operators: 84
Translator axioms: 0
Translator task size: 701
warning: could not determine peak memory
Writing output... [0.016s CPU, 0.009s wall-clock]
Done! [0.016s CPU, 0.019s wall-clock]
translate exit code: 0

INFO     Running search (release).
INFO     search stdin: output.sas
INFO     search time limit: None
INFO     search memory limit: None
INFO     search command line string: 'C:\Users\user\Desktop\theoria\.worktrees\p13\engine-rig\.toolchain\downward\builds\release\bin\downward.exe' --search 'astar(lmcut())' --internal-plan-file 'C:\Users\user\AppData\Local\Temp\tmp6ubbs60z\sas_plan' < output.sas
[t=0.000105s, 1880 KB] Search code revision: 7120aa0
[t=0.000180s, 1896 KB] reading input...
[t=0.001016s, 2160 KB] done reading input!
[t=0.001890s, 2660 KB] Initializing landmark cut heuristic...
[t=0.001921s, 2660 KB] Building successor generator... done!
[t=0.001969s, 2684 KB] peak memory difference for successor generator creation: 24 KB
[t=0.001972s, 2684 KB] time for successor generation creation: 0.000040s
[t=0.001978s, 2684 KB] Variables: 19
[t=0.001981s, 2684 KB] FactPairs: 68
[t=0.001984s, 2684 KB] Bytes per state: 4
[t=0.001997s, 2684 KB] Conducting best first search with reopening closed nodes, (real) bound = 2147483647
[t=0.002047s, 2720 KB] New best heuristic value for lmcut: 5
[t=0.002051s, 2720 KB] g=0, 1 evaluated, 0 expanded
[t=0.002053s, 2720 KB] f = 5, 1 evaluated, 0 expanded
[t=0.002067s, 2732 KB] Initial heuristic value for lmcut: 5
[t=0.002071s, 2732 KB] pruning method: none
[t=0.002106s, 2760 KB] New best heuristic value for lmcut: 4
[t=0.002110s, 2760 KB] g=1, 3 evaluated, 1 expanded
[t=0.002140s, 2760 KB] New best heuristic value for lmcut: 3
[t=0.002145s, 2772 KB] g=2, 5 evaluated, 2 expanded
[t=0.002174s, 2796 KB] New best heuristic value for lmcut: 2
[t=0.002179s, 2796 KB] g=3, 7 evaluated, 3 expanded
[t=0.002193s, 2796 KB] New best heuristic value for lmcut: 1
[t=0.002204s, 2796 KB] g=4, 9 evaluated, 4 expanded
[t=0.002211s, 2804 KB] New best heuristic value for lmcut: 0
[t=0.002216s, 2804 KB] g=5, 10 evaluated, 5 expanded
[t=0.002242s, 2804 KB] Solution found!
[t=0.002246s, 2804 KB] Actual search time: 0.000174s
move c24 c34 down (1)
move c34 c44 down (1)
move c44 c43 left (1)
push c43 c33 c23 b2 up (1)
push c33 c23 c13 b2 up (1)
[t=0.002249s, 2884 KB] Plan length: 5 step(s).
[t=0.002249s, 2884 KB] Plan cost: 5
[t=0.002249s, 2884 KB] Expanded 6 state(s).
[t=0.002249s, 2884 KB] Reopened 0 state(s).
[t=0.002249s, 2884 KB] Evaluated 13 state(s).
[t=0.002249s, 2884 KB] Evaluations: 13
[t=0.002249s, 2884 KB] Generated 15 state(s).
[t=0.002249s, 2884 KB] Dead ends: 1 state(s).
[t=0.002249s, 2884 KB] Expanded until last jump: 0 state(s).
[t=0.002249s, 2884 KB] Reopened until last jump: 0 state(s).
[t=0.002249s, 2884 KB] Evaluated until last jump: 1 state(s).
[t=0.002249s, 2884 KB] Generated until last jump: 0 state(s).
[t=0.002249s, 2884 KB] Number of registered states: 13
[t=0.002249s, 2884 KB] Int hash set load factor: 13/16 = 0.812500
[t=0.002249s, 2884 KB] Int hash set resizes: 4
[t=0.002249s, 2884 KB] Search time: 0.000254s
[t=0.002249s, 2884 KB] Total time: 0.002249s
Solution found.
Remove intermediate file output.sas
search exit code: 0

