INFO     planner time limit: None
INFO     planner memory limit: None

INFO     Running translator.
INFO     translator stdin: None
INFO     translator time limit: None
INFO     translator memory limit: None
INFO     translator command line string: 'D:\Miniforge3\python.exe' -m translate 'C:\Users\user\Desktop\theoria\.worktrees\e7-deadlock-claim\engine-rig\runs\20260728T150713Z-E7-deadlock-claim-audit\attacks\crosscheck\sokoban_nc_domain.pddl' 'C:\Users\user\Desktop\theoria\.worktrees\e7-deadlock-claim\engine-rig\runs\20260728T150713Z-E7-deadlock-claim-audit\attacks\crosscheck\noclear-far4-nc\1136.pddl' --sas-file output.sas
Warning! SIGXCPU is not available on your platform. This means that the planner cannot be gracefully terminated when using a time limit, which, however, is probably supported on your platform anyway.
Parsing...
Parsing: [0.000s CPU, 0.002s wall-clock]
Normalizing task... [0.016s CPU, 0.000s wall-clock]
Instantiating...
Generating Datalog program... [0.000s CPU, 0.000s wall-clock]
Normalizing Datalog program...
Normalizing Datalog program: [0.000s CPU, 0.001s wall-clock]
Preparing model... [0.000s CPU, 0.000s wall-clock]
Generated 19 rules.
Computing model... [0.000s CPU, 0.001s wall-clock]
251 relevant atoms
344 auxiliary atoms
595 final queue length
789 total queue pushes
Completing instantiation... [0.000s CPU, 0.003s wall-clock]
Instantiating: [0.000s CPU, 0.005s wall-clock]
Computing fact groups...
Finding invariants...
7 initial candidates
Finding invariants: [0.000s CPU, 0.000s wall-clock]
Checking invariant weight... [0.000s CPU, 0.000s wall-clock]
Instantiating groups... [0.000s CPU, 0.000s wall-clock]
Collecting mutex groups... [0.000s CPU, 0.000s wall-clock]
Choosing groups...
16 uncovered facts
Choosing groups: [0.000s CPU, 0.000s wall-clock]
Building translation key... [0.000s CPU, 0.000s wall-clock]
Computing fact groups: [0.000s CPU, 0.001s wall-clock]
Building STRIPS to SAS dictionary... [0.000s CPU, 0.000s wall-clock]
Building dictionary for full mutex groups... [0.000s CPU, 0.000s wall-clock]
Building mutex information...
Building mutex information: [0.000s CPU, 0.000s wall-clock]
Translating task...
Processing axioms...
Simplifying axioms... [0.000s CPU, 0.000s wall-clock]
Translator axioms removed by simplifying: 0
Processing axioms: [0.000s CPU, 0.000s wall-clock]
Translating task: [0.000s CPU, 0.001s wall-clock]
84 effect conditions simplified
0 implied preconditions added
Detecting unreachable propositions...
0 operators removed
0 axioms removed
3 propositions removed
Detecting unreachable propositions: [0.000s CPU, 0.001s wall-clock]
Reordering and filtering variables...
19 of 19 variables necessary.
0 of 3 mutex groups necessary.
84 of 84 operators necessary.
0 of 0 axiom rules necessary.
Reordering and filtering variables: [0.000s CPU, 0.001s wall-clock]
Translator variables: 19
Translator derived variables: 0
Translator facts: 68
Translator goal facts: 2
Translator mutex groups: 0
Translator total mutex groups size: 0
Translator operators: 84
Translator axioms: 0
Translator task size: 701
warning: could not determine peak memory
Writing output... [0.000s CPU, 0.009s wall-clock]
Done! [0.016s CPU, 0.020s wall-clock]
translate exit code: 0

INFO     Running search (release).
INFO     search stdin: output.sas
INFO     search time limit: None
INFO     search memory limit: None
INFO     search command line string: 'C:\Users\user\Desktop\theoria\.worktrees\p13\engine-rig\.toolchain\downward\builds\release\bin\downward.exe' --search 'astar(lmcut())' --internal-plan-file 'C:\Users\user\AppData\Local\Temp\tmp4_j_t1r6\sas_plan' < output.sas
[t=0.000115s, 1900 KB] Search code revision: 7120aa0
[t=0.000195s, 1908 KB] reading input...
[t=0.001029s, 2172 KB] done reading input!
[t=0.001915s, 2668 KB] Initializing landmark cut heuristic...
[t=0.001944s, 2668 KB] Building successor generator... done!
[t=0.001985s, 2684 KB] peak memory difference for successor generator creation: 16 KB
[t=0.001988s, 2684 KB] time for successor generation creation: 0.000034s
[t=0.001994s, 2684 KB] Variables: 19
[t=0.001997s, 2684 KB] FactPairs: 68
[t=0.001999s, 2684 KB] Bytes per state: 4
[t=0.002012s, 2684 KB] Conducting best first search with reopening closed nodes, (real) bound = 2147483647
[t=0.002057s, 2708 KB] New best heuristic value for lmcut: 2
[t=0.002062s, 2708 KB] g=0, 1 evaluated, 0 expanded
[t=0.002065s, 2708 KB] f = 2, 1 evaluated, 0 expanded
[t=0.002077s, 2720 KB] Initial heuristic value for lmcut: 2
[t=0.002080s, 2720 KB] pruning method: none
[t=0.002118s, 2720 KB] New best heuristic value for lmcut: 1
[t=0.002122s, 2720 KB] g=1, 4 evaluated, 1 expanded
[t=0.002128s, 2720 KB] New best heuristic value for lmcut: 0
[t=0.002132s, 2720 KB] g=2, 5 evaluated, 2 expanded
[t=0.002152s, 2720 KB] Solution found!
[t=0.002156s, 2720 KB] Actual search time: 0.000074s
move c34 c33 left (1)
push c33 c23 c13 b2 up (1)
[t=0.002159s, 2880 KB] Plan length: 2 step(s).
[t=0.002159s, 2880 KB] Plan cost: 2
[t=0.002159s, 2880 KB] Expanded 3 state(s).
[t=0.002159s, 2880 KB] Reopened 0 state(s).
[t=0.002159s, 2880 KB] Evaluated 7 state(s).
[t=0.002159s, 2880 KB] Evaluations: 7
[t=0.002159s, 2880 KB] Generated 7 state(s).
[t=0.002159s, 2880 KB] Dead ends: 0 state(s).
[t=0.002159s, 2880 KB] Expanded until last jump: 0 state(s).
[t=0.002159s, 2880 KB] Reopened until last jump: 0 state(s).
[t=0.002159s, 2880 KB] Evaluated until last jump: 1 state(s).
[t=0.002159s, 2880 KB] Generated until last jump: 0 state(s).
[t=0.002159s, 2880 KB] Number of registered states: 7
[t=0.002159s, 2880 KB] Int hash set load factor: 7/8 = 0.875000
[t=0.002159s, 2880 KB] Int hash set resizes: 3
[t=0.002159s, 2880 KB] Search time: 0.000149s
[t=0.002159s, 2880 KB] Total time: 0.002159s
Solution found.
Remove intermediate file output.sas
search exit code: 0

