INFO     planner time limit: None
INFO     planner memory limit: None

INFO     Running translator.
INFO     translator stdin: None
INFO     translator time limit: None
INFO     translator memory limit: None
INFO     translator command line string: 'D:\Miniforge3\python.exe' -m translate 'C:\Users\user\Desktop\theoria\.worktrees\e7-deadlock-claim\engine-rig\runs\20260728T150713Z-E7-deadlock-claim-audit\attacks\crosscheck\sokoban_nc_domain.pddl' 'C:\Users\user\Desktop\theoria\.worktrees\e7-deadlock-claim\engine-rig\runs\20260728T150713Z-E7-deadlock-claim-audit\attacks\crosscheck\noclear-far4-nc\1941.pddl' --sas-file output.sas
Warning! SIGXCPU is not available on your platform. This means that the planner cannot be gracefully terminated when using a time limit, which, however, is probably supported on your platform anyway.
Parsing...
Parsing: [0.000s CPU, 0.002s wall-clock]
Normalizing task... [0.000s CPU, 0.000s wall-clock]
Instantiating...
Generating Datalog program... [0.000s CPU, 0.000s wall-clock]
Normalizing Datalog program...
Normalizing Datalog program: [0.016s CPU, 0.001s wall-clock]
Preparing model... [0.000s CPU, 0.000s wall-clock]
Generated 19 rules.
Computing model... [0.000s CPU, 0.001s wall-clock]
251 relevant atoms
344 auxiliary atoms
595 final queue length
789 total queue pushes
Completing instantiation... [0.000s CPU, 0.003s wall-clock]
Instantiating: [0.016s CPU, 0.005s wall-clock]
Computing fact groups...
Finding invariants...
7 initial candidates
Finding invariants: [0.000s CPU, 0.000s wall-clock]
Checking invariant weight... [0.000s CPU, 0.000s wall-clock]
Instantiating groups... [0.000s CPU, 0.000s wall-clock]
Collecting mutex groups... [0.000s CPU, 0.000s wall-clock]
Choosing groups...
16 uncovered facts
Choosing groups: [0.000s CPU, 0.000s wall-clock]
Building translation key... [0.000s CPU, 0.000s wall-clock]
Computing fact groups: [0.000s CPU, 0.001s wall-clock]
Building STRIPS to SAS dictionary... [0.000s CPU, 0.000s wall-clock]
Building dictionary for full mutex groups... [0.000s CPU, 0.000s wall-clock]
Building mutex information...
Building mutex information: [0.000s CPU, 0.000s wall-clock]
Translating task...
Processing axioms...
Simplifying axioms... [0.000s CPU, 0.000s wall-clock]
Translator axioms removed by simplifying: 0
Processing axioms: [0.000s CPU, 0.000s wall-clock]
Translating task: [0.000s CPU, 0.001s wall-clock]
84 effect conditions simplified
0 implied preconditions added
Detecting unreachable propositions...
0 operators removed
0 axioms removed
3 propositions removed
Detecting unreachable propositions: [0.000s CPU, 0.001s wall-clock]
Reordering and filtering variables...
19 of 19 variables necessary.
0 of 3 mutex groups necessary.
84 of 84 operators necessary.
0 of 0 axiom rules necessary.
Reordering and filtering variables: [0.000s CPU, 0.001s wall-clock]
Translator variables: 19
Translator derived variables: 0
Translator facts: 68
Translator goal facts: 2
Translator mutex groups: 0
Translator total mutex groups size: 0
Translator operators: 84
Translator axioms: 0
Translator task size: 701
warning: could not determine peak memory
Writing output... [0.000s CPU, 0.012s wall-clock]
Done! [0.016s CPU, 0.023s wall-clock]
translate exit code: 0

INFO     Running search (release).
INFO     search stdin: output.sas
INFO     search time limit: None
INFO     search memory limit: None
INFO     search command line string: 'C:\Users\user\Desktop\theoria\.worktrees\p13\engine-rig\.toolchain\downward\builds\release\bin\downward.exe' --search 'astar(lmcut())' --internal-plan-file 'C:\Users\user\AppData\Local\Temp\tmp3efpog3p\sas_plan' < output.sas
[t=0.000107s, 1912 KB] Search code revision: 7120aa0
[t=0.000199s, 1920 KB] reading input...
[t=0.001050s, 2140 KB] done reading input!
[t=0.002240s, 2648 KB] Initializing landmark cut heuristic...
[t=0.002278s, 2684 KB] Building successor generator... done!
[t=0.002325s, 2704 KB] peak memory difference for successor generator creation: 20 KB
[t=0.002328s, 2704 KB] time for successor generation creation: 0.000041s
[t=0.002334s, 2704 KB] Variables: 19
[t=0.002337s, 2704 KB] FactPairs: 68
[t=0.002339s, 2704 KB] Bytes per state: 4
[t=0.002350s, 2704 KB] Conducting best first search with reopening closed nodes, (real) bound = 2147483647
[t=0.002397s, 2716 KB] New best heuristic value for lmcut: 5
[t=0.002401s, 2716 KB] g=0, 1 evaluated, 0 expanded
[t=0.002403s, 2716 KB] f = 5, 1 evaluated, 0 expanded
[t=0.002414s, 2728 KB] Initial heuristic value for lmcut: 5
[t=0.002416s, 2728 KB] pruning method: none
[t=0.002474s, 2732 KB] f = 6, 5 evaluated, 1 expanded
[t=0.002530s, 2732 KB] New best heuristic value for lmcut: 4
[t=0.002545s, 2732 KB] g=2, 9 evaluated, 3 expanded
[t=0.002594s, 2760 KB] New best heuristic value for lmcut: 3
[t=0.002599s, 2760 KB] g=3, 11 evaluated, 4 expanded
[t=0.002633s, 2772 KB] New best heuristic value for lmcut: 2
[t=0.002638s, 2772 KB] g=4, 13 evaluated, 5 expanded
[t=0.002667s, 2796 KB] New best heuristic value for lmcut: 1
[t=0.002669s, 2796 KB] g=5, 16 evaluated, 6 expanded
[t=0.002703s, 2804 KB] New best heuristic value for lmcut: 0
[t=0.002707s, 2804 KB] g=6, 18 evaluated, 7 expanded
[t=0.002711s, 2804 KB] Solution found!
[t=0.002714s, 2804 KB] Actual search time: 0.000293s
move c32 c22 up (1)
move c22 c23 right (1)
push c23 c33 c43 b1 down (1)
move c33 c34 right (1)
move c34 c44 down (1)
push c44 c43 c42 b1 left (1)
[t=0.002717s, 2916 KB] Plan length: 6 step(s).
[t=0.002717s, 2916 KB] Plan cost: 6
[t=0.002717s, 2916 KB] Expanded 8 state(s).
[t=0.002717s, 2916 KB] Reopened 0 state(s).
[t=0.002717s, 2916 KB] Evaluated 18 state(s).
[t=0.002717s, 2916 KB] Evaluations: 18
[t=0.002717s, 2916 KB] Generated 22 state(s).
[t=0.002717s, 2916 KB] Dead ends: 1 state(s).
[t=0.002717s, 2916 KB] Expanded until last jump: 1 state(s).
[t=0.002717s, 2916 KB] Reopened until last jump: 0 state(s).
[t=0.002717s, 2916 KB] Evaluated until last jump: 5 state(s).
[t=0.002717s, 2916 KB] Generated until last jump: 4 state(s).
[t=0.002717s, 2916 KB] Number of registered states: 18
[t=0.002717s, 2916 KB] Int hash set load factor: 18/32 = 0.562500
[t=0.002717s, 2916 KB] Int hash set resizes: 5
[t=0.002717s, 2916 KB] Search time: 0.000369s
[t=0.002717s, 2916 KB] Total time: 0.002717s
Solution found.
Remove intermediate file output.sas
search exit code: 0

