INFO     planner time limit: None
INFO     planner memory limit: None

INFO     Running translator.
INFO     translator stdin: None
INFO     translator time limit: None
INFO     translator memory limit: None
INFO     translator command line string: 'D:\Miniforge3\python.exe' -m translate 'C:\Users\user\Desktop\theoria\.worktrees\e7-deadlock-claim\engine-rig\runs\20260728T150713Z-E7-deadlock-claim-audit\attacks\crosscheck\sokoban_nc_domain.pddl' 'C:\Users\user\Desktop\theoria\.worktrees\e7-deadlock-claim\engine-rig\runs\20260728T150713Z-E7-deadlock-claim-audit\attacks\crosscheck\noclear-far4-nc\2285.pddl' --sas-file output.sas
Warning! SIGXCPU is not available on your platform. This means that the planner cannot be gracefully terminated when using a time limit, which, however, is probably supported on your platform anyway.
Parsing...
Parsing: [0.000s CPU, 0.001s wall-clock]
Normalizing task... [0.000s CPU, 0.000s wall-clock]
Instantiating...
Generating Datalog program... [0.000s CPU, 0.000s wall-clock]
Normalizing Datalog program...
Normalizing Datalog program: [0.016s CPU, 0.001s wall-clock]
Preparing model... [0.000s CPU, 0.000s wall-clock]
Generated 19 rules.
Computing model... [0.000s CPU, 0.001s wall-clock]
251 relevant atoms
344 auxiliary atoms
595 final queue length
789 total queue pushes
Completing instantiation... [0.000s CPU, 0.003s wall-clock]
Instantiating: [0.016s CPU, 0.005s wall-clock]
Computing fact groups...
Finding invariants...
7 initial candidates
Finding invariants: [0.000s CPU, 0.000s wall-clock]
Checking invariant weight... [0.000s CPU, 0.000s wall-clock]
Instantiating groups... [0.000s CPU, 0.000s wall-clock]
Collecting mutex groups... [0.000s CPU, 0.000s wall-clock]
Choosing groups...
16 uncovered facts
Choosing groups: [0.000s CPU, 0.000s wall-clock]
Building translation key... [0.000s CPU, 0.000s wall-clock]
Computing fact groups: [0.000s CPU, 0.001s wall-clock]
Building STRIPS to SAS dictionary... [0.000s CPU, 0.000s wall-clock]
Building dictionary for full mutex groups... [0.000s CPU, 0.000s wall-clock]
Building mutex information...
Building mutex information: [0.000s CPU, 0.000s wall-clock]
Translating task...
Processing axioms...
Simplifying axioms... [0.000s CPU, 0.000s wall-clock]
Translator axioms removed by simplifying: 0
Processing axioms: [0.000s CPU, 0.000s wall-clock]
Translating task: [0.000s CPU, 0.001s wall-clock]
84 effect conditions simplified
0 implied preconditions added
Detecting unreachable propositions...
0 operators removed
0 axioms removed
3 propositions removed
Detecting unreachable propositions: [0.000s CPU, 0.001s wall-clock]
Reordering and filtering variables...
19 of 19 variables necessary.
0 of 3 mutex groups necessary.
84 of 84 operators necessary.
0 of 0 axiom rules necessary.
Reordering and filtering variables: [0.000s CPU, 0.001s wall-clock]
Translator variables: 19
Translator derived variables: 0
Translator facts: 68
Translator goal facts: 2
Translator mutex groups: 0
Translator total mutex groups size: 0
Translator operators: 84
Translator axioms: 0
Translator task size: 701
warning: could not determine peak memory
Writing output... [0.000s CPU, 0.009s wall-clock]
Done! [0.016s CPU, 0.020s wall-clock]
translate exit code: 0

INFO     Running search (release).
INFO     search stdin: output.sas
INFO     search time limit: None
INFO     search memory limit: None
INFO     search command line string: 'C:\Users\user\Desktop\theoria\.worktrees\p13\engine-rig\.toolchain\downward\builds\release\bin\downward.exe' --search 'astar(lmcut())' --internal-plan-file 'C:\Users\user\AppData\Local\Temp\tmpm_724242\sas_plan' < output.sas
[t=0.000111s, 1864 KB] Search code revision: 7120aa0
[t=0.000188s, 1888 KB] reading input...
[t=0.001039s, 2144 KB] done reading input!
[t=0.001917s, 2640 KB] Initializing landmark cut heuristic...
[t=0.001953s, 2640 KB] Building successor generator... done!
[t=0.001996s, 2656 KB] peak memory difference for successor generator creation: 16 KB
[t=0.001998s, 2656 KB] time for successor generation creation: 0.000035s
[t=0.002004s, 2656 KB] Variables: 19
[t=0.002006s, 2656 KB] FactPairs: 68
[t=0.002008s, 2656 KB] Bytes per state: 4
[t=0.002024s, 2656 KB] Conducting best first search with reopening closed nodes, (real) bound = 2147483647
[t=0.002073s, 2680 KB] New best heuristic value for lmcut: 7
[t=0.002078s, 2680 KB] g=0, 1 evaluated, 0 expanded
[t=0.002080s, 2680 KB] f = 7, 1 evaluated, 0 expanded
[t=0.002090s, 2692 KB] Initial heuristic value for lmcut: 7
[t=0.002094s, 2692 KB] pruning method: none
[t=0.002135s, 2692 KB] New best heuristic value for lmcut: 6
[t=0.002141s, 2692 KB] g=1, 3 evaluated, 1 expanded
[t=0.002177s, 2692 KB] f = 8, 6 evaluated, 2 expanded
[t=0.002242s, 2692 KB] f = 9, 11 evaluated, 4 expanded
[t=0.002327s, 2728 KB] f = 10, 17 evaluated, 8 expanded
[t=0.002336s, 2728 KB] f = 11, 17 evaluated, 9 expanded
[t=0.002411s, 2776 KB] New best heuristic value for lmcut: 5
[t=0.002417s, 2776 KB] g=6, 22 evaluated, 13 expanded
[t=0.002437s, 2784 KB] New best heuristic value for lmcut: 4
[t=0.002442s, 2784 KB] g=7, 23 evaluated, 14 expanded
[t=0.002529s, 2784 KB] f = 12, 30 evaluated, 18 expanded
[t=0.002568s, 2784 KB] f = 13, 33 evaluated, 19 expanded
[t=0.002753s, 2832 KB] f = 14, 50 evaluated, 31 expanded
[t=0.002760s, 2832 KB] f = 15, 50 evaluated, 33 expanded
[t=0.002803s, 2848 KB] New best heuristic value for lmcut: 3
[t=0.002808s, 2848 KB] g=12, 53 evaluated, 36 expanded
[t=0.002819s, 2848 KB] New best heuristic value for lmcut: 2
[t=0.002822s, 2848 KB] g=13, 54 evaluated, 37 expanded
[t=0.002834s, 2848 KB] New best heuristic value for lmcut: 1
[t=0.002837s, 2848 KB] g=14, 56 evaluated, 38 expanded
[t=0.002842s, 2848 KB] New best heuristic value for lmcut: 0
[t=0.002844s, 2848 KB] g=15, 57 evaluated, 39 expanded
[t=0.002871s, 2848 KB] Solution found!
[t=0.002876s, 2848 KB] Actual search time: 0.000781s
push c11 c12 c13 b2 right (1)
move c12 c22 down (1)
move c22 c32 down (1)
move c32 c33 right (1)
move c33 c34 right (1)
move c34 c24 up (1)
push c24 c23 c22 b1 left (1)
move c23 c33 down (1)
move c33 c32 left (1)
move c32 c31 left (1)
move c31 c21 up (1)
move c21 c11 up (1)
move c11 c12 right (1)
push c12 c22 c32 b1 down (1)
push c22 c32 c42 b1 down (1)
[t=0.002880s, 2876 KB] Plan length: 15 step(s).
[t=0.002880s, 2876 KB] Plan cost: 15
[t=0.002880s, 2876 KB] Expanded 40 state(s).
[t=0.002880s, 2876 KB] Reopened 0 state(s).
[t=0.002880s, 2876 KB] Evaluated 60 state(s).
[t=0.002880s, 2876 KB] Evaluations: 60
[t=0.002880s, 2876 KB] Generated 116 state(s).
[t=0.002880s, 2876 KB] Dead ends: 9 state(s).
[t=0.002880s, 2876 KB] Expanded until last jump: 33 state(s).
[t=0.002880s, 2876 KB] Reopened until last jump: 0 state(s).
[t=0.002880s, 2876 KB] Evaluated until last jump: 50 state(s).
[t=0.002880s, 2876 KB] Generated until last jump: 98 state(s).
[t=0.002880s, 2876 KB] Number of registered states: 60
[t=0.002880s, 2876 KB] Int hash set load factor: 60/64 = 0.937500
[t=0.002880s, 2876 KB] Int hash set resizes: 6
[t=0.002880s, 2876 KB] Search time: 0.000858s
[t=0.002880s, 2876 KB] Total time: 0.002880s
Solution found.
Remove intermediate file output.sas
search exit code: 0

