INFO     planner time limit: None
INFO     planner memory limit: None

INFO     Running translator.
INFO     translator stdin: None
INFO     translator time limit: None
INFO     translator memory limit: None
INFO     translator command line string: 'D:\Miniforge3\python.exe' -m translate 'C:\Users\user\Desktop\theoria\.worktrees\e7-deadlock-claim\engine-rig\runs\20260728T150713Z-E7-deadlock-claim-audit\attacks\crosscheck\sokoban_nc_domain.pddl' 'C:\Users\user\Desktop\theoria\.worktrees\e7-deadlock-claim\engine-rig\runs\20260728T150713Z-E7-deadlock-claim-audit\attacks\crosscheck\noclear-far4-nc\2603.pddl' --sas-file output.sas
Warning! SIGXCPU is not available on your platform. This means that the planner cannot be gracefully terminated when using a time limit, which, however, is probably supported on your platform anyway.
Parsing...
Parsing: [0.016s CPU, 0.001s wall-clock]
Normalizing task... [0.000s CPU, 0.000s wall-clock]
Instantiating...
Generating Datalog program... [0.000s CPU, 0.000s wall-clock]
Normalizing Datalog program...
Normalizing Datalog program: [0.000s CPU, 0.001s wall-clock]
Preparing model... [0.000s CPU, 0.000s wall-clock]
Generated 19 rules.
Computing model... [0.000s CPU, 0.001s wall-clock]
251 relevant atoms
344 auxiliary atoms
595 final queue length
789 total queue pushes
Completing instantiation... [0.000s CPU, 0.003s wall-clock]
Instantiating: [0.000s CPU, 0.006s wall-clock]
Computing fact groups...
Finding invariants...
7 initial candidates
Finding invariants: [0.000s CPU, 0.000s wall-clock]
Checking invariant weight... [0.000s CPU, 0.000s wall-clock]
Instantiating groups... [0.000s CPU, 0.000s wall-clock]
Collecting mutex groups... [0.000s CPU, 0.000s wall-clock]
Choosing groups...
16 uncovered facts
Choosing groups: [0.000s CPU, 0.000s wall-clock]
Building translation key... [0.000s CPU, 0.000s wall-clock]
Computing fact groups: [0.000s CPU, 0.001s wall-clock]
Building STRIPS to SAS dictionary... [0.000s CPU, 0.000s wall-clock]
Building dictionary for full mutex groups... [0.000s CPU, 0.000s wall-clock]
Building mutex information...
Building mutex information: [0.000s CPU, 0.000s wall-clock]
Translating task...
Processing axioms...
Simplifying axioms... [0.000s CPU, 0.000s wall-clock]
Translator axioms removed by simplifying: 0
Processing axioms: [0.000s CPU, 0.000s wall-clock]
Translating task: [0.000s CPU, 0.001s wall-clock]
84 effect conditions simplified
0 implied preconditions added
Detecting unreachable propositions...
0 operators removed
0 axioms removed
3 propositions removed
Detecting unreachable propositions: [0.000s CPU, 0.001s wall-clock]
Reordering and filtering variables...
19 of 19 variables necessary.
0 of 3 mutex groups necessary.
84 of 84 operators necessary.
0 of 0 axiom rules necessary.
Reordering and filtering variables: [0.000s CPU, 0.001s wall-clock]
Translator variables: 19
Translator derived variables: 0
Translator facts: 68
Translator goal facts: 2
Translator mutex groups: 0
Translator total mutex groups size: 0
Translator operators: 84
Translator axioms: 0
Translator task size: 701
warning: could not determine peak memory
Writing output... [0.000s CPU, 0.009s wall-clock]
Done! [0.016s CPU, 0.020s wall-clock]
translate exit code: 0

INFO     Running search (release).
INFO     search stdin: output.sas
INFO     search time limit: None
INFO     search memory limit: None
INFO     search command line string: 'C:\Users\user\Desktop\theoria\.worktrees\p13\engine-rig\.toolchain\downward\builds\release\bin\downward.exe' --search 'astar(lmcut())' --internal-plan-file 'C:\Users\user\AppData\Local\Temp\tmpyz1lbgkl\sas_plan' < output.sas
[t=0.000106s, 1888 KB] Search code revision: 7120aa0
[t=0.000185s, 1888 KB] reading input...
[t=0.001056s, 2148 KB] done reading input!
[t=0.001917s, 2668 KB] Initializing landmark cut heuristic...
[t=0.001945s, 2668 KB] Building successor generator... done!
[t=0.001985s, 2680 KB] peak memory difference for successor generator creation: 12 KB
[t=0.001988s, 2680 KB] time for successor generation creation: 0.000032s
[t=0.001993s, 2680 KB] Variables: 19
[t=0.001995s, 2680 KB] FactPairs: 68
[t=0.002000s, 2680 KB] Bytes per state: 4
[t=0.002012s, 2684 KB] Conducting best first search with reopening closed nodes, (real) bound = 2147483647
[t=0.002061s, 2708 KB] New best heuristic value for lmcut: 6
[t=0.002066s, 2708 KB] g=0, 1 evaluated, 0 expanded
[t=0.002068s, 2708 KB] f = 6, 1 evaluated, 0 expanded
[t=0.002079s, 2720 KB] Initial heuristic value for lmcut: 6
[t=0.002081s, 2720 KB] pruning method: none
[t=0.002103s, 2720 KB] New best heuristic value for lmcut: 5
[t=0.002108s, 2720 KB] g=1, 2 evaluated, 1 expanded
[t=0.002154s, 2720 KB] f = 7, 5 evaluated, 2 expanded
[t=0.002218s, 2720 KB] f = 8, 10 evaluated, 5 expanded
[t=0.002234s, 2748 KB] New best heuristic value for lmcut: 4
[t=0.002236s, 2748 KB] g=4, 11 evaluated, 6 expanded
[t=0.002263s, 2748 KB] New best heuristic value for lmcut: 3
[t=0.002269s, 2748 KB] g=5, 13 evaluated, 7 expanded
[t=0.002310s, 2784 KB] New best heuristic value for lmcut: 2
[t=0.002314s, 2784 KB] g=6, 17 evaluated, 8 expanded
[t=0.002335s, 2784 KB] New best heuristic value for lmcut: 1
[t=0.002340s, 2784 KB] g=7, 19 evaluated, 9 expanded
[t=0.002348s, 2792 KB] New best heuristic value for lmcut: 0
[t=0.002354s, 2792 KB] g=8, 20 evaluated, 10 expanded
[t=0.002373s, 2792 KB] Solution found!
[t=0.002377s, 2792 KB] Actual search time: 0.000294s
move c14 c13 left (1)
move c13 c12 left (1)
move c12 c11 left (1)
move c11 c21 down (1)
push c21 c22 c23 b2 right (1)
move c22 c32 down (1)
move c32 c33 right (1)
push c33 c23 c13 b2 up (1)
[t=0.002381s, 2884 KB] Plan length: 8 step(s).
[t=0.002381s, 2884 KB] Plan cost: 8
[t=0.002381s, 2884 KB] Expanded 11 state(s).
[t=0.002381s, 2884 KB] Reopened 0 state(s).
[t=0.002381s, 2884 KB] Evaluated 22 state(s).
[t=0.002381s, 2884 KB] Evaluations: 22
[t=0.002381s, 2884 KB] Generated 31 state(s).
[t=0.002381s, 2884 KB] Dead ends: 2 state(s).
[t=0.002381s, 2884 KB] Expanded until last jump: 5 state(s).
[t=0.002381s, 2884 KB] Reopened until last jump: 0 state(s).
[t=0.002381s, 2884 KB] Evaluated until last jump: 10 state(s).
[t=0.002381s, 2884 KB] Generated until last jump: 15 state(s).
[t=0.002381s, 2884 KB] Number of registered states: 22
[t=0.002381s, 2884 KB] Int hash set load factor: 22/32 = 0.687500
[t=0.002381s, 2884 KB] Int hash set resizes: 5
[t=0.002381s, 2884 KB] Search time: 0.000370s
[t=0.002381s, 2884 KB] Total time: 0.002381s
Solution found.
Remove intermediate file output.sas
search exit code: 0

