INFO     planner time limit: None
INFO     planner memory limit: None

INFO     Running translator.
INFO     translator stdin: None
INFO     translator time limit: None
INFO     translator memory limit: None
INFO     translator command line string: 'D:\Miniforge3\python.exe' -m translate 'C:\Users\user\Desktop\theoria\.worktrees\e7-deadlock-claim\engine-rig\runs\20260728T150713Z-E7-deadlock-claim-audit\attacks\crosscheck\sokoban_nc_domain.pddl' 'C:\Users\user\Desktop\theoria\.worktrees\e7-deadlock-claim\engine-rig\runs\20260728T150713Z-E7-deadlock-claim-audit\attacks\crosscheck\noclear-far4-nc\2885.pddl' --sas-file output.sas
Warning! SIGXCPU is not available on your platform. This means that the planner cannot be gracefully terminated when using a time limit, which, however, is probably supported on your platform anyway.
Parsing...
Parsing: [0.000s CPU, 0.002s wall-clock]
Normalizing task... [0.000s CPU, 0.000s wall-clock]
Instantiating...
Generating Datalog program... [0.000s CPU, 0.000s wall-clock]
Normalizing Datalog program...
Normalizing Datalog program: [0.000s CPU, 0.001s wall-clock]
Preparing model... [0.000s CPU, 0.000s wall-clock]
Generated 19 rules.
Computing model... [0.016s CPU, 0.002s wall-clock]
251 relevant atoms
344 auxiliary atoms
595 final queue length
789 total queue pushes
Completing instantiation... [0.000s CPU, 0.003s wall-clock]
Instantiating: [0.016s CPU, 0.006s wall-clock]
Computing fact groups...
Finding invariants...
7 initial candidates
Finding invariants: [0.000s CPU, 0.000s wall-clock]
Checking invariant weight... [0.000s CPU, 0.000s wall-clock]
Instantiating groups... [0.000s CPU, 0.000s wall-clock]
Collecting mutex groups... [0.000s CPU, 0.000s wall-clock]
Choosing groups...
16 uncovered facts
Choosing groups: [0.000s CPU, 0.000s wall-clock]
Building translation key... [0.000s CPU, 0.000s wall-clock]
Computing fact groups: [0.000s CPU, 0.001s wall-clock]
Building STRIPS to SAS dictionary... [0.000s CPU, 0.000s wall-clock]
Building dictionary for full mutex groups... [0.000s CPU, 0.000s wall-clock]
Building mutex information...
Building mutex information: [0.000s CPU, 0.000s wall-clock]
Translating task...
Processing axioms...
Simplifying axioms... [0.000s CPU, 0.000s wall-clock]
Translator axioms removed by simplifying: 0
Processing axioms: [0.000s CPU, 0.000s wall-clock]
Translating task: [0.000s CPU, 0.002s wall-clock]
84 effect conditions simplified
0 implied preconditions added
Detecting unreachable propositions...
0 operators removed
0 axioms removed
3 propositions removed
Detecting unreachable propositions: [0.000s CPU, 0.001s wall-clock]
Reordering and filtering variables...
19 of 19 variables necessary.
0 of 3 mutex groups necessary.
84 of 84 operators necessary.
0 of 0 axiom rules necessary.
Reordering and filtering variables: [0.000s CPU, 0.001s wall-clock]
Translator variables: 19
Translator derived variables: 0
Translator facts: 68
Translator goal facts: 2
Translator mutex groups: 0
Translator total mutex groups size: 0
Translator operators: 84
Translator axioms: 0
Translator task size: 701
warning: could not determine peak memory
Writing output... [0.000s CPU, 0.009s wall-clock]
Done! [0.016s CPU, 0.021s wall-clock]
translate exit code: 0

INFO     Running search (release).
INFO     search stdin: output.sas
INFO     search time limit: None
INFO     search memory limit: None
INFO     search command line string: 'C:\Users\user\Desktop\theoria\.worktrees\p13\engine-rig\.toolchain\downward\builds\release\bin\downward.exe' --search 'astar(lmcut())' --internal-plan-file 'C:\Users\user\AppData\Local\Temp\tmpgjd35mg7\sas_plan' < output.sas
[t=0.000105s, 1916 KB] Search code revision: 7120aa0
[t=0.000184s, 1916 KB] reading input...
[t=0.001056s, 2140 KB] done reading input!
[t=0.002046s, 2628 KB] Initializing landmark cut heuristic...
[t=0.002087s, 2628 KB] Building successor generator... done!
[t=0.002127s, 2640 KB] peak memory difference for successor generator creation: 12 KB
[t=0.002130s, 2640 KB] time for successor generation creation: 0.000033s
[t=0.002136s, 2640 KB] Variables: 19
[t=0.002138s, 2640 KB] FactPairs: 68
[t=0.002141s, 2640 KB] Bytes per state: 4
[t=0.002154s, 2640 KB] Conducting best first search with reopening closed nodes, (real) bound = 2147483647
[t=0.002200s, 2664 KB] New best heuristic value for lmcut: 5
[t=0.002205s, 2664 KB] g=0, 1 evaluated, 0 expanded
[t=0.002215s, 2664 KB] f = 5, 1 evaluated, 0 expanded
[t=0.002227s, 2676 KB] Initial heuristic value for lmcut: 5
[t=0.002231s, 2676 KB] pruning method: none
[t=0.002265s, 2676 KB] New best heuristic value for lmcut: 4
[t=0.002269s, 2676 KB] g=1, 3 evaluated, 1 expanded
[t=0.002296s, 2676 KB] New best heuristic value for lmcut: 3
[t=0.002300s, 2676 KB] g=2, 5 evaluated, 2 expanded
[t=0.002334s, 2676 KB] New best heuristic value for lmcut: 2
[t=0.002338s, 2676 KB] g=3, 9 evaluated, 3 expanded
[t=0.002356s, 2676 KB] New best heuristic value for lmcut: 1
[t=0.002360s, 2676 KB] g=4, 11 evaluated, 4 expanded
[t=0.002365s, 2704 KB] New best heuristic value for lmcut: 0
[t=0.002368s, 2704 KB] g=5, 12 evaluated, 5 expanded
[t=0.002386s, 2704 KB] Solution found!
[t=0.002390s, 2704 KB] Actual search time: 0.000158s
move c11 c21 down (1)
push c21 c22 c23 b2 right (1)
move c22 c32 down (1)
move c32 c33 right (1)
push c33 c23 c13 b2 up (1)
[t=0.002394s, 2848 KB] Plan length: 5 step(s).
[t=0.002394s, 2848 KB] Plan cost: 5
[t=0.002394s, 2848 KB] Expanded 6 state(s).
[t=0.002394s, 2848 KB] Reopened 0 state(s).
[t=0.002394s, 2848 KB] Evaluated 14 state(s).
[t=0.002394s, 2848 KB] Evaluations: 14
[t=0.002394s, 2848 KB] Generated 16 state(s).
[t=0.002394s, 2848 KB] Dead ends: 1 state(s).
[t=0.002394s, 2848 KB] Expanded until last jump: 0 state(s).
[t=0.002394s, 2848 KB] Reopened until last jump: 0 state(s).
[t=0.002394s, 2848 KB] Evaluated until last jump: 1 state(s).
[t=0.002394s, 2848 KB] Generated until last jump: 0 state(s).
[t=0.002394s, 2848 KB] Number of registered states: 14
[t=0.002394s, 2848 KB] Int hash set load factor: 14/16 = 0.875000
[t=0.002394s, 2848 KB] Int hash set resizes: 4
[t=0.002394s, 2848 KB] Search time: 0.000242s
[t=0.002394s, 2848 KB] Total time: 0.002394s
Solution found.
Remove intermediate file output.sas
search exit code: 0

