INFO     planner time limit: None
INFO     planner memory limit: None

INFO     Running translator.
INFO     translator stdin: None
INFO     translator time limit: None
INFO     translator memory limit: None
INFO     translator command line string: 'D:\Miniforge3\python.exe' -m translate 'C:\Users\user\Desktop\theoria-p13\engine-rig\engines\fd_adapter\domain.pddl' 'C:\Users\user\Desktop\theoria-p13\engine-rig\engines\fd_adapter\problem.pddl' --sas-file output.sas
Warning! SIGXCPU is not available on your platform. This means that the planner cannot be gracefully terminated when using a time limit, which, however, is probably supported on your platform anyway.
Parsing...
Parsing: [0.000s CPU, 0.005s wall-clock]
Normalizing task... [0.000s CPU, 0.000s wall-clock]
Instantiating...
Generating Datalog program... [0.000s CPU, 0.000s wall-clock]
Normalizing Datalog program...
Normalizing Datalog program: [0.000s CPU, 0.001s wall-clock]
Preparing model... [0.000s CPU, 0.000s wall-clock]
Generated 17 rules.
Computing model... [0.000s CPU, 0.000s wall-clock]
51 relevant atoms
26 auxiliary atoms
77 final queue length
98 total queue pushes
Completing instantiation... [0.000s CPU, 0.000s wall-clock]
Instantiating: [0.000s CPU, 0.001s wall-clock]
Computing fact groups...
Finding invariants...
10 initial candidates
Finding invariants: [0.000s CPU, 0.000s wall-clock]
Checking invariant weight... [0.000s CPU, 0.000s wall-clock]
Instantiating groups... [0.000s CPU, 0.000s wall-clock]
Collecting mutex groups... [0.000s CPU, 0.000s wall-clock]
Choosing groups...
2 uncovered facts
Choosing groups: [0.000s CPU, 0.000s wall-clock]
Building translation key... [0.000s CPU, 0.000s wall-clock]
Computing fact groups: [0.000s CPU, 0.001s wall-clock]
Building STRIPS to SAS dictionary... [0.000s CPU, 0.000s wall-clock]
Building dictionary for full mutex groups... [0.000s CPU, 0.000s wall-clock]
Building mutex information...
Building mutex information: [0.000s CPU, 0.000s wall-clock]
Translating task...
Processing axioms...
Simplifying axioms... [0.000s CPU, 0.000s wall-clock]
Translator axioms removed by simplifying: 0
Processing axioms: [0.000s CPU, 0.000s wall-clock]
Translating task: [0.000s CPU, 0.000s wall-clock]
8 effect conditions simplified
0 implied preconditions added
Detecting unreachable propositions...
0 operators removed
0 axioms removed
3 propositions removed
Detecting unreachable propositions: [0.000s CPU, 0.000s wall-clock]
Reordering and filtering variables...
5 of 5 variables necessary.
2 of 5 mutex groups necessary.
18 of 18 operators necessary.
0 of 0 axiom rules necessary.
Reordering and filtering variables: [0.000s CPU, 0.000s wall-clock]
Translator variables: 5
Translator derived variables: 0
Translator facts: 14
Translator goal facts: 2
Translator mutex groups: 2
Translator total mutex groups size: 6
Translator operators: 18
Translator axioms: 0
Translator task size: 121
warning: could not determine peak memory
Writing output... [0.000s CPU, 0.006s wall-clock]
Done! [0.000s CPU, 0.015s wall-clock]
translate exit code: 0

INFO     Running search (release).
INFO     search stdin: output.sas
INFO     search time limit: None
INFO     search memory limit: None
INFO     search command line string: 'C:\Users\user\Desktop\theoria-p13\engine-rig\.toolchain\downward\builds\release\bin\downward.exe' --search 'let(hlm,eval_modify_costs(landmark_sum(lm_factory=lm_reasonable_orders_hps(lm_rhw()),pref=false),cost_type=one),let(hff,eval_modify_costs(ff(),cost_type=one),lazy_greedy([hff,hlm],preferred=[hff,hlm],cost_type=one,reopen_closed=false)))' --internal-plan-file sas_plan < output.sas
[t=0.000211s, 1984 KB] Search code revision: 7120aa0
[t=0.000317s, 1984 KB] reading input...
[t=0.000556s, 2048 KB] done reading input!
[t=0.002127s, 2632 KB] Simplifying 34 unary operators... done! [34 unary operators]
[t=0.002155s, 2660 KB] time to simplify: 0.000031s
[t=0.002164s, 2660 KB] Initializing additive heuristic...
[t=0.002169s, 2660 KB] Initializing FF heuristic...
[t=0.002273s, 2700 KB] Initializing landmark sum heuristic...
[t=0.002279s, 2700 KB] Generating landmark graph...
[t=0.002291s, 2700 KB] Building a landmark graph with reasonable orders.
[t=0.002300s, 2700 KB] Initializing Exploration...
[t=0.002315s, 2700 KB] Generating landmarks using the RPG/SAS+ approach
[t=0.002421s, 2736 KB] Landmarks generation time: 0.000128s
[t=0.002427s, 2736 KB] Discovered 8 landmarks, of which 2 are disjunctive and 0 are conjunctive.
[t=0.002430s, 2736 KB] There are 11 landmark orderings.
[t=0.002435s, 2736 KB] approx. reasonable orders
[t=0.002448s, 2736 KB] Landmarks generation time: 0.000166s
[t=0.002452s, 2736 KB] Discovered 8 landmarks, of which 2 are disjunctive and 0 are conjunctive.
[t=0.002455s, 2736 KB] There are 11 landmark orderings.
[t=0.002459s, 2736 KB] Landmark graph generation time: 0.000181s
[t=0.002463s, 2736 KB] Landmark graph contains 8 landmarks, of which 2 are disjunctive and 0 are conjunctive.
[t=0.002466s, 2736 KB] Landmark graph contains 11 orderings.
[t=0.002504s, 2736 KB] Building successor generator... done!
[t=0.002526s, 2736 KB] peak memory difference for successor generator creation: 0 KB
[t=0.002529s, 2736 KB] time for successor generation creation: 0.000016s
[t=0.002534s, 2736 KB] Variables: 5
[t=0.002537s, 2744 KB] FactPairs: 14
[t=0.002541s, 2764 KB] Bytes per state: 4
[t=0.002563s, 2776 KB] Conducting lazy best first search, (real) bound = 2147483647
[t=0.002712s, 2840 KB] New best heuristic value for landmark_sum_heuristic: 5
[t=0.002717s, 2840 KB] New best heuristic value for ff: 5
[t=0.002721s, 2840 KB] g=0, 1 evaluated, 0 expanded
[t=0.002733s, 2840 KB] Initial heuristic value for landmark_sum_heuristic: 5
[t=0.002736s, 2840 KB] Initial heuristic value for ff: 5
[t=0.002747s, 2840 KB] New best heuristic value for landmark_sum_heuristic: 4
[t=0.002750s, 2840 KB] New best heuristic value for ff: 4
[t=0.002754s, 2840 KB] g=1, 3 evaluated, 2 expanded
[t=0.002780s, 2852 KB] New best heuristic value for landmark_sum_heuristic: 3
[t=0.002784s, 2852 KB] New best heuristic value for ff: 3
[t=0.002787s, 2852 KB] g=2, 5 evaluated, 4 expanded
[t=0.002793s, 2852 KB] New best heuristic value for landmark_sum_heuristic: 2
[t=0.002797s, 2852 KB] New best heuristic value for ff: 2
[t=0.002800s, 2852 KB] g=3, 6 evaluated, 5 expanded
[t=0.002806s, 2852 KB] New best heuristic value for landmark_sum_heuristic: 1
[t=0.002809s, 2852 KB] New best heuristic value for ff: 1
[t=0.002812s, 2852 KB] g=4, 7 evaluated, 6 expanded
[t=0.002818s, 2852 KB] Solution found!
[t=0.002825s, 2864 KB] Actual search time: 0.000248s
pick ball1 rooma left (1)
pick ball2 rooma right (1)
move rooma roomb (1)
drop ball1 roomb left (1)
drop ball2 roomb right (1)
[t=0.002830s, 2884 KB] Plan length: 5 step(s).
[t=0.002830s, 2884 KB] Plan cost: 5
[t=0.002830s, 2884 KB] Expanded 7 state(s).
[t=0.002830s, 2884 KB] Reopened 0 state(s).
[t=0.002830s, 2884 KB] Evaluated 8 state(s).
[t=0.002830s, 2884 KB] Evaluations: 16
[t=0.002830s, 2884 KB] Generated 20 state(s).
[t=0.002830s, 2884 KB] Dead ends: 0 state(s).
[t=0.002830s, 2884 KB] Number of registered states: 8
[t=0.002830s, 2884 KB] Int hash set load factor: 8/8 = 1.000000
[t=0.002830s, 2884 KB] Int hash set resizes: 3
[t=0.002830s, 2884 KB] Search time: 0.000270s
[t=0.002830s, 2884 KB] Total time: 0.002830s
Solution found.
Remove intermediate file output.sas
search exit code: 0

