INFO     planner time limit: None
INFO     planner memory limit: None

INFO     Running translator.
INFO     translator stdin: None
INFO     translator time limit: None
INFO     translator memory limit: None
INFO     translator command line string: 'D:\Miniforge3\python.exe' -m translate 'C:\Users\user\Desktop\theoria\.worktrees\e7-deadlock-claim\engine-rig\fixtures\data\sokoban_domain.pddl' 'C:\Users\user\Desktop\theoria\.worktrees\e7-deadlock-claim\engine-rig\runs\20260728T150713Z-E7-deadlock-claim-audit\instances\C-far4-1872.pddl' --sas-file output.sas
Warning! SIGXCPU is not available on your platform. This means that the planner cannot be gracefully terminated when using a time limit, which, however, is probably supported on your platform anyway.
Parsing...
Parsing: [0.000s CPU, 0.001s wall-clock]
Normalizing task... [0.000s CPU, 0.000s wall-clock]
Instantiating...
Generating Datalog program... [0.000s CPU, 0.000s wall-clock]
Normalizing Datalog program...
Normalizing Datalog program: [0.000s CPU, 0.001s wall-clock]
Preparing model... [0.000s CPU, 0.000s wall-clock]
Generated 20 rules.
Computing model... [0.016s CPU, 0.003s wall-clock]
291 relevant atoms
400 auxiliary atoms
691 final queue length
931 total queue pushes
Completing instantiation... [0.000s CPU, 0.001s wall-clock]
Instantiating: [0.016s CPU, 0.006s wall-clock]
Computing fact groups...
Finding invariants...
7 initial candidates
Finding invariants: [0.000s CPU, 0.001s wall-clock]
Checking invariant weight... [0.000s CPU, 0.000s wall-clock]
Instantiating groups... [0.000s CPU, 0.000s wall-clock]
Collecting mutex groups... [0.000s CPU, 0.000s wall-clock]
Choosing groups...
16 uncovered facts
Choosing groups: [0.000s CPU, 0.000s wall-clock]
Building translation key... [0.000s CPU, 0.000s wall-clock]
Computing fact groups: [0.000s CPU, 0.001s wall-clock]
Building STRIPS to SAS dictionary... [0.000s CPU, 0.000s wall-clock]
Building dictionary for full mutex groups... [0.000s CPU, 0.000s wall-clock]
Building mutex information...
Building mutex information: [0.000s CPU, 0.000s wall-clock]
Translating task...
Processing axioms...
Simplifying axioms... [0.000s CPU, 0.000s wall-clock]
Translator axioms removed by simplifying: 0
Processing axioms: [0.000s CPU, 0.000s wall-clock]
Translating task: [0.000s CPU, 0.003s wall-clock]
176 effect conditions simplified
0 implied preconditions added
Detecting unreachable propositions...
0 operators removed
0 axioms removed
3 propositions removed
Detecting unreachable propositions: [0.000s CPU, 0.001s wall-clock]
Reordering and filtering variables...
19 of 19 variables necessary.
16 of 19 mutex groups necessary.
112 of 112 operators necessary.
0 of 0 axiom rules necessary.
Reordering and filtering variables: [0.000s CPU, 0.001s wall-clock]
Translator variables: 19
Translator derived variables: 0
Translator facts: 80
Translator goal facts: 2
Translator mutex groups: 16
Translator total mutex groups size: 64
Translator operators: 112
Translator axioms: 0
Translator task size: 1029
warning: could not determine peak memory
Writing output... [0.000s CPU, 0.010s wall-clock]
Done! [0.016s CPU, 0.023s wall-clock]
translate exit code: 0

INFO     Running search (release).
INFO     search stdin: output.sas
INFO     search time limit: None
INFO     search memory limit: None
INFO     search command line string: 'C:\Users\user\Desktop\theoria\.worktrees\p13\engine-rig\.toolchain\downward\builds\release\bin\downward.exe' --search 'astar(lmcut())' --internal-plan-file 'C:\Users\user\AppData\Local\Temp\tmpmm3p8qhc\sas_plan' < output.sas
[t=0.000157s, 1964 KB] Search code revision: 7120aa0
[t=0.000254s, 1964 KB] reading input...
[t=0.001459s, 2212 KB] done reading input!
[t=0.002688s, 2864 KB] Initializing landmark cut heuristic...
[t=0.002723s, 2872 KB] Building successor generator... done!
[t=0.002776s, 2888 KB] peak memory difference for successor generator creation: 16 KB
[t=0.002779s, 2888 KB] time for successor generation creation: 0.000044s
[t=0.002784s, 2888 KB] Variables: 19
[t=0.002789s, 2888 KB] FactPairs: 80
[t=0.002791s, 2900 KB] Bytes per state: 4
[t=0.002802s, 2900 KB] Conducting best first search with reopening closed nodes, (real) bound = 2147483647
[t=0.002865s, 2916 KB] New best heuristic value for lmcut: 7
[t=0.002870s, 2916 KB] g=0, 1 evaluated, 0 expanded
[t=0.002872s, 2916 KB] f = 7, 1 evaluated, 0 expanded
[t=0.002879s, 2916 KB] Initial heuristic value for lmcut: 7
[t=0.002883s, 2916 KB] pruning method: none
[t=0.002929s, 2916 KB] New best heuristic value for lmcut: 6
[t=0.002934s, 2916 KB] g=1, 3 evaluated, 1 expanded
[t=0.003015s, 2928 KB] f = 8, 8 evaluated, 3 expanded
[t=0.003037s, 2928 KB] New best heuristic value for lmcut: 5
[t=0.003041s, 2928 KB] g=3, 9 evaluated, 4 expanded
[t=0.003058s, 2928 KB] New best heuristic value for lmcut: 4
[t=0.003062s, 2928 KB] g=4, 10 evaluated, 5 expanded
[t=0.003110s, 2928 KB] New best heuristic value for lmcut: 3
[t=0.003114s, 2928 KB] g=5, 13 evaluated, 6 expanded
[t=0.003126s, 2928 KB] New best heuristic value for lmcut: 2
[t=0.003129s, 2928 KB] g=6, 14 evaluated, 7 expanded
[t=0.003177s, 2928 KB] New best heuristic value for lmcut: 1
[t=0.003181s, 2928 KB] g=7, 19 evaluated, 8 expanded
[t=0.003211s, 2940 KB] New best heuristic value for lmcut: 0
[t=0.003215s, 2940 KB] g=8, 23 evaluated, 9 expanded
[t=0.003218s, 2940 KB] Solution found!
[t=0.003220s, 2940 KB] Actual search time: 0.000336s
move c12 c13 right (1)
move c13 c14 right (1)
move c14 c24 down (1)
move c24 c34 down (1)
push c34 c33 c32 b1 left (1)
push c33 c23 c13 b2 up (1)
move c23 c22 left (1)
push c22 c32 c42 b1 down (1)
[t=0.003224s, 2948 KB] Plan length: 8 step(s).
[t=0.003224s, 2948 KB] Plan cost: 8
[t=0.003224s, 2948 KB] Expanded 10 state(s).
[t=0.003224s, 2948 KB] Reopened 0 state(s).
[t=0.003224s, 2948 KB] Evaluated 23 state(s).
[t=0.003224s, 2948 KB] Evaluations: 23
[t=0.003224s, 2948 KB] Generated 28 state(s).
[t=0.003224s, 2948 KB] Dead ends: 2 state(s).
[t=0.003224s, 2948 KB] Expanded until last jump: 3 state(s).
[t=0.003224s, 2948 KB] Reopened until last jump: 0 state(s).
[t=0.003224s, 2948 KB] Evaluated until last jump: 8 state(s).
[t=0.003224s, 2948 KB] Generated until last jump: 9 state(s).
[t=0.003224s, 2948 KB] Number of registered states: 23
[t=0.003224s, 2948 KB] Int hash set load factor: 23/32 = 0.718750
[t=0.003224s, 2948 KB] Int hash set resizes: 5
[t=0.003224s, 2948 KB] Search time: 0.000423s
[t=0.003224s, 2948 KB] Total time: 0.003224s
Solution found.
Remove intermediate file output.sas
search exit code: 0

