INFO     planner time limit: None
INFO     planner memory limit: None

INFO     Running translator.
INFO     translator stdin: None
INFO     translator time limit: None
INFO     translator memory limit: None
INFO     translator command line string: 'D:\Miniforge3\python.exe' -m translate 'C:\Users\user\Desktop\theoria\.worktrees\e7-deadlock-claim\engine-rig\fixtures\data\sokoban_domain.pddl' 'C:\Users\user\Desktop\theoria\.worktrees\e7-deadlock-claim\engine-rig\runs\20260728T150713Z-E7-deadlock-claim-audit\instances\C-far4-3120.pddl' --sas-file output.sas
Warning! SIGXCPU is not available on your platform. This means that the planner cannot be gracefully terminated when using a time limit, which, however, is probably supported on your platform anyway.
Parsing...
Parsing: [0.000s CPU, 0.001s wall-clock]
Normalizing task... [0.000s CPU, 0.000s wall-clock]
Instantiating...
Generating Datalog program... [0.000s CPU, 0.000s wall-clock]
Normalizing Datalog program...
Normalizing Datalog program: [0.000s CPU, 0.001s wall-clock]
Preparing model... [0.000s CPU, 0.000s wall-clock]
Generated 20 rules.
Computing model... [0.000s CPU, 0.001s wall-clock]
251 relevant atoms
376 auxiliary atoms
627 final queue length
795 total queue pushes
Completing instantiation... [0.016s CPU, 0.003s wall-clock]
Instantiating: [0.016s CPU, 0.006s wall-clock]
Computing fact groups...
Finding invariants...
7 initial candidates
Finding invariants: [0.000s CPU, 0.001s wall-clock]
Checking invariant weight... [0.000s CPU, 0.000s wall-clock]
Instantiating groups... [0.000s CPU, 0.000s wall-clock]
Collecting mutex groups... [0.000s CPU, 0.000s wall-clock]
Choosing groups...
16 uncovered facts
Choosing groups: [0.000s CPU, 0.000s wall-clock]
Building translation key... [0.000s CPU, 0.000s wall-clock]
Computing fact groups: [0.000s CPU, 0.001s wall-clock]
Building STRIPS to SAS dictionary... [0.000s CPU, 0.000s wall-clock]
Building dictionary for full mutex groups... [0.000s CPU, 0.000s wall-clock]
Building mutex information...
Building mutex information: [0.000s CPU, 0.000s wall-clock]
Translating task...
Processing axioms...
Simplifying axioms... [0.000s CPU, 0.000s wall-clock]
Translator axioms removed by simplifying: 0
Processing axioms: [0.000s CPU, 0.000s wall-clock]
Translating task: [0.000s CPU, 0.001s wall-clock]
120 effect conditions simplified
0 implied preconditions added
Detecting unreachable propositions...
0 operators removed
0 axioms removed
3 propositions removed
Detecting unreachable propositions: [0.000s CPU, 0.001s wall-clock]
Reordering and filtering variables...
19 of 19 variables necessary.
16 of 19 mutex groups necessary.
84 of 84 operators necessary.
0 of 0 axiom rules necessary.
Reordering and filtering variables: [0.000s CPU, 0.001s wall-clock]
Translator variables: 19
Translator derived variables: 0
Translator facts: 68
Translator goal facts: 2
Translator mutex groups: 16
Translator total mutex groups size: 52
Translator operators: 84
Translator axioms: 0
Translator task size: 753
warning: could not determine peak memory
Writing output... [0.000s CPU, 0.010s wall-clock]
Done! [0.016s CPU, 0.021s wall-clock]
translate exit code: 0

INFO     Running search (release).
INFO     search stdin: output.sas
INFO     search time limit: None
INFO     search memory limit: None
INFO     search command line string: 'C:\Users\user\Desktop\theoria\.worktrees\p13\engine-rig\.toolchain\downward\builds\release\bin\downward.exe' --search 'astar(lmcut())' --internal-plan-file 'C:\Users\user\AppData\Local\Temp\tmp63h305xb\sas_plan' < output.sas
[t=0.000164s, 1948 KB] Search code revision: 7120aa0
[t=0.000258s, 1948 KB] reading input...
[t=0.001171s, 2140 KB] done reading input!
[t=0.002374s, 2728 KB] Initializing landmark cut heuristic...
[t=0.002403s, 2728 KB] Building successor generator... done!
[t=0.002457s, 2748 KB] peak memory difference for successor generator creation: 20 KB
[t=0.002460s, 2748 KB] time for successor generation creation: 0.000045s
[t=0.002465s, 2748 KB] Variables: 19
[t=0.002468s, 2748 KB] FactPairs: 68
[t=0.002470s, 2748 KB] Bytes per state: 4
[t=0.002484s, 2756 KB] Conducting best first search with reopening closed nodes, (real) bound = 2147483647
[t=0.002533s, 2796 KB] New best heuristic value for lmcut: 8
[t=0.002537s, 2796 KB] g=0, 1 evaluated, 0 expanded
[t=0.002540s, 2796 KB] f = 8, 1 evaluated, 0 expanded
[t=0.002549s, 2808 KB] Initial heuristic value for lmcut: 8
[t=0.002552s, 2808 KB] pruning method: none
[t=0.002597s, 2828 KB] f = 9, 3 evaluated, 1 expanded
[t=0.002622s, 2836 KB] New best heuristic value for lmcut: 7
[t=0.002628s, 2836 KB] g=2, 4 evaluated, 2 expanded
[t=0.002678s, 2836 KB] New best heuristic value for lmcut: 6
[t=0.002682s, 2836 KB] g=3, 7 evaluated, 3 expanded
[t=0.002729s, 2836 KB] New best heuristic value for lmcut: 5
[t=0.002734s, 2836 KB] g=4, 11 evaluated, 4 expanded
[t=0.002760s, 2836 KB] New best heuristic value for lmcut: 4
[t=0.002764s, 2836 KB] g=5, 13 evaluated, 5 expanded
[t=0.002802s, 2848 KB] f = 10, 17 evaluated, 7 expanded
[t=0.002813s, 2852 KB] New best heuristic value for lmcut: 3
[t=0.002820s, 2852 KB] g=7, 18 evaluated, 8 expanded
[t=0.002847s, 2852 KB] New best heuristic value for lmcut: 2
[t=0.002850s, 2852 KB] g=8, 22 evaluated, 9 expanded
[t=0.002857s, 2852 KB] New best heuristic value for lmcut: 1
[t=0.002860s, 2852 KB] g=9, 23 evaluated, 10 expanded
[t=0.002865s, 2852 KB] New best heuristic value for lmcut: 0
[t=0.002869s, 2852 KB] g=10, 24 evaluated, 11 expanded
[t=0.002872s, 2852 KB] Solution found!
[t=0.002875s, 2852 KB] Actual search time: 0.000321s
move c14 c24 down (1)
move c24 c34 down (1)
push c34 c33 c32 b1 left (1)
move c33 c23 up (1)
move c23 c22 left (1)
push c22 c32 c42 b1 down (1)
move c32 c31 left (1)
move c31 c21 up (1)
move c21 c11 up (1)
push c11 c12 c13 b2 right (1)
[t=0.002878s, 2872 KB] Plan length: 10 step(s).
[t=0.002878s, 2872 KB] Plan cost: 10
[t=0.002878s, 2872 KB] Expanded 12 state(s).
[t=0.002878s, 2872 KB] Reopened 0 state(s).
[t=0.002878s, 2872 KB] Evaluated 24 state(s).
[t=0.002878s, 2872 KB] Evaluations: 24
[t=0.002878s, 2872 KB] Generated 33 state(s).
[t=0.002878s, 2872 KB] Dead ends: 2 state(s).
[t=0.002878s, 2872 KB] Expanded until last jump: 7 state(s).
[t=0.002878s, 2872 KB] Reopened until last jump: 0 state(s).
[t=0.002878s, 2872 KB] Evaluated until last jump: 17 state(s).
[t=0.002878s, 2872 KB] Generated until last jump: 22 state(s).
[t=0.002878s, 2872 KB] Number of registered states: 24
[t=0.002878s, 2872 KB] Int hash set load factor: 24/32 = 0.750000
[t=0.002878s, 2872 KB] Int hash set resizes: 5
[t=0.002878s, 2872 KB] Search time: 0.000395s
[t=0.002878s, 2872 KB] Total time: 0.002878s
Solution found.
Remove intermediate file output.sas
search exit code: 0

