INFO     planner time limit: None
INFO     planner memory limit: None

INFO     Running translator.
INFO     translator stdin: None
INFO     translator time limit: None
INFO     translator memory limit: None
INFO     translator command line string: 'D:\Miniforge3\python.exe' -m translate 'C:\Users\user\Desktop\theoria\.worktrees\e7-deadlock-claim\engine-rig\fixtures\data\sokoban_domain.pddl' 'C:\Users\user\Desktop\theoria\.worktrees\e7-deadlock-claim\engine-rig\runs\20260728T150713Z-E7-deadlock-claim-audit\instances\C-far4-2288.pddl' --sas-file output.sas
Warning! SIGXCPU is not available on your platform. This means that the planner cannot be gracefully terminated when using a time limit, which, however, is probably supported on your platform anyway.
Parsing...
Parsing: [0.000s CPU, 0.001s wall-clock]
Normalizing task... [0.000s CPU, 0.000s wall-clock]
Instantiating...
Generating Datalog program... [0.000s CPU, 0.000s wall-clock]
Normalizing Datalog program...
Normalizing Datalog program: [0.000s CPU, 0.001s wall-clock]
Preparing model... [0.000s CPU, 0.000s wall-clock]
Generated 20 rules.
Computing model... [0.016s CPU, 0.002s wall-clock]
251 relevant atoms
376 auxiliary atoms
627 final queue length
795 total queue pushes
Completing instantiation... [0.000s CPU, 0.003s wall-clock]
Instantiating: [0.016s CPU, 0.006s wall-clock]
Computing fact groups...
Finding invariants...
7 initial candidates
Finding invariants: [0.000s CPU, 0.001s wall-clock]
Checking invariant weight... [0.000s CPU, 0.000s wall-clock]
Instantiating groups... [0.000s CPU, 0.000s wall-clock]
Collecting mutex groups... [0.000s CPU, 0.000s wall-clock]
Choosing groups...
16 uncovered facts
Choosing groups: [0.000s CPU, 0.000s wall-clock]
Building translation key... [0.000s CPU, 0.000s wall-clock]
Computing fact groups: [0.000s CPU, 0.001s wall-clock]
Building STRIPS to SAS dictionary... [0.000s CPU, 0.000s wall-clock]
Building dictionary for full mutex groups... [0.000s CPU, 0.000s wall-clock]
Building mutex information...
Building mutex information: [0.000s CPU, 0.000s wall-clock]
Translating task...
Processing axioms...
Simplifying axioms... [0.000s CPU, 0.000s wall-clock]
Translator axioms removed by simplifying: 0
Processing axioms: [0.000s CPU, 0.000s wall-clock]
Translating task: [0.000s CPU, 0.001s wall-clock]
120 effect conditions simplified
0 implied preconditions added
Detecting unreachable propositions...
0 operators removed
0 axioms removed
3 propositions removed
Detecting unreachable propositions: [0.000s CPU, 0.001s wall-clock]
Reordering and filtering variables...
19 of 19 variables necessary.
16 of 19 mutex groups necessary.
84 of 84 operators necessary.
0 of 0 axiom rules necessary.
Reordering and filtering variables: [0.000s CPU, 0.001s wall-clock]
Translator variables: 19
Translator derived variables: 0
Translator facts: 68
Translator goal facts: 2
Translator mutex groups: 16
Translator total mutex groups size: 52
Translator operators: 84
Translator axioms: 0
Translator task size: 753
warning: could not determine peak memory
Writing output... [0.000s CPU, 0.009s wall-clock]
Done! [0.016s CPU, 0.021s wall-clock]
translate exit code: 0

INFO     Running search (release).
INFO     search stdin: output.sas
INFO     search time limit: None
INFO     search memory limit: None
INFO     search command line string: 'C:\Users\user\Desktop\theoria\.worktrees\p13\engine-rig\.toolchain\downward\builds\release\bin\downward.exe' --search 'astar(lmcut())' --internal-plan-file 'C:\Users\user\AppData\Local\Temp\tmproi6c9hc\sas_plan' < output.sas
[t=0.000139s, 1960 KB] Search code revision: 7120aa0
[t=0.000236s, 1960 KB] reading input...
[t=0.001147s, 2144 KB] done reading input!
[t=0.002382s, 2744 KB] Initializing landmark cut heuristic...
[t=0.002411s, 2744 KB] Building successor generator... done!
[t=0.002457s, 2784 KB] peak memory difference for successor generator creation: 40 KB
[t=0.002460s, 2784 KB] time for successor generation creation: 0.000038s
[t=0.002465s, 2784 KB] Variables: 19
[t=0.002468s, 2784 KB] FactPairs: 68
[t=0.002472s, 2784 KB] Bytes per state: 4
[t=0.002485s, 2800 KB] Conducting best first search with reopening closed nodes, (real) bound = 2147483647
[t=0.002548s, 2836 KB] New best heuristic value for lmcut: 9
[t=0.002556s, 2836 KB] g=0, 1 evaluated, 0 expanded
[t=0.002558s, 2836 KB] f = 9, 1 evaluated, 0 expanded
[t=0.002571s, 2836 KB] Initial heuristic value for lmcut: 9
[t=0.002575s, 2836 KB] pruning method: none
[t=0.002602s, 2836 KB] New best heuristic value for lmcut: 8
[t=0.002606s, 2836 KB] g=1, 2 evaluated, 1 expanded
[t=0.002660s, 2840 KB] New best heuristic value for lmcut: 7
[t=0.002665s, 2840 KB] g=2, 5 evaluated, 2 expanded
[t=0.002725s, 2840 KB] f = 10, 9 evaluated, 5 expanded
[t=0.002777s, 2852 KB] f = 11, 13 evaluated, 8 expanded
[t=0.002796s, 2852 KB] New best heuristic value for lmcut: 6
[t=0.002798s, 2852 KB] g=5, 14 evaluated, 9 expanded
[t=0.002926s, 2852 KB] New best heuristic value for lmcut: 5
[t=0.002930s, 2852 KB] g=6, 24 evaluated, 13 expanded
[t=0.002949s, 2852 KB] f = 12, 26 evaluated, 15 expanded
[t=0.002997s, 2852 KB] f = 13, 30 evaluated, 17 expanded
[t=0.003128s, 2860 KB] New best heuristic value for lmcut: 4
[t=0.003132s, 2860 KB] g=9, 40 evaluated, 24 expanded
[t=0.003145s, 2860 KB] New best heuristic value for lmcut: 3
[t=0.003149s, 2860 KB] g=10, 41 evaluated, 25 expanded
[t=0.003159s, 2860 KB] New best heuristic value for lmcut: 2
[t=0.003163s, 2860 KB] g=11, 42 evaluated, 26 expanded
[t=0.003182s, 2860 KB] New best heuristic value for lmcut: 1
[t=0.003186s, 2860 KB] g=12, 45 evaluated, 27 expanded
[t=0.003192s, 2860 KB] New best heuristic value for lmcut: 0
[t=0.003194s, 2860 KB] g=13, 46 evaluated, 28 expanded
[t=0.003220s, 2860 KB] Solution found!
[t=0.003224s, 2860 KB] Actual search time: 0.000648s
move c42 c32 up (1)
move c32 c33 right (1)
move c33 c34 right (1)
move c34 c24 up (1)
push c24 c23 c22 b1 left (1)
move c23 c33 down (1)
move c33 c32 left (1)
move c32 c31 left (1)
move c31 c21 up (1)
move c21 c11 up (1)
push c11 c12 c13 b2 right (1)
push c12 c22 c32 b1 down (1)
push c22 c32 c42 b1 down (1)
[t=0.003227s, 2872 KB] Plan length: 13 step(s).
[t=0.003227s, 2872 KB] Plan cost: 13
[t=0.003227s, 2872 KB] Expanded 29 state(s).
[t=0.003227s, 2872 KB] Reopened 0 state(s).
[t=0.003227s, 2872 KB] Evaluated 49 state(s).
[t=0.003227s, 2872 KB] Evaluations: 49
[t=0.003227s, 2872 KB] Generated 84 state(s).
[t=0.003227s, 2872 KB] Dead ends: 7 state(s).
[t=0.003227s, 2872 KB] Expanded until last jump: 17 state(s).
[t=0.003227s, 2872 KB] Reopened until last jump: 0 state(s).
[t=0.003227s, 2872 KB] Evaluated until last jump: 30 state(s).
[t=0.003227s, 2872 KB] Generated until last jump: 51 state(s).
[t=0.003227s, 2872 KB] Number of registered states: 49
[t=0.003227s, 2872 KB] Int hash set load factor: 49/64 = 0.765625
[t=0.003227s, 2872 KB] Int hash set resizes: 6
[t=0.003227s, 2872 KB] Search time: 0.000745s
[t=0.003227s, 2872 KB] Total time: 0.003227s
Solution found.
Remove intermediate file output.sas
search exit code: 0

