INFO     planner time limit: None
INFO     planner memory limit: None

INFO     Running translator.
INFO     translator stdin: None
INFO     translator time limit: None
INFO     translator memory limit: None
INFO     translator command line string: 'D:\Miniforge3\python.exe' -m translate 'C:\Users\user\Desktop\theoria\.worktrees\e7-deadlock-claim\engine-rig\fixtures\data\sokoban_domain.pddl' 'C:\Users\user\Desktop\theoria\.worktrees\e7-deadlock-claim\engine-rig\runs\20260728T150713Z-E7-deadlock-claim-audit\instances\C-far4-0832.pddl' --sas-file output.sas
Warning! SIGXCPU is not available on your platform. This means that the planner cannot be gracefully terminated when using a time limit, which, however, is probably supported on your platform anyway.
Parsing...
Parsing: [0.000s CPU, 0.001s wall-clock]
Normalizing task... [0.000s CPU, 0.000s wall-clock]
Instantiating...
Generating Datalog program... [0.000s CPU, 0.000s wall-clock]
Normalizing Datalog program...
Normalizing Datalog program: [0.000s CPU, 0.001s wall-clock]
Preparing model... [0.000s CPU, 0.000s wall-clock]
Generated 20 rules.
Computing model... [0.000s CPU, 0.001s wall-clock]
251 relevant atoms
376 auxiliary atoms
627 final queue length
795 total queue pushes
Completing instantiation... [0.000s CPU, 0.003s wall-clock]
Instantiating: [0.000s CPU, 0.005s wall-clock]
Computing fact groups...
Finding invariants...
7 initial candidates
Finding invariants: [0.000s CPU, 0.001s wall-clock]
Checking invariant weight... [0.000s CPU, 0.000s wall-clock]
Instantiating groups... [0.000s CPU, 0.000s wall-clock]
Collecting mutex groups... [0.000s CPU, 0.000s wall-clock]
Choosing groups...
16 uncovered facts
Choosing groups: [0.000s CPU, 0.000s wall-clock]
Building translation key... [0.000s CPU, 0.000s wall-clock]
Computing fact groups: [0.000s CPU, 0.001s wall-clock]
Building STRIPS to SAS dictionary... [0.000s CPU, 0.000s wall-clock]
Building dictionary for full mutex groups... [0.000s CPU, 0.000s wall-clock]
Building mutex information...
Building mutex information: [0.000s CPU, 0.000s wall-clock]
Translating task...
Processing axioms...
Simplifying axioms... [0.000s CPU, 0.000s wall-clock]
Translator axioms removed by simplifying: 0
Processing axioms: [0.000s CPU, 0.000s wall-clock]
Translating task: [0.000s CPU, 0.001s wall-clock]
120 effect conditions simplified
0 implied preconditions added
Detecting unreachable propositions...
0 operators removed
0 axioms removed
3 propositions removed
Detecting unreachable propositions: [0.000s CPU, 0.001s wall-clock]
Reordering and filtering variables...
19 of 19 variables necessary.
16 of 19 mutex groups necessary.
84 of 84 operators necessary.
0 of 0 axiom rules necessary.
Reordering and filtering variables: [0.016s CPU, 0.001s wall-clock]
Translator variables: 19
Translator derived variables: 0
Translator facts: 68
Translator goal facts: 2
Translator mutex groups: 16
Translator total mutex groups size: 52
Translator operators: 84
Translator axioms: 0
Translator task size: 753
warning: could not determine peak memory
Writing output... [0.000s CPU, 0.009s wall-clock]
Done! [0.016s CPU, 0.020s wall-clock]
translate exit code: 0

INFO     Running search (release).
INFO     search stdin: output.sas
INFO     search time limit: None
INFO     search memory limit: None
INFO     search command line string: 'C:\Users\user\Desktop\theoria\.worktrees\p13\engine-rig\.toolchain\downward\builds\release\bin\downward.exe' --search 'astar(lmcut())' --internal-plan-file 'C:\Users\user\AppData\Local\Temp\tmpac_2knyh\sas_plan' < output.sas
[t=0.000155s, 1980 KB] Search code revision: 7120aa0
[t=0.000246s, 1980 KB] reading input...
[t=0.001153s, 2152 KB] done reading input!
[t=0.002370s, 2780 KB] Initializing landmark cut heuristic...
[t=0.002399s, 2780 KB] Building successor generator... done!
[t=0.002446s, 2828 KB] peak memory difference for successor generator creation: 48 KB
[t=0.002449s, 2828 KB] time for successor generation creation: 0.000039s
[t=0.002456s, 2828 KB] Variables: 19
[t=0.002459s, 2840 KB] FactPairs: 68
[t=0.002461s, 2840 KB] Bytes per state: 4
[t=0.002473s, 2848 KB] Conducting best first search with reopening closed nodes, (real) bound = 2147483647
[t=0.002531s, 2880 KB] New best heuristic value for lmcut: 7
[t=0.002537s, 2880 KB] g=0, 1 evaluated, 0 expanded
[t=0.002539s, 2880 KB] f = 7, 1 evaluated, 0 expanded
[t=0.002546s, 2880 KB] Initial heuristic value for lmcut: 7
[t=0.002550s, 2880 KB] pruning method: none
[t=0.002573s, 2880 KB] New best heuristic value for lmcut: 6
[t=0.002577s, 2880 KB] g=1, 2 evaluated, 1 expanded
[t=0.002622s, 2880 KB] New best heuristic value for lmcut: 5
[t=0.002627s, 2880 KB] g=2, 5 evaluated, 2 expanded
[t=0.002642s, 2880 KB] New best heuristic value for lmcut: 4
[t=0.002645s, 2880 KB] g=3, 6 evaluated, 3 expanded
[t=0.002659s, 2880 KB] New best heuristic value for lmcut: 3
[t=0.002663s, 2880 KB] g=4, 7 evaluated, 4 expanded
[t=0.002689s, 2880 KB] New best heuristic value for lmcut: 2
[t=0.002693s, 2880 KB] g=5, 9 evaluated, 5 expanded
[t=0.002715s, 2880 KB] New best heuristic value for lmcut: 1
[t=0.002719s, 2892 KB] g=6, 12 evaluated, 6 expanded
[t=0.002725s, 2892 KB] New best heuristic value for lmcut: 0
[t=0.002727s, 2892 KB] g=7, 13 evaluated, 7 expanded
[t=0.002754s, 2892 KB] Solution found!
[t=0.002759s, 2892 KB] Actual search time: 0.000207s
move c42 c41 left (1)
move c41 c31 up (1)
move c31 c21 up (1)
move c21 c11 up (1)
push c11 c12 c13 b2 right (1)
push c12 c22 c32 b1 down (1)
push c22 c32 c42 b1 down (1)
[t=0.002762s, 2912 KB] Plan length: 7 step(s).
[t=0.002762s, 2912 KB] Plan cost: 7
[t=0.002762s, 2912 KB] Expanded 8 state(s).
[t=0.002762s, 2912 KB] Reopened 0 state(s).
[t=0.002762s, 2912 KB] Evaluated 16 state(s).
[t=0.002762s, 2912 KB] Evaluations: 16
[t=0.002762s, 2912 KB] Generated 20 state(s).
[t=0.002762s, 2912 KB] Dead ends: 1 state(s).
[t=0.002762s, 2912 KB] Expanded until last jump: 0 state(s).
[t=0.002762s, 2912 KB] Reopened until last jump: 0 state(s).
[t=0.002762s, 2912 KB] Evaluated until last jump: 1 state(s).
[t=0.002762s, 2912 KB] Generated until last jump: 0 state(s).
[t=0.002762s, 2912 KB] Number of registered states: 16
[t=0.002762s, 2912 KB] Int hash set load factor: 16/16 = 1.000000
[t=0.002762s, 2912 KB] Int hash set resizes: 4
[t=0.002762s, 2912 KB] Search time: 0.000290s
[t=0.002762s, 2912 KB] Total time: 0.002762s
Solution found.
Remove intermediate file output.sas
search exit code: 0

