INFO     planner time limit: None
INFO     planner memory limit: None

INFO     Running translator.
INFO     translator stdin: None
INFO     translator time limit: None
INFO     translator memory limit: None
INFO     translator command line string: 'D:\Miniforge3\python.exe' -m translate 'C:\Users\user\Desktop\theoria\.worktrees\e7-deadlock-claim\engine-rig\runs\20260728T150713Z-E7-deadlock-claim-audit\instances\guarded\sokoban_guarded_singleton_domain.pddl' 'C:\Users\user\Desktop\theoria\.worktrees\e7-deadlock-claim\engine-rig\runs\20260728T150713Z-E7-deadlock-claim-audit\instances\guarded\alive-pair5_guarded_singleton.pddl' --sas-file output.sas
Warning! SIGXCPU is not available on your platform. This means that the planner cannot be gracefully terminated when using a time limit, which, however, is probably supported on your platform anyway.
Parsing...
Parsing: [0.000s CPU, 0.001s wall-clock]
Normalizing task... [0.000s CPU, 0.000s wall-clock]
Instantiating...
Generating Datalog program... [0.000s CPU, 0.000s wall-clock]
Normalizing Datalog program...
Normalizing Datalog program: [0.000s CPU, 0.001s wall-clock]
Preparing model... [0.000s CPU, 0.000s wall-clock]
Generated 20 rules.
Computing model... [0.000s CPU, 0.004s wall-clock]
482 relevant atoms
660 auxiliary atoms
1142 final queue length
1587 total queue pushes
Completing instantiation... [0.016s CPU, 0.003s wall-clock]
Instantiating: [0.016s CPU, 0.009s wall-clock]
Computing fact groups...
Finding invariants...
7 initial candidates
Finding invariants: [0.000s CPU, 0.001s wall-clock]
Checking invariant weight... [0.000s CPU, 0.000s wall-clock]
Instantiating groups... [0.000s CPU, 0.000s wall-clock]
Collecting mutex groups... [0.000s CPU, 0.000s wall-clock]
Choosing groups...
25 uncovered facts
Choosing groups: [0.000s CPU, 0.000s wall-clock]
Building translation key... [0.000s CPU, 0.000s wall-clock]
Computing fact groups: [0.000s CPU, 0.002s wall-clock]
Building STRIPS to SAS dictionary... [0.000s CPU, 0.000s wall-clock]
Building dictionary for full mutex groups... [0.000s CPU, 0.000s wall-clock]
Building mutex information...
Building mutex information: [0.000s CPU, 0.000s wall-clock]
Translating task...
Processing axioms...
Simplifying axioms... [0.000s CPU, 0.000s wall-clock]
Translator axioms removed by simplifying: 0
Processing axioms: [0.000s CPU, 0.000s wall-clock]
Translating task: [0.000s CPU, 0.003s wall-clock]
288 effect conditions simplified
0 implied preconditions added
Detecting unreachable propositions...
0 operators removed
0 axioms removed
11 propositions removed
Detecting unreachable propositions: [0.000s CPU, 0.002s wall-clock]
Reordering and filtering variables...
28 of 28 variables necessary.
25 of 28 mutex groups necessary.
184 of 184 operators necessary.
0 of 0 axiom rules necessary.
Reordering and filtering variables: [0.000s CPU, 0.001s wall-clock]
Translator variables: 28
Translator derived variables: 0
Translator facts: 117
Translator goal facts: 2
Translator mutex groups: 25
Translator total mutex groups size: 92
Translator operators: 184
Translator axioms: 0
Translator task size: 1655
warning: could not determine peak memory
Writing output... [0.000s CPU, 0.010s wall-clock]
Done! [0.016s CPU, 0.029s wall-clock]
translate exit code: 0

INFO     Running search (release).
INFO     search stdin: output.sas
INFO     search time limit: None
INFO     search memory limit: None
INFO     search command line string: 'C:\Users\user\Desktop\theoria\.worktrees\p13\engine-rig\.toolchain\downward\builds\release\bin\downward.exe' --search 'astar(lmcut())' --internal-plan-file 'C:\Users\user\AppData\Local\Temp\tmpavl34d8y\sas_plan' < output.sas
[t=0.000165s, 1952 KB] Search code revision: 7120aa0
[t=0.000252s, 1952 KB] reading input...
[t=0.002076s, 2316 KB] done reading input!
[t=0.003313s, 2956 KB] Initializing landmark cut heuristic...
[t=0.003342s, 2956 KB] Building successor generator... done!
[t=0.003416s, 2996 KB] peak memory difference for successor generator creation: 40 KB
[t=0.003419s, 2996 KB] time for successor generation creation: 0.000066s
[t=0.003427s, 2996 KB] Variables: 28
[t=0.003450s, 2996 KB] FactPairs: 117
[t=0.003452s, 2996 KB] Bytes per state: 8
[t=0.003462s, 2996 KB] Conducting best first search with reopening closed nodes, (real) bound = 2147483647
[t=0.003541s, 3016 KB] New best heuristic value for lmcut: 13
[t=0.003545s, 3016 KB] g=0, 1 evaluated, 0 expanded
[t=0.003547s, 3016 KB] f = 13, 1 evaluated, 0 expanded
[t=0.003556s, 3028 KB] Initial heuristic value for lmcut: 13
[t=0.003560s, 3028 KB] pruning method: none
[t=0.003601s, 3028 KB] New best heuristic value for lmcut: 12
[t=0.003605s, 3028 KB] g=1, 2 evaluated, 1 expanded
[t=0.003678s, 3028 KB] New best heuristic value for lmcut: 11
[t=0.003683s, 3028 KB] g=2, 4 evaluated, 2 expanded
[t=0.003750s, 3028 KB] New best heuristic value for lmcut: 9
[t=0.003754s, 3028 KB] g=3, 6 evaluated, 3 expanded
[t=0.003827s, 3028 KB] New best heuristic value for lmcut: 8
[t=0.003830s, 3028 KB] g=4, 8 evaluated, 4 expanded
[t=0.003902s, 3028 KB] New best heuristic value for lmcut: 7
[t=0.003906s, 3028 KB] g=5, 10 evaluated, 5 expanded
[t=0.004193s, 3028 KB] f = 14, 20 evaluated, 14 expanded
[t=0.004448s, 3028 KB] f = 15, 30 evaluated, 19 expanded
[t=0.004642s, 3028 KB] New best heuristic value for lmcut: 6
[t=0.004646s, 3028 KB] g=9, 36 evaluated, 22 expanded
[t=0.004736s, 3028 KB] New best heuristic value for lmcut: 5
[t=0.004740s, 3028 KB] g=10, 39 evaluated, 23 expanded
[t=0.004936s, 3028 KB] f = 16, 47 evaluated, 25 expanded
[t=0.005534s, 3048 KB] New best heuristic value for lmcut: 4
[t=0.005538s, 3048 KB] g=12, 73 evaluated, 36 expanded
[t=0.005576s, 3048 KB] New best heuristic value for lmcut: 3
[t=0.005580s, 3048 KB] g=13, 76 evaluated, 37 expanded
[t=0.005627s, 3048 KB] New best heuristic value for lmcut: 2
[t=0.005631s, 3048 KB] g=14, 79 evaluated, 38 expanded
[t=0.005671s, 3048 KB] New best heuristic value for lmcut: 1
[t=0.005674s, 3048 KB] g=15, 82 evaluated, 39 expanded
[t=0.005705s, 3048 KB] New best heuristic value for lmcut: 0
[t=0.005709s, 3048 KB] g=16, 85 evaluated, 40 expanded
[t=0.005731s, 3048 KB] Solution found!
[t=0.005735s, 3048 KB] Actual search time: 0.002175s
move c55 c45 up (1)
move c45 c35 up (1)
move c35 c25 up (1)
move c25 c15 up (1)
move c15 c14 left (1)
move c14 c13 left (1)
push c13 c23 c33 b2 down (1)
push c23 c33 c43 b2 down (1)
push c33 c43 c53 b2 down (1)
move c43 c33 up (1)
move c33 c23 up (1)
move c23 c13 up (1)
move c13 c12 left (1)
push c12 c22 c32 b1 down (1)
push c22 c32 c42 b1 down (1)
push c32 c42 c52 b1 down (1)
[t=0.005738s, 3048 KB] Plan length: 16 step(s).
[t=0.005738s, 3048 KB] Plan cost: 16
[t=0.005738s, 3048 KB] Expanded 41 state(s).
[t=0.005738s, 3048 KB] Reopened 0 state(s).
[t=0.005738s, 3048 KB] Evaluated 87 state(s).
[t=0.005738s, 3048 KB] Evaluations: 87
[t=0.005738s, 3048 KB] Generated 136 state(s).
[t=0.005738s, 3048 KB] Dead ends: 5 state(s).
[t=0.005738s, 3048 KB] Expanded until last jump: 25 state(s).
[t=0.005738s, 3048 KB] Reopened until last jump: 0 state(s).
[t=0.005738s, 3048 KB] Evaluated until last jump: 47 state(s).
[t=0.005738s, 3048 KB] Generated until last jump: 82 state(s).
[t=0.005738s, 3048 KB] Number of registered states: 87
[t=0.005738s, 3048 KB] Int hash set load factor: 87/128 = 0.679688
[t=0.005738s, 3048 KB] Int hash set resizes: 7
[t=0.005738s, 3048 KB] Search time: 0.002278s
[t=0.005738s, 3048 KB] Total time: 0.005738s
Solution found.
Remove intermediate file output.sas
search exit code: 0

