INFO     planner time limit: None
INFO     planner memory limit: None

INFO     Running translator.
INFO     translator stdin: None
INFO     translator time limit: None
INFO     translator memory limit: None
INFO     translator command line string: 'D:\Miniforge3\python.exe' -m translate 'C:\Users\user\Desktop\theoria\.worktrees\e7-deadlock-claim\engine-rig\fixtures\data\sokoban_domain.pddl' 'C:\Users\user\Desktop\theoria\.worktrees\e7-deadlock-claim\engine-rig\runs\20260728T150713Z-E7-deadlock-claim-audit\instances\alive-pair4.pddl' --sas-file output.sas
Warning! SIGXCPU is not available on your platform. This means that the planner cannot be gracefully terminated when using a time limit, which, however, is probably supported on your platform anyway.
Parsing...
Parsing: [0.000s CPU, 0.001s wall-clock]
Normalizing task... [0.000s CPU, 0.000s wall-clock]
Instantiating...
Generating Datalog program... [0.000s CPU, 0.000s wall-clock]
Normalizing Datalog program...
Normalizing Datalog program: [0.000s CPU, 0.001s wall-clock]
Preparing model... [0.000s CPU, 0.000s wall-clock]
Generated 20 rules.
Computing model... [0.000s CPU, 0.003s wall-clock]
291 relevant atoms
400 auxiliary atoms
691 final queue length
931 total queue pushes
Completing instantiation... [0.000s CPU, 0.002s wall-clock]
Instantiating: [0.000s CPU, 0.006s wall-clock]
Computing fact groups...
Finding invariants...
7 initial candidates
Finding invariants: [0.000s CPU, 0.001s wall-clock]
Checking invariant weight... [0.000s CPU, 0.000s wall-clock]
Instantiating groups... [0.000s CPU, 0.000s wall-clock]
Collecting mutex groups... [0.000s CPU, 0.000s wall-clock]
Choosing groups...
16 uncovered facts
Choosing groups: [0.000s CPU, 0.000s wall-clock]
Building translation key... [0.000s CPU, 0.000s wall-clock]
Computing fact groups: [0.000s CPU, 0.001s wall-clock]
Building STRIPS to SAS dictionary... [0.000s CPU, 0.000s wall-clock]
Building dictionary for full mutex groups... [0.000s CPU, 0.000s wall-clock]
Building mutex information...
Building mutex information: [0.000s CPU, 0.000s wall-clock]
Translating task...
Processing axioms...
Simplifying axioms... [0.000s CPU, 0.000s wall-clock]
Translator axioms removed by simplifying: 0
Processing axioms: [0.016s CPU, 0.000s wall-clock]
Translating task: [0.016s CPU, 0.002s wall-clock]
176 effect conditions simplified
0 implied preconditions added
Detecting unreachable propositions...
0 operators removed
0 axioms removed
3 propositions removed
Detecting unreachable propositions: [0.000s CPU, 0.001s wall-clock]
Reordering and filtering variables...
19 of 19 variables necessary.
16 of 19 mutex groups necessary.
112 of 112 operators necessary.
0 of 0 axiom rules necessary.
Reordering and filtering variables: [0.000s CPU, 0.001s wall-clock]
Translator variables: 19
Translator derived variables: 0
Translator facts: 80
Translator goal facts: 2
Translator mutex groups: 16
Translator total mutex groups size: 64
Translator operators: 112
Translator axioms: 0
Translator task size: 1029
warning: could not determine peak memory
Writing output... [0.000s CPU, 0.010s wall-clock]
Done! [0.016s CPU, 0.023s wall-clock]
translate exit code: 0

INFO     Running search (release).
INFO     search stdin: output.sas
INFO     search time limit: None
INFO     search memory limit: None
INFO     search command line string: 'C:\Users\user\Desktop\theoria\.worktrees\p13\engine-rig\.toolchain\downward\builds\release\bin\downward.exe' --search 'astar(lmcut())' --internal-plan-file 'C:\Users\user\AppData\Local\Temp\tmpqtu7cokg\sas_plan' < output.sas
[t=0.000175s, 1996 KB] Search code revision: 7120aa0
[t=0.000282s, 2008 KB] reading input...
[t=0.001490s, 2212 KB] done reading input!
[t=0.002749s, 2924 KB] Initializing landmark cut heuristic...
[t=0.002779s, 2924 KB] Building successor generator... done!
[t=0.002840s, 2952 KB] peak memory difference for successor generator creation: 28 KB
[t=0.002843s, 2952 KB] time for successor generation creation: 0.000054s
[t=0.002849s, 2952 KB] Variables: 19
[t=0.002852s, 2952 KB] FactPairs: 80
[t=0.002855s, 2952 KB] Bytes per state: 4
[t=0.002866s, 2952 KB] Conducting best first search with reopening closed nodes, (real) bound = 2147483647
[t=0.002918s, 2964 KB] New best heuristic value for lmcut: 9
[t=0.002922s, 2964 KB] g=0, 1 evaluated, 0 expanded
[t=0.002925s, 2964 KB] f = 9, 1 evaluated, 0 expanded
[t=0.002934s, 2984 KB] Initial heuristic value for lmcut: 9
[t=0.002936s, 2984 KB] pruning method: none
[t=0.002965s, 2984 KB] New best heuristic value for lmcut: 8
[t=0.002969s, 2984 KB] g=1, 2 evaluated, 1 expanded
[t=0.003015s, 2984 KB] New best heuristic value for lmcut: 7
[t=0.003019s, 2984 KB] g=2, 4 evaluated, 2 expanded
[t=0.003061s, 2984 KB] New best heuristic value for lmcut: 6
[t=0.003065s, 2984 KB] g=3, 6 evaluated, 3 expanded
[t=0.003085s, 2984 KB] New best heuristic value for lmcut: 5
[t=0.003089s, 2984 KB] g=4, 7 evaluated, 4 expanded
[t=0.003165s, 2984 KB] f = 10, 12 evaluated, 7 expanded
[t=0.003298s, 2996 KB] f = 11, 21 evaluated, 11 expanded
[t=0.003395s, 2996 KB] New best heuristic value for lmcut: 4
[t=0.003399s, 2996 KB] g=7, 27 evaluated, 13 expanded
[t=0.003430s, 2996 KB] New best heuristic value for lmcut: 3
[t=0.003434s, 2996 KB] g=8, 29 evaluated, 14 expanded
[t=0.003554s, 2996 KB] New best heuristic value for lmcut: 2
[t=0.003557s, 2996 KB] g=9, 41 evaluated, 18 expanded
[t=0.003596s, 2996 KB] New best heuristic value for lmcut: 1
[t=0.003600s, 2996 KB] g=10, 43 evaluated, 19 expanded
[t=0.003620s, 2996 KB] New best heuristic value for lmcut: 0
[t=0.003623s, 2996 KB] g=11, 46 evaluated, 20 expanded
[t=0.003633s, 2996 KB] Solution found!
[t=0.003638s, 2996 KB] Actual search time: 0.000700s
move c44 c34 up (1)
move c34 c24 up (1)
move c24 c14 up (1)
move c14 c13 left (1)
push c13 c23 c33 b2 down (1)
push c23 c33 c43 b2 down (1)
move c33 c23 up (1)
move c23 c13 up (1)
move c13 c12 left (1)
push c12 c22 c32 b1 down (1)
push c22 c32 c42 b1 down (1)
[t=0.003641s, 2996 KB] Plan length: 11 step(s).
[t=0.003641s, 2996 KB] Plan cost: 11
[t=0.003641s, 2996 KB] Expanded 21 state(s).
[t=0.003641s, 2996 KB] Reopened 0 state(s).
[t=0.003641s, 2996 KB] Evaluated 47 state(s).
[t=0.003641s, 2996 KB] Evaluations: 47
[t=0.003641s, 2996 KB] Generated 64 state(s).
[t=0.003641s, 2996 KB] Dead ends: 5 state(s).
[t=0.003641s, 2996 KB] Expanded until last jump: 11 state(s).
[t=0.003641s, 2996 KB] Reopened until last jump: 0 state(s).
[t=0.003641s, 2996 KB] Evaluated until last jump: 21 state(s).
[t=0.003641s, 2996 KB] Generated until last jump: 33 state(s).
[t=0.003641s, 2996 KB] Number of registered states: 47
[t=0.003641s, 2996 KB] Int hash set load factor: 47/64 = 0.734375
[t=0.003641s, 2996 KB] Int hash set resizes: 6
[t=0.003641s, 2996 KB] Search time: 0.000776s
[t=0.003641s, 2996 KB] Total time: 0.003641s
Solution found.
Remove intermediate file output.sas
search exit code: 0

