INFO     planner time limit: None
INFO     planner memory limit: None

INFO     Running translator.
INFO     translator stdin: None
INFO     translator time limit: None
INFO     translator memory limit: None
INFO     translator command line string: 'D:\Miniforge3\python.exe' -m translate 'C:\Users\user\Desktop\theoria\.worktrees\e7-deadlock-claim\engine-rig\runs\20260728T150713Z-E7-deadlock-claim-audit\instances\guarded\sokoban_guarded_indexed_domain.pddl' 'C:\Users\user\Desktop\theoria\.worktrees\e7-deadlock-claim\engine-rig\runs\20260728T150713Z-E7-deadlock-claim-audit\instances\guarded\alive-pair6_guarded_indexed.pddl' --sas-file output.sas
Warning! SIGXCPU is not available on your platform. This means that the planner cannot be gracefully terminated when using a time limit, which, however, is probably supported on your platform anyway.
Parsing...
Parsing: [0.000s CPU, 0.002s wall-clock]
Normalizing task... [0.000s CPU, 0.000s wall-clock]
Instantiating...
Generating Datalog program... [0.000s CPU, 0.000s wall-clock]
Normalizing Datalog program...
Normalizing Datalog program: [0.000s CPU, 0.002s wall-clock]
Preparing model... [0.000s CPU, 0.001s wall-clock]
Generated 56 rules.
Computing model... [0.016s CPU, 0.016s wall-clock]
829 relevant atoms
5151 auxiliary atoms
5980 final queue length
6688 total queue pushes
Completing instantiation... [0.016s CPU, 0.005s wall-clock]
Instantiating: [0.031s CPU, 0.024s wall-clock]
Computing fact groups...
Finding invariants...
7 initial candidates
Finding invariants: [0.000s CPU, 0.002s wall-clock]
Checking invariant weight... [0.000s CPU, 0.000s wall-clock]
Instantiating groups... [0.000s CPU, 0.001s wall-clock]
Collecting mutex groups... [0.000s CPU, 0.000s wall-clock]
Choosing groups...
36 uncovered facts
Choosing groups: [0.000s CPU, 0.000s wall-clock]
Building translation key... [0.000s CPU, 0.000s wall-clock]
Computing fact groups: [0.000s CPU, 0.003s wall-clock]
Building STRIPS to SAS dictionary... [0.000s CPU, 0.000s wall-clock]
Building dictionary for full mutex groups... [0.000s CPU, 0.000s wall-clock]
Building mutex information...
Building mutex information: [0.000s CPU, 0.000s wall-clock]
Translating task...
Processing axioms...
Simplifying axioms... [0.000s CPU, 0.000s wall-clock]
Translator axioms removed by simplifying: 0
Processing axioms: [0.000s CPU, 0.001s wall-clock]
Translating task: [0.047s CPU, 0.050s wall-clock]
5842 effect conditions simplified
0 implied preconditions added
Detecting unreachable propositions...
390 operators removed
0 axioms removed
11 propositions removed
Detecting unreachable propositions: [0.016s CPU, 0.028s wall-clock]
Reordering and filtering variables...
39 of 39 variables necessary.
36 of 39 mutex groups necessary.
2591 of 2591 operators necessary.
0 of 0 axiom rules necessary.
Reordering and filtering variables: [0.016s CPU, 0.014s wall-clock]
Translator variables: 39
Translator derived variables: 0
Translator facts: 172
Translator goal facts: 2
Translator mutex groups: 36
Translator total mutex groups size: 136
Translator operators: 2591
Translator axioms: 0
Translator task size: 25681
warning: could not determine peak memory
Writing output... [0.031s CPU, 0.034s wall-clock]
Done! [0.141s CPU, 0.157s wall-clock]
translate exit code: 0

INFO     Running search (release).
INFO     search stdin: output.sas
INFO     search time limit: None
INFO     search memory limit: None
INFO     search command line string: 'C:\Users\user\Desktop\theoria\.worktrees\p13\engine-rig\.toolchain\downward\builds\release\bin\downward.exe' --search 'astar(blind())' --internal-plan-file 'C:\Users\user\AppData\Local\Temp\tmpjxj5ku48\sas_plan' < output.sas
[t=0.000158s, 1948 KB] Search code revision: 7120aa0
[t=0.000248s, 1960 KB] reading input...
[t=0.025334s, 3440 KB] done reading input!
[t=0.026410s, 3780 KB] Initializing blind search heuristic...
[t=0.026441s, 3780 KB] Building successor generator... done!
[t=0.027236s, 4192 KB] peak memory difference for successor generator creation: 412 KB
[t=0.027240s, 4192 KB] time for successor generation creation: 0.000786s
[t=0.027251s, 4192 KB] Variables: 39
[t=0.027256s, 4192 KB] FactPairs: 172
[t=0.027258s, 4192 KB] Bytes per state: 8
[t=0.027269s, 4192 KB] Conducting best first search with reopening closed nodes, (real) bound = 2147483647
[t=0.027284s, 4192 KB] New best heuristic value for blind: 1
[t=0.027288s, 4192 KB] g=0, 1 evaluated, 0 expanded
[t=0.027291s, 4192 KB] f = 1, 1 evaluated, 0 expanded
[t=0.027298s, 4192 KB] Initial heuristic value for blind: 1
[t=0.027301s, 4192 KB] pruning method: none
[t=0.027310s, 4192 KB] f = 2, 3 evaluated, 1 expanded
[t=0.027317s, 4192 KB] f = 3, 6 evaluated, 3 expanded
[t=0.027327s, 4192 KB] f = 4, 10 evaluated, 6 expanded
[t=0.027336s, 4192 KB] f = 5, 15 evaluated, 10 expanded
[t=0.027349s, 4192 KB] f = 6, 21 evaluated, 15 expanded
[t=0.027360s, 4192 KB] f = 7, 26 evaluated, 21 expanded
[t=0.027370s, 4192 KB] f = 8, 30 evaluated, 26 expanded
[t=0.027382s, 4192 KB] f = 9, 36 evaluated, 30 expanded
[t=0.027398s, 4192 KB] f = 10, 50 evaluated, 36 expanded
[t=0.027429s, 4192 KB] f = 11, 78 evaluated, 50 expanded
[t=0.027477s, 4192 KB] f = 12, 127 evaluated, 78 expanded
[t=0.027564s, 4192 KB] f = 13, 219 evaluated, 127 expanded
[t=0.027722s, 4192 KB] f = 14, 380 evaluated, 219 expanded
[t=0.027981s, 4192 KB] f = 15, 663 evaluated, 380 expanded
[t=0.028424s, 4192 KB] f = 16, 1127 evaluated, 663 expanded
[t=0.029049s, 4192 KB] f = 17, 1855 evaluated, 1127 expanded
[t=0.030124s, 4240 KB] f = 18, 2929 evaluated, 1855 expanded
[t=0.031635s, 4332 KB] f = 19, 4423 evaluated, 2929 expanded
[t=0.033469s, 4332 KB] f = 20, 6367 evaluated, 4423 expanded
[t=0.036221s, 4732 KB] f = 21, 8745 evaluated, 6367 expanded
[t=0.037176s, 4732 KB] New best heuristic value for blind: 0
[t=0.037187s, 4732 KB] g=21, 9483 evaluated, 6932 expanded
[t=0.037191s, 4732 KB] Solution found!
[t=0.037195s, 4732 KB] Actual search time: 0.009892s
move c66 c56 up (1)
move c56 c55 left (1)
move c55 c45 up (1)
move c45 c35 up (1)
move c35 c25 up (1)
move c25 c24 left (1)
move c24 c14 up (1)
move c14 c13 left (1)
push-pair0 c13 c23 c33 b2 down (1)
push-pair0 c23 c33 c43 b2 down (1)
push-pair0 c33 c43 c53 b2 down (1)
push-pair1 c43 c53 c63 b2 down b1 c64 (1)
move c53 c43 up (1)
move c43 c33 up (1)
move c33 c23 up (1)
move c23 c13 up (1)
move c13 c12 left (1)
push-pair0 c12 c22 c32 b1 down (1)
push-pair0 c22 c32 c42 b1 down (1)
push-pair0 c32 c42 c52 b1 down (1)
push-pair0 c42 c52 c62 b1 down (1)
[t=0.037198s, 4732 KB] Plan length: 21 step(s).
[t=0.037198s, 4732 KB] Plan cost: 21
[t=0.037198s, 4732 KB] Expanded 6933 state(s).
[t=0.037198s, 4732 KB] Reopened 0 state(s).
[t=0.037198s, 4732 KB] Evaluated 9484 state(s).
[t=0.037198s, 4732 KB] Evaluations: 9484
[t=0.037198s, 4732 KB] Generated 23594 state(s).
[t=0.037198s, 4732 KB] Dead ends: 0 state(s).
[t=0.037198s, 4732 KB] Expanded until last jump: 6367 state(s).
[t=0.037198s, 4732 KB] Reopened until last jump: 0 state(s).
[t=0.037198s, 4732 KB] Evaluated until last jump: 8745 state(s).
[t=0.037198s, 4732 KB] Generated until last jump: 21701 state(s).
[t=0.037198s, 4732 KB] Number of registered states: 9484
[t=0.037198s, 4732 KB] Int hash set load factor: 9484/16384 = 0.578857
[t=0.037198s, 4732 KB] Int hash set resizes: 14
[t=0.037198s, 4732 KB] Search time: 0.009931s
[t=0.037198s, 4732 KB] Total time: 0.037198s
Solution found.
Remove intermediate file output.sas
search exit code: 0

