INFO     planner time limit: None
INFO     planner memory limit: None

INFO     Running translator.
INFO     translator stdin: None
INFO     translator time limit: None
INFO     translator memory limit: None
INFO     translator command line string: 'D:\Miniforge3\python.exe' -m translate 'C:\Users\user\Desktop\theoria\.worktrees\e7-deadlock-claim\engine-rig\runs\20260728T150713Z-E7-deadlock-claim-audit\instances\guarded\sokoban_guarded_singleton_domain.pddl' 'C:\Users\user\Desktop\theoria\.worktrees\e7-deadlock-claim\engine-rig\runs\20260728T150713Z-E7-deadlock-claim-audit\instances\guarded\alive-pair4_guarded_singleton.pddl' --sas-file output.sas
Warning! SIGXCPU is not available on your platform. This means that the planner cannot be gracefully terminated when using a time limit, which, however, is probably supported on your platform anyway.
Parsing...
Parsing: [0.000s CPU, 0.001s wall-clock]
Normalizing task... [0.000s CPU, 0.000s wall-clock]
Instantiating...
Generating Datalog program... [0.000s CPU, 0.000s wall-clock]
Normalizing Datalog program...
Normalizing Datalog program: [0.000s CPU, 0.001s wall-clock]
Preparing model... [0.000s CPU, 0.000s wall-clock]
Generated 20 rules.
Computing model... [0.000s CPU, 0.003s wall-clock]
299 relevant atoms
400 auxiliary atoms
699 final queue length
939 total queue pushes
Completing instantiation... [0.000s CPU, 0.001s wall-clock]
Instantiating: [0.000s CPU, 0.006s wall-clock]
Computing fact groups...
Finding invariants...
7 initial candidates
Finding invariants: [0.000s CPU, 0.001s wall-clock]
Checking invariant weight... [0.000s CPU, 0.000s wall-clock]
Instantiating groups... [0.000s CPU, 0.000s wall-clock]
Collecting mutex groups... [0.000s CPU, 0.000s wall-clock]
Choosing groups...
16 uncovered facts
Choosing groups: [0.000s CPU, 0.000s wall-clock]
Building translation key... [0.000s CPU, 0.000s wall-clock]
Computing fact groups: [0.000s CPU, 0.001s wall-clock]
Building STRIPS to SAS dictionary... [0.000s CPU, 0.000s wall-clock]
Building dictionary for full mutex groups... [0.000s CPU, 0.000s wall-clock]
Building mutex information...
Building mutex information: [0.000s CPU, 0.000s wall-clock]
Translating task...
Processing axioms...
Simplifying axioms... [0.000s CPU, 0.000s wall-clock]
Translator axioms removed by simplifying: 0
Processing axioms: [0.000s CPU, 0.000s wall-clock]
Translating task: [0.000s CPU, 0.002s wall-clock]
144 effect conditions simplified
0 implied preconditions added
Detecting unreachable propositions...
0 operators removed
0 axioms removed
11 propositions removed
Detecting unreachable propositions: [0.000s CPU, 0.001s wall-clock]
Reordering and filtering variables...
19 of 19 variables necessary.
16 of 19 mutex groups necessary.
96 of 96 operators necessary.
0 of 0 axiom rules necessary.
Reordering and filtering variables: [0.000s CPU, 0.001s wall-clock]
Translator variables: 19
Translator derived variables: 0
Translator facts: 72
Translator goal facts: 2
Translator mutex groups: 16
Translator total mutex groups size: 56
Translator operators: 96
Translator axioms: 0
Translator task size: 869
warning: could not determine peak memory
Writing output... [0.016s CPU, 0.009s wall-clock]
Done! [0.016s CPU, 0.021s wall-clock]
translate exit code: 0

INFO     Running search (release).
INFO     search stdin: output.sas
INFO     search time limit: None
INFO     search memory limit: None
INFO     search command line string: 'C:\Users\user\Desktop\theoria\.worktrees\p13\engine-rig\.toolchain\downward\builds\release\bin\downward.exe' --search 'astar(blind())' --internal-plan-file 'C:\Users\user\AppData\Local\Temp\tmplh1ycdc6\sas_plan' < output.sas
[t=0.000167s, 1952 KB] Search code revision: 7120aa0
[t=0.000264s, 1952 KB] reading input...
[t=0.001349s, 2164 KB] done reading input!
[t=0.002478s, 2672 KB] Initializing blind search heuristic...
[t=0.002506s, 2672 KB] Building successor generator... done!
[t=0.002559s, 2692 KB] peak memory difference for successor generator creation: 20 KB
[t=0.002562s, 2692 KB] time for successor generation creation: 0.000046s
[t=0.002567s, 2692 KB] Variables: 19
[t=0.002570s, 2692 KB] FactPairs: 72
[t=0.002572s, 2692 KB] Bytes per state: 4
[t=0.002583s, 2692 KB] Conducting best first search with reopening closed nodes, (real) bound = 2147483647
[t=0.002603s, 2744 KB] New best heuristic value for blind: 1
[t=0.002607s, 2744 KB] g=0, 1 evaluated, 0 expanded
[t=0.002610s, 2744 KB] f = 1, 1 evaluated, 0 expanded
[t=0.002616s, 2744 KB] Initial heuristic value for blind: 1
[t=0.002618s, 2744 KB] pruning method: none
[t=0.002628s, 2744 KB] f = 2, 3 evaluated, 1 expanded
[t=0.002638s, 2764 KB] f = 3, 6 evaluated, 3 expanded
[t=0.002648s, 2776 KB] f = 4, 10 evaluated, 6 expanded
[t=0.002656s, 2776 KB] f = 5, 16 evaluated, 10 expanded
[t=0.002696s, 2780 KB] f = 6, 29 evaluated, 16 expanded
[t=0.002881s, 2780 KB] f = 7, 52 evaluated, 29 expanded
[t=0.002939s, 2780 KB] f = 8, 86 evaluated, 52 expanded
[t=0.003024s, 2816 KB] f = 9, 136 evaluated, 86 expanded
[t=0.003091s, 2828 KB] f = 10, 210 evaluated, 136 expanded
[t=0.003197s, 2828 KB] f = 11, 315 evaluated, 210 expanded
[t=0.003276s, 2828 KB] New best heuristic value for blind: 0
[t=0.003280s, 2828 KB] g=11, 407 evaluated, 275 expanded
[t=0.003283s, 2828 KB] Solution found!
[t=0.003286s, 2828 KB] Actual search time: 0.000665s
move c44 c34 up (1)
move c34 c24 up (1)
move c24 c14 up (1)
move c14 c13 left (1)
push c13 c23 c33 b2 down (1)
push c23 c33 c43 b2 down (1)
move c33 c23 up (1)
move c23 c13 up (1)
move c13 c12 left (1)
push c12 c22 c32 b1 down (1)
push c22 c32 c42 b1 down (1)
[t=0.003291s, 2848 KB] Plan length: 11 step(s).
[t=0.003291s, 2848 KB] Plan cost: 11
[t=0.003291s, 2848 KB] Expanded 276 state(s).
[t=0.003291s, 2848 KB] Reopened 0 state(s).
[t=0.003291s, 2848 KB] Evaluated 407 state(s).
[t=0.003291s, 2848 KB] Evaluations: 407
[t=0.003291s, 2848 KB] Generated 796 state(s).
[t=0.003291s, 2848 KB] Dead ends: 0 state(s).
[t=0.003291s, 2848 KB] Expanded until last jump: 210 state(s).
[t=0.003291s, 2848 KB] Reopened until last jump: 0 state(s).
[t=0.003291s, 2848 KB] Evaluated until last jump: 315 state(s).
[t=0.003291s, 2848 KB] Generated until last jump: 606 state(s).
[t=0.003291s, 2848 KB] Number of registered states: 407
[t=0.003291s, 2848 KB] Int hash set load factor: 407/512 = 0.794922
[t=0.003291s, 2848 KB] Int hash set resizes: 9
[t=0.003291s, 2848 KB] Search time: 0.000709s
[t=0.003291s, 2848 KB] Total time: 0.003291s
Solution found.
Remove intermediate file output.sas
search exit code: 0

