INFO     planner time limit: None
INFO     planner memory limit: None

INFO     Running translator.
INFO     translator stdin: None
INFO     translator time limit: None
INFO     translator memory limit: None
INFO     translator command line string: 'D:\Miniforge3\python.exe' -m translate 'C:\Users\user\Desktop\theoria\.worktrees\e7-deadlock-claim\engine-rig\runs\20260728T150713Z-E7-deadlock-claim-audit\instances\guarded\sokoban_guarded_full_domain.pddl' 'C:\Users\user\Desktop\theoria\.worktrees\e7-deadlock-claim\engine-rig\runs\20260728T150713Z-E7-deadlock-claim-audit\instances\guarded\alive-pair4_guarded_full.pddl' --sas-file output.sas
Warning! SIGXCPU is not available on your platform. This means that the planner cannot be gracefully terminated when using a time limit, which, however, is probably supported on your platform anyway.
Parsing...
Parsing: [0.000s CPU, 0.001s wall-clock]
Normalizing task... [0.000s CPU, 0.000s wall-clock]
Instantiating...
Generating Datalog program... [0.000s CPU, 0.000s wall-clock]
Normalizing Datalog program...
Normalizing Datalog program: [0.000s CPU, 0.001s wall-clock]
Preparing model... [0.000s CPU, 0.000s wall-clock]
Generated 26 rules.
Computing model... [0.000s CPU, 0.004s wall-clock]
341 relevant atoms
492 auxiliary atoms
833 final queue length
1073 total queue pushes
Completing instantiation... [0.000s CPU, 0.002s wall-clock]
Instantiating: [0.000s CPU, 0.008s wall-clock]
Computing fact groups...
Finding invariants...
7 initial candidates
Finding invariants: [0.000s CPU, 0.001s wall-clock]
Checking invariant weight... [0.000s CPU, 0.000s wall-clock]
Instantiating groups... [0.000s CPU, 0.000s wall-clock]
Collecting mutex groups... [0.000s CPU, 0.000s wall-clock]
Choosing groups...
30 uncovered facts
Choosing groups: [0.000s CPU, 0.000s wall-clock]
Building translation key... [0.000s CPU, 0.000s wall-clock]
Computing fact groups: [0.000s CPU, 0.001s wall-clock]
Building STRIPS to SAS dictionary... [0.000s CPU, 0.000s wall-clock]
Building dictionary for full mutex groups... [0.000s CPU, 0.000s wall-clock]
Building mutex information...
Building mutex information: [0.000s CPU, 0.000s wall-clock]
Translating task...
Processing axioms...
Simplifying axioms... [0.000s CPU, 0.000s wall-clock]
Translator axioms removed by simplifying: 0
Processing axioms: [0.000s CPU, 0.000s wall-clock]
Translating task: [0.000s CPU, 0.002s wall-clock]
144 effect conditions simplified
0 implied preconditions added
Detecting unreachable propositions...
0 operators removed
0 axioms removed
11 propositions removed
Detecting unreachable propositions: [0.000s CPU, 0.001s wall-clock]
Reordering and filtering variables...
33 of 33 variables necessary.
16 of 19 mutex groups necessary.
96 of 96 operators necessary.
14 of 14 axiom rules necessary.
Reordering and filtering variables: [0.000s CPU, 0.001s wall-clock]
Translator variables: 33
Translator derived variables: 14
Translator facts: 100
Translator goal facts: 2
Translator mutex groups: 16
Translator total mutex groups size: 56
Translator operators: 96
Translator axioms: 14
Translator task size: 967
warning: could not determine peak memory
Writing output... [0.016s CPU, 0.009s wall-clock]
Done! [0.016s CPU, 0.024s wall-clock]
translate exit code: 0

INFO     Running search (release).
INFO     search stdin: output.sas
INFO     search time limit: None
INFO     search memory limit: None
INFO     search command line string: 'C:\Users\user\Desktop\theoria\.worktrees\p13\engine-rig\.toolchain\downward\builds\release\bin\downward.exe' --search 'astar(blind())' --internal-plan-file 'C:\Users\user\AppData\Local\Temp\tmprm0bf0to\sas_plan' < output.sas
[t=0.000156s, 1964 KB] Search code revision: 7120aa0
[t=0.000262s, 1964 KB] reading input...
[t=0.001528s, 2212 KB] done reading input!
[t=0.002661s, 2800 KB] Initializing blind search heuristic...
[t=0.002690s, 2800 KB] Building successor generator... done!
[t=0.002747s, 2824 KB] peak memory difference for successor generator creation: 24 KB
[t=0.002750s, 2824 KB] time for successor generation creation: 0.000048s
[t=0.002759s, 2824 KB] Variables: 33
[t=0.002762s, 2824 KB] FactPairs: 100
[t=0.002764s, 2824 KB] Bytes per state: 8
[t=0.002775s, 2824 KB] Conducting best first search with reopening closed nodes, (real) bound = 2147483647
[t=0.002792s, 2836 KB] New best heuristic value for blind: 1
[t=0.002795s, 2836 KB] g=0, 1 evaluated, 0 expanded
[t=0.002798s, 2836 KB] f = 1, 1 evaluated, 0 expanded
[t=0.002808s, 2848 KB] Initial heuristic value for blind: 1
[t=0.002812s, 2848 KB] pruning method: none
[t=0.002822s, 2848 KB] f = 2, 3 evaluated, 1 expanded
[t=0.002834s, 2860 KB] f = 3, 6 evaluated, 3 expanded
[t=0.002844s, 2860 KB] f = 4, 10 evaluated, 6 expanded
[t=0.002857s, 2868 KB] f = 5, 16 evaluated, 10 expanded
[t=0.002876s, 2868 KB] f = 6, 29 evaluated, 16 expanded
[t=0.002907s, 2868 KB] f = 7, 51 evaluated, 29 expanded
[t=0.002952s, 2868 KB] f = 8, 82 evaluated, 51 expanded
[t=0.003007s, 2868 KB] f = 9, 127 evaluated, 82 expanded
[t=0.003095s, 2872 KB] f = 10, 197 evaluated, 127 expanded
[t=0.003229s, 2880 KB] f = 11, 301 evaluated, 197 expanded
[t=0.003400s, 2892 KB] New best heuristic value for blind: 0
[t=0.003412s, 2892 KB] g=11, 404 evaluated, 278 expanded
[t=0.003417s, 2892 KB] Solution found!
[t=0.003420s, 2892 KB] Actual search time: 0.000607s
move c44 c34 up (1)
move c34 c24 up (1)
move c24 c14 up (1)
move c14 c13 left (1)
push c13 c23 c33 b2 down (1)
push c23 c33 c43 b2 down (1)
move c33 c23 up (1)
move c23 c13 up (1)
move c13 c12 left (1)
push c12 c22 c32 b1 down (1)
push c22 c32 c42 b1 down (1)
[t=0.003424s, 2900 KB] Plan length: 11 step(s).
[t=0.003424s, 2900 KB] Plan cost: 11
[t=0.003424s, 2900 KB] Expanded 279 state(s).
[t=0.003424s, 2900 KB] Reopened 0 state(s).
[t=0.003424s, 2900 KB] Evaluated 405 state(s).
[t=0.003424s, 2900 KB] Evaluations: 405
[t=0.003424s, 2900 KB] Generated 805 state(s).
[t=0.003424s, 2900 KB] Dead ends: 0 state(s).
[t=0.003424s, 2900 KB] Expanded until last jump: 197 state(s).
[t=0.003424s, 2900 KB] Reopened until last jump: 0 state(s).
[t=0.003424s, 2900 KB] Evaluated until last jump: 301 state(s).
[t=0.003424s, 2900 KB] Generated until last jump: 568 state(s).
[t=0.003424s, 2900 KB] Number of registered states: 405
[t=0.003424s, 2900 KB] Int hash set load factor: 405/512 = 0.791016
[t=0.003424s, 2900 KB] Int hash set resizes: 9
[t=0.003424s, 2900 KB] Search time: 0.000650s
[t=0.003424s, 2900 KB] Total time: 0.003424s
Solution found.
Remove intermediate file output.sas
search exit code: 0

