INFO     planner time limit: None
INFO     planner memory limit: None

INFO     Running translator.
INFO     translator stdin: None
INFO     translator time limit: None
INFO     translator memory limit: None
INFO     translator command line string: 'D:\Miniforge3\python.exe' -m translate 'C:\Users\user\Desktop\theoria\.worktrees\e7-deadlock-claim\engine-rig\fixtures\data\sokoban_domain.pddl' 'C:\Users\user\Desktop\theoria\.worktrees\e7-deadlock-claim\engine-rig\runs\20260728T150713Z-E7-deadlock-claim-audit\instances\alive-pair5.pddl' --sas-file output.sas
Warning! SIGXCPU is not available on your platform. This means that the planner cannot be gracefully terminated when using a time limit, which, however, is probably supported on your platform anyway.
Parsing...
Parsing: [0.000s CPU, 0.001s wall-clock]
Normalizing task... [0.000s CPU, 0.000s wall-clock]
Instantiating...
Generating Datalog program... [0.000s CPU, 0.000s wall-clock]
Normalizing Datalog program...
Normalizing Datalog program: [0.000s CPU, 0.001s wall-clock]
Preparing model... [0.000s CPU, 0.000s wall-clock]
Generated 20 rules.
Computing model... [0.000s CPU, 0.005s wall-clock]
474 relevant atoms
660 auxiliary atoms
1134 final queue length
1579 total queue pushes
Completing instantiation... [0.000s CPU, 0.003s wall-clock]
Instantiating: [0.000s CPU, 0.010s wall-clock]
Computing fact groups...
Finding invariants...
7 initial candidates
Finding invariants: [0.000s CPU, 0.001s wall-clock]
Checking invariant weight... [0.000s CPU, 0.000s wall-clock]
Instantiating groups... [0.000s CPU, 0.000s wall-clock]
Collecting mutex groups... [0.000s CPU, 0.000s wall-clock]
Choosing groups...
25 uncovered facts
Choosing groups: [0.000s CPU, 0.000s wall-clock]
Building translation key... [0.000s CPU, 0.000s wall-clock]
Computing fact groups: [0.000s CPU, 0.002s wall-clock]
Building STRIPS to SAS dictionary... [0.000s CPU, 0.000s wall-clock]
Building dictionary for full mutex groups... [0.000s CPU, 0.000s wall-clock]
Building mutex information...
Building mutex information: [0.000s CPU, 0.000s wall-clock]
Translating task...
Processing axioms...
Simplifying axioms... [0.000s CPU, 0.000s wall-clock]
Translator axioms removed by simplifying: 0
Processing axioms: [0.000s CPU, 0.000s wall-clock]
Translating task: [0.016s CPU, 0.004s wall-clock]
320 effect conditions simplified
0 implied preconditions added
Detecting unreachable propositions...
0 operators removed
0 axioms removed
3 propositions removed
Detecting unreachable propositions: [0.000s CPU, 0.002s wall-clock]
Reordering and filtering variables...
28 of 28 variables necessary.
25 of 28 mutex groups necessary.
200 of 200 operators necessary.
0 of 0 axiom rules necessary.
Reordering and filtering variables: [0.000s CPU, 0.001s wall-clock]
Translator variables: 28
Translator derived variables: 0
Translator facts: 125
Translator goal facts: 2
Translator mutex groups: 25
Translator total mutex groups size: 100
Translator operators: 200
Translator axioms: 0
Translator task size: 1815
warning: could not determine peak memory
Writing output... [0.000s CPU, 0.011s wall-clock]
Done! [0.016s CPU, 0.032s wall-clock]
translate exit code: 0

INFO     Running search (release).
INFO     search stdin: output.sas
INFO     search time limit: None
INFO     search memory limit: None
INFO     search command line string: 'C:\Users\user\Desktop\theoria\.worktrees\p13\engine-rig\.toolchain\downward\builds\release\bin\downward.exe' --search 'astar(lmcut())' --internal-plan-file 'C:\Users\user\AppData\Local\Temp\tmp3rp7o_ee\sas_plan' < output.sas
[t=0.000219s, 1936 KB] Search code revision: 7120aa0
[t=0.000338s, 1936 KB] reading input...
[t=0.002314s, 2284 KB] done reading input!
[t=0.003829s, 2932 KB] Initializing landmark cut heuristic...
[t=0.003873s, 2932 KB] Building successor generator... done!
[t=0.003955s, 2964 KB] peak memory difference for successor generator creation: 32 KB
[t=0.003958s, 2964 KB] time for successor generation creation: 0.000072s
[t=0.003964s, 2964 KB] Variables: 28
[t=0.003967s, 2964 KB] FactPairs: 125
[t=0.003969s, 2964 KB] Bytes per state: 8
[t=0.003980s, 2964 KB] Conducting best first search with reopening closed nodes, (real) bound = 2147483647
[t=0.004061s, 2992 KB] New best heuristic value for lmcut: 13
[t=0.004065s, 2992 KB] g=0, 1 evaluated, 0 expanded
[t=0.004067s, 2992 KB] f = 13, 1 evaluated, 0 expanded
[t=0.004074s, 2992 KB] Initial heuristic value for lmcut: 13
[t=0.004078s, 2992 KB] pruning method: none
[t=0.004121s, 2992 KB] New best heuristic value for lmcut: 12
[t=0.004125s, 2992 KB] g=1, 2 evaluated, 1 expanded
[t=0.004203s, 2992 KB] New best heuristic value for lmcut: 11
[t=0.004208s, 2992 KB] g=2, 4 evaluated, 2 expanded
[t=0.004277s, 2992 KB] New best heuristic value for lmcut: 9
[t=0.004281s, 2992 KB] g=3, 6 evaluated, 3 expanded
[t=0.004360s, 2992 KB] New best heuristic value for lmcut: 8
[t=0.004363s, 2992 KB] g=4, 8 evaluated, 4 expanded
[t=0.004453s, 3016 KB] New best heuristic value for lmcut: 7
[t=0.004458s, 3016 KB] g=5, 10 evaluated, 5 expanded
[t=0.004774s, 3028 KB] f = 14, 20 evaluated, 14 expanded
[t=0.005059s, 3028 KB] f = 15, 30 evaluated, 19 expanded
[t=0.005280s, 3028 KB] New best heuristic value for lmcut: 6
[t=0.005285s, 3028 KB] g=9, 36 evaluated, 22 expanded
[t=0.005401s, 3048 KB] New best heuristic value for lmcut: 5
[t=0.005405s, 3048 KB] g=10, 39 evaluated, 23 expanded
[t=0.005626s, 3048 KB] f = 16, 47 evaluated, 25 expanded
[t=0.006284s, 3048 KB] New best heuristic value for lmcut: 4
[t=0.006288s, 3048 KB] g=12, 74 evaluated, 36 expanded
[t=0.006328s, 3048 KB] New best heuristic value for lmcut: 3
[t=0.006332s, 3048 KB] g=13, 76 evaluated, 37 expanded
[t=0.006389s, 3048 KB] New best heuristic value for lmcut: 2
[t=0.006393s, 3048 KB] g=14, 79 evaluated, 38 expanded
[t=0.006437s, 3048 KB] New best heuristic value for lmcut: 1
[t=0.006441s, 3048 KB] g=15, 82 evaluated, 39 expanded
[t=0.006462s, 3048 KB] New best heuristic value for lmcut: 0
[t=0.006466s, 3048 KB] g=16, 84 evaluated, 40 expanded
[t=0.006506s, 3048 KB] Solution found!
[t=0.006511s, 3048 KB] Actual search time: 0.002432s
move c55 c45 up (1)
move c45 c35 up (1)
move c35 c25 up (1)
move c25 c15 up (1)
move c15 c14 left (1)
move c14 c13 left (1)
push c13 c23 c33 b2 down (1)
push c23 c33 c43 b2 down (1)
push c33 c43 c53 b2 down (1)
move c43 c33 up (1)
move c33 c23 up (1)
move c23 c13 up (1)
move c13 c12 left (1)
push c12 c22 c32 b1 down (1)
push c22 c32 c42 b1 down (1)
push c32 c42 c52 b1 down (1)
[t=0.006514s, 3048 KB] Plan length: 16 step(s).
[t=0.006514s, 3048 KB] Plan cost: 16
[t=0.006514s, 3048 KB] Expanded 41 state(s).
[t=0.006514s, 3048 KB] Reopened 0 state(s).
[t=0.006514s, 3048 KB] Evaluated 87 state(s).
[t=0.006514s, 3048 KB] Evaluations: 87
[t=0.006514s, 3048 KB] Generated 136 state(s).
[t=0.006514s, 3048 KB] Dead ends: 5 state(s).
[t=0.006514s, 3048 KB] Expanded until last jump: 25 state(s).
[t=0.006514s, 3048 KB] Reopened until last jump: 0 state(s).
[t=0.006514s, 3048 KB] Evaluated until last jump: 47 state(s).
[t=0.006514s, 3048 KB] Generated until last jump: 82 state(s).
[t=0.006514s, 3048 KB] Number of registered states: 87
[t=0.006514s, 3048 KB] Int hash set load factor: 87/128 = 0.679688
[t=0.006514s, 3048 KB] Int hash set resizes: 7
[t=0.006514s, 3048 KB] Search time: 0.002535s
[t=0.006514s, 3048 KB] Total time: 0.006514s
Solution found.
Remove intermediate file output.sas
search exit code: 0

