INFO     planner time limit: None
INFO     planner memory limit: None

INFO     Running translator.
INFO     translator stdin: None
INFO     translator time limit: None
INFO     translator memory limit: None
INFO     translator command line string: 'D:\Miniforge3\python.exe' -m translate 'C:\Users\user\Desktop\theoria\.worktrees\e7-deadlock-claim\engine-rig\runs\20260728T150713Z-E7-deadlock-claim-audit\instances\guarded\sokoban_guarded_singleton_domain.pddl' 'C:\Users\user\Desktop\theoria\.worktrees\e7-deadlock-claim\engine-rig\runs\20260728T150713Z-E7-deadlock-claim-audit\instances\guarded\alive-pair5_guarded_singleton.pddl' --sas-file output.sas
Warning! SIGXCPU is not available on your platform. This means that the planner cannot be gracefully terminated when using a time limit, which, however, is probably supported on your platform anyway.
Parsing...
Parsing: [0.000s CPU, 0.002s wall-clock]
Normalizing task... [0.000s CPU, 0.000s wall-clock]
Instantiating...
Generating Datalog program... [0.000s CPU, 0.000s wall-clock]
Normalizing Datalog program...
Normalizing Datalog program: [0.000s CPU, 0.001s wall-clock]
Preparing model... [0.000s CPU, 0.000s wall-clock]
Generated 20 rules.
Computing model... [0.000s CPU, 0.005s wall-clock]
482 relevant atoms
660 auxiliary atoms
1142 final queue length
1587 total queue pushes
Completing instantiation... [0.000s CPU, 0.003s wall-clock]
Instantiating: [0.000s CPU, 0.009s wall-clock]
Computing fact groups...
Finding invariants...
7 initial candidates
Finding invariants: [0.000s CPU, 0.001s wall-clock]
Checking invariant weight... [0.000s CPU, 0.000s wall-clock]
Instantiating groups... [0.000s CPU, 0.000s wall-clock]
Collecting mutex groups... [0.000s CPU, 0.000s wall-clock]
Choosing groups...
25 uncovered facts
Choosing groups: [0.000s CPU, 0.000s wall-clock]
Building translation key... [0.000s CPU, 0.000s wall-clock]
Computing fact groups: [0.000s CPU, 0.002s wall-clock]
Building STRIPS to SAS dictionary... [0.000s CPU, 0.000s wall-clock]
Building dictionary for full mutex groups... [0.000s CPU, 0.000s wall-clock]
Building mutex information...
Building mutex information: [0.000s CPU, 0.000s wall-clock]
Translating task...
Processing axioms...
Simplifying axioms... [0.000s CPU, 0.000s wall-clock]
Translator axioms removed by simplifying: 0
Processing axioms: [0.000s CPU, 0.000s wall-clock]
Translating task: [0.016s CPU, 0.003s wall-clock]
288 effect conditions simplified
0 implied preconditions added
Detecting unreachable propositions...
0 operators removed
0 axioms removed
11 propositions removed
Detecting unreachable propositions: [0.000s CPU, 0.002s wall-clock]
Reordering and filtering variables...
28 of 28 variables necessary.
25 of 28 mutex groups necessary.
184 of 184 operators necessary.
0 of 0 axiom rules necessary.
Reordering and filtering variables: [0.000s CPU, 0.001s wall-clock]
Translator variables: 28
Translator derived variables: 0
Translator facts: 117
Translator goal facts: 2
Translator mutex groups: 25
Translator total mutex groups size: 92
Translator operators: 184
Translator axioms: 0
Translator task size: 1655
warning: could not determine peak memory
Writing output... [0.000s CPU, 0.010s wall-clock]
Done! [0.016s CPU, 0.030s wall-clock]
translate exit code: 0

INFO     Running search (release).
INFO     search stdin: output.sas
INFO     search time limit: None
INFO     search memory limit: None
INFO     search command line string: 'C:\Users\user\Desktop\theoria\.worktrees\p13\engine-rig\.toolchain\downward\builds\release\bin\downward.exe' --search 'astar(blind())' --internal-plan-file 'C:\Users\user\AppData\Local\Temp\tmpat1j0dj1\sas_plan' < output.sas
[t=0.000163s, 1964 KB] Search code revision: 7120aa0
[t=0.000266s, 1964 KB] reading input...
[t=0.002052s, 2308 KB] done reading input!
[t=0.003228s, 2872 KB] Initializing blind search heuristic...
[t=0.003257s, 2880 KB] Building successor generator... done!
[t=0.003374s, 2924 KB] peak memory difference for successor generator creation: 44 KB
[t=0.003381s, 2924 KB] time for successor generation creation: 0.000105s
[t=0.003388s, 2924 KB] Variables: 28
[t=0.003392s, 2924 KB] FactPairs: 117
[t=0.003394s, 2924 KB] Bytes per state: 8
[t=0.003407s, 2924 KB] Conducting best first search with reopening closed nodes, (real) bound = 2147483647
[t=0.003427s, 2936 KB] New best heuristic value for blind: 1
[t=0.003431s, 2936 KB] g=0, 1 evaluated, 0 expanded
[t=0.003434s, 2936 KB] f = 1, 1 evaluated, 0 expanded
[t=0.003442s, 2948 KB] Initial heuristic value for blind: 1
[t=0.003445s, 2948 KB] pruning method: none
[t=0.003455s, 2948 KB] f = 2, 3 evaluated, 1 expanded
[t=0.003463s, 2948 KB] f = 3, 6 evaluated, 3 expanded
[t=0.003471s, 2948 KB] f = 4, 10 evaluated, 6 expanded
[t=0.003479s, 2948 KB] f = 5, 15 evaluated, 10 expanded
[t=0.003490s, 2948 KB] f = 6, 19 evaluated, 15 expanded
[t=0.003499s, 2948 KB] f = 7, 25 evaluated, 19 expanded
[t=0.003515s, 2948 KB] f = 8, 39 evaluated, 25 expanded
[t=0.003541s, 2948 KB] f = 9, 67 evaluated, 39 expanded
[t=0.003584s, 2948 KB] f = 10, 114 evaluated, 67 expanded
[t=0.003659s, 2948 KB] f = 11, 198 evaluated, 114 expanded
[t=0.003779s, 2948 KB] f = 12, 328 evaluated, 198 expanded
[t=0.003987s, 2972 KB] f = 13, 552 evaluated, 328 expanded
[t=0.004262s, 2972 KB] f = 14, 879 evaluated, 552 expanded
[t=0.004736s, 3000 KB] f = 15, 1376 evaluated, 879 expanded
[t=0.005402s, 3040 KB] f = 16, 2010 evaluated, 1376 expanded
[t=0.005901s, 3064 KB] New best heuristic value for blind: 0
[t=0.005906s, 3064 KB] g=16, 2574 evaluated, 1778 expanded
[t=0.005909s, 3064 KB] Solution found!
[t=0.005912s, 3064 KB] Actual search time: 0.002464s
move c55 c45 up (1)
move c45 c35 up (1)
move c35 c25 up (1)
move c25 c15 up (1)
move c15 c14 left (1)
move c14 c13 left (1)
push c13 c23 c33 b2 down (1)
push c23 c33 c43 b2 down (1)
push c33 c43 c53 b2 down (1)
move c43 c33 up (1)
move c33 c23 up (1)
move c23 c13 up (1)
move c13 c12 left (1)
push c12 c22 c32 b1 down (1)
push c22 c32 c42 b1 down (1)
push c32 c42 c52 b1 down (1)
[t=0.005915s, 3064 KB] Plan length: 16 step(s).
[t=0.005915s, 3064 KB] Plan cost: 16
[t=0.005915s, 3064 KB] Expanded 1779 state(s).
[t=0.005915s, 3064 KB] Reopened 0 state(s).
[t=0.005915s, 3064 KB] Evaluated 2575 state(s).
[t=0.005915s, 3064 KB] Evaluations: 2575
[t=0.005915s, 3064 KB] Generated 5776 state(s).
[t=0.005915s, 3064 KB] Dead ends: 0 state(s).
[t=0.005915s, 3064 KB] Expanded until last jump: 1376 state(s).
[t=0.005915s, 3064 KB] Reopened until last jump: 0 state(s).
[t=0.005915s, 3064 KB] Evaluated until last jump: 2010 state(s).
[t=0.005915s, 3064 KB] Generated until last jump: 4429 state(s).
[t=0.005915s, 3064 KB] Number of registered states: 2575
[t=0.005915s, 3064 KB] Int hash set load factor: 2575/4096 = 0.628662
[t=0.005915s, 3064 KB] Int hash set resizes: 12
[t=0.005915s, 3064 KB] Search time: 0.002510s
[t=0.005915s, 3064 KB] Total time: 0.005915s
Solution found.
Remove intermediate file output.sas
search exit code: 0

