INFO     planner time limit: None
INFO     planner memory limit: None

INFO     Running translator.
INFO     translator stdin: None
INFO     translator time limit: None
INFO     translator memory limit: None
INFO     translator command line string: 'D:\Miniforge3\python.exe' -m translate 'C:\Users\user\Desktop\theoria\.worktrees\e7-deadlock-claim\engine-rig\fixtures\data\sokoban_domain.pddl' 'C:\Users\user\Desktop\theoria\.worktrees\e7-deadlock-claim\engine-rig\runs\20260728T150713Z-E7-deadlock-claim-audit\instances\alive-pair5.pddl' --sas-file output.sas
Warning! SIGXCPU is not available on your platform. This means that the planner cannot be gracefully terminated when using a time limit, which, however, is probably supported on your platform anyway.
Parsing...
Parsing: [0.000s CPU, 0.002s wall-clock]
Normalizing task... [0.000s CPU, 0.000s wall-clock]
Instantiating...
Generating Datalog program... [0.000s CPU, 0.000s wall-clock]
Normalizing Datalog program...
Normalizing Datalog program: [0.000s CPU, 0.001s wall-clock]
Preparing model... [0.000s CPU, 0.000s wall-clock]
Generated 20 rules.
Computing model... [0.000s CPU, 0.004s wall-clock]
474 relevant atoms
660 auxiliary atoms
1134 final queue length
1579 total queue pushes
Completing instantiation... [0.000s CPU, 0.003s wall-clock]
Instantiating: [0.000s CPU, 0.009s wall-clock]
Computing fact groups...
Finding invariants...
7 initial candidates
Finding invariants: [0.000s CPU, 0.001s wall-clock]
Checking invariant weight... [0.000s CPU, 0.000s wall-clock]
Instantiating groups... [0.000s CPU, 0.000s wall-clock]
Collecting mutex groups... [0.000s CPU, 0.000s wall-clock]
Choosing groups...
25 uncovered facts
Choosing groups: [0.000s CPU, 0.000s wall-clock]
Building translation key... [0.000s CPU, 0.000s wall-clock]
Computing fact groups: [0.000s CPU, 0.002s wall-clock]
Building STRIPS to SAS dictionary... [0.000s CPU, 0.000s wall-clock]
Building dictionary for full mutex groups... [0.000s CPU, 0.000s wall-clock]
Building mutex information...
Building mutex information: [0.000s CPU, 0.000s wall-clock]
Translating task...
Processing axioms...
Simplifying axioms... [0.000s CPU, 0.000s wall-clock]
Translator axioms removed by simplifying: 0
Processing axioms: [0.000s CPU, 0.000s wall-clock]
Translating task: [0.016s CPU, 0.003s wall-clock]
320 effect conditions simplified
0 implied preconditions added
Detecting unreachable propositions...
0 operators removed
0 axioms removed
3 propositions removed
Detecting unreachable propositions: [0.000s CPU, 0.002s wall-clock]
Reordering and filtering variables...
28 of 28 variables necessary.
25 of 28 mutex groups necessary.
200 of 200 operators necessary.
0 of 0 axiom rules necessary.
Reordering and filtering variables: [0.000s CPU, 0.001s wall-clock]
Translator variables: 28
Translator derived variables: 0
Translator facts: 125
Translator goal facts: 2
Translator mutex groups: 25
Translator total mutex groups size: 100
Translator operators: 200
Translator axioms: 0
Translator task size: 1815
warning: could not determine peak memory
Writing output... [0.000s CPU, 0.011s wall-clock]
Done! [0.016s CPU, 0.030s wall-clock]
translate exit code: 0

INFO     Running search (release).
INFO     search stdin: output.sas
INFO     search time limit: None
INFO     search memory limit: None
INFO     search command line string: 'C:\Users\user\Desktop\theoria\.worktrees\p13\engine-rig\.toolchain\downward\builds\release\bin\downward.exe' --search 'astar(blind())' --internal-plan-file 'C:\Users\user\AppData\Local\Temp\tmp4njn7chl\sas_plan' < output.sas
[t=0.000155s, 1968 KB] Search code revision: 7120aa0
[t=0.000255s, 1968 KB] reading input...
[t=0.002539s, 2344 KB] done reading input!
[t=0.003819s, 2900 KB] Initializing blind search heuristic...
[t=0.003863s, 2900 KB] Building successor generator... done!
[t=0.003967s, 2944 KB] peak memory difference for successor generator creation: 44 KB
[t=0.003971s, 2944 KB] time for successor generation creation: 0.000094s
[t=0.003978s, 2944 KB] Variables: 28
[t=0.003981s, 2944 KB] FactPairs: 125
[t=0.003983s, 2944 KB] Bytes per state: 8
[t=0.004000s, 2944 KB] Conducting best first search with reopening closed nodes, (real) bound = 2147483647
[t=0.004022s, 2956 KB] New best heuristic value for blind: 1
[t=0.004027s, 2956 KB] g=0, 1 evaluated, 0 expanded
[t=0.004030s, 2956 KB] f = 1, 1 evaluated, 0 expanded
[t=0.004043s, 2980 KB] Initial heuristic value for blind: 1
[t=0.004047s, 2980 KB] pruning method: none
[t=0.004057s, 2980 KB] f = 2, 3 evaluated, 1 expanded
[t=0.004064s, 2980 KB] f = 3, 6 evaluated, 3 expanded
[t=0.004073s, 2980 KB] f = 4, 10 evaluated, 6 expanded
[t=0.004083s, 2980 KB] f = 5, 15 evaluated, 10 expanded
[t=0.004093s, 2980 KB] f = 6, 19 evaluated, 15 expanded
[t=0.004104s, 2980 KB] f = 7, 25 evaluated, 19 expanded
[t=0.004119s, 2980 KB] f = 8, 39 evaluated, 25 expanded
[t=0.004150s, 2980 KB] f = 9, 67 evaluated, 39 expanded
[t=0.004199s, 2980 KB] f = 10, 118 evaluated, 67 expanded
[t=0.004288s, 2996 KB] f = 11, 210 evaluated, 118 expanded
[t=0.004447s, 3000 KB] f = 12, 364 evaluated, 210 expanded
[t=0.004714s, 3000 KB] f = 13, 627 evaluated, 364 expanded
[t=0.005116s, 3036 KB] f = 14, 1041 evaluated, 627 expanded
[t=0.005643s, 3036 KB] f = 15, 1674 evaluated, 1041 expanded
[t=0.006476s, 3084 KB] f = 16, 2533 evaluated, 1674 expanded
[t=0.007031s, 3108 KB] New best heuristic value for blind: 0
[t=0.007038s, 3108 KB] g=16, 3172 evaluated, 2128 expanded
[t=0.007043s, 3108 KB] Solution found!
[t=0.007046s, 3108 KB] Actual search time: 0.002998s
move c55 c45 up (1)
move c45 c35 up (1)
move c35 c25 up (1)
move c25 c15 up (1)
move c15 c14 left (1)
move c14 c13 left (1)
push c13 c23 c33 b2 down (1)
push c23 c33 c43 b2 down (1)
push c33 c43 c53 b2 down (1)
move c43 c33 up (1)
move c33 c23 up (1)
move c23 c13 up (1)
move c13 c12 left (1)
push c12 c22 c32 b1 down (1)
push c22 c32 c42 b1 down (1)
push c32 c42 c52 b1 down (1)
[t=0.007052s, 3108 KB] Plan length: 16 step(s).
[t=0.007052s, 3108 KB] Plan cost: 16
[t=0.007052s, 3108 KB] Expanded 2129 state(s).
[t=0.007052s, 3108 KB] Reopened 0 state(s).
[t=0.007052s, 3108 KB] Evaluated 3174 state(s).
[t=0.007052s, 3108 KB] Evaluations: 3174
[t=0.007052s, 3108 KB] Generated 6958 state(s).
[t=0.007052s, 3108 KB] Dead ends: 0 state(s).
[t=0.007052s, 3108 KB] Expanded until last jump: 1674 state(s).
[t=0.007052s, 3108 KB] Reopened until last jump: 0 state(s).
[t=0.007052s, 3108 KB] Evaluated until last jump: 2533 state(s).
[t=0.007052s, 3108 KB] Generated until last jump: 5460 state(s).
[t=0.007052s, 3108 KB] Number of registered states: 3174
[t=0.007052s, 3108 KB] Int hash set load factor: 3174/4096 = 0.774902
[t=0.007052s, 3108 KB] Int hash set resizes: 12
[t=0.007052s, 3108 KB] Search time: 0.003054s
[t=0.007052s, 3108 KB] Total time: 0.007052s
Solution found.
Remove intermediate file output.sas
search exit code: 0

