INFO     planner time limit: None
INFO     planner memory limit: None

INFO     Running translator.
INFO     translator stdin: None
INFO     translator time limit: None
INFO     translator memory limit: None
INFO     translator command line string: 'D:\Miniforge3\python.exe' -m translate 'C:\Users\user\Desktop\theoria\.worktrees\e7-deadlock-claim\engine-rig\runs\20260728T150713Z-E7-deadlock-claim-audit\instances\guarded\sokoban_guarded_full_domain.pddl' 'C:\Users\user\Desktop\theoria\.worktrees\e7-deadlock-claim\engine-rig\runs\20260728T150713Z-E7-deadlock-claim-audit\instances\guarded\alive-pair5_guarded_full.pddl' --sas-file output.sas
Warning! SIGXCPU is not available on your platform. This means that the planner cannot be gracefully terminated when using a time limit, which, however, is probably supported on your platform anyway.
Parsing...
Parsing: [0.000s CPU, 0.002s wall-clock]
Normalizing task... [0.000s CPU, 0.000s wall-clock]
Instantiating...
Generating Datalog program... [0.000s CPU, 0.000s wall-clock]
Normalizing Datalog program...
Normalizing Datalog program: [0.000s CPU, 0.001s wall-clock]
Preparing model... [0.000s CPU, 0.000s wall-clock]
Generated 26 rules.
Computing model... [0.000s CPU, 0.006s wall-clock]
565 relevant atoms
820 auxiliary atoms
1385 final queue length
1837 total queue pushes
Completing instantiation... [0.000s CPU, 0.003s wall-clock]
Instantiating: [0.016s CPU, 0.011s wall-clock]
Computing fact groups...
Finding invariants...
7 initial candidates
Finding invariants: [0.000s CPU, 0.001s wall-clock]
Checking invariant weight... [0.000s CPU, 0.000s wall-clock]
Instantiating groups... [0.000s CPU, 0.000s wall-clock]
Collecting mutex groups... [0.000s CPU, 0.000s wall-clock]
Choosing groups...
48 uncovered facts
Choosing groups: [0.000s CPU, 0.000s wall-clock]
Building translation key... [0.000s CPU, 0.000s wall-clock]
Computing fact groups: [0.000s CPU, 0.002s wall-clock]
Building STRIPS to SAS dictionary... [0.000s CPU, 0.000s wall-clock]
Building dictionary for full mutex groups... [0.000s CPU, 0.000s wall-clock]
Building mutex information...
Building mutex information: [0.000s CPU, 0.000s wall-clock]
Translating task...
Processing axioms...
Simplifying axioms... [0.000s CPU, 0.000s wall-clock]
Translator axioms removed by simplifying: 0
Processing axioms: [0.000s CPU, 0.000s wall-clock]
Translating task: [0.000s CPU, 0.004s wall-clock]
288 effect conditions simplified
0 implied preconditions added
Detecting unreachable propositions...
0 operators removed
0 axioms removed
11 propositions removed
Detecting unreachable propositions: [0.000s CPU, 0.002s wall-clock]
Reordering and filtering variables...
51 of 51 variables necessary.
25 of 28 mutex groups necessary.
184 of 184 operators necessary.
30 of 30 axiom rules necessary.
Reordering and filtering variables: [0.000s CPU, 0.002s wall-clock]
Translator variables: 51
Translator derived variables: 23
Translator facts: 163
Translator goal facts: 2
Translator mutex groups: 25
Translator total mutex groups size: 92
Translator operators: 184
Translator axioms: 30
Translator task size: 1838
warning: could not determine peak memory
Writing output... [0.000s CPU, 0.012s wall-clock]
Done! [0.016s CPU, 0.035s wall-clock]
translate exit code: 0

INFO     Running search (release).
INFO     search stdin: output.sas
INFO     search time limit: None
INFO     search memory limit: None
INFO     search command line string: 'C:\Users\user\Desktop\theoria\.worktrees\p13\engine-rig\.toolchain\downward\builds\release\bin\downward.exe' --search 'astar(blind())' --internal-plan-file 'C:\Users\user\AppData\Local\Temp\tmpa2xn79f1\sas_plan' < output.sas
[t=0.000219s, 1952 KB] Search code revision: 7120aa0
[t=0.000337s, 1956 KB] reading input...
[t=0.002530s, 2352 KB] done reading input!
[t=0.003805s, 2868 KB] Initializing blind search heuristic...
[t=0.003838s, 2872 KB] Building successor generator... done!
[t=0.003929s, 2924 KB] peak memory difference for successor generator creation: 52 KB
[t=0.003932s, 2924 KB] time for successor generation creation: 0.000083s
[t=0.003938s, 2928 KB] Variables: 51
[t=0.003941s, 2928 KB] FactPairs: 163
[t=0.003943s, 2928 KB] Bytes per state: 8
[t=0.003955s, 2932 KB] Conducting best first search with reopening closed nodes, (real) bound = 2147483647
[t=0.003980s, 2944 KB] New best heuristic value for blind: 1
[t=0.003989s, 2944 KB] g=0, 1 evaluated, 0 expanded
[t=0.003992s, 2944 KB] f = 1, 1 evaluated, 0 expanded
[t=0.004001s, 2956 KB] Initial heuristic value for blind: 1
[t=0.004006s, 2956 KB] pruning method: none
[t=0.004016s, 2956 KB] f = 2, 3 evaluated, 1 expanded
[t=0.004026s, 2956 KB] f = 3, 6 evaluated, 3 expanded
[t=0.004038s, 2956 KB] f = 4, 10 evaluated, 6 expanded
[t=0.004052s, 2956 KB] f = 5, 15 evaluated, 10 expanded
[t=0.004066s, 2956 KB] f = 6, 19 evaluated, 15 expanded
[t=0.004080s, 2956 KB] f = 7, 25 evaluated, 19 expanded
[t=0.004102s, 2956 KB] f = 8, 39 evaluated, 25 expanded
[t=0.004142s, 2956 KB] f = 9, 66 evaluated, 39 expanded
[t=0.004204s, 2956 KB] f = 10, 110 evaluated, 66 expanded
[t=0.004315s, 2956 KB] f = 11, 189 evaluated, 110 expanded
[t=0.004495s, 2956 KB] f = 12, 313 evaluated, 189 expanded
[t=0.004804s, 2968 KB] f = 13, 532 evaluated, 313 expanded
[t=0.005272s, 2968 KB] f = 14, 856 evaluated, 532 expanded
[t=0.006028s, 2992 KB] f = 15, 1347 evaluated, 856 expanded
[t=0.006989s, 3008 KB] f = 16, 1968 evaluated, 1347 expanded
[t=0.008616s, 3056 KB] New best heuristic value for blind: 0
[t=0.008638s, 3056 KB] g=16, 2722 evaluated, 1912 expanded
[t=0.008644s, 3056 KB] Solution found!
[t=0.008648s, 3056 KB] Actual search time: 0.004641s
move c55 c54 left (1)
move c54 c44 up (1)
move c44 c34 up (1)
move c34 c24 up (1)
move c24 c14 up (1)
move c14 c13 left (1)
push c13 c23 c33 b2 down (1)
push c23 c33 c43 b2 down (1)
push c33 c43 c53 b2 down (1)
move c43 c33 up (1)
move c33 c23 up (1)
move c23 c13 up (1)
move c13 c12 left (1)
push c12 c22 c32 b1 down (1)
push c22 c32 c42 b1 down (1)
push c32 c42 c52 b1 down (1)
[t=0.008651s, 3056 KB] Plan length: 16 step(s).
[t=0.008651s, 3056 KB] Plan cost: 16
[t=0.008651s, 3056 KB] Expanded 1913 state(s).
[t=0.008651s, 3056 KB] Reopened 0 state(s).
[t=0.008651s, 3056 KB] Evaluated 2723 state(s).
[t=0.008651s, 3056 KB] Evaluations: 2723
[t=0.008651s, 3056 KB] Generated 6221 state(s).
[t=0.008651s, 3056 KB] Dead ends: 0 state(s).
[t=0.008651s, 3056 KB] Expanded until last jump: 1347 state(s).
[t=0.008651s, 3056 KB] Reopened until last jump: 0 state(s).
[t=0.008651s, 3056 KB] Evaluated until last jump: 1968 state(s).
[t=0.008651s, 3056 KB] Generated until last jump: 4330 state(s).
[t=0.008651s, 3056 KB] Number of registered states: 2723
[t=0.008651s, 3056 KB] Int hash set load factor: 2723/4096 = 0.664795
[t=0.008651s, 3056 KB] Int hash set resizes: 12
[t=0.008651s, 3056 KB] Search time: 0.004698s
[t=0.008651s, 3056 KB] Total time: 0.008651s
Solution found.
Remove intermediate file output.sas
search exit code: 0

