INFO     planner time limit: None
INFO     planner memory limit: None

INFO     Running translator.
INFO     translator stdin: None
INFO     translator time limit: None
INFO     translator memory limit: None
INFO     translator command line string: 'D:\Miniforge3\python.exe' -m translate 'C:\Users\user\Desktop\theoria\.worktrees\e7-deadlock-claim\engine-rig\fixtures\data\sokoban_domain.pddl' 'C:\Users\user\Desktop\theoria\.worktrees\e7-deadlock-claim\engine-rig\runs\20260728T150713Z-E7-deadlock-claim-audit\instances\alive-pair6.pddl' --sas-file output.sas
Warning! SIGXCPU is not available on your platform. This means that the planner cannot be gracefully terminated when using a time limit, which, however, is probably supported on your platform anyway.
Parsing...
Parsing: [0.000s CPU, 0.002s wall-clock]
Normalizing task... [0.000s CPU, 0.000s wall-clock]
Instantiating...
Generating Datalog program... [0.000s CPU, 0.000s wall-clock]
Normalizing Datalog program...
Normalizing Datalog program: [0.000s CPU, 0.001s wall-clock]
Preparing model... [0.000s CPU, 0.000s wall-clock]
Generated 20 rules.
Computing model... [0.016s CPU, 0.006s wall-clock]
703 relevant atoms
984 auxiliary atoms
1687 final queue length
2395 total queue pushes
Completing instantiation... [0.000s CPU, 0.004s wall-clock]
Instantiating: [0.016s CPU, 0.012s wall-clock]
Computing fact groups...
Finding invariants...
7 initial candidates
Finding invariants: [0.000s CPU, 0.001s wall-clock]
Checking invariant weight... [0.000s CPU, 0.000s wall-clock]
Instantiating groups... [0.000s CPU, 0.001s wall-clock]
Collecting mutex groups... [0.000s CPU, 0.000s wall-clock]
Choosing groups...
36 uncovered facts
Choosing groups: [0.000s CPU, 0.000s wall-clock]
Building translation key... [0.000s CPU, 0.000s wall-clock]
Computing fact groups: [0.000s CPU, 0.002s wall-clock]
Building STRIPS to SAS dictionary... [0.000s CPU, 0.000s wall-clock]
Building dictionary for full mutex groups... [0.000s CPU, 0.000s wall-clock]
Building mutex information...
Building mutex information: [0.000s CPU, 0.000s wall-clock]
Translating task...
Processing axioms...
Simplifying axioms... [0.000s CPU, 0.000s wall-clock]
Translator axioms removed by simplifying: 0
Processing axioms: [0.000s CPU, 0.000s wall-clock]
Translating task: [0.000s CPU, 0.005s wall-clock]
504 effect conditions simplified
0 implied preconditions added
Detecting unreachable propositions...
0 operators removed
0 axioms removed
3 propositions removed
Detecting unreachable propositions: [0.016s CPU, 0.003s wall-clock]
Reordering and filtering variables...
39 of 39 variables necessary.
36 of 39 mutex groups necessary.
312 of 312 operators necessary.
0 of 0 axiom rules necessary.
Reordering and filtering variables: [0.000s CPU, 0.002s wall-clock]
Translator variables: 39
Translator derived variables: 0
Translator facts: 180
Translator goal facts: 2
Translator mutex groups: 36
Translator total mutex groups size: 144
Translator operators: 312
Translator axioms: 0
Translator task size: 2813
warning: could not determine peak memory
Writing output... [0.000s CPU, 0.012s wall-clock]
Done! [0.031s CPU, 0.038s wall-clock]
translate exit code: 0

INFO     Running search (release).
INFO     search stdin: output.sas
INFO     search time limit: None
INFO     search memory limit: None
INFO     search command line string: 'C:\Users\user\Desktop\theoria\.worktrees\p13\engine-rig\.toolchain\downward\builds\release\bin\downward.exe' --search 'astar(blind())' --internal-plan-file 'C:\Users\user\AppData\Local\Temp\tmp07_0wx2_\sas_plan' < output.sas
[t=0.000158s, 1924 KB] Search code revision: 7120aa0
[t=0.000245s, 1924 KB] reading input...
[t=0.003385s, 2476 KB] done reading input!
[t=0.004540s, 2892 KB] Initializing blind search heuristic...
[t=0.004571s, 2892 KB] Building successor generator... done!
[t=0.004688s, 2956 KB] peak memory difference for successor generator creation: 64 KB
[t=0.004691s, 2956 KB] time for successor generation creation: 0.000109s
[t=0.004697s, 2956 KB] Variables: 39
[t=0.004699s, 2956 KB] FactPairs: 180
[t=0.004702s, 2956 KB] Bytes per state: 8
[t=0.004712s, 2956 KB] Conducting best first search with reopening closed nodes, (real) bound = 2147483647
[t=0.004729s, 2984 KB] New best heuristic value for blind: 1
[t=0.004733s, 2984 KB] g=0, 1 evaluated, 0 expanded
[t=0.004736s, 2984 KB] f = 1, 1 evaluated, 0 expanded
[t=0.004743s, 2984 KB] Initial heuristic value for blind: 1
[t=0.004747s, 2984 KB] pruning method: none
[t=0.004758s, 2984 KB] f = 2, 3 evaluated, 1 expanded
[t=0.004766s, 2984 KB] f = 3, 6 evaluated, 3 expanded
[t=0.004774s, 2984 KB] f = 4, 10 evaluated, 6 expanded
[t=0.004784s, 2984 KB] f = 5, 15 evaluated, 10 expanded
[t=0.004796s, 2984 KB] f = 6, 21 evaluated, 15 expanded
[t=0.004807s, 2984 KB] f = 7, 26 evaluated, 21 expanded
[t=0.004817s, 2984 KB] f = 8, 30 evaluated, 26 expanded
[t=0.004827s, 2984 KB] f = 9, 36 evaluated, 30 expanded
[t=0.004842s, 2984 KB] f = 10, 50 evaluated, 36 expanded
[t=0.004873s, 2984 KB] f = 11, 79 evaluated, 50 expanded
[t=0.004926s, 2984 KB] f = 12, 134 evaluated, 79 expanded
[t=0.005015s, 2984 KB] f = 13, 238 evaluated, 134 expanded
[t=0.005183s, 2984 KB] f = 14, 424 evaluated, 238 expanded
[t=0.005494s, 3012 KB] f = 15, 749 evaluated, 424 expanded
[t=0.006005s, 3032 KB] f = 16, 1294 evaluated, 749 expanded
[t=0.006822s, 3092 KB] f = 17, 2158 evaluated, 1294 expanded
[t=0.007958s, 3116 KB] f = 18, 3454 evaluated, 2158 expanded
[t=0.009804s, 3340 KB] f = 19, 5275 evaluated, 3454 expanded
[t=0.012254s, 3472 KB] f = 20, 7661 evaluated, 5275 expanded
[t=0.015159s, 3740 KB] f = 21, 10593 evaluated, 7661 expanded
[t=0.017756s, 3740 KB] New best heuristic value for blind: 0
[t=0.017775s, 3740 KB] g=21, 12866 evaluated, 9534 expanded
[t=0.017781s, 3740 KB] Solution found!
[t=0.017786s, 3740 KB] Actual search time: 0.013038s
move c66 c56 up (1)
move c56 c46 up (1)
move c46 c36 up (1)
move c36 c26 up (1)
move c26 c16 up (1)
move c16 c15 left (1)
move c15 c14 left (1)
move c14 c13 left (1)
push c13 c23 c33 b2 down (1)
push c23 c33 c43 b2 down (1)
push c33 c43 c53 b2 down (1)
push c43 c53 c63 b2 down (1)
move c53 c43 up (1)
move c43 c33 up (1)
move c33 c23 up (1)
move c23 c13 up (1)
move c13 c12 left (1)
push c12 c22 c32 b1 down (1)
push c22 c32 c42 b1 down (1)
push c32 c42 c52 b1 down (1)
push c42 c52 c62 b1 down (1)
[t=0.017789s, 3740 KB] Plan length: 21 step(s).
[t=0.017789s, 3740 KB] Plan cost: 21
[t=0.017789s, 3740 KB] Expanded 9535 state(s).
[t=0.017789s, 3740 KB] Reopened 0 state(s).
[t=0.017789s, 3740 KB] Evaluated 12868 state(s).
[t=0.017789s, 3740 KB] Evaluations: 12868
[t=0.017789s, 3740 KB] Generated 32548 state(s).
[t=0.017789s, 3740 KB] Dead ends: 0 state(s).
[t=0.017789s, 3740 KB] Expanded until last jump: 7661 state(s).
[t=0.017789s, 3740 KB] Reopened until last jump: 0 state(s).
[t=0.017789s, 3740 KB] Evaluated until last jump: 10593 state(s).
[t=0.017789s, 3740 KB] Generated until last jump: 26200 state(s).
[t=0.017789s, 3740 KB] Number of registered states: 12868
[t=0.017789s, 3740 KB] Int hash set load factor: 12868/16384 = 0.785400
[t=0.017789s, 3740 KB] Int hash set resizes: 14
[t=0.017789s, 3740 KB] Search time: 0.013078s
[t=0.017789s, 3740 KB] Total time: 0.017789s
Solution found.
Remove intermediate file output.sas
search exit code: 0

