INFO     planner time limit: None
INFO     planner memory limit: None

INFO     Running translator.
INFO     translator stdin: None
INFO     translator time limit: None
INFO     translator memory limit: None
INFO     translator command line string: 'D:\Miniforge3\python.exe' -m translate 'C:\Users\user\Desktop\theoria\.worktrees\e7-deadlock-claim\engine-rig\runs\20260728T150713Z-E7-deadlock-claim-audit\instances\guarded\sokoban_guarded_indexed_domain.pddl' 'C:\Users\user\Desktop\theoria\.worktrees\e7-deadlock-claim\engine-rig\runs\20260728T150713Z-E7-deadlock-claim-audit\instances\guarded\alive-pair5_guarded_indexed.pddl' --sas-file output.sas
Warning! SIGXCPU is not available on your platform. This means that the planner cannot be gracefully terminated when using a time limit, which, however, is probably supported on your platform anyway.
Parsing...
Parsing: [0.000s CPU, 0.003s wall-clock]
Normalizing task... [0.000s CPU, 0.000s wall-clock]
Instantiating...
Generating Datalog program... [0.000s CPU, 0.000s wall-clock]
Normalizing Datalog program...
Normalizing Datalog program: [0.016s CPU, 0.002s wall-clock]
Preparing model... [0.000s CPU, 0.001s wall-clock]
Generated 56 rules.
Computing model... [0.000s CPU, 0.010s wall-clock]
562 relevant atoms
2778 auxiliary atoms
3340 final queue length
3785 total queue pushes
Completing instantiation... [0.000s CPU, 0.003s wall-clock]
Instantiating: [0.016s CPU, 0.016s wall-clock]
Computing fact groups...
Finding invariants...
7 initial candidates
Finding invariants: [0.016s CPU, 0.002s wall-clock]
Checking invariant weight... [0.000s CPU, 0.000s wall-clock]
Instantiating groups... [0.000s CPU, 0.000s wall-clock]
Collecting mutex groups... [0.000s CPU, 0.000s wall-clock]
Choosing groups...
25 uncovered facts
Choosing groups: [0.000s CPU, 0.000s wall-clock]
Building translation key... [0.000s CPU, 0.000s wall-clock]
Computing fact groups: [0.016s CPU, 0.003s wall-clock]
Building STRIPS to SAS dictionary... [0.000s CPU, 0.000s wall-clock]
Building dictionary for full mutex groups... [0.000s CPU, 0.000s wall-clock]
Building mutex information...
Building mutex information: [0.000s CPU, 0.000s wall-clock]
Translating task...
Processing axioms...
Simplifying axioms... [0.000s CPU, 0.000s wall-clock]
Translator axioms removed by simplifying: 0
Processing axioms: [0.000s CPU, 0.000s wall-clock]
Translating task: [0.016s CPU, 0.024s wall-clock]
2838 effect conditions simplified
0 implied preconditions added
Detecting unreachable propositions...
270 operators removed
0 axioms removed
11 propositions removed
Detecting unreachable propositions: [0.016s CPU, 0.013s wall-clock]
Reordering and filtering variables...
28 of 28 variables necessary.
25 of 28 mutex groups necessary.
1189 of 1189 operators necessary.
0 of 0 axiom rules necessary.
Reordering and filtering variables: [0.000s CPU, 0.006s wall-clock]
Translator variables: 28
Translator derived variables: 0
Translator facts: 117
Translator goal facts: 2
Translator mutex groups: 25
Translator total mutex groups size: 92
Translator operators: 1189
Translator axioms: 0
Translator task size: 11759
warning: could not determine peak memory
Writing output... [0.016s CPU, 0.020s wall-clock]
Done! [0.078s CPU, 0.086s wall-clock]
translate exit code: 0

INFO     Running search (release).
INFO     search stdin: output.sas
INFO     search time limit: None
INFO     search memory limit: None
INFO     search command line string: 'C:\Users\user\Desktop\theoria\.worktrees\p13\engine-rig\.toolchain\downward\builds\release\bin\downward.exe' --search 'astar(ipdb())' --internal-plan-file 'C:\Users\user\AppData\Local\Temp\tmpxnpgnmn1\sas_plan' < output.sas
[t=0.000154s, 1944 KB] Search code revision: 7120aa0
[t=0.000239s, 1944 KB] reading input...
[t=0.011354s, 2868 KB] done reading input!
[t=0.012562s, 3208 KB] Initializing canonical PDB heuristic...
[t=0.012573s, 3208 KB] Generating patterns using: hill climbing pattern collection generator
[t=0.013033s, 3300 KB] Done calculating initial pattern collection: 0.000459s
[t=0.013043s, 3300 KB] Average operator cost: 1.000000
[t=0.013050s, 3300 KB] Building causal graph... done!
[t=0.022663s, 3452 KB] Done calculating initial candidate PDBs
[t=0.027154s, 3648 KB] found a better pattern with improvement 727
[t=0.045647s, 4236 KB] found a better pattern with improvement 997
[t=0.083867s, 6488 KB] found a better pattern with improvement 150
[t=0.141857s, 10900 KB] found a better pattern with improvement 256
[t=0.237481s, 19244 KB] found a better pattern with improvement 10
[t=0.414378s, 34656 KB] Improvement below threshold. Stop hill climbing.
[t=0.414401s, 34656 KB] Hill climbing iterations: 6
[t=0.414405s, 34656 KB] Hill climbing generated patterns: 165
[t=0.414407s, 34656 KB] Hill climbing rejected patterns: 0
[t=0.414409s, 34656 KB] Hill climbing maximum PDB size: 176400
[t=0.414411s, 34656 KB] Hill climbing time: 0.401370s
[t=0.417086s, 34688 KB] hill climbing pattern collection generator number of patterns: 7
[t=0.417102s, 34688 KB] hill climbing pattern collection generator total PDB size: 165942
[t=0.417106s, 34688 KB] hill climbing pattern collection generator computation time: 0.404506s
[t=0.417112s, 34688 KB] Running dominance pruning...
[t=0.417117s, 34688 KB] Pruned 5 of 6 pattern cliques
[t=0.417119s, 34688 KB] Pruned 6 of 7 PDBs
[t=0.417122s, 34688 KB] Dominance pruning took 0.000009s
[t=0.417192s, 34688 KB] Canonical PDB heuristic number of patterns: 1
[t=0.417199s, 34688 KB] Canonical PDB heuristic total PDB size: 88200
[t=0.417202s, 34688 KB] Canonical PDB heuristic computation time: 0.404629s
[t=0.417235s, 34688 KB] Building successor generator... done!
[t=0.417553s, 34688 KB] peak memory difference for successor generator creation: 0 KB
[t=0.417556s, 34688 KB] time for successor generation creation: 0.000311s
[t=0.417566s, 34688 KB] Variables: 28
[t=0.417570s, 34688 KB] FactPairs: 117
[t=0.417573s, 34688 KB] Bytes per state: 8
[t=0.417581s, 34688 KB] Conducting best first search with reopening closed nodes, (real) bound = 2147483647
[t=0.417598s, 34688 KB] New best heuristic value for cpdbs: 16
[t=0.417602s, 34688 KB] g=0, 1 evaluated, 0 expanded
[t=0.417605s, 34688 KB] f = 16, 1 evaluated, 0 expanded
[t=0.417611s, 34688 KB] Initial heuristic value for cpdbs: 16
[t=0.417615s, 34688 KB] pruning method: none
[t=0.417623s, 34688 KB] New best heuristic value for cpdbs: 15
[t=0.417625s, 34688 KB] g=1, 2 evaluated, 1 expanded
[t=0.417632s, 34688 KB] New best heuristic value for cpdbs: 14
[t=0.417635s, 34688 KB] g=2, 4 evaluated, 2 expanded
[t=0.417641s, 34688 KB] New best heuristic value for cpdbs: 13
[t=0.417643s, 34688 KB] g=3, 6 evaluated, 3 expanded
[t=0.417649s, 34688 KB] New best heuristic value for cpdbs: 12
[t=0.417652s, 34688 KB] g=4, 8 evaluated, 4 expanded
[t=0.417658s, 34688 KB] New best heuristic value for cpdbs: 11
[t=0.417661s, 34688 KB] g=5, 11 evaluated, 5 expanded
[t=0.417671s, 34688 KB] New best heuristic value for cpdbs: 10
[t=0.417674s, 34688 KB] g=6, 14 evaluated, 6 expanded
[t=0.417679s, 34688 KB] New best heuristic value for cpdbs: 9
[t=0.417681s, 34688 KB] g=7, 16 evaluated, 7 expanded
[t=0.417687s, 34688 KB] New best heuristic value for cpdbs: 8
[t=0.417690s, 34688 KB] g=8, 18 evaluated, 8 expanded
[t=0.417698s, 34688 KB] New best heuristic value for cpdbs: 7
[t=0.417702s, 34688 KB] g=9, 24 evaluated, 9 expanded
[t=0.417707s, 34688 KB] New best heuristic value for cpdbs: 6
[t=0.417710s, 34688 KB] g=10, 27 evaluated, 10 expanded
[t=0.417715s, 34688 KB] New best heuristic value for cpdbs: 5
[t=0.417717s, 34688 KB] g=11, 30 evaluated, 11 expanded
[t=0.417729s, 34688 KB] New best heuristic value for cpdbs: 4
[t=0.417733s, 34688 KB] g=12, 33 evaluated, 12 expanded
[t=0.417737s, 34688 KB] New best heuristic value for cpdbs: 3
[t=0.417741s, 34688 KB] g=13, 34 evaluated, 13 expanded
[t=0.417746s, 34688 KB] New best heuristic value for cpdbs: 2
[t=0.417750s, 34688 KB] g=14, 37 evaluated, 14 expanded
[t=0.417754s, 34688 KB] New best heuristic value for cpdbs: 1
[t=0.417756s, 34688 KB] g=15, 38 evaluated, 15 expanded
[t=0.417763s, 34688 KB] New best heuristic value for cpdbs: 0
[t=0.417765s, 34688 KB] g=16, 43 evaluated, 16 expanded
[t=0.417769s, 34688 KB] Solution found!
[t=0.417772s, 34688 KB] Actual search time: 0.000156s
move c55 c54 left (1)
move c54 c44 up (1)
move c44 c34 up (1)
move c34 c24 up (1)
move c24 c14 up (1)
move c14 c13 left (1)
push-pair0 c13 c23 c33 b2 down (1)
push-pair0 c23 c33 c43 b2 down (1)
push-pair1 c33 c43 c53 b2 down b1 c54 (1)
move c43 c33 up (1)
move c33 c23 up (1)
move c23 c13 up (1)
move c13 c12 left (1)
push-pair0 c12 c22 c32 b1 down (1)
push-pair0 c22 c32 c42 b1 down (1)
push-pair0 c32 c42 c52 b1 down (1)
[t=0.417775s, 34688 KB] Plan length: 16 step(s).
[t=0.417775s, 34688 KB] Plan cost: 16
[t=0.417775s, 34688 KB] Expanded 17 state(s).
[t=0.417775s, 34688 KB] Reopened 0 state(s).
[t=0.417775s, 34688 KB] Evaluated 45 state(s).
[t=0.417775s, 34688 KB] Evaluations: 45
[t=0.417775s, 34688 KB] Generated 55 state(s).
[t=0.417775s, 34688 KB] Dead ends: 2 state(s).
[t=0.417775s, 34688 KB] Expanded until last jump: 0 state(s).
[t=0.417775s, 34688 KB] Reopened until last jump: 0 state(s).
[t=0.417775s, 34688 KB] Evaluated until last jump: 1 state(s).
[t=0.417775s, 34688 KB] Generated until last jump: 0 state(s).
[t=0.417775s, 34688 KB] Number of registered states: 45
[t=0.417775s, 34688 KB] Int hash set load factor: 45/64 = 0.703125
[t=0.417775s, 34688 KB] Int hash set resizes: 6
[t=0.417775s, 34688 KB] Search time: 0.000196s
[t=0.417775s, 34688 KB] Total time: 0.417775s
Solution found.
Remove intermediate file output.sas
search exit code: 0

