INFO     planner time limit: None
INFO     planner memory limit: None

INFO     Running translator.
INFO     translator stdin: None
INFO     translator time limit: None
INFO     translator memory limit: None
INFO     translator command line string: 'D:\Miniforge3\python.exe' -m translate 'C:\Users\user\Desktop\theoria\.worktrees\e7-deadlock-claim\engine-rig\runs\20260728T150713Z-E7-deadlock-claim-audit\instances\guarded\sokoban_guarded_full_domain.pddl' 'C:\Users\user\Desktop\theoria\.worktrees\e7-deadlock-claim\engine-rig\runs\20260728T150713Z-E7-deadlock-claim-audit\instances\guarded\alive-pair6_guarded_full.pddl' --sas-file output.sas
Warning! SIGXCPU is not available on your platform. This means that the planner cannot be gracefully terminated when using a time limit, which, however, is probably supported on your platform anyway.
Parsing...
Parsing: [0.000s CPU, 0.002s wall-clock]
Normalizing task... [0.000s CPU, 0.000s wall-clock]
Instantiating...
Generating Datalog program... [0.000s CPU, 0.000s wall-clock]
Normalizing Datalog program...
Normalizing Datalog program: [0.000s CPU, 0.001s wall-clock]
Preparing model... [0.000s CPU, 0.001s wall-clock]
Generated 26 rules.
Computing model... [0.000s CPU, 0.006s wall-clock]
834 relevant atoms
1220 auxiliary atoms
2054 final queue length
2777 total queue pushes
Completing instantiation... [0.016s CPU, 0.005s wall-clock]
Instantiating: [0.016s CPU, 0.013s wall-clock]
Computing fact groups...
Finding invariants...
7 initial candidates
Finding invariants: [0.000s CPU, 0.001s wall-clock]
Checking invariant weight... [0.000s CPU, 0.000s wall-clock]
Instantiating groups... [0.000s CPU, 0.001s wall-clock]
Collecting mutex groups... [0.000s CPU, 0.000s wall-clock]
Choosing groups...
67 uncovered facts
Choosing groups: [0.000s CPU, 0.000s wall-clock]
Building translation key... [0.000s CPU, 0.000s wall-clock]
Computing fact groups: [0.000s CPU, 0.002s wall-clock]
Building STRIPS to SAS dictionary... [0.000s CPU, 0.000s wall-clock]
Building dictionary for full mutex groups... [0.000s CPU, 0.000s wall-clock]
Building mutex information...
Building mutex information: [0.000s CPU, 0.000s wall-clock]
Translating task...
Processing axioms...
Simplifying axioms... [0.000s CPU, 0.000s wall-clock]
Translator axioms removed by simplifying: 0
Processing axioms: [0.000s CPU, 0.001s wall-clock]
Translating task: [0.000s CPU, 0.006s wall-clock]
472 effect conditions simplified
0 implied preconditions added
Detecting unreachable propositions...
0 operators removed
0 axioms removed
11 propositions removed
Detecting unreachable propositions: [0.000s CPU, 0.003s wall-clock]
Reordering and filtering variables...
70 of 70 variables necessary.
36 of 39 mutex groups necessary.
296 of 296 operators necessary.
46 of 46 axiom rules necessary.
Reordering and filtering variables: [0.016s CPU, 0.002s wall-clock]
Translator variables: 70
Translator derived variables: 31
Translator facts: 234
Translator goal facts: 2
Translator mutex groups: 36
Translator total mutex groups size: 136
Translator operators: 296
Translator axioms: 46
Translator task size: 2916
warning: could not determine peak memory
Writing output... [0.000s CPU, 0.012s wall-clock]
Done! [0.031s CPU, 0.042s wall-clock]
translate exit code: 0

INFO     Running search (release).
INFO     search stdin: output.sas
INFO     search time limit: None
INFO     search memory limit: None
INFO     search command line string: 'C:\Users\user\Desktop\theoria\.worktrees\p13\engine-rig\.toolchain\downward\builds\release\bin\downward.exe' --search 'astar(blind())' --internal-plan-file 'C:\Users\user\AppData\Local\Temp\tmppfgt40z1\sas_plan' < output.sas
[t=0.000185s, 1888 KB] Search code revision: 7120aa0
[t=0.000284s, 1900 KB] reading input...
[t=0.003540s, 2536 KB] done reading input!
[t=0.004571s, 2924 KB] Initializing blind search heuristic...
[t=0.004598s, 2924 KB] Building successor generator... done!
[t=0.004720s, 2992 KB] peak memory difference for successor generator creation: 68 KB
[t=0.004724s, 2992 KB] time for successor generation creation: 0.000116s
[t=0.004729s, 2992 KB] Variables: 70
[t=0.004734s, 2992 KB] FactPairs: 234
[t=0.004736s, 2992 KB] Bytes per state: 12
[t=0.004747s, 2992 KB] Conducting best first search with reopening closed nodes, (real) bound = 2147483647
[t=0.004770s, 3016 KB] New best heuristic value for blind: 1
[t=0.004774s, 3016 KB] g=0, 1 evaluated, 0 expanded
[t=0.004777s, 3016 KB] f = 1, 1 evaluated, 0 expanded
[t=0.004784s, 3028 KB] Initial heuristic value for blind: 1
[t=0.004788s, 3028 KB] pruning method: none
[t=0.004797s, 3028 KB] f = 2, 3 evaluated, 1 expanded
[t=0.004808s, 3028 KB] f = 3, 6 evaluated, 3 expanded
[t=0.004819s, 3028 KB] f = 4, 10 evaluated, 6 expanded
[t=0.004835s, 3028 KB] f = 5, 15 evaluated, 10 expanded
[t=0.004854s, 3028 KB] f = 6, 21 evaluated, 15 expanded
[t=0.004872s, 3028 KB] f = 7, 26 evaluated, 21 expanded
[t=0.004887s, 3028 KB] f = 8, 30 evaluated, 26 expanded
[t=0.004904s, 3028 KB] f = 9, 36 evaluated, 30 expanded
[t=0.004925s, 3028 KB] f = 10, 50 evaluated, 36 expanded
[t=0.004971s, 3028 KB] f = 11, 78 evaluated, 50 expanded
[t=0.005045s, 3028 KB] f = 12, 127 evaluated, 78 expanded
[t=0.005184s, 3028 KB] f = 13, 219 evaluated, 127 expanded
[t=0.005433s, 3028 KB] f = 14, 380 evaluated, 219 expanded
[t=0.005877s, 3040 KB] f = 15, 663 evaluated, 380 expanded
[t=0.006616s, 3068 KB] f = 16, 1127 evaluated, 663 expanded
[t=0.007786s, 3088 KB] f = 17, 1855 evaluated, 1127 expanded
[t=0.009626s, 3136 KB] f = 18, 2929 evaluated, 1855 expanded
[t=0.012284s, 3236 KB] f = 19, 4423 evaluated, 2929 expanded
[t=0.015952s, 3304 KB] f = 20, 6367 evaluated, 4423 expanded
[t=0.020739s, 3584 KB] f = 21, 8745 evaluated, 6367 expanded
[t=0.024666s, 3584 KB] New best heuristic value for blind: 0
[t=0.024673s, 3584 KB] g=21, 10828 evaluated, 8089 expanded
[t=0.024679s, 3584 KB] Solution found!
[t=0.024683s, 3584 KB] Actual search time: 0.019894s
move c66 c56 up (1)
move c56 c46 up (1)
move c46 c36 up (1)
move c36 c26 up (1)
move c26 c16 up (1)
move c16 c15 left (1)
move c15 c14 left (1)
move c14 c13 left (1)
push c13 c23 c33 b2 down (1)
push c23 c33 c43 b2 down (1)
push c33 c43 c53 b2 down (1)
push c43 c53 c63 b2 down (1)
move c53 c43 up (1)
move c43 c33 up (1)
move c33 c23 up (1)
move c23 c13 up (1)
move c13 c12 left (1)
push c12 c22 c32 b1 down (1)
push c22 c32 c42 b1 down (1)
push c32 c42 c52 b1 down (1)
push c42 c52 c62 b1 down (1)
[t=0.024686s, 3584 KB] Plan length: 21 step(s).
[t=0.024686s, 3584 KB] Plan cost: 21
[t=0.024686s, 3584 KB] Expanded 8090 state(s).
[t=0.024686s, 3584 KB] Reopened 0 state(s).
[t=0.024686s, 3584 KB] Evaluated 10830 state(s).
[t=0.024686s, 3584 KB] Evaluations: 10830
[t=0.024686s, 3584 KB] Generated 27523 state(s).
[t=0.024686s, 3584 KB] Dead ends: 0 state(s).
[t=0.024686s, 3584 KB] Expanded until last jump: 6367 state(s).
[t=0.024686s, 3584 KB] Reopened until last jump: 0 state(s).
[t=0.024686s, 3584 KB] Evaluated until last jump: 8745 state(s).
[t=0.024686s, 3584 KB] Generated until last jump: 21701 state(s).
[t=0.024686s, 3584 KB] Number of registered states: 10830
[t=0.024686s, 3584 KB] Int hash set load factor: 10830/16384 = 0.661011
[t=0.024686s, 3584 KB] Int hash set resizes: 14
[t=0.024686s, 3584 KB] Search time: 0.019940s
[t=0.024686s, 3584 KB] Total time: 0.024686s
Solution found.
Remove intermediate file output.sas
search exit code: 0

