INFO     planner time limit: None
INFO     planner memory limit: None

INFO     Running translator.
INFO     translator stdin: None
INFO     translator time limit: None
INFO     translator memory limit: None
INFO     translator command line string: 'D:\Miniforge3\python.exe' -m translate 'C:\Users\user\Desktop\theoria\.worktrees\e7-deadlock-claim\engine-rig\runs\20260728T150713Z-E7-deadlock-claim-audit\instances\guarded\sokoban_guarded_indexed_domain.pddl' 'C:\Users\user\Desktop\theoria\.worktrees\e7-deadlock-claim\engine-rig\runs\20260728T150713Z-E7-deadlock-claim-audit\instances\guarded\alive-pair6_guarded_indexed.pddl' --sas-file output.sas
Warning! SIGXCPU is not available on your platform. This means that the planner cannot be gracefully terminated when using a time limit, which, however, is probably supported on your platform anyway.
Parsing...
Parsing: [0.000s CPU, 0.002s wall-clock]
Normalizing task... [0.000s CPU, 0.000s wall-clock]
Instantiating...
Generating Datalog program... [0.000s CPU, 0.000s wall-clock]
Normalizing Datalog program...
Normalizing Datalog program: [0.000s CPU, 0.002s wall-clock]
Preparing model... [0.000s CPU, 0.001s wall-clock]
Generated 56 rules.
Computing model... [0.016s CPU, 0.017s wall-clock]
829 relevant atoms
5151 auxiliary atoms
5980 final queue length
6688 total queue pushes
Completing instantiation... [0.000s CPU, 0.005s wall-clock]
Instantiating: [0.016s CPU, 0.025s wall-clock]
Computing fact groups...
Finding invariants...
7 initial candidates
Finding invariants: [0.016s CPU, 0.003s wall-clock]
Checking invariant weight... [0.000s CPU, 0.000s wall-clock]
Instantiating groups... [0.000s CPU, 0.001s wall-clock]
Collecting mutex groups... [0.000s CPU, 0.000s wall-clock]
Choosing groups...
36 uncovered facts
Choosing groups: [0.000s CPU, 0.000s wall-clock]
Building translation key... [0.000s CPU, 0.000s wall-clock]
Computing fact groups: [0.016s CPU, 0.004s wall-clock]
Building STRIPS to SAS dictionary... [0.000s CPU, 0.000s wall-clock]
Building dictionary for full mutex groups... [0.000s CPU, 0.000s wall-clock]
Building mutex information...
Building mutex information: [0.000s CPU, 0.000s wall-clock]
Translating task...
Processing axioms...
Simplifying axioms... [0.000s CPU, 0.000s wall-clock]
Translator axioms removed by simplifying: 0
Processing axioms: [0.000s CPU, 0.000s wall-clock]
Translating task: [0.031s CPU, 0.053s wall-clock]
5842 effect conditions simplified
0 implied preconditions added
Detecting unreachable propositions...
390 operators removed
0 axioms removed
11 propositions removed
Detecting unreachable propositions: [0.031s CPU, 0.030s wall-clock]
Reordering and filtering variables...
39 of 39 variables necessary.
36 of 39 mutex groups necessary.
2591 of 2591 operators necessary.
0 of 0 axiom rules necessary.
Reordering and filtering variables: [0.016s CPU, 0.014s wall-clock]
Translator variables: 39
Translator derived variables: 0
Translator facts: 172
Translator goal facts: 2
Translator mutex groups: 36
Translator total mutex groups size: 136
Translator operators: 2591
Translator axioms: 0
Translator task size: 25681
warning: could not determine peak memory
Writing output... [0.031s CPU, 0.036s wall-clock]
Done! [0.141s CPU, 0.167s wall-clock]
translate exit code: 0

INFO     Running search (release).
INFO     search stdin: output.sas
INFO     search time limit: None
INFO     search memory limit: None
INFO     search command line string: 'C:\Users\user\Desktop\theoria\.worktrees\p13\engine-rig\.toolchain\downward\builds\release\bin\downward.exe' --search 'astar(lmcut())' --internal-plan-file 'C:\Users\user\AppData\Local\Temp\tmp_ufq8r9i\sas_plan' < output.sas
[t=0.000158s, 2004 KB] Search code revision: 7120aa0
[t=0.000249s, 2008 KB] reading input...
[t=0.026088s, 3404 KB] done reading input!
[t=0.028432s, 4684 KB] Initializing landmark cut heuristic...
[t=0.028474s, 4684 KB] Building successor generator... done!
[t=0.029197s, 5120 KB] peak memory difference for successor generator creation: 436 KB
[t=0.029201s, 5120 KB] time for successor generation creation: 0.000714s
[t=0.029209s, 5120 KB] Variables: 39
[t=0.029212s, 5120 KB] FactPairs: 172
[t=0.029213s, 5120 KB] Bytes per state: 8
[t=0.029226s, 5120 KB] Conducting best first search with reopening closed nodes, (real) bound = 2147483647
[t=0.029907s, 5120 KB] New best heuristic value for lmcut: 16
[t=0.029919s, 5120 KB] g=0, 1 evaluated, 0 expanded
[t=0.029922s, 5120 KB] f = 16, 1 evaluated, 0 expanded
[t=0.029930s, 5120 KB] Initial heuristic value for lmcut: 16
[t=0.029932s, 5120 KB] pruning method: none
[t=0.030394s, 5120 KB] New best heuristic value for lmcut: 14
[t=0.030399s, 5120 KB] g=1, 2 evaluated, 1 expanded
[t=0.031728s, 5120 KB] New best heuristic value for lmcut: 13
[t=0.031733s, 5120 KB] g=2, 5 evaluated, 2 expanded
[t=0.032119s, 5120 KB] New best heuristic value for lmcut: 12
[t=0.032123s, 5120 KB] g=3, 6 evaluated, 3 expanded
[t=0.032941s, 5120 KB] New best heuristic value for lmcut: 11
[t=0.032954s, 5120 KB] g=4, 8 evaluated, 4 expanded
[t=0.033721s, 5120 KB] New best heuristic value for lmcut: 10
[t=0.033727s, 5120 KB] g=5, 10 evaluated, 5 expanded
[t=0.034433s, 5120 KB] New best heuristic value for lmcut: 9
[t=0.034446s, 5120 KB] g=6, 12 evaluated, 6 expanded
[t=0.035130s, 5120 KB] New best heuristic value for lmcut: 8
[t=0.035135s, 5120 KB] g=6, 14 evaluated, 6 expanded
[t=0.035759s, 5120 KB] New best heuristic value for lmcut: 7
[t=0.035764s, 5120 KB] g=7, 16 evaluated, 7 expanded
[t=0.036023s, 5120 KB] New best heuristic value for lmcut: 6
[t=0.036028s, 5120 KB] g=8, 17 evaluated, 8 expanded
[t=0.044758s, 5120 KB] f = 17, 43 evaluated, 30 expanded
[t=0.046421s, 5120 KB] f = 18, 48 evaluated, 35 expanded
[t=0.047218s, 5120 KB] New best heuristic value for lmcut: 5
[t=0.047224s, 5120 KB] g=13, 51 evaluated, 37 expanded
[t=0.056065s, 5120 KB] f = 19, 82 evaluated, 49 expanded
[t=0.058293s, 5120 KB] f = 20, 90 evaluated, 53 expanded
[t=0.058485s, 5120 KB] New best heuristic value for lmcut: 4
[t=0.058491s, 5120 KB] g=16, 91 evaluated, 54 expanded
[t=0.083291s, 5120 KB] f = 21, 180 evaluated, 91 expanded
[t=0.086779s, 5120 KB] New best heuristic value for lmcut: 2
[t=0.086800s, 5120 KB] g=18, 194 evaluated, 98 expanded
[t=0.097739s, 5120 KB] New best heuristic value for lmcut: 1
[t=0.097757s, 5120 KB] g=20, 249 evaluated, 123 expanded
[t=0.098100s, 5120 KB] New best heuristic value for lmcut: 0
[t=0.098107s, 5120 KB] g=21, 255 evaluated, 124 expanded
[t=0.098163s, 5120 KB] Solution found!
[t=0.098170s, 5120 KB] Actual search time: 0.068236s
move c66 c56 up (1)
move c56 c46 up (1)
move c46 c45 left (1)
move c45 c35 up (1)
move c35 c25 up (1)
move c25 c15 up (1)
move c15 c14 left (1)
move c14 c13 left (1)
push-pair0 c13 c23 c33 b2 down (1)
push-pair0 c23 c33 c43 b2 down (1)
push-pair0 c33 c43 c53 b2 down (1)
push-pair1 c43 c53 c63 b2 down b1 c64 (1)
move c53 c43 up (1)
move c43 c33 up (1)
move c33 c23 up (1)
move c23 c13 up (1)
move c13 c12 left (1)
push-pair0 c12 c22 c32 b1 down (1)
push-pair0 c22 c32 c42 b1 down (1)
push-pair0 c32 c42 c52 b1 down (1)
push-pair0 c42 c52 c62 b1 down (1)
[t=0.098174s, 5120 KB] Plan length: 21 step(s).
[t=0.098174s, 5120 KB] Plan cost: 21
[t=0.098174s, 5120 KB] Expanded 125 state(s).
[t=0.098174s, 5120 KB] Reopened 0 state(s).
[t=0.098174s, 5120 KB] Evaluated 256 state(s).
[t=0.098174s, 5120 KB] Evaluations: 256
[t=0.098174s, 5120 KB] Generated 432 state(s).
[t=0.098174s, 5120 KB] Dead ends: 12 state(s).
[t=0.098174s, 5120 KB] Expanded until last jump: 91 state(s).
[t=0.098174s, 5120 KB] Reopened until last jump: 0 state(s).
[t=0.098174s, 5120 KB] Evaluated until last jump: 180 state(s).
[t=0.098174s, 5120 KB] Generated until last jump: 315 state(s).
[t=0.098174s, 5120 KB] Number of registered states: 256
[t=0.098174s, 5120 KB] Int hash set load factor: 256/256 = 1.000000
[t=0.098174s, 5120 KB] Int hash set resizes: 8
[t=0.098174s, 5120 KB] Search time: 0.068950s
[t=0.098174s, 5120 KB] Total time: 0.098174s
Solution found.
Remove intermediate file output.sas
search exit code: 0

