INFO     planner time limit: None
INFO     planner memory limit: None

INFO     Running translator.
INFO     translator stdin: None
INFO     translator time limit: None
INFO     translator memory limit: None
INFO     translator command line string: 'D:\Miniforge3\python.exe' -m translate 'C:\Users\user\Desktop\theoria\.worktrees\e7-deadlock-claim\engine-rig\runs\20260728T150713Z-E7-deadlock-claim-audit\instances\guarded\sokoban_guarded_indexed_domain.pddl' 'C:\Users\user\Desktop\theoria\.worktrees\e7-deadlock-claim\engine-rig\runs\20260728T150713Z-E7-deadlock-claim-audit\instances\guarded\alive-pair4_guarded_indexed.pddl' --sas-file output.sas
Warning! SIGXCPU is not available on your platform. This means that the planner cannot be gracefully terminated when using a time limit, which, however, is probably supported on your platform anyway.
Parsing...
Parsing: [0.016s CPU, 0.002s wall-clock]
Normalizing task... [0.000s CPU, 0.000s wall-clock]
Instantiating...
Generating Datalog program... [0.000s CPU, 0.000s wall-clock]
Normalizing Datalog program...
Normalizing Datalog program: [0.000s CPU, 0.001s wall-clock]
Preparing model... [0.000s CPU, 0.000s wall-clock]
Generated 37 rules.
Computing model... [0.000s CPU, 0.006s wall-clock]
345 relevant atoms
1130 auxiliary atoms
1475 final queue length
1715 total queue pushes
Completing instantiation... [0.000s CPU, 0.002s wall-clock]
Instantiating: [0.000s CPU, 0.009s wall-clock]
Computing fact groups...
Finding invariants...
7 initial candidates
Finding invariants: [0.000s CPU, 0.001s wall-clock]
Checking invariant weight... [0.000s CPU, 0.000s wall-clock]
Instantiating groups... [0.000s CPU, 0.000s wall-clock]
Collecting mutex groups... [0.000s CPU, 0.000s wall-clock]
Choosing groups...
16 uncovered facts
Choosing groups: [0.000s CPU, 0.000s wall-clock]
Building translation key... [0.000s CPU, 0.000s wall-clock]
Computing fact groups: [0.000s CPU, 0.002s wall-clock]
Building STRIPS to SAS dictionary... [0.000s CPU, 0.000s wall-clock]
Building dictionary for full mutex groups... [0.000s CPU, 0.000s wall-clock]
Building mutex information...
Building mutex information: [0.000s CPU, 0.000s wall-clock]
Translating task...
Processing axioms...
Simplifying axioms... [0.000s CPU, 0.000s wall-clock]
Translator axioms removed by simplifying: 0
Processing axioms: [0.000s CPU, 0.000s wall-clock]
Translating task: [0.016s CPU, 0.009s wall-clock]
984 effect conditions simplified
0 implied preconditions added
Detecting unreachable propositions...
140 operators removed
0 axioms removed
11 propositions removed
Detecting unreachable propositions: [0.000s CPU, 0.004s wall-clock]
Reordering and filtering variables...
19 of 19 variables necessary.
16 of 19 mutex groups necessary.
376 of 376 operators necessary.
0 of 0 axiom rules necessary.
Reordering and filtering variables: [0.000s CPU, 0.002s wall-clock]
Translator variables: 19
Translator derived variables: 0
Translator facts: 72
Translator goal facts: 2
Translator mutex groups: 16
Translator total mutex groups size: 56
Translator operators: 376
Translator axioms: 0
Translator task size: 3697
warning: could not determine peak memory
Writing output... [0.016s CPU, 0.013s wall-clock]
Done! [0.047s CPU, 0.042s wall-clock]
translate exit code: 0

INFO     Running search (release).
INFO     search stdin: output.sas
INFO     search time limit: None
INFO     search memory limit: None
INFO     search command line string: 'C:\Users\user\Desktop\theoria\.worktrees\p13\engine-rig\.toolchain\downward\builds\release\bin\downward.exe' --search 'astar(blind())' --internal-plan-file 'C:\Users\user\AppData\Local\Temp\tmp5pakvq6s\sas_plan' < output.sas
[t=0.000172s, 1980 KB] Search code revision: 7120aa0
[t=0.000255s, 1980 KB] reading input...
[t=0.004111s, 2536 KB] done reading input!
[t=0.005318s, 2896 KB] Initializing blind search heuristic...
[t=0.005357s, 2896 KB] Building successor generator... done!
[t=0.005500s, 2952 KB] peak memory difference for successor generator creation: 56 KB
[t=0.005503s, 2952 KB] time for successor generation creation: 0.000134s
[t=0.005509s, 2952 KB] Variables: 19
[t=0.005513s, 2952 KB] FactPairs: 72
[t=0.005515s, 2952 KB] Bytes per state: 4
[t=0.005529s, 2952 KB] Conducting best first search with reopening closed nodes, (real) bound = 2147483647
[t=0.005559s, 2976 KB] New best heuristic value for blind: 1
[t=0.005563s, 2976 KB] g=0, 1 evaluated, 0 expanded
[t=0.005568s, 2976 KB] f = 1, 1 evaluated, 0 expanded
[t=0.005576s, 2976 KB] Initial heuristic value for blind: 1
[t=0.005578s, 2976 KB] pruning method: none
[t=0.005587s, 2976 KB] f = 2, 3 evaluated, 1 expanded
[t=0.005595s, 2976 KB] f = 3, 6 evaluated, 3 expanded
[t=0.005602s, 2976 KB] f = 4, 10 evaluated, 6 expanded
[t=0.005611s, 2976 KB] f = 5, 16 evaluated, 10 expanded
[t=0.005625s, 2976 KB] f = 6, 29 evaluated, 16 expanded
[t=0.005648s, 2976 KB] f = 7, 51 evaluated, 29 expanded
[t=0.005682s, 2976 KB] f = 8, 82 evaluated, 51 expanded
[t=0.005721s, 2976 KB] f = 9, 127 evaluated, 82 expanded
[t=0.005786s, 2976 KB] f = 10, 197 evaluated, 127 expanded
[t=0.005885s, 2976 KB] f = 11, 301 evaluated, 197 expanded
[t=0.005964s, 2976 KB] New best heuristic value for blind: 0
[t=0.005967s, 2976 KB] g=11, 389 evaluated, 266 expanded
[t=0.005971s, 2976 KB] Solution found!
[t=0.005974s, 2976 KB] Actual search time: 0.000395s
move c44 c34 up (1)
move c34 c24 up (1)
move c24 c14 up (1)
move c14 c13 left (1)
push-pair0 c13 c23 c33 b2 down (1)
push-pair0 c23 c33 c43 b2 down (1)
move c33 c23 up (1)
move c23 c13 up (1)
move c13 c12 left (1)
push-pair0 c12 c22 c32 b1 down (1)
push-pair0 c22 c32 c42 b1 down (1)
[t=0.005978s, 2996 KB] Plan length: 11 step(s).
[t=0.005978s, 2996 KB] Plan cost: 11
[t=0.005978s, 2996 KB] Expanded 267 state(s).
[t=0.005978s, 2996 KB] Reopened 0 state(s).
[t=0.005978s, 2996 KB] Evaluated 391 state(s).
[t=0.005978s, 2996 KB] Evaluations: 391
[t=0.005978s, 2996 KB] Generated 773 state(s).
[t=0.005978s, 2996 KB] Dead ends: 0 state(s).
[t=0.005978s, 2996 KB] Expanded until last jump: 197 state(s).
[t=0.005978s, 2996 KB] Reopened until last jump: 0 state(s).
[t=0.005978s, 2996 KB] Evaluated until last jump: 301 state(s).
[t=0.005978s, 2996 KB] Generated until last jump: 568 state(s).
[t=0.005978s, 2996 KB] Number of registered states: 391
[t=0.005978s, 2996 KB] Int hash set load factor: 391/512 = 0.763672
[t=0.005978s, 2996 KB] Int hash set resizes: 9
[t=0.005978s, 2996 KB] Search time: 0.000450s
[t=0.005978s, 2996 KB] Total time: 0.005978s
Solution found.
Remove intermediate file output.sas
search exit code: 0

