INFO     planner time limit: None
INFO     planner memory limit: None

INFO     Running translator.
INFO     translator stdin: None
INFO     translator time limit: None
INFO     translator memory limit: None
INFO     translator command line string: 'D:\Miniforge3\python.exe' -m translate 'C:\Users\user\Desktop\theoria\.worktrees\e7-deadlock-claim\engine-rig\runs\20260728T150713Z-E7-deadlock-claim-audit\instances\guarded\sokoban_guarded_singleton_domain.pddl' 'C:\Users\user\Desktop\theoria\.worktrees\e7-deadlock-claim\engine-rig\runs\20260728T150713Z-E7-deadlock-claim-audit\instances\guarded\alive-pair4_guarded_singleton.pddl' --sas-file output.sas
Warning! SIGXCPU is not available on your platform. This means that the planner cannot be gracefully terminated when using a time limit, which, however, is probably supported on your platform anyway.
Parsing...
Parsing: [0.016s CPU, 0.001s wall-clock]
Normalizing task... [0.000s CPU, 0.000s wall-clock]
Instantiating...
Generating Datalog program... [0.000s CPU, 0.000s wall-clock]
Normalizing Datalog program...
Normalizing Datalog program: [0.000s CPU, 0.001s wall-clock]
Preparing model... [0.000s CPU, 0.000s wall-clock]
Generated 20 rules.
Computing model... [0.000s CPU, 0.003s wall-clock]
299 relevant atoms
400 auxiliary atoms
699 final queue length
939 total queue pushes
Completing instantiation... [0.000s CPU, 0.001s wall-clock]
Instantiating: [0.000s CPU, 0.006s wall-clock]
Computing fact groups...
Finding invariants...
7 initial candidates
Finding invariants: [0.000s CPU, 0.001s wall-clock]
Checking invariant weight... [0.000s CPU, 0.000s wall-clock]
Instantiating groups... [0.000s CPU, 0.000s wall-clock]
Collecting mutex groups... [0.000s CPU, 0.000s wall-clock]
Choosing groups...
16 uncovered facts
Choosing groups: [0.000s CPU, 0.000s wall-clock]
Building translation key... [0.000s CPU, 0.000s wall-clock]
Computing fact groups: [0.000s CPU, 0.001s wall-clock]
Building STRIPS to SAS dictionary... [0.000s CPU, 0.000s wall-clock]
Building dictionary for full mutex groups... [0.000s CPU, 0.000s wall-clock]
Building mutex information...
Building mutex information: [0.000s CPU, 0.000s wall-clock]
Translating task...
Processing axioms...
Simplifying axioms... [0.000s CPU, 0.000s wall-clock]
Translator axioms removed by simplifying: 0
Processing axioms: [0.000s CPU, 0.000s wall-clock]
Translating task: [0.000s CPU, 0.002s wall-clock]
144 effect conditions simplified
0 implied preconditions added
Detecting unreachable propositions...
0 operators removed
0 axioms removed
11 propositions removed
Detecting unreachable propositions: [0.000s CPU, 0.001s wall-clock]
Reordering and filtering variables...
19 of 19 variables necessary.
16 of 19 mutex groups necessary.
96 of 96 operators necessary.
0 of 0 axiom rules necessary.
Reordering and filtering variables: [0.000s CPU, 0.001s wall-clock]
Translator variables: 19
Translator derived variables: 0
Translator facts: 72
Translator goal facts: 2
Translator mutex groups: 16
Translator total mutex groups size: 56
Translator operators: 96
Translator axioms: 0
Translator task size: 869
warning: could not determine peak memory
Writing output... [0.000s CPU, 0.010s wall-clock]
Done! [0.016s CPU, 0.022s wall-clock]
translate exit code: 0

INFO     Running search (release).
INFO     search stdin: output.sas
INFO     search time limit: None
INFO     search memory limit: None
INFO     search command line string: 'C:\Users\user\Desktop\theoria\.worktrees\p13\engine-rig\.toolchain\downward\builds\release\bin\downward.exe' --search 'astar(lmcut())' --internal-plan-file 'C:\Users\user\AppData\Local\Temp\tmpde4o4o5p\sas_plan' < output.sas
[t=0.000207s, 1956 KB] Search code revision: 7120aa0
[t=0.000315s, 1956 KB] reading input...
[t=0.001374s, 2176 KB] done reading input!
[t=0.002713s, 2836 KB] Initializing landmark cut heuristic...
[t=0.002752s, 2852 KB] Building successor generator... done!
[t=0.002802s, 2868 KB] peak memory difference for successor generator creation: 16 KB
[t=0.002805s, 2868 KB] time for successor generation creation: 0.000043s
[t=0.002810s, 2868 KB] Variables: 19
[t=0.002813s, 2868 KB] FactPairs: 72
[t=0.002815s, 2868 KB] Bytes per state: 4
[t=0.002827s, 2868 KB] Conducting best first search with reopening closed nodes, (real) bound = 2147483647
[t=0.002879s, 2884 KB] New best heuristic value for lmcut: 9
[t=0.002884s, 2884 KB] g=0, 1 evaluated, 0 expanded
[t=0.002887s, 2884 KB] f = 9, 1 evaluated, 0 expanded
[t=0.002896s, 2896 KB] Initial heuristic value for lmcut: 9
[t=0.002898s, 2896 KB] pruning method: none
[t=0.002925s, 2896 KB] New best heuristic value for lmcut: 8
[t=0.002929s, 2896 KB] g=1, 2 evaluated, 1 expanded
[t=0.002968s, 2900 KB] New best heuristic value for lmcut: 7
[t=0.002972s, 2900 KB] g=2, 4 evaluated, 2 expanded
[t=0.003008s, 2900 KB] New best heuristic value for lmcut: 6
[t=0.003012s, 2900 KB] g=3, 6 evaluated, 3 expanded
[t=0.003030s, 2900 KB] New best heuristic value for lmcut: 5
[t=0.003032s, 2900 KB] g=4, 7 evaluated, 4 expanded
[t=0.003096s, 2900 KB] f = 10, 12 evaluated, 7 expanded
[t=0.003210s, 2904 KB] f = 11, 21 evaluated, 11 expanded
[t=0.003292s, 2912 KB] New best heuristic value for lmcut: 4
[t=0.003297s, 2912 KB] g=7, 27 evaluated, 13 expanded
[t=0.003367s, 2912 KB] New best heuristic value for lmcut: 3
[t=0.003371s, 2912 KB] g=8, 29 evaluated, 14 expanded
[t=0.003479s, 2912 KB] New best heuristic value for lmcut: 2
[t=0.003483s, 2912 KB] g=9, 41 evaluated, 18 expanded
[t=0.003499s, 2912 KB] New best heuristic value for lmcut: 1
[t=0.003501s, 2912 KB] g=10, 43 evaluated, 19 expanded
[t=0.003519s, 2912 KB] New best heuristic value for lmcut: 0
[t=0.003523s, 2912 KB] g=11, 46 evaluated, 20 expanded
[t=0.003531s, 2912 KB] Solution found!
[t=0.003535s, 2912 KB] Actual search time: 0.000635s
move c44 c34 up (1)
move c34 c24 up (1)
move c24 c14 up (1)
move c14 c13 left (1)
push c13 c23 c33 b2 down (1)
push c23 c33 c43 b2 down (1)
move c33 c23 up (1)
move c23 c13 up (1)
move c13 c12 left (1)
push c12 c22 c32 b1 down (1)
push c22 c32 c42 b1 down (1)
[t=0.003538s, 2920 KB] Plan length: 11 step(s).
[t=0.003538s, 2920 KB] Plan cost: 11
[t=0.003538s, 2920 KB] Expanded 21 state(s).
[t=0.003538s, 2920 KB] Reopened 0 state(s).
[t=0.003538s, 2920 KB] Evaluated 47 state(s).
[t=0.003538s, 2920 KB] Evaluations: 47
[t=0.003538s, 2920 KB] Generated 64 state(s).
[t=0.003538s, 2920 KB] Dead ends: 5 state(s).
[t=0.003538s, 2920 KB] Expanded until last jump: 11 state(s).
[t=0.003538s, 2920 KB] Reopened until last jump: 0 state(s).
[t=0.003538s, 2920 KB] Evaluated until last jump: 21 state(s).
[t=0.003538s, 2920 KB] Generated until last jump: 33 state(s).
[t=0.003538s, 2920 KB] Number of registered states: 47
[t=0.003538s, 2920 KB] Int hash set load factor: 47/64 = 0.734375
[t=0.003538s, 2920 KB] Int hash set resizes: 6
[t=0.003538s, 2920 KB] Search time: 0.000713s
[t=0.003538s, 2920 KB] Total time: 0.003538s
Solution found.
Remove intermediate file output.sas
search exit code: 0

