INFO     planner time limit: None
INFO     planner memory limit: None

INFO     Running translator.
INFO     translator stdin: None
INFO     translator time limit: None
INFO     translator memory limit: None
INFO     translator command line string: 'D:\Miniforge3\python.exe' -m translate 'C:\Users\user\Desktop\theoria\.worktrees\e7-deadlock-claim\engine-rig\runs\20260728T150713Z-E7-deadlock-claim-audit\instances\guarded\sokoban_guarded_indexed_domain.pddl' 'C:\Users\user\Desktop\theoria\.worktrees\e7-deadlock-claim\engine-rig\runs\20260728T150713Z-E7-deadlock-claim-audit\instances\guarded\alive-pair5_guarded_indexed.pddl' --sas-file output.sas
Warning! SIGXCPU is not available on your platform. This means that the planner cannot be gracefully terminated when using a time limit, which, however, is probably supported on your platform anyway.
Parsing...
Parsing: [0.016s CPU, 0.002s wall-clock]
Normalizing task... [0.000s CPU, 0.000s wall-clock]
Instantiating...
Generating Datalog program... [0.000s CPU, 0.000s wall-clock]
Normalizing Datalog program...
Normalizing Datalog program: [0.000s CPU, 0.002s wall-clock]
Preparing model... [0.000s CPU, 0.001s wall-clock]
Generated 56 rules.
Computing model... [0.016s CPU, 0.013s wall-clock]
562 relevant atoms
2778 auxiliary atoms
3340 final queue length
3785 total queue pushes
Completing instantiation... [0.000s CPU, 0.004s wall-clock]
Instantiating: [0.016s CPU, 0.021s wall-clock]
Computing fact groups...
Finding invariants...
7 initial candidates
Finding invariants: [0.000s CPU, 0.002s wall-clock]
Checking invariant weight... [0.000s CPU, 0.000s wall-clock]
Instantiating groups... [0.000s CPU, 0.000s wall-clock]
Collecting mutex groups... [0.000s CPU, 0.000s wall-clock]
Choosing groups...
25 uncovered facts
Choosing groups: [0.000s CPU, 0.000s wall-clock]
Building translation key... [0.000s CPU, 0.000s wall-clock]
Computing fact groups: [0.000s CPU, 0.003s wall-clock]
Building STRIPS to SAS dictionary... [0.000s CPU, 0.000s wall-clock]
Building dictionary for full mutex groups... [0.000s CPU, 0.000s wall-clock]
Building mutex information...
Building mutex information: [0.000s CPU, 0.000s wall-clock]
Translating task...
Processing axioms...
Simplifying axioms... [0.000s CPU, 0.000s wall-clock]
Translator axioms removed by simplifying: 0
Processing axioms: [0.000s CPU, 0.000s wall-clock]
Translating task: [0.031s CPU, 0.029s wall-clock]
2838 effect conditions simplified
0 implied preconditions added
Detecting unreachable propositions...
270 operators removed
0 axioms removed
11 propositions removed
Detecting unreachable propositions: [0.016s CPU, 0.015s wall-clock]
Reordering and filtering variables...
28 of 28 variables necessary.
25 of 28 mutex groups necessary.
1189 of 1189 operators necessary.
0 of 0 axiom rules necessary.
Reordering and filtering variables: [0.000s CPU, 0.007s wall-clock]
Translator variables: 28
Translator derived variables: 0
Translator facts: 117
Translator goal facts: 2
Translator mutex groups: 25
Translator total mutex groups size: 92
Translator operators: 1189
Translator axioms: 0
Translator task size: 11759
warning: could not determine peak memory
Writing output... [0.000s CPU, 0.022s wall-clock]
Done! [0.094s CPU, 0.100s wall-clock]
translate exit code: 0

INFO     Running search (release).
INFO     search stdin: output.sas
INFO     search time limit: None
INFO     search memory limit: None
INFO     search command line string: 'C:\Users\user\Desktop\theoria\.worktrees\p13\engine-rig\.toolchain\downward\builds\release\bin\downward.exe' --search 'astar(blind())' --internal-plan-file 'C:\Users\user\AppData\Local\Temp\tmp58uy312d\sas_plan' < output.sas
[t=0.000205s, 1916 KB] Search code revision: 7120aa0
[t=0.000306s, 1916 KB] reading input...
[t=0.012282s, 2860 KB] done reading input!
[t=0.013398s, 3216 KB] Initializing blind search heuristic...
[t=0.013429s, 3216 KB] Building successor generator... done!
[t=0.013858s, 3396 KB] peak memory difference for successor generator creation: 180 KB
[t=0.013861s, 3396 KB] time for successor generation creation: 0.000421s
[t=0.013869s, 3396 KB] Variables: 28
[t=0.013874s, 3396 KB] FactPairs: 117
[t=0.013876s, 3396 KB] Bytes per state: 8
[t=0.013889s, 3396 KB] Conducting best first search with reopening closed nodes, (real) bound = 2147483647
[t=0.013906s, 3396 KB] New best heuristic value for blind: 1
[t=0.013910s, 3396 KB] g=0, 1 evaluated, 0 expanded
[t=0.013913s, 3396 KB] f = 1, 1 evaluated, 0 expanded
[t=0.013920s, 3396 KB] Initial heuristic value for blind: 1
[t=0.013924s, 3396 KB] pruning method: none
[t=0.013935s, 3396 KB] f = 2, 3 evaluated, 1 expanded
[t=0.013944s, 3396 KB] f = 3, 6 evaluated, 3 expanded
[t=0.013953s, 3396 KB] f = 4, 10 evaluated, 6 expanded
[t=0.013964s, 3396 KB] f = 5, 15 evaluated, 10 expanded
[t=0.013975s, 3396 KB] f = 6, 19 evaluated, 15 expanded
[t=0.013986s, 3396 KB] f = 7, 25 evaluated, 19 expanded
[t=0.014005s, 3396 KB] f = 8, 39 evaluated, 25 expanded
[t=0.014037s, 3396 KB] f = 9, 66 evaluated, 39 expanded
[t=0.014082s, 3396 KB] f = 10, 110 evaluated, 66 expanded
[t=0.014156s, 3396 KB] f = 11, 189 evaluated, 110 expanded
[t=0.014271s, 3396 KB] f = 12, 313 evaluated, 189 expanded
[t=0.014485s, 3396 KB] f = 13, 532 evaluated, 313 expanded
[t=0.014767s, 3396 KB] f = 14, 856 evaluated, 532 expanded
[t=0.015254s, 3428 KB] f = 15, 1347 evaluated, 856 expanded
[t=0.015825s, 3428 KB] f = 16, 1968 evaluated, 1347 expanded
[t=0.016418s, 3476 KB] New best heuristic value for blind: 0
[t=0.016425s, 3476 KB] g=16, 2483 evaluated, 1709 expanded
[t=0.016438s, 3476 KB] Solution found!
[t=0.016441s, 3476 KB] Actual search time: 0.002515s
move c55 c54 left (1)
move c54 c44 up (1)
move c44 c34 up (1)
move c34 c24 up (1)
move c24 c14 up (1)
move c14 c13 left (1)
push-pair0 c13 c23 c33 b2 down (1)
push-pair0 c23 c33 c43 b2 down (1)
push-pair1 c33 c43 c53 b2 down b1 c54 (1)
move c43 c33 up (1)
move c33 c23 up (1)
move c23 c13 up (1)
move c13 c12 left (1)
push-pair0 c12 c22 c32 b1 down (1)
push-pair0 c22 c32 c42 b1 down (1)
push-pair0 c32 c42 c52 b1 down (1)
[t=0.016444s, 3476 KB] Plan length: 16 step(s).
[t=0.016444s, 3476 KB] Plan cost: 16
[t=0.016444s, 3476 KB] Expanded 1710 state(s).
[t=0.016444s, 3476 KB] Reopened 0 state(s).
[t=0.016444s, 3476 KB] Evaluated 2484 state(s).
[t=0.016444s, 3476 KB] Evaluations: 2484
[t=0.016444s, 3476 KB] Generated 5542 state(s).
[t=0.016444s, 3476 KB] Dead ends: 0 state(s).
[t=0.016444s, 3476 KB] Expanded until last jump: 1347 state(s).
[t=0.016444s, 3476 KB] Reopened until last jump: 0 state(s).
[t=0.016444s, 3476 KB] Evaluated until last jump: 1968 state(s).
[t=0.016444s, 3476 KB] Generated until last jump: 4330 state(s).
[t=0.016444s, 3476 KB] Number of registered states: 2484
[t=0.016444s, 3476 KB] Int hash set load factor: 2484/4096 = 0.606445
[t=0.016444s, 3476 KB] Int hash set resizes: 12
[t=0.016444s, 3476 KB] Search time: 0.002558s
[t=0.016444s, 3476 KB] Total time: 0.016444s
Solution found.
Remove intermediate file output.sas
search exit code: 0

