INFO     planner time limit: None
INFO     planner memory limit: None

INFO     Running translator.
INFO     translator stdin: None
INFO     translator time limit: None
INFO     translator memory limit: None
INFO     translator command line string: 'D:\Miniforge3\python.exe' -m translate 'C:\Users\user\Desktop\theoria\.worktrees\e7-deadlock-claim\engine-rig\fixtures\data\sokoban_domain.pddl' 'C:\Users\user\Desktop\theoria\.worktrees\e7-deadlock-claim\engine-rig\runs\20260728T150713Z-E7-deadlock-claim-audit\instances\H-far4-dead-00.pddl' --sas-file output.sas
Warning! SIGXCPU is not available on your platform. This means that the planner cannot be gracefully terminated when using a time limit, which, however, is probably supported on your platform anyway.
Parsing...
Parsing: [0.000s CPU, 0.008s wall-clock]
Normalizing task... [0.000s CPU, 0.000s wall-clock]
Instantiating...
Generating Datalog program... [0.000s CPU, 0.000s wall-clock]
Normalizing Datalog program...
Normalizing Datalog program: [0.000s CPU, 0.073s wall-clock]
Preparing model... [0.000s CPU, 0.000s wall-clock]
Generated 20 rules.
Computing model... [0.000s CPU, 0.001s wall-clock]
182 relevant atoms
306 auxiliary atoms
488 final queue length
550 total queue pushes
Completing instantiation... [0.000s CPU, 0.000s wall-clock]
Instantiating: [0.000s CPU, 0.075s wall-clock]
No relaxed solution! Generating unsolvable task...
Translator variables: 1
Translator derived variables: 0
Translator facts: 2
Translator goal facts: 1
Translator mutex groups: 0
Translator total mutex groups size: 0
Translator operators: 0
Translator axioms: 0
Translator task size: 4
warning: could not determine peak memory
Writing output... [0.000s CPU, 0.007s wall-clock]
Done! [0.000s CPU, 0.090s wall-clock]
translate exit code: 0

INFO     Running search (release).
INFO     search stdin: output.sas
INFO     search time limit: None
INFO     search memory limit: None
INFO     search command line string: 'C:\Users\user\Desktop\theoria\.worktrees\p13\engine-rig\.toolchain\downward\builds\release\bin\downward.exe' --search 'astar(lmcut())' --internal-plan-file 'C:\Users\user\AppData\Local\Temp\tmpxq67ddkg\sas_plan' < output.sas
[t=0.060532s, 2316 KB] Search code revision: 7120aa0
[t=0.060857s, 2316 KB] reading input...
[t=0.090703s, 2324 KB] done reading input!
[t=0.261726s, 2704 KB] Initializing landmark cut heuristic...
[t=0.261831s, 2712 KB] Building successor generator... done!
[t=0.275994s, 2712 KB] peak memory difference for successor generator creation: 0 KB
[t=0.276007s, 2712 KB] time for successor generation creation: 0.014134s
[t=0.276014s, 2712 KB] Variables: 1
[t=0.276017s, 2712 KB] FactPairs: 2
[t=0.276019s, 2712 KB] Bytes per state: 4
[t=0.276245s, 2712 KB] Conducting best first search with reopening closed nodes, (real) bound = 2147483647
[t=0.276291s, 2724 KB] Initial state is a dead end.
[t=0.276297s, 2724 KB] Initial heuristic value for lmcut: infinity
[t=0.276300s, 2724 KB] pruning method: none
[t=0.276305s, 2724 KB] Completely explored state space -- no solution!
[t=0.276308s, 2724 KB] Actual search time: 0.000006s
[t=0.276313s, 2724 KB] Expanded 0 state(s).
[t=0.276313s, 2724 KB] Reopened 0 state(s).
[t=0.276313s, 2724 KB] Evaluated 1 state(s).
[t=0.276313s, 2724 KB] Evaluations: 1
[t=0.276313s, 2724 KB] Generated 0 state(s).
[t=0.276313s, 2724 KB] Dead ends: 0 state(s).
[t=0.276313s, 2724 KB] Number of registered states: 1
[t=0.276313s, 2724 KB] Int hash set load factor: 1/1 = 1.000000
[t=0.276313s, 2724 KB] Int hash set resizes: 0
[t=0.276313s, 2724 KB] Search time: 0.000071s
[t=0.276313s, 2724 KB] Total time: 0.276313s
Search stopped without finding a solution.
Remove intermediate file output.sas
search exit code: 12

Driver aborting after search
