INFO     planner time limit: None
INFO     planner memory limit: None

INFO     Running translator.
INFO     translator stdin: None
INFO     translator time limit: None
INFO     translator memory limit: None
INFO     translator command line string: 'D:\Miniforge3\python.exe' -m translate 'C:\Users\user\Desktop\theoria\.worktrees\e7-deadlock-claim\engine-rig\fixtures\data\sokoban_domain.pddl' 'C:\Users\user\Desktop\theoria\.worktrees\e7-deadlock-claim\engine-rig\runs\20260728T150713Z-E7-deadlock-claim-audit\instances\H-far4-dead-05.pddl' --sas-file output.sas
Warning! SIGXCPU is not available on your platform. This means that the planner cannot be gracefully terminated when using a time limit, which, however, is probably supported on your platform anyway.
Parsing...
Parsing: [0.000s CPU, 0.001s wall-clock]
Normalizing task... [0.000s CPU, 0.000s wall-clock]
Instantiating...
Generating Datalog program... [0.000s CPU, 0.000s wall-clock]
Normalizing Datalog program...
Normalizing Datalog program: [0.000s CPU, 0.001s wall-clock]
Preparing model... [0.000s CPU, 0.000s wall-clock]
Generated 20 rules.
Computing model... [0.000s CPU, 0.002s wall-clock]
194 relevant atoms
330 auxiliary atoms
524 final queue length
600 total queue pushes
Completing instantiation... [0.000s CPU, 0.001s wall-clock]
Instantiating: [0.000s CPU, 0.004s wall-clock]
No relaxed solution! Generating unsolvable task...
Translator variables: 1
Translator derived variables: 0
Translator facts: 2
Translator goal facts: 1
Translator mutex groups: 0
Translator total mutex groups size: 0
Translator operators: 0
Translator axioms: 0
Translator task size: 4
warning: could not determine peak memory
Writing output... [0.000s CPU, 0.006s wall-clock]
Done! [0.000s CPU, 0.011s wall-clock]
translate exit code: 0

INFO     Running search (release).
INFO     search stdin: output.sas
INFO     search time limit: None
INFO     search memory limit: None
INFO     search command line string: 'C:\Users\user\Desktop\theoria\.worktrees\p13\engine-rig\.toolchain\downward\builds\release\bin\downward.exe' --search 'astar(ipdb())' --internal-plan-file 'C:\Users\user\AppData\Local\Temp\tmpbm8gt6gq\sas_plan' < output.sas
[t=0.000152s, 1804 KB] Search code revision: 7120aa0
[t=0.000308s, 1804 KB] reading input...
[t=0.000647s, 1836 KB] done reading input!
[t=0.002780s, 2500 KB] Initializing canonical PDB heuristic...
[t=0.002809s, 2504 KB] Generating patterns using: hill climbing pattern collection generator
[t=0.002876s, 2508 KB] Done calculating initial pattern collection: 0.000068s
[t=0.002906s, 2508 KB] hill climbing pattern collection generator number of patterns: 1
[t=0.002911s, 2508 KB] hill climbing pattern collection generator total PDB size: 2
[t=0.002914s, 2508 KB] hill climbing pattern collection generator computation time: 0.000091s
[t=0.002920s, 2508 KB] Running dominance pruning...
[t=0.002926s, 2508 KB] Pruned 0 of 1 pattern cliques
[t=0.002929s, 2508 KB] Pruned 0 of 1 PDBs
[t=0.002932s, 2508 KB] Dominance pruning took 0.000010s
[t=0.002935s, 2508 KB] Canonical PDB heuristic number of patterns: 1
[t=0.002938s, 2508 KB] Canonical PDB heuristic total PDB size: 2
[t=0.002942s, 2508 KB] Canonical PDB heuristic computation time: 0.000157s
[t=0.002975s, 2508 KB] Building successor generator... done!
[t=0.002986s, 2508 KB] peak memory difference for successor generator creation: 0 KB
[t=0.002988s, 2508 KB] time for successor generation creation: 0.000005s
[t=0.002994s, 2508 KB] Variables: 1
[t=0.002997s, 2508 KB] FactPairs: 2
[t=0.002999s, 2508 KB] Bytes per state: 4
[t=0.003011s, 2508 KB] Conducting best first search with reopening closed nodes, (real) bound = 2147483647
[t=0.003034s, 2532 KB] Initial state is a dead end.
[t=0.003042s, 2532 KB] Initial heuristic value for cpdbs: infinity
[t=0.003046s, 2532 KB] pruning method: none
[t=0.003051s, 2532 KB] Completely explored state space -- no solution!
[t=0.003053s, 2540 KB] Actual search time: 0.000006s
[t=0.003057s, 2540 KB] Expanded 0 state(s).
[t=0.003057s, 2540 KB] Reopened 0 state(s).
[t=0.003057s, 2540 KB] Evaluated 1 state(s).
[t=0.003057s, 2540 KB] Evaluations: 1
[t=0.003057s, 2540 KB] Generated 0 state(s).
[t=0.003057s, 2540 KB] Dead ends: 0 state(s).
[t=0.003057s, 2540 KB] Number of registered states: 1
[t=0.003057s, 2540 KB] Int hash set load factor: 1/1 = 1.000000
[t=0.003057s, 2540 KB] Int hash set resizes: 0
[t=0.003057s, 2540 KB] Search time: 0.000047s
[t=0.003057s, 2540 KB] Total time: 0.003057s
Search stopped without finding a solution.
Remove intermediate file output.sas
search exit code: 12

Driver aborting after search
