INFO     planner time limit: None
INFO     planner memory limit: None

INFO     Running translator.
INFO     translator stdin: None
INFO     translator time limit: None
INFO     translator memory limit: None
INFO     translator command line string: 'D:\Miniforge3\python.exe' -m translate 'C:\Users\user\Desktop\theoria\.worktrees\e7-deadlock-claim\engine-rig\fixtures\data\sokoban_domain.pddl' 'C:\Users\user\Desktop\theoria\.worktrees\e7-deadlock-claim\engine-rig\runs\20260728T150713Z-E7-deadlock-claim-audit\instances\H-far4-alive-05.pddl' --sas-file output.sas
Warning! SIGXCPU is not available on your platform. This means that the planner cannot be gracefully terminated when using a time limit, which, however, is probably supported on your platform anyway.
Parsing...
Parsing: [0.000s CPU, 0.002s wall-clock]
Normalizing task... [0.000s CPU, 0.000s wall-clock]
Instantiating...
Generating Datalog program... [0.000s CPU, 0.000s wall-clock]
Normalizing Datalog program...
Normalizing Datalog program: [0.000s CPU, 0.001s wall-clock]
Preparing model... [0.000s CPU, 0.000s wall-clock]
Generated 20 rules.
Computing model... [0.000s CPU, 0.001s wall-clock]
250 relevant atoms
376 auxiliary atoms
626 final queue length
794 total queue pushes
Completing instantiation... [0.000s CPU, 0.004s wall-clock]
Instantiating: [0.000s CPU, 0.008s wall-clock]
No relaxed solution! Generating unsolvable task...
Translator variables: 1
Translator derived variables: 0
Translator facts: 2
Translator goal facts: 1
Translator mutex groups: 0
Translator total mutex groups size: 0
Translator operators: 0
Translator axioms: 0
Translator task size: 4
warning: could not determine peak memory
Writing output... [0.000s CPU, 0.007s wall-clock]
Done! [0.000s CPU, 0.016s wall-clock]
translate exit code: 0

INFO     Running search (release).
INFO     search stdin: output.sas
INFO     search time limit: None
INFO     search memory limit: None
INFO     search command line string: 'C:\Users\user\Desktop\theoria\.worktrees\p13\engine-rig\.toolchain\downward\builds\release\bin\downward.exe' --search 'astar(blind())' --internal-plan-file 'C:\Users\user\AppData\Local\Temp\tmp0ykupwlv\sas_plan' < output.sas
[t=0.000169s, 1940 KB] Search code revision: 7120aa0
[t=0.000259s, 1940 KB] reading input...
[t=0.000362s, 1992 KB] done reading input!
[t=0.001751s, 2532 KB] Initializing blind search heuristic...
[t=0.001786s, 2532 KB] Building successor generator... done!
[t=0.001796s, 2532 KB] peak memory difference for successor generator creation: 0 KB
[t=0.001799s, 2532 KB] time for successor generation creation: 0.000004s
[t=0.001804s, 2532 KB] Variables: 1
[t=0.001807s, 2532 KB] FactPairs: 2
[t=0.001809s, 2532 KB] Bytes per state: 4
[t=0.001820s, 2532 KB] Conducting best first search with reopening closed nodes, (real) bound = 2147483647
[t=0.001842s, 2556 KB] Initial state is a dead end.
[t=0.001846s, 2556 KB] Initial heuristic value for blind: infinity
[t=0.001849s, 2556 KB] pruning method: none
[t=0.001852s, 2556 KB] Completely explored state space -- no solution!
[t=0.001855s, 2556 KB] Actual search time: 0.000005s
[t=0.001858s, 2556 KB] Expanded 0 state(s).
[t=0.001858s, 2556 KB] Reopened 0 state(s).
[t=0.001858s, 2556 KB] Evaluated 1 state(s).
[t=0.001858s, 2556 KB] Evaluations: 1
[t=0.001858s, 2556 KB] Generated 0 state(s).
[t=0.001858s, 2556 KB] Dead ends: 0 state(s).
[t=0.001858s, 2556 KB] Number of registered states: 1
[t=0.001858s, 2556 KB] Int hash set load factor: 1/1 = 1.000000
[t=0.001858s, 2556 KB] Int hash set resizes: 0
[t=0.001858s, 2556 KB] Search time: 0.000039s
[t=0.001858s, 2556 KB] Total time: 0.001858s
Search stopped without finding a solution.
Remove intermediate file output.sas
search exit code: 12

Driver aborting after search
