INFO     planner time limit: None
INFO     planner memory limit: None

INFO     Running translator.
INFO     translator stdin: None
INFO     translator time limit: None
INFO     translator memory limit: None
INFO     translator command line string: 'D:\Miniforge3\python.exe' -m translate 'C:\Users\user\Desktop\theoria\.worktrees\e7-deadlock-claim\engine-rig\fixtures\data\sokoban_domain.pddl' 'C:\Users\user\Desktop\theoria\.worktrees\e7-deadlock-claim\engine-rig\runs\20260728T150713Z-E7-deadlock-claim-audit\instances\far7.pddl' --sas-file output.sas
Warning! SIGXCPU is not available on your platform. This means that the planner cannot be gracefully terminated when using a time limit, which, however, is probably supported on your platform anyway.
Parsing...
Parsing: [0.000s CPU, 0.002s wall-clock]
Normalizing task... [0.000s CPU, 0.000s wall-clock]
Instantiating...
Generating Datalog program... [0.000s CPU, 0.000s wall-clock]
Normalizing Datalog program...
Normalizing Datalog program: [0.000s CPU, 0.001s wall-clock]
Preparing model... [0.000s CPU, 0.001s wall-clock]
Generated 20 rules.
Computing model... [0.000s CPU, 0.007s wall-clock]
978 relevant atoms
1372 auxiliary atoms
2350 final queue length
3379 total queue pushes
Completing instantiation... [0.016s CPU, 0.006s wall-clock]
Instantiating: [0.016s CPU, 0.015s wall-clock]
Computing fact groups...
Finding invariants...
7 initial candidates
Finding invariants: [0.000s CPU, 0.001s wall-clock]
Checking invariant weight... [0.000s CPU, 0.000s wall-clock]
Instantiating groups... [0.000s CPU, 0.001s wall-clock]
Collecting mutex groups... [0.000s CPU, 0.000s wall-clock]
Choosing groups...
49 uncovered facts
Choosing groups: [0.000s CPU, 0.000s wall-clock]
Building translation key... [0.000s CPU, 0.000s wall-clock]
Computing fact groups: [0.000s CPU, 0.003s wall-clock]
Building STRIPS to SAS dictionary... [0.000s CPU, 0.000s wall-clock]
Building dictionary for full mutex groups... [0.000s CPU, 0.000s wall-clock]
Building mutex information...
Building mutex information: [0.000s CPU, 0.000s wall-clock]
Translating task...
Processing axioms...
Simplifying axioms... [0.000s CPU, 0.000s wall-clock]
Translator axioms removed by simplifying: 0
Processing axioms: [0.000s CPU, 0.000s wall-clock]
Translating task: [0.016s CPU, 0.008s wall-clock]
728 effect conditions simplified
0 implied preconditions added
Detecting unreachable propositions...
0 operators removed
0 axioms removed
3 propositions removed
Detecting unreachable propositions: [0.000s CPU, 0.004s wall-clock]
Reordering and filtering variables...
52 of 52 variables necessary.
49 of 52 mutex groups necessary.
448 of 448 operators necessary.
0 of 0 axiom rules necessary.
Reordering and filtering variables: [0.000s CPU, 0.002s wall-clock]
Translator variables: 52
Translator derived variables: 0
Translator facts: 245
Translator goal facts: 2
Translator mutex groups: 49
Translator total mutex groups size: 196
Translator operators: 448
Translator axioms: 0
Translator task size: 4023
warning: could not determine peak memory
Writing output... [0.000s CPU, 0.013s wall-clock]
Done! [0.031s CPU, 0.048s wall-clock]
translate exit code: 0

INFO     Running search (release).
INFO     search stdin: output.sas
INFO     search time limit: None
INFO     search memory limit: None
INFO     search command line string: 'C:\Users\user\Desktop\theoria\.worktrees\p13\engine-rig\.toolchain\downward\builds\release\bin\downward.exe' --search 'astar(blind())' --internal-plan-file 'C:\Users\user\AppData\Local\Temp\tmpzw7h986o\sas_plan' < output.sas
[t=0.000162s, 1896 KB] Search code revision: 7120aa0
[t=0.000255s, 1916 KB] reading input...
[t=0.004354s, 2560 KB] done reading input!
[t=0.005395s, 2944 KB] Initializing blind search heuristic...
[t=0.005423s, 2944 KB] Building successor generator... done!
[t=0.005595s, 3036 KB] peak memory difference for successor generator creation: 92 KB
[t=0.005598s, 3036 KB] time for successor generation creation: 0.000163s
[t=0.005603s, 3036 KB] Variables: 52
[t=0.005606s, 3036 KB] FactPairs: 245
[t=0.005609s, 3036 KB] Bytes per state: 12
[t=0.005619s, 3036 KB] Conducting best first search with reopening closed nodes, (real) bound = 2147483647
[t=0.005634s, 3036 KB] New best heuristic value for blind: 1
[t=0.005638s, 3036 KB] g=0, 1 evaluated, 0 expanded
[t=0.005641s, 3036 KB] f = 1, 1 evaluated, 0 expanded
[t=0.005647s, 3036 KB] Initial heuristic value for blind: 1
[t=0.005651s, 3036 KB] pruning method: none
[t=0.005660s, 3036 KB] f = 2, 3 evaluated, 1 expanded
[t=0.005668s, 3036 KB] f = 3, 6 evaluated, 3 expanded
[t=0.005678s, 3036 KB] f = 4, 10 evaluated, 6 expanded
[t=0.005689s, 3036 KB] f = 5, 15 evaluated, 10 expanded
[t=0.005703s, 3036 KB] f = 6, 21 evaluated, 15 expanded
[t=0.005717s, 3036 KB] f = 7, 28 evaluated, 21 expanded
[t=0.005734s, 3036 KB] f = 8, 34 evaluated, 28 expanded
[t=0.005768s, 3036 KB] f = 9, 40 evaluated, 34 expanded
[t=0.005784s, 3036 KB] f = 10, 52 evaluated, 40 expanded
[t=0.005816s, 3036 KB] f = 11, 78 evaluated, 52 expanded
[t=0.005876s, 3036 KB] f = 12, 134 evaluated, 78 expanded
[t=0.005982s, 3036 KB] f = 13, 243 evaluated, 134 expanded
[t=0.006182s, 3036 KB] f = 14, 431 evaluated, 243 expanded
[t=0.006527s, 3056 KB] f = 15, 755 evaluated, 431 expanded
[t=0.007103s, 3076 KB] f = 16, 1299 evaluated, 755 expanded
[t=0.008053s, 3144 KB] f = 17, 2176 evaluated, 1299 expanded
[t=0.009419s, 3168 KB] f = 18, 3494 evaluated, 2176 expanded
[t=0.011605s, 3288 KB] f = 19, 5449 evaluated, 3494 expanded
[t=0.014783s, 3600 KB] f = 20, 8171 evaluated, 5449 expanded
[t=0.018081s, 3600 KB] New best heuristic value for blind: 0
[t=0.018100s, 3600 KB] g=20, 10592 evaluated, 7195 expanded
[t=0.018106s, 3600 KB] Solution found!
[t=0.018111s, 3600 KB] Actual search time: 0.012459s
move c77 c67 up (1)
move c67 c57 up (1)
move c57 c47 up (1)
move c47 c46 left (1)
move c46 c45 left (1)
move c45 c44 left (1)
move c44 c43 left (1)
push c43 c33 c23 b2 up (1)
push c33 c23 c13 b2 up (1)
move c23 c33 down (1)
move c33 c32 left (1)
move c32 c31 left (1)
move c31 c21 up (1)
move c21 c11 up (1)
move c11 c12 right (1)
push c12 c22 c32 b1 down (1)
push c22 c32 c42 b1 down (1)
push c32 c42 c52 b1 down (1)
push c42 c52 c62 b1 down (1)
push c52 c62 c72 b1 down (1)
[t=0.018114s, 3668 KB] Plan length: 20 step(s).
[t=0.018114s, 3668 KB] Plan cost: 20
[t=0.018114s, 3668 KB] Expanded 7196 state(s).
[t=0.018114s, 3668 KB] Reopened 0 state(s).
[t=0.018114s, 3668 KB] Evaluated 10595 state(s).
[t=0.018114s, 3668 KB] Evaluations: 10595
[t=0.018114s, 3668 KB] Generated 25420 state(s).
[t=0.018114s, 3668 KB] Dead ends: 0 state(s).
[t=0.018114s, 3668 KB] Expanded until last jump: 5449 state(s).
[t=0.018114s, 3668 KB] Reopened until last jump: 0 state(s).
[t=0.018114s, 3668 KB] Evaluated until last jump: 8171 state(s).
[t=0.018114s, 3668 KB] Generated until last jump: 19194 state(s).
[t=0.018114s, 3668 KB] Number of registered states: 10595
[t=0.018114s, 3668 KB] Int hash set load factor: 10595/16384 = 0.646667
[t=0.018114s, 3668 KB] Int hash set resizes: 14
[t=0.018114s, 3668 KB] Search time: 0.012496s
[t=0.018114s, 3668 KB] Total time: 0.018114s
Solution found.
Remove intermediate file output.sas
search exit code: 0

