INFO     planner time limit: None
INFO     planner memory limit: None

INFO     Running translator.
INFO     translator stdin: None
INFO     translator time limit: None
INFO     translator memory limit: None
INFO     translator command line string: 'D:\Miniforge3\python.exe' -m translate 'C:\Users\user\Desktop\theoria\.worktrees\e7-deadlock-claim\engine-rig\fixtures\data\sokoban_domain.pddl' 'C:\Users\user\Desktop\theoria\.worktrees\e7-deadlock-claim\engine-rig\runs\20260728T150713Z-E7-deadlock-claim-audit\instances\far7.pddl' --sas-file output.sas
Warning! SIGXCPU is not available on your platform. This means that the planner cannot be gracefully terminated when using a time limit, which, however, is probably supported on your platform anyway.
Parsing...
Parsing: [0.000s CPU, 0.002s wall-clock]
Normalizing task... [0.000s CPU, 0.000s wall-clock]
Instantiating...
Generating Datalog program... [0.000s CPU, 0.000s wall-clock]
Normalizing Datalog program...
Normalizing Datalog program: [0.016s CPU, 0.001s wall-clock]
Preparing model... [0.000s CPU, 0.001s wall-clock]
Generated 20 rules.
Computing model... [0.000s CPU, 0.007s wall-clock]
978 relevant atoms
1372 auxiliary atoms
2350 final queue length
3379 total queue pushes
Completing instantiation... [0.000s CPU, 0.006s wall-clock]
Instantiating: [0.016s CPU, 0.014s wall-clock]
Computing fact groups...
Finding invariants...
7 initial candidates
Finding invariants: [0.000s CPU, 0.001s wall-clock]
Checking invariant weight... [0.000s CPU, 0.000s wall-clock]
Instantiating groups... [0.000s CPU, 0.001s wall-clock]
Collecting mutex groups... [0.000s CPU, 0.000s wall-clock]
Choosing groups...
49 uncovered facts
Choosing groups: [0.000s CPU, 0.000s wall-clock]
Building translation key... [0.000s CPU, 0.000s wall-clock]
Computing fact groups: [0.000s CPU, 0.003s wall-clock]
Building STRIPS to SAS dictionary... [0.000s CPU, 0.000s wall-clock]
Building dictionary for full mutex groups... [0.000s CPU, 0.000s wall-clock]
Building mutex information...
Building mutex information: [0.000s CPU, 0.000s wall-clock]
Translating task...
Processing axioms...
Simplifying axioms... [0.000s CPU, 0.000s wall-clock]
Translator axioms removed by simplifying: 0
Processing axioms: [0.016s CPU, 0.000s wall-clock]
Translating task: [0.016s CPU, 0.009s wall-clock]
728 effect conditions simplified
0 implied preconditions added
Detecting unreachable propositions...
0 operators removed
0 axioms removed
3 propositions removed
Detecting unreachable propositions: [0.000s CPU, 0.004s wall-clock]
Reordering and filtering variables...
52 of 52 variables necessary.
49 of 52 mutex groups necessary.
448 of 448 operators necessary.
0 of 0 axiom rules necessary.
Reordering and filtering variables: [0.016s CPU, 0.002s wall-clock]
Translator variables: 52
Translator derived variables: 0
Translator facts: 245
Translator goal facts: 2
Translator mutex groups: 49
Translator total mutex groups size: 196
Translator operators: 448
Translator axioms: 0
Translator task size: 4023
warning: could not determine peak memory
Writing output... [0.000s CPU, 0.013s wall-clock]
Done! [0.047s CPU, 0.048s wall-clock]
translate exit code: 0

INFO     Running search (release).
INFO     search stdin: output.sas
INFO     search time limit: None
INFO     search memory limit: None
INFO     search command line string: 'C:\Users\user\Desktop\theoria\.worktrees\p13\engine-rig\.toolchain\downward\builds\release\bin\downward.exe' --search 'astar(lmcut())' --internal-plan-file 'C:\Users\user\AppData\Local\Temp\tmpx1su13ro\sas_plan' < output.sas
[t=0.000219s, 1964 KB] Search code revision: 7120aa0
[t=0.000321s, 1964 KB] reading input...
[t=0.004668s, 2576 KB] done reading input!
[t=0.005994s, 3136 KB] Initializing landmark cut heuristic...
[t=0.006023s, 3136 KB] Building successor generator... done!
[t=0.006175s, 3212 KB] peak memory difference for successor generator creation: 76 KB
[t=0.006178s, 3212 KB] time for successor generation creation: 0.000144s
[t=0.006185s, 3212 KB] Variables: 52
[t=0.006188s, 3212 KB] FactPairs: 245
[t=0.006190s, 3212 KB] Bytes per state: 12
[t=0.006200s, 3212 KB] Conducting best first search with reopening closed nodes, (real) bound = 2147483647
[t=0.006349s, 3212 KB] New best heuristic value for lmcut: 16
[t=0.006353s, 3212 KB] g=0, 1 evaluated, 0 expanded
[t=0.006356s, 3212 KB] f = 16, 1 evaluated, 0 expanded
[t=0.006364s, 3224 KB] Initial heuristic value for lmcut: 16
[t=0.006368s, 3224 KB] pruning method: none
[t=0.006475s, 3224 KB] New best heuristic value for lmcut: 15
[t=0.006479s, 3224 KB] g=1, 2 evaluated, 1 expanded
[t=0.006676s, 3224 KB] New best heuristic value for lmcut: 14
[t=0.006681s, 3224 KB] g=2, 4 evaluated, 2 expanded
[t=0.006873s, 3224 KB] New best heuristic value for lmcut: 13
[t=0.006878s, 3224 KB] g=3, 6 evaluated, 3 expanded
[t=0.007162s, 3224 KB] New best heuristic value for lmcut: 12
[t=0.007167s, 3224 KB] g=4, 9 evaluated, 4 expanded
[t=0.007332s, 3224 KB] New best heuristic value for lmcut: 11
[t=0.007337s, 3224 KB] g=5, 11 evaluated, 5 expanded
[t=0.007488s, 3244 KB] New best heuristic value for lmcut: 10
[t=0.007492s, 3244 KB] g=6, 13 evaluated, 6 expanded
[t=0.007708s, 3244 KB] New best heuristic value for lmcut: 9
[t=0.007712s, 3244 KB] g=7, 16 evaluated, 7 expanded
[t=0.007850s, 3244 KB] New best heuristic value for lmcut: 8
[t=0.007856s, 3244 KB] g=8, 18 evaluated, 8 expanded
[t=0.008061s, 3244 KB] New best heuristic value for lmcut: 7
[t=0.008065s, 3244 KB] g=9, 21 evaluated, 9 expanded
[t=0.009132s, 3244 KB] f = 18, 36 evaluated, 22 expanded
[t=0.010990s, 3244 KB] f = 19, 63 evaluated, 37 expanded
[t=0.012047s, 3244 KB] New best heuristic value for lmcut: 6
[t=0.012052s, 3244 KB] g=13, 77 evaluated, 43 expanded
[t=0.012274s, 3244 KB] New best heuristic value for lmcut: 5
[t=0.012279s, 3244 KB] g=14, 80 evaluated, 44 expanded
[t=0.013158s, 3244 KB] f = 20, 93 evaluated, 55 expanded
[t=0.014322s, 3244 KB] New best heuristic value for lmcut: 4
[t=0.014326s, 3244 KB] g=16, 114 evaluated, 64 expanded
[t=0.014487s, 3244 KB] New best heuristic value for lmcut: 3
[t=0.014491s, 3244 KB] g=17, 118 evaluated, 65 expanded
[t=0.014587s, 3244 KB] New best heuristic value for lmcut: 2
[t=0.014591s, 3244 KB] g=18, 121 evaluated, 66 expanded
[t=0.014670s, 3244 KB] New best heuristic value for lmcut: 1
[t=0.014674s, 3244 KB] g=19, 124 evaluated, 67 expanded
[t=0.014732s, 3244 KB] New best heuristic value for lmcut: 0
[t=0.014736s, 3244 KB] g=20, 127 evaluated, 68 expanded
[t=0.014801s, 3244 KB] Solution found!
[t=0.014806s, 3244 KB] Actual search time: 0.008436s
move c77 c67 up (1)
move c67 c57 up (1)
move c57 c47 up (1)
move c47 c46 left (1)
move c46 c45 left (1)
move c45 c44 left (1)
move c44 c43 left (1)
push c43 c33 c23 b2 up (1)
push c33 c23 c13 b2 up (1)
move c23 c33 down (1)
move c33 c32 left (1)
move c32 c31 left (1)
move c31 c21 up (1)
move c21 c11 up (1)
move c11 c12 right (1)
push c12 c22 c32 b1 down (1)
push c22 c32 c42 b1 down (1)
push c32 c42 c52 b1 down (1)
push c42 c52 c62 b1 down (1)
push c52 c62 c72 b1 down (1)
[t=0.014809s, 3244 KB] Plan length: 20 step(s).
[t=0.014809s, 3244 KB] Plan cost: 20
[t=0.014809s, 3244 KB] Expanded 69 state(s).
[t=0.014809s, 3244 KB] Reopened 0 state(s).
[t=0.014809s, 3244 KB] Evaluated 130 state(s).
[t=0.014809s, 3244 KB] Evaluations: 130
[t=0.014809s, 3244 KB] Generated 241 state(s).
[t=0.014809s, 3244 KB] Dead ends: 7 state(s).
[t=0.014809s, 3244 KB] Expanded until last jump: 55 state(s).
[t=0.014809s, 3244 KB] Reopened until last jump: 0 state(s).
[t=0.014809s, 3244 KB] Evaluated until last jump: 93 state(s).
[t=0.014809s, 3244 KB] Generated until last jump: 196 state(s).
[t=0.014809s, 3244 KB] Number of registered states: 130
[t=0.014809s, 3244 KB] Int hash set load factor: 130/256 = 0.507812
[t=0.014809s, 3244 KB] Int hash set resizes: 8
[t=0.014809s, 3244 KB] Search time: 0.008610s
[t=0.014809s, 3244 KB] Total time: 0.014809s
Solution found.
Remove intermediate file output.sas
search exit code: 0

