INFO     planner time limit: None
INFO     planner memory limit: None

INFO     Running translator.
INFO     translator stdin: None
INFO     translator time limit: None
INFO     translator memory limit: None
INFO     translator command line string: 'D:\Miniforge3\python.exe' -m translate 'C:\Users\user\Desktop\theoria\.worktrees\e7-deadlock-claim\engine-rig\fixtures\data\sokoban_domain.pddl' 'C:\Users\user\Desktop\theoria\.worktrees\e7-deadlock-claim\engine-rig\runs\20260728T150713Z-E7-deadlock-claim-audit\attacks\crosscheck\sokoban-goal-in-corner\0175.pddl' --sas-file output.sas
Warning! SIGXCPU is not available on your platform. This means that the planner cannot be gracefully terminated when using a time limit, which, however, is probably supported on your platform anyway.
Parsing...
Parsing: [0.000s CPU, 0.002s wall-clock]
Normalizing task... [0.000s CPU, 0.000s wall-clock]
Instantiating...
Generating Datalog program... [0.000s CPU, 0.000s wall-clock]
Normalizing Datalog program...
Normalizing Datalog program: [0.000s CPU, 0.001s wall-clock]
Preparing model... [0.000s CPU, 0.000s wall-clock]
Generated 20 rules.
Computing model... [0.000s CPU, 0.001s wall-clock]
211 relevant atoms
352 auxiliary atoms
563 final queue length
659 total queue pushes
Completing instantiation... [0.000s CPU, 0.001s wall-clock]
Instantiating: [0.000s CPU, 0.004s wall-clock]
Computing fact groups...
Finding invariants...
7 initial candidates
Finding invariants: [0.000s CPU, 0.001s wall-clock]
Checking invariant weight... [0.000s CPU, 0.000s wall-clock]
Instantiating groups... [0.000s CPU, 0.000s wall-clock]
Collecting mutex groups... [0.000s CPU, 0.000s wall-clock]
Choosing groups...
16 uncovered facts
Choosing groups: [0.000s CPU, 0.000s wall-clock]
Building translation key... [0.000s CPU, 0.000s wall-clock]
Computing fact groups: [0.000s CPU, 0.001s wall-clock]
Building STRIPS to SAS dictionary... [0.000s CPU, 0.000s wall-clock]
Building dictionary for full mutex groups... [0.000s CPU, 0.000s wall-clock]
Building mutex information...
Building mutex information: [0.000s CPU, 0.000s wall-clock]
Translating task...
Processing axioms...
Simplifying axioms... [0.000s CPU, 0.000s wall-clock]
Translator axioms removed by simplifying: 0
Processing axioms: [0.000s CPU, 0.000s wall-clock]
Translating task: [0.000s CPU, 0.003s wall-clock]
64 effect conditions simplified
0 implied preconditions added
Detecting unreachable propositions...
0 operators removed
0 axioms removed
3 propositions removed
Detecting unreachable propositions: [0.000s CPU, 0.000s wall-clock]
Reordering and filtering variables...
19 of 19 variables necessary.
16 of 19 mutex groups necessary.
56 of 56 operators necessary.
0 of 0 axiom rules necessary.
Reordering and filtering variables: [0.000s CPU, 0.000s wall-clock]
Translator variables: 19
Translator derived variables: 0
Translator facts: 56
Translator goal facts: 2
Translator mutex groups: 16
Translator total mutex groups size: 40
Translator operators: 56
Translator axioms: 0
Translator task size: 477
warning: could not determine peak memory
Writing output... [0.000s CPU, 0.009s wall-clock]
Done! [0.000s CPU, 0.020s wall-clock]
translate exit code: 0

INFO     Running search (release).
INFO     search stdin: output.sas
INFO     search time limit: None
INFO     search memory limit: None
INFO     search command line string: 'C:\Users\user\Desktop\theoria\.worktrees\p13\engine-rig\.toolchain\downward\builds\release\bin\downward.exe' --search 'astar(lmcut())' --internal-plan-file 'C:\Users\user\AppData\Local\Temp\tmpnd8i6811\sas_plan' < output.sas
[t=0.000154s, 1960 KB] Search code revision: 7120aa0
[t=0.000253s, 1960 KB] reading input...
[t=0.000934s, 2132 KB] done reading input!
[t=0.002445s, 2688 KB] Initializing landmark cut heuristic...
[t=0.002496s, 2696 KB] Building successor generator... done!
[t=0.002581s, 2716 KB] peak memory difference for successor generator creation: 20 KB
[t=0.002586s, 2716 KB] time for successor generation creation: 0.000070s
[t=0.002594s, 2716 KB] Variables: 19
[t=0.002602s, 2716 KB] FactPairs: 56
[t=0.002605s, 2716 KB] Bytes per state: 4
[t=0.002620s, 2716 KB] Conducting best first search with reopening closed nodes, (real) bound = 2147483647
[t=0.002673s, 2728 KB] New best heuristic value for lmcut: 6
[t=0.002681s, 2728 KB] g=0, 1 evaluated, 0 expanded
[t=0.002684s, 2728 KB] f = 6, 1 evaluated, 0 expanded
[t=0.002699s, 2740 KB] Initial heuristic value for lmcut: 6
[t=0.002705s, 2740 KB] pruning method: none
[t=0.002761s, 2768 KB] New best heuristic value for lmcut: 5
[t=0.002768s, 2768 KB] g=1, 5 evaluated, 1 expanded
[t=0.002790s, 2788 KB] New best heuristic value for lmcut: 4
[t=0.002797s, 2788 KB] g=2, 6 evaluated, 2 expanded
[t=0.002826s, 2796 KB] New best heuristic value for lmcut: 3
[t=0.002834s, 2796 KB] g=3, 8 evaluated, 3 expanded
[t=0.002858s, 2796 KB] New best heuristic value for lmcut: 2
[t=0.002863s, 2796 KB] g=4, 11 evaluated, 4 expanded
[t=0.002888s, 2796 KB] New best heuristic value for lmcut: 1
[t=0.002893s, 2796 KB] g=5, 15 evaluated, 5 expanded
[t=0.002909s, 2796 KB] New best heuristic value for lmcut: 0
[t=0.002915s, 2796 KB] g=6, 17 evaluated, 6 expanded
[t=0.002919s, 2796 KB] Solution found!
[t=0.002925s, 2796 KB] Actual search time: 0.000217s
move c23 c13 up (1)
push c13 c12 c11 b1 left (1)
move c12 c22 down (1)
move c22 c32 down (1)
move c32 c42 down (1)
push c42 c43 c44 b2 right (1)
[t=0.002943s, 2828 KB] Plan length: 6 step(s).
[t=0.002943s, 2828 KB] Plan cost: 6
[t=0.002943s, 2828 KB] Expanded 7 state(s).
[t=0.002943s, 2828 KB] Reopened 0 state(s).
[t=0.002943s, 2828 KB] Evaluated 17 state(s).
[t=0.002943s, 2828 KB] Evaluations: 17
[t=0.002943s, 2828 KB] Generated 20 state(s).
[t=0.002943s, 2828 KB] Dead ends: 0 state(s).
[t=0.002943s, 2828 KB] Expanded until last jump: 0 state(s).
[t=0.002943s, 2828 KB] Reopened until last jump: 0 state(s).
[t=0.002943s, 2828 KB] Evaluated until last jump: 1 state(s).
[t=0.002943s, 2828 KB] Generated until last jump: 0 state(s).
[t=0.002943s, 2828 KB] Number of registered states: 17
[t=0.002943s, 2828 KB] Int hash set load factor: 17/32 = 0.531250
[t=0.002943s, 2828 KB] Int hash set resizes: 5
[t=0.002943s, 2828 KB] Search time: 0.000325s
[t=0.002943s, 2828 KB] Total time: 0.002943s
Solution found.
Remove intermediate file output.sas
search exit code: 0

