INFO     planner time limit: None
INFO     planner memory limit: None

INFO     Running translator.
INFO     translator stdin: None
INFO     translator time limit: None
INFO     translator memory limit: None
INFO     translator command line string: 'D:\Miniforge3\python.exe' -m translate 'C:\Users\user\Desktop\theoria\.worktrees\e7-deadlock-claim\engine-rig\fixtures\data\sokoban_domain.pddl' 'C:\Users\user\Desktop\theoria\.worktrees\e7-deadlock-claim\engine-rig\runs\20260728T150713Z-E7-deadlock-claim-audit\attacks\crosscheck\sokoban-goal-in-corner\0654.pddl' --sas-file output.sas
Warning! SIGXCPU is not available on your platform. This means that the planner cannot be gracefully terminated when using a time limit, which, however, is probably supported on your platform anyway.
Parsing...
Parsing: [0.000s CPU, 0.001s wall-clock]
Normalizing task... [0.000s CPU, 0.000s wall-clock]
Instantiating...
Generating Datalog program... [0.000s CPU, 0.000s wall-clock]
Normalizing Datalog program...
Normalizing Datalog program: [0.000s CPU, 0.001s wall-clock]
Preparing model... [0.000s CPU, 0.000s wall-clock]
Generated 20 rules.
Computing model... [0.000s CPU, 0.002s wall-clock]
233 relevant atoms
354 auxiliary atoms
587 final queue length
729 total queue pushes
Completing instantiation... [0.000s CPU, 0.003s wall-clock]
Instantiating: [0.000s CPU, 0.006s wall-clock]
Computing fact groups...
Finding invariants...
7 initial candidates
Finding invariants: [0.000s CPU, 0.001s wall-clock]
Checking invariant weight... [0.000s CPU, 0.000s wall-clock]
Instantiating groups... [0.000s CPU, 0.000s wall-clock]
Collecting mutex groups... [0.000s CPU, 0.000s wall-clock]
Choosing groups...
16 uncovered facts
Choosing groups: [0.000s CPU, 0.000s wall-clock]
Building translation key... [0.016s CPU, 0.000s wall-clock]
Computing fact groups: [0.016s CPU, 0.002s wall-clock]
Building STRIPS to SAS dictionary... [0.000s CPU, 0.000s wall-clock]
Building dictionary for full mutex groups... [0.000s CPU, 0.000s wall-clock]
Building mutex information...
Building mutex information: [0.000s CPU, 0.000s wall-clock]
Translating task...
Processing axioms...
Simplifying axioms... [0.000s CPU, 0.000s wall-clock]
Translator axioms removed by simplifying: 0
Processing axioms: [0.000s CPU, 0.000s wall-clock]
Translating task: [0.000s CPU, 0.001s wall-clock]
100 effect conditions simplified
0 implied preconditions added
Detecting unreachable propositions...
0 operators removed
0 axioms removed
4 propositions removed
Detecting unreachable propositions: [0.000s CPU, 0.001s wall-clock]
Reordering and filtering variables...
17 of 17 variables necessary.
15 of 17 mutex groups necessary.
72 of 72 operators necessary.
0 of 0 axiom rules necessary.
Reordering and filtering variables: [0.000s CPU, 0.001s wall-clock]
Translator variables: 17
Translator derived variables: 0
Translator facts: 60
Translator goal facts: 1
Translator mutex groups: 15
Translator total mutex groups size: 45
Translator operators: 72
Translator axioms: 0
Translator task size: 639
warning: could not determine peak memory
Writing output... [0.000s CPU, 0.009s wall-clock]
Done! [0.016s CPU, 0.021s wall-clock]
translate exit code: 0

INFO     Running search (release).
INFO     search stdin: output.sas
INFO     search time limit: None
INFO     search memory limit: None
INFO     search command line string: 'C:\Users\user\Desktop\theoria\.worktrees\p13\engine-rig\.toolchain\downward\builds\release\bin\downward.exe' --search 'astar(lmcut())' --internal-plan-file 'C:\Users\user\AppData\Local\Temp\tmpe71qoe6p\sas_plan' < output.sas
[t=0.000110s, 1904 KB] Search code revision: 7120aa0
[t=0.000191s, 1904 KB] reading input...
[t=0.001005s, 2192 KB] done reading input!
[t=0.001887s, 2708 KB] Initializing landmark cut heuristic...
[t=0.001918s, 2708 KB] Building successor generator... done!
[t=0.001954s, 2708 KB] peak memory difference for successor generator creation: 0 KB
[t=0.001957s, 2708 KB] time for successor generation creation: 0.000027s
[t=0.001964s, 2708 KB] Variables: 17
[t=0.001967s, 2708 KB] FactPairs: 60
[t=0.001970s, 2708 KB] Bytes per state: 4
[t=0.001982s, 2708 KB] Conducting best first search with reopening closed nodes, (real) bound = 2147483647
[t=0.002025s, 2720 KB] New best heuristic value for lmcut: 5
[t=0.002029s, 2720 KB] g=0, 1 evaluated, 0 expanded
[t=0.002032s, 2720 KB] f = 5, 1 evaluated, 0 expanded
[t=0.002043s, 2736 KB] Initial heuristic value for lmcut: 5
[t=0.002046s, 2736 KB] pruning method: none
[t=0.002089s, 2736 KB] New best heuristic value for lmcut: 4
[t=0.002093s, 2736 KB] g=1, 4 evaluated, 1 expanded
[t=0.002114s, 2736 KB] New best heuristic value for lmcut: 3
[t=0.002119s, 2736 KB] g=2, 6 evaluated, 2 expanded
[t=0.002156s, 2760 KB] New best heuristic value for lmcut: 2
[t=0.002160s, 2760 KB] g=3, 9 evaluated, 3 expanded
[t=0.002178s, 2760 KB] New best heuristic value for lmcut: 1
[t=0.002182s, 2760 KB] g=4, 12 evaluated, 4 expanded
[t=0.002192s, 2760 KB] New best heuristic value for lmcut: 0
[t=0.002196s, 2760 KB] g=5, 14 evaluated, 5 expanded
[t=0.002203s, 2760 KB] Solution found!
[t=0.002208s, 2760 KB] Actual search time: 0.000160s
move c31 c32 right (1)
push c32 c22 c12 b1 up (1)
move c22 c23 right (1)
move c23 c13 up (1)
push c13 c12 c11 b1 left (1)
[t=0.002211s, 2912 KB] Plan length: 5 step(s).
[t=0.002211s, 2912 KB] Plan cost: 5
[t=0.002211s, 2912 KB] Expanded 6 state(s).
[t=0.002211s, 2912 KB] Reopened 0 state(s).
[t=0.002211s, 2912 KB] Evaluated 15 state(s).
[t=0.002211s, 2912 KB] Evaluations: 15
[t=0.002211s, 2912 KB] Generated 17 state(s).
[t=0.002211s, 2912 KB] Dead ends: 0 state(s).
[t=0.002211s, 2912 KB] Expanded until last jump: 0 state(s).
[t=0.002211s, 2912 KB] Reopened until last jump: 0 state(s).
[t=0.002211s, 2912 KB] Evaluated until last jump: 1 state(s).
[t=0.002211s, 2912 KB] Generated until last jump: 0 state(s).
[t=0.002211s, 2912 KB] Number of registered states: 15
[t=0.002211s, 2912 KB] Int hash set load factor: 15/16 = 0.937500
[t=0.002211s, 2912 KB] Int hash set resizes: 4
[t=0.002211s, 2912 KB] Search time: 0.000231s
[t=0.002211s, 2912 KB] Total time: 0.002211s
Solution found.
Remove intermediate file output.sas
search exit code: 0

