INFO     planner time limit: None
INFO     planner memory limit: None

INFO     Running translator.
INFO     translator stdin: None
INFO     translator time limit: None
INFO     translator memory limit: None
INFO     translator command line string: 'D:\Miniforge3\python.exe' -m translate 'C:\Users\user\Desktop\theoria\.worktrees\e7-deadlock-claim\engine-rig\fixtures\data\sokoban_domain.pddl' 'C:\Users\user\Desktop\theoria\.worktrees\e7-deadlock-claim\engine-rig\runs\20260728T150713Z-E7-deadlock-claim-audit\attacks\crosscheck\sokoban-goal-in-corner\0690.pddl' --sas-file output.sas
Warning! SIGXCPU is not available on your platform. This means that the planner cannot be gracefully terminated when using a time limit, which, however, is probably supported on your platform anyway.
Parsing...
Parsing: [0.000s CPU, 0.002s wall-clock]
Normalizing task... [0.000s CPU, 0.000s wall-clock]
Instantiating...
Generating Datalog program... [0.000s CPU, 0.000s wall-clock]
Normalizing Datalog program...
Normalizing Datalog program: [0.000s CPU, 0.001s wall-clock]
Preparing model... [0.000s CPU, 0.000s wall-clock]
Generated 20 rules.
Computing model... [0.000s CPU, 0.001s wall-clock]
211 relevant atoms
352 auxiliary atoms
563 final queue length
659 total queue pushes
Completing instantiation... [0.016s CPU, 0.001s wall-clock]
Instantiating: [0.016s CPU, 0.003s wall-clock]
Computing fact groups...
Finding invariants...
7 initial candidates
Finding invariants: [0.000s CPU, 0.001s wall-clock]
Checking invariant weight... [0.000s CPU, 0.000s wall-clock]
Instantiating groups... [0.000s CPU, 0.000s wall-clock]
Collecting mutex groups... [0.000s CPU, 0.000s wall-clock]
Choosing groups...
16 uncovered facts
Choosing groups: [0.000s CPU, 0.000s wall-clock]
Building translation key... [0.000s CPU, 0.000s wall-clock]
Computing fact groups: [0.000s CPU, 0.001s wall-clock]
Building STRIPS to SAS dictionary... [0.000s CPU, 0.000s wall-clock]
Building dictionary for full mutex groups... [0.000s CPU, 0.000s wall-clock]
Building mutex information...
Building mutex information: [0.000s CPU, 0.000s wall-clock]
Translating task...
Processing axioms...
Simplifying axioms... [0.000s CPU, 0.000s wall-clock]
Translator axioms removed by simplifying: 0
Processing axioms: [0.000s CPU, 0.000s wall-clock]
Translating task: [0.000s CPU, 0.003s wall-clock]
64 effect conditions simplified
0 implied preconditions added
Detecting unreachable propositions...
0 operators removed
0 axioms removed
3 propositions removed
Detecting unreachable propositions: [0.000s CPU, 0.000s wall-clock]
Reordering and filtering variables...
19 of 19 variables necessary.
16 of 19 mutex groups necessary.
56 of 56 operators necessary.
0 of 0 axiom rules necessary.
Reordering and filtering variables: [0.000s CPU, 0.000s wall-clock]
Translator variables: 19
Translator derived variables: 0
Translator facts: 56
Translator goal facts: 2
Translator mutex groups: 16
Translator total mutex groups size: 40
Translator operators: 56
Translator axioms: 0
Translator task size: 477
warning: could not determine peak memory
Writing output... [0.000s CPU, 0.009s wall-clock]
Done! [0.016s CPU, 0.020s wall-clock]
translate exit code: 0

INFO     Running search (release).
INFO     search stdin: output.sas
INFO     search time limit: None
INFO     search memory limit: None
INFO     search command line string: 'C:\Users\user\Desktop\theoria\.worktrees\p13\engine-rig\.toolchain\downward\builds\release\bin\downward.exe' --search 'astar(lmcut())' --internal-plan-file 'C:\Users\user\AppData\Local\Temp\tmp49a9mpv8\sas_plan' < output.sas
[t=0.000136s, 1940 KB] Search code revision: 7120aa0
[t=0.000231s, 1968 KB] reading input...
[t=0.000918s, 2176 KB] done reading input!
[t=0.001917s, 2632 KB] Initializing landmark cut heuristic...
[t=0.001952s, 2632 KB] Building successor generator... done!
[t=0.002014s, 2676 KB] peak memory difference for successor generator creation: 44 KB
[t=0.002018s, 2676 KB] time for successor generation creation: 0.000055s
[t=0.002023s, 2676 KB] Variables: 19
[t=0.002043s, 2676 KB] FactPairs: 56
[t=0.002047s, 2676 KB] Bytes per state: 4
[t=0.002060s, 2676 KB] Conducting best first search with reopening closed nodes, (real) bound = 2147483647
[t=0.002104s, 2712 KB] New best heuristic value for lmcut: 7
[t=0.002108s, 2712 KB] g=0, 1 evaluated, 0 expanded
[t=0.002111s, 2712 KB] f = 7, 1 evaluated, 0 expanded
[t=0.002118s, 2712 KB] Initial heuristic value for lmcut: 7
[t=0.002122s, 2712 KB] pruning method: none
[t=0.002148s, 2712 KB] New best heuristic value for lmcut: 6
[t=0.002151s, 2712 KB] g=1, 3 evaluated, 1 expanded
[t=0.002166s, 2712 KB] f = 9, 5 evaluated, 2 expanded
[t=0.002197s, 2712 KB] f = 11, 8 evaluated, 4 expanded
[t=0.002256s, 2740 KB] f = 13, 15 evaluated, 9 expanded
[t=0.002263s, 2740 KB] Completely explored state space -- no solution!
[t=0.002267s, 2740 KB] Actual search time: 0.000144s
[t=0.002271s, 2740 KB] Expanded 13 state(s).
[t=0.002271s, 2740 KB] Reopened 0 state(s).
[t=0.002271s, 2740 KB] Evaluated 15 state(s).
[t=0.002271s, 2740 KB] Evaluations: 15
[t=0.002271s, 2740 KB] Generated 38 state(s).
[t=0.002271s, 2740 KB] Dead ends: 2 state(s).
[t=0.002271s, 2740 KB] Expanded until last jump: 9 state(s).
[t=0.002271s, 2752 KB] Reopened until last jump: 0 state(s).
[t=0.002271s, 2752 KB] Evaluated until last jump: 15 state(s).
[t=0.002271s, 2752 KB] Generated until last jump: 28 state(s).
[t=0.002271s, 2752 KB] Number of registered states: 15
[t=0.002271s, 2752 KB] Int hash set load factor: 15/16 = 0.937500
[t=0.002271s, 2752 KB] Int hash set resizes: 4
[t=0.002271s, 2752 KB] Search time: 0.000213s
[t=0.002271s, 2752 KB] Total time: 0.002271s
Search stopped without finding a solution.
Remove intermediate file output.sas
search exit code: 12

Driver aborting after search
