INFO     planner time limit: None
INFO     planner memory limit: None

INFO     Running translator.
INFO     translator stdin: None
INFO     translator time limit: None
INFO     translator memory limit: None
INFO     translator command line string: 'D:\Miniforge3\python.exe' -m translate 'C:\Users\user\Desktop\theoria\.worktrees\e7-deadlock-claim\engine-rig\fixtures\data\sokoban_domain.pddl' 'C:\Users\user\Desktop\theoria\.worktrees\e7-deadlock-claim\engine-rig\runs\20260728T150713Z-E7-deadlock-claim-audit\attacks\crosscheck\sokoban-goal-in-corner\0950.pddl' --sas-file output.sas
Warning! SIGXCPU is not available on your platform. This means that the planner cannot be gracefully terminated when using a time limit, which, however, is probably supported on your platform anyway.
Parsing...
Parsing: [0.000s CPU, 0.001s wall-clock]
Normalizing task... [0.000s CPU, 0.000s wall-clock]
Instantiating...
Generating Datalog program... [0.000s CPU, 0.000s wall-clock]
Normalizing Datalog program...
Normalizing Datalog program: [0.000s CPU, 0.001s wall-clock]
Preparing model... [0.000s CPU, 0.000s wall-clock]
Generated 20 rules.
Computing model... [0.000s CPU, 0.001s wall-clock]
198 relevant atoms
332 auxiliary atoms
530 final queue length
611 total queue pushes
Completing instantiation... [0.000s CPU, 0.001s wall-clock]
Instantiating: [0.000s CPU, 0.003s wall-clock]
Computing fact groups...
Finding invariants...
7 initial candidates
Finding invariants: [0.000s CPU, 0.001s wall-clock]
Checking invariant weight... [0.000s CPU, 0.000s wall-clock]
Instantiating groups... [0.000s CPU, 0.000s wall-clock]
Collecting mutex groups... [0.000s CPU, 0.000s wall-clock]
Choosing groups...
16 uncovered facts
Choosing groups: [0.000s CPU, 0.000s wall-clock]
Building translation key... [0.000s CPU, 0.000s wall-clock]
Computing fact groups: [0.000s CPU, 0.001s wall-clock]
Building STRIPS to SAS dictionary... [0.000s CPU, 0.000s wall-clock]
Building dictionary for full mutex groups... [0.000s CPU, 0.000s wall-clock]
Building mutex information...
Building mutex information: [0.000s CPU, 0.000s wall-clock]
Translating task...
Processing axioms...
Simplifying axioms... [0.000s CPU, 0.000s wall-clock]
Translator axioms removed by simplifying: 0
Processing axioms: [0.000s CPU, 0.000s wall-clock]
Translating task: [0.000s CPU, 0.001s wall-clock]
52 effect conditions simplified
0 implied preconditions added
Detecting unreachable propositions...
0 operators removed
0 axioms removed
4 propositions removed
Detecting unreachable propositions: [0.016s CPU, 0.002s wall-clock]
Reordering and filtering variables...
17 of 17 variables necessary.
15 of 17 mutex groups necessary.
48 of 48 operators necessary.
0 of 0 axiom rules necessary.
Reordering and filtering variables: [0.000s CPU, 0.000s wall-clock]
Translator variables: 17
Translator derived variables: 0
Translator facts: 49
Translator goal facts: 1
Translator mutex groups: 15
Translator total mutex groups size: 34
Translator operators: 48
Translator axioms: 0
Translator task size: 401
warning: could not determine peak memory
Writing output... [0.000s CPU, 0.008s wall-clock]
Done! [0.016s CPU, 0.017s wall-clock]
translate exit code: 0

INFO     Running search (release).
INFO     search stdin: output.sas
INFO     search time limit: None
INFO     search memory limit: None
INFO     search command line string: 'C:\Users\user\Desktop\theoria\.worktrees\p13\engine-rig\.toolchain\downward\builds\release\bin\downward.exe' --search 'astar(lmcut())' --internal-plan-file 'C:\Users\user\AppData\Local\Temp\tmp29i1uk3s\sas_plan' < output.sas
[t=0.000164s, 1956 KB] Search code revision: 7120aa0
[t=0.000255s, 1968 KB] reading input...
[t=0.000860s, 2124 KB] done reading input!
[t=0.002178s, 2708 KB] Initializing landmark cut heuristic...
[t=0.002227s, 2716 KB] Building successor generator... done!
[t=0.002260s, 2716 KB] peak memory difference for successor generator creation: 0 KB
[t=0.002262s, 2716 KB] time for successor generation creation: 0.000024s
[t=0.002268s, 2716 KB] Variables: 17
[t=0.002270s, 2716 KB] FactPairs: 49
[t=0.002272s, 2716 KB] Bytes per state: 4
[t=0.002282s, 2716 KB] Conducting best first search with reopening closed nodes, (real) bound = 2147483647
[t=0.002318s, 2728 KB] New best heuristic value for lmcut: 4
[t=0.002325s, 2728 KB] g=0, 1 evaluated, 0 expanded
[t=0.002328s, 2728 KB] f = 4, 1 evaluated, 0 expanded
[t=0.002339s, 2740 KB] Initial heuristic value for lmcut: 4
[t=0.002343s, 2740 KB] pruning method: none
[t=0.002371s, 2740 KB] New best heuristic value for lmcut: 3
[t=0.002375s, 2740 KB] g=1, 4 evaluated, 1 expanded
[t=0.002406s, 2752 KB] New best heuristic value for lmcut: 2
[t=0.002411s, 2752 KB] g=2, 8 evaluated, 2 expanded
[t=0.002426s, 2752 KB] New best heuristic value for lmcut: 1
[t=0.002430s, 2752 KB] g=3, 10 evaluated, 3 expanded
[t=0.002440s, 2752 KB] New best heuristic value for lmcut: 0
[t=0.002442s, 2752 KB] g=4, 12 evaluated, 4 expanded
[t=0.002445s, 2752 KB] Solution found!
[t=0.002448s, 2752 KB] Actual search time: 0.000104s
move c32 c33 right (1)
move c33 c23 up (1)
move c23 c13 up (1)
push c13 c12 c11 b1 left (1)
[t=0.002451s, 2856 KB] Plan length: 4 step(s).
[t=0.002451s, 2856 KB] Plan cost: 4
[t=0.002451s, 2856 KB] Expanded 5 state(s).
[t=0.002451s, 2856 KB] Reopened 0 state(s).
[t=0.002451s, 2856 KB] Evaluated 12 state(s).
[t=0.002451s, 2856 KB] Evaluations: 12
[t=0.002451s, 2856 KB] Generated 15 state(s).
[t=0.002451s, 2856 KB] Dead ends: 0 state(s).
[t=0.002451s, 2856 KB] Expanded until last jump: 0 state(s).
[t=0.002451s, 2856 KB] Reopened until last jump: 0 state(s).
[t=0.002451s, 2856 KB] Evaluated until last jump: 1 state(s).
[t=0.002451s, 2856 KB] Generated until last jump: 0 state(s).
[t=0.002451s, 2856 KB] Number of registered states: 12
[t=0.002451s, 2856 KB] Int hash set load factor: 12/16 = 0.750000
[t=0.002451s, 2856 KB] Int hash set resizes: 4
[t=0.002451s, 2856 KB] Search time: 0.000170s
[t=0.002451s, 2856 KB] Total time: 0.002451s
Solution found.
Remove intermediate file output.sas
search exit code: 0

