INFO     planner time limit: None
INFO     planner memory limit: None

INFO     Running translator.
INFO     translator stdin: None
INFO     translator time limit: None
INFO     translator memory limit: None
INFO     translator command line string: 'D:\Miniforge3\python.exe' -m translate 'C:\Users\user\Desktop\theoria\.worktrees\e7-deadlock-claim\engine-rig\fixtures\data\sokoban_domain.pddl' 'C:\Users\user\Desktop\theoria\.worktrees\e7-deadlock-claim\engine-rig\runs\20260728T150713Z-E7-deadlock-claim-audit\attacks\crosscheck\sokoban-goal-in-corner\1291.pddl' --sas-file output.sas
Warning! SIGXCPU is not available on your platform. This means that the planner cannot be gracefully terminated when using a time limit, which, however, is probably supported on your platform anyway.
Parsing...
Parsing: [0.000s CPU, 0.001s wall-clock]
Normalizing task... [0.000s CPU, 0.000s wall-clock]
Instantiating...
Generating Datalog program... [0.000s CPU, 0.000s wall-clock]
Normalizing Datalog program...
Normalizing Datalog program: [0.000s CPU, 0.001s wall-clock]
Preparing model... [0.000s CPU, 0.000s wall-clock]
Generated 20 rules.
Computing model... [0.000s CPU, 0.002s wall-clock]
233 relevant atoms
354 auxiliary atoms
587 final queue length
729 total queue pushes
Completing instantiation... [0.000s CPU, 0.003s wall-clock]
Instantiating: [0.000s CPU, 0.005s wall-clock]
Computing fact groups...
Finding invariants...
7 initial candidates
Finding invariants: [0.000s CPU, 0.001s wall-clock]
Checking invariant weight... [0.000s CPU, 0.000s wall-clock]
Instantiating groups... [0.000s CPU, 0.000s wall-clock]
Collecting mutex groups... [0.016s CPU, 0.000s wall-clock]
Choosing groups...
16 uncovered facts
Choosing groups: [0.000s CPU, 0.000s wall-clock]
Building translation key... [0.000s CPU, 0.000s wall-clock]
Computing fact groups: [0.016s CPU, 0.001s wall-clock]
Building STRIPS to SAS dictionary... [0.000s CPU, 0.000s wall-clock]
Building dictionary for full mutex groups... [0.000s CPU, 0.000s wall-clock]
Building mutex information...
Building mutex information: [0.000s CPU, 0.000s wall-clock]
Translating task...
Processing axioms...
Simplifying axioms... [0.000s CPU, 0.000s wall-clock]
Translator axioms removed by simplifying: 0
Processing axioms: [0.000s CPU, 0.000s wall-clock]
Translating task: [0.000s CPU, 0.001s wall-clock]
100 effect conditions simplified
0 implied preconditions added
Detecting unreachable propositions...
0 operators removed
0 axioms removed
4 propositions removed
Detecting unreachable propositions: [0.000s CPU, 0.001s wall-clock]
Reordering and filtering variables...
17 of 17 variables necessary.
15 of 17 mutex groups necessary.
72 of 72 operators necessary.
0 of 0 axiom rules necessary.
Reordering and filtering variables: [0.000s CPU, 0.000s wall-clock]
Translator variables: 17
Translator derived variables: 0
Translator facts: 60
Translator goal facts: 1
Translator mutex groups: 15
Translator total mutex groups size: 45
Translator operators: 72
Translator axioms: 0
Translator task size: 639
warning: could not determine peak memory
Writing output... [0.000s CPU, 0.009s wall-clock]
Done! [0.016s CPU, 0.020s wall-clock]
translate exit code: 0

INFO     Running search (release).
INFO     search stdin: output.sas
INFO     search time limit: None
INFO     search memory limit: None
INFO     search command line string: 'C:\Users\user\Desktop\theoria\.worktrees\p13\engine-rig\.toolchain\downward\builds\release\bin\downward.exe' --search 'astar(lmcut())' --internal-plan-file 'C:\Users\user\AppData\Local\Temp\tmp7ia47e8g\sas_plan' < output.sas
[t=0.000113s, 1908 KB] Search code revision: 7120aa0
[t=0.000190s, 1928 KB] reading input...
[t=0.000977s, 2132 KB] done reading input!
[t=0.001875s, 2708 KB] Initializing landmark cut heuristic...
[t=0.001910s, 2708 KB] Building successor generator... done!
[t=0.001947s, 2716 KB] peak memory difference for successor generator creation: 8 KB
[t=0.001950s, 2716 KB] time for successor generation creation: 0.000027s
[t=0.001957s, 2716 KB] Variables: 17
[t=0.001961s, 2716 KB] FactPairs: 60
[t=0.001963s, 2716 KB] Bytes per state: 4
[t=0.001975s, 2716 KB] Conducting best first search with reopening closed nodes, (real) bound = 2147483647
[t=0.002021s, 2728 KB] New best heuristic value for lmcut: 7
[t=0.002026s, 2728 KB] g=0, 1 evaluated, 0 expanded
[t=0.002029s, 2728 KB] f = 7, 1 evaluated, 0 expanded
[t=0.002040s, 2744 KB] Initial heuristic value for lmcut: 7
[t=0.002044s, 2744 KB] pruning method: none
[t=0.002084s, 2756 KB] New best heuristic value for lmcut: 6
[t=0.002088s, 2756 KB] g=1, 3 evaluated, 1 expanded
[t=0.002115s, 2756 KB] New best heuristic value for lmcut: 5
[t=0.002119s, 2756 KB] g=2, 5 evaluated, 2 expanded
[t=0.002133s, 2756 KB] New best heuristic value for lmcut: 4
[t=0.002136s, 2756 KB] g=3, 6 evaluated, 3 expanded
[t=0.002165s, 2756 KB] New best heuristic value for lmcut: 3
[t=0.002168s, 2756 KB] g=4, 9 evaluated, 5 expanded
[t=0.002194s, 2764 KB] New best heuristic value for lmcut: 2
[t=0.002198s, 2764 KB] g=5, 12 evaluated, 6 expanded
[t=0.002210s, 2792 KB] New best heuristic value for lmcut: 1
[t=0.002214s, 2792 KB] g=6, 14 evaluated, 7 expanded
[t=0.002219s, 2792 KB] New best heuristic value for lmcut: 0
[t=0.002221s, 2792 KB] g=7, 15 evaluated, 8 expanded
[t=0.002236s, 2792 KB] Solution found!
[t=0.002241s, 2792 KB] Actual search time: 0.000196s
move c42 c43 right (1)
move c43 c33 up (1)
push c33 c23 c13 b1 up (1)
move c23 c24 right (1)
move c24 c14 up (1)
push c14 c13 c12 b1 left (1)
push c13 c12 c11 b1 left (1)
[t=0.002244s, 2860 KB] Plan length: 7 step(s).
[t=0.002244s, 2860 KB] Plan cost: 7
[t=0.002244s, 2860 KB] Expanded 9 state(s).
[t=0.002244s, 2860 KB] Reopened 0 state(s).
[t=0.002244s, 2860 KB] Evaluated 17 state(s).
[t=0.002244s, 2860 KB] Evaluations: 17
[t=0.002244s, 2860 KB] Generated 22 state(s).
[t=0.002244s, 2860 KB] Dead ends: 0 state(s).
[t=0.002244s, 2860 KB] Expanded until last jump: 0 state(s).
[t=0.002244s, 2860 KB] Reopened until last jump: 0 state(s).
[t=0.002244s, 2860 KB] Evaluated until last jump: 1 state(s).
[t=0.002244s, 2860 KB] Generated until last jump: 0 state(s).
[t=0.002244s, 2860 KB] Number of registered states: 17
[t=0.002244s, 2860 KB] Int hash set load factor: 17/32 = 0.531250
[t=0.002244s, 2860 KB] Int hash set resizes: 5
[t=0.002244s, 2860 KB] Search time: 0.000271s
[t=0.002244s, 2860 KB] Total time: 0.002244s
Solution found.
Remove intermediate file output.sas
search exit code: 0

