INFO     planner time limit: None
INFO     planner memory limit: None

INFO     Running translator.
INFO     translator stdin: None
INFO     translator time limit: None
INFO     translator memory limit: None
INFO     translator command line string: 'D:\Miniforge3\python.exe' -m translate 'C:\Users\user\Desktop\theoria\.worktrees\e7-deadlock-claim\engine-rig\fixtures\data\sokoban_domain.pddl' 'C:\Users\user\Desktop\theoria\.worktrees\e7-deadlock-claim\engine-rig\runs\20260728T150713Z-E7-deadlock-claim-audit\attacks\crosscheck\sokoban-goal-in-corner\1681.pddl' --sas-file output.sas
Warning! SIGXCPU is not available on your platform. This means that the planner cannot be gracefully terminated when using a time limit, which, however, is probably supported on your platform anyway.
Parsing...
Parsing: [0.000s CPU, 0.001s wall-clock]
Normalizing task... [0.000s CPU, 0.000s wall-clock]
Instantiating...
Generating Datalog program... [0.000s CPU, 0.000s wall-clock]
Normalizing Datalog program...
Normalizing Datalog program: [0.000s CPU, 0.001s wall-clock]
Preparing model... [0.000s CPU, 0.000s wall-clock]
Generated 20 rules.
Computing model... [0.000s CPU, 0.002s wall-clock]
211 relevant atoms
352 auxiliary atoms
563 final queue length
659 total queue pushes
Completing instantiation... [0.000s CPU, 0.001s wall-clock]
Instantiating: [0.000s CPU, 0.003s wall-clock]
Computing fact groups...
Finding invariants...
7 initial candidates
Finding invariants: [0.000s CPU, 0.001s wall-clock]
Checking invariant weight... [0.000s CPU, 0.000s wall-clock]
Instantiating groups... [0.000s CPU, 0.000s wall-clock]
Collecting mutex groups... [0.000s CPU, 0.000s wall-clock]
Choosing groups...
16 uncovered facts
Choosing groups: [0.000s CPU, 0.000s wall-clock]
Building translation key... [0.000s CPU, 0.000s wall-clock]
Computing fact groups: [0.000s CPU, 0.001s wall-clock]
Building STRIPS to SAS dictionary... [0.000s CPU, 0.000s wall-clock]
Building dictionary for full mutex groups... [0.000s CPU, 0.000s wall-clock]
Building mutex information...
Building mutex information: [0.000s CPU, 0.000s wall-clock]
Translating task...
Processing axioms...
Simplifying axioms... [0.000s CPU, 0.000s wall-clock]
Translator axioms removed by simplifying: 0
Processing axioms: [0.000s CPU, 0.000s wall-clock]
Translating task: [0.000s CPU, 0.004s wall-clock]
64 effect conditions simplified
0 implied preconditions added
Detecting unreachable propositions...
0 operators removed
0 axioms removed
3 propositions removed
Detecting unreachable propositions: [0.000s CPU, 0.001s wall-clock]
Reordering and filtering variables...
19 of 19 variables necessary.
16 of 19 mutex groups necessary.
56 of 56 operators necessary.
0 of 0 axiom rules necessary.
Reordering and filtering variables: [0.000s CPU, 0.000s wall-clock]
Translator variables: 19
Translator derived variables: 0
Translator facts: 56
Translator goal facts: 2
Translator mutex groups: 16
Translator total mutex groups size: 40
Translator operators: 56
Translator axioms: 0
Translator task size: 477
warning: could not determine peak memory
Writing output... [0.000s CPU, 0.009s wall-clock]
Done! [0.000s CPU, 0.020s wall-clock]
translate exit code: 0

INFO     Running search (release).
INFO     search stdin: output.sas
INFO     search time limit: None
INFO     search memory limit: None
INFO     search command line string: 'C:\Users\user\Desktop\theoria\.worktrees\p13\engine-rig\.toolchain\downward\builds\release\bin\downward.exe' --search 'astar(lmcut())' --internal-plan-file 'C:\Users\user\AppData\Local\Temp\tmpnlzzwm0p\sas_plan' < output.sas
[t=0.000156s, 1972 KB] Search code revision: 7120aa0
[t=0.000252s, 1972 KB] reading input...
[t=0.000922s, 2116 KB] done reading input!
[t=0.002225s, 2688 KB] Initializing landmark cut heuristic...
[t=0.002261s, 2696 KB] Building successor generator... done!
[t=0.002326s, 2708 KB] peak memory difference for successor generator creation: 12 KB
[t=0.002329s, 2708 KB] time for successor generation creation: 0.000054s
[t=0.002335s, 2708 KB] Variables: 19
[t=0.002338s, 2708 KB] FactPairs: 56
[t=0.002340s, 2708 KB] Bytes per state: 4
[t=0.002353s, 2708 KB] Conducting best first search with reopening closed nodes, (real) bound = 2147483647
[t=0.002442s, 2740 KB] New best heuristic value for lmcut: 8
[t=0.002456s, 2760 KB] g=0, 1 evaluated, 0 expanded
[t=0.002459s, 2760 KB] f = 8, 1 evaluated, 0 expanded
[t=0.002470s, 2772 KB] Initial heuristic value for lmcut: 8
[t=0.002475s, 2772 KB] pruning method: none
[t=0.002509s, 2792 KB] New best heuristic value for lmcut: 7
[t=0.002513s, 2792 KB] g=1, 3 evaluated, 1 expanded
[t=0.002525s, 2792 KB] New best heuristic value for lmcut: 6
[t=0.002527s, 2792 KB] g=2, 4 evaluated, 2 expanded
[t=0.002555s, 2792 KB] New best heuristic value for lmcut: 5
[t=0.002560s, 2800 KB] g=3, 6 evaluated, 3 expanded
[t=0.002579s, 2800 KB] New best heuristic value for lmcut: 4
[t=0.002584s, 2800 KB] g=4, 8 evaluated, 4 expanded
[t=0.002604s, 2800 KB] New best heuristic value for lmcut: 3
[t=0.002609s, 2800 KB] g=5, 11 evaluated, 5 expanded
[t=0.002616s, 2800 KB] New best heuristic value for lmcut: 2
[t=0.002620s, 2800 KB] g=6, 12 evaluated, 6 expanded
[t=0.002627s, 2800 KB] New best heuristic value for lmcut: 1
[t=0.002629s, 2800 KB] g=7, 13 evaluated, 7 expanded
[t=0.002638s, 2800 KB] New best heuristic value for lmcut: 0
[t=0.002643s, 2800 KB] g=8, 14 evaluated, 8 expanded
[t=0.002659s, 2812 KB] Solution found!
[t=0.002664s, 2812 KB] Actual search time: 0.000186s
move c41 c42 right (1)
push c42 c43 c44 b2 right (1)
move c43 c33 up (1)
move c33 c34 right (1)
move c34 c24 up (1)
move c24 c14 up (1)
push c14 c13 c12 b1 left (1)
push c13 c12 c11 b1 left (1)
[t=0.002667s, 2852 KB] Plan length: 8 step(s).
[t=0.002667s, 2852 KB] Plan cost: 8
[t=0.002667s, 2852 KB] Expanded 9 state(s).
[t=0.002667s, 2852 KB] Reopened 0 state(s).
[t=0.002667s, 2852 KB] Evaluated 16 state(s).
[t=0.002667s, 2852 KB] Evaluations: 16
[t=0.002667s, 2852 KB] Generated 21 state(s).
[t=0.002667s, 2852 KB] Dead ends: 0 state(s).
[t=0.002667s, 2852 KB] Expanded until last jump: 0 state(s).
[t=0.002667s, 2852 KB] Reopened until last jump: 0 state(s).
[t=0.002667s, 2852 KB] Evaluated until last jump: 1 state(s).
[t=0.002667s, 2852 KB] Generated until last jump: 0 state(s).
[t=0.002667s, 2852 KB] Number of registered states: 16
[t=0.002667s, 2852 KB] Int hash set load factor: 16/16 = 1.000000
[t=0.002667s, 2852 KB] Int hash set resizes: 4
[t=0.002667s, 2852 KB] Search time: 0.000316s
[t=0.002667s, 2852 KB] Total time: 0.002667s
Solution found.
Remove intermediate file output.sas
search exit code: 0

