INFO     planner time limit: None
INFO     planner memory limit: None

INFO     Running translator.
INFO     translator stdin: None
INFO     translator time limit: None
INFO     translator memory limit: None
INFO     translator command line string: 'D:\Miniforge3\python.exe' -m translate 'C:\Users\user\Desktop\theoria\.worktrees\e7-deadlock-claim\engine-rig\fixtures\data\sokoban_domain.pddl' 'C:\Users\user\Desktop\theoria\.worktrees\e7-deadlock-claim\engine-rig\runs\20260728T150713Z-E7-deadlock-claim-audit\attacks\crosscheck\sokoban-goal-in-corner\2231.pddl' --sas-file output.sas
Warning! SIGXCPU is not available on your platform. This means that the planner cannot be gracefully terminated when using a time limit, which, however, is probably supported on your platform anyway.
Parsing...
Parsing: [0.000s CPU, 0.001s wall-clock]
Normalizing task... [0.000s CPU, 0.000s wall-clock]
Instantiating...
Generating Datalog program... [0.000s CPU, 0.000s wall-clock]
Normalizing Datalog program...
Normalizing Datalog program: [0.000s CPU, 0.001s wall-clock]
Preparing model... [0.000s CPU, 0.000s wall-clock]
Generated 20 rules.
Computing model... [0.016s CPU, 0.002s wall-clock]
251 relevant atoms
376 auxiliary atoms
627 final queue length
795 total queue pushes
Completing instantiation... [0.000s CPU, 0.003s wall-clock]
Instantiating: [0.016s CPU, 0.006s wall-clock]
Computing fact groups...
Finding invariants...
7 initial candidates
Finding invariants: [0.000s CPU, 0.001s wall-clock]
Checking invariant weight... [0.000s CPU, 0.000s wall-clock]
Instantiating groups... [0.000s CPU, 0.000s wall-clock]
Collecting mutex groups... [0.000s CPU, 0.000s wall-clock]
Choosing groups...
16 uncovered facts
Choosing groups: [0.000s CPU, 0.000s wall-clock]
Building translation key... [0.000s CPU, 0.000s wall-clock]
Computing fact groups: [0.000s CPU, 0.002s wall-clock]
Building STRIPS to SAS dictionary... [0.000s CPU, 0.000s wall-clock]
Building dictionary for full mutex groups... [0.000s CPU, 0.000s wall-clock]
Building mutex information...
Building mutex information: [0.000s CPU, 0.000s wall-clock]
Translating task...
Processing axioms...
Simplifying axioms... [0.000s CPU, 0.000s wall-clock]
Translator axioms removed by simplifying: 0
Processing axioms: [0.000s CPU, 0.000s wall-clock]
Translating task: [0.000s CPU, 0.002s wall-clock]
120 effect conditions simplified
0 implied preconditions added
Detecting unreachable propositions...
0 operators removed
0 axioms removed
3 propositions removed
Detecting unreachable propositions: [0.000s CPU, 0.001s wall-clock]
Reordering and filtering variables...
19 of 19 variables necessary.
16 of 19 mutex groups necessary.
84 of 84 operators necessary.
0 of 0 axiom rules necessary.
Reordering and filtering variables: [0.000s CPU, 0.001s wall-clock]
Translator variables: 19
Translator derived variables: 0
Translator facts: 68
Translator goal facts: 2
Translator mutex groups: 16
Translator total mutex groups size: 52
Translator operators: 84
Translator axioms: 0
Translator task size: 753
warning: could not determine peak memory
Writing output... [0.000s CPU, 0.009s wall-clock]
Done! [0.016s CPU, 0.022s wall-clock]
translate exit code: 0

INFO     Running search (release).
INFO     search stdin: output.sas
INFO     search time limit: None
INFO     search memory limit: None
INFO     search command line string: 'C:\Users\user\Desktop\theoria\.worktrees\p13\engine-rig\.toolchain\downward\builds\release\bin\downward.exe' --search 'astar(lmcut())' --internal-plan-file 'C:\Users\user\AppData\Local\Temp\tmpa_qrukhr\sas_plan' < output.sas
[t=0.000127s, 1928 KB] Search code revision: 7120aa0
[t=0.000224s, 1956 KB] reading input...
[t=0.001214s, 2168 KB] done reading input!
[t=0.002309s, 2660 KB] Initializing landmark cut heuristic...
[t=0.002355s, 2660 KB] Building successor generator... done!
[t=0.002414s, 2708 KB] peak memory difference for successor generator creation: 20 KB
[t=0.002418s, 2708 KB] time for successor generation creation: 0.000047s
[t=0.002428s, 2708 KB] Variables: 19
[t=0.002435s, 2708 KB] FactPairs: 68
[t=0.002438s, 2708 KB] Bytes per state: 4
[t=0.002458s, 2708 KB] Conducting best first search with reopening closed nodes, (real) bound = 2147483647
[t=0.002570s, 2776 KB] New best heuristic value for lmcut: 7
[t=0.002585s, 2776 KB] g=0, 1 evaluated, 0 expanded
[t=0.002589s, 2776 KB] f = 7, 1 evaluated, 0 expanded
[t=0.002598s, 2776 KB] Initial heuristic value for lmcut: 7
[t=0.002601s, 2776 KB] pruning method: none
[t=0.002651s, 2776 KB] f = 8, 3 evaluated, 1 expanded
[t=0.002692s, 2776 KB] New best heuristic value for lmcut: 6
[t=0.002698s, 2776 KB] g=2, 5 evaluated, 2 expanded
[t=0.002711s, 2776 KB] New best heuristic value for lmcut: 5
[t=0.002715s, 2776 KB] g=3, 6 evaluated, 3 expanded
[t=0.002776s, 2776 KB] New best heuristic value for lmcut: 4
[t=0.002781s, 2776 KB] g=4, 11 evaluated, 4 expanded
[t=0.002798s, 2776 KB] f = 9, 13 evaluated, 5 expanded
[t=0.002823s, 2776 KB] New best heuristic value for lmcut: 3
[t=0.002827s, 2776 KB] g=6, 16 evaluated, 7 expanded
[t=0.002839s, 2780 KB] New best heuristic value for lmcut: 2
[t=0.002843s, 2780 KB] g=7, 17 evaluated, 8 expanded
[t=0.002855s, 2808 KB] New best heuristic value for lmcut: 1
[t=0.002859s, 2808 KB] g=8, 19 evaluated, 9 expanded
[t=0.002864s, 2808 KB] New best heuristic value for lmcut: 0
[t=0.002867s, 2808 KB] g=9, 20 evaluated, 10 expanded
[t=0.002879s, 2808 KB] Solution found!
[t=0.002884s, 2808 KB] Actual search time: 0.000280s
move c44 c43 left (1)
push c43 c33 c23 b1 up (1)
push c33 c23 c13 b1 up (1)
move c23 c24 right (1)
push c24 c34 c44 b2 down (1)
move c34 c24 up (1)
move c24 c14 up (1)
push c14 c13 c12 b1 left (1)
push c13 c12 c11 b1 left (1)
[t=0.002888s, 2884 KB] Plan length: 9 step(s).
[t=0.002888s, 2884 KB] Plan cost: 9
[t=0.002888s, 2884 KB] Expanded 11 state(s).
[t=0.002888s, 2884 KB] Reopened 0 state(s).
[t=0.002888s, 2884 KB] Evaluated 22 state(s).
[t=0.002888s, 2884 KB] Evaluations: 22
[t=0.002888s, 2884 KB] Generated 26 state(s).
[t=0.002888s, 2884 KB] Dead ends: 0 state(s).
[t=0.002888s, 2884 KB] Expanded until last jump: 5 state(s).
[t=0.002888s, 2884 KB] Reopened until last jump: 0 state(s).
[t=0.002888s, 2884 KB] Evaluated until last jump: 13 state(s).
[t=0.002888s, 2884 KB] Generated until last jump: 14 state(s).
[t=0.002888s, 2884 KB] Number of registered states: 22
[t=0.002888s, 2884 KB] Int hash set load factor: 22/32 = 0.687500
[t=0.002888s, 2884 KB] Int hash set resizes: 5
[t=0.002888s, 2884 KB] Search time: 0.000433s
[t=0.002888s, 2884 KB] Total time: 0.002888s
Solution found.
Remove intermediate file output.sas
search exit code: 0

