INFO     planner time limit: None
INFO     planner memory limit: None

INFO     Running translator.
INFO     translator stdin: None
INFO     translator time limit: None
INFO     translator memory limit: None
INFO     translator command line string: 'D:\Miniforge3\python.exe' -m translate 'C:\Users\user\Desktop\theoria\.worktrees\e7-deadlock-claim\engine-rig\runs\20260728T150713Z-E7-deadlock-claim-audit\attacks\crosscheck\sokoban_nc_domain.pddl' 'C:\Users\user\Desktop\theoria\.worktrees\e7-deadlock-claim\engine-rig\runs\20260728T150713Z-E7-deadlock-claim-audit\attacks\crosscheck\noclear-box-on-goal-nc\0015.pddl' --sas-file output.sas
Warning! SIGXCPU is not available on your platform. This means that the planner cannot be gracefully terminated when using a time limit, which, however, is probably supported on your platform anyway.
Parsing...
Parsing: [0.000s CPU, 0.002s wall-clock]
Normalizing task... [0.000s CPU, 0.000s wall-clock]
Instantiating...
Generating Datalog program... [0.000s CPU, 0.000s wall-clock]
Normalizing Datalog program...
Normalizing Datalog program: [0.000s CPU, 0.002s wall-clock]
Preparing model... [0.000s CPU, 0.000s wall-clock]
Generated 19 rules.
Computing model... [0.016s CPU, 0.002s wall-clock]
244 relevant atoms
338 auxiliary atoms
582 final queue length
763 total queue pushes
Completing instantiation... [0.000s CPU, 0.005s wall-clock]
Instantiating: [0.016s CPU, 0.009s wall-clock]
Computing fact groups...
Finding invariants...
7 initial candidates
Finding invariants: [0.000s CPU, 0.001s wall-clock]
Checking invariant weight... [0.000s CPU, 0.000s wall-clock]
Instantiating groups... [0.000s CPU, 0.000s wall-clock]
Collecting mutex groups... [0.000s CPU, 0.000s wall-clock]
Choosing groups...
17 uncovered facts
Choosing groups: [0.000s CPU, 0.000s wall-clock]
Building translation key... [0.000s CPU, 0.000s wall-clock]
Computing fact groups: [0.000s CPU, 0.001s wall-clock]
Building STRIPS to SAS dictionary... [0.000s CPU, 0.000s wall-clock]
Building dictionary for full mutex groups... [0.000s CPU, 0.000s wall-clock]
Building mutex information...
Building mutex information: [0.000s CPU, 0.000s wall-clock]
Translating task...
Processing axioms...
Simplifying axioms... [0.000s CPU, 0.000s wall-clock]
Translator axioms removed by simplifying: 0
Processing axioms: [0.000s CPU, 0.000s wall-clock]
Translating task: [0.000s CPU, 0.003s wall-clock]
80 effect conditions simplified
0 implied preconditions added
Detecting unreachable propositions...
0 operators removed
0 axioms removed
4 propositions removed
Detecting unreachable propositions: [0.000s CPU, 0.001s wall-clock]
Reordering and filtering variables...
18 of 18 variables necessary.
0 of 2 mutex groups necessary.
80 of 80 operators necessary.
0 of 0 axiom rules necessary.
Reordering and filtering variables: [0.000s CPU, 0.001s wall-clock]
Translator variables: 18
Translator derived variables: 0
Translator facts: 64
Translator goal facts: 1
Translator mutex groups: 0
Translator total mutex groups size: 0
Translator operators: 80
Translator axioms: 0
Translator task size: 659
warning: could not determine peak memory
Writing output... [0.000s CPU, 0.010s wall-clock]
Done! [0.016s CPU, 0.028s wall-clock]
translate exit code: 0

INFO     Running search (release).
INFO     search stdin: output.sas
INFO     search time limit: None
INFO     search memory limit: None
INFO     search command line string: 'C:\Users\user\Desktop\theoria\.worktrees\p13\engine-rig\.toolchain\downward\builds\release\bin\downward.exe' --search 'astar(lmcut())' --internal-plan-file 'C:\Users\user\AppData\Local\Temp\tmpqldwvcdl\sas_plan' < output.sas
[t=0.000125s, 1844 KB] Search code revision: 7120aa0
[t=0.000205s, 1848 KB] reading input...
[t=0.001043s, 2080 KB] done reading input!
[t=0.001974s, 2600 KB] Initializing landmark cut heuristic...
[t=0.001999s, 2600 KB] Building successor generator... done!
[t=0.002049s, 2620 KB] peak memory difference for successor generator creation: 20 KB
[t=0.002054s, 2620 KB] time for successor generation creation: 0.000041s
[t=0.002059s, 2620 KB] Variables: 18
[t=0.002062s, 2620 KB] FactPairs: 64
[t=0.002067s, 2620 KB] Bytes per state: 4
[t=0.002073s, 2620 KB] Conducting best first search with reopening closed nodes, (real) bound = 2147483647
[t=0.002103s, 2644 KB] New best heuristic value for lmcut: 2
[t=0.002111s, 2644 KB] g=0, 1 evaluated, 0 expanded
[t=0.002114s, 2644 KB] f = 2, 1 evaluated, 0 expanded
[t=0.002122s, 2656 KB] Initial heuristic value for lmcut: 2
[t=0.002125s, 2656 KB] pruning method: none
[t=0.002168s, 2656 KB] New best heuristic value for lmcut: 1
[t=0.002174s, 2656 KB] g=1, 5 evaluated, 1 expanded
[t=0.002180s, 2656 KB] New best heuristic value for lmcut: 0
[t=0.002182s, 2656 KB] g=2, 6 evaluated, 2 expanded
[t=0.002199s, 2656 KB] Solution found!
[t=0.002204s, 2656 KB] Actual search time: 0.000075s
move c32 c33 right (1)
push c33 c23 c13 b2 up (1)
[t=0.002207s, 2896 KB] Plan length: 2 step(s).
[t=0.002207s, 2896 KB] Plan cost: 2
[t=0.002207s, 2896 KB] Expanded 3 state(s).
[t=0.002207s, 2896 KB] Reopened 0 state(s).
[t=0.002207s, 2896 KB] Evaluated 8 state(s).
[t=0.002207s, 2896 KB] Evaluations: 8
[t=0.002207s, 2896 KB] Generated 8 state(s).
[t=0.002207s, 2896 KB] Dead ends: 0 state(s).
[t=0.002207s, 2896 KB] Expanded until last jump: 0 state(s).
[t=0.002207s, 2896 KB] Reopened until last jump: 0 state(s).
[t=0.002207s, 2896 KB] Evaluated until last jump: 1 state(s).
[t=0.002207s, 2896 KB] Generated until last jump: 0 state(s).
[t=0.002207s, 2896 KB] Number of registered states: 8
[t=0.002207s, 2896 KB] Int hash set load factor: 8/8 = 1.000000
[t=0.002207s, 2896 KB] Int hash set resizes: 3
[t=0.002207s, 2896 KB] Search time: 0.000134s
[t=0.002207s, 2896 KB] Total time: 0.002207s
Solution found.
Remove intermediate file output.sas
search exit code: 0

