INFO     planner time limit: None
INFO     planner memory limit: None

INFO     Running translator.
INFO     translator stdin: None
INFO     translator time limit: None
INFO     translator memory limit: None
INFO     translator command line string: 'D:\Miniforge3\python.exe' -m translate 'C:\Users\user\Desktop\theoria\.worktrees\e7-deadlock-claim\engine-rig\runs\20260728T150713Z-E7-deadlock-claim-audit\attacks\crosscheck\sokoban_nc_domain.pddl' 'C:\Users\user\Desktop\theoria\.worktrees\e7-deadlock-claim\engine-rig\runs\20260728T150713Z-E7-deadlock-claim-audit\attacks\crosscheck\noclear-box-on-goal-nc\0023.pddl' --sas-file output.sas
Warning! SIGXCPU is not available on your platform. This means that the planner cannot be gracefully terminated when using a time limit, which, however, is probably supported on your platform anyway.
Parsing...
Parsing: [0.000s CPU, 0.002s wall-clock]
Normalizing task... [0.000s CPU, 0.000s wall-clock]
Instantiating...
Generating Datalog program... [0.000s CPU, 0.000s wall-clock]
Normalizing Datalog program...
Normalizing Datalog program: [0.000s CPU, 0.001s wall-clock]
Preparing model... [0.000s CPU, 0.000s wall-clock]
Generated 19 rules.
Computing model... [0.016s CPU, 0.002s wall-clock]
244 relevant atoms
338 auxiliary atoms
582 final queue length
763 total queue pushes
Completing instantiation... [0.000s CPU, 0.003s wall-clock]
Instantiating: [0.016s CPU, 0.006s wall-clock]
Computing fact groups...
Finding invariants...
7 initial candidates
Finding invariants: [0.000s CPU, 0.000s wall-clock]
Checking invariant weight... [0.000s CPU, 0.000s wall-clock]
Instantiating groups... [0.000s CPU, 0.000s wall-clock]
Collecting mutex groups... [0.000s CPU, 0.000s wall-clock]
Choosing groups...
17 uncovered facts
Choosing groups: [0.000s CPU, 0.000s wall-clock]
Building translation key... [0.000s CPU, 0.000s wall-clock]
Computing fact groups: [0.000s CPU, 0.001s wall-clock]
Building STRIPS to SAS dictionary... [0.000s CPU, 0.000s wall-clock]
Building dictionary for full mutex groups... [0.000s CPU, 0.000s wall-clock]
Building mutex information...
Building mutex information: [0.000s CPU, 0.000s wall-clock]
Translating task...
Processing axioms...
Simplifying axioms... [0.000s CPU, 0.000s wall-clock]
Translator axioms removed by simplifying: 0
Processing axioms: [0.000s CPU, 0.000s wall-clock]
Translating task: [0.000s CPU, 0.002s wall-clock]
80 effect conditions simplified
0 implied preconditions added
Detecting unreachable propositions...
0 operators removed
0 axioms removed
4 propositions removed
Detecting unreachable propositions: [0.000s CPU, 0.001s wall-clock]
Reordering and filtering variables...
18 of 18 variables necessary.
0 of 2 mutex groups necessary.
80 of 80 operators necessary.
0 of 0 axiom rules necessary.
Reordering and filtering variables: [0.000s CPU, 0.001s wall-clock]
Translator variables: 18
Translator derived variables: 0
Translator facts: 64
Translator goal facts: 1
Translator mutex groups: 0
Translator total mutex groups size: 0
Translator operators: 80
Translator axioms: 0
Translator task size: 659
warning: could not determine peak memory
Writing output... [0.000s CPU, 0.010s wall-clock]
Done! [0.016s CPU, 0.023s wall-clock]
translate exit code: 0

INFO     Running search (release).
INFO     search stdin: output.sas
INFO     search time limit: None
INFO     search memory limit: None
INFO     search command line string: 'C:\Users\user\Desktop\theoria\.worktrees\p13\engine-rig\.toolchain\downward\builds\release\bin\downward.exe' --search 'astar(lmcut())' --internal-plan-file 'C:\Users\user\AppData\Local\Temp\tmp2eniqhgf\sas_plan' < output.sas
[t=0.000119s, 1904 KB] Search code revision: 7120aa0
[t=0.000205s, 1908 KB] reading input...
[t=0.001038s, 2128 KB] done reading input!
[t=0.001853s, 2548 KB] Initializing landmark cut heuristic...
[t=0.001877s, 2556 KB] Building successor generator... done!
[t=0.001917s, 2568 KB] peak memory difference for successor generator creation: 12 KB
[t=0.001920s, 2568 KB] time for successor generation creation: 0.000033s
[t=0.001925s, 2568 KB] Variables: 18
[t=0.001928s, 2568 KB] FactPairs: 64
[t=0.001932s, 2568 KB] Bytes per state: 4
[t=0.001938s, 2568 KB] Conducting best first search with reopening closed nodes, (real) bound = 2147483647
[t=0.001973s, 2592 KB] New best heuristic value for lmcut: 6
[t=0.001978s, 2592 KB] g=0, 1 evaluated, 0 expanded
[t=0.001980s, 2592 KB] f = 6, 1 evaluated, 0 expanded
[t=0.001987s, 2604 KB] Initial heuristic value for lmcut: 6
[t=0.001991s, 2604 KB] pruning method: none
[t=0.002038s, 2604 KB] f = 7, 5 evaluated, 1 expanded
[t=0.002055s, 2604 KB] New best heuristic value for lmcut: 5
[t=0.002058s, 2604 KB] g=2, 6 evaluated, 2 expanded
[t=0.002072s, 2604 KB] New best heuristic value for lmcut: 4
[t=0.002075s, 2604 KB] g=3, 7 evaluated, 3 expanded
[t=0.002122s, 2604 KB] New best heuristic value for lmcut: 3
[t=0.002129s, 2604 KB] g=4, 12 evaluated, 5 expanded
[t=0.002158s, 2604 KB] New best heuristic value for lmcut: 2
[t=0.002162s, 2604 KB] g=5, 15 evaluated, 6 expanded
[t=0.002180s, 2616 KB] New best heuristic value for lmcut: 1
[t=0.002184s, 2616 KB] g=6, 17 evaluated, 7 expanded
[t=0.002189s, 2616 KB] New best heuristic value for lmcut: 0
[t=0.002192s, 2616 KB] g=7, 18 evaluated, 8 expanded
[t=0.002216s, 2616 KB] Solution found!
[t=0.002223s, 2616 KB] Actual search time: 0.000230s
move c22 c21 left (1)
move c21 c31 down (1)
push c31 c32 c33 b2 right (1)
move c32 c42 down (1)
move c42 c43 right (1)
push c43 c33 c23 b2 up (1)
push c33 c23 c13 b2 up (1)
[t=0.002227s, 2844 KB] Plan length: 7 step(s).
[t=0.002227s, 2844 KB] Plan cost: 7
[t=0.002227s, 2844 KB] Expanded 9 state(s).
[t=0.002227s, 2844 KB] Reopened 0 state(s).
[t=0.002227s, 2844 KB] Evaluated 21 state(s).
[t=0.002227s, 2844 KB] Evaluations: 21
[t=0.002227s, 2844 KB] Generated 25 state(s).
[t=0.002227s, 2844 KB] Dead ends: 2 state(s).
[t=0.002227s, 2844 KB] Expanded until last jump: 1 state(s).
[t=0.002227s, 2844 KB] Reopened until last jump: 0 state(s).
[t=0.002227s, 2844 KB] Evaluated until last jump: 5 state(s).
[t=0.002227s, 2844 KB] Generated until last jump: 4 state(s).
[t=0.002227s, 2844 KB] Number of registered states: 21
[t=0.002227s, 2844 KB] Int hash set load factor: 21/32 = 0.656250
[t=0.002227s, 2844 KB] Int hash set resizes: 5
[t=0.002227s, 2844 KB] Search time: 0.000290s
[t=0.002227s, 2844 KB] Total time: 0.002227s
Solution found.
Remove intermediate file output.sas
search exit code: 0

