INFO     planner time limit: None
INFO     planner memory limit: None

INFO     Running translator.
INFO     translator stdin: None
INFO     translator time limit: None
INFO     translator memory limit: None
INFO     translator command line string: 'D:\Miniforge3\python.exe' -m translate 'C:\Users\user\Desktop\theoria\.worktrees\e7-deadlock-claim\engine-rig\runs\20260728T150713Z-E7-deadlock-claim-audit\attacks\crosscheck\sokoban_nc_domain.pddl' 'C:\Users\user\Desktop\theoria\.worktrees\e7-deadlock-claim\engine-rig\runs\20260728T150713Z-E7-deadlock-claim-audit\attacks\crosscheck\noclear-box-on-goal-nc\0093.pddl' --sas-file output.sas
Warning! SIGXCPU is not available on your platform. This means that the planner cannot be gracefully terminated when using a time limit, which, however, is probably supported on your platform anyway.
Parsing...
Parsing: [0.016s CPU, 0.001s wall-clock]
Normalizing task... [0.000s CPU, 0.000s wall-clock]
Instantiating...
Generating Datalog program... [0.000s CPU, 0.000s wall-clock]
Normalizing Datalog program...
Normalizing Datalog program: [0.000s CPU, 0.001s wall-clock]
Preparing model... [0.000s CPU, 0.000s wall-clock]
Generated 19 rules.
Computing model... [0.000s CPU, 0.002s wall-clock]
244 relevant atoms
338 auxiliary atoms
582 final queue length
763 total queue pushes
Completing instantiation... [0.000s CPU, 0.003s wall-clock]
Instantiating: [0.000s CPU, 0.006s wall-clock]
Computing fact groups...
Finding invariants...
7 initial candidates
Finding invariants: [0.000s CPU, 0.001s wall-clock]
Checking invariant weight... [0.000s CPU, 0.000s wall-clock]
Instantiating groups... [0.000s CPU, 0.000s wall-clock]
Collecting mutex groups... [0.000s CPU, 0.000s wall-clock]
Choosing groups...
17 uncovered facts
Choosing groups: [0.000s CPU, 0.000s wall-clock]
Building translation key... [0.000s CPU, 0.000s wall-clock]
Computing fact groups: [0.000s CPU, 0.001s wall-clock]
Building STRIPS to SAS dictionary... [0.000s CPU, 0.000s wall-clock]
Building dictionary for full mutex groups... [0.000s CPU, 0.000s wall-clock]
Building mutex information...
Building mutex information: [0.000s CPU, 0.000s wall-clock]
Translating task...
Processing axioms...
Simplifying axioms... [0.000s CPU, 0.000s wall-clock]
Translator axioms removed by simplifying: 0
Processing axioms: [0.000s CPU, 0.000s wall-clock]
Translating task: [0.000s CPU, 0.002s wall-clock]
80 effect conditions simplified
0 implied preconditions added
Detecting unreachable propositions...
0 operators removed
0 axioms removed
4 propositions removed
Detecting unreachable propositions: [0.000s CPU, 0.001s wall-clock]
Reordering and filtering variables...
18 of 18 variables necessary.
0 of 2 mutex groups necessary.
80 of 80 operators necessary.
0 of 0 axiom rules necessary.
Reordering and filtering variables: [0.000s CPU, 0.001s wall-clock]
Translator variables: 18
Translator derived variables: 0
Translator facts: 64
Translator goal facts: 1
Translator mutex groups: 0
Translator total mutex groups size: 0
Translator operators: 80
Translator axioms: 0
Translator task size: 659
warning: could not determine peak memory
Writing output... [0.000s CPU, 0.010s wall-clock]
Done! [0.016s CPU, 0.021s wall-clock]
translate exit code: 0

INFO     Running search (release).
INFO     search stdin: output.sas
INFO     search time limit: None
INFO     search memory limit: None
INFO     search command line string: 'C:\Users\user\Desktop\theoria\.worktrees\p13\engine-rig\.toolchain\downward\builds\release\bin\downward.exe' --search 'astar(lmcut())' --internal-plan-file 'C:\Users\user\AppData\Local\Temp\tmpzhho35bu\sas_plan' < output.sas
[t=0.000134s, 1836 KB] Search code revision: 7120aa0
[t=0.000239s, 1840 KB] reading input...
[t=0.001043s, 2088 KB] done reading input!
[t=0.001991s, 2592 KB] Initializing landmark cut heuristic...
[t=0.002014s, 2592 KB] Building successor generator... done!
[t=0.002056s, 2612 KB] peak memory difference for successor generator creation: 20 KB
[t=0.002059s, 2612 KB] time for successor generation creation: 0.000035s
[t=0.002063s, 2612 KB] Variables: 18
[t=0.002066s, 2612 KB] FactPairs: 64
[t=0.002068s, 2612 KB] Bytes per state: 4
[t=0.002077s, 2612 KB] Conducting best first search with reopening closed nodes, (real) bound = 2147483647
[t=0.002110s, 2636 KB] New best heuristic value for lmcut: 6
[t=0.002114s, 2636 KB] g=0, 1 evaluated, 0 expanded
[t=0.002117s, 2636 KB] f = 6, 1 evaluated, 0 expanded
[t=0.002124s, 2648 KB] Initial heuristic value for lmcut: 6
[t=0.002128s, 2648 KB] pruning method: none
[t=0.002170s, 2652 KB] New best heuristic value for lmcut: 5
[t=0.002174s, 2652 KB] g=1, 4 evaluated, 1 expanded
[t=0.002202s, 2656 KB] f = 7, 7 evaluated, 2 expanded
[t=0.002243s, 2692 KB] f = 8, 10 evaluated, 4 expanded
[t=0.002283s, 2692 KB] f = 9, 14 evaluated, 7 expanded
[t=0.002314s, 2704 KB] New best heuristic value for lmcut: 4
[t=0.002318s, 2704 KB] g=5, 16 evaluated, 8 expanded
[t=0.002330s, 2704 KB] New best heuristic value for lmcut: 3
[t=0.002334s, 2704 KB] g=6, 17 evaluated, 9 expanded
[t=0.002363s, 2704 KB] New best heuristic value for lmcut: 2
[t=0.002368s, 2704 KB] g=7, 21 evaluated, 10 expanded
[t=0.002391s, 2704 KB] New best heuristic value for lmcut: 1
[t=0.002396s, 2704 KB] g=8, 24 evaluated, 11 expanded
[t=0.002401s, 2704 KB] New best heuristic value for lmcut: 0
[t=0.002403s, 2704 KB] g=9, 25 evaluated, 12 expanded
[t=0.002420s, 2704 KB] Solution found!
[t=0.002425s, 2704 KB] Actual search time: 0.000296s
move c24 c23 left (1)
move c23 c33 down (1)
move c33 c32 left (1)
move c32 c31 left (1)
move c31 c21 up (1)
push c21 c22 c23 b2 right (1)
move c22 c32 down (1)
move c32 c33 right (1)
push c33 c23 c13 b2 up (1)
[t=0.002428s, 2868 KB] Plan length: 9 step(s).
[t=0.002428s, 2868 KB] Plan cost: 9
[t=0.002428s, 2868 KB] Expanded 13 state(s).
[t=0.002428s, 2868 KB] Reopened 0 state(s).
[t=0.002428s, 2868 KB] Evaluated 27 state(s).
[t=0.002428s, 2868 KB] Evaluations: 27
[t=0.002428s, 2868 KB] Generated 40 state(s).
[t=0.002428s, 2868 KB] Dead ends: 3 state(s).
[t=0.002428s, 2868 KB] Expanded until last jump: 7 state(s).
[t=0.002428s, 2868 KB] Reopened until last jump: 0 state(s).
[t=0.002428s, 2868 KB] Evaluated until last jump: 14 state(s).
[t=0.002428s, 2868 KB] Generated until last jump: 23 state(s).
[t=0.002428s, 2868 KB] Number of registered states: 27
[t=0.002428s, 2868 KB] Int hash set load factor: 27/32 = 0.843750
[t=0.002428s, 2868 KB] Int hash set resizes: 5
[t=0.002428s, 2868 KB] Search time: 0.000352s
[t=0.002428s, 2868 KB] Total time: 0.002428s
Solution found.
Remove intermediate file output.sas
search exit code: 0

