INFO     planner time limit: None
INFO     planner memory limit: None

INFO     Running translator.
INFO     translator stdin: None
INFO     translator time limit: None
INFO     translator memory limit: None
INFO     translator command line string: 'D:\Miniforge3\python.exe' -m translate 'C:\Users\user\Desktop\theoria\.worktrees\e7-deadlock-claim\engine-rig\runs\20260728T150713Z-E7-deadlock-claim-audit\attacks\crosscheck\sokoban_nc_domain.pddl' 'C:\Users\user\Desktop\theoria\.worktrees\e7-deadlock-claim\engine-rig\runs\20260728T150713Z-E7-deadlock-claim-audit\attacks\crosscheck\noclear-box-on-goal-nc\0110.pddl' --sas-file output.sas
Warning! SIGXCPU is not available on your platform. This means that the planner cannot be gracefully terminated when using a time limit, which, however, is probably supported on your platform anyway.
Parsing...
Parsing: [0.000s CPU, 0.002s wall-clock]
Normalizing task... [0.000s CPU, 0.000s wall-clock]
Instantiating...
Generating Datalog program... [0.000s CPU, 0.000s wall-clock]
Normalizing Datalog program...
Normalizing Datalog program: [0.000s CPU, 0.001s wall-clock]
Preparing model... [0.000s CPU, 0.000s wall-clock]
Generated 19 rules.
Computing model... [0.016s CPU, 0.001s wall-clock]
204 relevant atoms
314 auxiliary atoms
518 final queue length
599 total queue pushes
Completing instantiation... [0.000s CPU, 0.001s wall-clock]
Instantiating: [0.016s CPU, 0.003s wall-clock]
Computing fact groups...
Finding invariants...
7 initial candidates
Finding invariants: [0.000s CPU, 0.000s wall-clock]
Checking invariant weight... [0.000s CPU, 0.000s wall-clock]
Instantiating groups... [0.000s CPU, 0.000s wall-clock]
Collecting mutex groups... [0.000s CPU, 0.000s wall-clock]
Choosing groups...
17 uncovered facts
Choosing groups: [0.000s CPU, 0.000s wall-clock]
Building translation key... [0.000s CPU, 0.000s wall-clock]
Computing fact groups: [0.000s CPU, 0.001s wall-clock]
Building STRIPS to SAS dictionary... [0.000s CPU, 0.000s wall-clock]
Building dictionary for full mutex groups... [0.000s CPU, 0.000s wall-clock]
Building mutex information...
Building mutex information: [0.000s CPU, 0.000s wall-clock]
Translating task...
Processing axioms...
Simplifying axioms... [0.000s CPU, 0.000s wall-clock]
Translator axioms removed by simplifying: 0
Processing axioms: [0.000s CPU, 0.000s wall-clock]
Translating task: [0.000s CPU, 0.001s wall-clock]
52 effect conditions simplified
0 implied preconditions added
Detecting unreachable propositions...
0 operators removed
0 axioms removed
4 propositions removed
Detecting unreachable propositions: [0.000s CPU, 0.003s wall-clock]
Reordering and filtering variables...
18 of 18 variables necessary.
0 of 2 mutex groups necessary.
52 of 52 operators necessary.
0 of 0 axiom rules necessary.
Reordering and filtering variables: [0.000s CPU, 0.000s wall-clock]
Translator variables: 18
Translator derived variables: 0
Translator facts: 52
Translator goal facts: 1
Translator mutex groups: 0
Translator total mutex groups size: 0
Translator operators: 52
Translator axioms: 0
Translator task size: 395
warning: could not determine peak memory
Writing output... [0.000s CPU, 0.009s wall-clock]
Done! [0.016s CPU, 0.019s wall-clock]
translate exit code: 0

INFO     Running search (release).
INFO     search stdin: output.sas
INFO     search time limit: None
INFO     search memory limit: None
INFO     search command line string: 'C:\Users\user\Desktop\theoria\.worktrees\p13\engine-rig\.toolchain\downward\builds\release\bin\downward.exe' --search 'astar(lmcut())' --internal-plan-file 'C:\Users\user\AppData\Local\Temp\tmp6q2sznmb\sas_plan' < output.sas
[t=0.000118s, 1908 KB] Search code revision: 7120aa0
[t=0.000203s, 1936 KB] reading input...
[t=0.000734s, 2060 KB] done reading input!
[t=0.001667s, 2596 KB] Initializing landmark cut heuristic...
[t=0.001688s, 2596 KB] Building successor generator... done!
[t=0.001723s, 2620 KB] peak memory difference for successor generator creation: 24 KB
[t=0.001726s, 2620 KB] time for successor generation creation: 0.000027s
[t=0.001730s, 2620 KB] Variables: 18
[t=0.001733s, 2620 KB] FactPairs: 52
[t=0.001736s, 2620 KB] Bytes per state: 4
[t=0.001742s, 2620 KB] Conducting best first search with reopening closed nodes, (real) bound = 2147483647
[t=0.001761s, 2640 KB] Initial state is a dead end.
[t=0.001765s, 2640 KB] Initial heuristic value for lmcut: infinity
[t=0.001767s, 2640 KB] pruning method: none
[t=0.001770s, 2640 KB] Completely explored state space -- no solution!
[t=0.001773s, 2640 KB] Actual search time: 0.000004s
[t=0.001776s, 2640 KB] Expanded 0 state(s).
[t=0.001776s, 2640 KB] Reopened 0 state(s).
[t=0.001776s, 2640 KB] Evaluated 1 state(s).
[t=0.001776s, 2640 KB] Evaluations: 1
[t=0.001776s, 2640 KB] Generated 0 state(s).
[t=0.001776s, 2640 KB] Dead ends: 0 state(s).
[t=0.001776s, 2640 KB] Number of registered states: 1
[t=0.001776s, 2640 KB] Int hash set load factor: 1/1 = 1.000000
[t=0.001776s, 2640 KB] Int hash set resizes: 0
[t=0.001776s, 2640 KB] Search time: 0.000035s
[t=0.001776s, 2640 KB] Total time: 0.001776s
Search stopped without finding a solution.
Remove intermediate file output.sas
search exit code: 12

Driver aborting after search
