INFO     planner time limit: None
INFO     planner memory limit: None

INFO     Running translator.
INFO     translator stdin: None
INFO     translator time limit: None
INFO     translator memory limit: None
INFO     translator command line string: 'D:\Miniforge3\python.exe' -m translate 'C:\Users\user\Desktop\theoria\.worktrees\e7-deadlock-claim\engine-rig\runs\20260728T150713Z-E7-deadlock-claim-audit\attacks\crosscheck\sokoban_nc_domain.pddl' 'C:\Users\user\Desktop\theoria\.worktrees\e7-deadlock-claim\engine-rig\runs\20260728T150713Z-E7-deadlock-claim-audit\attacks\crosscheck\noclear-box-on-goal-nc\0111.pddl' --sas-file output.sas
Warning! SIGXCPU is not available on your platform. This means that the planner cannot be gracefully terminated when using a time limit, which, however, is probably supported on your platform anyway.
Parsing...
Parsing: [0.000s CPU, 0.002s wall-clock]
Normalizing task... [0.000s CPU, 0.000s wall-clock]
Instantiating...
Generating Datalog program... [0.000s CPU, 0.000s wall-clock]
Normalizing Datalog program...
Normalizing Datalog program: [0.000s CPU, 0.001s wall-clock]
Preparing model... [0.000s CPU, 0.000s wall-clock]
Generated 19 rules.
Computing model... [0.000s CPU, 0.001s wall-clock]
204 relevant atoms
314 auxiliary atoms
518 final queue length
599 total queue pushes
Completing instantiation... [0.000s CPU, 0.001s wall-clock]
Instantiating: [0.000s CPU, 0.003s wall-clock]
Computing fact groups...
Finding invariants...
7 initial candidates
Finding invariants: [0.000s CPU, 0.000s wall-clock]
Checking invariant weight... [0.000s CPU, 0.000s wall-clock]
Instantiating groups... [0.000s CPU, 0.000s wall-clock]
Collecting mutex groups... [0.000s CPU, 0.000s wall-clock]
Choosing groups...
17 uncovered facts
Choosing groups: [0.000s CPU, 0.000s wall-clock]
Building translation key... [0.000s CPU, 0.000s wall-clock]
Computing fact groups: [0.000s CPU, 0.001s wall-clock]
Building STRIPS to SAS dictionary... [0.000s CPU, 0.000s wall-clock]
Building dictionary for full mutex groups... [0.000s CPU, 0.000s wall-clock]
Building mutex information...
Building mutex information: [0.000s CPU, 0.000s wall-clock]
Translating task...
Processing axioms...
Simplifying axioms... [0.000s CPU, 0.000s wall-clock]
Translator axioms removed by simplifying: 0
Processing axioms: [0.000s CPU, 0.000s wall-clock]
Translating task: [0.000s CPU, 0.001s wall-clock]
52 effect conditions simplified
0 implied preconditions added
Detecting unreachable propositions...
0 operators removed
0 axioms removed
4 propositions removed
Detecting unreachable propositions: [0.000s CPU, 0.002s wall-clock]
Reordering and filtering variables...
18 of 18 variables necessary.
0 of 2 mutex groups necessary.
52 of 52 operators necessary.
0 of 0 axiom rules necessary.
Reordering and filtering variables: [0.000s CPU, 0.001s wall-clock]
Translator variables: 18
Translator derived variables: 0
Translator facts: 52
Translator goal facts: 1
Translator mutex groups: 0
Translator total mutex groups size: 0
Translator operators: 52
Translator axioms: 0
Translator task size: 395
warning: could not determine peak memory
Writing output... [0.016s CPU, 0.009s wall-clock]
Done! [0.016s CPU, 0.019s wall-clock]
translate exit code: 0

INFO     Running search (release).
INFO     search stdin: output.sas
INFO     search time limit: None
INFO     search memory limit: None
INFO     search command line string: 'C:\Users\user\Desktop\theoria\.worktrees\p13\engine-rig\.toolchain\downward\builds\release\bin\downward.exe' --search 'astar(lmcut())' --internal-plan-file 'C:\Users\user\AppData\Local\Temp\tmpkg041cyr\sas_plan' < output.sas
[t=0.000107s, 1892 KB] Search code revision: 7120aa0
[t=0.000192s, 1892 KB] reading input...
[t=0.000721s, 2048 KB] done reading input!
[t=0.001639s, 2564 KB] Initializing landmark cut heuristic...
[t=0.001658s, 2564 KB] Building successor generator... done!
[t=0.001728s, 2588 KB] peak memory difference for successor generator creation: 24 KB
[t=0.001735s, 2588 KB] time for successor generation creation: 0.000040s
[t=0.001741s, 2588 KB] Variables: 18
[t=0.001744s, 2588 KB] FactPairs: 52
[t=0.001748s, 2588 KB] Bytes per state: 4
[t=0.001755s, 2588 KB] Conducting best first search with reopening closed nodes, (real) bound = 2147483647
[t=0.001779s, 2608 KB] Initial state is a dead end.
[t=0.001804s, 2608 KB] Initial heuristic value for lmcut: infinity
[t=0.001858s, 2620 KB] pruning method: none
[t=0.001875s, 2620 KB] Completely explored state space -- no solution!
[t=0.001879s, 2620 KB] Actual search time: 0.000006s
[t=0.001884s, 2620 KB] Expanded 0 state(s).
[t=0.001884s, 2620 KB] Reopened 0 state(s).
[t=0.001884s, 2620 KB] Evaluated 1 state(s).
[t=0.001884s, 2620 KB] Evaluations: 1
[t=0.001884s, 2620 KB] Generated 0 state(s).
[t=0.001884s, 2620 KB] Dead ends: 0 state(s).
[t=0.001884s, 2620 KB] Number of registered states: 1
[t=0.001884s, 2620 KB] Int hash set load factor: 1/1 = 1.000000
[t=0.001884s, 2620 KB] Int hash set resizes: 0
[t=0.001884s, 2620 KB] Search time: 0.000129s
[t=0.001884s, 2620 KB] Total time: 0.001884s
Search stopped without finding a solution.
Remove intermediate file output.sas
search exit code: 12

Driver aborting after search
