INFO     planner time limit: None
INFO     planner memory limit: None

INFO     Running translator.
INFO     translator stdin: None
INFO     translator time limit: None
INFO     translator memory limit: None
INFO     translator command line string: 'D:\Miniforge3\python.exe' -m translate 'C:\Users\user\Desktop\theoria\.worktrees\e2-fd-ladder-bench\engine-rig\runs\20260728T072633Z-E2-fd-ladder-bench\guarded\sokoban_guarded_full_domain.pddl' 'C:\Users\user\Desktop\theoria\.worktrees\e2-fd-ladder-bench\engine-rig\runs\20260728T072633Z-E2-fd-ladder-bench\guarded\far4_guarded_full.pddl' --sas-file output.sas
Warning! SIGXCPU is not available on your platform. This means that the planner cannot be gracefully terminated when using a time limit, which, however, is probably supported on your platform anyway.
Parsing...
Parsing: [0.000s CPU, 0.001s wall-clock]
Normalizing task... [0.000s CPU, 0.000s wall-clock]
Instantiating...
Generating Datalog program... [0.000s CPU, 0.000s wall-clock]
Normalizing Datalog program...
Normalizing Datalog program: [0.000s CPU, 0.001s wall-clock]
Preparing model... [0.000s CPU, 0.000s wall-clock]
Generated 26 rules.
Computing model... [0.000s CPU, 0.004s wall-clock]
347 relevant atoms
496 auxiliary atoms
843 final queue length
1083 total queue pushes
Completing instantiation... [0.000s CPU, 0.001s wall-clock]
Instantiating: [0.000s CPU, 0.006s wall-clock]
Computing fact groups...
Finding invariants...
7 initial candidates
Finding invariants: [0.000s CPU, 0.001s wall-clock]
Checking invariant weight... [0.000s CPU, 0.000s wall-clock]
Instantiating groups... [0.000s CPU, 0.000s wall-clock]
Collecting mutex groups... [0.000s CPU, 0.000s wall-clock]
Choosing groups...
32 uncovered facts
Choosing groups: [0.000s CPU, 0.000s wall-clock]
Building translation key... [0.000s CPU, 0.000s wall-clock]
Computing fact groups: [0.000s CPU, 0.001s wall-clock]
Building STRIPS to SAS dictionary... [0.000s CPU, 0.000s wall-clock]
Building dictionary for full mutex groups... [0.000s CPU, 0.000s wall-clock]
Building mutex information...
Building mutex information: [0.000s CPU, 0.000s wall-clock]
Translating task...
Processing axioms...
Simplifying axioms... [0.000s CPU, 0.000s wall-clock]
Translator axioms removed by simplifying: 0
Processing axioms: [0.000s CPU, 0.000s wall-clock]
Translating task: [0.016s CPU, 0.002s wall-clock]
144 effect conditions simplified
0 implied preconditions added
Detecting unreachable propositions...
0 operators removed
0 axioms removed
11 propositions removed
Detecting unreachable propositions: [0.000s CPU, 0.001s wall-clock]
Reordering and filtering variables...
35 of 35 variables necessary.
16 of 19 mutex groups necessary.
96 of 96 operators necessary.
16 of 16 axiom rules necessary.
Reordering and filtering variables: [0.000s CPU, 0.001s wall-clock]
Translator variables: 35
Translator derived variables: 16
Translator facts: 104
Translator goal facts: 2
Translator mutex groups: 16
Translator total mutex groups size: 56
Translator operators: 96
Translator axioms: 16
Translator task size: 981
warning: could not determine peak memory
Writing output... [0.000s CPU, 0.009s wall-clock]
Done! [0.016s CPU, 0.023s wall-clock]
translate exit code: 0

INFO     Running search (release).
INFO     search stdin: output.sas
INFO     search time limit: None
INFO     search memory limit: None
INFO     search command line string: 'C:\Users\user\Desktop\theoria\.worktrees\p13\engine-rig\.toolchain\downward\builds\release\bin\downward.exe' --search 'let(hlm,eval_modify_costs(landmark_sum(lm_factory=lm_reasonable_orders_hps(lm_rhw()),pref=false),cost_type=one),let(hff,eval_modify_costs(ff(),cost_type=one),lazy_greedy([hff,hlm],preferred=[hff,hlm],cost_type=one,reopen_closed=false)))' --internal-plan-file 'C:\Users\user\AppData\Local\Temp\tmpn2cks7p9\sas_plan' < output.sas
[t=0.000186s, 2004 KB] Search code revision: 7120aa0
[t=0.000276s, 2024 KB] reading input...
[t=0.001506s, 2232 KB] done reading input!
[t=0.003143s, 2924 KB] Simplifying 576 unary operators... done! [576 unary operators]
[t=0.003364s, 3008 KB] time to simplify: 0.000224s
[t=0.003393s, 3008 KB] Initializing additive heuristic...
[t=0.003398s, 3008 KB] Initializing FF heuristic...
[t=0.003484s, 3008 KB] Initializing landmark sum heuristic...
[t=0.003489s, 3008 KB] Generating landmark graph...
[t=0.003512s, 3008 KB] Building a landmark graph with reasonable orders.
[t=0.003534s, 3008 KB] Initializing Exploration...
[t=0.003624s, 3028 KB] Generating landmarks using the RPG/SAS+ approach
[t=0.003941s, 3052 KB] Landmarks generation time: 0.000427s
[t=0.003947s, 3052 KB] Discovered 13 landmarks, of which 5 are disjunctive and 0 are conjunctive.
[t=0.003949s, 3052 KB] There are 13 landmark orderings.
[t=0.003954s, 3052 KB] approx. reasonable orders
[t=0.003970s, 3052 KB] Landmarks generation time: 0.000480s
[t=0.003975s, 3052 KB] Discovered 13 landmarks, of which 5 are disjunctive and 0 are conjunctive.
[t=0.003978s, 3052 KB] There are 13 landmark orderings.
[t=0.003980s, 3052 KB] Landmark graph generation time: 0.000491s
[t=0.003983s, 3052 KB] Landmark graph contains 13 landmarks, of which 5 are disjunctive and 0 are conjunctive.
[t=0.003985s, 3052 KB] Landmark graph contains 13 orderings.
[t=0.004020s, 3052 KB] Building successor generator... done!
[t=0.004067s, 3052 KB] peak memory difference for successor generator creation: 0 KB
[t=0.004069s, 3052 KB] time for successor generation creation: 0.000039s
[t=0.004074s, 3052 KB] Variables: 35
[t=0.004076s, 3052 KB] FactPairs: 104
[t=0.004078s, 3052 KB] Bytes per state: 8
[t=0.004094s, 3052 KB] Conducting lazy best first search, (real) bound = 2147483647
[t=0.004136s, 3100 KB] New best heuristic value for landmark_sum_heuristic: 7
[t=0.004140s, 3100 KB] New best heuristic value for ff: 10
[t=0.004142s, 3100 KB] g=0, 1 evaluated, 0 expanded
[t=0.004150s, 3100 KB] Initial heuristic value for landmark_sum_heuristic: 7
[t=0.004153s, 3100 KB] Initial heuristic value for ff: 10
[t=0.004164s, 3100 KB] New best heuristic value for landmark_sum_heuristic: 6
[t=0.004168s, 3100 KB] g=1, 2 evaluated, 1 expanded
[t=0.004180s, 3100 KB] New best heuristic value for ff: 7
[t=0.004182s, 3100 KB] g=1, 3 evaluated, 2 expanded
[t=0.004200s, 3100 KB] New best heuristic value for landmark_sum_heuristic: 4
[t=0.004204s, 3100 KB] New best heuristic value for ff: 5
[t=0.004206s, 3100 KB] g=2, 5 evaluated, 4 expanded
[t=0.004214s, 3100 KB] New best heuristic value for landmark_sum_heuristic: 2
[t=0.004217s, 3100 KB] New best heuristic value for ff: 4
[t=0.004219s, 3100 KB] g=3, 6 evaluated, 5 expanded
[t=0.004419s, 3120 KB] New best heuristic value for ff: 3
[t=0.004424s, 3120 KB] g=8, 38 evaluated, 37 expanded
[t=0.004431s, 3120 KB] New best heuristic value for ff: 2
[t=0.004433s, 3120 KB] g=9, 39 evaluated, 38 expanded
[t=0.004439s, 3120 KB] New best heuristic value for landmark_sum_heuristic: 1
[t=0.004444s, 3120 KB] New best heuristic value for ff: 1
[t=0.004445s, 3120 KB] g=10, 40 evaluated, 39 expanded
[t=0.004451s, 3120 KB] Solution found!
[t=0.004454s, 3120 KB] Actual search time: 0.000347s
move c44 c43 left (1)
push c43 c33 c23 b2 up (1)
push c33 c23 c13 b2 up (1)
move c23 c33 down (1)
move c33 c32 left (1)
move c32 c31 left (1)
move c31 c21 up (1)
move c21 c11 up (1)
move c11 c12 right (1)
push c12 c22 c32 b1 down (1)
push c22 c32 c42 b1 down (1)
[t=0.004457s, 3188 KB] Plan length: 11 step(s).
[t=0.004457s, 3188 KB] Plan cost: 11
[t=0.004457s, 3188 KB] Expanded 40 state(s).
[t=0.004457s, 3188 KB] Reopened 0 state(s).
[t=0.004457s, 3188 KB] Evaluated 41 state(s).
[t=0.004457s, 3188 KB] Evaluations: 82
[t=0.004457s, 3188 KB] Generated 121 state(s).
[t=0.004457s, 3188 KB] Dead ends: 0 state(s).
[t=0.004457s, 3188 KB] Number of registered states: 41
[t=0.004457s, 3188 KB] Int hash set load factor: 41/64 = 0.640625
[t=0.004457s, 3188 KB] Int hash set resizes: 6
[t=0.004457s, 3188 KB] Search time: 0.000364s
[t=0.004457s, 3188 KB] Total time: 0.004457s
Solution found.
Remove intermediate file output.sas
search exit code: 0

