INFO     planner time limit: None
INFO     planner memory limit: None

INFO     Running translator.
INFO     translator stdin: None
INFO     translator time limit: None
INFO     translator memory limit: None
INFO     translator command line string: 'D:\Miniforge3\python.exe' -m translate 'C:\Users\user\Desktop\theoria\.worktrees\e2-fd-ladder-bench\engine-rig\runs\20260728T072633Z-E2-fd-ladder-bench\guarded\sokoban_guarded_singleton_domain.pddl' 'C:\Users\user\Desktop\theoria\.worktrees\e2-fd-ladder-bench\engine-rig\runs\20260728T072633Z-E2-fd-ladder-bench\guarded\far4_guarded_singleton.pddl' --sas-file output.sas
Warning! SIGXCPU is not available on your platform. This means that the planner cannot be gracefully terminated when using a time limit, which, however, is probably supported on your platform anyway.
Parsing...
Parsing: [0.000s CPU, 0.001s wall-clock]
Normalizing task... [0.000s CPU, 0.000s wall-clock]
Instantiating...
Generating Datalog program... [0.000s CPU, 0.000s wall-clock]
Normalizing Datalog program...
Normalizing Datalog program: [0.000s CPU, 0.001s wall-clock]
Preparing model... [0.000s CPU, 0.000s wall-clock]
Generated 20 rules.
Computing model... [0.000s CPU, 0.003s wall-clock]
299 relevant atoms
400 auxiliary atoms
699 final queue length
939 total queue pushes
Completing instantiation... [0.016s CPU, 0.001s wall-clock]
Instantiating: [0.016s CPU, 0.006s wall-clock]
Computing fact groups...
Finding invariants...
7 initial candidates
Finding invariants: [0.000s CPU, 0.001s wall-clock]
Checking invariant weight... [0.000s CPU, 0.000s wall-clock]
Instantiating groups... [0.000s CPU, 0.000s wall-clock]
Collecting mutex groups... [0.000s CPU, 0.000s wall-clock]
Choosing groups...
16 uncovered facts
Choosing groups: [0.000s CPU, 0.000s wall-clock]
Building translation key... [0.000s CPU, 0.000s wall-clock]
Computing fact groups: [0.000s CPU, 0.001s wall-clock]
Building STRIPS to SAS dictionary... [0.000s CPU, 0.000s wall-clock]
Building dictionary for full mutex groups... [0.000s CPU, 0.000s wall-clock]
Building mutex information...
Building mutex information: [0.000s CPU, 0.000s wall-clock]
Translating task...
Processing axioms...
Simplifying axioms... [0.000s CPU, 0.000s wall-clock]
Translator axioms removed by simplifying: 0
Processing axioms: [0.000s CPU, 0.000s wall-clock]
Translating task: [0.000s CPU, 0.002s wall-clock]
144 effect conditions simplified
0 implied preconditions added
Detecting unreachable propositions...
0 operators removed
0 axioms removed
11 propositions removed
Detecting unreachable propositions: [0.000s CPU, 0.001s wall-clock]
Reordering and filtering variables...
19 of 19 variables necessary.
16 of 19 mutex groups necessary.
96 of 96 operators necessary.
0 of 0 axiom rules necessary.
Reordering and filtering variables: [0.000s CPU, 0.001s wall-clock]
Translator variables: 19
Translator derived variables: 0
Translator facts: 72
Translator goal facts: 2
Translator mutex groups: 16
Translator total mutex groups size: 56
Translator operators: 96
Translator axioms: 0
Translator task size: 869
warning: could not determine peak memory
Writing output... [0.000s CPU, 0.009s wall-clock]
Done! [0.016s CPU, 0.021s wall-clock]
translate exit code: 0

INFO     Running search (release).
INFO     search stdin: output.sas
INFO     search time limit: None
INFO     search memory limit: None
INFO     search command line string: 'C:\Users\user\Desktop\theoria\.worktrees\p13\engine-rig\.toolchain\downward\builds\release\bin\downward.exe' --search 'astar(ipdb())' --internal-plan-file 'C:\Users\user\AppData\Local\Temp\tmpqjjnbt72\sas_plan' < output.sas
[t=0.000135s, 1968 KB] Search code revision: 7120aa0
[t=0.000226s, 1968 KB] reading input...
[t=0.001243s, 2168 KB] done reading input!
[t=0.002547s, 2828 KB] Initializing canonical PDB heuristic...
[t=0.002557s, 2828 KB] Generating patterns using: hill climbing pattern collection generator
[t=0.002620s, 2844 KB] Done calculating initial pattern collection: 0.000061s
[t=0.002628s, 2844 KB] Average operator cost: 1.000000
[t=0.002635s, 2844 KB] Building causal graph... done!
[t=0.003242s, 2928 KB] Done calculating initial candidate PDBs
[t=0.005979s, 3164 KB] found a better pattern with improvement 737
[t=0.011297s, 3216 KB] found a better pattern with improvement 660
[t=0.018714s, 3524 KB] found a better pattern with improvement 146
[t=0.029025s, 4112 KB] found a better pattern with improvement 540
[t=0.042682s, 5216 KB] found a better pattern with improvement 258
[t=0.062995s, 7216 KB] found a better pattern with improvement 211
[t=0.083836s, 8996 KB] found a better pattern with improvement 28
[t=0.117180s, 12512 KB] found a better pattern with improvement 22
[t=0.150743s, 16020 KB] found a better pattern with improvement 260
[t=0.193412s, 22420 KB] found a better pattern with improvement 376
[t=0.261039s, 34320 KB] Improvement below threshold. Stop hill climbing.
[t=0.261061s, 34320 KB] Hill climbing iterations: 11
[t=0.261064s, 34320 KB] Hill climbing generated patterns: 158
[t=0.261067s, 34320 KB] Hill climbing rejected patterns: 0
[t=0.261069s, 34320 KB] Hill climbing maximum PDB size: 294912
[t=0.261071s, 34320 KB] Hill climbing time: 0.258445s
[t=0.262934s, 34320 KB] hill climbing pattern collection generator number of patterns: 12
[t=0.262943s, 34320 KB] hill climbing pattern collection generator total PDB size: 348120
[t=0.262946s, 34320 KB] hill climbing pattern collection generator computation time: 0.260373s
[t=0.262952s, 34320 KB] Running dominance pruning...
[t=0.262958s, 34320 KB] Pruned 9 of 11 pattern cliques
[t=0.262960s, 34320 KB] Pruned 10 of 12 PDBs
[t=0.262963s, 34320 KB] Dominance pruning took 0.000009s
[t=0.263067s, 34320 KB] Canonical PDB heuristic number of patterns: 2
[t=0.263075s, 34320 KB] Canonical PDB heuristic total PDB size: 184320
[t=0.263078s, 34320 KB] Canonical PDB heuristic computation time: 0.260520s
[t=0.263107s, 34320 KB] Building successor generator... done!
[t=0.263151s, 34320 KB] peak memory difference for successor generator creation: 0 KB
[t=0.263154s, 34320 KB] time for successor generation creation: 0.000032s
[t=0.263159s, 34320 KB] Variables: 19
[t=0.263161s, 34320 KB] FactPairs: 72
[t=0.263163s, 34320 KB] Bytes per state: 4
[t=0.263172s, 34320 KB] Conducting best first search with reopening closed nodes, (real) bound = 2147483647
[t=0.263188s, 34320 KB] New best heuristic value for cpdbs: 11
[t=0.263192s, 34320 KB] g=0, 1 evaluated, 0 expanded
[t=0.263195s, 34320 KB] f = 11, 1 evaluated, 0 expanded
[t=0.263203s, 34320 KB] Initial heuristic value for cpdbs: 11
[t=0.263207s, 34320 KB] pruning method: none
[t=0.263216s, 34320 KB] New best heuristic value for cpdbs: 10
[t=0.263220s, 34320 KB] g=1, 3 evaluated, 1 expanded
[t=0.263225s, 34320 KB] New best heuristic value for cpdbs: 9
[t=0.263229s, 34320 KB] g=2, 5 evaluated, 2 expanded
[t=0.263232s, 34320 KB] New best heuristic value for cpdbs: 8
[t=0.263235s, 34320 KB] g=3, 6 evaluated, 3 expanded
[t=0.263242s, 34320 KB] New best heuristic value for cpdbs: 7
[t=0.263246s, 34320 KB] g=4, 12 evaluated, 4 expanded
[t=0.263251s, 34320 KB] New best heuristic value for cpdbs: 6
[t=0.263254s, 34320 KB] g=5, 15 evaluated, 5 expanded
[t=0.263259s, 34320 KB] New best heuristic value for cpdbs: 5
[t=0.263263s, 34320 KB] g=6, 17 evaluated, 6 expanded
[t=0.263268s, 34320 KB] New best heuristic value for cpdbs: 4
[t=0.263271s, 34320 KB] g=7, 20 evaluated, 7 expanded
[t=0.263275s, 34320 KB] New best heuristic value for cpdbs: 3
[t=0.263277s, 34320 KB] g=8, 21 evaluated, 8 expanded
[t=0.263282s, 34320 KB] New best heuristic value for cpdbs: 2
[t=0.263285s, 34320 KB] g=9, 23 evaluated, 9 expanded
[t=0.263289s, 34320 KB] New best heuristic value for cpdbs: 1
[t=0.263291s, 34320 KB] g=10, 24 evaluated, 10 expanded
[t=0.263297s, 34320 KB] New best heuristic value for cpdbs: 0
[t=0.263299s, 34320 KB] g=11, 27 evaluated, 11 expanded
[t=0.263303s, 34320 KB] Solution found!
[t=0.263307s, 34320 KB] Actual search time: 0.000099s
move c44 c43 left (1)
push c43 c33 c23 b2 up (1)
push c33 c23 c13 b2 up (1)
move c23 c33 down (1)
move c33 c32 left (1)
move c32 c31 left (1)
move c31 c21 up (1)
move c21 c11 up (1)
move c11 c12 right (1)
push c12 c22 c32 b1 down (1)
push c22 c32 c42 b1 down (1)
[t=0.263310s, 34320 KB] Plan length: 11 step(s).
[t=0.263310s, 34320 KB] Plan cost: 11
[t=0.263310s, 34320 KB] Expanded 12 state(s).
[t=0.263310s, 34320 KB] Reopened 0 state(s).
[t=0.263310s, 34320 KB] Evaluated 28 state(s).
[t=0.263310s, 34320 KB] Evaluations: 28
[t=0.263310s, 34320 KB] Generated 34 state(s).
[t=0.263310s, 34320 KB] Dead ends: 2 state(s).
[t=0.263310s, 34320 KB] Expanded until last jump: 0 state(s).
[t=0.263310s, 34320 KB] Reopened until last jump: 0 state(s).
[t=0.263310s, 34320 KB] Evaluated until last jump: 1 state(s).
[t=0.263310s, 34320 KB] Generated until last jump: 0 state(s).
[t=0.263310s, 34320 KB] Number of registered states: 28
[t=0.263310s, 34320 KB] Int hash set load factor: 28/32 = 0.875000
[t=0.263310s, 34320 KB] Int hash set resizes: 5
[t=0.263310s, 34320 KB] Search time: 0.000140s
[t=0.263310s, 34320 KB] Total time: 0.263310s
Solution found.
Remove intermediate file output.sas
search exit code: 0

