INFO     planner time limit: None
INFO     planner memory limit: None

INFO     Running translator.
INFO     translator stdin: None
INFO     translator time limit: None
INFO     translator memory limit: None
INFO     translator command line string: 'D:\Miniforge3\python.exe' -m translate 'C:\Users\user\Desktop\theoria\.worktrees\e2-fd-ladder-bench\engine-rig\runs\20260728T072633Z-E2-fd-ladder-bench\guarded\sokoban_guarded_indexed_domain.pddl' 'C:\Users\user\Desktop\theoria\.worktrees\e2-fd-ladder-bench\engine-rig\runs\20260728T072633Z-E2-fd-ladder-bench\guarded\far4_guarded_indexed.pddl' --sas-file output.sas
Warning! SIGXCPU is not available on your platform. This means that the planner cannot be gracefully terminated when using a time limit, which, however, is probably supported on your platform anyway.
Parsing...
Parsing: [0.000s CPU, 0.002s wall-clock]
Normalizing task... [0.000s CPU, 0.000s wall-clock]
Instantiating...
Generating Datalog program... [0.000s CPU, 0.000s wall-clock]
Normalizing Datalog program...
Normalizing Datalog program: [0.000s CPU, 0.001s wall-clock]
Preparing model... [0.000s CPU, 0.000s wall-clock]
Generated 37 rules.
Computing model... [0.000s CPU, 0.005s wall-clock]
347 relevant atoms
1136 auxiliary atoms
1483 final queue length
1723 total queue pushes
Completing instantiation... [0.000s CPU, 0.001s wall-clock]
Instantiating: [0.000s CPU, 0.008s wall-clock]
Computing fact groups...
Finding invariants...
7 initial candidates
Finding invariants: [0.000s CPU, 0.001s wall-clock]
Checking invariant weight... [0.000s CPU, 0.000s wall-clock]
Instantiating groups... [0.000s CPU, 0.000s wall-clock]
Collecting mutex groups... [0.000s CPU, 0.000s wall-clock]
Choosing groups...
16 uncovered facts
Choosing groups: [0.000s CPU, 0.000s wall-clock]
Building translation key... [0.000s CPU, 0.000s wall-clock]
Computing fact groups: [0.000s CPU, 0.001s wall-clock]
Building STRIPS to SAS dictionary... [0.000s CPU, 0.000s wall-clock]
Building dictionary for full mutex groups... [0.000s CPU, 0.000s wall-clock]
Building mutex information...
Building mutex information: [0.000s CPU, 0.000s wall-clock]
Translating task...
Processing axioms...
Simplifying axioms... [0.000s CPU, 0.000s wall-clock]
Translator axioms removed by simplifying: 0
Processing axioms: [0.000s CPU, 0.000s wall-clock]
Translating task: [0.016s CPU, 0.009s wall-clock]
1104 effect conditions simplified
0 implied preconditions added
Detecting unreachable propositions...
160 operators removed
0 axioms removed
11 propositions removed
Detecting unreachable propositions: [0.000s CPU, 0.004s wall-clock]
Reordering and filtering variables...
19 of 19 variables necessary.
16 of 19 mutex groups necessary.
416 of 416 operators necessary.
0 of 0 axiom rules necessary.
Reordering and filtering variables: [0.000s CPU, 0.002s wall-clock]
Translator variables: 19
Translator derived variables: 0
Translator facts: 72
Translator goal facts: 2
Translator mutex groups: 16
Translator total mutex groups size: 56
Translator operators: 416
Translator axioms: 0
Translator task size: 4101
warning: could not determine peak memory
Writing output... [0.016s CPU, 0.013s wall-clock]
Done! [0.031s CPU, 0.040s wall-clock]
translate exit code: 0

INFO     Running search (release).
INFO     search stdin: output.sas
INFO     search time limit: None
INFO     search memory limit: None
INFO     search command line string: 'C:\Users\user\Desktop\theoria\.worktrees\p13\engine-rig\.toolchain\downward\builds\release\bin\downward.exe' --search 'astar(blind())' --internal-plan-file 'C:\Users\user\AppData\Local\Temp\tmpds5ujppn\sas_plan' < output.sas
[t=0.000147s, 1968 KB] Search code revision: 7120aa0
[t=0.000240s, 1972 KB] reading input...
[t=0.004271s, 2544 KB] done reading input!
[t=0.005357s, 2940 KB] Initializing blind search heuristic...
[t=0.005389s, 2940 KB] Building successor generator... done!
[t=0.005534s, 3008 KB] peak memory difference for successor generator creation: 68 KB
[t=0.005537s, 3008 KB] time for successor generation creation: 0.000134s
[t=0.005542s, 3008 KB] Variables: 19
[t=0.005545s, 3008 KB] FactPairs: 72
[t=0.005549s, 3008 KB] Bytes per state: 4
[t=0.005561s, 3008 KB] Conducting best first search with reopening closed nodes, (real) bound = 2147483647
[t=0.005581s, 3020 KB] New best heuristic value for blind: 1
[t=0.005585s, 3020 KB] g=0, 1 evaluated, 0 expanded
[t=0.005587s, 3020 KB] f = 1, 1 evaluated, 0 expanded
[t=0.005597s, 3032 KB] Initial heuristic value for blind: 1
[t=0.005599s, 3032 KB] pruning method: none
[t=0.005608s, 3032 KB] f = 2, 3 evaluated, 1 expanded
[t=0.005616s, 3032 KB] f = 3, 7 evaluated, 3 expanded
[t=0.005629s, 3032 KB] f = 4, 19 evaluated, 7 expanded
[t=0.005649s, 3032 KB] f = 5, 41 evaluated, 19 expanded
[t=0.005687s, 3032 KB] f = 6, 81 evaluated, 41 expanded
[t=0.005747s, 3032 KB] f = 7, 148 evaluated, 81 expanded
[t=0.005823s, 3032 KB] f = 8, 230 evaluated, 148 expanded
[t=0.005926s, 3032 KB] f = 9, 324 evaluated, 230 expanded
[t=0.006028s, 3032 KB] f = 10, 442 evaluated, 324 expanded
[t=0.006188s, 3044 KB] f = 11, 598 evaluated, 442 expanded
[t=0.006327s, 3044 KB] New best heuristic value for blind: 0
[t=0.006333s, 3044 KB] g=11, 742 evaluated, 573 expanded
[t=0.006336s, 3044 KB] Solution found!
[t=0.006339s, 3044 KB] Actual search time: 0.000739s
move c44 c43 left (1)
push-pair0 c43 c33 c23 b2 up (1)
push-pair1 c33 c23 c13 b2 up b1 c12 (1)
move c23 c33 down (1)
move c33 c32 left (1)
move c32 c31 left (1)
move c31 c21 up (1)
move c21 c11 up (1)
move c11 c12 right (1)
push-pair0 c12 c22 c32 b1 down (1)
push-pair1 c22 c32 c42 b1 down b2 c43 (1)
[t=0.006343s, 3044 KB] Plan length: 11 step(s).
[t=0.006343s, 3044 KB] Plan cost: 11
[t=0.006343s, 3044 KB] Expanded 574 state(s).
[t=0.006343s, 3044 KB] Reopened 0 state(s).
[t=0.006343s, 3044 KB] Evaluated 743 state(s).
[t=0.006343s, 3044 KB] Evaluations: 743
[t=0.006343s, 3044 KB] Generated 1627 state(s).
[t=0.006343s, 3044 KB] Dead ends: 0 state(s).
[t=0.006343s, 3044 KB] Expanded until last jump: 442 state(s).
[t=0.006343s, 3044 KB] Reopened until last jump: 0 state(s).
[t=0.006343s, 3044 KB] Evaluated until last jump: 598 state(s).
[t=0.006343s, 3044 KB] Generated until last jump: 1250 state(s).
[t=0.006343s, 3044 KB] Number of registered states: 743
[t=0.006343s, 3044 KB] Int hash set load factor: 743/1024 = 0.725586
[t=0.006343s, 3044 KB] Int hash set resizes: 10
[t=0.006343s, 3044 KB] Search time: 0.000785s
[t=0.006343s, 3044 KB] Total time: 0.006343s
Solution found.
Remove intermediate file output.sas
search exit code: 0

