INFO     planner time limit: None
INFO     planner memory limit: None

INFO     Running translator.
INFO     translator stdin: None
INFO     translator time limit: None
INFO     translator memory limit: None
INFO     translator command line string: 'D:\Miniforge3\python.exe' -m translate 'C:\Users\user\Desktop\theoria\.worktrees\e2-fd-ladder-bench\engine-rig\runs\20260728T072633Z-E2-fd-ladder-bench\guarded\sokoban_guarded_indexed_domain.pddl' 'C:\Users\user\Desktop\theoria\.worktrees\e2-fd-ladder-bench\engine-rig\runs\20260728T072633Z-E2-fd-ladder-bench\guarded\far5_guarded_indexed.pddl' --sas-file output.sas
Warning! SIGXCPU is not available on your platform. This means that the planner cannot be gracefully terminated when using a time limit, which, however, is probably supported on your platform anyway.
Parsing...
Parsing: [0.000s CPU, 0.002s wall-clock]
Normalizing task... [0.000s CPU, 0.000s wall-clock]
Instantiating...
Generating Datalog program... [0.000s CPU, 0.000s wall-clock]
Normalizing Datalog program...
Normalizing Datalog program: [0.000s CPU, 0.001s wall-clock]
Preparing model... [0.000s CPU, 0.001s wall-clock]
Generated 56 rules.
Computing model... [0.000s CPU, 0.009s wall-clock]
564 relevant atoms
2808 auxiliary atoms
3372 final queue length
3817 total queue pushes
Completing instantiation... [0.016s CPU, 0.003s wall-clock]
Instantiating: [0.016s CPU, 0.015s wall-clock]
Computing fact groups...
Finding invariants...
7 initial candidates
Finding invariants: [0.000s CPU, 0.002s wall-clock]
Checking invariant weight... [0.000s CPU, 0.000s wall-clock]
Instantiating groups... [0.000s CPU, 0.000s wall-clock]
Collecting mutex groups... [0.000s CPU, 0.000s wall-clock]
Choosing groups...
25 uncovered facts
Choosing groups: [0.000s CPU, 0.000s wall-clock]
Building translation key... [0.000s CPU, 0.000s wall-clock]
Computing fact groups: [0.000s CPU, 0.002s wall-clock]
Building STRIPS to SAS dictionary... [0.000s CPU, 0.000s wall-clock]
Building dictionary for full mutex groups... [0.000s CPU, 0.000s wall-clock]
Building mutex information...
Building mutex information: [0.000s CPU, 0.000s wall-clock]
Translating task...
Processing axioms...
Simplifying axioms... [0.000s CPU, 0.000s wall-clock]
Translator axioms removed by simplifying: 0
Processing axioms: [0.000s CPU, 0.000s wall-clock]
Translating task: [0.016s CPU, 0.025s wall-clock]
2928 effect conditions simplified
0 implied preconditions added
Detecting unreachable propositions...
280 operators removed
0 axioms removed
11 propositions removed
Detecting unreachable propositions: [0.016s CPU, 0.013s wall-clock]
Reordering and filtering variables...
28 of 28 variables necessary.
25 of 28 mutex groups necessary.
1224 of 1224 operators necessary.
0 of 0 axiom rules necessary.
Reordering and filtering variables: [0.016s CPU, 0.006s wall-clock]
Translator variables: 28
Translator derived variables: 0
Translator facts: 117
Translator goal facts: 2
Translator mutex groups: 25
Translator total mutex groups size: 92
Translator operators: 1224
Translator axioms: 0
Translator task size: 12111
warning: could not determine peak memory
Writing output... [0.000s CPU, 0.021s wall-clock]
Done! [0.062s CPU, 0.085s wall-clock]
translate exit code: 0

INFO     Running search (release).
INFO     search stdin: output.sas
INFO     search time limit: None
INFO     search memory limit: None
INFO     search command line string: 'C:\Users\user\Desktop\theoria\.worktrees\p13\engine-rig\.toolchain\downward\builds\release\bin\downward.exe' --search 'astar(lmcut())' --internal-plan-file 'C:\Users\user\AppData\Local\Temp\tmp56icuf1a\sas_plan' < output.sas
[t=0.000162s, 1972 KB] Search code revision: 7120aa0
[t=0.000264s, 1972 KB] reading input...
[t=0.012010s, 2892 KB] done reading input!
[t=0.013615s, 3692 KB] Initializing landmark cut heuristic...
[t=0.013647s, 3692 KB] Building successor generator... done!
[t=0.014021s, 3928 KB] peak memory difference for successor generator creation: 236 KB
[t=0.014024s, 3928 KB] time for successor generation creation: 0.000365s
[t=0.014033s, 3928 KB] Variables: 28
[t=0.014037s, 3928 KB] FactPairs: 117
[t=0.014039s, 3928 KB] Bytes per state: 8
[t=0.014050s, 3928 KB] Conducting best first search with reopening closed nodes, (real) bound = 2147483647
[t=0.014277s, 3928 KB] New best heuristic value for lmcut: 10
[t=0.014282s, 3928 KB] g=0, 1 evaluated, 0 expanded
[t=0.014285s, 3928 KB] f = 10, 1 evaluated, 0 expanded
[t=0.014291s, 3928 KB] Initial heuristic value for lmcut: 10
[t=0.014294s, 3928 KB] pruning method: none
[t=0.014467s, 3928 KB] New best heuristic value for lmcut: 9
[t=0.014471s, 3928 KB] g=1, 2 evaluated, 1 expanded
[t=0.014771s, 3928 KB] New best heuristic value for lmcut: 8
[t=0.014787s, 3928 KB] g=2, 4 evaluated, 2 expanded
[t=0.015083s, 3928 KB] New best heuristic value for lmcut: 7
[t=0.015088s, 3928 KB] g=3, 6 evaluated, 3 expanded
[t=0.015538s, 3928 KB] New best heuristic value for lmcut: 6
[t=0.015543s, 3928 KB] g=4, 9 evaluated, 4 expanded
[t=0.016131s, 3928 KB] New best heuristic value for lmcut: 5
[t=0.016139s, 3928 KB] g=5, 14 evaluated, 5 expanded
[t=0.016407s, 3928 KB] f = 11, 18 evaluated, 8 expanded
[t=0.019276s, 3928 KB] f = 12, 40 evaluated, 18 expanded
[t=0.020981s, 3928 KB] f = 13, 57 evaluated, 30 expanded
[t=0.021355s, 3928 KB] New best heuristic value for lmcut: 4
[t=0.021363s, 3928 KB] g=9, 60 evaluated, 32 expanded
[t=0.022056s, 3928 KB] New best heuristic value for lmcut: 3
[t=0.022062s, 3928 KB] g=10, 66 evaluated, 33 expanded
[t=0.022209s, 3928 KB] New best heuristic value for lmcut: 2
[t=0.022217s, 3928 KB] g=11, 68 evaluated, 34 expanded
[t=0.022374s, 3928 KB] New best heuristic value for lmcut: 1
[t=0.022378s, 3928 KB] g=12, 72 evaluated, 35 expanded
[t=0.022517s, 3928 KB] New best heuristic value for lmcut: 0
[t=0.022521s, 3928 KB] g=13, 77 evaluated, 36 expanded
[t=0.022524s, 3928 KB] Solution found!
[t=0.022530s, 3928 KB] Actual search time: 0.008234s
move c55 c45 up (1)
move c45 c44 left (1)
move c44 c34 up (1)
move c34 c24 up (1)
move c24 c23 left (1)
move c23 c13 up (1)
move c13 c12 left (1)
push-pair0 c12 c22 c32 b1 down (1)
push-pair0 c22 c32 c42 b1 down (1)
push-pair1 c32 c42 c52 b1 down b2 c53 (1)
move c42 c43 right (1)
push-pair0 c43 c33 c23 b2 up (1)
push-pair2 c33 c23 c13 b2 up b1 c12 b1 c14 (1)
[t=0.022535s, 3928 KB] Plan length: 13 step(s).
[t=0.022535s, 3928 KB] Plan cost: 13
[t=0.022535s, 3928 KB] Expanded 37 state(s).
[t=0.022535s, 3928 KB] Reopened 0 state(s).
[t=0.022535s, 3928 KB] Evaluated 77 state(s).
[t=0.022535s, 3928 KB] Evaluations: 77
[t=0.022535s, 3928 KB] Generated 124 state(s).
[t=0.022535s, 3928 KB] Dead ends: 6 state(s).
[t=0.022535s, 3928 KB] Expanded until last jump: 30 state(s).
[t=0.022535s, 3928 KB] Reopened until last jump: 0 state(s).
[t=0.022535s, 3928 KB] Evaluated until last jump: 57 state(s).
[t=0.022535s, 3928 KB] Generated until last jump: 102 state(s).
[t=0.022535s, 3928 KB] Number of registered states: 77
[t=0.022535s, 3928 KB] Int hash set load factor: 77/128 = 0.601562
[t=0.022535s, 3928 KB] Int hash set resizes: 7
[t=0.022535s, 3928 KB] Search time: 0.008486s
[t=0.022535s, 3928 KB] Total time: 0.022535s
Solution found.
Remove intermediate file output.sas
search exit code: 0

