INFO     planner time limit: None
INFO     planner memory limit: None

INFO     Running translator.
INFO     translator stdin: None
INFO     translator time limit: None
INFO     translator memory limit: None
INFO     translator command line string: 'D:\Miniforge3\python.exe' -m translate 'C:\Users\user\Desktop\theoria\.worktrees\e2-fd-ladder-bench\engine-rig\runs\20260728T072633Z-E2-fd-ladder-bench\guarded\sokoban_guarded_singleton_domain.pddl' 'C:\Users\user\Desktop\theoria\.worktrees\e2-fd-ladder-bench\engine-rig\runs\20260728T072633Z-E2-fd-ladder-bench\guarded\far5_guarded_singleton.pddl' --sas-file output.sas
Warning! SIGXCPU is not available on your platform. This means that the planner cannot be gracefully terminated when using a time limit, which, however, is probably supported on your platform anyway.
Parsing...
Parsing: [0.000s CPU, 0.001s wall-clock]
Normalizing task... [0.000s CPU, 0.000s wall-clock]
Instantiating...
Generating Datalog program... [0.000s CPU, 0.000s wall-clock]
Normalizing Datalog program...
Normalizing Datalog program: [0.000s CPU, 0.001s wall-clock]
Preparing model... [0.000s CPU, 0.000s wall-clock]
Generated 20 rules.
Computing model... [0.016s CPU, 0.004s wall-clock]
482 relevant atoms
660 auxiliary atoms
1142 final queue length
1587 total queue pushes
Completing instantiation... [0.000s CPU, 0.003s wall-clock]
Instantiating: [0.016s CPU, 0.008s wall-clock]
Computing fact groups...
Finding invariants...
7 initial candidates
Finding invariants: [0.000s CPU, 0.001s wall-clock]
Checking invariant weight... [0.000s CPU, 0.000s wall-clock]
Instantiating groups... [0.000s CPU, 0.000s wall-clock]
Collecting mutex groups... [0.000s CPU, 0.000s wall-clock]
Choosing groups...
25 uncovered facts
Choosing groups: [0.000s CPU, 0.000s wall-clock]
Building translation key... [0.000s CPU, 0.000s wall-clock]
Computing fact groups: [0.000s CPU, 0.002s wall-clock]
Building STRIPS to SAS dictionary... [0.000s CPU, 0.000s wall-clock]
Building dictionary for full mutex groups... [0.000s CPU, 0.000s wall-clock]
Building mutex information...
Building mutex information: [0.000s CPU, 0.000s wall-clock]
Translating task...
Processing axioms...
Simplifying axioms... [0.000s CPU, 0.000s wall-clock]
Translator axioms removed by simplifying: 0
Processing axioms: [0.000s CPU, 0.000s wall-clock]
Translating task: [0.000s CPU, 0.003s wall-clock]
288 effect conditions simplified
0 implied preconditions added
Detecting unreachable propositions...
0 operators removed
0 axioms removed
11 propositions removed
Detecting unreachable propositions: [0.000s CPU, 0.002s wall-clock]
Reordering and filtering variables...
28 of 28 variables necessary.
25 of 28 mutex groups necessary.
184 of 184 operators necessary.
0 of 0 axiom rules necessary.
Reordering and filtering variables: [0.000s CPU, 0.001s wall-clock]
Translator variables: 28
Translator derived variables: 0
Translator facts: 117
Translator goal facts: 2
Translator mutex groups: 25
Translator total mutex groups size: 92
Translator operators: 184
Translator axioms: 0
Translator task size: 1655
warning: could not determine peak memory
Writing output... [0.000s CPU, 0.011s wall-clock]
Done! [0.016s CPU, 0.028s wall-clock]
translate exit code: 0

INFO     Running search (release).
INFO     search stdin: output.sas
INFO     search time limit: None
INFO     search memory limit: None
INFO     search command line string: 'C:\Users\user\Desktop\theoria\.worktrees\p13\engine-rig\.toolchain\downward\builds\release\bin\downward.exe' --search 'let(hlm,eval_modify_costs(landmark_sum(lm_factory=lm_reasonable_orders_hps(lm_rhw()),pref=false),cost_type=one),let(hff,eval_modify_costs(ff(),cost_type=one),lazy_greedy([hff,hlm],preferred=[hff,hlm],cost_type=one,reopen_closed=false)))' --internal-plan-file 'C:\Users\user\AppData\Local\Temp\tmpl6vsjiae\sas_plan' < output.sas
[t=0.000141s, 1960 KB] Search code revision: 7120aa0
[t=0.000233s, 1960 KB] reading input...
[t=0.002134s, 2356 KB] done reading input!
[t=0.003696s, 2920 KB] Simplifying 760 unary operators... done! [760 unary operators]
[t=0.003926s, 2992 KB] time to simplify: 0.000233s
[t=0.003954s, 2992 KB] Initializing additive heuristic...
[t=0.003960s, 2992 KB] Initializing FF heuristic...
[t=0.003990s, 2992 KB] Initializing landmark sum heuristic...
[t=0.003995s, 2992 KB] Generating landmark graph...
[t=0.004020s, 2992 KB] Building a landmark graph with reasonable orders.
[t=0.004045s, 2992 KB] Initializing Exploration...
[t=0.004135s, 3008 KB] Generating landmarks using the RPG/SAS+ approach
[t=0.004542s, 3044 KB] Landmarks generation time: 0.000520s
[t=0.004548s, 3044 KB] Discovered 12 landmarks, of which 6 are disjunctive and 0 are conjunctive.
[t=0.004550s, 3044 KB] There are 12 landmark orderings.
[t=0.004555s, 3044 KB] approx. reasonable orders
[t=0.004572s, 3044 KB] Landmarks generation time: 0.000576s
[t=0.004576s, 3044 KB] Discovered 12 landmarks, of which 6 are disjunctive and 0 are conjunctive.
[t=0.004578s, 3044 KB] There are 12 landmark orderings.
[t=0.004580s, 3044 KB] Landmark graph generation time: 0.000587s
[t=0.004584s, 3044 KB] Landmark graph contains 12 landmarks, of which 6 are disjunctive and 0 are conjunctive.
[t=0.004586s, 3044 KB] Landmark graph contains 12 orderings.
[t=0.004630s, 3044 KB] Building successor generator... done!
[t=0.004692s, 3044 KB] peak memory difference for successor generator creation: 0 KB
[t=0.004694s, 3044 KB] time for successor generation creation: 0.000054s
[t=0.004699s, 3044 KB] Variables: 28
[t=0.004703s, 3044 KB] FactPairs: 117
[t=0.004705s, 3044 KB] Bytes per state: 8
[t=0.004723s, 3044 KB] Conducting lazy best first search, (real) bound = 2147483647
[t=0.004772s, 3092 KB] New best heuristic value for landmark_sum_heuristic: 8
[t=0.004776s, 3092 KB] New best heuristic value for ff: 18
[t=0.004778s, 3092 KB] g=0, 1 evaluated, 0 expanded
[t=0.004788s, 3092 KB] Initial heuristic value for landmark_sum_heuristic: 8
[t=0.004791s, 3092 KB] Initial heuristic value for ff: 18
[t=0.004803s, 3092 KB] New best heuristic value for landmark_sum_heuristic: 7
[t=0.004806s, 3092 KB] New best heuristic value for ff: 15
[t=0.004808s, 3092 KB] g=1, 2 evaluated, 1 expanded
[t=0.004821s, 3092 KB] New best heuristic value for ff: 11
[t=0.004825s, 3092 KB] g=2, 3 evaluated, 2 expanded
[t=0.004851s, 3092 KB] New best heuristic value for ff: 10
[t=0.004855s, 3092 KB] g=3, 6 evaluated, 5 expanded
[t=0.004871s, 3092 KB] New best heuristic value for ff: 9
[t=0.004875s, 3092 KB] g=4, 8 evaluated, 7 expanded
[t=0.004904s, 3092 KB] New best heuristic value for landmark_sum_heuristic: 6
[t=0.004908s, 3092 KB] New best heuristic value for ff: 7
[t=0.004910s, 3092 KB] g=4, 12 evaluated, 10 expanded
[t=0.004918s, 3092 KB] New best heuristic value for landmark_sum_heuristic: 4
[t=0.004922s, 3092 KB] New best heuristic value for ff: 6
[t=0.004924s, 3092 KB] g=5, 13 evaluated, 11 expanded
[t=0.005015s, 3092 KB] New best heuristic value for ff: 5
[t=0.005019s, 3092 KB] g=9, 28 evaluated, 22 expanded
[t=0.005027s, 3092 KB] New best heuristic value for landmark_sum_heuristic: 3
[t=0.005031s, 3092 KB] New best heuristic value for ff: 3
[t=0.005033s, 3092 KB] g=10, 29 evaluated, 23 expanded
[t=0.005040s, 3092 KB] New best heuristic value for ff: 2
[t=0.005048s, 3092 KB] g=11, 30 evaluated, 24 expanded
[t=0.005055s, 3092 KB] New best heuristic value for landmark_sum_heuristic: 1
[t=0.005058s, 3092 KB] New best heuristic value for ff: 1
[t=0.005060s, 3092 KB] g=12, 31 evaluated, 25 expanded
[t=0.005065s, 3092 KB] Solution found!
[t=0.005069s, 3092 KB] Actual search time: 0.000332s
move c55 c45 up (1)
move c45 c35 up (1)
move c35 c34 left (1)
move c34 c24 up (1)
move c24 c23 left (1)
move c23 c13 up (1)
move c13 c12 left (1)
push c12 c22 c32 b1 down (1)
push c22 c32 c42 b1 down (1)
push c32 c42 c52 b1 down (1)
move c42 c43 right (1)
push c43 c33 c23 b2 up (1)
push c33 c23 c13 b2 up (1)
[t=0.005072s, 3092 KB] Plan length: 13 step(s).
[t=0.005072s, 3092 KB] Plan cost: 13
[t=0.005072s, 3092 KB] Expanded 26 state(s).
[t=0.005072s, 3092 KB] Reopened 0 state(s).
[t=0.005072s, 3092 KB] Evaluated 32 state(s).
[t=0.005072s, 3092 KB] Evaluations: 59
[t=0.005072s, 3092 KB] Generated 95 state(s).
[t=0.005072s, 3092 KB] Dead ends: 5 state(s).
[t=0.005072s, 3092 KB] Number of registered states: 32
[t=0.005072s, 3092 KB] Int hash set load factor: 32/32 = 1.000000
[t=0.005072s, 3092 KB] Int hash set resizes: 5
[t=0.005072s, 3092 KB] Search time: 0.000351s
[t=0.005072s, 3092 KB] Total time: 0.005072s
Solution found.
Remove intermediate file output.sas
search exit code: 0

