INFO     planner time limit: None
INFO     planner memory limit: None

INFO     Running translator.
INFO     translator stdin: None
INFO     translator time limit: None
INFO     translator memory limit: None
INFO     translator command line string: 'D:\Miniforge3\python.exe' -m translate 'C:\Users\user\Desktop\theoria\.worktrees\e2-fd-ladder-bench\engine-rig\runs\20260728T072633Z-E2-fd-ladder-bench\guarded\sokoban_guarded_full_domain.pddl' 'C:\Users\user\Desktop\theoria\.worktrees\e2-fd-ladder-bench\engine-rig\runs\20260728T072633Z-E2-fd-ladder-bench\guarded\far5_guarded_full.pddl' --sas-file output.sas
Warning! SIGXCPU is not available on your platform. This means that the planner cannot be gracefully terminated when using a time limit, which, however, is probably supported on your platform anyway.
Parsing...
Parsing: [0.000s CPU, 0.001s wall-clock]
Normalizing task... [0.000s CPU, 0.000s wall-clock]
Instantiating...
Generating Datalog program... [0.000s CPU, 0.000s wall-clock]
Normalizing Datalog program...
Normalizing Datalog program: [0.000s CPU, 0.001s wall-clock]
Preparing model... [0.000s CPU, 0.000s wall-clock]
Generated 26 rules.
Computing model... [0.016s CPU, 0.004s wall-clock]
570 relevant atoms
824 auxiliary atoms
1394 final queue length
1847 total queue pushes
Completing instantiation... [0.000s CPU, 0.003s wall-clock]
Instantiating: [0.016s CPU, 0.009s wall-clock]
Computing fact groups...
Finding invariants...
7 initial candidates
Finding invariants: [0.000s CPU, 0.001s wall-clock]
Checking invariant weight... [0.000s CPU, 0.000s wall-clock]
Instantiating groups... [0.000s CPU, 0.000s wall-clock]
Collecting mutex groups... [0.000s CPU, 0.000s wall-clock]
Choosing groups...
49 uncovered facts
Choosing groups: [0.000s CPU, 0.000s wall-clock]
Building translation key... [0.000s CPU, 0.000s wall-clock]
Computing fact groups: [0.000s CPU, 0.002s wall-clock]
Building STRIPS to SAS dictionary... [0.000s CPU, 0.000s wall-clock]
Building dictionary for full mutex groups... [0.000s CPU, 0.000s wall-clock]
Building mutex information...
Building mutex information: [0.000s CPU, 0.000s wall-clock]
Translating task...
Processing axioms...
Simplifying axioms... [0.000s CPU, 0.000s wall-clock]
Translator axioms removed by simplifying: 0
Processing axioms: [0.000s CPU, 0.000s wall-clock]
Translating task: [0.000s CPU, 0.004s wall-clock]
288 effect conditions simplified
0 implied preconditions added
Detecting unreachable propositions...
0 operators removed
0 axioms removed
11 propositions removed
Detecting unreachable propositions: [0.000s CPU, 0.002s wall-clock]
Reordering and filtering variables...
52 of 52 variables necessary.
25 of 28 mutex groups necessary.
184 of 184 operators necessary.
32 of 32 axiom rules necessary.
Reordering and filtering variables: [0.000s CPU, 0.001s wall-clock]
Translator variables: 52
Translator derived variables: 24
Translator facts: 165
Translator goal facts: 2
Translator mutex groups: 25
Translator total mutex groups size: 92
Translator operators: 184
Translator axioms: 32
Translator task size: 1847
warning: could not determine peak memory
Writing output... [0.000s CPU, 0.010s wall-clock]
Done! [0.016s CPU, 0.029s wall-clock]
translate exit code: 0

INFO     Running search (release).
INFO     search stdin: output.sas
INFO     search time limit: None
INFO     search memory limit: None
INFO     search command line string: 'C:\Users\user\Desktop\theoria\.worktrees\p13\engine-rig\.toolchain\downward\builds\release\bin\downward.exe' --search 'astar(blind())' --internal-plan-file 'C:\Users\user\AppData\Local\Temp\tmpfp9_1qh8\sas_plan' < output.sas
[t=0.000134s, 1952 KB] Search code revision: 7120aa0
[t=0.000221s, 1964 KB] reading input...
[t=0.002312s, 2436 KB] done reading input!
[t=0.003373s, 2888 KB] Initializing blind search heuristic...
[t=0.003414s, 2888 KB] Building successor generator... done!
[t=0.003495s, 2916 KB] peak memory difference for successor generator creation: 28 KB
[t=0.003498s, 2916 KB] time for successor generation creation: 0.000073s
[t=0.003503s, 2916 KB] Variables: 52
[t=0.003507s, 2916 KB] FactPairs: 165
[t=0.003509s, 2916 KB] Bytes per state: 8
[t=0.003519s, 2916 KB] Conducting best first search with reopening closed nodes, (real) bound = 2147483647
[t=0.003537s, 2940 KB] New best heuristic value for blind: 1
[t=0.003541s, 2940 KB] g=0, 1 evaluated, 0 expanded
[t=0.003544s, 2940 KB] f = 1, 1 evaluated, 0 expanded
[t=0.003550s, 2940 KB] Initial heuristic value for blind: 1
[t=0.003553s, 2940 KB] pruning method: none
[t=0.003563s, 2940 KB] f = 2, 3 evaluated, 1 expanded
[t=0.003572s, 2940 KB] f = 3, 6 evaluated, 3 expanded
[t=0.003583s, 2940 KB] f = 4, 10 evaluated, 6 expanded
[t=0.003597s, 2940 KB] f = 5, 16 evaluated, 10 expanded
[t=0.003616s, 2940 KB] f = 6, 28 evaluated, 16 expanded
[t=0.003653s, 2940 KB] f = 7, 54 evaluated, 28 expanded
[t=0.003725s, 2960 KB] f = 8, 106 evaluated, 54 expanded
[t=0.003854s, 2960 KB] f = 9, 197 evaluated, 106 expanded
[t=0.004058s, 2968 KB] f = 10, 333 evaluated, 197 expanded
[t=0.004378s, 2988 KB] f = 11, 546 evaluated, 333 expanded
[t=0.004794s, 2988 KB] f = 12, 830 evaluated, 546 expanded
[t=0.005546s, 3012 KB] f = 13, 1253 evaluated, 830 expanded
[t=0.005587s, 3012 KB] New best heuristic value for blind: 0
[t=0.005591s, 3012 KB] g=13, 1261 evaluated, 838 expanded
[t=0.005597s, 3012 KB] Solution found!
[t=0.005601s, 3012 KB] Actual search time: 0.002047s
move c55 c45 up (1)
move c45 c35 up (1)
move c35 c25 up (1)
move c25 c15 up (1)
move c15 c14 left (1)
move c14 c13 left (1)
move c13 c12 left (1)
push c12 c22 c32 b1 down (1)
push c22 c32 c42 b1 down (1)
push c32 c42 c52 b1 down (1)
move c42 c43 right (1)
push c43 c33 c23 b2 up (1)
push c33 c23 c13 b2 up (1)
[t=0.005605s, 3012 KB] Plan length: 13 step(s).
[t=0.005605s, 3012 KB] Plan cost: 13
[t=0.005605s, 3012 KB] Expanded 839 state(s).
[t=0.005605s, 3012 KB] Reopened 0 state(s).
[t=0.005605s, 3012 KB] Evaluated 1264 state(s).
[t=0.005605s, 3012 KB] Evaluations: 1264
[t=0.005605s, 3012 KB] Generated 2719 state(s).
[t=0.005605s, 3012 KB] Dead ends: 0 state(s).
[t=0.005605s, 3012 KB] Expanded until last jump: 830 state(s).
[t=0.005605s, 3012 KB] Reopened until last jump: 0 state(s).
[t=0.005605s, 3012 KB] Evaluated until last jump: 1253 state(s).
[t=0.005605s, 3012 KB] Generated until last jump: 2696 state(s).
[t=0.005605s, 3012 KB] Number of registered states: 1264
[t=0.005605s, 3012 KB] Int hash set load factor: 1264/2048 = 0.617188
[t=0.005605s, 3012 KB] Int hash set resizes: 11
[t=0.005605s, 3012 KB] Search time: 0.002088s
[t=0.005605s, 3012 KB] Total time: 0.005605s
Solution found.
Remove intermediate file output.sas
search exit code: 0

