INFO     planner time limit: None
INFO     planner memory limit: None

INFO     Running translator.
INFO     translator stdin: None
INFO     translator time limit: None
INFO     translator memory limit: None
INFO     translator command line string: 'D:\Miniforge3\python.exe' -m translate 'C:\Users\user\Desktop\theoria\.worktrees\e2-fd-ladder-bench\engine-rig\runs\20260728T072633Z-E2-fd-ladder-bench\guarded\sokoban_guarded_singleton_domain.pddl' 'C:\Users\user\Desktop\theoria\.worktrees\e2-fd-ladder-bench\engine-rig\runs\20260728T072633Z-E2-fd-ladder-bench\guarded\far5_guarded_singleton.pddl' --sas-file output.sas
Warning! SIGXCPU is not available on your platform. This means that the planner cannot be gracefully terminated when using a time limit, which, however, is probably supported on your platform anyway.
Parsing...
Parsing: [0.000s CPU, 0.002s wall-clock]
Normalizing task... [0.000s CPU, 0.000s wall-clock]
Instantiating...
Generating Datalog program... [0.000s CPU, 0.000s wall-clock]
Normalizing Datalog program...
Normalizing Datalog program: [0.000s CPU, 0.001s wall-clock]
Preparing model... [0.000s CPU, 0.000s wall-clock]
Generated 20 rules.
Computing model... [0.016s CPU, 0.004s wall-clock]
482 relevant atoms
660 auxiliary atoms
1142 final queue length
1587 total queue pushes
Completing instantiation... [0.000s CPU, 0.002s wall-clock]
Instantiating: [0.016s CPU, 0.008s wall-clock]
Computing fact groups...
Finding invariants...
7 initial candidates
Finding invariants: [0.000s CPU, 0.001s wall-clock]
Checking invariant weight... [0.000s CPU, 0.000s wall-clock]
Instantiating groups... [0.000s CPU, 0.000s wall-clock]
Collecting mutex groups... [0.000s CPU, 0.000s wall-clock]
Choosing groups...
25 uncovered facts
Choosing groups: [0.000s CPU, 0.000s wall-clock]
Building translation key... [0.000s CPU, 0.000s wall-clock]
Computing fact groups: [0.000s CPU, 0.002s wall-clock]
Building STRIPS to SAS dictionary... [0.000s CPU, 0.000s wall-clock]
Building dictionary for full mutex groups... [0.000s CPU, 0.000s wall-clock]
Building mutex information...
Building mutex information: [0.000s CPU, 0.000s wall-clock]
Translating task...
Processing axioms...
Simplifying axioms... [0.000s CPU, 0.000s wall-clock]
Translator axioms removed by simplifying: 0
Processing axioms: [0.000s CPU, 0.000s wall-clock]
Translating task: [0.000s CPU, 0.003s wall-clock]
288 effect conditions simplified
0 implied preconditions added
Detecting unreachable propositions...
0 operators removed
0 axioms removed
11 propositions removed
Detecting unreachable propositions: [0.000s CPU, 0.002s wall-clock]
Reordering and filtering variables...
28 of 28 variables necessary.
25 of 28 mutex groups necessary.
184 of 184 operators necessary.
0 of 0 axiom rules necessary.
Reordering and filtering variables: [0.000s CPU, 0.001s wall-clock]
Translator variables: 28
Translator derived variables: 0
Translator facts: 117
Translator goal facts: 2
Translator mutex groups: 25
Translator total mutex groups size: 92
Translator operators: 184
Translator axioms: 0
Translator task size: 1655
warning: could not determine peak memory
Writing output... [0.000s CPU, 0.010s wall-clock]
Done! [0.016s CPU, 0.027s wall-clock]
translate exit code: 0

INFO     Running search (release).
INFO     search stdin: output.sas
INFO     search time limit: None
INFO     search memory limit: None
INFO     search command line string: 'C:\Users\user\Desktop\theoria\.worktrees\p13\engine-rig\.toolchain\downward\builds\release\bin\downward.exe' --search 'astar(ipdb())' --internal-plan-file 'C:\Users\user\AppData\Local\Temp\tmpo_r1lwn5\sas_plan' < output.sas
[t=0.000292s, 1812 KB] Search code revision: 7120aa0
[t=0.000382s, 1812 KB] reading input...
[t=0.002249s, 2204 KB] done reading input!
[t=0.004044s, 2828 KB] Initializing canonical PDB heuristic...
[t=0.004057s, 2828 KB] Generating patterns using: hill climbing pattern collection generator
[t=0.004172s, 2836 KB] Done calculating initial pattern collection: 0.000114s
[t=0.004187s, 2848 KB] Average operator cost: 1.000000
[t=0.004196s, 2848 KB] Building causal graph... done!
[t=0.005726s, 3000 KB] Done calculating initial candidate PDBs
[t=0.009763s, 3252 KB] found a better pattern with improvement 874
[t=0.019197s, 3472 KB] found a better pattern with improvement 610
[t=0.043239s, 5792 KB] found a better pattern with improvement 104
[t=0.087295s, 10168 KB] found a better pattern with improvement 706
[t=0.141111s, 18192 KB] found a better pattern with improvement 106
[t=0.223568s, 25868 KB] found a better pattern with improvement 109
[t=0.330395s, 41392 KB] found a better pattern with improvement 28
[t=0.438260s, 55960 KB] found a better pattern with improvement 33
[t=0.544022s, 69832 KB] found a better pattern with improvement 82
[t=0.766923s, 98940 KB] Improvement below threshold. Stop hill climbing.
[t=0.766950s, 98940 KB] Hill climbing iterations: 10
[t=0.766953s, 98940 KB] Hill climbing generated patterns: 248
[t=0.766956s, 98940 KB] Hill climbing rejected patterns: 0
[t=0.766958s, 98940 KB] Hill climbing maximum PDB size: 352800
[t=0.766960s, 98940 KB] Hill climbing time: 0.762775s
[t=0.772743s, 98940 KB] hill climbing pattern collection generator number of patterns: 11
[t=0.772754s, 98940 KB] hill climbing pattern collection generator total PDB size: 562842
[t=0.772758s, 98940 KB] hill climbing pattern collection generator computation time: 0.768682s
[t=0.772765s, 98940 KB] Running dominance pruning...
[t=0.772773s, 98940 KB] Pruned 7 of 10 pattern cliques
[t=0.772778s, 98940 KB] Pruned 8 of 11 PDBs
[t=0.772780s, 98940 KB] Dominance pruning took 0.000014s
[t=0.772877s, 98940 KB] Canonical PDB heuristic number of patterns: 3
[t=0.772883s, 98940 KB] Canonical PDB heuristic total PDB size: 352800
[t=0.772886s, 98940 KB] Canonical PDB heuristic computation time: 0.768833s
[t=0.772929s, 98940 KB] Building successor generator... done!
[t=0.772998s, 98940 KB] peak memory difference for successor generator creation: 0 KB
[t=0.773000s, 98940 KB] time for successor generation creation: 0.000061s
[t=0.773007s, 98940 KB] Variables: 28
[t=0.773009s, 98940 KB] FactPairs: 117
[t=0.773011s, 98940 KB] Bytes per state: 8
[t=0.773029s, 98940 KB] Conducting best first search with reopening closed nodes, (real) bound = 2147483647
[t=0.773056s, 98940 KB] New best heuristic value for cpdbs: 13
[t=0.773063s, 98940 KB] g=0, 1 evaluated, 0 expanded
[t=0.773066s, 98940 KB] f = 13, 1 evaluated, 0 expanded
[t=0.773075s, 98940 KB] Initial heuristic value for cpdbs: 13
[t=0.773077s, 98940 KB] pruning method: none
[t=0.773089s, 98940 KB] New best heuristic value for cpdbs: 12
[t=0.773093s, 98940 KB] g=1, 2 evaluated, 1 expanded
[t=0.773099s, 98940 KB] New best heuristic value for cpdbs: 11
[t=0.773101s, 98940 KB] g=2, 4 evaluated, 2 expanded
[t=0.773107s, 98940 KB] New best heuristic value for cpdbs: 10
[t=0.773108s, 98940 KB] g=3, 6 evaluated, 3 expanded
[t=0.773114s, 98940 KB] New best heuristic value for cpdbs: 9
[t=0.773118s, 98940 KB] g=4, 8 evaluated, 4 expanded
[t=0.773123s, 98940 KB] New best heuristic value for cpdbs: 8
[t=0.773126s, 98940 KB] g=5, 10 evaluated, 5 expanded
[t=0.773131s, 98940 KB] New best heuristic value for cpdbs: 7
[t=0.773133s, 98940 KB] g=6, 11 evaluated, 6 expanded
[t=0.773137s, 98940 KB] New best heuristic value for cpdbs: 6
[t=0.773140s, 98940 KB] g=7, 12 evaluated, 7 expanded
[t=0.773147s, 98940 KB] New best heuristic value for cpdbs: 5
[t=0.773150s, 98940 KB] g=8, 15 evaluated, 8 expanded
[t=0.773158s, 98940 KB] New best heuristic value for cpdbs: 4
[t=0.773161s, 98940 KB] g=9, 18 evaluated, 9 expanded
[t=0.773167s, 98940 KB] New best heuristic value for cpdbs: 3
[t=0.773170s, 98940 KB] g=10, 21 evaluated, 10 expanded
[t=0.773177s, 98940 KB] New best heuristic value for cpdbs: 2
[t=0.773180s, 98940 KB] g=11, 25 evaluated, 11 expanded
[t=0.773186s, 98940 KB] New best heuristic value for cpdbs: 1
[t=0.773190s, 98940 KB] g=12, 29 evaluated, 12 expanded
[t=0.773194s, 98940 KB] New best heuristic value for cpdbs: 0
[t=0.773196s, 98940 KB] g=13, 30 evaluated, 13 expanded
[t=0.773202s, 98940 KB] Solution found!
[t=0.773205s, 98940 KB] Actual search time: 0.000125s
move c55 c45 up (1)
move c45 c35 up (1)
move c35 c25 up (1)
move c25 c15 up (1)
move c15 c14 left (1)
move c14 c13 left (1)
move c13 c12 left (1)
push c12 c22 c32 b1 down (1)
push c22 c32 c42 b1 down (1)
push c32 c42 c52 b1 down (1)
move c42 c43 right (1)
push c43 c33 c23 b2 up (1)
push c33 c23 c13 b2 up (1)
[t=0.773210s, 98940 KB] Plan length: 13 step(s).
[t=0.773210s, 98940 KB] Plan cost: 13
[t=0.773210s, 98940 KB] Expanded 14 state(s).
[t=0.773210s, 98940 KB] Reopened 0 state(s).
[t=0.773210s, 98940 KB] Evaluated 33 state(s).
[t=0.773210s, 98940 KB] Evaluations: 33
[t=0.773210s, 98940 KB] Generated 41 state(s).
[t=0.773210s, 98940 KB] Dead ends: 0 state(s).
[t=0.773210s, 98940 KB] Expanded until last jump: 0 state(s).
[t=0.773210s, 98940 KB] Reopened until last jump: 0 state(s).
[t=0.773210s, 98940 KB] Evaluated until last jump: 1 state(s).
[t=0.773210s, 98940 KB] Generated until last jump: 0 state(s).
[t=0.773210s, 98940 KB] Number of registered states: 33
[t=0.773210s, 98940 KB] Int hash set load factor: 33/64 = 0.515625
[t=0.773210s, 98940 KB] Int hash set resizes: 6
[t=0.773210s, 98940 KB] Search time: 0.000184s
[t=0.773210s, 98940 KB] Total time: 0.773210s
Solution found.
Remove intermediate file output.sas
search exit code: 0

