INFO     planner time limit: None
INFO     planner memory limit: None

INFO     Running translator.
INFO     translator stdin: None
INFO     translator time limit: None
INFO     translator memory limit: None
INFO     translator command line string: 'D:\Miniforge3\python.exe' -m translate 'C:\Users\user\Desktop\theoria\.worktrees\e2-fd-ladder-bench\engine-rig\fixtures\data\sokoban_domain.pddl' 'C:\Users\user\Desktop\theoria\.worktrees\e2-fd-ladder-bench\engine-rig\runs\20260728T072633Z-E2-fd-ladder-bench\instances\far5.pddl' --sas-file output.sas
Warning! SIGXCPU is not available on your platform. This means that the planner cannot be gracefully terminated when using a time limit, which, however, is probably supported on your platform anyway.
Parsing...
Parsing: [0.000s CPU, 0.001s wall-clock]
Normalizing task... [0.000s CPU, 0.000s wall-clock]
Instantiating...
Generating Datalog program... [0.000s CPU, 0.000s wall-clock]
Normalizing Datalog program...
Normalizing Datalog program: [0.000s CPU, 0.001s wall-clock]
Preparing model... [0.000s CPU, 0.000s wall-clock]
Generated 20 rules.
Computing model... [0.016s CPU, 0.004s wall-clock]
474 relevant atoms
660 auxiliary atoms
1134 final queue length
1579 total queue pushes
Completing instantiation... [0.000s CPU, 0.003s wall-clock]
Instantiating: [0.016s CPU, 0.008s wall-clock]
Computing fact groups...
Finding invariants...
7 initial candidates
Finding invariants: [0.000s CPU, 0.001s wall-clock]
Checking invariant weight... [0.000s CPU, 0.000s wall-clock]
Instantiating groups... [0.000s CPU, 0.000s wall-clock]
Collecting mutex groups... [0.000s CPU, 0.000s wall-clock]
Choosing groups...
25 uncovered facts
Choosing groups: [0.000s CPU, 0.000s wall-clock]
Building translation key... [0.000s CPU, 0.000s wall-clock]
Computing fact groups: [0.000s CPU, 0.002s wall-clock]
Building STRIPS to SAS dictionary... [0.000s CPU, 0.000s wall-clock]
Building dictionary for full mutex groups... [0.000s CPU, 0.000s wall-clock]
Building mutex information...
Building mutex information: [0.000s CPU, 0.000s wall-clock]
Translating task...
Processing axioms...
Simplifying axioms... [0.000s CPU, 0.000s wall-clock]
Translator axioms removed by simplifying: 0
Processing axioms: [0.000s CPU, 0.000s wall-clock]
Translating task: [0.000s CPU, 0.003s wall-clock]
320 effect conditions simplified
0 implied preconditions added
Detecting unreachable propositions...
0 operators removed
0 axioms removed
3 propositions removed
Detecting unreachable propositions: [0.000s CPU, 0.002s wall-clock]
Reordering and filtering variables...
28 of 28 variables necessary.
25 of 28 mutex groups necessary.
200 of 200 operators necessary.
0 of 0 axiom rules necessary.
Reordering and filtering variables: [0.000s CPU, 0.001s wall-clock]
Translator variables: 28
Translator derived variables: 0
Translator facts: 125
Translator goal facts: 2
Translator mutex groups: 25
Translator total mutex groups size: 100
Translator operators: 200
Translator axioms: 0
Translator task size: 1815
warning: could not determine peak memory
Writing output... [0.000s CPU, 0.010s wall-clock]
Done! [0.016s CPU, 0.029s wall-clock]
translate exit code: 0

INFO     Running search (release).
INFO     search stdin: output.sas
INFO     search time limit: None
INFO     search memory limit: None
INFO     search command line string: 'C:\Users\user\Desktop\theoria\.worktrees\p13\engine-rig\.toolchain\downward\builds\release\bin\downward.exe' --search 'astar(blind())' --internal-plan-file 'C:\Users\user\AppData\Local\Temp\tmp1guo19on\sas_plan' < output.sas
[t=0.000222s, 2068 KB] Search code revision: 7120aa0
[t=0.000328s, 2068 KB] reading input...
[t=0.002352s, 2496 KB] done reading input!
[t=0.003857s, 2924 KB] Initializing blind search heuristic...
[t=0.003899s, 2924 KB] Building successor generator... done!
[t=0.003986s, 2956 KB] peak memory difference for successor generator creation: 32 KB
[t=0.003988s, 2956 KB] time for successor generation creation: 0.000074s
[t=0.003995s, 2956 KB] Variables: 28
[t=0.004000s, 2956 KB] FactPairs: 125
[t=0.004002s, 2956 KB] Bytes per state: 8
[t=0.004022s, 2956 KB] Conducting best first search with reopening closed nodes, (real) bound = 2147483647
[t=0.004046s, 2968 KB] New best heuristic value for blind: 1
[t=0.004050s, 2968 KB] g=0, 1 evaluated, 0 expanded
[t=0.004053s, 2968 KB] f = 1, 1 evaluated, 0 expanded
[t=0.004065s, 2996 KB] Initial heuristic value for blind: 1
[t=0.004069s, 2996 KB] pruning method: none
[t=0.004082s, 2996 KB] f = 2, 3 evaluated, 1 expanded
[t=0.004094s, 2996 KB] f = 3, 6 evaluated, 3 expanded
[t=0.004104s, 2996 KB] f = 4, 10 evaluated, 6 expanded
[t=0.004116s, 2996 KB] f = 5, 16 evaluated, 10 expanded
[t=0.004135s, 2996 KB] f = 6, 28 evaluated, 16 expanded
[t=0.004168s, 2996 KB] f = 7, 54 evaluated, 28 expanded
[t=0.004228s, 2996 KB] f = 8, 106 evaluated, 54 expanded
[t=0.004328s, 2996 KB] f = 9, 199 evaluated, 106 expanded
[t=0.004497s, 2996 KB] f = 10, 351 evaluated, 199 expanded
[t=0.004778s, 3012 KB] f = 11, 593 evaluated, 351 expanded
[t=0.005142s, 3012 KB] f = 12, 949 evaluated, 593 expanded
[t=0.005748s, 3032 KB] f = 13, 1478 evaluated, 949 expanded
[t=0.005766s, 3032 KB] New best heuristic value for blind: 0
[t=0.005768s, 3032 KB] g=13, 1487 evaluated, 957 expanded
[t=0.005774s, 3032 KB] Solution found!
[t=0.005778s, 3032 KB] Actual search time: 0.001708s
move c55 c45 up (1)
move c45 c35 up (1)
move c35 c25 up (1)
move c25 c15 up (1)
move c15 c14 left (1)
move c14 c13 left (1)
move c13 c12 left (1)
push c12 c22 c32 b1 down (1)
push c22 c32 c42 b1 down (1)
push c32 c42 c52 b1 down (1)
move c42 c43 right (1)
push c43 c33 c23 b2 up (1)
push c33 c23 c13 b2 up (1)
[t=0.005781s, 3032 KB] Plan length: 13 step(s).
[t=0.005781s, 3032 KB] Plan cost: 13
[t=0.005781s, 3032 KB] Expanded 958 state(s).
[t=0.005781s, 3032 KB] Reopened 0 state(s).
[t=0.005781s, 3032 KB] Evaluated 1490 state(s).
[t=0.005781s, 3032 KB] Evaluations: 1490
[t=0.005781s, 3032 KB] Generated 3104 state(s).
[t=0.005781s, 3032 KB] Dead ends: 0 state(s).
[t=0.005781s, 3032 KB] Expanded until last jump: 949 state(s).
[t=0.005781s, 3032 KB] Reopened until last jump: 0 state(s).
[t=0.005781s, 3032 KB] Evaluated until last jump: 1478 state(s).
[t=0.005781s, 3032 KB] Generated until last jump: 3080 state(s).
[t=0.005781s, 3032 KB] Number of registered states: 1490
[t=0.005781s, 3032 KB] Int hash set load factor: 1490/2048 = 0.727539
[t=0.005781s, 3032 KB] Int hash set resizes: 11
[t=0.005781s, 3032 KB] Search time: 0.001762s
[t=0.005781s, 3032 KB] Total time: 0.005781s
Solution found.
Remove intermediate file output.sas
search exit code: 0

