INFO     planner time limit: None
INFO     planner memory limit: None

INFO     Running translator.
INFO     translator stdin: None
INFO     translator time limit: None
INFO     translator memory limit: None
INFO     translator command line string: 'D:\Miniforge3\python.exe' -m translate 'C:\Users\user\Desktop\theoria\.worktrees\e2-fd-ladder-bench\engine-rig\runs\20260728T072633Z-E2-fd-ladder-bench\guarded\sokoban_guarded_singleton_domain.pddl' 'C:\Users\user\Desktop\theoria\.worktrees\e2-fd-ladder-bench\engine-rig\runs\20260728T072633Z-E2-fd-ladder-bench\guarded\far6_guarded_singleton.pddl' --sas-file output.sas
Warning! SIGXCPU is not available on your platform. This means that the planner cannot be gracefully terminated when using a time limit, which, however, is probably supported on your platform anyway.
Parsing...
Parsing: [0.000s CPU, 0.002s wall-clock]
Normalizing task... [0.000s CPU, 0.000s wall-clock]
Instantiating...
Generating Datalog program... [0.000s CPU, 0.000s wall-clock]
Normalizing Datalog program...
Normalizing Datalog program: [0.000s CPU, 0.001s wall-clock]
Preparing model... [0.000s CPU, 0.000s wall-clock]
Generated 20 rules.
Computing model... [0.000s CPU, 0.006s wall-clock]
711 relevant atoms
984 auxiliary atoms
1695 final queue length
2403 total queue pushes
Completing instantiation... [0.016s CPU, 0.004s wall-clock]
Instantiating: [0.016s CPU, 0.012s wall-clock]
Computing fact groups...
Finding invariants...
7 initial candidates
Finding invariants: [0.000s CPU, 0.001s wall-clock]
Checking invariant weight... [0.000s CPU, 0.000s wall-clock]
Instantiating groups... [0.000s CPU, 0.001s wall-clock]
Collecting mutex groups... [0.000s CPU, 0.000s wall-clock]
Choosing groups...
36 uncovered facts
Choosing groups: [0.000s CPU, 0.000s wall-clock]
Building translation key... [0.000s CPU, 0.000s wall-clock]
Computing fact groups: [0.000s CPU, 0.002s wall-clock]
Building STRIPS to SAS dictionary... [0.000s CPU, 0.000s wall-clock]
Building dictionary for full mutex groups... [0.000s CPU, 0.000s wall-clock]
Building mutex information...
Building mutex information: [0.000s CPU, 0.000s wall-clock]
Translating task...
Processing axioms...
Simplifying axioms... [0.000s CPU, 0.000s wall-clock]
Translator axioms removed by simplifying: 0
Processing axioms: [0.000s CPU, 0.000s wall-clock]
Translating task: [0.000s CPU, 0.005s wall-clock]
472 effect conditions simplified
0 implied preconditions added
Detecting unreachable propositions...
0 operators removed
0 axioms removed
11 propositions removed
Detecting unreachable propositions: [0.000s CPU, 0.003s wall-clock]
Reordering and filtering variables...
39 of 39 variables necessary.
36 of 39 mutex groups necessary.
296 of 296 operators necessary.
0 of 0 axiom rules necessary.
Reordering and filtering variables: [0.000s CPU, 0.002s wall-clock]
Translator variables: 39
Translator derived variables: 0
Translator facts: 172
Translator goal facts: 2
Translator mutex groups: 36
Translator total mutex groups size: 136
Translator operators: 296
Translator axioms: 0
Translator task size: 2653
warning: could not determine peak memory
Writing output... [0.016s CPU, 0.011s wall-clock]
Done! [0.031s CPU, 0.037s wall-clock]
translate exit code: 0

INFO     Running search (release).
INFO     search stdin: output.sas
INFO     search time limit: None
INFO     search memory limit: None
INFO     search command line string: 'C:\Users\user\Desktop\theoria\.worktrees\p13\engine-rig\.toolchain\downward\builds\release\bin\downward.exe' --search 'astar(blind())' --internal-plan-file 'C:\Users\user\AppData\Local\Temp\tmpjk08aj5n\sas_plan' < output.sas
[t=0.000167s, 1960 KB] Search code revision: 7120aa0
[t=0.000256s, 1972 KB] reading input...
[t=0.003172s, 2504 KB] done reading input!
[t=0.004209s, 2904 KB] Initializing blind search heuristic...
[t=0.004236s, 2904 KB] Building successor generator... done!
[t=0.004342s, 2956 KB] peak memory difference for successor generator creation: 52 KB
[t=0.004345s, 2956 KB] time for successor generation creation: 0.000098s
[t=0.004349s, 2956 KB] Variables: 39
[t=0.004352s, 2956 KB] FactPairs: 172
[t=0.004356s, 2956 KB] Bytes per state: 8
[t=0.004367s, 2956 KB] Conducting best first search with reopening closed nodes, (real) bound = 2147483647
[t=0.004383s, 2968 KB] New best heuristic value for blind: 1
[t=0.004387s, 2968 KB] g=0, 1 evaluated, 0 expanded
[t=0.004389s, 2968 KB] f = 1, 1 evaluated, 0 expanded
[t=0.004397s, 2992 KB] Initial heuristic value for blind: 1
[t=0.004401s, 2992 KB] pruning method: none
[t=0.004410s, 2992 KB] f = 2, 3 evaluated, 1 expanded
[t=0.004426s, 2992 KB] f = 3, 6 evaluated, 3 expanded
[t=0.004434s, 2992 KB] f = 4, 10 evaluated, 6 expanded
[t=0.004443s, 2992 KB] f = 5, 15 evaluated, 10 expanded
[t=0.004455s, 2992 KB] f = 6, 21 evaluated, 15 expanded
[t=0.004465s, 2992 KB] f = 7, 27 evaluated, 21 expanded
[t=0.004482s, 2992 KB] f = 8, 39 evaluated, 27 expanded
[t=0.004510s, 2992 KB] f = 9, 65 evaluated, 39 expanded
[t=0.004559s, 2992 KB] f = 10, 121 evaluated, 65 expanded
[t=0.004654s, 2992 KB] f = 11, 226 evaluated, 121 expanded
[t=0.004814s, 2992 KB] f = 12, 394 evaluated, 226 expanded
[t=0.005094s, 3008 KB] f = 13, 677 evaluated, 394 expanded
[t=0.005584s, 3028 KB] f = 14, 1113 evaluated, 677 expanded
[t=0.006172s, 3028 KB] f = 15, 1767 evaluated, 1113 expanded
[t=0.007129s, 3088 KB] f = 16, 2681 evaluated, 1767 expanded
[t=0.008461s, 3180 KB] f = 17, 3949 evaluated, 2681 expanded
[t=0.008632s, 3180 KB] New best heuristic value for blind: 0
[t=0.008636s, 3180 KB] g=17, 4080 evaluated, 2761 expanded
[t=0.008641s, 3180 KB] Solution found!
[t=0.008644s, 3180 KB] Actual search time: 0.004242s
move c66 c56 up (1)
move c56 c46 up (1)
move c46 c36 up (1)
move c36 c26 up (1)
move c26 c16 up (1)
move c16 c15 left (1)
move c15 c14 left (1)
move c14 c13 left (1)
move c13 c12 left (1)
push c12 c22 c32 b1 down (1)
push c22 c32 c42 b1 down (1)
push c32 c42 c52 b1 down (1)
push c42 c52 c62 b1 down (1)
move c52 c42 up (1)
move c42 c43 right (1)
push c43 c33 c23 b2 up (1)
push c33 c23 c13 b2 up (1)
[t=0.008649s, 3180 KB] Plan length: 17 step(s).
[t=0.008649s, 3180 KB] Plan cost: 17
[t=0.008649s, 3180 KB] Expanded 2762 state(s).
[t=0.008649s, 3180 KB] Reopened 0 state(s).
[t=0.008649s, 3180 KB] Evaluated 4083 state(s).
[t=0.008649s, 3180 KB] Evaluations: 4083
[t=0.008649s, 3180 KB] Generated 9424 state(s).
[t=0.008649s, 3180 KB] Dead ends: 0 state(s).
[t=0.008649s, 3180 KB] Expanded until last jump: 2681 state(s).
[t=0.008649s, 3180 KB] Reopened until last jump: 0 state(s).
[t=0.008649s, 3180 KB] Evaluated until last jump: 3949 state(s).
[t=0.008649s, 3180 KB] Generated until last jump: 9138 state(s).
[t=0.008649s, 3180 KB] Number of registered states: 4083
[t=0.008649s, 3180 KB] Int hash set load factor: 4083/8192 = 0.498413
[t=0.008649s, 3180 KB] Int hash set resizes: 13
[t=0.008649s, 3180 KB] Search time: 0.004283s
[t=0.008649s, 3180 KB] Total time: 0.008649s
Solution found.
Remove intermediate file output.sas
search exit code: 0

