INFO     planner time limit: None
INFO     planner memory limit: None

INFO     Running translator.
INFO     translator stdin: None
INFO     translator time limit: None
INFO     translator memory limit: None
INFO     translator command line string: 'D:\Miniforge3\python.exe' -m translate 'C:\Users\user\Desktop\theoria\.worktrees\e2-fd-ladder-bench\engine-rig\runs\20260728T072633Z-E2-fd-ladder-bench\guarded\sokoban_guarded_full_domain.pddl' 'C:\Users\user\Desktop\theoria\.worktrees\e2-fd-ladder-bench\engine-rig\runs\20260728T072633Z-E2-fd-ladder-bench\guarded\far6_guarded_full.pddl' --sas-file output.sas
Warning! SIGXCPU is not available on your platform. This means that the planner cannot be gracefully terminated when using a time limit, which, however, is probably supported on your platform anyway.
Parsing...
Parsing: [0.000s CPU, 0.002s wall-clock]
Normalizing task... [0.000s CPU, 0.000s wall-clock]
Instantiating...
Generating Datalog program... [0.000s CPU, 0.000s wall-clock]
Normalizing Datalog program...
Normalizing Datalog program: [0.000s CPU, 0.001s wall-clock]
Preparing model... [0.000s CPU, 0.000s wall-clock]
Generated 26 rules.
Computing model... [0.016s CPU, 0.006s wall-clock]
839 relevant atoms
1224 auxiliary atoms
2063 final queue length
2787 total queue pushes
Completing instantiation... [0.000s CPU, 0.005s wall-clock]
Instantiating: [0.016s CPU, 0.012s wall-clock]
Computing fact groups...
Finding invariants...
7 initial candidates
Finding invariants: [0.000s CPU, 0.001s wall-clock]
Checking invariant weight... [0.000s CPU, 0.000s wall-clock]
Instantiating groups... [0.000s CPU, 0.001s wall-clock]
Collecting mutex groups... [0.000s CPU, 0.000s wall-clock]
Choosing groups...
68 uncovered facts
Choosing groups: [0.000s CPU, 0.000s wall-clock]
Building translation key... [0.000s CPU, 0.000s wall-clock]
Computing fact groups: [0.000s CPU, 0.002s wall-clock]
Building STRIPS to SAS dictionary... [0.000s CPU, 0.000s wall-clock]
Building dictionary for full mutex groups... [0.000s CPU, 0.000s wall-clock]
Building mutex information...
Building mutex information: [0.000s CPU, 0.000s wall-clock]
Translating task...
Processing axioms...
Simplifying axioms... [0.000s CPU, 0.000s wall-clock]
Translator axioms removed by simplifying: 0
Processing axioms: [0.000s CPU, 0.001s wall-clock]
Translating task: [0.016s CPU, 0.006s wall-clock]
472 effect conditions simplified
0 implied preconditions added
Detecting unreachable propositions...
0 operators removed
0 axioms removed
11 propositions removed
Detecting unreachable propositions: [0.000s CPU, 0.003s wall-clock]
Reordering and filtering variables...
71 of 71 variables necessary.
36 of 39 mutex groups necessary.
296 of 296 operators necessary.
48 of 48 axiom rules necessary.
Reordering and filtering variables: [0.000s CPU, 0.002s wall-clock]
Translator variables: 71
Translator derived variables: 32
Translator facts: 236
Translator goal facts: 2
Translator mutex groups: 36
Translator total mutex groups size: 136
Translator operators: 296
Translator axioms: 48
Translator task size: 2925
warning: could not determine peak memory
Writing output... [0.000s CPU, 0.012s wall-clock]
Done! [0.031s CPU, 0.039s wall-clock]
translate exit code: 0

INFO     Running search (release).
INFO     search stdin: output.sas
INFO     search time limit: None
INFO     search memory limit: None
INFO     search command line string: 'C:\Users\user\Desktop\theoria\.worktrees\p13\engine-rig\.toolchain\downward\builds\release\bin\downward.exe' --search 'let(hlm,eval_modify_costs(landmark_sum(lm_factory=lm_reasonable_orders_hps(lm_rhw()),pref=false),cost_type=one),let(hff,eval_modify_costs(ff(),cost_type=one),lazy_greedy([hff,hlm],preferred=[hff,hlm],cost_type=one,reopen_closed=false)))' --internal-plan-file 'C:\Users\user\AppData\Local\Temp\tmpzq7ctlgi\sas_plan' < output.sas
[t=0.000157s, 1960 KB] Search code revision: 7120aa0
[t=0.000248s, 1960 KB] reading input...
[t=0.003453s, 2552 KB] done reading input!
[t=0.005414s, 3160 KB] Simplifying 2264 unary operators... done! [2264 unary operators]
[t=0.006082s, 3336 KB] time to simplify: 0.000672s
[t=0.006162s, 3336 KB] Initializing additive heuristic...
[t=0.006166s, 3336 KB] Initializing FF heuristic...
[t=0.006575s, 3336 KB] Initializing landmark sum heuristic...
[t=0.006615s, 3336 KB] Generating landmark graph...
[t=0.006660s, 3336 KB] Building a landmark graph with reasonable orders.
[t=0.006701s, 3336 KB] Initializing Exploration...
[t=0.006996s, 3396 KB] Generating landmarks using the RPG/SAS+ approach
[t=0.007839s, 3464 KB] Landmarks generation time: 0.001178s
[t=0.007846s, 3464 KB] Discovered 15 landmarks, of which 7 are disjunctive and 0 are conjunctive.
[t=0.007849s, 3464 KB] There are 17 landmark orderings.
[t=0.007853s, 3464 KB] approx. reasonable orders
[t=0.007874s, 3464 KB] Landmarks generation time: 0.001257s
[t=0.007879s, 3464 KB] Discovered 15 landmarks, of which 7 are disjunctive and 0 are conjunctive.
[t=0.007881s, 3464 KB] There are 17 landmark orderings.
[t=0.007883s, 3464 KB] Landmark graph generation time: 0.001269s
[t=0.007886s, 3464 KB] Landmark graph contains 15 landmarks, of which 7 are disjunctive and 0 are conjunctive.
[t=0.007890s, 3464 KB] Landmark graph contains 17 orderings.
[t=0.007940s, 3464 KB] Building successor generator... done!
[t=0.008049s, 3464 KB] peak memory difference for successor generator creation: 0 KB
[t=0.008052s, 3464 KB] time for successor generation creation: 0.000102s
[t=0.008057s, 3464 KB] Variables: 71
[t=0.008069s, 3464 KB] FactPairs: 236
[t=0.008072s, 3464 KB] Bytes per state: 12
[t=0.008088s, 3464 KB] Conducting lazy best first search, (real) bound = 2147483647
[t=0.008144s, 3548 KB] New best heuristic value for landmark_sum_heuristic: 9
[t=0.008150s, 3548 KB] New best heuristic value for ff: 22
[t=0.008152s, 3548 KB] g=0, 1 evaluated, 0 expanded
[t=0.008161s, 3548 KB] Initial heuristic value for landmark_sum_heuristic: 9
[t=0.008163s, 3548 KB] Initial heuristic value for ff: 22
[t=0.008203s, 3548 KB] New best heuristic value for landmark_sum_heuristic: 8
[t=0.008207s, 3548 KB] New best heuristic value for ff: 20
[t=0.008209s, 3548 KB] g=1, 3 evaluated, 2 expanded
[t=0.008243s, 3548 KB] New best heuristic value for ff: 19
[t=0.008248s, 3548 KB] g=2, 5 evaluated, 4 expanded
[t=0.008269s, 3548 KB] New best heuristic value for ff: 17
[t=0.008273s, 3548 KB] g=3, 6 evaluated, 5 expanded
[t=0.008290s, 3548 KB] New best heuristic value for ff: 14
[t=0.008294s, 3548 KB] g=3, 7 evaluated, 6 expanded
[t=0.008339s, 3548 KB] New best heuristic value for ff: 12
[t=0.008344s, 3548 KB] g=5, 10 evaluated, 9 expanded
[t=0.008360s, 3548 KB] New best heuristic value for ff: 11
[t=0.008364s, 3548 KB] g=6, 11 evaluated, 10 expanded
[t=0.008454s, 3548 KB] New best heuristic value for landmark_sum_heuristic: 7
[t=0.008458s, 3548 KB] New best heuristic value for ff: 9
[t=0.008460s, 3548 KB] g=8, 17 evaluated, 16 expanded
[t=0.008475s, 3548 KB] New best heuristic value for landmark_sum_heuristic: 6
[t=0.008544s, 3548 KB] g=9, 18 evaluated, 17 expanded
[t=0.008660s, 3548 KB] New best heuristic value for landmark_sum_heuristic: 5
[t=0.008667s, 3548 KB] g=11, 24 evaluated, 23 expanded
[t=0.008781s, 3548 KB] New best heuristic value for ff: 6
[t=0.008785s, 3548 KB] g=15, 33 evaluated, 32 expanded
[t=0.008802s, 3548 KB] New best heuristic value for ff: 4
[t=0.008806s, 3548 KB] g=16, 34 evaluated, 33 expanded
[t=0.008816s, 3548 KB] New best heuristic value for landmark_sum_heuristic: 3
[t=0.008820s, 3548 KB] New best heuristic value for ff: 2
[t=0.008823s, 3548 KB] g=17, 35 evaluated, 34 expanded
[t=0.008831s, 3548 KB] New best heuristic value for landmark_sum_heuristic: 1
[t=0.008834s, 3548 KB] New best heuristic value for ff: 1
[t=0.008836s, 3548 KB] g=18, 36 evaluated, 35 expanded
[t=0.008843s, 3548 KB] Solution found!
[t=0.008847s, 3548 KB] Actual search time: 0.000739s
move c66 c65 left (1)
move c65 c64 left (1)
move c64 c63 left (1)
move c63 c53 up (1)
move c53 c52 left (1)
move c52 c42 up (1)
move c42 c43 right (1)
push c43 c33 c23 b2 up (1)
push c33 c23 c13 b2 up (1)
move c23 c33 down (1)
move c33 c32 left (1)
move c32 c31 left (1)
move c31 c21 up (1)
move c21 c11 up (1)
move c11 c12 right (1)
push c12 c22 c32 b1 down (1)
push c22 c32 c42 b1 down (1)
push c32 c42 c52 b1 down (1)
push c42 c52 c62 b1 down (1)
[t=0.008850s, 3548 KB] Plan length: 19 step(s).
[t=0.008850s, 3548 KB] Plan cost: 19
[t=0.008850s, 3548 KB] Expanded 36 state(s).
[t=0.008850s, 3548 KB] Reopened 0 state(s).
[t=0.008850s, 3548 KB] Evaluated 37 state(s).
[t=0.008850s, 3548 KB] Evaluations: 74
[t=0.008850s, 3548 KB] Generated 127 state(s).
[t=0.008850s, 3548 KB] Dead ends: 0 state(s).
[t=0.008850s, 3548 KB] Number of registered states: 37
[t=0.008850s, 3548 KB] Int hash set load factor: 37/64 = 0.578125
[t=0.008850s, 3548 KB] Int hash set resizes: 6
[t=0.008850s, 3548 KB] Search time: 0.000764s
[t=0.008850s, 3548 KB] Total time: 0.008850s
Solution found.
Remove intermediate file output.sas
search exit code: 0

