INFO     planner time limit: None
INFO     planner memory limit: None

INFO     Running translator.
INFO     translator stdin: None
INFO     translator time limit: None
INFO     translator memory limit: None
INFO     translator command line string: 'D:\Miniforge3\python.exe' -m translate 'C:\Users\user\Desktop\theoria\.worktrees\e2-fd-ladder-bench\engine-rig\runs\20260728T072633Z-E2-fd-ladder-bench\guarded\sokoban_guarded_indexed_domain.pddl' 'C:\Users\user\Desktop\theoria\.worktrees\e2-fd-ladder-bench\engine-rig\runs\20260728T072633Z-E2-fd-ladder-bench\guarded\far6_guarded_indexed.pddl' --sas-file output.sas
Warning! SIGXCPU is not available on your platform. This means that the planner cannot be gracefully terminated when using a time limit, which, however, is probably supported on your platform anyway.
Parsing...
Parsing: [0.000s CPU, 0.002s wall-clock]
Normalizing task... [0.000s CPU, 0.000s wall-clock]
Instantiating...
Generating Datalog program... [0.000s CPU, 0.000s wall-clock]
Normalizing Datalog program...
Normalizing Datalog program: [0.000s CPU, 0.001s wall-clock]
Preparing model... [0.000s CPU, 0.001s wall-clock]
Generated 56 rules.
Computing model... [0.016s CPU, 0.016s wall-clock]
831 relevant atoms
5192 auxiliary atoms
6023 final queue length
6731 total queue pushes
Completing instantiation... [0.000s CPU, 0.005s wall-clock]
Instantiating: [0.016s CPU, 0.024s wall-clock]
Computing fact groups...
Finding invariants...
7 initial candidates
Finding invariants: [0.000s CPU, 0.002s wall-clock]
Checking invariant weight... [0.000s CPU, 0.000s wall-clock]
Instantiating groups... [0.000s CPU, 0.001s wall-clock]
Collecting mutex groups... [0.000s CPU, 0.000s wall-clock]
Choosing groups...
36 uncovered facts
Choosing groups: [0.000s CPU, 0.000s wall-clock]
Building translation key... [0.000s CPU, 0.000s wall-clock]
Computing fact groups: [0.016s CPU, 0.003s wall-clock]
Building STRIPS to SAS dictionary... [0.000s CPU, 0.000s wall-clock]
Building dictionary for full mutex groups... [0.000s CPU, 0.000s wall-clock]
Building mutex information...
Building mutex information: [0.000s CPU, 0.000s wall-clock]
Translating task...
Processing axioms...
Simplifying axioms... [0.000s CPU, 0.000s wall-clock]
Translator axioms removed by simplifying: 0
Processing axioms: [0.000s CPU, 0.000s wall-clock]
Translating task: [0.047s CPU, 0.051s wall-clock]
5976 effect conditions simplified
0 implied preconditions added
Detecting unreachable propositions...
400 operators removed
0 axioms removed
11 propositions removed
Detecting unreachable propositions: [0.016s CPU, 0.026s wall-clock]
Reordering and filtering variables...
39 of 39 variables necessary.
36 of 39 mutex groups necessary.
2648 of 2648 operators necessary.
0 of 0 axiom rules necessary.
Reordering and filtering variables: [0.016s CPU, 0.014s wall-clock]
Translator variables: 39
Translator derived variables: 0
Translator facts: 172
Translator goal facts: 2
Translator mutex groups: 36
Translator total mutex groups size: 136
Translator operators: 2648
Translator axioms: 0
Translator task size: 26253
warning: could not determine peak memory
Writing output... [0.031s CPU, 0.035s wall-clock]
Done! [0.141s CPU, 0.156s wall-clock]
translate exit code: 0

INFO     Running search (release).
INFO     search stdin: output.sas
INFO     search time limit: None
INFO     search memory limit: None
INFO     search command line string: 'C:\Users\user\Desktop\theoria\.worktrees\p13\engine-rig\.toolchain\downward\builds\release\bin\downward.exe' --search 'astar(ipdb())' --internal-plan-file 'C:\Users\user\AppData\Local\Temp\tmp48a87lae\sas_plan' < output.sas
[t=0.000136s, 1960 KB] Search code revision: 7120aa0
[t=0.000226s, 1960 KB] reading input...
[t=0.024980s, 3428 KB] done reading input!
[t=0.026189s, 3796 KB] Initializing canonical PDB heuristic...
[t=0.026201s, 3796 KB] Generating patterns using: hill climbing pattern collection generator
[t=0.027168s, 3972 KB] Done calculating initial pattern collection: 0.000966s
[t=0.027179s, 3972 KB] Average operator cost: 1.000000
[t=0.027188s, 3972 KB] Building causal graph... done!
[t=0.057273s, 4388 KB] Done calculating initial candidate PDBs
[t=0.063783s, 4516 KB] found a better pattern with improvement 950
[t=0.112092s, 6108 KB] found a better pattern with improvement 510
[t=0.250143s, 17108 KB] found a better pattern with improvement 51
[t=0.474455s, 37604 KB] found a better pattern with improvement 759
[t=0.745192s, 77032 KB] found a better pattern with improvement 68
[t=1.313409s, 153656 KB] found a better pattern with improvement 13
[t=1.873354s, 227664 KB] Improvement below threshold. Stop hill climbing.
[t=1.873378s, 227664 KB] Hill climbing iterations: 7
[t=1.873381s, 227664 KB] Hill climbing generated patterns: 274
[t=1.873383s, 227664 KB] Hill climbing rejected patterns: 0
[t=1.873385s, 227664 KB] Hill climbing maximum PDB size: 589824
[t=1.873387s, 227664 KB] Hill climbing time: 1.846210s
[t=1.883831s, 227664 KB] hill climbing pattern collection generator number of patterns: 8
[t=1.883844s, 227664 KB] hill climbing pattern collection generator total PDB size: 849088
[t=1.883847s, 227664 KB] hill climbing pattern collection generator computation time: 1.857625s
[t=1.883854s, 227664 KB] Running dominance pruning...
[t=1.883860s, 227664 KB] Pruned 5 of 7 pattern cliques
[t=1.883866s, 227664 KB] Pruned 6 of 8 PDBs
[t=1.883868s, 227664 KB] Dominance pruning took 0.000013s
[t=1.883968s, 227664 KB] Canonical PDB heuristic number of patterns: 2
[t=1.883975s, 227664 KB] Canonical PDB heuristic total PDB size: 589824
[t=1.883978s, 227664 KB] Canonical PDB heuristic computation time: 1.857780s
[t=1.884026s, 227664 KB] Building successor generator... done!
[t=1.884780s, 227664 KB] peak memory difference for successor generator creation: 0 KB
[t=1.884783s, 227664 KB] time for successor generation creation: 0.000744s
[t=1.884798s, 227664 KB] Variables: 39
[t=1.884802s, 227664 KB] FactPairs: 172
[t=1.884804s, 227664 KB] Bytes per state: 8
[t=1.884815s, 227664 KB] Conducting best first search with reopening closed nodes, (real) bound = 2147483647
[t=1.884835s, 227664 KB] New best heuristic value for cpdbs: 17
[t=1.884839s, 227664 KB] g=0, 1 evaluated, 0 expanded
[t=1.884842s, 227664 KB] f = 17, 1 evaluated, 0 expanded
[t=1.884848s, 227664 KB] Initial heuristic value for cpdbs: 17
[t=1.884856s, 227664 KB] pruning method: none
[t=1.884863s, 227664 KB] New best heuristic value for cpdbs: 16
[t=1.884867s, 227664 KB] g=1, 2 evaluated, 1 expanded
[t=1.884873s, 227664 KB] New best heuristic value for cpdbs: 15
[t=1.884876s, 227664 KB] g=2, 4 evaluated, 2 expanded
[t=1.884881s, 227664 KB] New best heuristic value for cpdbs: 14
[t=1.884884s, 227664 KB] g=3, 6 evaluated, 3 expanded
[t=1.884890s, 227664 KB] New best heuristic value for cpdbs: 13
[t=1.884894s, 227664 KB] g=4, 8 evaluated, 4 expanded
[t=1.884902s, 227664 KB] New best heuristic value for cpdbs: 12
[t=1.884906s, 227664 KB] g=5, 10 evaluated, 5 expanded
[t=1.884912s, 227664 KB] New best heuristic value for cpdbs: 11
[t=1.884914s, 227664 KB] g=6, 13 evaluated, 6 expanded
[t=1.884921s, 227664 KB] New best heuristic value for cpdbs: 10
[t=1.884923s, 227664 KB] g=7, 16 evaluated, 7 expanded
[t=1.884932s, 227664 KB] New best heuristic value for cpdbs: 9
[t=1.884936s, 227664 KB] g=8, 20 evaluated, 8 expanded
[t=1.884939s, 227664 KB] New best heuristic value for cpdbs: 8
[t=1.884941s, 227664 KB] g=9, 21 evaluated, 9 expanded
[t=1.884949s, 227664 KB] New best heuristic value for cpdbs: 7
[t=1.884951s, 227664 KB] g=10, 23 evaluated, 10 expanded
[t=1.884956s, 227664 KB] New best heuristic value for cpdbs: 6
[t=1.884958s, 227664 KB] g=11, 25 evaluated, 11 expanded
[t=1.884964s, 227664 KB] New best heuristic value for cpdbs: 5
[t=1.884967s, 227664 KB] g=12, 29 evaluated, 12 expanded
[t=1.884977s, 227664 KB] New best heuristic value for cpdbs: 4
[t=1.884980s, 227664 KB] g=13, 34 evaluated, 13 expanded
[t=1.884985s, 227664 KB] New best heuristic value for cpdbs: 3
[t=1.884987s, 227664 KB] g=14, 36 evaluated, 14 expanded
[t=1.884992s, 227664 KB] New best heuristic value for cpdbs: 2
[t=1.884994s, 227664 KB] g=15, 40 evaluated, 15 expanded
[t=1.884998s, 227664 KB] New best heuristic value for cpdbs: 1
[t=1.885000s, 227664 KB] g=16, 42 evaluated, 16 expanded
[t=1.885007s, 227664 KB] New best heuristic value for cpdbs: 0
[t=1.885010s, 227664 KB] g=17, 47 evaluated, 17 expanded
[t=1.885013s, 227664 KB] Solution found!
[t=1.885015s, 227664 KB] Actual search time: 0.000158s
move c66 c56 up (1)
move c56 c55 left (1)
move c55 c45 up (1)
move c45 c35 up (1)
move c35 c25 up (1)
move c25 c24 left (1)
move c24 c23 left (1)
move c23 c13 up (1)
move c13 c12 left (1)
push-pair0 c12 c22 c32 b1 down (1)
push-pair0 c22 c32 c42 b1 down (1)
push-pair0 c32 c42 c52 b1 down (1)
push-pair1 c42 c52 c62 b1 down b2 c63 (1)
move c52 c42 up (1)
move c42 c43 right (1)
push-pair0 c43 c33 c23 b2 up (1)
push-pair2 c33 c23 c13 b2 up b1 c12 b1 c14 (1)
[t=1.885020s, 227664 KB] Plan length: 17 step(s).
[t=1.885020s, 227664 KB] Plan cost: 17
[t=1.885020s, 227664 KB] Expanded 18 state(s).
[t=1.885020s, 227664 KB] Reopened 0 state(s).
[t=1.885020s, 227664 KB] Evaluated 47 state(s).
[t=1.885020s, 227664 KB] Evaluations: 47
[t=1.885020s, 227664 KB] Generated 62 state(s).
[t=1.885020s, 227664 KB] Dead ends: 1 state(s).
[t=1.885020s, 227664 KB] Expanded until last jump: 0 state(s).
[t=1.885020s, 227664 KB] Reopened until last jump: 0 state(s).
[t=1.885020s, 227664 KB] Evaluated until last jump: 1 state(s).
[t=1.885020s, 227664 KB] Generated until last jump: 0 state(s).
[t=1.885020s, 227664 KB] Number of registered states: 47
[t=1.885020s, 227664 KB] Int hash set load factor: 47/64 = 0.734375
[t=1.885020s, 227664 KB] Int hash set resizes: 6
[t=1.885020s, 227664 KB] Search time: 0.000207s
[t=1.885020s, 227664 KB] Total time: 1.885020s
Solution found.
Remove intermediate file output.sas
search exit code: 0

