INFO     planner time limit: None
INFO     planner memory limit: None

INFO     Running translator.
INFO     translator stdin: None
INFO     translator time limit: None
INFO     translator memory limit: None
INFO     translator command line string: 'D:\Miniforge3\python.exe' -m translate 'C:\Users\user\Desktop\theoria\.worktrees\e2-fd-ladder-bench\engine-rig\runs\20260728T072633Z-E2-fd-ladder-bench\guarded\sokoban_guarded_singleton_domain.pddl' 'C:\Users\user\Desktop\theoria\.worktrees\e2-fd-ladder-bench\engine-rig\runs\20260728T072633Z-E2-fd-ladder-bench\guarded\far6_guarded_singleton.pddl' --sas-file output.sas
Warning! SIGXCPU is not available on your platform. This means that the planner cannot be gracefully terminated when using a time limit, which, however, is probably supported on your platform anyway.
Parsing...
Parsing: [0.000s CPU, 0.002s wall-clock]
Normalizing task... [0.000s CPU, 0.000s wall-clock]
Instantiating...
Generating Datalog program... [0.000s CPU, 0.000s wall-clock]
Normalizing Datalog program...
Normalizing Datalog program: [0.000s CPU, 0.001s wall-clock]
Preparing model... [0.000s CPU, 0.001s wall-clock]
Generated 20 rules.
Computing model... [0.000s CPU, 0.006s wall-clock]
711 relevant atoms
984 auxiliary atoms
1695 final queue length
2403 total queue pushes
Completing instantiation... [0.000s CPU, 0.004s wall-clock]
Instantiating: [0.000s CPU, 0.011s wall-clock]
Computing fact groups...
Finding invariants...
7 initial candidates
Finding invariants: [0.016s CPU, 0.001s wall-clock]
Checking invariant weight... [0.000s CPU, 0.000s wall-clock]
Instantiating groups... [0.000s CPU, 0.001s wall-clock]
Collecting mutex groups... [0.000s CPU, 0.000s wall-clock]
Choosing groups...
36 uncovered facts
Choosing groups: [0.000s CPU, 0.000s wall-clock]
Building translation key... [0.000s CPU, 0.000s wall-clock]
Computing fact groups: [0.016s CPU, 0.002s wall-clock]
Building STRIPS to SAS dictionary... [0.000s CPU, 0.000s wall-clock]
Building dictionary for full mutex groups... [0.000s CPU, 0.000s wall-clock]
Building mutex information...
Building mutex information: [0.000s CPU, 0.000s wall-clock]
Translating task...
Processing axioms...
Simplifying axioms... [0.000s CPU, 0.000s wall-clock]
Translator axioms removed by simplifying: 0
Processing axioms: [0.000s CPU, 0.000s wall-clock]
Translating task: [0.000s CPU, 0.005s wall-clock]
472 effect conditions simplified
0 implied preconditions added
Detecting unreachable propositions...
0 operators removed
0 axioms removed
11 propositions removed
Detecting unreachable propositions: [0.000s CPU, 0.003s wall-clock]
Reordering and filtering variables...
39 of 39 variables necessary.
36 of 39 mutex groups necessary.
296 of 296 operators necessary.
0 of 0 axiom rules necessary.
Reordering and filtering variables: [0.000s CPU, 0.002s wall-clock]
Translator variables: 39
Translator derived variables: 0
Translator facts: 172
Translator goal facts: 2
Translator mutex groups: 36
Translator total mutex groups size: 136
Translator operators: 296
Translator axioms: 0
Translator task size: 2653
warning: could not determine peak memory
Writing output... [0.000s CPU, 0.012s wall-clock]
Done! [0.016s CPU, 0.036s wall-clock]
translate exit code: 0

INFO     Running search (release).
INFO     search stdin: output.sas
INFO     search time limit: None
INFO     search memory limit: None
INFO     search command line string: 'C:\Users\user\Desktop\theoria\.worktrees\p13\engine-rig\.toolchain\downward\builds\release\bin\downward.exe' --search 'let(hlm,eval_modify_costs(landmark_sum(lm_factory=lm_reasonable_orders_hps(lm_rhw()),pref=false),cost_type=one),let(hff,eval_modify_costs(ff(),cost_type=one),lazy_greedy([hff,hlm],preferred=[hff,hlm],cost_type=one,reopen_closed=false)))' --internal-plan-file 'C:\Users\user\AppData\Local\Temp\tmp54eu8h9q\sas_plan' < output.sas
[t=0.000161s, 1992 KB] Search code revision: 7120aa0
[t=0.000258s, 1996 KB] reading input...
[t=0.003041s, 2528 KB] done reading input!
[t=0.004491s, 2992 KB] Simplifying 1240 unary operators... done! [1240 unary operators]
[t=0.004877s, 3092 KB] time to simplify: 0.000391s
[t=0.004928s, 3092 KB] Initializing additive heuristic...
[t=0.004933s, 3092 KB] Initializing FF heuristic...
[t=0.004954s, 3092 KB] Initializing landmark sum heuristic...
[t=0.004959s, 3092 KB] Generating landmark graph...
[t=0.004991s, 3092 KB] Building a landmark graph with reasonable orders.
[t=0.005023s, 3092 KB] Initializing Exploration...
[t=0.005147s, 3092 KB] Generating landmarks using the RPG/SAS+ approach
[t=0.005743s, 3172 KB] Landmarks generation time: 0.000750s
[t=0.005750s, 3172 KB] Discovered 13 landmarks, of which 7 are disjunctive and 0 are conjunctive.
[t=0.005753s, 3172 KB] There are 15 landmark orderings.
[t=0.005757s, 3172 KB] approx. reasonable orders
[t=0.005769s, 3172 KB] Landmarks generation time: 0.000810s
[t=0.005774s, 3172 KB] Discovered 13 landmarks, of which 7 are disjunctive and 0 are conjunctive.
[t=0.005776s, 3172 KB] There are 15 landmark orderings.
[t=0.005778s, 3172 KB] Landmark graph generation time: 0.000821s
[t=0.005782s, 3172 KB] Landmark graph contains 13 landmarks, of which 7 are disjunctive and 0 are conjunctive.
[t=0.005784s, 3172 KB] Landmark graph contains 15 orderings.
[t=0.005839s, 3172 KB] Building successor generator... done!
[t=0.005956s, 3172 KB] peak memory difference for successor generator creation: 0 KB
[t=0.005959s, 3172 KB] time for successor generation creation: 0.000109s
[t=0.005964s, 3172 KB] Variables: 39
[t=0.005968s, 3172 KB] FactPairs: 172
[t=0.005970s, 3172 KB] Bytes per state: 8
[t=0.005985s, 3172 KB] Conducting lazy best first search, (real) bound = 2147483647
[t=0.006025s, 3172 KB] New best heuristic value for landmark_sum_heuristic: 9
[t=0.006030s, 3172 KB] New best heuristic value for ff: 22
[t=0.006032s, 3172 KB] g=0, 1 evaluated, 0 expanded
[t=0.006039s, 3172 KB] Initial heuristic value for landmark_sum_heuristic: 9
[t=0.006043s, 3172 KB] Initial heuristic value for ff: 22
[t=0.006068s, 3172 KB] New best heuristic value for landmark_sum_heuristic: 8
[t=0.006072s, 3172 KB] New best heuristic value for ff: 20
[t=0.006074s, 3172 KB] g=1, 3 evaluated, 2 expanded
[t=0.006097s, 3172 KB] New best heuristic value for ff: 19
[t=0.006101s, 3172 KB] g=2, 5 evaluated, 4 expanded
[t=0.006114s, 3172 KB] New best heuristic value for ff: 17
[t=0.006117s, 3172 KB] g=3, 6 evaluated, 5 expanded
[t=0.006129s, 3172 KB] New best heuristic value for ff: 14
[t=0.006133s, 3172 KB] g=3, 7 evaluated, 6 expanded
[t=0.006167s, 3172 KB] New best heuristic value for ff: 12
[t=0.006170s, 3172 KB] g=5, 10 evaluated, 9 expanded
[t=0.006182s, 3172 KB] New best heuristic value for ff: 11
[t=0.006186s, 3172 KB] g=6, 11 evaluated, 10 expanded
[t=0.006239s, 3172 KB] New best heuristic value for landmark_sum_heuristic: 7
[t=0.006243s, 3172 KB] New best heuristic value for ff: 9
[t=0.006245s, 3172 KB] g=8, 17 evaluated, 15 expanded
[t=0.006255s, 3172 KB] New best heuristic value for landmark_sum_heuristic: 6
[t=0.006259s, 3172 KB] g=9, 18 evaluated, 16 expanded
[t=0.006304s, 3172 KB] New best heuristic value for landmark_sum_heuristic: 5
[t=0.006308s, 3172 KB] New best heuristic value for ff: 8
[t=0.006310s, 3172 KB] g=11, 24 evaluated, 20 expanded
[t=0.007124s, 3172 KB] New best heuristic value for ff: 6
[t=0.007128s, 3172 KB] g=23, 128 evaluated, 107 expanded
[t=0.007143s, 3172 KB] New best heuristic value for ff: 4
[t=0.007147s, 3172 KB] g=24, 129 evaluated, 108 expanded
[t=0.007160s, 3192 KB] New best heuristic value for landmark_sum_heuristic: 3
[t=0.007164s, 3192 KB] New best heuristic value for ff: 2
[t=0.007166s, 3192 KB] g=25, 130 evaluated, 109 expanded
[t=0.007173s, 3192 KB] New best heuristic value for landmark_sum_heuristic: 1
[t=0.007177s, 3192 KB] New best heuristic value for ff: 1
[t=0.007179s, 3192 KB] g=26, 131 evaluated, 110 expanded
[t=0.007184s, 3192 KB] Solution found!
[t=0.007188s, 3192 KB] Actual search time: 0.001194s
move c66 c65 left (1)
move c65 c64 left (1)
move c64 c63 left (1)
move c63 c53 up (1)
move c53 c52 left (1)
move c52 c42 up (1)
move c42 c32 up (1)
push c32 c33 c34 b2 right (1)
move c33 c43 down (1)
move c43 c44 right (1)
push c44 c34 c24 b2 up (1)
push c34 c24 c14 b2 up (1)
move c24 c25 right (1)
move c25 c15 up (1)
push c15 c14 c13 b2 left (1)
push c14 c13 c12 b2 left (1)
move c13 c23 down (1)
move c23 c33 down (1)
move c33 c32 left (1)
move c32 c31 left (1)
move c31 c21 up (1)
move c21 c11 up (1)
push c11 c12 c13 b2 right (1)
push c12 c22 c32 b1 down (1)
push c22 c32 c42 b1 down (1)
push c32 c42 c52 b1 down (1)
push c42 c52 c62 b1 down (1)
[t=0.007191s, 3192 KB] Plan length: 27 step(s).
[t=0.007191s, 3192 KB] Plan cost: 27
[t=0.007191s, 3192 KB] Expanded 111 state(s).
[t=0.007191s, 3192 KB] Reopened 0 state(s).
[t=0.007191s, 3192 KB] Evaluated 132 state(s).
[t=0.007191s, 3192 KB] Evaluations: 244
[t=0.007191s, 3192 KB] Generated 409 state(s).
[t=0.007191s, 3192 KB] Dead ends: 20 state(s).
[t=0.007191s, 3192 KB] Number of registered states: 132
[t=0.007191s, 3192 KB] Int hash set load factor: 132/256 = 0.515625
[t=0.007191s, 3192 KB] Int hash set resizes: 8
[t=0.007191s, 3192 KB] Search time: 0.001208s
[t=0.007191s, 3192 KB] Total time: 0.007191s
Solution found.
Remove intermediate file output.sas
search exit code: 0

