INFO     planner time limit: None
INFO     planner memory limit: None

INFO     Running translator.
INFO     translator stdin: None
INFO     translator time limit: None
INFO     translator memory limit: None
INFO     translator command line string: 'D:\Miniforge3\python.exe' -m translate 'C:\Users\user\Desktop\theoria\.worktrees\e2-fd-ladder-bench\engine-rig\fixtures\data\sokoban_domain.pddl' 'C:\Users\user\Desktop\theoria\.worktrees\e2-fd-ladder-bench\engine-rig\runs\20260728T072633Z-E2-fd-ladder-bench\instances\far7.pddl' --sas-file output.sas
Warning! SIGXCPU is not available on your platform. This means that the planner cannot be gracefully terminated when using a time limit, which, however, is probably supported on your platform anyway.
Parsing...
Parsing: [0.000s CPU, 0.002s wall-clock]
Normalizing task... [0.000s CPU, 0.000s wall-clock]
Instantiating...
Generating Datalog program... [0.000s CPU, 0.000s wall-clock]
Normalizing Datalog program...
Normalizing Datalog program: [0.000s CPU, 0.001s wall-clock]
Preparing model... [0.000s CPU, 0.001s wall-clock]
Generated 20 rules.
Computing model... [0.000s CPU, 0.006s wall-clock]
978 relevant atoms
1372 auxiliary atoms
2350 final queue length
3379 total queue pushes
Completing instantiation... [0.016s CPU, 0.006s wall-clock]
Instantiating: [0.016s CPU, 0.014s wall-clock]
Computing fact groups...
Finding invariants...
7 initial candidates
Finding invariants: [0.000s CPU, 0.001s wall-clock]
Checking invariant weight... [0.000s CPU, 0.000s wall-clock]
Instantiating groups... [0.000s CPU, 0.001s wall-clock]
Collecting mutex groups... [0.000s CPU, 0.000s wall-clock]
Choosing groups...
49 uncovered facts
Choosing groups: [0.000s CPU, 0.000s wall-clock]
Building translation key... [0.000s CPU, 0.000s wall-clock]
Computing fact groups: [0.000s CPU, 0.003s wall-clock]
Building STRIPS to SAS dictionary... [0.000s CPU, 0.000s wall-clock]
Building dictionary for full mutex groups... [0.000s CPU, 0.000s wall-clock]
Building mutex information...
Building mutex information: [0.000s CPU, 0.000s wall-clock]
Translating task...
Processing axioms...
Simplifying axioms... [0.000s CPU, 0.000s wall-clock]
Translator axioms removed by simplifying: 0
Processing axioms: [0.000s CPU, 0.000s wall-clock]
Translating task: [0.000s CPU, 0.007s wall-clock]
728 effect conditions simplified
0 implied preconditions added
Detecting unreachable propositions...
0 operators removed
0 axioms removed
3 propositions removed
Detecting unreachable propositions: [0.000s CPU, 0.004s wall-clock]
Reordering and filtering variables...
52 of 52 variables necessary.
49 of 52 mutex groups necessary.
448 of 448 operators necessary.
0 of 0 axiom rules necessary.
Reordering and filtering variables: [0.016s CPU, 0.002s wall-clock]
Translator variables: 52
Translator derived variables: 0
Translator facts: 245
Translator goal facts: 2
Translator mutex groups: 49
Translator total mutex groups size: 196
Translator operators: 448
Translator axioms: 0
Translator task size: 4023
warning: could not determine peak memory
Writing output... [0.000s CPU, 0.013s wall-clock]
Done! [0.031s CPU, 0.045s wall-clock]
translate exit code: 0

INFO     Running search (release).
INFO     search stdin: output.sas
INFO     search time limit: None
INFO     search memory limit: None
INFO     search command line string: 'C:\Users\user\Desktop\theoria\.worktrees\p13\engine-rig\.toolchain\downward\builds\release\bin\downward.exe' --search 'let(hlm,eval_modify_costs(landmark_sum(lm_factory=lm_reasonable_orders_hps(lm_rhw()),pref=false),cost_type=one),let(hff,eval_modify_costs(ff(),cost_type=one),lazy_greedy([hff,hlm],preferred=[hff,hlm],cost_type=one,reopen_closed=false)))' --internal-plan-file 'C:\Users\user\AppData\Local\Temp\tmps3_paibw\sas_plan' < output.sas
[t=0.000151s, 1988 KB] Search code revision: 7120aa0
[t=0.000247s, 1988 KB] reading input...
[t=0.004404s, 2584 KB] done reading input!
[t=0.005909s, 3084 KB] Simplifying 1904 unary operators... done! [1904 unary operators]
[t=0.006469s, 3244 KB] time to simplify: 0.000564s
[t=0.006538s, 3244 KB] Initializing additive heuristic...
[t=0.006542s, 3244 KB] Initializing FF heuristic...
[t=0.006565s, 3244 KB] Initializing landmark sum heuristic...
[t=0.006569s, 3244 KB] Generating landmark graph...
[t=0.006617s, 3244 KB] Building a landmark graph with reasonable orders.
[t=0.006659s, 3244 KB] Initializing Exploration...
[t=0.006857s, 3308 KB] Generating landmarks using the RPG/SAS+ approach
[t=0.007660s, 3368 KB] Landmarks generation time: 0.001042s
[t=0.007668s, 3368 KB] Discovered 13 landmarks, of which 7 are disjunctive and 0 are conjunctive.
[t=0.007671s, 3368 KB] There are 14 landmark orderings.
[t=0.007675s, 3368 KB] approx. reasonable orders
[t=0.007689s, 3368 KB] Landmarks generation time: 0.001118s
[t=0.007691s, 3368 KB] Discovered 13 landmarks, of which 7 are disjunctive and 0 are conjunctive.
[t=0.007693s, 3368 KB] There are 14 landmark orderings.
[t=0.007695s, 3368 KB] Landmark graph generation time: 0.001127s
[t=0.007698s, 3368 KB] Landmark graph contains 13 landmarks, of which 7 are disjunctive and 0 are conjunctive.
[t=0.007700s, 3368 KB] Landmark graph contains 14 orderings.
[t=0.007748s, 3368 KB] Building successor generator... done!
[t=0.007872s, 3368 KB] peak memory difference for successor generator creation: 0 KB
[t=0.007874s, 3368 KB] time for successor generation creation: 0.000116s
[t=0.007880s, 3368 KB] Variables: 52
[t=0.007884s, 3368 KB] FactPairs: 245
[t=0.007886s, 3368 KB] Bytes per state: 12
[t=0.007902s, 3368 KB] Conducting lazy best first search, (real) bound = 2147483647
[t=0.007944s, 3368 KB] New best heuristic value for landmark_sum_heuristic: 9
[t=0.007948s, 3368 KB] New best heuristic value for ff: 31
[t=0.007950s, 3368 KB] g=0, 1 evaluated, 0 expanded
[t=0.007960s, 3368 KB] Initial heuristic value for landmark_sum_heuristic: 9
[t=0.007964s, 3368 KB] Initial heuristic value for ff: 31
[t=0.007982s, 3368 KB] New best heuristic value for ff: 29
[t=0.007985s, 3368 KB] g=1, 2 evaluated, 1 expanded
[t=0.008003s, 3368 KB] New best heuristic value for ff: 21
[t=0.008006s, 3368 KB] g=2, 3 evaluated, 2 expanded
[t=0.008054s, 3368 KB] New best heuristic value for ff: 15
[t=0.008058s, 3368 KB] g=4, 6 evaluated, 5 expanded
[t=0.008148s, 3368 KB] New best heuristic value for landmark_sum_heuristic: 8
[t=0.008152s, 3368 KB] g=8, 13 evaluated, 12 expanded
[t=0.008304s, 3368 KB] New best heuristic value for ff: 14
[t=0.008308s, 3368 KB] g=7, 26 evaluated, 23 expanded
[t=0.008333s, 3368 KB] New best heuristic value for landmark_sum_heuristic: 7
[t=0.008337s, 3368 KB] New best heuristic value for ff: 13
[t=0.008339s, 3368 KB] g=8, 28 evaluated, 25 expanded
[t=0.008354s, 3368 KB] New best heuristic value for landmark_sum_heuristic: 6
[t=0.008358s, 3368 KB] g=9, 29 evaluated, 26 expanded
[t=0.008378s, 3368 KB] New best heuristic value for ff: 11
[t=0.008382s, 3368 KB] g=9, 31 evaluated, 27 expanded
[t=0.008425s, 3368 KB] New best heuristic value for ff: 10
[t=0.008429s, 3368 KB] g=11, 35 evaluated, 30 expanded
[t=0.008456s, 3368 KB] New best heuristic value for landmark_sum_heuristic: 5
[t=0.008460s, 3368 KB] g=12, 38 evaluated, 32 expanded
[t=0.009632s, 3368 KB] New best heuristic value for ff: 8
[t=0.009636s, 3368 KB] g=25, 149 evaluated, 129 expanded
[t=0.009648s, 3368 KB] New best heuristic value for ff: 6
[t=0.009652s, 3368 KB] g=26, 150 evaluated, 130 expanded
[t=0.009663s, 3368 KB] New best heuristic value for ff: 4
[t=0.009666s, 3368 KB] g=27, 151 evaluated, 131 expanded
[t=0.009676s, 3368 KB] New best heuristic value for landmark_sum_heuristic: 3
[t=0.009680s, 3368 KB] New best heuristic value for ff: 2
[t=0.009682s, 3368 KB] g=28, 152 evaluated, 132 expanded
[t=0.009694s, 3368 KB] New best heuristic value for landmark_sum_heuristic: 1
[t=0.009700s, 3368 KB] New best heuristic value for ff: 1
[t=0.009702s, 3368 KB] g=29, 153 evaluated, 133 expanded
[t=0.009708s, 3368 KB] Solution found!
[t=0.009713s, 3368 KB] Actual search time: 0.001803s
move c77 c67 up (1)
move c67 c57 up (1)
move c57 c56 left (1)
move c56 c46 up (1)
move c46 c45 left (1)
move c45 c44 left (1)
move c44 c43 left (1)
move c43 c42 left (1)
move c42 c32 up (1)
push c32 c33 c34 b2 right (1)
move c33 c43 down (1)
move c43 c44 right (1)
push c44 c34 c24 b2 up (1)
push c34 c24 c14 b2 up (1)
move c24 c25 right (1)
move c25 c15 up (1)
push c15 c14 c13 b2 left (1)
push c14 c13 c12 b2 left (1)
move c13 c23 down (1)
move c23 c33 down (1)
move c33 c32 left (1)
move c32 c31 left (1)
move c31 c21 up (1)
move c21 c11 up (1)
push c11 c12 c13 b2 right (1)
push c12 c22 c32 b1 down (1)
push c22 c32 c42 b1 down (1)
push c32 c42 c52 b1 down (1)
push c42 c52 c62 b1 down (1)
push c52 c62 c72 b1 down (1)
[t=0.009715s, 3368 KB] Plan length: 30 step(s).
[t=0.009715s, 3368 KB] Plan cost: 30
[t=0.009715s, 3368 KB] Expanded 134 state(s).
[t=0.009715s, 3368 KB] Reopened 0 state(s).
[t=0.009715s, 3368 KB] Evaluated 154 state(s).
[t=0.009715s, 3368 KB] Evaluations: 289
[t=0.009715s, 3368 KB] Generated 509 state(s).
[t=0.009715s, 3368 KB] Dead ends: 19 state(s).
[t=0.009715s, 3368 KB] Number of registered states: 154
[t=0.009715s, 3368 KB] Int hash set load factor: 154/256 = 0.601562
[t=0.009715s, 3368 KB] Int hash set resizes: 8
[t=0.009715s, 3368 KB] Search time: 0.001815s
[t=0.009715s, 3368 KB] Total time: 0.009715s
Solution found.
Remove intermediate file output.sas
search exit code: 0

