INFO     planner time limit: None
INFO     planner memory limit: None

INFO     Running translator.
INFO     translator stdin: None
INFO     translator time limit: None
INFO     translator memory limit: None
INFO     translator command line string: 'D:\Miniforge3\python.exe' -m translate 'C:\Users\user\Desktop\theoria\.worktrees\e2-fd-ladder-bench\engine-rig\fixtures\data\sokoban_domain.pddl' 'C:\Users\user\Desktop\theoria\.worktrees\e2-fd-ladder-bench\engine-rig\runs\20260728T072633Z-E2-fd-ladder-bench\instances\far7.pddl' --sas-file output.sas
Warning! SIGXCPU is not available on your platform. This means that the planner cannot be gracefully terminated when using a time limit, which, however, is probably supported on your platform anyway.
Parsing...
Parsing: [0.000s CPU, 0.002s wall-clock]
Normalizing task... [0.000s CPU, 0.000s wall-clock]
Instantiating...
Generating Datalog program... [0.000s CPU, 0.000s wall-clock]
Normalizing Datalog program...
Normalizing Datalog program: [0.000s CPU, 0.001s wall-clock]
Preparing model... [0.000s CPU, 0.001s wall-clock]
Generated 20 rules.
Computing model... [0.016s CPU, 0.006s wall-clock]
978 relevant atoms
1372 auxiliary atoms
2350 final queue length
3379 total queue pushes
Completing instantiation... [0.000s CPU, 0.006s wall-clock]
Instantiating: [0.016s CPU, 0.014s wall-clock]
Computing fact groups...
Finding invariants...
7 initial candidates
Finding invariants: [0.000s CPU, 0.001s wall-clock]
Checking invariant weight... [0.000s CPU, 0.000s wall-clock]
Instantiating groups... [0.000s CPU, 0.001s wall-clock]
Collecting mutex groups... [0.000s CPU, 0.000s wall-clock]
Choosing groups...
49 uncovered facts
Choosing groups: [0.000s CPU, 0.000s wall-clock]
Building translation key... [0.000s CPU, 0.000s wall-clock]
Computing fact groups: [0.000s CPU, 0.003s wall-clock]
Building STRIPS to SAS dictionary... [0.000s CPU, 0.000s wall-clock]
Building dictionary for full mutex groups... [0.000s CPU, 0.000s wall-clock]
Building mutex information...
Building mutex information: [0.000s CPU, 0.000s wall-clock]
Translating task...
Processing axioms...
Simplifying axioms... [0.000s CPU, 0.000s wall-clock]
Translator axioms removed by simplifying: 0
Processing axioms: [0.000s CPU, 0.000s wall-clock]
Translating task: [0.016s CPU, 0.007s wall-clock]
728 effect conditions simplified
0 implied preconditions added
Detecting unreachable propositions...
0 operators removed
0 axioms removed
3 propositions removed
Detecting unreachable propositions: [0.000s CPU, 0.004s wall-clock]
Reordering and filtering variables...
52 of 52 variables necessary.
49 of 52 mutex groups necessary.
448 of 448 operators necessary.
0 of 0 axiom rules necessary.
Reordering and filtering variables: [0.000s CPU, 0.002s wall-clock]
Translator variables: 52
Translator derived variables: 0
Translator facts: 245
Translator goal facts: 2
Translator mutex groups: 49
Translator total mutex groups size: 196
Translator operators: 448
Translator axioms: 0
Translator task size: 4023
warning: could not determine peak memory
Writing output... [0.016s CPU, 0.012s wall-clock]
Done! [0.047s CPU, 0.045s wall-clock]
translate exit code: 0

INFO     Running search (release).
INFO     search stdin: output.sas
INFO     search time limit: None
INFO     search memory limit: None
INFO     search command line string: 'C:\Users\user\Desktop\theoria\.worktrees\p13\engine-rig\.toolchain\downward\builds\release\bin\downward.exe' --search 'astar(ipdb())' --internal-plan-file 'C:\Users\user\AppData\Local\Temp\tmpwnler4uc\sas_plan' < output.sas
[t=0.000161s, 1972 KB] Search code revision: 7120aa0
[t=0.000255s, 1976 KB] reading input...
[t=0.004459s, 2624 KB] done reading input!
[t=0.005612s, 3000 KB] Initializing canonical PDB heuristic...
[t=0.005621s, 3000 KB] Generating patterns using: hill climbing pattern collection generator
[t=0.005816s, 3028 KB] Done calculating initial pattern collection: 0.000192s
[t=0.005825s, 3028 KB] Average operator cost: 1.000000
[t=0.005833s, 3028 KB] Building causal graph... done!
[t=0.012373s, 3208 KB] Done calculating initial candidate PDBs
[t=0.021362s, 3556 KB] found a better pattern with improvement 983
[t=0.055360s, 5408 KB] found a better pattern with improvement 412
[t=0.380155s, 51260 KB] found a better pattern with improvement 28
[t=1.063539s, 140364 KB] found a better pattern with improvement 919
[t=1.931481s, 313740 KB] found a better pattern with improvement 43
[t=3.895165s, 654144 KB] found a better pattern with improvement 16
[t=5.956772s, 985772 KB] Improvement below threshold. Stop hill climbing.
[t=5.956797s, 985772 KB] Hill climbing iterations: 7
[t=5.956799s, 985772 KB] Hill climbing generated patterns: 385
[t=5.956802s, 985772 KB] Hill climbing rejected patterns: 0
[t=5.956804s, 985772 KB] Hill climbing maximum PDB size: 1882384
[t=5.956806s, 985772 KB] Hill climbing time: 5.950982s
[t=5.994525s, 985772 KB] hill climbing pattern collection generator number of patterns: 8
[t=5.994558s, 985772 KB] hill climbing pattern collection generator total PDB size: 2708426
[t=5.994563s, 985772 KB] hill climbing pattern collection generator computation time: 5.988895s
[t=5.994570s, 985772 KB] Running dominance pruning...
[t=5.994579s, 985772 KB] Pruned 5 of 7 pattern cliques
[t=5.994583s, 985772 KB] Pruned 6 of 8 PDBs
[t=5.994586s, 985772 KB] Dominance pruning took 0.000013s
[t=5.994791s, 985772 KB] Canonical PDB heuristic number of patterns: 2
[t=5.994801s, 985772 KB] Canonical PDB heuristic total PDB size: 1882384
[t=5.994805s, 985772 KB] Canonical PDB heuristic computation time: 5.989179s
[t=5.994853s, 985772 KB] Building successor generator... done!
[t=5.995058s, 985772 KB] peak memory difference for successor generator creation: 0 KB
[t=5.995063s, 985772 KB] time for successor generation creation: 0.000186s
[t=5.995073s, 985772 KB] Variables: 52
[t=5.995077s, 985772 KB] FactPairs: 245
[t=5.995079s, 985772 KB] Bytes per state: 12
[t=5.995092s, 985772 KB] Conducting best first search with reopening closed nodes, (real) bound = 2147483647
[t=5.995120s, 985772 KB] New best heuristic value for cpdbs: 20
[t=5.995127s, 985772 KB] g=0, 1 evaluated, 0 expanded
[t=5.995130s, 985772 KB] f = 20, 1 evaluated, 0 expanded
[t=5.995142s, 985772 KB] Initial heuristic value for cpdbs: 20
[t=5.995148s, 985772 KB] pruning method: none
[t=5.995160s, 985772 KB] New best heuristic value for cpdbs: 19
[t=5.995165s, 985772 KB] g=1, 2 evaluated, 1 expanded
[t=5.995173s, 985772 KB] New best heuristic value for cpdbs: 18
[t=5.995177s, 985772 KB] g=2, 4 evaluated, 2 expanded
[t=5.995185s, 985772 KB] New best heuristic value for cpdbs: 17
[t=5.995190s, 985772 KB] g=3, 6 evaluated, 3 expanded
[t=5.995199s, 985772 KB] New best heuristic value for cpdbs: 16
[t=5.995203s, 985772 KB] g=4, 9 evaluated, 4 expanded
[t=5.995210s, 985772 KB] New best heuristic value for cpdbs: 15
[t=5.995215s, 985772 KB] g=5, 11 evaluated, 5 expanded
[t=5.995222s, 985772 KB] New best heuristic value for cpdbs: 14
[t=5.995225s, 985772 KB] g=6, 13 evaluated, 6 expanded
[t=5.995232s, 985772 KB] New best heuristic value for cpdbs: 13
[t=5.995236s, 985772 KB] g=7, 16 evaluated, 7 expanded
[t=5.995244s, 985772 KB] New best heuristic value for cpdbs: 12
[t=5.995248s, 985772 KB] g=8, 18 evaluated, 8 expanded
[t=5.995256s, 985772 KB] New best heuristic value for cpdbs: 11
[t=5.995260s, 985772 KB] g=9, 21 evaluated, 9 expanded
[t=5.995271s, 985772 KB] New best heuristic value for cpdbs: 10
[t=5.995275s, 985772 KB] g=10, 27 evaluated, 10 expanded
[t=5.995280s, 985772 KB] New best heuristic value for cpdbs: 9
[t=5.995283s, 985772 KB] g=11, 28 evaluated, 11 expanded
[t=5.995291s, 985772 KB] New best heuristic value for cpdbs: 8
[t=5.995295s, 985772 KB] g=12, 32 evaluated, 12 expanded
[t=5.995310s, 985772 KB] New best heuristic value for cpdbs: 7
[t=5.995315s, 985772 KB] g=13, 34 evaluated, 13 expanded
[t=5.995326s, 985772 KB] New best heuristic value for cpdbs: 6
[t=5.995331s, 985772 KB] g=14, 36 evaluated, 14 expanded
[t=5.995338s, 985772 KB] New best heuristic value for cpdbs: 5
[t=5.995341s, 985772 KB] g=15, 38 evaluated, 15 expanded
[t=5.995355s, 985772 KB] New best heuristic value for cpdbs: 4
[t=5.995360s, 985772 KB] g=16, 40 evaluated, 16 expanded
[t=5.995368s, 985772 KB] New best heuristic value for cpdbs: 3
[t=5.995373s, 985772 KB] g=17, 44 evaluated, 17 expanded
[t=5.995380s, 985772 KB] New best heuristic value for cpdbs: 2
[t=5.995384s, 985772 KB] g=18, 47 evaluated, 18 expanded
[t=5.995390s, 985772 KB] New best heuristic value for cpdbs: 1
[t=5.995394s, 985772 KB] g=19, 50 evaluated, 19 expanded
[t=5.995400s, 985772 KB] New best heuristic value for cpdbs: 0
[t=5.995404s, 985772 KB] g=20, 53 evaluated, 20 expanded
[t=5.995409s, 985772 KB] Solution found!
[t=5.995413s, 985772 KB] Actual search time: 0.000263s
move c77 c67 up (1)
move c67 c57 up (1)
move c57 c47 up (1)
move c47 c46 left (1)
move c46 c45 left (1)
move c45 c44 left (1)
move c44 c43 left (1)
push c43 c33 c23 b2 up (1)
push c33 c23 c13 b2 up (1)
move c23 c33 down (1)
move c33 c32 left (1)
move c32 c31 left (1)
move c31 c21 up (1)
move c21 c11 up (1)
move c11 c12 right (1)
push c12 c22 c32 b1 down (1)
push c22 c32 c42 b1 down (1)
push c32 c42 c52 b1 down (1)
push c42 c52 c62 b1 down (1)
push c52 c62 c72 b1 down (1)
[t=5.995418s, 985772 KB] Plan length: 20 step(s).
[t=5.995418s, 985772 KB] Plan cost: 20
[t=5.995418s, 985772 KB] Expanded 21 state(s).
[t=5.995418s, 985772 KB] Reopened 0 state(s).
[t=5.995418s, 985772 KB] Evaluated 56 state(s).
[t=5.995418s, 985772 KB] Evaluations: 56
[t=5.995418s, 985772 KB] Generated 69 state(s).
[t=5.995418s, 985772 KB] Dead ends: 2 state(s).
[t=5.995418s, 985772 KB] Expanded until last jump: 0 state(s).
[t=5.995418s, 985772 KB] Reopened until last jump: 0 state(s).
[t=5.995418s, 985772 KB] Evaluated until last jump: 1 state(s).
[t=5.995418s, 985772 KB] Generated until last jump: 0 state(s).
[t=5.995418s, 985772 KB] Number of registered states: 56
[t=5.995418s, 985772 KB] Int hash set load factor: 56/64 = 0.875000
[t=5.995418s, 985772 KB] Int hash set resizes: 6
[t=5.995418s, 985772 KB] Search time: 0.000328s
[t=5.995418s, 985772 KB] Total time: 5.995418s
Solution found.
Remove intermediate file output.sas
search exit code: 0

