INFO     planner time limit: None
INFO     planner memory limit: None

INFO     Running translator.
INFO     translator stdin: None
INFO     translator time limit: None
INFO     translator memory limit: None
INFO     translator command line string: 'D:\Miniforge3\python.exe' -m translate 'C:\Users\user\Desktop\theoria\.worktrees\e2-fd-ladder-bench\engine-rig\runs\20260728T072633Z-E2-fd-ladder-bench\guarded\sokoban_guarded_full_domain.pddl' 'C:\Users\user\Desktop\theoria\.worktrees\e2-fd-ladder-bench\engine-rig\runs\20260728T072633Z-E2-fd-ladder-bench\guarded\far7_guarded_full.pddl' --sas-file output.sas
Warning! SIGXCPU is not available on your platform. This means that the planner cannot be gracefully terminated when using a time limit, which, however, is probably supported on your platform anyway.
Parsing...
Parsing: [0.000s CPU, 0.002s wall-clock]
Normalizing task... [0.000s CPU, 0.000s wall-clock]
Instantiating...
Generating Datalog program... [0.000s CPU, 0.000s wall-clock]
Normalizing Datalog program...
Normalizing Datalog program: [0.000s CPU, 0.001s wall-clock]
Preparing model... [0.000s CPU, 0.000s wall-clock]
Generated 26 rules.
Computing model... [0.000s CPU, 0.008s wall-clock]
1154 relevant atoms
1696 auxiliary atoms
2850 final queue length
3903 total queue pushes
Completing instantiation... [0.016s CPU, 0.006s wall-clock]
Instantiating: [0.016s CPU, 0.016s wall-clock]
Computing fact groups...
Finding invariants...
7 initial candidates
Finding invariants: [0.000s CPU, 0.001s wall-clock]
Checking invariant weight... [0.000s CPU, 0.000s wall-clock]
Instantiating groups... [0.000s CPU, 0.001s wall-clock]
Collecting mutex groups... [0.000s CPU, 0.000s wall-clock]
Choosing groups...
89 uncovered facts
Choosing groups: [0.000s CPU, 0.000s wall-clock]
Building translation key... [0.000s CPU, 0.000s wall-clock]
Computing fact groups: [0.000s CPU, 0.003s wall-clock]
Building STRIPS to SAS dictionary... [0.000s CPU, 0.000s wall-clock]
Building dictionary for full mutex groups... [0.000s CPU, 0.000s wall-clock]
Building mutex information...
Building mutex information: [0.000s CPU, 0.000s wall-clock]
Translating task...
Processing axioms...
Simplifying axioms... [0.000s CPU, 0.000s wall-clock]
Translator axioms removed by simplifying: 0
Processing axioms: [0.000s CPU, 0.001s wall-clock]
Translating task: [0.016s CPU, 0.009s wall-clock]
696 effect conditions simplified
0 implied preconditions added
Detecting unreachable propositions...
0 operators removed
0 axioms removed
11 propositions removed
Detecting unreachable propositions: [0.000s CPU, 0.004s wall-clock]
Reordering and filtering variables...
92 of 92 variables necessary.
49 of 52 mutex groups necessary.
432 of 432 operators necessary.
64 of 64 axiom rules necessary.
Reordering and filtering variables: [0.000s CPU, 0.003s wall-clock]
Translator variables: 92
Translator derived variables: 40
Translator facts: 317
Translator goal facts: 2
Translator mutex groups: 49
Translator total mutex groups size: 188
Translator operators: 432
Translator axioms: 64
Translator task size: 4215
warning: could not determine peak memory
Writing output... [0.000s CPU, 0.014s wall-clock]
Done! [0.031s CPU, 0.051s wall-clock]
translate exit code: 0

INFO     Running search (release).
INFO     search stdin: output.sas
INFO     search time limit: None
INFO     search memory limit: None
INFO     search command line string: 'C:\Users\user\Desktop\theoria\.worktrees\p13\engine-rig\.toolchain\downward\builds\release\bin\downward.exe' --search 'astar(blind())' --internal-plan-file 'C:\Users\user\AppData\Local\Temp\tmp79nscsi0\sas_plan' < output.sas
[t=0.000160s, 1956 KB] Search code revision: 7120aa0
[t=0.000247s, 1956 KB] reading input...
[t=0.004716s, 2620 KB] done reading input!
[t=0.005783s, 3024 KB] Initializing blind search heuristic...
[t=0.005816s, 3024 KB] Building successor generator... done!
[t=0.005988s, 3120 KB] peak memory difference for successor generator creation: 96 KB
[t=0.005991s, 3120 KB] time for successor generation creation: 0.000161s
[t=0.005997s, 3120 KB] Variables: 92
[t=0.006000s, 3120 KB] FactPairs: 317
[t=0.006004s, 3120 KB] Bytes per state: 16
[t=0.006015s, 3120 KB] Conducting best first search with reopening closed nodes, (real) bound = 2147483647
[t=0.006033s, 3120 KB] New best heuristic value for blind: 1
[t=0.006036s, 3120 KB] g=0, 1 evaluated, 0 expanded
[t=0.006038s, 3120 KB] f = 1, 1 evaluated, 0 expanded
[t=0.006048s, 3120 KB] Initial heuristic value for blind: 1
[t=0.006052s, 3120 KB] pruning method: none
[t=0.006063s, 3120 KB] f = 2, 3 evaluated, 1 expanded
[t=0.006075s, 3120 KB] f = 3, 6 evaluated, 3 expanded
[t=0.006090s, 3120 KB] f = 4, 10 evaluated, 6 expanded
[t=0.006107s, 3120 KB] f = 5, 15 evaluated, 10 expanded
[t=0.006128s, 3120 KB] f = 6, 21 evaluated, 15 expanded
[t=0.006151s, 3120 KB] f = 7, 28 evaluated, 21 expanded
[t=0.006176s, 3120 KB] f = 8, 34 evaluated, 28 expanded
[t=0.006199s, 3120 KB] f = 9, 40 evaluated, 34 expanded
[t=0.006223s, 3120 KB] f = 10, 52 evaluated, 40 expanded
[t=0.006270s, 3120 KB] f = 11, 78 evaluated, 52 expanded
[t=0.006363s, 3120 KB] f = 12, 134 evaluated, 78 expanded
[t=0.006543s, 3120 KB] f = 13, 241 evaluated, 134 expanded
[t=0.006887s, 3120 KB] f = 14, 415 evaluated, 241 expanded
[t=0.007441s, 3144 KB] f = 15, 714 evaluated, 415 expanded
[t=0.008365s, 3176 KB] f = 16, 1204 evaluated, 714 expanded
[t=0.009896s, 3224 KB] f = 17, 2000 evaluated, 1204 expanded
[t=0.012142s, 3272 KB] f = 18, 3158 evaluated, 2000 expanded
[t=0.015733s, 3472 KB] f = 19, 4859 evaluated, 3158 expanded
[t=0.020509s, 3740 KB] f = 20, 7177 evaluated, 4859 expanded
[t=0.024795s, 3872 KB] New best heuristic value for blind: 0
[t=0.024802s, 3872 KB] g=20, 9148 evaluated, 6271 expanded
[t=0.024809s, 3872 KB] Solution found!
[t=0.024812s, 3872 KB] Actual search time: 0.018759s
move c77 c67 up (1)
move c67 c57 up (1)
move c57 c47 up (1)
move c47 c46 left (1)
move c46 c45 left (1)
move c45 c44 left (1)
move c44 c43 left (1)
push c43 c33 c23 b2 up (1)
push c33 c23 c13 b2 up (1)
move c23 c33 down (1)
move c33 c32 left (1)
move c32 c31 left (1)
move c31 c21 up (1)
move c21 c11 up (1)
move c11 c12 right (1)
push c12 c22 c32 b1 down (1)
push c22 c32 c42 b1 down (1)
push c32 c42 c52 b1 down (1)
push c42 c52 c62 b1 down (1)
push c52 c62 c72 b1 down (1)
[t=0.024815s, 3872 KB] Plan length: 20 step(s).
[t=0.024815s, 3872 KB] Plan cost: 20
[t=0.024815s, 3872 KB] Expanded 6272 state(s).
[t=0.024815s, 3872 KB] Reopened 0 state(s).
[t=0.024815s, 3872 KB] Evaluated 9151 state(s).
[t=0.024815s, 3872 KB] Evaluations: 9151
[t=0.024815s, 3872 KB] Generated 22146 state(s).
[t=0.024815s, 3872 KB] Dead ends: 0 state(s).
[t=0.024815s, 3872 KB] Expanded until last jump: 4859 state(s).
[t=0.024815s, 3872 KB] Reopened until last jump: 0 state(s).
[t=0.024815s, 3872 KB] Evaluated until last jump: 7177 state(s).
[t=0.024815s, 3872 KB] Generated until last jump: 17088 state(s).
[t=0.024815s, 3872 KB] Number of registered states: 9151
[t=0.024815s, 3872 KB] Int hash set load factor: 9151/16384 = 0.558533
[t=0.024815s, 3872 KB] Int hash set resizes: 14
[t=0.024815s, 3872 KB] Search time: 0.018802s
[t=0.024815s, 3872 KB] Total time: 0.024815s
Solution found.
Remove intermediate file output.sas
search exit code: 0

