INFO     planner time limit: None
INFO     planner memory limit: None

INFO     Running translator.
INFO     translator stdin: None
INFO     translator time limit: None
INFO     translator memory limit: None
INFO     translator command line string: 'D:\Miniforge3\python.exe' -m translate 'C:\Users\user\Desktop\theoria\.worktrees\e2-fd-ladder-bench\engine-rig\runs\20260728T072633Z-E2-fd-ladder-bench\guarded\sokoban_guarded_singleton_domain.pddl' 'C:\Users\user\Desktop\theoria\.worktrees\e2-fd-ladder-bench\engine-rig\runs\20260728T072633Z-E2-fd-ladder-bench\guarded\far7_guarded_singleton.pddl' --sas-file output.sas
Warning! SIGXCPU is not available on your platform. This means that the planner cannot be gracefully terminated when using a time limit, which, however, is probably supported on your platform anyway.
Parsing...
Parsing: [0.000s CPU, 0.002s wall-clock]
Normalizing task... [0.000s CPU, 0.000s wall-clock]
Instantiating...
Generating Datalog program... [0.000s CPU, 0.000s wall-clock]
Normalizing Datalog program...
Normalizing Datalog program: [0.000s CPU, 0.001s wall-clock]
Preparing model... [0.000s CPU, 0.000s wall-clock]
Generated 20 rules.
Computing model... [0.000s CPU, 0.006s wall-clock]
986 relevant atoms
1372 auxiliary atoms
2358 final queue length
3387 total queue pushes
Completing instantiation... [0.016s CPU, 0.006s wall-clock]
Instantiating: [0.016s CPU, 0.014s wall-clock]
Computing fact groups...
Finding invariants...
7 initial candidates
Finding invariants: [0.000s CPU, 0.001s wall-clock]
Checking invariant weight... [0.000s CPU, 0.000s wall-clock]
Instantiating groups... [0.000s CPU, 0.001s wall-clock]
Collecting mutex groups... [0.000s CPU, 0.000s wall-clock]
Choosing groups...
49 uncovered facts
Choosing groups: [0.000s CPU, 0.000s wall-clock]
Building translation key... [0.000s CPU, 0.000s wall-clock]
Computing fact groups: [0.000s CPU, 0.003s wall-clock]
Building STRIPS to SAS dictionary... [0.000s CPU, 0.000s wall-clock]
Building dictionary for full mutex groups... [0.000s CPU, 0.000s wall-clock]
Building mutex information...
Building mutex information: [0.000s CPU, 0.000s wall-clock]
Translating task...
Processing axioms...
Simplifying axioms... [0.000s CPU, 0.000s wall-clock]
Translator axioms removed by simplifying: 0
Processing axioms: [0.000s CPU, 0.000s wall-clock]
Translating task: [0.000s CPU, 0.007s wall-clock]
696 effect conditions simplified
0 implied preconditions added
Detecting unreachable propositions...
0 operators removed
0 axioms removed
11 propositions removed
Detecting unreachable propositions: [0.016s CPU, 0.004s wall-clock]
Reordering and filtering variables...
52 of 52 variables necessary.
49 of 52 mutex groups necessary.
432 of 432 operators necessary.
0 of 0 axiom rules necessary.
Reordering and filtering variables: [0.000s CPU, 0.002s wall-clock]
Translator variables: 52
Translator derived variables: 0
Translator facts: 237
Translator goal facts: 2
Translator mutex groups: 49
Translator total mutex groups size: 188
Translator operators: 432
Translator axioms: 0
Translator task size: 3863
warning: could not determine peak memory
Writing output... [0.000s CPU, 0.012s wall-clock]
Done! [0.031s CPU, 0.045s wall-clock]
translate exit code: 0

INFO     Running search (release).
INFO     search stdin: output.sas
INFO     search time limit: None
INFO     search memory limit: None
INFO     search command line string: 'C:\Users\user\Desktop\theoria\.worktrees\p13\engine-rig\.toolchain\downward\builds\release\bin\downward.exe' --search 'astar(lmcut())' --internal-plan-file 'C:\Users\user\AppData\Local\Temp\tmprj2fdysj\sas_plan' < output.sas
[t=0.000131s, 1976 KB] Search code revision: 7120aa0
[t=0.000222s, 1976 KB] reading input...
[t=0.004180s, 2608 KB] done reading input!
[t=0.005486s, 3124 KB] Initializing landmark cut heuristic...
[t=0.005517s, 3124 KB] Building successor generator... done!
[t=0.005673s, 3220 KB] peak memory difference for successor generator creation: 96 KB
[t=0.005676s, 3220 KB] time for successor generation creation: 0.000149s
[t=0.005681s, 3220 KB] Variables: 52
[t=0.005684s, 3220 KB] FactPairs: 237
[t=0.005686s, 3220 KB] Bytes per state: 12
[t=0.005696s, 3220 KB] Conducting best first search with reopening closed nodes, (real) bound = 2147483647
[t=0.005846s, 3220 KB] New best heuristic value for lmcut: 16
[t=0.005850s, 3220 KB] g=0, 1 evaluated, 0 expanded
[t=0.005853s, 3220 KB] f = 16, 1 evaluated, 0 expanded
[t=0.005859s, 3220 KB] Initial heuristic value for lmcut: 16
[t=0.005862s, 3220 KB] pruning method: none
[t=0.005966s, 3220 KB] New best heuristic value for lmcut: 15
[t=0.005970s, 3220 KB] g=1, 2 evaluated, 1 expanded
[t=0.006155s, 3220 KB] New best heuristic value for lmcut: 14
[t=0.006159s, 3220 KB] g=2, 4 evaluated, 2 expanded
[t=0.006332s, 3220 KB] New best heuristic value for lmcut: 13
[t=0.006335s, 3220 KB] g=3, 6 evaluated, 3 expanded
[t=0.006579s, 3220 KB] New best heuristic value for lmcut: 12
[t=0.006583s, 3220 KB] g=4, 9 evaluated, 4 expanded
[t=0.006738s, 3220 KB] New best heuristic value for lmcut: 11
[t=0.006742s, 3220 KB] g=5, 11 evaluated, 5 expanded
[t=0.006890s, 3220 KB] New best heuristic value for lmcut: 10
[t=0.006895s, 3220 KB] g=6, 13 evaluated, 6 expanded
[t=0.007125s, 3220 KB] New best heuristic value for lmcut: 9
[t=0.007130s, 3220 KB] g=7, 16 evaluated, 7 expanded
[t=0.007269s, 3220 KB] New best heuristic value for lmcut: 8
[t=0.007273s, 3220 KB] g=8, 18 evaluated, 8 expanded
[t=0.007463s, 3220 KB] New best heuristic value for lmcut: 7
[t=0.007468s, 3220 KB] g=9, 21 evaluated, 9 expanded
[t=0.008493s, 3220 KB] f = 18, 36 evaluated, 22 expanded
[t=0.010254s, 3240 KB] f = 19, 63 evaluated, 37 expanded
[t=0.011271s, 3240 KB] New best heuristic value for lmcut: 6
[t=0.011276s, 3240 KB] g=13, 77 evaluated, 43 expanded
[t=0.011488s, 3240 KB] New best heuristic value for lmcut: 5
[t=0.011496s, 3240 KB] g=14, 80 evaluated, 44 expanded
[t=0.012318s, 3240 KB] f = 20, 93 evaluated, 55 expanded
[t=0.013349s, 3240 KB] New best heuristic value for lmcut: 4
[t=0.013357s, 3240 KB] g=16, 111 evaluated, 63 expanded
[t=0.013522s, 3240 KB] New best heuristic value for lmcut: 3
[t=0.013529s, 3240 KB] g=17, 115 evaluated, 64 expanded
[t=0.013621s, 3240 KB] New best heuristic value for lmcut: 2
[t=0.013628s, 3240 KB] g=18, 118 evaluated, 65 expanded
[t=0.013704s, 3240 KB] New best heuristic value for lmcut: 1
[t=0.013711s, 3240 KB] g=19, 121 evaluated, 66 expanded
[t=0.013768s, 3240 KB] New best heuristic value for lmcut: 0
[t=0.013775s, 3240 KB] g=20, 124 evaluated, 67 expanded
[t=0.013832s, 3240 KB] Solution found!
[t=0.013839s, 3240 KB] Actual search time: 0.007976s
move c77 c67 up (1)
move c67 c57 up (1)
move c57 c47 up (1)
move c47 c46 left (1)
move c46 c45 left (1)
move c45 c44 left (1)
move c44 c43 left (1)
push c43 c33 c23 b2 up (1)
push c33 c23 c13 b2 up (1)
move c23 c33 down (1)
move c33 c32 left (1)
move c32 c31 left (1)
move c31 c21 up (1)
move c21 c11 up (1)
move c11 c12 right (1)
push c12 c22 c32 b1 down (1)
push c22 c32 c42 b1 down (1)
push c32 c42 c52 b1 down (1)
push c42 c52 c62 b1 down (1)
push c52 c62 c72 b1 down (1)
[t=0.013842s, 3240 KB] Plan length: 20 step(s).
[t=0.013842s, 3240 KB] Plan cost: 20
[t=0.013842s, 3240 KB] Expanded 68 state(s).
[t=0.013842s, 3240 KB] Reopened 0 state(s).
[t=0.013842s, 3240 KB] Evaluated 127 state(s).
[t=0.013842s, 3240 KB] Evaluations: 127
[t=0.013842s, 3240 KB] Generated 238 state(s).
[t=0.013842s, 3240 KB] Dead ends: 6 state(s).
[t=0.013842s, 3240 KB] Expanded until last jump: 55 state(s).
[t=0.013842s, 3240 KB] Reopened until last jump: 0 state(s).
[t=0.013842s, 3240 KB] Evaluated until last jump: 93 state(s).
[t=0.013842s, 3240 KB] Generated until last jump: 196 state(s).
[t=0.013842s, 3240 KB] Number of registered states: 127
[t=0.013842s, 3240 KB] Int hash set load factor: 127/128 = 0.992188
[t=0.013842s, 3240 KB] Int hash set resizes: 7
[t=0.013842s, 3240 KB] Search time: 0.008148s
[t=0.013842s, 3240 KB] Total time: 0.013842s
Solution found.
Remove intermediate file output.sas
search exit code: 0

