INFO     planner time limit: None
INFO     planner memory limit: None

INFO     Running translator.
INFO     translator stdin: None
INFO     translator time limit: None
INFO     translator memory limit: None
INFO     translator command line string: 'D:\Miniforge3\python.exe' -m translate 'C:\Users\user\Desktop\theoria\.worktrees\e2-fd-ladder-bench\engine-rig\engines\fd_adapter\domain.pddl' 'C:\Users\user\Desktop\theoria\.worktrees\e2-fd-ladder-bench\engine-rig\runs\20260728T072633Z-E2-fd-ladder-bench\instances\gripper-01.pddl' --sas-file output.sas
Warning! SIGXCPU is not available on your platform. This means that the planner cannot be gracefully terminated when using a time limit, which, however, is probably supported on your platform anyway.
Parsing...
Parsing: [0.000s CPU, 0.001s wall-clock]
Normalizing task... [0.000s CPU, 0.000s wall-clock]
Instantiating...
Generating Datalog program... [0.000s CPU, 0.000s wall-clock]
Normalizing Datalog program...
Normalizing Datalog program: [0.000s CPU, 0.001s wall-clock]
Preparing model... [0.000s CPU, 0.000s wall-clock]
Generated 17 rules.
Computing model... [0.000s CPU, 0.000s wall-clock]
36 relevant atoms
18 auxiliary atoms
54 final queue length
66 total queue pushes
Completing instantiation... [0.000s CPU, 0.000s wall-clock]
Instantiating: [0.000s CPU, 0.001s wall-clock]
Computing fact groups...
Finding invariants...
10 initial candidates
Finding invariants: [0.000s CPU, 0.000s wall-clock]
Checking invariant weight... [0.000s CPU, 0.000s wall-clock]
Instantiating groups... [0.000s CPU, 0.000s wall-clock]
Collecting mutex groups... [0.000s CPU, 0.000s wall-clock]
Choosing groups...
2 uncovered facts
Choosing groups: [0.000s CPU, 0.000s wall-clock]
Building translation key... [0.000s CPU, 0.000s wall-clock]
Computing fact groups: [0.000s CPU, 0.001s wall-clock]
Building STRIPS to SAS dictionary... [0.000s CPU, 0.000s wall-clock]
Building dictionary for full mutex groups... [0.000s CPU, 0.000s wall-clock]
Building mutex information...
Building mutex information: [0.000s CPU, 0.000s wall-clock]
Translating task...
Processing axioms...
Simplifying axioms... [0.000s CPU, 0.000s wall-clock]
Translator axioms removed by simplifying: 0
Processing axioms: [0.000s CPU, 0.000s wall-clock]
Translating task: [0.000s CPU, 0.000s wall-clock]
4 effect conditions simplified
0 implied preconditions added
Detecting unreachable propositions...
0 operators removed
0 axioms removed
2 propositions removed
Detecting unreachable propositions: [0.000s CPU, 0.000s wall-clock]
Reordering and filtering variables...
4 of 4 variables necessary.
2 of 4 mutex groups necessary.
10 of 10 operators necessary.
0 of 0 axiom rules necessary.
Reordering and filtering variables: [0.000s CPU, 0.000s wall-clock]
Translator variables: 4
Translator derived variables: 0
Translator facts: 10
Translator goal facts: 1
Translator mutex groups: 2
Translator total mutex groups size: 4
Translator operators: 10
Translator axioms: 0
Translator task size: 69
warning: could not determine peak memory
Writing output... [0.000s CPU, 0.006s wall-clock]
Done! [0.000s CPU, 0.009s wall-clock]
translate exit code: 0

INFO     Running search (release).
INFO     search stdin: output.sas
INFO     search time limit: None
INFO     search memory limit: None
INFO     search command line string: 'C:\Users\user\Desktop\theoria\.worktrees\p13\engine-rig\.toolchain\downward\builds\release\bin\downward.exe' --search 'let(hlm,eval_modify_costs(landmark_sum(lm_factory=lm_reasonable_orders_hps(lm_rhw()),pref=false),cost_type=one),let(hff,eval_modify_costs(ff(),cost_type=one),lazy_greedy([hff,hlm],preferred=[hff,hlm],cost_type=one,reopen_closed=false)))' --internal-plan-file 'C:\Users\user\AppData\Local\Temp\tmpefyf0lxw\sas_plan' < output.sas
[t=0.000147s, 1924 KB] Search code revision: 7120aa0
[t=0.000230s, 1952 KB] reading input...
[t=0.000409s, 2008 KB] done reading input!
[t=0.001983s, 2620 KB] Simplifying 18 unary operators... done! [18 unary operators]
[t=0.002007s, 2620 KB] time to simplify: 0.000026s
[t=0.002012s, 2620 KB] Initializing additive heuristic...
[t=0.002015s, 2620 KB] Initializing FF heuristic...
[t=0.002045s, 2620 KB] Initializing landmark sum heuristic...
[t=0.002052s, 2620 KB] Generating landmark graph...
[t=0.002061s, 2648 KB] Building a landmark graph with reasonable orders.
[t=0.002069s, 2648 KB] Initializing Exploration...
[t=0.002083s, 2648 KB] Generating landmarks using the RPG/SAS+ approach
[t=0.002171s, 2688 KB] Landmarks generation time: 0.000109s
[t=0.002177s, 2696 KB] Discovered 5 landmarks, of which 1 are disjunctive and 0 are conjunctive.
[t=0.002181s, 2696 KB] There are 6 landmark orderings.
[t=0.002186s, 2696 KB] approx. reasonable orders
[t=0.002197s, 2696 KB] Landmarks generation time: 0.000144s
[t=0.002201s, 2696 KB] Discovered 5 landmarks, of which 1 are disjunctive and 0 are conjunctive.
[t=0.002203s, 2696 KB] There are 6 landmark orderings.
[t=0.002205s, 2696 KB] Landmark graph generation time: 0.000154s
[t=0.002211s, 2696 KB] Landmark graph contains 5 landmarks, of which 1 are disjunctive and 0 are conjunctive.
[t=0.002213s, 2696 KB] Landmark graph contains 6 orderings.
[t=0.002253s, 2708 KB] Building successor generator... done!
[t=0.002278s, 2708 KB] peak memory difference for successor generator creation: 0 KB
[t=0.002281s, 2708 KB] time for successor generation creation: 0.000016s
[t=0.002289s, 2708 KB] Variables: 4
[t=0.002291s, 2708 KB] FactPairs: 10
[t=0.002293s, 2708 KB] Bytes per state: 4
[t=0.002316s, 2712 KB] Conducting lazy best first search, (real) bound = 2147483647
[t=0.002356s, 2748 KB] New best heuristic value for landmark_sum_heuristic: 3
[t=0.002360s, 2748 KB] New best heuristic value for ff: 3
[t=0.002363s, 2748 KB] g=0, 1 evaluated, 0 expanded
[t=0.002374s, 2748 KB] Initial heuristic value for landmark_sum_heuristic: 3
[t=0.002377s, 2760 KB] Initial heuristic value for ff: 3
[t=0.002387s, 2760 KB] New best heuristic value for landmark_sum_heuristic: 2
[t=0.002390s, 2760 KB] New best heuristic value for ff: 2
[t=0.002410s, 2760 KB] g=1, 3 evaluated, 2 expanded
[t=0.002416s, 2760 KB] New best heuristic value for landmark_sum_heuristic: 1
[t=0.002419s, 2760 KB] New best heuristic value for ff: 1
[t=0.002422s, 2760 KB] g=2, 4 evaluated, 3 expanded
[t=0.002426s, 2760 KB] Solution found!
[t=0.002430s, 2760 KB] Actual search time: 0.000104s
pick b1 rooma left (1)
move rooma roomb (1)
drop b1 roomb left (1)
[t=0.002433s, 2856 KB] Plan length: 3 step(s).
[t=0.002433s, 2856 KB] Plan cost: 3
[t=0.002433s, 2856 KB] Expanded 4 state(s).
[t=0.002433s, 2856 KB] Reopened 0 state(s).
[t=0.002433s, 2856 KB] Evaluated 5 state(s).
[t=0.002433s, 2856 KB] Evaluations: 10
[t=0.002433s, 2856 KB] Generated 8 state(s).
[t=0.002433s, 2856 KB] Dead ends: 0 state(s).
[t=0.002433s, 2856 KB] Number of registered states: 5
[t=0.002433s, 2856 KB] Int hash set load factor: 5/8 = 0.625000
[t=0.002433s, 2856 KB] Int hash set resizes: 3
[t=0.002433s, 2856 KB] Search time: 0.000120s
[t=0.002433s, 2856 KB] Total time: 0.002433s
Solution found.
Remove intermediate file output.sas
search exit code: 0

