INFO     planner time limit: None
INFO     planner memory limit: None

INFO     Running translator.
INFO     translator stdin: None
INFO     translator time limit: None
INFO     translator memory limit: None
INFO     translator command line string: 'D:\Miniforge3\python.exe' -m translate 'C:\Users\user\Desktop\theoria\.worktrees\e2-fd-ladder-bench\engine-rig\engines\fd_adapter\domain.pddl' 'C:\Users\user\Desktop\theoria\.worktrees\e2-fd-ladder-bench\engine-rig\runs\20260728T072633Z-E2-fd-ladder-bench\instances\gripper-04.pddl' --sas-file output.sas
Warning! SIGXCPU is not available on your platform. This means that the planner cannot be gracefully terminated when using a time limit, which, however, is probably supported on your platform anyway.
Parsing...
Parsing: [0.000s CPU, 0.001s wall-clock]
Normalizing task... [0.000s CPU, 0.000s wall-clock]
Instantiating...
Generating Datalog program... [0.000s CPU, 0.000s wall-clock]
Normalizing Datalog program...
Normalizing Datalog program: [0.000s CPU, 0.001s wall-clock]
Preparing model... [0.000s CPU, 0.000s wall-clock]
Generated 17 rules.
Computing model... [0.000s CPU, 0.000s wall-clock]
81 relevant atoms
42 auxiliary atoms
123 final queue length
162 total queue pushes
Completing instantiation... [0.016s CPU, 0.000s wall-clock]
Instantiating: [0.016s CPU, 0.001s wall-clock]
Computing fact groups...
Finding invariants...
10 initial candidates
Finding invariants: [0.000s CPU, 0.000s wall-clock]
Checking invariant weight... [0.000s CPU, 0.000s wall-clock]
Instantiating groups... [0.000s CPU, 0.000s wall-clock]
Collecting mutex groups... [0.000s CPU, 0.000s wall-clock]
Choosing groups...
0 uncovered facts
Choosing groups: [0.000s CPU, 0.000s wall-clock]
Building translation key... [0.000s CPU, 0.000s wall-clock]
Computing fact groups: [0.000s CPU, 0.001s wall-clock]
Building STRIPS to SAS dictionary... [0.000s CPU, 0.000s wall-clock]
Building dictionary for full mutex groups... [0.000s CPU, 0.000s wall-clock]
Building mutex information...
Building mutex information: [0.000s CPU, 0.000s wall-clock]
Translating task...
Processing axioms...
Simplifying axioms... [0.000s CPU, 0.000s wall-clock]
Translator axioms removed by simplifying: 0
Processing axioms: [0.000s CPU, 0.000s wall-clock]
Translating task: [0.000s CPU, 0.001s wall-clock]
0 effect conditions simplified
0 implied preconditions added
Detecting unreachable propositions...
0 operators removed
0 axioms removed
3 propositions removed
Detecting unreachable propositions: [0.000s CPU, 0.000s wall-clock]
Reordering and filtering variables...
7 of 7 variables necessary.
4 of 7 mutex groups necessary.
34 of 34 operators necessary.
0 of 0 axiom rules necessary.
Reordering and filtering variables: [0.000s CPU, 0.000s wall-clock]
Translator variables: 7
Translator derived variables: 0
Translator facts: 24
Translator goal facts: 4
Translator mutex groups: 4
Translator total mutex groups size: 16
Translator operators: 34
Translator axioms: 0
Translator task size: 233
warning: could not determine peak memory
Writing output... [0.000s CPU, 0.007s wall-clock]
Done! [0.016s CPU, 0.011s wall-clock]
translate exit code: 0

INFO     Running search (release).
INFO     search stdin: output.sas
INFO     search time limit: None
INFO     search memory limit: None
INFO     search command line string: 'C:\Users\user\Desktop\theoria\.worktrees\p13\engine-rig\.toolchain\downward\builds\release\bin\downward.exe' --search 'astar(ipdb())' --internal-plan-file 'C:\Users\user\AppData\Local\Temp\tmp8u7269b6\sas_plan' < output.sas
[t=0.000145s, 1940 KB] Search code revision: 7120aa0
[t=0.000233s, 1952 KB] reading input...
[t=0.000604s, 2084 KB] done reading input!
[t=0.002036s, 2668 KB] Initializing canonical PDB heuristic...
[t=0.002050s, 2668 KB] Generating patterns using: hill climbing pattern collection generator
[t=0.002111s, 2700 KB] Done calculating initial pattern collection: 0.000060s
[t=0.002125s, 2700 KB] Average operator cost: 1.000000
[t=0.002132s, 2700 KB] Building causal graph... done!
[t=0.002264s, 2700 KB] Done calculating initial candidate PDBs
[t=0.004155s, 3016 KB] found a better pattern with improvement 576
[t=0.006550s, 3016 KB] found a better pattern with improvement 50
[t=0.009221s, 3016 KB] Improvement below threshold. Stop hill climbing.
[t=0.009227s, 3016 KB] Hill climbing iterations: 3
[t=0.009230s, 3016 KB] Hill climbing generated patterns: 21
[t=0.009232s, 3016 KB] Hill climbing rejected patterns: 0
[t=0.009235s, 3016 KB] Hill climbing maximum PDB size: 30
[t=0.009237s, 3016 KB] Hill climbing time: 0.007114s
[t=0.009287s, 3016 KB] hill climbing pattern collection generator number of patterns: 6
[t=0.009292s, 3016 KB] hill climbing pattern collection generator total PDB size: 24
[t=0.009295s, 3016 KB] hill climbing pattern collection generator computation time: 0.007233s
[t=0.009299s, 3016 KB] Running dominance pruning...
[t=0.009305s, 3016 KB] Pruned 1 of 3 pattern cliques
[t=0.009307s, 3016 KB] Pruned 0 of 6 PDBs
[t=0.009310s, 3016 KB] Dominance pruning took 0.000009s
[t=0.009313s, 3016 KB] Canonical PDB heuristic number of patterns: 6
[t=0.009316s, 3016 KB] Canonical PDB heuristic total PDB size: 24
[t=0.009318s, 3016 KB] Canonical PDB heuristic computation time: 0.007277s
[t=0.009355s, 3016 KB] Building successor generator... done!
[t=0.009375s, 3016 KB] peak memory difference for successor generator creation: 0 KB
[t=0.009378s, 3016 KB] time for successor generation creation: 0.000012s
[t=0.009384s, 3016 KB] Variables: 7
[t=0.009386s, 3016 KB] FactPairs: 24
[t=0.009388s, 3016 KB] Bytes per state: 4
[t=0.009401s, 3016 KB] Conducting best first search with reopening closed nodes, (real) bound = 2147483647
[t=0.009422s, 3016 KB] New best heuristic value for cpdbs: 5
[t=0.009426s, 3016 KB] g=0, 1 evaluated, 0 expanded
[t=0.009429s, 3016 KB] f = 5, 1 evaluated, 0 expanded
[t=0.009439s, 3016 KB] Initial heuristic value for cpdbs: 5
[t=0.009443s, 3016 KB] pruning method: none
[t=0.009452s, 3016 KB] New best heuristic value for cpdbs: 4
[t=0.009456s, 3016 KB] g=1, 2 evaluated, 1 expanded
[t=0.009466s, 3016 KB] f = 6, 10 evaluated, 2 expanded
[t=0.009475s, 3016 KB] New best heuristic value for cpdbs: 3
[t=0.009478s, 3016 KB] g=3, 15 evaluated, 4 expanded
[t=0.009509s, 3016 KB] f = 7, 38 evaluated, 22 expanded
[t=0.009521s, 3016 KB] New best heuristic value for cpdbs: 2
[t=0.009524s, 3016 KB] g=5, 43 evaluated, 25 expanded
[t=0.009595s, 3016 KB] f = 8, 110 evaluated, 76 expanded
[t=0.009614s, 3016 KB] f = 9, 114 evaluated, 81 expanded
[t=0.009668s, 3016 KB] f = 10, 164 evaluated, 114 expanded
[t=0.009674s, 3016 KB] New best heuristic value for cpdbs: 1
[t=0.009677s, 3016 KB] g=9, 165 evaluated, 115 expanded
[t=0.009774s, 3016 KB] f = 11, 228 evaluated, 212 expanded
[t=0.009784s, 3016 KB] New best heuristic value for cpdbs: 0
[t=0.009788s, 3016 KB] g=11, 237 evaluated, 216 expanded
[t=0.009790s, 3016 KB] Solution found!
[t=0.009793s, 3016 KB] Actual search time: 0.000349s
pick b3 rooma left (1)
pick b4 rooma right (1)
move rooma roomb (1)
drop b3 roomb left (1)
drop b4 roomb right (1)
move roomb rooma (1)
pick b1 rooma left (1)
pick b2 rooma right (1)
move rooma roomb (1)
drop b1 roomb left (1)
drop b2 roomb right (1)
[t=0.009797s, 3016 KB] Plan length: 11 step(s).
[t=0.009797s, 3016 KB] Plan cost: 11
[t=0.009797s, 3016 KB] Expanded 217 state(s).
[t=0.009797s, 3016 KB] Reopened 0 state(s).
[t=0.009797s, 3016 KB] Evaluated 237 state(s).
[t=0.009797s, 3016 KB] Evaluations: 237
[t=0.009797s, 3016 KB] Generated 766 state(s).
[t=0.009797s, 3016 KB] Dead ends: 0 state(s).
[t=0.009797s, 3016 KB] Expanded until last jump: 212 state(s).
[t=0.009797s, 3016 KB] Reopened until last jump: 0 state(s).
[t=0.009797s, 3016 KB] Evaluated until last jump: 228 state(s).
[t=0.009797s, 3016 KB] Generated until last jump: 752 state(s).
[t=0.009797s, 3016 KB] Number of registered states: 237
[t=0.009797s, 3016 KB] Int hash set load factor: 237/256 = 0.925781
[t=0.009797s, 3016 KB] Int hash set resizes: 8
[t=0.009797s, 3016 KB] Search time: 0.000398s
[t=0.009797s, 3016 KB] Total time: 0.009797s
Solution found.
Remove intermediate file output.sas
search exit code: 0

