INFO     planner time limit: None
INFO     planner memory limit: None

INFO     Running translator.
INFO     translator stdin: None
INFO     translator time limit: None
INFO     translator memory limit: None
INFO     translator command line string: 'D:\Miniforge3\python.exe' -m translate 'C:\Users\user\Desktop\theoria\.worktrees\e2-fd-ladder-bench\engine-rig\engines\fd_adapter\domain.pddl' 'C:\Users\user\Desktop\theoria\.worktrees\e2-fd-ladder-bench\engine-rig\runs\20260728T072633Z-E2-fd-ladder-bench\instances\gripper-04.pddl' --sas-file output.sas
Warning! SIGXCPU is not available on your platform. This means that the planner cannot be gracefully terminated when using a time limit, which, however, is probably supported on your platform anyway.
Parsing...
Parsing: [0.000s CPU, 0.001s wall-clock]
Normalizing task... [0.000s CPU, 0.000s wall-clock]
Instantiating...
Generating Datalog program... [0.000s CPU, 0.000s wall-clock]
Normalizing Datalog program...
Normalizing Datalog program: [0.000s CPU, 0.001s wall-clock]
Preparing model... [0.000s CPU, 0.000s wall-clock]
Generated 17 rules.
Computing model... [0.000s CPU, 0.000s wall-clock]
81 relevant atoms
42 auxiliary atoms
123 final queue length
162 total queue pushes
Completing instantiation... [0.000s CPU, 0.000s wall-clock]
Instantiating: [0.000s CPU, 0.001s wall-clock]
Computing fact groups...
Finding invariants...
10 initial candidates
Finding invariants: [0.000s CPU, 0.000s wall-clock]
Checking invariant weight... [0.000s CPU, 0.000s wall-clock]
Instantiating groups... [0.000s CPU, 0.000s wall-clock]
Collecting mutex groups... [0.000s CPU, 0.000s wall-clock]
Choosing groups...
0 uncovered facts
Choosing groups: [0.000s CPU, 0.000s wall-clock]
Building translation key... [0.000s CPU, 0.000s wall-clock]
Computing fact groups: [0.000s CPU, 0.001s wall-clock]
Building STRIPS to SAS dictionary... [0.000s CPU, 0.000s wall-clock]
Building dictionary for full mutex groups... [0.000s CPU, 0.000s wall-clock]
Building mutex information...
Building mutex information: [0.000s CPU, 0.000s wall-clock]
Translating task...
Processing axioms...
Simplifying axioms... [0.000s CPU, 0.000s wall-clock]
Translator axioms removed by simplifying: 0
Processing axioms: [0.000s CPU, 0.000s wall-clock]
Translating task: [0.000s CPU, 0.001s wall-clock]
0 effect conditions simplified
0 implied preconditions added
Detecting unreachable propositions...
0 operators removed
0 axioms removed
3 propositions removed
Detecting unreachable propositions: [0.000s CPU, 0.000s wall-clock]
Reordering and filtering variables...
7 of 7 variables necessary.
4 of 7 mutex groups necessary.
34 of 34 operators necessary.
0 of 0 axiom rules necessary.
Reordering and filtering variables: [0.000s CPU, 0.000s wall-clock]
Translator variables: 7
Translator derived variables: 0
Translator facts: 24
Translator goal facts: 4
Translator mutex groups: 4
Translator total mutex groups size: 16
Translator operators: 34
Translator axioms: 0
Translator task size: 233
warning: could not determine peak memory
Writing output... [0.016s CPU, 0.007s wall-clock]
Done! [0.016s CPU, 0.011s wall-clock]
translate exit code: 0

INFO     Running search (release).
INFO     search stdin: output.sas
INFO     search time limit: None
INFO     search memory limit: None
INFO     search command line string: 'C:\Users\user\Desktop\theoria\.worktrees\p13\engine-rig\.toolchain\downward\builds\release\bin\downward.exe' --search 'let(hlm,eval_modify_costs(landmark_sum(lm_factory=lm_reasonable_orders_hps(lm_rhw()),pref=false),cost_type=one),let(hff,eval_modify_costs(ff(),cost_type=one),lazy_greedy([hff,hlm],preferred=[hff,hlm],cost_type=one,reopen_closed=false)))' --internal-plan-file 'C:\Users\user\AppData\Local\Temp\tmp1c_2u76z\sas_plan' < output.sas
[t=0.000155s, 1960 KB] Search code revision: 7120aa0
[t=0.000255s, 1960 KB] reading input...
[t=0.000619s, 2092 KB] done reading input!
[t=0.002258s, 2728 KB] Simplifying 66 unary operators... done! [66 unary operators]
[t=0.002304s, 2728 KB] time to simplify: 0.000049s
[t=0.002313s, 2728 KB] Initializing additive heuristic...
[t=0.002318s, 2728 KB] Initializing FF heuristic...
[t=0.002340s, 2728 KB] Initializing landmark sum heuristic...
[t=0.002344s, 2728 KB] Generating landmark graph...
[t=0.002355s, 2728 KB] Building a landmark graph with reasonable orders.
[t=0.002364s, 2728 KB] Initializing Exploration...
[t=0.002399s, 2740 KB] Generating landmarks using the RPG/SAS+ approach
[t=0.002516s, 2816 KB] Landmarks generation time: 0.000160s
[t=0.002524s, 2816 KB] Discovered 14 landmarks, of which 4 are disjunctive and 0 are conjunctive.
[t=0.002527s, 2820 KB] There are 21 landmark orderings.
[t=0.002537s, 2820 KB] approx. reasonable orders
[t=0.002554s, 2820 KB] Landmarks generation time: 0.000208s
[t=0.002558s, 2820 KB] Discovered 14 landmarks, of which 4 are disjunctive and 0 are conjunctive.
[t=0.002560s, 2820 KB] There are 21 landmark orderings.
[t=0.002562s, 2820 KB] Landmark graph generation time: 0.000219s
[t=0.002566s, 2820 KB] Landmark graph contains 14 landmarks, of which 4 are disjunctive and 0 are conjunctive.
[t=0.002568s, 2820 KB] Landmark graph contains 21 orderings.
[t=0.002599s, 2820 KB] Building successor generator... done!
[t=0.002627s, 2820 KB] peak memory difference for successor generator creation: 0 KB
[t=0.002630s, 2820 KB] time for successor generation creation: 0.000020s
[t=0.002637s, 2820 KB] Variables: 7
[t=0.002639s, 2820 KB] FactPairs: 24
[t=0.002643s, 2820 KB] Bytes per state: 4
[t=0.002662s, 2832 KB] Conducting lazy best first search, (real) bound = 2147483647
[t=0.002700s, 2872 KB] New best heuristic value for landmark_sum_heuristic: 9
[t=0.002704s, 2872 KB] New best heuristic value for ff: 9
[t=0.002706s, 2884 KB] g=0, 1 evaluated, 0 expanded
[t=0.002717s, 2884 KB] Initial heuristic value for landmark_sum_heuristic: 9
[t=0.002721s, 2892 KB] Initial heuristic value for ff: 9
[t=0.002737s, 2892 KB] New best heuristic value for landmark_sum_heuristic: 8
[t=0.002741s, 2892 KB] New best heuristic value for ff: 8
[t=0.002743s, 2892 KB] g=1, 3 evaluated, 2 expanded
[t=0.002757s, 2904 KB] New best heuristic value for landmark_sum_heuristic: 7
[t=0.002761s, 2904 KB] g=2, 5 evaluated, 4 expanded
[t=0.002767s, 2904 KB] New best heuristic value for ff: 7
[t=0.002769s, 2904 KB] g=3, 6 evaluated, 5 expanded
[t=0.002783s, 2924 KB] New best heuristic value for landmark_sum_heuristic: 6
[t=0.002787s, 2924 KB] New best heuristic value for ff: 6
[t=0.002789s, 2924 KB] g=4, 8 evaluated, 7 expanded
[t=0.002800s, 2924 KB] New best heuristic value for landmark_sum_heuristic: 5
[t=0.002802s, 2924 KB] New best heuristic value for ff: 5
[t=0.002804s, 2924 KB] g=5, 10 evaluated, 9 expanded
[t=0.002818s, 2932 KB] New best heuristic value for landmark_sum_heuristic: 4
[t=0.002821s, 2932 KB] New best heuristic value for ff: 4
[t=0.002823s, 2932 KB] g=7, 12 evaluated, 11 expanded
[t=0.002831s, 2932 KB] New best heuristic value for landmark_sum_heuristic: 3
[t=0.002834s, 2932 KB] New best heuristic value for ff: 3
[t=0.002836s, 2932 KB] g=8, 14 evaluated, 13 expanded
[t=0.002840s, 2932 KB] New best heuristic value for landmark_sum_heuristic: 2
[t=0.002843s, 2932 KB] New best heuristic value for ff: 2
[t=0.002845s, 2932 KB] g=9, 15 evaluated, 14 expanded
[t=0.002850s, 2932 KB] New best heuristic value for landmark_sum_heuristic: 1
[t=0.002853s, 2932 KB] New best heuristic value for ff: 1
[t=0.002856s, 2932 KB] g=10, 16 evaluated, 15 expanded
[t=0.002861s, 2932 KB] Solution found!
[t=0.002864s, 2932 KB] Actual search time: 0.000190s
pick b1 rooma left (1)
pick b2 rooma right (1)
move rooma roomb (1)
drop b1 roomb left (1)
drop b2 roomb right (1)
move roomb rooma (1)
pick b3 rooma left (1)
pick b4 rooma right (1)
move rooma roomb (1)
drop b3 roomb left (1)
drop b4 roomb right (1)
[t=0.002867s, 2944 KB] Plan length: 11 step(s).
[t=0.002867s, 2944 KB] Plan cost: 11
[t=0.002867s, 2944 KB] Expanded 16 state(s).
[t=0.002867s, 2944 KB] Reopened 0 state(s).
[t=0.002867s, 2944 KB] Evaluated 17 state(s).
[t=0.002867s, 2944 KB] Evaluations: 34
[t=0.002867s, 2944 KB] Generated 63 state(s).
[t=0.002867s, 2944 KB] Dead ends: 0 state(s).
[t=0.002867s, 2944 KB] Number of registered states: 17
[t=0.002867s, 2944 KB] Int hash set load factor: 17/32 = 0.531250
[t=0.002867s, 2944 KB] Int hash set resizes: 5
[t=0.002867s, 2944 KB] Search time: 0.000207s
[t=0.002867s, 2944 KB] Total time: 0.002867s
Solution found.
Remove intermediate file output.sas
search exit code: 0

