INFO     planner time limit: None
INFO     planner memory limit: None

INFO     Running translator.
INFO     translator stdin: None
INFO     translator time limit: None
INFO     translator memory limit: None
INFO     translator command line string: 'D:\Miniforge3\python.exe' -m translate 'C:\Users\user\Desktop\theoria\.worktrees\e2-fd-ladder-bench\engine-rig\engines\fd_adapter\domain.pddl' 'C:\Users\user\Desktop\theoria\.worktrees\e2-fd-ladder-bench\engine-rig\runs\20260728T072633Z-E2-fd-ladder-bench\instances\gripper-07.pddl' --sas-file output.sas
Warning! SIGXCPU is not available on your platform. This means that the planner cannot be gracefully terminated when using a time limit, which, however, is probably supported on your platform anyway.
Parsing...
Parsing: [0.000s CPU, 0.001s wall-clock]
Normalizing task... [0.000s CPU, 0.000s wall-clock]
Instantiating...
Generating Datalog program... [0.000s CPU, 0.000s wall-clock]
Normalizing Datalog program...
Normalizing Datalog program: [0.000s CPU, 0.001s wall-clock]
Preparing model... [0.000s CPU, 0.000s wall-clock]
Generated 17 rules.
Computing model... [0.000s CPU, 0.000s wall-clock]
126 relevant atoms
66 auxiliary atoms
192 final queue length
258 total queue pushes
Completing instantiation... [0.000s CPU, 0.001s wall-clock]
Instantiating: [0.000s CPU, 0.002s wall-clock]
Computing fact groups...
Finding invariants...
10 initial candidates
Finding invariants: [0.000s CPU, 0.000s wall-clock]
Checking invariant weight... [0.000s CPU, 0.000s wall-clock]
Instantiating groups... [0.000s CPU, 0.000s wall-clock]
Collecting mutex groups... [0.000s CPU, 0.000s wall-clock]
Choosing groups...
0 uncovered facts
Choosing groups: [0.000s CPU, 0.000s wall-clock]
Building translation key... [0.000s CPU, 0.000s wall-clock]
Computing fact groups: [0.000s CPU, 0.001s wall-clock]
Building STRIPS to SAS dictionary... [0.000s CPU, 0.000s wall-clock]
Building dictionary for full mutex groups... [0.000s CPU, 0.000s wall-clock]
Building mutex information...
Building mutex information: [0.000s CPU, 0.000s wall-clock]
Translating task...
Processing axioms...
Simplifying axioms... [0.000s CPU, 0.000s wall-clock]
Translator axioms removed by simplifying: 0
Processing axioms: [0.000s CPU, 0.000s wall-clock]
Translating task: [0.000s CPU, 0.001s wall-clock]
0 effect conditions simplified
0 implied preconditions added
Detecting unreachable propositions...
0 operators removed
0 axioms removed
3 propositions removed
Detecting unreachable propositions: [0.000s CPU, 0.000s wall-clock]
Reordering and filtering variables...
10 of 10 variables necessary.
7 of 10 mutex groups necessary.
58 of 58 operators necessary.
0 of 0 axiom rules necessary.
Reordering and filtering variables: [0.016s CPU, 0.000s wall-clock]
Translator variables: 10
Translator derived variables: 0
Translator facts: 39
Translator goal facts: 7
Translator mutex groups: 7
Translator total mutex groups size: 28
Translator operators: 58
Translator axioms: 0
Translator task size: 398
warning: could not determine peak memory
Writing output... [0.000s CPU, 0.008s wall-clock]
Done! [0.016s CPU, 0.013s wall-clock]
translate exit code: 0

INFO     Running search (release).
INFO     search stdin: output.sas
INFO     search time limit: None
INFO     search memory limit: None
INFO     search command line string: 'C:\Users\user\Desktop\theoria\.worktrees\p13\engine-rig\.toolchain\downward\builds\release\bin\downward.exe' --search 'astar(lmcut())' --internal-plan-file 'C:\Users\user\AppData\Local\Temp\tmpcsc6adc3\sas_plan' < output.sas
[t=0.000143s, 1988 KB] Search code revision: 7120aa0
[t=0.000233s, 1988 KB] reading input...
[t=0.000798s, 2164 KB] done reading input!
[t=0.001950s, 2692 KB] Initializing landmark cut heuristic...
[t=0.001989s, 2704 KB] Building successor generator... done!
[t=0.002046s, 2748 KB] peak memory difference for successor generator creation: 36 KB
[t=0.002050s, 2748 KB] time for successor generation creation: 0.000047s
[t=0.002057s, 2748 KB] Variables: 10
[t=0.002060s, 2748 KB] FactPairs: 39
[t=0.002062s, 2748 KB] Bytes per state: 4
[t=0.002072s, 2748 KB] Conducting best first search with reopening closed nodes, (real) bound = 2147483647
[t=0.002107s, 2760 KB] New best heuristic value for lmcut: 15
[t=0.002111s, 2760 KB] g=0, 1 evaluated, 0 expanded
[t=0.002114s, 2760 KB] f = 15, 1 evaluated, 0 expanded
[t=0.002122s, 2772 KB] Initial heuristic value for lmcut: 15
[t=0.002126s, 2772 KB] pruning method: none
[t=0.002151s, 2772 KB] New best heuristic value for lmcut: 13
[t=0.002155s, 2772 KB] g=1, 3 evaluated, 1 expanded
[t=0.002613s, 2844 KB] New best heuristic value for lmcut: 12
[t=0.002618s, 2844 KB] g=3, 72 evaluated, 15 expanded
[t=0.002628s, 2844 KB] New best heuristic value for lmcut: 11
[t=0.002631s, 2844 KB] g=4, 73 evaluated, 16 expanded
[t=0.004228s, 2880 KB] f = 16, 310 evaluated, 197 expanded
[t=0.005616s, 2892 KB] f = 17, 548 evaluated, 296 expanded
[t=0.005630s, 2892 KB] New best heuristic value for lmcut: 10
[t=0.005633s, 2892 KB] g=7, 549 evaluated, 297 expanded
[t=0.005642s, 2892 KB] New best heuristic value for lmcut: 9
[t=0.005646s, 2892 KB] g=8, 550 evaluated, 298 expanded
[t=0.006017s, 2892 KB] New best heuristic value for lmcut: 8
[t=0.006021s, 2892 KB] g=9, 618 evaluated, 326 expanded
[t=0.006029s, 2892 KB] New best heuristic value for lmcut: 7
[t=0.006031s, 2892 KB] g=10, 619 evaluated, 327 expanded
[t=0.017041s, 3004 KB] f = 18, 2648 evaluated, 2298 expanded
[t=0.019255s, 3004 KB] f = 19, 3138 evaluated, 2578 expanded
[t=0.019271s, 3004 KB] New best heuristic value for lmcut: 6
[t=0.019273s, 3004 KB] g=13, 3139 evaluated, 2579 expanded
[t=0.019281s, 3004 KB] New best heuristic value for lmcut: 5
[t=0.019284s, 3004 KB] g=14, 3140 evaluated, 2580 expanded
[t=0.019484s, 3004 KB] New best heuristic value for lmcut: 4
[t=0.019491s, 3004 KB] g=15, 3186 evaluated, 2596 expanded
[t=0.019498s, 3004 KB] New best heuristic value for lmcut: 3
[t=0.019500s, 3004 KB] g=16, 3187 evaluated, 2597 expanded
[t=0.025828s, 3076 KB] f = 20, 4594 evaluated, 4482 expanded
[t=0.026095s, 3088 KB] f = 21, 4664 evaluated, 4552 expanded
[t=0.026106s, 3088 KB] New best heuristic value for lmcut: 2
[t=0.026108s, 3088 KB] g=19, 4665 evaluated, 4553 expanded
[t=0.026114s, 3088 KB] New best heuristic value for lmcut: 1
[t=0.026116s, 3088 KB] g=20, 4666 evaluated, 4554 expanded
[t=0.026139s, 3088 KB] New best heuristic value for lmcut: 0
[t=0.026146s, 3088 KB] g=21, 4674 evaluated, 4555 expanded
[t=0.026149s, 3088 KB] Solution found!
[t=0.026152s, 3088 KB] Actual search time: 0.024025s
pick b1 rooma left (1)
pick b2 rooma right (1)
move rooma roomb (1)
drop b1 roomb left (1)
drop b2 roomb right (1)
move roomb rooma (1)
pick b3 rooma left (1)
pick b4 rooma right (1)
move rooma roomb (1)
drop b3 roomb left (1)
drop b4 roomb right (1)
move roomb rooma (1)
pick b5 rooma left (1)
pick b6 rooma right (1)
move rooma roomb (1)
drop b5 roomb left (1)
move roomb rooma (1)
pick b7 rooma left (1)
move rooma roomb (1)
drop b7 roomb left (1)
drop b6 roomb right (1)
[t=0.026155s, 3088 KB] Plan length: 21 step(s).
[t=0.026155s, 3088 KB] Plan cost: 21
[t=0.026155s, 3088 KB] Expanded 4556 state(s).
[t=0.026155s, 3088 KB] Reopened 0 state(s).
[t=0.026155s, 3088 KB] Evaluated 4674 state(s).
[t=0.026155s, 3088 KB] Evaluations: 4674
[t=0.026155s, 3088 KB] Generated 18426 state(s).
[t=0.026155s, 3088 KB] Dead ends: 0 state(s).
[t=0.026155s, 3088 KB] Expanded until last jump: 4552 state(s).
[t=0.026155s, 3088 KB] Reopened until last jump: 0 state(s).
[t=0.026155s, 3088 KB] Evaluated until last jump: 4664 state(s).
[t=0.026155s, 3088 KB] Generated until last jump: 18412 state(s).
[t=0.026155s, 3088 KB] Number of registered states: 4674
[t=0.026155s, 3088 KB] Int hash set load factor: 4674/8192 = 0.570557
[t=0.026155s, 3088 KB] Int hash set resizes: 13
[t=0.026155s, 3088 KB] Search time: 0.024084s
[t=0.026155s, 3088 KB] Total time: 0.026155s
Solution found.
Remove intermediate file output.sas
search exit code: 0

