INFO     planner time limit: None
INFO     planner memory limit: None

INFO     Running translator.
INFO     translator stdin: None
INFO     translator time limit: None
INFO     translator memory limit: None
INFO     translator command line string: 'D:\Miniforge3\python.exe' -m translate 'C:\Users\user\Desktop\theoria\.worktrees\e2-fd-ladder-bench\engine-rig\engines\fd_adapter\domain.pddl' 'C:\Users\user\Desktop\theoria\.worktrees\e2-fd-ladder-bench\engine-rig\runs\20260728T072633Z-E2-fd-ladder-bench\instances\gripper-05.pddl' --sas-file output.sas
Warning! SIGXCPU is not available on your platform. This means that the planner cannot be gracefully terminated when using a time limit, which, however, is probably supported on your platform anyway.
Parsing...
Parsing: [0.000s CPU, 0.001s wall-clock]
Normalizing task... [0.000s CPU, 0.000s wall-clock]
Instantiating...
Generating Datalog program... [0.000s CPU, 0.000s wall-clock]
Normalizing Datalog program...
Normalizing Datalog program: [0.000s CPU, 0.001s wall-clock]
Preparing model... [0.000s CPU, 0.000s wall-clock]
Generated 17 rules.
Computing model... [0.000s CPU, 0.000s wall-clock]
96 relevant atoms
50 auxiliary atoms
146 final queue length
194 total queue pushes
Completing instantiation... [0.000s CPU, 0.000s wall-clock]
Instantiating: [0.000s CPU, 0.002s wall-clock]
Computing fact groups...
Finding invariants...
10 initial candidates
Finding invariants: [0.000s CPU, 0.000s wall-clock]
Checking invariant weight... [0.000s CPU, 0.000s wall-clock]
Instantiating groups... [0.000s CPU, 0.000s wall-clock]
Collecting mutex groups... [0.000s CPU, 0.000s wall-clock]
Choosing groups...
0 uncovered facts
Choosing groups: [0.000s CPU, 0.000s wall-clock]
Building translation key... [0.000s CPU, 0.000s wall-clock]
Computing fact groups: [0.000s CPU, 0.001s wall-clock]
Building STRIPS to SAS dictionary... [0.000s CPU, 0.000s wall-clock]
Building dictionary for full mutex groups... [0.000s CPU, 0.000s wall-clock]
Building mutex information...
Building mutex information: [0.000s CPU, 0.000s wall-clock]
Translating task...
Processing axioms...
Simplifying axioms... [0.000s CPU, 0.000s wall-clock]
Translator axioms removed by simplifying: 0
Processing axioms: [0.000s CPU, 0.000s wall-clock]
Translating task: [0.000s CPU, 0.001s wall-clock]
0 effect conditions simplified
0 implied preconditions added
Detecting unreachable propositions...
0 operators removed
0 axioms removed
3 propositions removed
Detecting unreachable propositions: [0.000s CPU, 0.000s wall-clock]
Reordering and filtering variables...
8 of 8 variables necessary.
5 of 8 mutex groups necessary.
42 of 42 operators necessary.
0 of 0 axiom rules necessary.
Reordering and filtering variables: [0.000s CPU, 0.000s wall-clock]
Translator variables: 8
Translator derived variables: 0
Translator facts: 29
Translator goal facts: 5
Translator mutex groups: 5
Translator total mutex groups size: 20
Translator operators: 42
Translator axioms: 0
Translator task size: 288
warning: could not determine peak memory
Writing output... [0.000s CPU, 0.007s wall-clock]
Done! [0.000s CPU, 0.012s wall-clock]
translate exit code: 0

INFO     Running search (release).
INFO     search stdin: output.sas
INFO     search time limit: None
INFO     search memory limit: None
INFO     search command line string: 'C:\Users\user\Desktop\theoria\.worktrees\p13\engine-rig\.toolchain\downward\builds\release\bin\downward.exe' --search 'astar(ipdb())' --internal-plan-file 'C:\Users\user\AppData\Local\Temp\tmp1pzvie61\sas_plan' < output.sas
[t=0.000152s, 1924 KB] Search code revision: 7120aa0
[t=0.000244s, 1944 KB] reading input...
[t=0.000690s, 2080 KB] done reading input!
[t=0.001979s, 2612 KB] Initializing canonical PDB heuristic...
[t=0.001989s, 2640 KB] Generating patterns using: hill climbing pattern collection generator
[t=0.002059s, 2676 KB] Done calculating initial pattern collection: 0.000068s
[t=0.002069s, 2676 KB] Average operator cost: 1.000000
[t=0.002078s, 2676 KB] Building causal graph... done!
[t=0.002272s, 2712 KB] Done calculating initial candidate PDBs
[t=0.004633s, 2992 KB] found a better pattern with improvement 552
[t=0.007554s, 3016 KB] found a better pattern with improvement 54
[t=0.010798s, 3016 KB] Improvement below threshold. Stop hill climbing.
[t=0.010806s, 3016 KB] Hill climbing iterations: 3
[t=0.010808s, 3016 KB] Hill climbing generated patterns: 26
[t=0.010811s, 3016 KB] Hill climbing rejected patterns: 0
[t=0.010813s, 3016 KB] Hill climbing maximum PDB size: 36
[t=0.010815s, 3016 KB] Hill climbing time: 0.008747s
[t=0.010867s, 3016 KB] hill climbing pattern collection generator number of patterns: 7
[t=0.010876s, 3016 KB] hill climbing pattern collection generator total PDB size: 27
[t=0.010879s, 3016 KB] hill climbing pattern collection generator computation time: 0.008874s
[t=0.010883s, 3016 KB] Running dominance pruning...
[t=0.010889s, 3016 KB] Pruned 1 of 3 pattern cliques
[t=0.010891s, 3016 KB] Pruned 0 of 7 PDBs
[t=0.010894s, 3016 KB] Dominance pruning took 0.000009s
[t=0.010898s, 3016 KB] Canonical PDB heuristic number of patterns: 7
[t=0.010902s, 3016 KB] Canonical PDB heuristic total PDB size: 27
[t=0.010906s, 3016 KB] Canonical PDB heuristic computation time: 0.008919s
[t=0.010929s, 3016 KB] Building successor generator... done!
[t=0.010958s, 3016 KB] peak memory difference for successor generator creation: 0 KB
[t=0.010960s, 3016 KB] time for successor generation creation: 0.000018s
[t=0.010965s, 3016 KB] Variables: 8
[t=0.010967s, 3016 KB] FactPairs: 29
[t=0.010969s, 3016 KB] Bytes per state: 4
[t=0.010978s, 3016 KB] Conducting best first search with reopening closed nodes, (real) bound = 2147483647
[t=0.010994s, 3016 KB] New best heuristic value for cpdbs: 6
[t=0.010999s, 3016 KB] g=0, 1 evaluated, 0 expanded
[t=0.011001s, 3016 KB] f = 6, 1 evaluated, 0 expanded
[t=0.011009s, 3016 KB] Initial heuristic value for cpdbs: 6
[t=0.011013s, 3016 KB] pruning method: none
[t=0.011021s, 3016 KB] New best heuristic value for cpdbs: 5
[t=0.011025s, 3016 KB] g=1, 2 evaluated, 1 expanded
[t=0.011036s, 3016 KB] f = 7, 12 evaluated, 2 expanded
[t=0.011045s, 3016 KB] New best heuristic value for cpdbs: 4
[t=0.011049s, 3016 KB] g=3, 18 evaluated, 4 expanded
[t=0.011086s, 3016 KB] f = 8, 52 evaluated, 27 expanded
[t=0.011095s, 3016 KB] New best heuristic value for cpdbs: 3
[t=0.011099s, 3016 KB] g=5, 57 evaluated, 30 expanded
[t=0.011220s, 3016 KB] f = 9, 172 evaluated, 117 expanded
[t=0.011232s, 3016 KB] f = 10, 178 evaluated, 123 expanded
[t=0.011332s, 3016 KB] f = 11, 304 evaluated, 178 expanded
[t=0.011337s, 3016 KB] New best heuristic value for cpdbs: 2
[t=0.011339s, 3016 KB] g=9, 305 evaluated, 179 expanded
[t=0.011586s, 3016 KB] f = 12, 498 evaluated, 428 expanded
[t=0.011626s, 3016 KB] New best heuristic value for cpdbs: 1
[t=0.011630s, 3016 KB] g=11, 515 evaluated, 433 expanded
[t=0.011789s, 3016 KB] f = 13, 642 evaluated, 590 expanded
[t=0.011838s, 3016 KB] f = 14, 654 evaluated, 612 expanded
[t=0.011880s, 3016 KB] f = 15, 684 evaluated, 654 expanded
[t=0.011884s, 3016 KB] New best heuristic value for cpdbs: 0
[t=0.011887s, 3016 KB] g=15, 685 evaluated, 655 expanded
[t=0.011891s, 3016 KB] Solution found!
[t=0.011895s, 3016 KB] Actual search time: 0.000880s
pick b4 rooma left (1)
pick b5 rooma right (1)
move rooma roomb (1)
drop b4 roomb left (1)
drop b5 roomb right (1)
move roomb rooma (1)
pick b1 rooma left (1)
pick b2 rooma right (1)
move rooma roomb (1)
drop b1 roomb left (1)
drop b2 roomb right (1)
move roomb rooma (1)
pick b3 rooma left (1)
move rooma roomb (1)
drop b3 roomb left (1)
[t=0.011898s, 3020 KB] Plan length: 15 step(s).
[t=0.011898s, 3020 KB] Plan cost: 15
[t=0.011898s, 3020 KB] Expanded 656 state(s).
[t=0.011898s, 3020 KB] Reopened 0 state(s).
[t=0.011898s, 3020 KB] Evaluated 687 state(s).
[t=0.011898s, 3020 KB] Evaluations: 687
[t=0.011898s, 3020 KB] Generated 2448 state(s).
[t=0.011898s, 3020 KB] Dead ends: 0 state(s).
[t=0.011898s, 3020 KB] Expanded until last jump: 654 state(s).
[t=0.011898s, 3020 KB] Reopened until last jump: 0 state(s).
[t=0.011898s, 3020 KB] Evaluated until last jump: 684 state(s).
[t=0.011898s, 3020 KB] Generated until last jump: 2442 state(s).
[t=0.011898s, 3020 KB] Number of registered states: 687
[t=0.011898s, 3020 KB] Int hash set load factor: 687/1024 = 0.670898
[t=0.011898s, 3020 KB] Int hash set resizes: 10
[t=0.011898s, 3020 KB] Search time: 0.000921s
[t=0.011898s, 3020 KB] Total time: 0.011898s
Solution found.
Remove intermediate file output.sas
search exit code: 0

