INFO     planner time limit: None
INFO     planner memory limit: None

INFO     Running translator.
INFO     translator stdin: None
INFO     translator time limit: None
INFO     translator memory limit: None
INFO     translator command line string: 'D:\Miniforge3\python.exe' -m translate 'C:\Users\user\Desktop\theoria\.worktrees\e2-fd-ladder-bench\engine-rig\engines\fd_adapter\domain.pddl' 'C:\Users\user\Desktop\theoria\.worktrees\e2-fd-ladder-bench\engine-rig\runs\20260728T072633Z-E2-fd-ladder-bench\instances\gripper-03.pddl' --sas-file output.sas
Warning! SIGXCPU is not available on your platform. This means that the planner cannot be gracefully terminated when using a time limit, which, however, is probably supported on your platform anyway.
Parsing...
Parsing: [0.000s CPU, 0.001s wall-clock]
Normalizing task... [0.000s CPU, 0.000s wall-clock]
Instantiating...
Generating Datalog program... [0.000s CPU, 0.000s wall-clock]
Normalizing Datalog program...
Normalizing Datalog program: [0.000s CPU, 0.001s wall-clock]
Preparing model... [0.000s CPU, 0.000s wall-clock]
Generated 17 rules.
Computing model... [0.000s CPU, 0.000s wall-clock]
66 relevant atoms
34 auxiliary atoms
100 final queue length
130 total queue pushes
Completing instantiation... [0.000s CPU, 0.000s wall-clock]
Instantiating: [0.000s CPU, 0.001s wall-clock]
Computing fact groups...
Finding invariants...
10 initial candidates
Finding invariants: [0.000s CPU, 0.000s wall-clock]
Checking invariant weight... [0.000s CPU, 0.000s wall-clock]
Instantiating groups... [0.000s CPU, 0.000s wall-clock]
Collecting mutex groups... [0.000s CPU, 0.000s wall-clock]
Choosing groups...
0 uncovered facts
Choosing groups: [0.000s CPU, 0.000s wall-clock]
Building translation key... [0.000s CPU, 0.000s wall-clock]
Computing fact groups: [0.000s CPU, 0.001s wall-clock]
Building STRIPS to SAS dictionary... [0.000s CPU, 0.000s wall-clock]
Building dictionary for full mutex groups... [0.000s CPU, 0.000s wall-clock]
Building mutex information...
Building mutex information: [0.000s CPU, 0.000s wall-clock]
Translating task...
Processing axioms...
Simplifying axioms... [0.000s CPU, 0.000s wall-clock]
Translator axioms removed by simplifying: 0
Processing axioms: [0.000s CPU, 0.000s wall-clock]
Translating task: [0.000s CPU, 0.000s wall-clock]
0 effect conditions simplified
0 implied preconditions added
Detecting unreachable propositions...
0 operators removed
0 axioms removed
3 propositions removed
Detecting unreachable propositions: [0.000s CPU, 0.000s wall-clock]
Reordering and filtering variables...
6 of 6 variables necessary.
3 of 6 mutex groups necessary.
26 of 26 operators necessary.
0 of 0 axiom rules necessary.
Reordering and filtering variables: [0.000s CPU, 0.000s wall-clock]
Translator variables: 6
Translator derived variables: 0
Translator facts: 19
Translator goal facts: 3
Translator mutex groups: 3
Translator total mutex groups size: 12
Translator operators: 26
Translator axioms: 0
Translator task size: 178
warning: could not determine peak memory
Writing output... [0.000s CPU, 0.007s wall-clock]
Done! [0.000s CPU, 0.011s wall-clock]
translate exit code: 0

INFO     Running search (release).
INFO     search stdin: output.sas
INFO     search time limit: None
INFO     search memory limit: None
INFO     search command line string: 'C:\Users\user\Desktop\theoria\.worktrees\p13\engine-rig\.toolchain\downward\builds\release\bin\downward.exe' --search 'astar(ipdb())' --internal-plan-file 'C:\Users\user\AppData\Local\Temp\tmpiwylj1hi\sas_plan' < output.sas
[t=0.000135s, 1980 KB] Search code revision: 7120aa0
[t=0.000230s, 1980 KB] reading input...
[t=0.000532s, 2052 KB] done reading input!
[t=0.001851s, 2600 KB] Initializing canonical PDB heuristic...
[t=0.001862s, 2600 KB] Generating patterns using: hill climbing pattern collection generator
[t=0.001907s, 2600 KB] Done calculating initial pattern collection: 0.000043s
[t=0.001915s, 2600 KB] Average operator cost: 1.000000
[t=0.001922s, 2600 KB] Building causal graph... done!
[t=0.002030s, 2644 KB] Done calculating initial candidate PDBs
[t=0.003495s, 2960 KB] found a better pattern with improvement 576
[t=0.005303s, 2972 KB] found a better pattern with improvement 54
[t=0.007381s, 2992 KB] Improvement below threshold. Stop hill climbing.
[t=0.007405s, 2992 KB] Hill climbing iterations: 3
[t=0.007408s, 2992 KB] Hill climbing generated patterns: 16
[t=0.007411s, 2992 KB] Hill climbing rejected patterns: 0
[t=0.007415s, 2992 KB] Hill climbing maximum PDB size: 24
[t=0.007417s, 2992 KB] Hill climbing time: 0.005504s
[t=0.007481s, 2992 KB] hill climbing pattern collection generator number of patterns: 5
[t=0.007486s, 2992 KB] hill climbing pattern collection generator total PDB size: 21
[t=0.007489s, 2992 KB] hill climbing pattern collection generator computation time: 0.005615s
[t=0.007494s, 2992 KB] Running dominance pruning...
[t=0.007501s, 2992 KB] Pruned 1 of 3 pattern cliques
[t=0.007504s, 2992 KB] Pruned 0 of 5 PDBs
[t=0.007507s, 2992 KB] Dominance pruning took 0.000010s
[t=0.007510s, 2992 KB] Canonical PDB heuristic number of patterns: 5
[t=0.007513s, 2992 KB] Canonical PDB heuristic total PDB size: 21
[t=0.007515s, 2992 KB] Canonical PDB heuristic computation time: 0.005659s
[t=0.007547s, 2992 KB] Building successor generator... done!
[t=0.007566s, 2992 KB] peak memory difference for successor generator creation: 0 KB
[t=0.007568s, 2992 KB] time for successor generation creation: 0.000011s
[t=0.007572s, 2992 KB] Variables: 6
[t=0.007576s, 2992 KB] FactPairs: 19
[t=0.007578s, 2992 KB] Bytes per state: 4
[t=0.007586s, 2992 KB] Conducting best first search with reopening closed nodes, (real) bound = 2147483647
[t=0.007601s, 2992 KB] New best heuristic value for cpdbs: 4
[t=0.007604s, 2992 KB] g=0, 1 evaluated, 0 expanded
[t=0.007606s, 2992 KB] f = 4, 1 evaluated, 0 expanded
[t=0.007613s, 2992 KB] Initial heuristic value for cpdbs: 4
[t=0.007618s, 2992 KB] pruning method: none
[t=0.007625s, 2992 KB] New best heuristic value for cpdbs: 3
[t=0.007627s, 2992 KB] g=1, 2 evaluated, 1 expanded
[t=0.007635s, 2992 KB] f = 5, 8 evaluated, 2 expanded
[t=0.007642s, 2992 KB] New best heuristic value for cpdbs: 2
[t=0.007644s, 2992 KB] g=3, 12 evaluated, 4 expanded
[t=0.007663s, 2992 KB] f = 6, 26 evaluated, 17 expanded
[t=0.007672s, 2992 KB] New best heuristic value for cpdbs: 1
[t=0.007675s, 2992 KB] g=5, 31 evaluated, 20 expanded
[t=0.007708s, 2992 KB] f = 7, 62 evaluated, 44 expanded
[t=0.007718s, 2992 KB] f = 8, 64 evaluated, 48 expanded
[t=0.007737s, 2992 KB] f = 9, 76 evaluated, 64 expanded
[t=0.007740s, 2992 KB] New best heuristic value for cpdbs: 0
[t=0.007743s, 2992 KB] g=9, 77 evaluated, 65 expanded
[t=0.007746s, 2992 KB] Solution found!
[t=0.007751s, 2992 KB] Actual search time: 0.000132s
pick b1 rooma left (1)
pick b2 rooma right (1)
move rooma roomb (1)
drop b1 roomb left (1)
drop b2 roomb right (1)
move roomb rooma (1)
pick b3 rooma left (1)
move rooma roomb (1)
drop b3 roomb left (1)
[t=0.007754s, 2992 KB] Plan length: 9 step(s).
[t=0.007754s, 2992 KB] Plan cost: 9
[t=0.007754s, 2992 KB] Expanded 66 state(s).
[t=0.007754s, 2992 KB] Reopened 0 state(s).
[t=0.007754s, 2992 KB] Evaluated 79 state(s).
[t=0.007754s, 2992 KB] Evaluations: 79
[t=0.007754s, 2992 KB] Generated 208 state(s).
[t=0.007754s, 2992 KB] Dead ends: 0 state(s).
[t=0.007754s, 2992 KB] Expanded until last jump: 64 state(s).
[t=0.007754s, 2992 KB] Reopened until last jump: 0 state(s).
[t=0.007754s, 2992 KB] Evaluated until last jump: 76 state(s).
[t=0.007754s, 2992 KB] Generated until last jump: 204 state(s).
[t=0.007754s, 2992 KB] Number of registered states: 79
[t=0.007754s, 2992 KB] Int hash set load factor: 79/128 = 0.617188
[t=0.007754s, 2992 KB] Int hash set resizes: 7
[t=0.007754s, 2992 KB] Search time: 0.000170s
[t=0.007754s, 2992 KB] Total time: 0.007754s
Solution found.
Remove intermediate file output.sas
search exit code: 0

