INFO     planner time limit: None
INFO     planner memory limit: None

INFO     Running translator.
INFO     translator stdin: None
INFO     translator time limit: None
INFO     translator memory limit: None
INFO     translator command line string: 'D:\Miniforge3\python.exe' -m translate 'C:\Users\user\Desktop\theoria\.worktrees\e2-fd-ladder-bench\engine-rig\engines\fd_adapter\domain.pddl' 'C:\Users\user\Desktop\theoria\.worktrees\e2-fd-ladder-bench\engine-rig\runs\20260728T072633Z-E2-fd-ladder-bench\instances\gripper-10.pddl' --sas-file output.sas
Warning! SIGXCPU is not available on your platform. This means that the planner cannot be gracefully terminated when using a time limit, which, however, is probably supported on your platform anyway.
Parsing...
Parsing: [0.000s CPU, 0.001s wall-clock]
Normalizing task... [0.000s CPU, 0.000s wall-clock]
Instantiating...
Generating Datalog program... [0.000s CPU, 0.000s wall-clock]
Normalizing Datalog program...
Normalizing Datalog program: [0.016s CPU, 0.001s wall-clock]
Preparing model... [0.000s CPU, 0.000s wall-clock]
Generated 17 rules.
Computing model... [0.000s CPU, 0.001s wall-clock]
171 relevant atoms
90 auxiliary atoms
261 final queue length
354 total queue pushes
Completing instantiation... [0.000s CPU, 0.001s wall-clock]
Instantiating: [0.016s CPU, 0.002s wall-clock]
Computing fact groups...
Finding invariants...
10 initial candidates
Finding invariants: [0.000s CPU, 0.000s wall-clock]
Checking invariant weight... [0.000s CPU, 0.000s wall-clock]
Instantiating groups... [0.000s CPU, 0.000s wall-clock]
Collecting mutex groups... [0.000s CPU, 0.000s wall-clock]
Choosing groups...
0 uncovered facts
Choosing groups: [0.000s CPU, 0.000s wall-clock]
Building translation key... [0.000s CPU, 0.000s wall-clock]
Computing fact groups: [0.000s CPU, 0.001s wall-clock]
Building STRIPS to SAS dictionary... [0.000s CPU, 0.000s wall-clock]
Building dictionary for full mutex groups... [0.000s CPU, 0.000s wall-clock]
Building mutex information...
Building mutex information: [0.000s CPU, 0.000s wall-clock]
Translating task...
Processing axioms...
Simplifying axioms... [0.000s CPU, 0.000s wall-clock]
Translator axioms removed by simplifying: 0
Processing axioms: [0.000s CPU, 0.000s wall-clock]
Translating task: [0.000s CPU, 0.002s wall-clock]
0 effect conditions simplified
0 implied preconditions added
Detecting unreachable propositions...
0 operators removed
0 axioms removed
3 propositions removed
Detecting unreachable propositions: [0.000s CPU, 0.001s wall-clock]
Reordering and filtering variables...
13 of 13 variables necessary.
10 of 13 mutex groups necessary.
82 of 82 operators necessary.
0 of 0 axiom rules necessary.
Reordering and filtering variables: [0.000s CPU, 0.000s wall-clock]
Translator variables: 13
Translator derived variables: 0
Translator facts: 54
Translator goal facts: 10
Translator mutex groups: 10
Translator total mutex groups size: 40
Translator operators: 82
Translator axioms: 0
Translator task size: 563
warning: could not determine peak memory
Writing output... [0.000s CPU, 0.009s wall-clock]
Done! [0.016s CPU, 0.017s wall-clock]
translate exit code: 0

INFO     Running search (release).
INFO     search stdin: output.sas
INFO     search time limit: None
INFO     search memory limit: None
INFO     search command line string: 'C:\Users\user\Desktop\theoria\.worktrees\p13\engine-rig\.toolchain\downward\builds\release\bin\downward.exe' --search 'let(hlm,eval_modify_costs(landmark_sum(lm_factory=lm_reasonable_orders_hps(lm_rhw()),pref=false),cost_type=one),let(hff,eval_modify_costs(ff(),cost_type=one),lazy_greedy([hff,hlm],preferred=[hff,hlm],cost_type=one,reopen_closed=false)))' --internal-plan-file 'C:\Users\user\AppData\Local\Temp\tmp1fpi5bk_\sas_plan' < output.sas
[t=0.000145s, 1964 KB] Search code revision: 7120aa0
[t=0.000238s, 1964 KB] reading input...
[t=0.000985s, 2156 KB] done reading input!
[t=0.002476s, 2756 KB] Simplifying 162 unary operators... done! [162 unary operators]
[t=0.002545s, 2800 KB] time to simplify: 0.000071s
[t=0.002562s, 2800 KB] Initializing additive heuristic...
[t=0.002568s, 2800 KB] Initializing FF heuristic...
[t=0.002595s, 2808 KB] Initializing landmark sum heuristic...
[t=0.002600s, 2808 KB] Generating landmark graph...
[t=0.002614s, 2808 KB] Building a landmark graph with reasonable orders.
[t=0.002626s, 2808 KB] Initializing Exploration...
[t=0.002656s, 2812 KB] Generating landmarks using the RPG/SAS+ approach
[t=0.002929s, 2896 KB] Landmarks generation time: 0.000313s
[t=0.002935s, 2896 KB] Discovered 32 landmarks, of which 10 are disjunctive and 0 are conjunctive.
[t=0.002938s, 2896 KB] There are 51 landmark orderings.
[t=0.002942s, 2896 KB] approx. reasonable orders
[t=0.002985s, 2896 KB] Landmarks generation time: 0.000384s
[t=0.002990s, 2896 KB] Discovered 32 landmarks, of which 10 are disjunctive and 0 are conjunctive.
[t=0.002993s, 2896 KB] There are 51 landmark orderings.
[t=0.002995s, 2896 KB] Landmark graph generation time: 0.000396s
[t=0.002999s, 2896 KB] Landmark graph contains 32 landmarks, of which 10 are disjunctive and 0 are conjunctive.
[t=0.003003s, 2896 KB] Landmark graph contains 51 orderings.
[t=0.003042s, 2908 KB] Building successor generator... done!
[t=0.003079s, 2908 KB] peak memory difference for successor generator creation: 0 KB
[t=0.003081s, 2908 KB] time for successor generation creation: 0.000029s
[t=0.003086s, 2908 KB] Variables: 13
[t=0.003089s, 2908 KB] FactPairs: 54
[t=0.003091s, 2908 KB] Bytes per state: 4
[t=0.003106s, 2908 KB] Conducting lazy best first search, (real) bound = 2147483647
[t=0.003140s, 2944 KB] New best heuristic value for landmark_sum_heuristic: 21
[t=0.003144s, 2944 KB] New best heuristic value for ff: 21
[t=0.003146s, 2944 KB] g=0, 1 evaluated, 0 expanded
[t=0.003160s, 2944 KB] Initial heuristic value for landmark_sum_heuristic: 21
[t=0.003163s, 2944 KB] Initial heuristic value for ff: 21
[t=0.003175s, 2944 KB] New best heuristic value for landmark_sum_heuristic: 20
[t=0.003180s, 2944 KB] New best heuristic value for ff: 20
[t=0.003182s, 2944 KB] g=1, 3 evaluated, 2 expanded
[t=0.003196s, 2944 KB] New best heuristic value for landmark_sum_heuristic: 19
[t=0.003198s, 2948 KB] g=2, 5 evaluated, 4 expanded
[t=0.003206s, 2952 KB] New best heuristic value for ff: 19
[t=0.003210s, 2956 KB] g=3, 6 evaluated, 5 expanded
[t=0.003222s, 2956 KB] New best heuristic value for landmark_sum_heuristic: 18
[t=0.003226s, 2956 KB] New best heuristic value for ff: 18
[t=0.003228s, 2956 KB] g=4, 8 evaluated, 7 expanded
[t=0.003257s, 2976 KB] New best heuristic value for landmark_sum_heuristic: 17
[t=0.003262s, 2976 KB] New best heuristic value for ff: 17
[t=0.003264s, 2976 KB] g=5, 10 evaluated, 9 expanded
[t=0.003278s, 2976 KB] New best heuristic value for landmark_sum_heuristic: 16
[t=0.003282s, 2976 KB] New best heuristic value for ff: 16
[t=0.003284s, 2976 KB] g=7, 12 evaluated, 11 expanded
[t=0.003295s, 2976 KB] New best heuristic value for landmark_sum_heuristic: 15
[t=0.003299s, 2976 KB] g=8, 14 evaluated, 13 expanded
[t=0.003305s, 2976 KB] New best heuristic value for ff: 15
[t=0.003308s, 2976 KB] g=9, 15 evaluated, 14 expanded
[t=0.003320s, 2976 KB] New best heuristic value for landmark_sum_heuristic: 14
[t=0.003324s, 2976 KB] New best heuristic value for ff: 14
[t=0.003326s, 2976 KB] g=10, 17 evaluated, 16 expanded
[t=0.003337s, 2976 KB] New best heuristic value for landmark_sum_heuristic: 13
[t=0.003341s, 2976 KB] New best heuristic value for ff: 13
[t=0.003343s, 2976 KB] g=11, 19 evaluated, 18 expanded
[t=0.003362s, 2976 KB] New best heuristic value for landmark_sum_heuristic: 12
[t=0.003366s, 2976 KB] New best heuristic value for ff: 12
[t=0.003368s, 2976 KB] g=13, 21 evaluated, 20 expanded
[t=0.003382s, 2976 KB] New best heuristic value for landmark_sum_heuristic: 11
[t=0.003385s, 2976 KB] g=14, 23 evaluated, 22 expanded
[t=0.003396s, 3004 KB] New best heuristic value for ff: 11
[t=0.003399s, 3004 KB] g=15, 24 evaluated, 23 expanded
[t=0.003410s, 3004 KB] New best heuristic value for landmark_sum_heuristic: 10
[t=0.003414s, 3004 KB] New best heuristic value for ff: 10
[t=0.003416s, 3004 KB] g=16, 26 evaluated, 25 expanded
[t=0.003430s, 3004 KB] New best heuristic value for landmark_sum_heuristic: 9
[t=0.003434s, 3004 KB] New best heuristic value for ff: 9
[t=0.003436s, 3004 KB] g=17, 28 evaluated, 27 expanded
[t=0.003450s, 3004 KB] New best heuristic value for landmark_sum_heuristic: 8
[t=0.003453s, 3004 KB] New best heuristic value for ff: 8
[t=0.003455s, 3004 KB] g=19, 30 evaluated, 29 expanded
[t=0.003466s, 3004 KB] New best heuristic value for landmark_sum_heuristic: 7
[t=0.003470s, 3004 KB] g=20, 32 evaluated, 31 expanded
[t=0.003477s, 3004 KB] New best heuristic value for ff: 7
[t=0.003481s, 3004 KB] g=21, 33 evaluated, 32 expanded
[t=0.003490s, 3004 KB] New best heuristic value for landmark_sum_heuristic: 6
[t=0.003493s, 3004 KB] New best heuristic value for ff: 6
[t=0.003495s, 3004 KB] g=22, 35 evaluated, 34 expanded
[t=0.003505s, 3004 KB] New best heuristic value for landmark_sum_heuristic: 5
[t=0.003509s, 3004 KB] New best heuristic value for ff: 5
[t=0.003511s, 3004 KB] g=23, 37 evaluated, 36 expanded
[t=0.003522s, 3004 KB] New best heuristic value for landmark_sum_heuristic: 4
[t=0.003526s, 3004 KB] New best heuristic value for ff: 4
[t=0.003528s, 3004 KB] g=25, 39 evaluated, 38 expanded
[t=0.003537s, 3004 KB] New best heuristic value for landmark_sum_heuristic: 3
[t=0.003539s, 3004 KB] New best heuristic value for ff: 3
[t=0.003541s, 3004 KB] g=26, 41 evaluated, 40 expanded
[t=0.003558s, 3028 KB] New best heuristic value for landmark_sum_heuristic: 2
[t=0.003561s, 3028 KB] New best heuristic value for ff: 2
[t=0.003564s, 3028 KB] g=27, 42 evaluated, 41 expanded
[t=0.003569s, 3028 KB] New best heuristic value for landmark_sum_heuristic: 1
[t=0.003573s, 3028 KB] New best heuristic value for ff: 1
[t=0.003575s, 3028 KB] g=28, 43 evaluated, 42 expanded
[t=0.003580s, 3028 KB] Solution found!
[t=0.003585s, 3028 KB] Actual search time: 0.000468s
pick b1 rooma left (1)
pick b10 rooma right (1)
move rooma roomb (1)
drop b1 roomb left (1)
drop b10 roomb right (1)
move roomb rooma (1)
pick b2 rooma left (1)
pick b3 rooma right (1)
move rooma roomb (1)
drop b2 roomb left (1)
drop b3 roomb right (1)
move roomb rooma (1)
pick b4 rooma left (1)
pick b5 rooma right (1)
move rooma roomb (1)
drop b4 roomb left (1)
drop b5 roomb right (1)
move roomb rooma (1)
pick b6 rooma left (1)
pick b7 rooma right (1)
move rooma roomb (1)
drop b6 roomb left (1)
drop b7 roomb right (1)
move roomb rooma (1)
pick b8 rooma left (1)
pick b9 rooma right (1)
move rooma roomb (1)
drop b8 roomb left (1)
drop b9 roomb right (1)
[t=0.003588s, 3028 KB] Plan length: 29 step(s).
[t=0.003588s, 3028 KB] Plan cost: 29
[t=0.003588s, 3028 KB] Expanded 43 state(s).
[t=0.003588s, 3028 KB] Reopened 0 state(s).
[t=0.003588s, 3028 KB] Evaluated 44 state(s).
[t=0.003588s, 3028 KB] Evaluations: 88
[t=0.003588s, 3028 KB] Generated 300 state(s).
[t=0.003588s, 3028 KB] Dead ends: 0 state(s).
[t=0.003588s, 3028 KB] Number of registered states: 44
[t=0.003588s, 3028 KB] Int hash set load factor: 44/64 = 0.687500
[t=0.003588s, 3028 KB] Int hash set resizes: 6
[t=0.003588s, 3028 KB] Search time: 0.000483s
[t=0.003588s, 3028 KB] Total time: 0.003588s
Solution found.
Remove intermediate file output.sas
search exit code: 0

