INFO     planner time limit: None
INFO     planner memory limit: None

INFO     Running translator.
INFO     translator stdin: None
INFO     translator time limit: None
INFO     translator memory limit: None
INFO     translator command line string: 'D:\Miniforge3\python.exe' -m translate 'C:\Users\user\Desktop\theoria\.worktrees\e2-fd-ladder-bench\engine-rig\engines\fd_adapter\domain.pddl' 'C:\Users\user\Desktop\theoria\.worktrees\e2-fd-ladder-bench\engine-rig\runs\20260728T072633Z-E2-fd-ladder-bench\instances\gripper-02.pddl' --sas-file output.sas
Warning! SIGXCPU is not available on your platform. This means that the planner cannot be gracefully terminated when using a time limit, which, however, is probably supported on your platform anyway.
Parsing...
Parsing: [0.000s CPU, 0.001s wall-clock]
Normalizing task... [0.000s CPU, 0.000s wall-clock]
Instantiating...
Generating Datalog program... [0.000s CPU, 0.000s wall-clock]
Normalizing Datalog program...
Normalizing Datalog program: [0.000s CPU, 0.001s wall-clock]
Preparing model... [0.000s CPU, 0.000s wall-clock]
Generated 17 rules.
Computing model... [0.000s CPU, 0.000s wall-clock]
51 relevant atoms
26 auxiliary atoms
77 final queue length
98 total queue pushes
Completing instantiation... [0.000s CPU, 0.000s wall-clock]
Instantiating: [0.000s CPU, 0.001s wall-clock]
Computing fact groups...
Finding invariants...
10 initial candidates
Finding invariants: [0.000s CPU, 0.000s wall-clock]
Checking invariant weight... [0.000s CPU, 0.000s wall-clock]
Instantiating groups... [0.000s CPU, 0.000s wall-clock]
Collecting mutex groups... [0.000s CPU, 0.000s wall-clock]
Choosing groups...
2 uncovered facts
Choosing groups: [0.000s CPU, 0.000s wall-clock]
Building translation key... [0.000s CPU, 0.000s wall-clock]
Computing fact groups: [0.000s CPU, 0.001s wall-clock]
Building STRIPS to SAS dictionary... [0.000s CPU, 0.000s wall-clock]
Building dictionary for full mutex groups... [0.000s CPU, 0.000s wall-clock]
Building mutex information...
Building mutex information: [0.000s CPU, 0.000s wall-clock]
Translating task...
Processing axioms...
Simplifying axioms... [0.000s CPU, 0.000s wall-clock]
Translator axioms removed by simplifying: 0
Processing axioms: [0.000s CPU, 0.000s wall-clock]
Translating task: [0.000s CPU, 0.000s wall-clock]
8 effect conditions simplified
0 implied preconditions added
Detecting unreachable propositions...
0 operators removed
0 axioms removed
3 propositions removed
Detecting unreachable propositions: [0.000s CPU, 0.000s wall-clock]
Reordering and filtering variables...
5 of 5 variables necessary.
2 of 5 mutex groups necessary.
18 of 18 operators necessary.
0 of 0 axiom rules necessary.
Reordering and filtering variables: [0.000s CPU, 0.000s wall-clock]
Translator variables: 5
Translator derived variables: 0
Translator facts: 14
Translator goal facts: 2
Translator mutex groups: 2
Translator total mutex groups size: 6
Translator operators: 18
Translator axioms: 0
Translator task size: 121
warning: could not determine peak memory
Writing output... [0.000s CPU, 0.006s wall-clock]
Done! [0.000s CPU, 0.010s wall-clock]
translate exit code: 0

INFO     Running search (release).
INFO     search stdin: output.sas
INFO     search time limit: None
INFO     search memory limit: None
INFO     search command line string: 'C:\Users\user\Desktop\theoria\.worktrees\p13\engine-rig\.toolchain\downward\builds\release\bin\downward.exe' --search 'astar(lmcut())' --internal-plan-file 'C:\Users\user\AppData\Local\Temp\tmpzhpvfluv\sas_plan' < output.sas
[t=0.000151s, 1960 KB] Search code revision: 7120aa0
[t=0.000234s, 1960 KB] reading input...
[t=0.000466s, 2040 KB] done reading input!
[t=0.001694s, 2592 KB] Initializing landmark cut heuristic...
[t=0.001728s, 2592 KB] Building successor generator... done!
[t=0.001762s, 2592 KB] peak memory difference for successor generator creation: 0 KB
[t=0.001765s, 2592 KB] time for successor generation creation: 0.000025s
[t=0.001771s, 2596 KB] Variables: 5
[t=0.001776s, 2596 KB] FactPairs: 14
[t=0.001778s, 2596 KB] Bytes per state: 4
[t=0.001791s, 2596 KB] Conducting best first search with reopening closed nodes, (real) bound = 2147483647
[t=0.001829s, 2620 KB] New best heuristic value for lmcut: 5
[t=0.001833s, 2620 KB] g=0, 1 evaluated, 0 expanded
[t=0.001835s, 2620 KB] f = 5, 1 evaluated, 0 expanded
[t=0.001853s, 2632 KB] Initial heuristic value for lmcut: 5
[t=0.001857s, 2632 KB] pruning method: none
[t=0.001872s, 2632 KB] New best heuristic value for lmcut: 3
[t=0.001875s, 2632 KB] g=1, 3 evaluated, 1 expanded
[t=0.001902s, 2632 KB] New best heuristic value for lmcut: 2
[t=0.001906s, 2632 KB] g=3, 12 evaluated, 5 expanded
[t=0.001911s, 2632 KB] New best heuristic value for lmcut: 1
[t=0.001914s, 2632 KB] g=4, 13 evaluated, 6 expanded
[t=0.001921s, 2632 KB] New best heuristic value for lmcut: 0
[t=0.001925s, 2632 KB] g=5, 16 evaluated, 7 expanded
[t=0.001927s, 2632 KB] Solution found!
[t=0.001930s, 2632 KB] Actual search time: 0.000071s
pick b1 rooma left (1)
pick b2 rooma right (1)
move rooma roomb (1)
drop b1 roomb left (1)
drop b2 roomb right (1)
[t=0.001934s, 2800 KB] Plan length: 5 step(s).
[t=0.001934s, 2800 KB] Plan cost: 5
[t=0.001934s, 2800 KB] Expanded 8 state(s).
[t=0.001934s, 2800 KB] Reopened 0 state(s).
[t=0.001934s, 2800 KB] Evaluated 16 state(s).
[t=0.001934s, 2800 KB] Evaluations: 16
[t=0.001934s, 2800 KB] Generated 22 state(s).
[t=0.001934s, 2800 KB] Dead ends: 0 state(s).
[t=0.001934s, 2800 KB] Expanded until last jump: 0 state(s).
[t=0.001934s, 2800 KB] Reopened until last jump: 0 state(s).
[t=0.001934s, 2800 KB] Evaluated until last jump: 1 state(s).
[t=0.001934s, 2800 KB] Generated until last jump: 0 state(s).
[t=0.001934s, 2800 KB] Number of registered states: 16
[t=0.001934s, 2800 KB] Int hash set load factor: 16/16 = 1.000000
[t=0.001934s, 2800 KB] Int hash set resizes: 4
[t=0.001934s, 2800 KB] Search time: 0.000145s
[t=0.001934s, 2800 KB] Total time: 0.001934s
Solution found.
Remove intermediate file output.sas
search exit code: 0

