INFO     planner time limit: None
INFO     planner memory limit: None

INFO     Running translator.
INFO     translator stdin: None
INFO     translator time limit: None
INFO     translator memory limit: None
INFO     translator command line string: 'D:\Miniforge3\python.exe' -m translate 'C:\Users\user\Desktop\theoria\.worktrees\e2-fd-ladder-bench\engine-rig\engines\fd_adapter\domain.pddl' 'C:\Users\user\Desktop\theoria\.worktrees\e2-fd-ladder-bench\engine-rig\runs\20260728T072633Z-E2-fd-ladder-bench\instances\gripper-05.pddl' --sas-file output.sas
Warning! SIGXCPU is not available on your platform. This means that the planner cannot be gracefully terminated when using a time limit, which, however, is probably supported on your platform anyway.
Parsing...
Parsing: [0.000s CPU, 0.001s wall-clock]
Normalizing task... [0.000s CPU, 0.000s wall-clock]
Instantiating...
Generating Datalog program... [0.000s CPU, 0.000s wall-clock]
Normalizing Datalog program...
Normalizing Datalog program: [0.000s CPU, 0.001s wall-clock]
Preparing model... [0.000s CPU, 0.000s wall-clock]
Generated 17 rules.
Computing model... [0.000s CPU, 0.000s wall-clock]
96 relevant atoms
50 auxiliary atoms
146 final queue length
194 total queue pushes
Completing instantiation... [0.000s CPU, 0.000s wall-clock]
Instantiating: [0.000s CPU, 0.002s wall-clock]
Computing fact groups...
Finding invariants...
10 initial candidates
Finding invariants: [0.000s CPU, 0.000s wall-clock]
Checking invariant weight... [0.000s CPU, 0.000s wall-clock]
Instantiating groups... [0.000s CPU, 0.000s wall-clock]
Collecting mutex groups... [0.000s CPU, 0.000s wall-clock]
Choosing groups...
0 uncovered facts
Choosing groups: [0.000s CPU, 0.000s wall-clock]
Building translation key... [0.000s CPU, 0.000s wall-clock]
Computing fact groups: [0.000s CPU, 0.001s wall-clock]
Building STRIPS to SAS dictionary... [0.000s CPU, 0.000s wall-clock]
Building dictionary for full mutex groups... [0.000s CPU, 0.000s wall-clock]
Building mutex information...
Building mutex information: [0.000s CPU, 0.000s wall-clock]
Translating task...
Processing axioms...
Simplifying axioms... [0.000s CPU, 0.000s wall-clock]
Translator axioms removed by simplifying: 0
Processing axioms: [0.000s CPU, 0.000s wall-clock]
Translating task: [0.000s CPU, 0.001s wall-clock]
0 effect conditions simplified
0 implied preconditions added
Detecting unreachable propositions...
0 operators removed
0 axioms removed
3 propositions removed
Detecting unreachable propositions: [0.000s CPU, 0.000s wall-clock]
Reordering and filtering variables...
8 of 8 variables necessary.
5 of 8 mutex groups necessary.
42 of 42 operators necessary.
0 of 0 axiom rules necessary.
Reordering and filtering variables: [0.000s CPU, 0.000s wall-clock]
Translator variables: 8
Translator derived variables: 0
Translator facts: 29
Translator goal facts: 5
Translator mutex groups: 5
Translator total mutex groups size: 20
Translator operators: 42
Translator axioms: 0
Translator task size: 288
warning: could not determine peak memory
Writing output... [0.000s CPU, 0.007s wall-clock]
Done! [0.000s CPU, 0.012s wall-clock]
translate exit code: 0

INFO     Running search (release).
INFO     search stdin: output.sas
INFO     search time limit: None
INFO     search memory limit: None
INFO     search command line string: 'C:\Users\user\Desktop\theoria\.worktrees\p13\engine-rig\.toolchain\downward\builds\release\bin\downward.exe' --search 'let(hlm,eval_modify_costs(landmark_sum(lm_factory=lm_reasonable_orders_hps(lm_rhw()),pref=false),cost_type=one),let(hff,eval_modify_costs(ff(),cost_type=one),lazy_greedy([hff,hlm],preferred=[hff,hlm],cost_type=one,reopen_closed=false)))' --internal-plan-file 'C:\Users\user\AppData\Local\Temp\tmph2r196tg\sas_plan' < output.sas
[t=0.000151s, 1964 KB] Search code revision: 7120aa0
[t=0.000240s, 1964 KB] reading input...
[t=0.000669s, 2076 KB] done reading input!
[t=0.002182s, 2696 KB] Simplifying 82 unary operators... done! [82 unary operators]
[t=0.002240s, 2732 KB] time to simplify: 0.000060s
[t=0.002254s, 2732 KB] Initializing additive heuristic...
[t=0.002258s, 2740 KB] Initializing FF heuristic...
[t=0.002283s, 2740 KB] Initializing landmark sum heuristic...
[t=0.002288s, 2740 KB] Generating landmark graph...
[t=0.002299s, 2740 KB] Building a landmark graph with reasonable orders.
[t=0.002306s, 2744 KB] Initializing Exploration...
[t=0.002324s, 2744 KB] Generating landmarks using the RPG/SAS+ approach
[t=0.002461s, 2764 KB] Landmarks generation time: 0.000161s
[t=0.002468s, 2764 KB] Discovered 17 landmarks, of which 5 are disjunctive and 0 are conjunctive.
[t=0.002470s, 2764 KB] There are 26 landmark orderings.
[t=0.002475s, 2764 KB] approx. reasonable orders
[t=0.002493s, 2764 KB] Landmarks generation time: 0.000204s
[t=0.002497s, 2764 KB] Discovered 17 landmarks, of which 5 are disjunctive and 0 are conjunctive.
[t=0.002499s, 2764 KB] There are 26 landmark orderings.
[t=0.002501s, 2764 KB] Landmark graph generation time: 0.000215s
[t=0.002506s, 2764 KB] Landmark graph contains 17 landmarks, of which 5 are disjunctive and 0 are conjunctive.
[t=0.002509s, 2764 KB] Landmark graph contains 26 orderings.
[t=0.002547s, 2812 KB] Building successor generator... done!
[t=0.002578s, 2812 KB] peak memory difference for successor generator creation: 0 KB
[t=0.002580s, 2812 KB] time for successor generation creation: 0.000022s
[t=0.002586s, 2812 KB] Variables: 8
[t=0.002588s, 2812 KB] FactPairs: 29
[t=0.002592s, 2812 KB] Bytes per state: 4
[t=0.002612s, 2844 KB] Conducting lazy best first search, (real) bound = 2147483647
[t=0.002669s, 2988 KB] New best heuristic value for landmark_sum_heuristic: 11
[t=0.002674s, 2988 KB] New best heuristic value for ff: 11
[t=0.002676s, 2988 KB] g=0, 1 evaluated, 0 expanded
[t=0.002687s, 2988 KB] Initial heuristic value for landmark_sum_heuristic: 11
[t=0.002690s, 2988 KB] Initial heuristic value for ff: 11
[t=0.002701s, 2988 KB] New best heuristic value for landmark_sum_heuristic: 10
[t=0.002709s, 2988 KB] New best heuristic value for ff: 10
[t=0.002711s, 2988 KB] g=1, 3 evaluated, 2 expanded
[t=0.002727s, 2988 KB] New best heuristic value for landmark_sum_heuristic: 9
[t=0.002732s, 2988 KB] g=2, 5 evaluated, 4 expanded
[t=0.002738s, 2988 KB] New best heuristic value for ff: 9
[t=0.002741s, 2988 KB] g=3, 6 evaluated, 5 expanded
[t=0.002767s, 3028 KB] New best heuristic value for landmark_sum_heuristic: 8
[t=0.002772s, 3028 KB] New best heuristic value for ff: 8
[t=0.002774s, 3028 KB] g=4, 8 evaluated, 7 expanded
[t=0.002784s, 3028 KB] New best heuristic value for landmark_sum_heuristic: 7
[t=0.002787s, 3028 KB] New best heuristic value for ff: 7
[t=0.002790s, 3028 KB] g=5, 10 evaluated, 9 expanded
[t=0.002800s, 3028 KB] New best heuristic value for landmark_sum_heuristic: 6
[t=0.002804s, 3028 KB] New best heuristic value for ff: 6
[t=0.002806s, 3028 KB] g=7, 12 evaluated, 11 expanded
[t=0.002815s, 3028 KB] New best heuristic value for landmark_sum_heuristic: 5
[t=0.002818s, 3028 KB] g=8, 14 evaluated, 13 expanded
[t=0.002824s, 3028 KB] New best heuristic value for ff: 5
[t=0.002826s, 3028 KB] g=9, 15 evaluated, 14 expanded
[t=0.002835s, 3040 KB] New best heuristic value for landmark_sum_heuristic: 4
[t=0.002840s, 3040 KB] New best heuristic value for ff: 4
[t=0.002842s, 3040 KB] g=10, 17 evaluated, 16 expanded
[t=0.002851s, 3040 KB] New best heuristic value for landmark_sum_heuristic: 3
[t=0.002854s, 3040 KB] New best heuristic value for ff: 3
[t=0.002856s, 3040 KB] g=11, 19 evaluated, 18 expanded
[t=0.002869s, 3040 KB] New best heuristic value for landmark_sum_heuristic: 2
[t=0.002873s, 3040 KB] New best heuristic value for ff: 2
[t=0.002875s, 3040 KB] g=13, 21 evaluated, 20 expanded
[t=0.002880s, 3040 KB] New best heuristic value for landmark_sum_heuristic: 1
[t=0.002882s, 3040 KB] New best heuristic value for ff: 1
[t=0.002884s, 3040 KB] g=14, 22 evaluated, 21 expanded
[t=0.002894s, 3060 KB] Solution found!
[t=0.002899s, 3060 KB] Actual search time: 0.000253s
pick b1 rooma left (1)
pick b2 rooma right (1)
move rooma roomb (1)
drop b1 roomb left (1)
drop b2 roomb right (1)
move roomb rooma (1)
pick b3 rooma left (1)
pick b4 rooma right (1)
move rooma roomb (1)
drop b3 roomb left (1)
drop b4 roomb right (1)
move roomb rooma (1)
pick b5 rooma left (1)
move rooma roomb (1)
drop b5 roomb left (1)
[t=0.002902s, 3072 KB] Plan length: 15 step(s).
[t=0.002902s, 3072 KB] Plan cost: 15
[t=0.002902s, 3072 KB] Expanded 22 state(s).
[t=0.002902s, 3072 KB] Reopened 0 state(s).
[t=0.002902s, 3072 KB] Evaluated 23 state(s).
[t=0.002902s, 3072 KB] Evaluations: 46
[t=0.002902s, 3072 KB] Generated 98 state(s).
[t=0.002902s, 3072 KB] Dead ends: 0 state(s).
[t=0.002902s, 3072 KB] Number of registered states: 23
[t=0.002902s, 3072 KB] Int hash set load factor: 23/32 = 0.718750
[t=0.002902s, 3072 KB] Int hash set resizes: 5
[t=0.002902s, 3072 KB] Search time: 0.000291s
[t=0.002902s, 3072 KB] Total time: 0.002902s
Solution found.
Remove intermediate file output.sas
search exit code: 0

