INFO     planner time limit: None
INFO     planner memory limit: None

INFO     Running translator.
INFO     translator stdin: None
INFO     translator time limit: None
INFO     translator memory limit: None
INFO     translator command line string: 'D:\Miniforge3\python.exe' -m translate 'C:\Users\user\Desktop\theoria\.worktrees\e2-fd-ladder-bench\engine-rig\engines\fd_adapter\domain.pddl' 'C:\Users\user\Desktop\theoria\.worktrees\e2-fd-ladder-bench\engine-rig\runs\20260728T072633Z-E2-fd-ladder-bench\instances\gripper-03.pddl' --sas-file output.sas
Warning! SIGXCPU is not available on your platform. This means that the planner cannot be gracefully terminated when using a time limit, which, however, is probably supported on your platform anyway.
Parsing...
Parsing: [0.000s CPU, 0.001s wall-clock]
Normalizing task... [0.000s CPU, 0.000s wall-clock]
Instantiating...
Generating Datalog program... [0.016s CPU, 0.000s wall-clock]
Normalizing Datalog program...
Normalizing Datalog program: [0.000s CPU, 0.001s wall-clock]
Preparing model... [0.000s CPU, 0.000s wall-clock]
Generated 17 rules.
Computing model... [0.000s CPU, 0.000s wall-clock]
66 relevant atoms
34 auxiliary atoms
100 final queue length
130 total queue pushes
Completing instantiation... [0.000s CPU, 0.000s wall-clock]
Instantiating: [0.016s CPU, 0.001s wall-clock]
Computing fact groups...
Finding invariants...
10 initial candidates
Finding invariants: [0.000s CPU, 0.000s wall-clock]
Checking invariant weight... [0.000s CPU, 0.000s wall-clock]
Instantiating groups... [0.000s CPU, 0.000s wall-clock]
Collecting mutex groups... [0.000s CPU, 0.000s wall-clock]
Choosing groups...
0 uncovered facts
Choosing groups: [0.000s CPU, 0.000s wall-clock]
Building translation key... [0.000s CPU, 0.000s wall-clock]
Computing fact groups: [0.000s CPU, 0.001s wall-clock]
Building STRIPS to SAS dictionary... [0.000s CPU, 0.000s wall-clock]
Building dictionary for full mutex groups... [0.000s CPU, 0.000s wall-clock]
Building mutex information...
Building mutex information: [0.000s CPU, 0.000s wall-clock]
Translating task...
Processing axioms...
Simplifying axioms... [0.000s CPU, 0.000s wall-clock]
Translator axioms removed by simplifying: 0
Processing axioms: [0.000s CPU, 0.000s wall-clock]
Translating task: [0.000s CPU, 0.000s wall-clock]
0 effect conditions simplified
0 implied preconditions added
Detecting unreachable propositions...
0 operators removed
0 axioms removed
3 propositions removed
Detecting unreachable propositions: [0.000s CPU, 0.000s wall-clock]
Reordering and filtering variables...
6 of 6 variables necessary.
3 of 6 mutex groups necessary.
26 of 26 operators necessary.
0 of 0 axiom rules necessary.
Reordering and filtering variables: [0.000s CPU, 0.000s wall-clock]
Translator variables: 6
Translator derived variables: 0
Translator facts: 19
Translator goal facts: 3
Translator mutex groups: 3
Translator total mutex groups size: 12
Translator operators: 26
Translator axioms: 0
Translator task size: 178
warning: could not determine peak memory
Writing output... [0.000s CPU, 0.007s wall-clock]
Done! [0.016s CPU, 0.011s wall-clock]
translate exit code: 0

INFO     Running search (release).
INFO     search stdin: output.sas
INFO     search time limit: None
INFO     search memory limit: None
INFO     search command line string: 'C:\Users\user\Desktop\theoria\.worktrees\p13\engine-rig\.toolchain\downward\builds\release\bin\downward.exe' --search 'astar(lmcut())' --internal-plan-file 'C:\Users\user\AppData\Local\Temp\tmpzxpky3ck\sas_plan' < output.sas
[t=0.000148s, 1968 KB] Search code revision: 7120aa0
[t=0.000240s, 1976 KB] reading input...
[t=0.000557s, 2052 KB] done reading input!
[t=0.001739s, 2580 KB] Initializing landmark cut heuristic...
[t=0.001771s, 2580 KB] Building successor generator... done!
[t=0.001802s, 2588 KB] peak memory difference for successor generator creation: 8 KB
[t=0.001804s, 2588 KB] time for successor generation creation: 0.000024s
[t=0.001810s, 2588 KB] Variables: 6
[t=0.001814s, 2588 KB] FactPairs: 19
[t=0.001817s, 2588 KB] Bytes per state: 4
[t=0.001831s, 2588 KB] Conducting best first search with reopening closed nodes, (real) bound = 2147483647
[t=0.001870s, 2612 KB] New best heuristic value for lmcut: 7
[t=0.001874s, 2612 KB] g=0, 1 evaluated, 0 expanded
[t=0.001884s, 2612 KB] f = 7, 1 evaluated, 0 expanded
[t=0.001894s, 2624 KB] Initial heuristic value for lmcut: 7
[t=0.001898s, 2624 KB] pruning method: none
[t=0.001915s, 2624 KB] New best heuristic value for lmcut: 5
[t=0.001919s, 2624 KB] g=1, 3 evaluated, 1 expanded
[t=0.001979s, 2624 KB] New best heuristic value for lmcut: 4
[t=0.001983s, 2624 KB] g=3, 20 evaluated, 7 expanded
[t=0.001989s, 2624 KB] New best heuristic value for lmcut: 3
[t=0.001993s, 2624 KB] g=4, 21 evaluated, 8 expanded
[t=0.002112s, 2700 KB] f = 8, 56 evaluated, 37 expanded
[t=0.002208s, 2708 KB] f = 9, 68 evaluated, 50 expanded
[t=0.002217s, 2708 KB] New best heuristic value for lmcut: 2
[t=0.002219s, 2708 KB] g=7, 69 evaluated, 51 expanded
[t=0.002224s, 2708 KB] New best heuristic value for lmcut: 1
[t=0.002226s, 2708 KB] g=8, 70 evaluated, 52 expanded
[t=0.002236s, 2708 KB] New best heuristic value for lmcut: 0
[t=0.002241s, 2708 KB] g=9, 74 evaluated, 53 expanded
[t=0.002244s, 2708 KB] Solution found!
[t=0.002247s, 2708 KB] Actual search time: 0.000347s
pick b1 rooma left (1)
pick b2 rooma right (1)
move rooma roomb (1)
drop b1 roomb left (1)
move roomb rooma (1)
pick b3 rooma left (1)
move rooma roomb (1)
drop b3 roomb left (1)
drop b2 roomb right (1)
[t=0.002252s, 2792 KB] Plan length: 9 step(s).
[t=0.002252s, 2792 KB] Plan cost: 9
[t=0.002252s, 2792 KB] Expanded 54 state(s).
[t=0.002252s, 2792 KB] Reopened 0 state(s).
[t=0.002252s, 2792 KB] Evaluated 74 state(s).
[t=0.002252s, 2792 KB] Evaluations: 74
[t=0.002252s, 2792 KB] Generated 168 state(s).
[t=0.002252s, 2792 KB] Dead ends: 0 state(s).
[t=0.002252s, 2792 KB] Expanded until last jump: 50 state(s).
[t=0.002252s, 2792 KB] Reopened until last jump: 0 state(s).
[t=0.002252s, 2792 KB] Evaluated until last jump: 68 state(s).
[t=0.002252s, 2792 KB] Generated until last jump: 158 state(s).
[t=0.002252s, 2792 KB] Number of registered states: 74
[t=0.002252s, 2792 KB] Int hash set load factor: 74/128 = 0.578125
[t=0.002252s, 2792 KB] Int hash set resizes: 7
[t=0.002252s, 2792 KB] Search time: 0.000423s
[t=0.002252s, 2792 KB] Total time: 0.002252s
Solution found.
Remove intermediate file output.sas
search exit code: 0

