INFO     planner time limit: None
INFO     planner memory limit: None

INFO     Running translator.
INFO     translator stdin: None
INFO     translator time limit: None
INFO     translator memory limit: None
INFO     translator command line string: 'D:\Miniforge3\python.exe' -m translate 'C:\Users\user\Desktop\theoria\.worktrees\e2-fd-ladder-bench\engine-rig\engines\fd_adapter\domain.pddl' 'C:\Users\user\Desktop\theoria\.worktrees\e2-fd-ladder-bench\engine-rig\runs\20260728T072633Z-E2-fd-ladder-bench\instances\gripper-03.pddl' --sas-file output.sas
Warning! SIGXCPU is not available on your platform. This means that the planner cannot be gracefully terminated when using a time limit, which, however, is probably supported on your platform anyway.
Parsing...
Parsing: [0.000s CPU, 0.001s wall-clock]
Normalizing task... [0.000s CPU, 0.000s wall-clock]
Instantiating...
Generating Datalog program... [0.000s CPU, 0.000s wall-clock]
Normalizing Datalog program...
Normalizing Datalog program: [0.000s CPU, 0.001s wall-clock]
Preparing model... [0.000s CPU, 0.000s wall-clock]
Generated 17 rules.
Computing model... [0.000s CPU, 0.000s wall-clock]
66 relevant atoms
34 auxiliary atoms
100 final queue length
130 total queue pushes
Completing instantiation... [0.000s CPU, 0.000s wall-clock]
Instantiating: [0.000s CPU, 0.001s wall-clock]
Computing fact groups...
Finding invariants...
10 initial candidates
Finding invariants: [0.000s CPU, 0.000s wall-clock]
Checking invariant weight... [0.000s CPU, 0.000s wall-clock]
Instantiating groups... [0.000s CPU, 0.000s wall-clock]
Collecting mutex groups... [0.000s CPU, 0.000s wall-clock]
Choosing groups...
0 uncovered facts
Choosing groups: [0.000s CPU, 0.000s wall-clock]
Building translation key... [0.000s CPU, 0.000s wall-clock]
Computing fact groups: [0.000s CPU, 0.001s wall-clock]
Building STRIPS to SAS dictionary... [0.000s CPU, 0.000s wall-clock]
Building dictionary for full mutex groups... [0.000s CPU, 0.000s wall-clock]
Building mutex information...
Building mutex information: [0.000s CPU, 0.000s wall-clock]
Translating task...
Processing axioms...
Simplifying axioms... [0.000s CPU, 0.000s wall-clock]
Translator axioms removed by simplifying: 0
Processing axioms: [0.000s CPU, 0.000s wall-clock]
Translating task: [0.000s CPU, 0.000s wall-clock]
0 effect conditions simplified
0 implied preconditions added
Detecting unreachable propositions...
0 operators removed
0 axioms removed
3 propositions removed
Detecting unreachable propositions: [0.000s CPU, 0.000s wall-clock]
Reordering and filtering variables...
6 of 6 variables necessary.
3 of 6 mutex groups necessary.
26 of 26 operators necessary.
0 of 0 axiom rules necessary.
Reordering and filtering variables: [0.000s CPU, 0.000s wall-clock]
Translator variables: 6
Translator derived variables: 0
Translator facts: 19
Translator goal facts: 3
Translator mutex groups: 3
Translator total mutex groups size: 12
Translator operators: 26
Translator axioms: 0
Translator task size: 178
warning: could not determine peak memory
Writing output... [0.000s CPU, 0.006s wall-clock]
Done! [0.000s CPU, 0.010s wall-clock]
translate exit code: 0

INFO     Running search (release).
INFO     search stdin: output.sas
INFO     search time limit: None
INFO     search memory limit: None
INFO     search command line string: 'C:\Users\user\Desktop\theoria\.worktrees\p13\engine-rig\.toolchain\downward\builds\release\bin\downward.exe' --search 'let(hlm,eval_modify_costs(landmark_sum(lm_factory=lm_reasonable_orders_hps(lm_rhw()),pref=false),cost_type=one),let(hff,eval_modify_costs(ff(),cost_type=one),lazy_greedy([hff,hlm],preferred=[hff,hlm],cost_type=one,reopen_closed=false)))' --internal-plan-file 'C:\Users\user\AppData\Local\Temp\tmpoubdf7jj\sas_plan' < output.sas
[t=0.000144s, 1972 KB] Search code revision: 7120aa0
[t=0.000242s, 1972 KB] reading input...
[t=0.000557s, 2096 KB] done reading input!
[t=0.002102s, 2700 KB] Simplifying 50 unary operators... done! [50 unary operators]
[t=0.002131s, 2700 KB] time to simplify: 0.000031s
[t=0.002145s, 2712 KB] Initializing additive heuristic...
[t=0.002150s, 2712 KB] Initializing FF heuristic...
[t=0.002172s, 2712 KB] Initializing landmark sum heuristic...
[t=0.002177s, 2712 KB] Generating landmark graph...
[t=0.002188s, 2712 KB] Building a landmark graph with reasonable orders.
[t=0.002196s, 2712 KB] Initializing Exploration...
[t=0.002211s, 2712 KB] Generating landmarks using the RPG/SAS+ approach
[t=0.002312s, 2740 KB] Landmarks generation time: 0.000122s
[t=0.002318s, 2740 KB] Discovered 11 landmarks, of which 3 are disjunctive and 0 are conjunctive.
[t=0.002320s, 2740 KB] There are 16 landmark orderings.
[t=0.002325s, 2740 KB] approx. reasonable orders
[t=0.002335s, 2740 KB] Landmarks generation time: 0.000157s
[t=0.002340s, 2740 KB] Discovered 11 landmarks, of which 3 are disjunctive and 0 are conjunctive.
[t=0.002342s, 2740 KB] There are 16 landmark orderings.
[t=0.002344s, 2740 KB] Landmark graph generation time: 0.000168s
[t=0.002348s, 2740 KB] Landmark graph contains 11 landmarks, of which 3 are disjunctive and 0 are conjunctive.
[t=0.002350s, 2740 KB] Landmark graph contains 16 orderings.
[t=0.002380s, 2768 KB] Building successor generator... done!
[t=0.002407s, 2772 KB] peak memory difference for successor generator creation: 4 KB
[t=0.002410s, 2772 KB] time for successor generation creation: 0.000020s
[t=0.002415s, 2800 KB] Variables: 6
[t=0.002418s, 2800 KB] FactPairs: 19
[t=0.002420s, 2800 KB] Bytes per state: 4
[t=0.002445s, 2808 KB] Conducting lazy best first search, (real) bound = 2147483647
[t=0.002492s, 2852 KB] New best heuristic value for landmark_sum_heuristic: 7
[t=0.002497s, 2852 KB] New best heuristic value for ff: 7
[t=0.002499s, 2852 KB] g=0, 1 evaluated, 0 expanded
[t=0.002507s, 2852 KB] Initial heuristic value for landmark_sum_heuristic: 7
[t=0.002510s, 2852 KB] Initial heuristic value for ff: 7
[t=0.002528s, 2852 KB] New best heuristic value for landmark_sum_heuristic: 6
[t=0.002532s, 2852 KB] New best heuristic value for ff: 6
[t=0.002534s, 2852 KB] g=1, 3 evaluated, 2 expanded
[t=0.002551s, 2864 KB] New best heuristic value for landmark_sum_heuristic: 5
[t=0.002555s, 2864 KB] g=2, 5 evaluated, 4 expanded
[t=0.002561s, 2864 KB] New best heuristic value for ff: 5
[t=0.002563s, 2864 KB] g=3, 6 evaluated, 5 expanded
[t=0.002572s, 2864 KB] New best heuristic value for landmark_sum_heuristic: 4
[t=0.002576s, 2864 KB] New best heuristic value for ff: 4
[t=0.002578s, 2864 KB] g=4, 8 evaluated, 7 expanded
[t=0.002592s, 2884 KB] New best heuristic value for landmark_sum_heuristic: 3
[t=0.002596s, 2884 KB] New best heuristic value for ff: 3
[t=0.002597s, 2884 KB] g=5, 10 evaluated, 9 expanded
[t=0.002606s, 2884 KB] New best heuristic value for landmark_sum_heuristic: 2
[t=0.002610s, 2884 KB] New best heuristic value for ff: 2
[t=0.002612s, 2884 KB] g=7, 12 evaluated, 11 expanded
[t=0.002617s, 2884 KB] New best heuristic value for landmark_sum_heuristic: 1
[t=0.002619s, 2884 KB] New best heuristic value for ff: 1
[t=0.002621s, 2884 KB] g=8, 13 evaluated, 12 expanded
[t=0.002626s, 2884 KB] Solution found!
[t=0.002631s, 2884 KB] Actual search time: 0.000163s
pick b1 rooma left (1)
pick b2 rooma right (1)
move rooma roomb (1)
drop b1 roomb left (1)
drop b2 roomb right (1)
move roomb rooma (1)
pick b3 rooma left (1)
move rooma roomb (1)
drop b3 roomb left (1)
[t=0.002633s, 2908 KB] Plan length: 9 step(s).
[t=0.002633s, 2908 KB] Plan cost: 9
[t=0.002633s, 2908 KB] Expanded 13 state(s).
[t=0.002633s, 2908 KB] Reopened 0 state(s).
[t=0.002633s, 2908 KB] Evaluated 14 state(s).
[t=0.002633s, 2908 KB] Evaluations: 28
[t=0.002633s, 2908 KB] Generated 44 state(s).
[t=0.002633s, 2908 KB] Dead ends: 0 state(s).
[t=0.002633s, 2908 KB] Number of registered states: 14
[t=0.002633s, 2908 KB] Int hash set load factor: 14/16 = 0.875000
[t=0.002633s, 2908 KB] Int hash set resizes: 4
[t=0.002633s, 2908 KB] Search time: 0.000191s
[t=0.002633s, 2908 KB] Total time: 0.002633s
Solution found.
Remove intermediate file output.sas
search exit code: 0

