INFO     planner time limit: None
INFO     planner memory limit: None

INFO     Running translator.
INFO     translator stdin: None
INFO     translator time limit: None
INFO     translator memory limit: None
INFO     translator command line string: 'D:\Miniforge3\python.exe' -m translate 'C:\Users\user\Desktop\theoria\.worktrees\e2-fd-ladder-bench\engine-rig\engines\fd_adapter\domain.pddl' 'C:\Users\user\Desktop\theoria\.worktrees\e2-fd-ladder-bench\engine-rig\runs\20260728T072633Z-E2-fd-ladder-bench\instances\gripper-08.pddl' --sas-file output.sas
Warning! SIGXCPU is not available on your platform. This means that the planner cannot be gracefully terminated when using a time limit, which, however, is probably supported on your platform anyway.
Parsing...
Parsing: [0.000s CPU, 0.001s wall-clock]
Normalizing task... [0.000s CPU, 0.000s wall-clock]
Instantiating...
Generating Datalog program... [0.000s CPU, 0.000s wall-clock]
Normalizing Datalog program...
Normalizing Datalog program: [0.000s CPU, 0.001s wall-clock]
Preparing model... [0.000s CPU, 0.000s wall-clock]
Generated 17 rules.
Computing model... [0.000s CPU, 0.000s wall-clock]
141 relevant atoms
74 auxiliary atoms
215 final queue length
290 total queue pushes
Completing instantiation... [0.000s CPU, 0.001s wall-clock]
Instantiating: [0.000s CPU, 0.002s wall-clock]
Computing fact groups...
Finding invariants...
10 initial candidates
Finding invariants: [0.000s CPU, 0.000s wall-clock]
Checking invariant weight... [0.000s CPU, 0.000s wall-clock]
Instantiating groups... [0.000s CPU, 0.000s wall-clock]
Collecting mutex groups... [0.000s CPU, 0.000s wall-clock]
Choosing groups...
0 uncovered facts
Choosing groups: [0.000s CPU, 0.000s wall-clock]
Building translation key... [0.000s CPU, 0.000s wall-clock]
Computing fact groups: [0.000s CPU, 0.001s wall-clock]
Building STRIPS to SAS dictionary... [0.000s CPU, 0.000s wall-clock]
Building dictionary for full mutex groups... [0.000s CPU, 0.000s wall-clock]
Building mutex information...
Building mutex information: [0.000s CPU, 0.000s wall-clock]
Translating task...
Processing axioms...
Simplifying axioms... [0.000s CPU, 0.000s wall-clock]
Translator axioms removed by simplifying: 0
Processing axioms: [0.000s CPU, 0.000s wall-clock]
Translating task: [0.000s CPU, 0.001s wall-clock]
0 effect conditions simplified
0 implied preconditions added
Detecting unreachable propositions...
0 operators removed
0 axioms removed
3 propositions removed
Detecting unreachable propositions: [0.000s CPU, 0.000s wall-clock]
Reordering and filtering variables...
11 of 11 variables necessary.
8 of 11 mutex groups necessary.
66 of 66 operators necessary.
0 of 0 axiom rules necessary.
Reordering and filtering variables: [0.000s CPU, 0.000s wall-clock]
Translator variables: 11
Translator derived variables: 0
Translator facts: 44
Translator goal facts: 8
Translator mutex groups: 8
Translator total mutex groups size: 32
Translator operators: 66
Translator axioms: 0
Translator task size: 453
warning: could not determine peak memory
Writing output... [0.000s CPU, 0.008s wall-clock]
Done! [0.000s CPU, 0.013s wall-clock]
translate exit code: 0

INFO     Running search (release).
INFO     search stdin: output.sas
INFO     search time limit: None
INFO     search memory limit: None
INFO     search command line string: 'C:\Users\user\Desktop\theoria\.worktrees\p13\engine-rig\.toolchain\downward\builds\release\bin\downward.exe' --search 'astar(ipdb())' --internal-plan-file 'C:\Users\user\AppData\Local\Temp\tmp58jdorc3\sas_plan' < output.sas
[t=0.000142s, 1956 KB] Search code revision: 7120aa0
[t=0.000240s, 1956 KB] reading input...
[t=0.000872s, 2208 KB] done reading input!
[t=0.002157s, 2788 KB] Initializing canonical PDB heuristic...
[t=0.002167s, 2788 KB] Generating patterns using: hill climbing pattern collection generator
[t=0.002266s, 2800 KB] Done calculating initial pattern collection: 0.000097s
[t=0.002279s, 2800 KB] Average operator cost: 1.000000
[t=0.002285s, 2800 KB] Building causal graph... done!
[t=0.002658s, 2880 KB] Done calculating initial candidate PDBs
[t=0.006512s, 3112 KB] found a better pattern with improvement 584
[t=0.011420s, 3112 KB] found a better pattern with improvement 69
[t=0.016557s, 3112 KB] Improvement below threshold. Stop hill climbing.
[t=0.016564s, 3112 KB] Hill climbing iterations: 3
[t=0.016567s, 3112 KB] Hill climbing generated patterns: 41
[t=0.016569s, 3112 KB] Hill climbing rejected patterns: 0
[t=0.016571s, 3112 KB] Hill climbing maximum PDB size: 54
[t=0.016573s, 3112 KB] Hill climbing time: 0.014296s
[t=0.016634s, 3112 KB] hill climbing pattern collection generator number of patterns: 10
[t=0.016642s, 3112 KB] hill climbing pattern collection generator total PDB size: 36
[t=0.016644s, 3112 KB] hill climbing pattern collection generator computation time: 0.014464s
[t=0.016648s, 3112 KB] Running dominance pruning...
[t=0.016653s, 3112 KB] Pruned 1 of 3 pattern cliques
[t=0.016655s, 3112 KB] Pruned 0 of 10 PDBs
[t=0.016658s, 3112 KB] Dominance pruning took 0.000008s
[t=0.016662s, 3112 KB] Canonical PDB heuristic number of patterns: 10
[t=0.016664s, 3112 KB] Canonical PDB heuristic total PDB size: 36
[t=0.016666s, 3112 KB] Canonical PDB heuristic computation time: 0.014505s
[t=0.016689s, 3112 KB] Building successor generator... done!
[t=0.016715s, 3112 KB] peak memory difference for successor generator creation: 0 KB
[t=0.016717s, 3112 KB] time for successor generation creation: 0.000016s
[t=0.016722s, 3112 KB] Variables: 11
[t=0.016726s, 3112 KB] FactPairs: 44
[t=0.016728s, 3112 KB] Bytes per state: 4
[t=0.016736s, 3112 KB] Conducting best first search with reopening closed nodes, (real) bound = 2147483647
[t=0.016749s, 3112 KB] New best heuristic value for cpdbs: 9
[t=0.016753s, 3112 KB] g=0, 1 evaluated, 0 expanded
[t=0.016770s, 3112 KB] f = 9, 1 evaluated, 0 expanded
[t=0.016779s, 3112 KB] Initial heuristic value for cpdbs: 9
[t=0.016783s, 3112 KB] pruning method: none
[t=0.016790s, 3112 KB] New best heuristic value for cpdbs: 8
[t=0.016793s, 3112 KB] g=1, 2 evaluated, 1 expanded
[t=0.016807s, 3112 KB] f = 10, 18 evaluated, 2 expanded
[t=0.016817s, 3112 KB] New best heuristic value for cpdbs: 7
[t=0.016821s, 3112 KB] g=3, 27 evaluated, 4 expanded
[t=0.016890s, 3112 KB] f = 11, 106 evaluated, 42 expanded
[t=0.016898s, 3112 KB] New best heuristic value for cpdbs: 6
[t=0.016902s, 3112 KB] g=5, 111 evaluated, 45 expanded
[t=0.017231s, 3112 KB] f = 12, 442 evaluated, 294 expanded
[t=0.017250s, 3112 KB] f = 13, 454 evaluated, 303 expanded
[t=0.017750s, 3112 KB] f = 14, 1156 evaluated, 454 expanded
[t=0.017755s, 3112 KB] New best heuristic value for cpdbs: 5
[t=0.017757s, 3112 KB] g=9, 1157 evaluated, 455 expanded
[t=0.019495s, 3112 KB] f = 15, 2768 evaluated, 1872 expanded
[t=0.019538s, 3112 KB] New best heuristic value for cpdbs: 4
[t=0.019544s, 3112 KB] g=11, 2833 evaluated, 1880 expanded
[t=0.022072s, 3192 KB] f = 16, 4838 evaluated, 4158 expanded
[t=0.022282s, 3192 KB] f = 17, 5078 evaluated, 4283 expanded
[t=0.023602s, 3336 KB] f = 18, 6938 evaluated, 5078 expanded
[t=0.023610s, 3336 KB] New best heuristic value for cpdbs: 3
[t=0.023613s, 3336 KB] g=15, 6939 evaluated, 5079 expanded
[t=0.027031s, 3468 KB] f = 19, 9330 evaluated, 8434 expanded
[t=0.027113s, 3468 KB] New best heuristic value for cpdbs: 2
[t=0.027119s, 3468 KB] g=17, 9455 evaluated, 8456 expanded
[t=0.028936s, 3736 KB] f = 20, 10718 evaluated, 10318 expanded
[t=0.029136s, 3736 KB] f = 21, 10898 evaluated, 10489 expanded
[t=0.029564s, 3736 KB] f = 22, 11376 evaluated, 10898 expanded
[t=0.029572s, 3736 KB] New best heuristic value for cpdbs: 1
[t=0.029574s, 3736 KB] g=21, 11377 evaluated, 10899 expanded
[t=0.030194s, 3736 KB] f = 23, 11716 evaluated, 11652 expanded
[t=0.030214s, 3736 KB] New best heuristic value for cpdbs: 0
[t=0.030218s, 3736 KB] g=23, 11733 evaluated, 11660 expanded
[t=0.030221s, 3736 KB] Solution found!
[t=0.030224s, 3736 KB] Actual search time: 0.013440s
pick b2 rooma left (1)
pick b7 rooma right (1)
move rooma roomb (1)
drop b2 roomb left (1)
drop b7 roomb right (1)
move roomb rooma (1)
pick b1 rooma left (1)
pick b3 rooma right (1)
move rooma roomb (1)
drop b1 roomb left (1)
drop b3 roomb right (1)
move roomb rooma (1)
pick b4 rooma left (1)
pick b5 rooma right (1)
move rooma roomb (1)
drop b4 roomb left (1)
drop b5 roomb right (1)
move roomb rooma (1)
pick b6 rooma left (1)
pick b8 rooma right (1)
move rooma roomb (1)
drop b6 roomb left (1)
drop b8 roomb right (1)
[t=0.030227s, 3736 KB] Plan length: 23 step(s).
[t=0.030227s, 3736 KB] Plan cost: 23
[t=0.030227s, 3736 KB] Expanded 11661 state(s).
[t=0.030227s, 3736 KB] Reopened 0 state(s).
[t=0.030227s, 3736 KB] Evaluated 11733 state(s).
[t=0.030227s, 3736 KB] Evaluations: 11733
[t=0.030227s, 3736 KB] Generated 48206 state(s).
[t=0.030227s, 3736 KB] Dead ends: 0 state(s).
[t=0.030227s, 3736 KB] Expanded until last jump: 11652 state(s).
[t=0.030227s, 3736 KB] Reopened until last jump: 0 state(s).
[t=0.030227s, 3736 KB] Evaluated until last jump: 11716 state(s).
[t=0.030227s, 3736 KB] Generated until last jump: 48176 state(s).
[t=0.030227s, 3736 KB] Number of registered states: 11733
[t=0.030227s, 3736 KB] Int hash set load factor: 11733/16384 = 0.716125
[t=0.030227s, 3736 KB] Int hash set resizes: 14
[t=0.030227s, 3736 KB] Search time: 0.013493s
[t=0.030227s, 3736 KB] Total time: 0.030227s
Solution found.
Remove intermediate file output.sas
search exit code: 0

