INFO     planner time limit: None
INFO     planner memory limit: None

INFO     Running translator.
INFO     translator stdin: None
INFO     translator time limit: None
INFO     translator memory limit: None
INFO     translator command line string: 'D:\Miniforge3\python.exe' -m translate 'C:\Users\user\Desktop\theoria\.worktrees\e2-fd-ladder-bench\engine-rig\engines\fd_adapter\domain.pddl' 'C:\Users\user\Desktop\theoria\.worktrees\e2-fd-ladder-bench\engine-rig\runs\20260728T072633Z-E2-fd-ladder-bench\instances\gripper-05.pddl' --sas-file output.sas
Warning! SIGXCPU is not available on your platform. This means that the planner cannot be gracefully terminated when using a time limit, which, however, is probably supported on your platform anyway.
Parsing...
Parsing: [0.000s CPU, 0.001s wall-clock]
Normalizing task... [0.000s CPU, 0.000s wall-clock]
Instantiating...
Generating Datalog program... [0.000s CPU, 0.000s wall-clock]
Normalizing Datalog program...
Normalizing Datalog program: [0.000s CPU, 0.001s wall-clock]
Preparing model... [0.000s CPU, 0.000s wall-clock]
Generated 17 rules.
Computing model... [0.000s CPU, 0.000s wall-clock]
96 relevant atoms
50 auxiliary atoms
146 final queue length
194 total queue pushes
Completing instantiation... [0.000s CPU, 0.000s wall-clock]
Instantiating: [0.000s CPU, 0.002s wall-clock]
Computing fact groups...
Finding invariants...
10 initial candidates
Finding invariants: [0.000s CPU, 0.000s wall-clock]
Checking invariant weight... [0.000s CPU, 0.000s wall-clock]
Instantiating groups... [0.000s CPU, 0.000s wall-clock]
Collecting mutex groups... [0.000s CPU, 0.000s wall-clock]
Choosing groups...
0 uncovered facts
Choosing groups: [0.000s CPU, 0.000s wall-clock]
Building translation key... [0.000s CPU, 0.000s wall-clock]
Computing fact groups: [0.000s CPU, 0.001s wall-clock]
Building STRIPS to SAS dictionary... [0.000s CPU, 0.000s wall-clock]
Building dictionary for full mutex groups... [0.000s CPU, 0.000s wall-clock]
Building mutex information...
Building mutex information: [0.000s CPU, 0.000s wall-clock]
Translating task...
Processing axioms...
Simplifying axioms... [0.000s CPU, 0.000s wall-clock]
Translator axioms removed by simplifying: 0
Processing axioms: [0.000s CPU, 0.000s wall-clock]
Translating task: [0.000s CPU, 0.001s wall-clock]
0 effect conditions simplified
0 implied preconditions added
Detecting unreachable propositions...
0 operators removed
0 axioms removed
3 propositions removed
Detecting unreachable propositions: [0.000s CPU, 0.000s wall-clock]
Reordering and filtering variables...
8 of 8 variables necessary.
5 of 8 mutex groups necessary.
42 of 42 operators necessary.
0 of 0 axiom rules necessary.
Reordering and filtering variables: [0.000s CPU, 0.000s wall-clock]
Translator variables: 8
Translator derived variables: 0
Translator facts: 29
Translator goal facts: 5
Translator mutex groups: 5
Translator total mutex groups size: 20
Translator operators: 42
Translator axioms: 0
Translator task size: 288
warning: could not determine peak memory
Writing output... [0.000s CPU, 0.007s wall-clock]
Done! [0.000s CPU, 0.012s wall-clock]
translate exit code: 0

INFO     Running search (release).
INFO     search stdin: output.sas
INFO     search time limit: None
INFO     search memory limit: None
INFO     search command line string: 'C:\Users\user\Desktop\theoria\.worktrees\p13\engine-rig\.toolchain\downward\builds\release\bin\downward.exe' --search 'astar(lmcut())' --internal-plan-file 'C:\Users\user\AppData\Local\Temp\tmpoepdxf_m\sas_plan' < output.sas
[t=0.000140s, 1960 KB] Search code revision: 7120aa0
[t=0.000241s, 1960 KB] reading input...
[t=0.000688s, 2088 KB] done reading input!
[t=0.001889s, 2580 KB] Initializing landmark cut heuristic...
[t=0.001922s, 2580 KB] Building successor generator... done!
[t=0.001959s, 2580 KB] peak memory difference for successor generator creation: 0 KB
[t=0.001962s, 2580 KB] time for successor generation creation: 0.000029s
[t=0.001967s, 2580 KB] Variables: 8
[t=0.001970s, 2580 KB] FactPairs: 29
[t=0.001972s, 2580 KB] Bytes per state: 4
[t=0.001982s, 2580 KB] Conducting best first search with reopening closed nodes, (real) bound = 2147483647
[t=0.002019s, 2604 KB] New best heuristic value for lmcut: 11
[t=0.002024s, 2604 KB] g=0, 1 evaluated, 0 expanded
[t=0.002027s, 2604 KB] f = 11, 1 evaluated, 0 expanded
[t=0.002037s, 2616 KB] Initial heuristic value for lmcut: 11
[t=0.002041s, 2616 KB] pruning method: none
[t=0.002061s, 2616 KB] New best heuristic value for lmcut: 9
[t=0.002065s, 2616 KB] g=1, 3 evaluated, 1 expanded
[t=0.002282s, 2712 KB] New best heuristic value for lmcut: 8
[t=0.002287s, 2712 KB] g=3, 42 evaluated, 11 expanded
[t=0.002294s, 2712 KB] New best heuristic value for lmcut: 7
[t=0.002297s, 2712 KB] g=4, 43 evaluated, 12 expanded
[t=0.002810s, 2796 KB] f = 12, 157 evaluated, 101 expanded
[t=0.003125s, 2804 KB] f = 13, 232 evaluated, 147 expanded
[t=0.003135s, 2804 KB] New best heuristic value for lmcut: 6
[t=0.003137s, 2804 KB] g=7, 233 evaluated, 148 expanded
[t=0.003144s, 2804 KB] New best heuristic value for lmcut: 5
[t=0.003148s, 2804 KB] g=8, 234 evaluated, 149 expanded
[t=0.003302s, 2832 KB] New best heuristic value for lmcut: 4
[t=0.003307s, 2832 KB] g=9, 268 evaluated, 165 expanded
[t=0.003313s, 2832 KB] New best heuristic value for lmcut: 3
[t=0.003316s, 2832 KB] g=10, 269 evaluated, 166 expanded
[t=0.004692s, 2844 KB] f = 14, 627 evaluated, 572 expanded
[t=0.004812s, 2844 KB] f = 15, 662 evaluated, 607 expanded
[t=0.004819s, 2844 KB] New best heuristic value for lmcut: 2
[t=0.004821s, 2844 KB] g=13, 663 evaluated, 608 expanded
[t=0.004826s, 2844 KB] New best heuristic value for lmcut: 1
[t=0.004828s, 2844 KB] g=14, 664 evaluated, 609 expanded
[t=0.004845s, 2844 KB] New best heuristic value for lmcut: 0
[t=0.004849s, 2844 KB] g=15, 670 evaluated, 610 expanded
[t=0.004852s, 2844 KB] Solution found!
[t=0.004855s, 2844 KB] Actual search time: 0.002812s
pick b1 rooma left (1)
pick b2 rooma right (1)
move rooma roomb (1)
drop b1 roomb left (1)
drop b2 roomb right (1)
move roomb rooma (1)
pick b3 rooma left (1)
pick b4 rooma right (1)
move rooma roomb (1)
drop b3 roomb left (1)
move roomb rooma (1)
pick b5 rooma left (1)
move rooma roomb (1)
drop b5 roomb left (1)
drop b4 roomb right (1)
[t=0.004857s, 2912 KB] Plan length: 15 step(s).
[t=0.004857s, 2912 KB] Plan cost: 15
[t=0.004857s, 2912 KB] Expanded 611 state(s).
[t=0.004857s, 2912 KB] Reopened 0 state(s).
[t=0.004857s, 2912 KB] Evaluated 670 state(s).
[t=0.004857s, 2912 KB] Evaluations: 670
[t=0.004857s, 2912 KB] Generated 2299 state(s).
[t=0.004857s, 2912 KB] Dead ends: 0 state(s).
[t=0.004857s, 2912 KB] Expanded until last jump: 607 state(s).
[t=0.004857s, 2912 KB] Reopened until last jump: 0 state(s).
[t=0.004857s, 2912 KB] Evaluated until last jump: 662 state(s).
[t=0.004857s, 2912 KB] Generated until last jump: 2287 state(s).
[t=0.004857s, 2912 KB] Number of registered states: 670
[t=0.004857s, 2912 KB] Int hash set load factor: 670/1024 = 0.654297
[t=0.004857s, 2912 KB] Int hash set resizes: 10
[t=0.004857s, 2912 KB] Search time: 0.002876s
[t=0.004857s, 2912 KB] Total time: 0.004857s
Solution found.
Remove intermediate file output.sas
search exit code: 0

