INFO     planner time limit: None
INFO     planner memory limit: None

INFO     Running translator.
INFO     translator stdin: None
INFO     translator time limit: None
INFO     translator memory limit: None
INFO     translator command line string: 'D:\Miniforge3\python.exe' -m translate 'C:\Users\user\Desktop\theoria\.worktrees\e2-fd-ladder-bench\engine-rig\runs\20260728T072633Z-E2-fd-ladder-bench\guarded\sokoban_guarded_full_domain.pddl' 'C:\Users\user\Desktop\theoria\.worktrees\e2-fd-ladder-bench\engine-rig\runs\20260728T072633Z-E2-fd-ladder-bench\guarded\ringstuck8_guarded_full.pddl' --sas-file output.sas
Warning! SIGXCPU is not available on your platform. This means that the planner cannot be gracefully terminated when using a time limit, which, however, is probably supported on your platform anyway.
Parsing...
Parsing: [0.000s CPU, 0.001s wall-clock]
Normalizing task... [0.000s CPU, 0.000s wall-clock]
Instantiating...
Generating Datalog program... [0.000s CPU, 0.000s wall-clock]
Normalizing Datalog program...
Normalizing Datalog program: [0.000s CPU, 0.001s wall-clock]
Preparing model... [0.000s CPU, 0.000s wall-clock]
Generated 26 rules.
Computing model... [0.000s CPU, 0.003s wall-clock]
289 relevant atoms
472 auxiliary atoms
761 final queue length
873 total queue pushes
Completing instantiation... [0.000s CPU, 0.001s wall-clock]
Instantiating: [0.000s CPU, 0.006s wall-clock]
No relaxed solution! Generating unsolvable task...
Translator variables: 1
Translator derived variables: 0
Translator facts: 2
Translator goal facts: 1
Translator mutex groups: 0
Translator total mutex groups size: 0
Translator operators: 0
Translator axioms: 0
Translator task size: 4
warning: could not determine peak memory
Writing output... [0.000s CPU, 0.006s wall-clock]
Done! [0.000s CPU, 0.013s wall-clock]
translate exit code: 0

INFO     Running search (release).
INFO     search stdin: output.sas
INFO     search time limit: None
INFO     search memory limit: None
INFO     search command line string: 'C:\Users\user\Desktop\theoria\.worktrees\p13\engine-rig\.toolchain\downward\builds\release\bin\downward.exe' --search 'let(hlm,eval_modify_costs(landmark_sum(lm_factory=lm_reasonable_orders_hps(lm_rhw()),pref=false),cost_type=one),let(hff,eval_modify_costs(ff(),cost_type=one),lazy_greedy([hff,hlm],preferred=[hff,hlm],cost_type=one,reopen_closed=false)))' --internal-plan-file 'C:\Users\user\AppData\Local\Temp\tmpjlo8uu5m\sas_plan' < output.sas
[t=0.000133s, 1968 KB] Search code revision: 7120aa0
[t=0.000230s, 1968 KB] reading input...
[t=0.000324s, 2012 KB] done reading input!
[t=0.001886s, 2632 KB] Simplifying 0 unary operators... done! [0 unary operators]
[t=0.001900s, 2632 KB] time to simplify: 0.000016s
[t=0.001904s, 2632 KB] Initializing additive heuristic...
[t=0.001906s, 2632 KB] Initializing FF heuristic...
[t=0.001929s, 2632 KB] Initializing landmark sum heuristic...
[t=0.001934s, 2632 KB] Generating landmark graph...
[t=0.001941s, 2632 KB] Building a landmark graph with reasonable orders.
[t=0.001947s, 2660 KB] Initializing Exploration...
[t=0.001955s, 2660 KB] Generating landmarks using the RPG/SAS+ approach
[t=0.001980s, 2660 KB] Landmarks generation time: 0.000038s
[t=0.001988s, 2660 KB] Discovered 2 landmarks, of which 0 are disjunctive and 0 are conjunctive.
[t=0.001995s, 2660 KB] There are 1 landmark orderings.
[t=0.002001s, 2672 KB] approx. reasonable orders
[t=0.002009s, 2672 KB] Landmarks generation time: 0.000074s
[t=0.002013s, 2672 KB] Discovered 2 landmarks, of which 0 are disjunctive and 0 are conjunctive.
[t=0.002015s, 2672 KB] There are 1 landmark orderings.
[t=0.002017s, 2672 KB] Landmark graph generation time: 0.000085s
[t=0.002020s, 2696 KB] Landmark graph contains 2 landmarks, of which 0 are disjunctive and 0 are conjunctive.
[t=0.002023s, 2696 KB] Landmark graph contains 1 orderings.
[t=0.002056s, 2696 KB] Building successor generator... done!
[t=0.002073s, 2704 KB] peak memory difference for successor generator creation: 8 KB
[t=0.002075s, 2704 KB] time for successor generation creation: 0.000008s
[t=0.002080s, 2704 KB] Variables: 1
[t=0.002082s, 2704 KB] FactPairs: 2
[t=0.002084s, 2704 KB] Bytes per state: 4
[t=0.002103s, 2704 KB] Conducting lazy best first search, (real) bound = 2147483647
[t=0.002134s, 2744 KB] Initial heuristic value for ff: infinity
[t=0.002141s, 2744 KB] Completely explored state space -- no solution!
[t=0.002145s, 2744 KB] Actual search time: 0.000027s
[t=0.002148s, 2744 KB] Expanded 0 state(s).
[t=0.002148s, 2744 KB] Reopened 0 state(s).
[t=0.002148s, 2744 KB] Evaluated 1 state(s).
[t=0.002148s, 2744 KB] Evaluations: 1
[t=0.002148s, 2744 KB] Generated 0 state(s).
[t=0.002148s, 2744 KB] Dead ends: 1 state(s).
[t=0.002148s, 2744 KB] Number of registered states: 1
[t=0.002148s, 2744 KB] Int hash set load factor: 1/1 = 1.000000
[t=0.002148s, 2744 KB] Int hash set resizes: 0
[t=0.002148s, 2744 KB] Search time: 0.000047s
[t=0.002148s, 2744 KB] Total time: 0.002148s
Search stopped without finding a solution.
Remove intermediate file output.sas
search exit code: 12

Driver aborting after search
