INFO     planner time limit: None
INFO     planner memory limit: None

INFO     Running translator.
INFO     translator stdin: None
INFO     translator time limit: None
INFO     translator memory limit: None
INFO     translator command line string: 'D:\Miniforge3\python.exe' -m translate 'C:\Users\user\Desktop\theoria\.worktrees\e2-fd-ladder-bench\engine-rig\runs\20260728T072633Z-E2-fd-ladder-bench\guarded\sokoban_guarded_full_domain.pddl' 'C:\Users\user\Desktop\theoria\.worktrees\e2-fd-ladder-bench\engine-rig\runs\20260728T072633Z-E2-fd-ladder-bench\guarded\ringstuck5_guarded_full.pddl' --sas-file output.sas
Warning! SIGXCPU is not available on your platform. This means that the planner cannot be gracefully terminated when using a time limit, which, however, is probably supported on your platform anyway.
Parsing...
Parsing: [0.000s CPU, 0.001s wall-clock]
Normalizing task... [0.000s CPU, 0.000s wall-clock]
Instantiating...
Generating Datalog program... [0.000s CPU, 0.000s wall-clock]
Normalizing Datalog program...
Normalizing Datalog program: [0.000s CPU, 0.001s wall-clock]
Preparing model... [0.000s CPU, 0.000s wall-clock]
Generated 26 rules.
Computing model... [0.000s CPU, 0.001s wall-clock]
172 relevant atoms
268 auxiliary atoms
440 final queue length
501 total queue pushes
Completing instantiation... [0.000s CPU, 0.000s wall-clock]
Instantiating: [0.000s CPU, 0.003s wall-clock]
No relaxed solution! Generating unsolvable task...
Translator variables: 1
Translator derived variables: 0
Translator facts: 2
Translator goal facts: 1
Translator mutex groups: 0
Translator total mutex groups size: 0
Translator operators: 0
Translator axioms: 0
Translator task size: 4
warning: could not determine peak memory
Writing output... [0.000s CPU, 0.005s wall-clock]
Done! [0.000s CPU, 0.009s wall-clock]
translate exit code: 0

INFO     Running search (release).
INFO     search stdin: output.sas
INFO     search time limit: None
INFO     search memory limit: None
INFO     search command line string: 'C:\Users\user\Desktop\theoria\.worktrees\p13\engine-rig\.toolchain\downward\builds\release\bin\downward.exe' --search 'astar(lmcut())' --internal-plan-file 'C:\Users\user\AppData\Local\Temp\tmpghmpwdm9\sas_plan' < output.sas
[t=0.000150s, 1960 KB] Search code revision: 7120aa0
[t=0.000243s, 1960 KB] reading input...
[t=0.000332s, 1964 KB] done reading input!
[t=0.001519s, 2548 KB] Initializing landmark cut heuristic...
[t=0.001549s, 2552 KB] Building successor generator... done!
[t=0.001562s, 2588 KB] peak memory difference for successor generator creation: 0 KB
[t=0.001564s, 2588 KB] time for successor generation creation: 0.000004s
[t=0.001568s, 2592 KB] Variables: 1
[t=0.001572s, 2592 KB] FactPairs: 2
[t=0.001574s, 2592 KB] Bytes per state: 4
[t=0.001585s, 2592 KB] Conducting best first search with reopening closed nodes, (real) bound = 2147483647
[t=0.001613s, 2616 KB] Initial state is a dead end.
[t=0.001619s, 2616 KB] Initial heuristic value for lmcut: infinity
[t=0.001622s, 2616 KB] pruning method: none
[t=0.001626s, 2616 KB] Completely explored state space -- no solution!
[t=0.001628s, 2616 KB] Actual search time: 0.000005s
[t=0.001631s, 2616 KB] Expanded 0 state(s).
[t=0.001631s, 2616 KB] Reopened 0 state(s).
[t=0.001631s, 2616 KB] Evaluated 1 state(s).
[t=0.001631s, 2616 KB] Evaluations: 1
[t=0.001631s, 2616 KB] Generated 0 state(s).
[t=0.001631s, 2616 KB] Dead ends: 0 state(s).
[t=0.001631s, 2616 KB] Number of registered states: 1
[t=0.001631s, 2616 KB] Int hash set load factor: 1/1 = 1.000000
[t=0.001631s, 2616 KB] Int hash set resizes: 0
[t=0.001631s, 2616 KB] Search time: 0.000047s
[t=0.001631s, 2616 KB] Total time: 0.001631s
Search stopped without finding a solution.
Remove intermediate file output.sas
search exit code: 12

Driver aborting after search
