INFO     planner time limit: None
INFO     planner memory limit: None

INFO     Running translator.
INFO     translator stdin: None
INFO     translator time limit: None
INFO     translator memory limit: None
INFO     translator command line string: 'D:\Miniforge3\python.exe' -m translate 'C:\Users\user\Desktop\theoria\.worktrees\e2-fd-ladder-bench\engine-rig\fixtures\data\sokoban_domain.pddl' 'C:\Users\user\Desktop\theoria\.worktrees\e2-fd-ladder-bench\engine-rig\runs\20260728T072633Z-E2-fd-ladder-bench\instances\ringstuck8.pddl' --sas-file output.sas
Warning! SIGXCPU is not available on your platform. This means that the planner cannot be gracefully terminated when using a time limit, which, however, is probably supported on your platform anyway.
Parsing...
Parsing: [0.000s CPU, 0.001s wall-clock]
Normalizing task... [0.000s CPU, 0.000s wall-clock]
Instantiating...
Generating Datalog program... [0.000s CPU, 0.000s wall-clock]
Normalizing Datalog program...
Normalizing Datalog program: [0.000s CPU, 0.001s wall-clock]
Preparing model... [0.000s CPU, 0.000s wall-clock]
Generated 20 rules.
Computing model... [0.000s CPU, 0.003s wall-clock]
287 relevant atoms
456 auxiliary atoms
743 final queue length
855 total queue pushes
Completing instantiation... [0.000s CPU, 0.001s wall-clock]
Instantiating: [0.000s CPU, 0.005s wall-clock]
No relaxed solution! Generating unsolvable task...
Translator variables: 1
Translator derived variables: 0
Translator facts: 2
Translator goal facts: 1
Translator mutex groups: 0
Translator total mutex groups size: 0
Translator operators: 0
Translator axioms: 0
Translator task size: 4
warning: could not determine peak memory
Writing output... [0.000s CPU, 0.005s wall-clock]
Done! [0.000s CPU, 0.012s wall-clock]
translate exit code: 0

INFO     Running search (release).
INFO     search stdin: output.sas
INFO     search time limit: None
INFO     search memory limit: None
INFO     search command line string: 'C:\Users\user\Desktop\theoria\.worktrees\p13\engine-rig\.toolchain\downward\builds\release\bin\downward.exe' --search 'let(hlm,eval_modify_costs(landmark_sum(lm_factory=lm_reasonable_orders_hps(lm_rhw()),pref=false),cost_type=one),let(hff,eval_modify_costs(ff(),cost_type=one),lazy_greedy([hff,hlm],preferred=[hff,hlm],cost_type=one,reopen_closed=false)))' --internal-plan-file 'C:\Users\user\AppData\Local\Temp\tmpvkpdgmdb\sas_plan' < output.sas
[t=0.000141s, 1964 KB] Search code revision: 7120aa0
[t=0.000244s, 1964 KB] reading input...
[t=0.000340s, 2008 KB] done reading input!
[t=0.001863s, 2632 KB] Simplifying 0 unary operators... done! [0 unary operators]
[t=0.001879s, 2632 KB] time to simplify: 0.000019s
[t=0.001883s, 2632 KB] Initializing additive heuristic...
[t=0.001885s, 2632 KB] Initializing FF heuristic...
[t=0.001909s, 2632 KB] Initializing landmark sum heuristic...
[t=0.001914s, 2632 KB] Generating landmark graph...
[t=0.001921s, 2632 KB] Building a landmark graph with reasonable orders.
[t=0.001927s, 2632 KB] Initializing Exploration...
[t=0.001935s, 2632 KB] Generating landmarks using the RPG/SAS+ approach
[t=0.001960s, 2632 KB] Landmarks generation time: 0.000037s
[t=0.001965s, 2632 KB] Discovered 2 landmarks, of which 0 are disjunctive and 0 are conjunctive.
[t=0.001968s, 2632 KB] There are 1 landmark orderings.
[t=0.001972s, 2632 KB] approx. reasonable orders
[t=0.001976s, 2632 KB] Landmarks generation time: 0.000060s
[t=0.001978s, 2632 KB] Discovered 2 landmarks, of which 0 are disjunctive and 0 are conjunctive.
[t=0.001983s, 2632 KB] There are 1 landmark orderings.
[t=0.001986s, 2632 KB] Landmark graph generation time: 0.000073s
[t=0.001991s, 2632 KB] Landmark graph contains 2 landmarks, of which 0 are disjunctive and 0 are conjunctive.
[t=0.001993s, 2632 KB] Landmark graph contains 1 orderings.
[t=0.002018s, 2632 KB] Building successor generator... done!
[t=0.002028s, 2632 KB] peak memory difference for successor generator creation: 0 KB
[t=0.002032s, 2632 KB] time for successor generation creation: 0.000004s
[t=0.002037s, 2632 KB] Variables: 1
[t=0.002039s, 2632 KB] FactPairs: 2
[t=0.002041s, 2632 KB] Bytes per state: 4
[t=0.002060s, 2644 KB] Conducting lazy best first search, (real) bound = 2147483647
[t=0.002087s, 2708 KB] Initial heuristic value for ff: infinity
[t=0.002095s, 2708 KB] Completely explored state space -- no solution!
[t=0.002097s, 2708 KB] Actual search time: 0.000027s
[t=0.002102s, 2708 KB] Expanded 0 state(s).
[t=0.002102s, 2708 KB] Reopened 0 state(s).
[t=0.002102s, 2708 KB] Evaluated 1 state(s).
[t=0.002102s, 2708 KB] Evaluations: 1
[t=0.002102s, 2708 KB] Generated 0 state(s).
[t=0.002102s, 2708 KB] Dead ends: 1 state(s).
[t=0.002102s, 2720 KB] Number of registered states: 1
[t=0.002102s, 2720 KB] Int hash set load factor: 1/1 = 1.000000
[t=0.002102s, 2720 KB] Int hash set resizes: 0
[t=0.002102s, 2720 KB] Search time: 0.000044s
[t=0.002102s, 2720 KB] Total time: 0.002102s
Search stopped without finding a solution.
Remove intermediate file output.sas
search exit code: 12

Driver aborting after search
