INFO     planner time limit: None
INFO     planner memory limit: None

INFO     Running translator.
INFO     translator stdin: None
INFO     translator time limit: None
INFO     translator memory limit: None
INFO     translator command line string: 'D:\Miniforge3\python.exe' -m translate 'C:\Users\user\Desktop\theoria\.worktrees\e2-fd-ladder-bench\engine-rig\runs\20260728T072633Z-E2-fd-ladder-bench\guarded\sokoban_guarded_full_domain.pddl' 'C:\Users\user\Desktop\theoria\.worktrees\e2-fd-ladder-bench\engine-rig\runs\20260728T072633Z-E2-fd-ladder-bench\guarded\ringstuck7_guarded_full.pddl' --sas-file output.sas
Warning! SIGXCPU is not available on your platform. This means that the planner cannot be gracefully terminated when using a time limit, which, however, is probably supported on your platform anyway.
Parsing...
Parsing: [0.000s CPU, 0.001s wall-clock]
Normalizing task... [0.000s CPU, 0.000s wall-clock]
Instantiating...
Generating Datalog program... [0.000s CPU, 0.000s wall-clock]
Normalizing Datalog program...
Normalizing Datalog program: [0.000s CPU, 0.001s wall-clock]
Preparing model... [0.000s CPU, 0.000s wall-clock]
Generated 26 rules.
Computing model... [0.000s CPU, 0.003s wall-clock]
250 relevant atoms
404 auxiliary atoms
654 final queue length
749 total queue pushes
Completing instantiation... [0.000s CPU, 0.001s wall-clock]
Instantiating: [0.000s CPU, 0.005s wall-clock]
No relaxed solution! Generating unsolvable task...
Translator variables: 1
Translator derived variables: 0
Translator facts: 2
Translator goal facts: 1
Translator mutex groups: 0
Translator total mutex groups size: 0
Translator operators: 0
Translator axioms: 0
Translator task size: 4
warning: could not determine peak memory
Writing output... [0.000s CPU, 0.005s wall-clock]
Done! [0.000s CPU, 0.011s wall-clock]
translate exit code: 0

INFO     Running search (release).
INFO     search stdin: output.sas
INFO     search time limit: None
INFO     search memory limit: None
INFO     search command line string: 'C:\Users\user\Desktop\theoria\.worktrees\p13\engine-rig\.toolchain\downward\builds\release\bin\downward.exe' --search 'astar(lmcut())' --internal-plan-file 'C:\Users\user\AppData\Local\Temp\tmp2a4av54o\sas_plan' < output.sas
[t=0.000141s, 1980 KB] Search code revision: 7120aa0
[t=0.000237s, 1984 KB] reading input...
[t=0.000328s, 2008 KB] done reading input!
[t=0.001517s, 2552 KB] Initializing landmark cut heuristic...
[t=0.001543s, 2552 KB] Building successor generator... done!
[t=0.001553s, 2552 KB] peak memory difference for successor generator creation: 0 KB
[t=0.001555s, 2552 KB] time for successor generation creation: 0.000004s
[t=0.001581s, 2556 KB] Variables: 1
[t=0.001583s, 2556 KB] FactPairs: 2
[t=0.001587s, 2556 KB] Bytes per state: 4
[t=0.001597s, 2556 KB] Conducting best first search with reopening closed nodes, (real) bound = 2147483647
[t=0.001617s, 2584 KB] Initial state is a dead end.
[t=0.001621s, 2584 KB] Initial heuristic value for lmcut: infinity
[t=0.001623s, 2584 KB] pruning method: none
[t=0.001628s, 2584 KB] Completely explored state space -- no solution!
[t=0.001633s, 2584 KB] Actual search time: 0.000009s
[t=0.001636s, 2584 KB] Expanded 0 state(s).
[t=0.001636s, 2620 KB] Reopened 0 state(s).
[t=0.001636s, 2620 KB] Evaluated 1 state(s).
[t=0.001636s, 2620 KB] Evaluations: 1
[t=0.001636s, 2620 KB] Generated 0 state(s).
[t=0.001636s, 2620 KB] Dead ends: 0 state(s).
[t=0.001636s, 2620 KB] Number of registered states: 1
[t=0.001636s, 2620 KB] Int hash set load factor: 1/1 = 1.000000
[t=0.001636s, 2620 KB] Int hash set resizes: 0
[t=0.001636s, 2620 KB] Search time: 0.000041s
[t=0.001636s, 2620 KB] Total time: 0.001636s
Search stopped without finding a solution.
Remove intermediate file output.sas
search exit code: 12

Driver aborting after search
