INFO     planner time limit: None
INFO     planner memory limit: None

INFO     Running translator.
INFO     translator stdin: None
INFO     translator time limit: None
INFO     translator memory limit: None
INFO     translator command line string: 'D:\Miniforge3\python.exe' -m translate 'C:\Users\user\Desktop\theoria\.worktrees\e2-fd-ladder-bench\engine-rig\runs\20260728T072633Z-E2-fd-ladder-bench\guarded\sokoban_guarded_full_domain.pddl' 'C:\Users\user\Desktop\theoria\.worktrees\e2-fd-ladder-bench\engine-rig\runs\20260728T072633Z-E2-fd-ladder-bench\guarded\ringstuck7_guarded_full.pddl' --sas-file output.sas
Warning! SIGXCPU is not available on your platform. This means that the planner cannot be gracefully terminated when using a time limit, which, however, is probably supported on your platform anyway.
Parsing...
Parsing: [0.000s CPU, 0.001s wall-clock]
Normalizing task... [0.000s CPU, 0.000s wall-clock]
Instantiating...
Generating Datalog program... [0.000s CPU, 0.000s wall-clock]
Normalizing Datalog program...
Normalizing Datalog program: [0.000s CPU, 0.001s wall-clock]
Preparing model... [0.000s CPU, 0.000s wall-clock]
Generated 26 rules.
Computing model... [0.000s CPU, 0.003s wall-clock]
250 relevant atoms
404 auxiliary atoms
654 final queue length
749 total queue pushes
Completing instantiation... [0.000s CPU, 0.001s wall-clock]
Instantiating: [0.000s CPU, 0.005s wall-clock]
No relaxed solution! Generating unsolvable task...
Translator variables: 1
Translator derived variables: 0
Translator facts: 2
Translator goal facts: 1
Translator mutex groups: 0
Translator total mutex groups size: 0
Translator operators: 0
Translator axioms: 0
Translator task size: 4
warning: could not determine peak memory
Writing output... [0.016s CPU, 0.005s wall-clock]
Done! [0.016s CPU, 0.011s wall-clock]
translate exit code: 0

INFO     Running search (release).
INFO     search stdin: output.sas
INFO     search time limit: None
INFO     search memory limit: None
INFO     search command line string: 'C:\Users\user\Desktop\theoria\.worktrees\p13\engine-rig\.toolchain\downward\builds\release\bin\downward.exe' --search 'let(hlm,eval_modify_costs(landmark_sum(lm_factory=lm_reasonable_orders_hps(lm_rhw()),pref=false),cost_type=one),let(hff,eval_modify_costs(ff(),cost_type=one),lazy_greedy([hff,hlm],preferred=[hff,hlm],cost_type=one,reopen_closed=false)))' --internal-plan-file 'C:\Users\user\AppData\Local\Temp\tmp28zumct2\sas_plan' < output.sas
[t=0.000155s, 1932 KB] Search code revision: 7120aa0
[t=0.000239s, 1936 KB] reading input...
[t=0.000329s, 1984 KB] done reading input!
[t=0.001802s, 2564 KB] Simplifying 0 unary operators... done! [0 unary operators]
[t=0.001816s, 2564 KB] time to simplify: 0.000018s
[t=0.001821s, 2564 KB] Initializing additive heuristic...
[t=0.001823s, 2564 KB] Initializing FF heuristic...
[t=0.001844s, 2600 KB] Initializing landmark sum heuristic...
[t=0.001852s, 2600 KB] Generating landmark graph...
[t=0.001858s, 2600 KB] Building a landmark graph with reasonable orders.
[t=0.001864s, 2600 KB] Initializing Exploration...
[t=0.001872s, 2600 KB] Generating landmarks using the RPG/SAS+ approach
[t=0.001896s, 2600 KB] Landmarks generation time: 0.000037s
[t=0.001901s, 2600 KB] Discovered 2 landmarks, of which 0 are disjunctive and 0 are conjunctive.
[t=0.001903s, 2600 KB] There are 1 landmark orderings.
[t=0.001907s, 2600 KB] approx. reasonable orders
[t=0.001912s, 2600 KB] Landmarks generation time: 0.000059s
[t=0.001914s, 2600 KB] Discovered 2 landmarks, of which 0 are disjunctive and 0 are conjunctive.
[t=0.001918s, 2600 KB] There are 1 landmark orderings.
[t=0.001922s, 2600 KB] Landmark graph generation time: 0.000072s
[t=0.001925s, 2600 KB] Landmark graph contains 2 landmarks, of which 0 are disjunctive and 0 are conjunctive.
[t=0.001929s, 2600 KB] Landmark graph contains 1 orderings.
[t=0.001955s, 2600 KB] Building successor generator... done!
[t=0.001965s, 2600 KB] peak memory difference for successor generator creation: 0 KB
[t=0.001967s, 2600 KB] time for successor generation creation: 0.000004s
[t=0.001971s, 2600 KB] Variables: 1
[t=0.001975s, 2600 KB] FactPairs: 2
[t=0.001977s, 2600 KB] Bytes per state: 4
[t=0.001994s, 2612 KB] Conducting lazy best first search, (real) bound = 2147483647
[t=0.002018s, 2636 KB] Initial heuristic value for ff: infinity
[t=0.002024s, 2640 KB] Completely explored state space -- no solution!
[t=0.002027s, 2640 KB] Actual search time: 0.000024s
[t=0.002031s, 2640 KB] Expanded 0 state(s).
[t=0.002031s, 2640 KB] Reopened 0 state(s).
[t=0.002031s, 2640 KB] Evaluated 1 state(s).
[t=0.002031s, 2640 KB] Evaluations: 1
[t=0.002031s, 2640 KB] Generated 0 state(s).
[t=0.002031s, 2640 KB] Dead ends: 1 state(s).
[t=0.002031s, 2640 KB] Number of registered states: 1
[t=0.002031s, 2668 KB] Int hash set load factor: 1/1 = 1.000000
[t=0.002031s, 2668 KB] Int hash set resizes: 0
[t=0.002031s, 2668 KB] Search time: 0.000038s
[t=0.002031s, 2668 KB] Total time: 0.002031s
Search stopped without finding a solution.
Remove intermediate file output.sas
search exit code: 12

Driver aborting after search
