INFO     planner time limit: None
INFO     planner memory limit: None

INFO     Running translator.
INFO     translator stdin: None
INFO     translator time limit: None
INFO     translator memory limit: None
INFO     translator command line string: 'D:\Miniforge3\python.exe' -m translate 'C:\Users\user\Desktop\theoria\.worktrees\e2-fd-ladder-bench\engine-rig\fixtures\data\sokoban_domain.pddl' 'C:\Users\user\Desktop\theoria\.worktrees\e2-fd-ladder-bench\engine-rig\fixtures\data\sokoban_ring.pddl' --sas-file output.sas
Warning! SIGXCPU is not available on your platform. This means that the planner cannot be gracefully terminated when using a time limit, which, however, is probably supported on your platform anyway.
Parsing...
Parsing: [0.000s CPU, 0.001s wall-clock]
Normalizing task... [0.000s CPU, 0.000s wall-clock]
Instantiating...
Generating Datalog program... [0.000s CPU, 0.000s wall-clock]
Normalizing Datalog program...
Normalizing Datalog program: [0.000s CPU, 0.001s wall-clock]
Preparing model... [0.000s CPU, 0.000s wall-clock]
Generated 20 rules.
Computing model... [0.000s CPU, 0.001s wall-clock]
132 relevant atoms
192 auxiliary atoms
324 final queue length
368 total queue pushes
Completing instantiation... [0.000s CPU, 0.000s wall-clock]
Instantiating: [0.000s CPU, 0.002s wall-clock]
Computing fact groups...
Finding invariants...
7 initial candidates
Finding invariants: [0.000s CPU, 0.001s wall-clock]
Checking invariant weight... [0.000s CPU, 0.000s wall-clock]
Instantiating groups... [0.000s CPU, 0.000s wall-clock]
Collecting mutex groups... [0.000s CPU, 0.000s wall-clock]
Choosing groups...
12 uncovered facts
Choosing groups: [0.000s CPU, 0.000s wall-clock]
Building translation key... [0.000s CPU, 0.000s wall-clock]
Computing fact groups: [0.000s CPU, 0.001s wall-clock]
Building STRIPS to SAS dictionary... [0.000s CPU, 0.000s wall-clock]
Building dictionary for full mutex groups... [0.000s CPU, 0.000s wall-clock]
Building mutex information...
Building mutex information: [0.000s CPU, 0.000s wall-clock]
Translating task...
Processing axioms...
Simplifying axioms... [0.000s CPU, 0.000s wall-clock]
Translator axioms removed by simplifying: 0
Processing axioms: [0.000s CPU, 0.000s wall-clock]
Translating task: [0.000s CPU, 0.000s wall-clock]
32 effect conditions simplified
0 implied preconditions added
Detecting unreachable propositions...
0 operators removed
0 axioms removed
2 propositions removed
Detecting unreachable propositions: [0.000s CPU, 0.000s wall-clock]
Reordering and filtering variables...
14 of 14 variables necessary.
12 of 14 mutex groups necessary.
28 of 28 operators necessary.
0 of 0 axiom rules necessary.
Reordering and filtering variables: [0.016s CPU, 0.000s wall-clock]
Translator variables: 14
Translator derived variables: 0
Translator facts: 40
Translator goal facts: 1
Translator mutex groups: 12
Translator total mutex groups size: 28
Translator operators: 28
Translator axioms: 0
Translator task size: 263
warning: could not determine peak memory
Writing output... [0.000s CPU, 0.007s wall-clock]
Done! [0.016s CPU, 0.013s wall-clock]
translate exit code: 0

INFO     Running search (release).
INFO     search stdin: output.sas
INFO     search time limit: None
INFO     search memory limit: None
INFO     search command line string: 'C:\Users\user\Desktop\theoria\.worktrees\p13\engine-rig\.toolchain\downward\builds\release\bin\downward.exe' --search 'let(hlm,eval_modify_costs(landmark_sum(lm_factory=lm_reasonable_orders_hps(lm_rhw()),pref=false),cost_type=one),let(hff,eval_modify_costs(ff(),cost_type=one),lazy_greedy([hff,hlm],preferred=[hff,hlm],cost_type=one,reopen_closed=false)))' --internal-plan-file 'C:\Users\user\AppData\Local\Temp\tmprtetjkpj\sas_plan' < output.sas
[t=0.000165s, 1984 KB] Search code revision: 7120aa0
[t=0.000268s, 1984 KB] reading input...
[t=0.000691s, 2100 KB] done reading input!
[t=0.002240s, 2700 KB] Simplifying 92 unary operators... done! [92 unary operators]
[t=0.002289s, 2708 KB] time to simplify: 0.000051s
[t=0.002303s, 2720 KB] Initializing additive heuristic...
[t=0.002309s, 2720 KB] Initializing FF heuristic...
[t=0.002339s, 2720 KB] Initializing landmark sum heuristic...
[t=0.002344s, 2720 KB] Generating landmark graph...
[t=0.002362s, 2720 KB] Building a landmark graph with reasonable orders.
[t=0.002376s, 2720 KB] Initializing Exploration...
[t=0.002404s, 2720 KB] Generating landmarks using the RPG/SAS+ approach
[t=0.002488s, 2736 KB] Landmarks generation time: 0.000123s
[t=0.002497s, 2736 KB] Discovered 4 landmarks, of which 0 are disjunctive and 0 are conjunctive.
[t=0.002499s, 2736 KB] There are 3 landmark orderings.
[t=0.002504s, 2736 KB] approx. reasonable orders
[t=0.002517s, 2736 KB] Landmarks generation time: 0.000167s
[t=0.002523s, 2736 KB] Discovered 4 landmarks, of which 0 are disjunctive and 0 are conjunctive.
[t=0.002525s, 2736 KB] There are 5 landmark orderings.
[t=0.002527s, 2736 KB] Landmark graph generation time: 0.000184s
[t=0.002530s, 2736 KB] Landmark graph contains 4 landmarks, of which 0 are disjunctive and 0 are conjunctive.
[t=0.002533s, 2736 KB] Landmark graph contains 5 orderings.
[t=0.002574s, 2764 KB] Building successor generator... done!
[t=0.002599s, 2764 KB] peak memory difference for successor generator creation: 0 KB
[t=0.002601s, 2764 KB] time for successor generation creation: 0.000017s
[t=0.002622s, 2792 KB] Variables: 14
[t=0.002625s, 2792 KB] FactPairs: 40
[t=0.002626s, 2792 KB] Bytes per state: 4
[t=0.002654s, 2796 KB] Conducting lazy best first search, (real) bound = 2147483647
[t=0.002702s, 2840 KB] New best heuristic value for landmark_sum_heuristic: 1
[t=0.002707s, 2840 KB] New best heuristic value for ff: 1
[t=0.002709s, 2840 KB] g=0, 1 evaluated, 0 expanded
[t=0.002719s, 2840 KB] Initial heuristic value for landmark_sum_heuristic: 1
[t=0.002722s, 2840 KB] Initial heuristic value for ff: 1
[t=0.002732s, 2840 KB] Solution found!
[t=0.002736s, 2840 KB] Actual search time: 0.000062s
push c11 c12 c13 b1 right (1)
[t=0.002739s, 2892 KB] Plan length: 1 step(s).
[t=0.002739s, 2892 KB] Plan cost: 1
[t=0.002739s, 2892 KB] Expanded 2 state(s).
[t=0.002739s, 2892 KB] Reopened 0 state(s).
[t=0.002739s, 2892 KB] Evaluated 3 state(s).
[t=0.002739s, 2892 KB] Evaluations: 6
[t=0.002739s, 2892 KB] Generated 4 state(s).
[t=0.002739s, 2892 KB] Dead ends: 0 state(s).
[t=0.002739s, 2892 KB] Number of registered states: 3
[t=0.002739s, 2892 KB] Int hash set load factor: 3/4 = 0.750000
[t=0.002739s, 2892 KB] Int hash set resizes: 2
[t=0.002739s, 2892 KB] Search time: 0.000090s
[t=0.002739s, 2892 KB] Total time: 0.002739s
Solution found.
Remove intermediate file output.sas
search exit code: 0

