INFO     planner time limit: None
INFO     planner memory limit: None

INFO     Running translator.
INFO     translator stdin: None
INFO     translator time limit: None
INFO     translator memory limit: None
INFO     translator command line string: 'D:\Miniforge3\python.exe' -m translate 'C:\Users\user\Desktop\theoria\.worktrees\e2-fd-ladder-bench\engine-rig\fixtures\data\sokoban_domain.pddl' 'C:\Users\user\Desktop\theoria\.worktrees\e2-fd-ladder-bench\engine-rig\fixtures\data\sokoban_open4.pddl' --sas-file output.sas
Warning! SIGXCPU is not available on your platform. This means that the planner cannot be gracefully terminated when using a time limit, which, however, is probably supported on your platform anyway.
Parsing...
Parsing: [0.000s CPU, 0.001s wall-clock]
Normalizing task... [0.000s CPU, 0.000s wall-clock]
Instantiating...
Generating Datalog program... [0.000s CPU, 0.000s wall-clock]
Normalizing Datalog program...
Normalizing Datalog program: [0.000s CPU, 0.001s wall-clock]
Preparing model... [0.000s CPU, 0.000s wall-clock]
Generated 20 rules.
Computing model... [0.000s CPU, 0.003s wall-clock]
291 relevant atoms
400 auxiliary atoms
691 final queue length
931 total queue pushes
Completing instantiation... [0.000s CPU, 0.001s wall-clock]
Instantiating: [0.000s CPU, 0.006s wall-clock]
Computing fact groups...
Finding invariants...
7 initial candidates
Finding invariants: [0.000s CPU, 0.001s wall-clock]
Checking invariant weight... [0.000s CPU, 0.000s wall-clock]
Instantiating groups... [0.000s CPU, 0.000s wall-clock]
Collecting mutex groups... [0.000s CPU, 0.000s wall-clock]
Choosing groups...
16 uncovered facts
Choosing groups: [0.000s CPU, 0.000s wall-clock]
Building translation key... [0.000s CPU, 0.000s wall-clock]
Computing fact groups: [0.000s CPU, 0.001s wall-clock]
Building STRIPS to SAS dictionary... [0.000s CPU, 0.000s wall-clock]
Building dictionary for full mutex groups... [0.000s CPU, 0.000s wall-clock]
Building mutex information...
Building mutex information: [0.000s CPU, 0.000s wall-clock]
Translating task...
Processing axioms...
Simplifying axioms... [0.000s CPU, 0.000s wall-clock]
Translator axioms removed by simplifying: 0
Processing axioms: [0.000s CPU, 0.000s wall-clock]
Translating task: [0.016s CPU, 0.002s wall-clock]
176 effect conditions simplified
0 implied preconditions added
Detecting unreachable propositions...
0 operators removed
0 axioms removed
3 propositions removed
Detecting unreachable propositions: [0.000s CPU, 0.001s wall-clock]
Reordering and filtering variables...
19 of 19 variables necessary.
16 of 19 mutex groups necessary.
112 of 112 operators necessary.
0 of 0 axiom rules necessary.
Reordering and filtering variables: [0.000s CPU, 0.001s wall-clock]
Translator variables: 19
Translator derived variables: 0
Translator facts: 80
Translator goal facts: 2
Translator mutex groups: 16
Translator total mutex groups size: 64
Translator operators: 112
Translator axioms: 0
Translator task size: 1029
warning: could not determine peak memory
Writing output... [0.000s CPU, 0.009s wall-clock]
Done! [0.016s CPU, 0.022s wall-clock]
translate exit code: 0

INFO     Running search (release).
INFO     search stdin: output.sas
INFO     search time limit: None
INFO     search memory limit: None
INFO     search command line string: 'C:\Users\user\Desktop\theoria\.worktrees\p13\engine-rig\.toolchain\downward\builds\release\bin\downward.exe' --search 'let(hlm,eval_modify_costs(landmark_sum(lm_factory=lm_reasonable_orders_hps(lm_rhw()),pref=false),cost_type=one),let(hff,eval_modify_costs(ff(),cost_type=one),lazy_greedy([hff,hlm],preferred=[hff,hlm],cost_type=one,reopen_closed=false)))' --internal-plan-file 'C:\Users\user\AppData\Local\Temp\tmpmb2eqns3\sas_plan' < output.sas
[t=0.000160s, 1956 KB] Search code revision: 7120aa0
[t=0.000255s, 1956 KB] reading input...
[t=0.001489s, 2192 KB] done reading input!
[t=0.003176s, 2848 KB] Simplifying 464 unary operators... done! [464 unary operators]
[t=0.003351s, 2900 KB] time to simplify: 0.000178s
[t=0.003373s, 2900 KB] Initializing additive heuristic...
[t=0.003377s, 2900 KB] Initializing FF heuristic...
[t=0.003400s, 2912 KB] Initializing landmark sum heuristic...
[t=0.003404s, 2912 KB] Generating landmark graph...
[t=0.003428s, 2912 KB] Building a landmark graph with reasonable orders.
[t=0.003451s, 2912 KB] Initializing Exploration...
[t=0.003515s, 2924 KB] Generating landmarks using the RPG/SAS+ approach
[t=0.003713s, 2940 KB] Landmarks generation time: 0.000278s
[t=0.003719s, 2940 KB] Discovered 8 landmarks, of which 2 are disjunctive and 0 are conjunctive.
[t=0.003722s, 2940 KB] There are 6 landmark orderings.
[t=0.003726s, 2940 KB] approx. reasonable orders
[t=0.003758s, 2940 KB] Landmarks generation time: 0.000353s
[t=0.003762s, 2940 KB] Discovered 8 landmarks, of which 2 are disjunctive and 0 are conjunctive.
[t=0.003765s, 2940 KB] There are 6 landmark orderings.
[t=0.003767s, 2940 KB] Landmark graph generation time: 0.000367s
[t=0.003773s, 2940 KB] Landmark graph contains 8 landmarks, of which 2 are disjunctive and 0 are conjunctive.
[t=0.003777s, 2940 KB] Landmark graph contains 6 orderings.
[t=0.003812s, 2940 KB] Building successor generator... done!
[t=0.003859s, 2940 KB] peak memory difference for successor generator creation: 0 KB
[t=0.003861s, 2940 KB] time for successor generation creation: 0.000039s
[t=0.003866s, 2940 KB] Variables: 19
[t=0.003869s, 2940 KB] FactPairs: 80
[t=0.003872s, 2940 KB] Bytes per state: 4
[t=0.003887s, 2940 KB] Conducting lazy best first search, (real) bound = 2147483647
[t=0.003925s, 2976 KB] New best heuristic value for landmark_sum_heuristic: 4
[t=0.003944s, 2976 KB] New best heuristic value for ff: 8
[t=0.003946s, 2976 KB] g=0, 1 evaluated, 0 expanded
[t=0.003954s, 2976 KB] Initial heuristic value for landmark_sum_heuristic: 4
[t=0.003958s, 2976 KB] Initial heuristic value for ff: 8
[t=0.003965s, 2976 KB] New best heuristic value for ff: 6
[t=0.003969s, 2976 KB] g=1, 2 evaluated, 1 expanded
[t=0.003978s, 2976 KB] New best heuristic value for ff: 5
[t=0.003981s, 2976 KB] g=2, 3 evaluated, 2 expanded
[t=0.003994s, 2996 KB] New best heuristic value for landmark_sum_heuristic: 3
[t=0.003997s, 2996 KB] New best heuristic value for ff: 4
[t=0.003999s, 2996 KB] g=3, 4 evaluated, 3 expanded
[t=0.004010s, 2996 KB] New best heuristic value for landmark_sum_heuristic: 2
[t=0.004014s, 2996 KB] New best heuristic value for ff: 2
[t=0.004016s, 2996 KB] g=4, 6 evaluated, 4 expanded
[t=0.004034s, 3020 KB] New best heuristic value for landmark_sum_heuristic: 1
[t=0.004038s, 3020 KB] New best heuristic value for ff: 1
[t=0.004040s, 3020 KB] g=5, 7 evaluated, 5 expanded
[t=0.004045s, 3020 KB] Solution found!
[t=0.004049s, 3020 KB] Actual search time: 0.000150s
move c44 c34 up (1)
move c34 c24 up (1)
move c24 c23 left (1)
push c23 c33 c43 b2 down (1)
move c33 c32 left (1)
push c32 c22 c12 b1 up (1)
[t=0.004052s, 3020 KB] Plan length: 6 step(s).
[t=0.004052s, 3020 KB] Plan cost: 6
[t=0.004052s, 3020 KB] Expanded 6 state(s).
[t=0.004052s, 3020 KB] Reopened 0 state(s).
[t=0.004052s, 3020 KB] Evaluated 8 state(s).
[t=0.004052s, 3020 KB] Evaluations: 15
[t=0.004052s, 3020 KB] Generated 19 state(s).
[t=0.004052s, 3020 KB] Dead ends: 1 state(s).
[t=0.004052s, 3020 KB] Number of registered states: 8
[t=0.004052s, 3020 KB] Int hash set load factor: 8/8 = 1.000000
[t=0.004052s, 3020 KB] Int hash set resizes: 3
[t=0.004052s, 3020 KB] Search time: 0.000166s
[t=0.004052s, 3020 KB] Total time: 0.004052s
Solution found.
Remove intermediate file output.sas
search exit code: 0

