INFO     planner time limit: None
INFO     planner memory limit: None

INFO     Running translator.
INFO     translator stdin: None
INFO     translator time limit: None
INFO     translator memory limit: None
INFO     translator command line string: 'D:\Miniforge3\python.exe' -m translate 'C:\Users\user\Desktop\theoria\.worktrees\e2-fd-ladder-bench\engine-rig\fixtures\data\sokoban_domain.pddl' 'C:\Users\user\Desktop\theoria\.worktrees\e2-fd-ladder-bench\engine-rig\fixtures\data\sokoban_open4far.pddl' --sas-file output.sas
Warning! SIGXCPU is not available on your platform. This means that the planner cannot be gracefully terminated when using a time limit, which, however, is probably supported on your platform anyway.
Parsing...
Parsing: [0.000s CPU, 0.001s wall-clock]
Normalizing task... [0.000s CPU, 0.000s wall-clock]
Instantiating...
Generating Datalog program... [0.000s CPU, 0.000s wall-clock]
Normalizing Datalog program...
Normalizing Datalog program: [0.000s CPU, 0.001s wall-clock]
Preparing model... [0.000s CPU, 0.000s wall-clock]
Generated 20 rules.
Computing model... [0.016s CPU, 0.003s wall-clock]
291 relevant atoms
400 auxiliary atoms
691 final queue length
931 total queue pushes
Completing instantiation... [0.000s CPU, 0.001s wall-clock]
Instantiating: [0.016s CPU, 0.006s wall-clock]
Computing fact groups...
Finding invariants...
7 initial candidates
Finding invariants: [0.000s CPU, 0.001s wall-clock]
Checking invariant weight... [0.000s CPU, 0.000s wall-clock]
Instantiating groups... [0.000s CPU, 0.000s wall-clock]
Collecting mutex groups... [0.000s CPU, 0.000s wall-clock]
Choosing groups...
16 uncovered facts
Choosing groups: [0.000s CPU, 0.000s wall-clock]
Building translation key... [0.000s CPU, 0.000s wall-clock]
Computing fact groups: [0.000s CPU, 0.001s wall-clock]
Building STRIPS to SAS dictionary... [0.000s CPU, 0.000s wall-clock]
Building dictionary for full mutex groups... [0.000s CPU, 0.000s wall-clock]
Building mutex information...
Building mutex information: [0.000s CPU, 0.000s wall-clock]
Translating task...
Processing axioms...
Simplifying axioms... [0.000s CPU, 0.000s wall-clock]
Translator axioms removed by simplifying: 0
Processing axioms: [0.000s CPU, 0.000s wall-clock]
Translating task: [0.000s CPU, 0.002s wall-clock]
176 effect conditions simplified
0 implied preconditions added
Detecting unreachable propositions...
0 operators removed
0 axioms removed
3 propositions removed
Detecting unreachable propositions: [0.000s CPU, 0.001s wall-clock]
Reordering and filtering variables...
19 of 19 variables necessary.
16 of 19 mutex groups necessary.
112 of 112 operators necessary.
0 of 0 axiom rules necessary.
Reordering and filtering variables: [0.000s CPU, 0.001s wall-clock]
Translator variables: 19
Translator derived variables: 0
Translator facts: 80
Translator goal facts: 2
Translator mutex groups: 16
Translator total mutex groups size: 64
Translator operators: 112
Translator axioms: 0
Translator task size: 1029
warning: could not determine peak memory
Writing output... [0.000s CPU, 0.009s wall-clock]
Done! [0.016s CPU, 0.022s wall-clock]
translate exit code: 0

INFO     Running search (release).
INFO     search stdin: output.sas
INFO     search time limit: None
INFO     search memory limit: None
INFO     search command line string: 'C:\Users\user\Desktop\theoria\.worktrees\p13\engine-rig\.toolchain\downward\builds\release\bin\downward.exe' --search 'astar(lmcut())' --internal-plan-file 'C:\Users\user\AppData\Local\Temp\tmpyfp12nm0\sas_plan' < output.sas
[t=0.000157s, 1920 KB] Search code revision: 7120aa0
[t=0.000245s, 1920 KB] reading input...
[t=0.001452s, 2172 KB] done reading input!
[t=0.002760s, 2880 KB] Initializing landmark cut heuristic...
[t=0.002791s, 2880 KB] Building successor generator... done!
[t=0.002848s, 2892 KB] peak memory difference for successor generator creation: 12 KB
[t=0.002851s, 2892 KB] time for successor generation creation: 0.000048s
[t=0.002856s, 2892 KB] Variables: 19
[t=0.002858s, 2892 KB] FactPairs: 80
[t=0.002861s, 2892 KB] Bytes per state: 4
[t=0.002873s, 2892 KB] Conducting best first search with reopening closed nodes, (real) bound = 2147483647
[t=0.002928s, 2916 KB] New best heuristic value for lmcut: 7
[t=0.002933s, 2916 KB] g=0, 1 evaluated, 0 expanded
[t=0.002935s, 2928 KB] f = 7, 1 evaluated, 0 expanded
[t=0.002943s, 2928 KB] Initial heuristic value for lmcut: 7
[t=0.002947s, 2928 KB] pruning method: none
[t=0.002996s, 2928 KB] New best heuristic value for lmcut: 6
[t=0.003000s, 2928 KB] g=1, 3 evaluated, 1 expanded
[t=0.003040s, 2928 KB] New best heuristic value for lmcut: 5
[t=0.003044s, 2928 KB] g=2, 5 evaluated, 2 expanded
[t=0.003059s, 2928 KB] New best heuristic value for lmcut: 4
[t=0.003063s, 2928 KB] g=3, 6 evaluated, 3 expanded
[t=0.003142s, 2928 KB] f = 9, 12 evaluated, 4 expanded
[t=0.003416s, 2944 KB] f = 10, 29 evaluated, 13 expanded
[t=0.003510s, 2944 KB] f = 11, 35 evaluated, 16 expanded
[t=0.003584s, 2944 KB] New best heuristic value for lmcut: 3
[t=0.003588s, 2944 KB] g=8, 41 evaluated, 19 expanded
[t=0.003614s, 2944 KB] New best heuristic value for lmcut: 2
[t=0.003618s, 2944 KB] g=9, 43 evaluated, 20 expanded
[t=0.003630s, 2944 KB] New best heuristic value for lmcut: 1
[t=0.003635s, 2944 KB] g=10, 45 evaluated, 21 expanded
[t=0.003659s, 2944 KB] New best heuristic value for lmcut: 0
[t=0.003663s, 2944 KB] g=11, 48 evaluated, 22 expanded
[t=0.003682s, 2964 KB] Solution found!
[t=0.003687s, 2964 KB] Actual search time: 0.000739s
move c44 c43 left (1)
push c43 c33 c23 b2 up (1)
push c33 c23 c13 b2 up (1)
move c23 c33 down (1)
move c33 c32 left (1)
move c32 c31 left (1)
move c31 c21 up (1)
move c21 c11 up (1)
move c11 c12 right (1)
push c12 c22 c32 b1 down (1)
push c22 c32 c42 b1 down (1)
[t=0.003690s, 2964 KB] Plan length: 11 step(s).
[t=0.003690s, 2964 KB] Plan cost: 11
[t=0.003690s, 2964 KB] Expanded 23 state(s).
[t=0.003690s, 2964 KB] Reopened 0 state(s).
[t=0.003690s, 2964 KB] Evaluated 49 state(s).
[t=0.003690s, 2964 KB] Evaluations: 49
[t=0.003690s, 2964 KB] Generated 68 state(s).
[t=0.003690s, 2964 KB] Dead ends: 7 state(s).
[t=0.003690s, 2964 KB] Expanded until last jump: 16 state(s).
[t=0.003690s, 2964 KB] Reopened until last jump: 0 state(s).
[t=0.003690s, 2964 KB] Evaluated until last jump: 35 state(s).
[t=0.003690s, 2964 KB] Generated until last jump: 50 state(s).
[t=0.003690s, 2964 KB] Number of registered states: 49
[t=0.003690s, 2964 KB] Int hash set load factor: 49/64 = 0.765625
[t=0.003690s, 2964 KB] Int hash set resizes: 6
[t=0.003690s, 2964 KB] Search time: 0.000819s
[t=0.003690s, 2964 KB] Total time: 0.003690s
Solution found.
Remove intermediate file output.sas
search exit code: 0

