INFO     planner time limit: None
INFO     planner memory limit: None

INFO     Running translator.
INFO     translator stdin: None
INFO     translator time limit: None
INFO     translator memory limit: None
INFO     translator command line string: 'D:\Miniforge3\python.exe' -m translate 'C:\Users\user\Desktop\theoria\.worktrees\e2-fd-ladder-bench\engine-rig\fixtures\data\sokoban_domain.pddl' 'C:\Users\user\Desktop\theoria\.worktrees\e2-fd-ladder-bench\engine-rig\runs\20260728T072633Z-E2-fd-ladder-bench\instances\sokoban-far5.pddl' --sas-file output.sas
Warning! SIGXCPU is not available on your platform. This means that the planner cannot be gracefully terminated when using a time limit, which, however, is probably supported on your platform anyway.
Parsing...
Parsing: [0.000s CPU, 0.001s wall-clock]
Normalizing task... [0.000s CPU, 0.000s wall-clock]
Instantiating...
Generating Datalog program... [0.000s CPU, 0.000s wall-clock]
Normalizing Datalog program...
Normalizing Datalog program: [0.000s CPU, 0.001s wall-clock]
Preparing model... [0.000s CPU, 0.000s wall-clock]
Generated 20 rules.
Computing model... [0.016s CPU, 0.004s wall-clock]
474 relevant atoms
660 auxiliary atoms
1134 final queue length
1579 total queue pushes
Completing instantiation... [0.000s CPU, 0.003s wall-clock]
Instantiating: [0.016s CPU, 0.008s wall-clock]
Computing fact groups...
Finding invariants...
7 initial candidates
Finding invariants: [0.000s CPU, 0.001s wall-clock]
Checking invariant weight... [0.000s CPU, 0.000s wall-clock]
Instantiating groups... [0.000s CPU, 0.000s wall-clock]
Collecting mutex groups... [0.000s CPU, 0.000s wall-clock]
Choosing groups...
25 uncovered facts
Choosing groups: [0.000s CPU, 0.000s wall-clock]
Building translation key... [0.000s CPU, 0.000s wall-clock]
Computing fact groups: [0.000s CPU, 0.002s wall-clock]
Building STRIPS to SAS dictionary... [0.000s CPU, 0.000s wall-clock]
Building dictionary for full mutex groups... [0.000s CPU, 0.000s wall-clock]
Building mutex information...
Building mutex information: [0.000s CPU, 0.000s wall-clock]
Translating task...
Processing axioms...
Simplifying axioms... [0.000s CPU, 0.000s wall-clock]
Translator axioms removed by simplifying: 0
Processing axioms: [0.000s CPU, 0.000s wall-clock]
Translating task: [0.000s CPU, 0.003s wall-clock]
320 effect conditions simplified
0 implied preconditions added
Detecting unreachable propositions...
0 operators removed
0 axioms removed
3 propositions removed
Detecting unreachable propositions: [0.000s CPU, 0.002s wall-clock]
Reordering and filtering variables...
28 of 28 variables necessary.
25 of 28 mutex groups necessary.
200 of 200 operators necessary.
0 of 0 axiom rules necessary.
Reordering and filtering variables: [0.000s CPU, 0.001s wall-clock]
Translator variables: 28
Translator derived variables: 0
Translator facts: 125
Translator goal facts: 2
Translator mutex groups: 25
Translator total mutex groups size: 100
Translator operators: 200
Translator axioms: 0
Translator task size: 1815
warning: could not determine peak memory
Writing output... [0.016s CPU, 0.010s wall-clock]
Done! [0.031s CPU, 0.028s wall-clock]
translate exit code: 0

INFO     Running search (release).
INFO     search stdin: output.sas
INFO     search time limit: None
INFO     search memory limit: None
INFO     search command line string: 'C:\Users\user\Desktop\theoria\.worktrees\p13\engine-rig\.toolchain\downward\builds\release\bin\downward.exe' --search 'astar(lmcut())' --internal-plan-file 'C:\Users\user\AppData\Local\Temp\tmpyv1zevlb\sas_plan' < output.sas
[t=0.000141s, 1964 KB] Search code revision: 7120aa0
[t=0.000235s, 1964 KB] reading input...
[t=0.002210s, 2328 KB] done reading input!
[t=0.003513s, 2936 KB] Initializing landmark cut heuristic...
[t=0.003542s, 2936 KB] Building successor generator... done!
[t=0.003621s, 2976 KB] peak memory difference for successor generator creation: 40 KB
[t=0.003623s, 2976 KB] time for successor generation creation: 0.000070s
[t=0.003629s, 2976 KB] Variables: 28
[t=0.003631s, 2976 KB] FactPairs: 125
[t=0.003635s, 2976 KB] Bytes per state: 8
[t=0.003646s, 2976 KB] Conducting best first search with reopening closed nodes, (real) bound = 2147483647
[t=0.003725s, 2996 KB] New best heuristic value for lmcut: 10
[t=0.003729s, 2996 KB] g=0, 1 evaluated, 0 expanded
[t=0.003732s, 2996 KB] f = 10, 1 evaluated, 0 expanded
[t=0.003738s, 2996 KB] Initial heuristic value for lmcut: 10
[t=0.003741s, 2996 KB] pruning method: none
[t=0.003785s, 2996 KB] New best heuristic value for lmcut: 9
[t=0.003788s, 2996 KB] g=1, 2 evaluated, 1 expanded
[t=0.003896s, 2996 KB] New best heuristic value for lmcut: 8
[t=0.003900s, 2996 KB] g=2, 5 evaluated, 2 expanded
[t=0.003930s, 2996 KB] New best heuristic value for lmcut: 7
[t=0.003934s, 2996 KB] g=3, 6 evaluated, 3 expanded
[t=0.004058s, 2996 KB] New best heuristic value for lmcut: 6
[t=0.004063s, 2996 KB] g=4, 10 evaluated, 4 expanded
[t=0.004085s, 2996 KB] New best heuristic value for lmcut: 5
[t=0.004089s, 2996 KB] g=5, 11 evaluated, 5 expanded
[t=0.004261s, 3012 KB] f = 12, 18 evaluated, 8 expanded
[t=0.004868s, 3012 KB] f = 13, 41 evaluated, 19 expanded
[t=0.005253s, 3032 KB] New best heuristic value for lmcut: 4
[t=0.005258s, 3032 KB] g=9, 54 evaluated, 25 expanded
[t=0.005304s, 3032 KB] New best heuristic value for lmcut: 3
[t=0.005308s, 3032 KB] g=10, 56 evaluated, 26 expanded
[t=0.005432s, 3032 KB] New best heuristic value for lmcut: 2
[t=0.005437s, 3032 KB] g=11, 61 evaluated, 27 expanded
[t=0.005509s, 3032 KB] New best heuristic value for lmcut: 1
[t=0.005514s, 3032 KB] g=12, 65 evaluated, 28 expanded
[t=0.005521s, 3032 KB] New best heuristic value for lmcut: 0
[t=0.005525s, 3032 KB] g=13, 66 evaluated, 29 expanded
[t=0.005565s, 3032 KB] Solution found!
[t=0.005570s, 3032 KB] Actual search time: 0.001828s
move c55 c45 up (1)
move c45 c44 left (1)
move c44 c34 up (1)
move c34 c24 up (1)
move c24 c14 up (1)
move c14 c13 left (1)
move c13 c12 left (1)
push c12 c22 c32 b1 down (1)
push c22 c32 c42 b1 down (1)
push c32 c42 c52 b1 down (1)
move c42 c43 right (1)
push c43 c33 c23 b2 up (1)
push c33 c23 c13 b2 up (1)
[t=0.005573s, 3032 KB] Plan length: 13 step(s).
[t=0.005573s, 3032 KB] Plan cost: 13
[t=0.005573s, 3032 KB] Expanded 30 state(s).
[t=0.005573s, 3032 KB] Reopened 0 state(s).
[t=0.005573s, 3032 KB] Evaluated 69 state(s).
[t=0.005573s, 3032 KB] Evaluations: 69
[t=0.005573s, 3032 KB] Generated 103 state(s).
[t=0.005573s, 3032 KB] Dead ends: 4 state(s).
[t=0.005573s, 3032 KB] Expanded until last jump: 19 state(s).
[t=0.005573s, 3032 KB] Reopened until last jump: 0 state(s).
[t=0.005573s, 3032 KB] Evaluated until last jump: 41 state(s).
[t=0.005573s, 3032 KB] Generated until last jump: 67 state(s).
[t=0.005573s, 3032 KB] Number of registered states: 69
[t=0.005573s, 3032 KB] Int hash set load factor: 69/128 = 0.539062
[t=0.005573s, 3032 KB] Int hash set resizes: 7
[t=0.005573s, 3032 KB] Search time: 0.001929s
[t=0.005573s, 3032 KB] Total time: 0.005573s
Solution found.
Remove intermediate file output.sas
search exit code: 0

