INFO     planner time limit: None
INFO     planner memory limit: None

INFO     Running translator.
INFO     translator stdin: None
INFO     translator time limit: None
INFO     translator memory limit: None
INFO     translator command line string: 'D:\Miniforge3\python.exe' -m translate 'C:\Users\user\Desktop\theoria\.worktrees\e2-fd-ladder-bench\engine-rig\fixtures\data\sokoban_domain.pddl' 'C:\Users\user\Desktop\theoria\.worktrees\e2-fd-ladder-bench\engine-rig\fixtures\data\sokoban_ringstuck.pddl' --sas-file output.sas
Warning! SIGXCPU is not available on your platform. This means that the planner cannot be gracefully terminated when using a time limit, which, however, is probably supported on your platform anyway.
Parsing...
Parsing: [0.000s CPU, 0.001s wall-clock]
Normalizing task... [0.000s CPU, 0.000s wall-clock]
Instantiating...
Generating Datalog program... [0.000s CPU, 0.000s wall-clock]
Normalizing Datalog program...
Normalizing Datalog program: [0.000s CPU, 0.001s wall-clock]
Preparing model... [0.000s CPU, 0.000s wall-clock]
Generated 20 rules.
Computing model... [0.000s CPU, 0.001s wall-clock]
131 relevant atoms
192 auxiliary atoms
323 final queue length
367 total queue pushes
Completing instantiation... [0.000s CPU, 0.000s wall-clock]
Instantiating: [0.000s CPU, 0.002s wall-clock]
No relaxed solution! Generating unsolvable task...
Translator variables: 1
Translator derived variables: 0
Translator facts: 2
Translator goal facts: 1
Translator mutex groups: 0
Translator total mutex groups size: 0
Translator operators: 0
Translator axioms: 0
Translator task size: 4
warning: could not determine peak memory
Writing output... [0.000s CPU, 0.005s wall-clock]
Done! [0.000s CPU, 0.009s wall-clock]
translate exit code: 0

INFO     Running search (release).
INFO     search stdin: output.sas
INFO     search time limit: None
INFO     search memory limit: None
INFO     search command line string: 'C:\Users\user\Desktop\theoria\.worktrees\p13\engine-rig\.toolchain\downward\builds\release\bin\downward.exe' --search 'let(hlm,eval_modify_costs(landmark_sum(lm_factory=lm_reasonable_orders_hps(lm_rhw()),pref=false),cost_type=one),let(hff,eval_modify_costs(ff(),cost_type=one),lazy_greedy([hff,hlm],preferred=[hff,hlm],cost_type=one,reopen_closed=false)))' --internal-plan-file 'C:\Users\user\AppData\Local\Temp\tmp8blnv2yp\sas_plan' < output.sas
[t=0.000148s, 2008 KB] Search code revision: 7120aa0
[t=0.000245s, 2012 KB] reading input...
[t=0.000330s, 2032 KB] done reading input!
[t=0.001913s, 2616 KB] Simplifying 0 unary operators... done! [0 unary operators]
[t=0.001927s, 2616 KB] time to simplify: 0.000020s
[t=0.001932s, 2616 KB] Initializing additive heuristic...
[t=0.001934s, 2616 KB] Initializing FF heuristic...
[t=0.001966s, 2616 KB] Initializing landmark sum heuristic...
[t=0.001974s, 2616 KB] Generating landmark graph...
[t=0.001983s, 2616 KB] Building a landmark graph with reasonable orders.
[t=0.001990s, 2616 KB] Initializing Exploration...
[t=0.002000s, 2616 KB] Generating landmarks using the RPG/SAS+ approach
[t=0.002035s, 2616 KB] Landmarks generation time: 0.000051s
[t=0.002042s, 2616 KB] Discovered 2 landmarks, of which 0 are disjunctive and 0 are conjunctive.
[t=0.002045s, 2616 KB] There are 1 landmark orderings.
[t=0.002048s, 2616 KB] approx. reasonable orders
[t=0.002053s, 2616 KB] Landmarks generation time: 0.000078s
[t=0.002056s, 2616 KB] Discovered 2 landmarks, of which 0 are disjunctive and 0 are conjunctive.
[t=0.002058s, 2616 KB] There are 1 landmark orderings.
[t=0.002060s, 2616 KB] Landmark graph generation time: 0.000088s
[t=0.002065s, 2616 KB] Landmark graph contains 2 landmarks, of which 0 are disjunctive and 0 are conjunctive.
[t=0.002067s, 2616 KB] Landmark graph contains 1 orderings.
[t=0.002107s, 2648 KB] Building successor generator... done!
[t=0.002118s, 2648 KB] peak memory difference for successor generator creation: 0 KB
[t=0.002120s, 2648 KB] time for successor generation creation: 0.000004s
[t=0.002128s, 2648 KB] Variables: 1
[t=0.002133s, 2648 KB] FactPairs: 2
[t=0.002137s, 2648 KB] Bytes per state: 4
[t=0.002165s, 2672 KB] Conducting lazy best first search, (real) bound = 2147483647
[t=0.002207s, 2732 KB] Initial heuristic value for ff: infinity
[t=0.002218s, 2740 KB] Completely explored state space -- no solution!
[t=0.002224s, 2740 KB] Actual search time: 0.000045s
[t=0.002227s, 2740 KB] Expanded 0 state(s).
[t=0.002227s, 2740 KB] Reopened 0 state(s).
[t=0.002227s, 2740 KB] Evaluated 1 state(s).
[t=0.002227s, 2740 KB] Evaluations: 1
[t=0.002227s, 2740 KB] Generated 0 state(s).
[t=0.002227s, 2740 KB] Dead ends: 1 state(s).
[t=0.002227s, 2740 KB] Number of registered states: 1
[t=0.002227s, 2740 KB] Int hash set load factor: 1/1 = 1.000000
[t=0.002227s, 2740 KB] Int hash set resizes: 0
[t=0.002227s, 2740 KB] Search time: 0.000064s
[t=0.002227s, 2740 KB] Total time: 0.002227s
Search stopped without finding a solution.
Remove intermediate file output.sas
search exit code: 12

Driver aborting after search
