{"mutant": "A01-holds-key-optimistic-default", "pytest_rc": 1, "build_rc": 0}
{"mutant": "A02-holds-ignores-status", "pytest_rc": 1, "build_rc": 0}
{"mutant": "A03-holds-ignores-verified", "pytest_rc": 1, "build_rc": 0}
{"mutant": "A04-truthy-not-identity", "pytest_rc": 1, "build_rc": 0}
{"mutant": "A05-sink-to-holds", "pytest_rc": 1, "build_rc": 0}
{"mutant": "A06-sink-to-violated", "pytest_rc": 1, "build_rc": 0}
{"mutant": "A07-drop-status-violated-clause", "pytest_rc": 1, "build_rc": 0}
{"mutant": "A08-drop-verified-violated-clause", "pytest_rc": 1, "build_rc": 0}
{"mutant": "A09-nameless-rows-vanish", "pytest_rc": 0, "build_rc": 0}
{"mutant": "A10-unverified-list-emptied-at-return", "pytest_rc": 1, "build_rc": 0}
{"mutant": "A11-violated-list-emptied-at-return", "pytest_rc": 1, "build_rc": 0}
{"mutant": "A12-violated-and-unverified-swapped", "pytest_rc": 1, "build_rc": 0}
{"mutant": "B01-all-hold-ignores-unverified", "pytest_rc": 1, "build_rc": 0}
{"mutant": "B02-all-hold-ignores-violated", "pytest_rc": 1, "build_rc": 0}
{"mutant": "B03-all-hold-always-true", "pytest_rc": 1, "build_rc": 0}
{"mutant": "C01-prose-branch-reports-holds", "pytest_rc": 1, "build_rc": 0}
{"mutant": "C02-prose-branch-drops-status-stamp", "pytest_rc": 0, "build_rc": 0}
{"mutant": "C03-vacuity-guard-disabled", "pytest_rc": 1, "build_rc": 0}
{"mutant": "C04-vacuity-guard-states-only", "pytest_rc": 1, "build_rc": 1}
{"mutant": "C05-vacuity-guard-edges-not-counted", "pytest_rc": 1, "build_rc": 1}
{"mutant": "C06-edge-check-never-runs", "pytest_rc": 1, "build_rc": 1}
{"mutant": "C07-edge-loop-first-transition-only", "pytest_rc": 0, "build_rc": 0}
{"mutant": "C08-state-loop-first-state-only", "pytest_rc": 0, "build_rc": 0}
{"mutant": "C09-holds-hardcoded-true", "pytest_rc": 1, "build_rc": 0}
{"mutant": "C10-status-hardcoded-holds", "pytest_rc": 0, "build_rc": 0}
{"mutant": "C11-status-hardcoded-violated", "pytest_rc": 1, "build_rc": 1}
{"mutant": "C12-check-exception-swallowed", "pytest_rc": 0, "build_rc": 0}
{"mutant": "C13-edge-exception-swallowed", "pytest_rc": 0, "build_rc": 0}
{"mutant": "C14-states-checked-misreported", "pytest_rc": 0, "build_rc": 0}
{"mutant": "C15-transitions-checked-misreported", "pytest_rc": 0, "build_rc": 0}
{"mutant": "C16-verified-stamp-false", "pytest_rc": 1, "build_rc": 1}
{"mutant": "C17-edge-violations-not-recorded", "pytest_rc": 1, "build_rc": 0}
{"mutant": "D01-ground-truth-all-hold-true", "pytest_rc": 1, "build_rc": 0}
{"mutant": "D02-ground-truth-status-emptied", "pytest_rc": 1, "build_rc": 0}
{"mutant": "D03-markdown-unverified-marker-removed", "pytest_rc": 0, "build_rc": 0}
{"mutant": "D04-markdown-violated-marker-removed", "pytest_rc": 0, "build_rc": 0}
{"mutant": "D05-markdown-summary-always-true", "pytest_rc": 0, "build_rc": 0}
{"mutant": "D06-markdown-rulecorr-and-not-or", "pytest_rc": 1, "build_rc": 0}
{"mutant": "D07-markdown-omits-unverified-bullets", "pytest_rc": 0, "build_rc": 0}
{"mutant": "E01-row-violated-emptied", "pytest_rc": 1, "build_rc": 0}
{"mutant": "E02-row-unverified-emptied", "pytest_rc": 1, "build_rc": 0}
{"mutant": "E03-totals-unverified-emptied", "pytest_rc": 1, "build_rc": 0}
{"mutant": "E04-totals-failures-emptied", "pytest_rc": 1, "build_rc": 0}
{"mutant": "E05-totals-keys-swapped", "pytest_rc": 1, "build_rc": 0}
{"mutant": "E06-unverified-gate-removed", "pytest_rc": 1, "build_rc": 0}
{"mutant": "E07-violated-gate-removed", "pytest_rc": 1, "build_rc": 0}
{"mutant": "E08-missing-key-back-to-optimistic-get", "pytest_rc": 1, "build_rc": 0}
{"mutant": "E09-gate-failures-returns-empty", "pytest_rc": 1, "build_rc": 0}
{"mutant": "E10-main-exits-zero-on-gate-failure", "pytest_rc": 1, "build_rc": 0}
{"mutant": "E11-mutant-gate-results-discarded", "pytest_rc": 0, "build_rc": 0}
{"mutant": "F01-latch-edge-check-returns-true", "pytest_rc": 0, "build_rc": 0}
{"mutant": "F02-latch-monotone-direction-flipped", "pytest_rc": 1, "build_rc": 1}
{"mutant": "F03-latch-per-switch-clause-dropped", "pytest_rc": 0, "build_rc": 0}
{"mutant": "F04-latch-net-clause-dropped", "pytest_rc": 0, "build_rc": 0}
{"mutant": "F05-latch-reverted-to-prose", "pytest_rc": 1, "build_rc": 1}
{"mutant": "F06-collection-edge-check-returns-true", "pytest_rc": 0, "build_rc": 0}
{"mutant": "F07-collection-direction-flipped", "pytest_rc": 1, "build_rc": 1}
{"mutant": "F08-collection-count-clause-dropped", "pytest_rc": 0, "build_rc": 0}
{"mutant": "F09-collection-lock-reopen-clause-dropped", "pytest_rc": 0, "build_rc": 0}
{"mutant": "F10-collection-reverted-to-prose", "pytest_rc": 1, "build_rc": 1}
{"mutant": "F11-tile-edge-check-returns-true", "pytest_rc": 0, "build_rc": 0}
{"mutant": "F12-tile-monotone-direction-flipped", "pytest_rc": 1, "build_rc": 1}
{"mutant": "F13-tile-monotone-clause-dropped", "pytest_rc": 0, "build_rc": 0}
{"mutant": "F14-tile-collapsed-crossing-clause-dropped", "pytest_rc": 0, "build_rc": 0}
{"mutant": "F15-tile-reverted-to-prose", "pytest_rc": 1, "build_rc": 1}
{"mutant": "G01-sandbox-anchor-guard-disabled", "pytest_rc": 0, "build_rc": 0}
{"mutant": "G02-sandbox-table-anchor-broken-guard-intact", "pytest_rc": 1, "build_rc": 0}
{"mutant": "G03-sandbox-anchor-broken-and-guard-disabled", "pytest_rc": 1, "build_rc": 0}
{"mutant": "G04-sandbox-pythonpath-not-isolated", "pytest_rc": 0, "build_rc": 0}
{"mutant": "G05-sandbox-gate-lines-always-empty", "pytest_rc": 1, "build_rc": 0}
{"mutant": "H01-mutate-now-false-back-to-optimistic-get", "pytest_rc": 0, "build_rc": 0}
{"mutant": "H02-mutate-now-false-includes-unverified", "pytest_rc": 0, "build_rc": 0}
