2026-07-29T03:58:16Z skip RES-1: quota hold [unread=0 held=0 claimable=8 hb=112min]
2026-07-29T03:58:16Z skip RES-2: quota hold [unread=0 held=1 claimable=0 hb=49min]
2026-07-29T03:58:16Z skip RES-3: quota hold [unread=0 held=2 claimable=3 hb=0min]
2026-07-29T03:58:16Z skip RES-4: quota hold [unread=0 held=2 claimable=2 hb=49min]
2026-07-29T03:58:16Z nothing to start
2026-07-29T03:59:38Z skip RES-1: cycle advanced 0 min ago [unread=0 held=0 claimable=8 hb=114min]
2026-07-29T03:59:38Z skip RES-2: cycle advanced 0 min ago [unread=0 held=1 claimable=0 hb=50min]
2026-07-29T03:59:38Z skip RES-3: cycle advanced 0 min ago [unread=0 held=2 claimable=3 hb=1min]
2026-07-29T03:59:38Z skip RES-4: cycle advanced 0 min ago [unread=0 held=2 claimable=2 hb=50min]
2026-07-29T03:59:38Z nothing to start
2026-07-29T04:00:02Z skip RES-1: cycle advanced 0 min ago [unread=0 held=0 claimable=8 hb=114min]
2026-07-29T04:00:02Z skip RES-2: cycle advanced 0 min ago [unread=0 held=1 claimable=0 hb=50min]
2026-07-29T04:00:02Z skip RES-3: cycle advanced 0 min ago [unread=0 held=2 claimable=3 hb=2min]
2026-07-29T04:00:02Z skip RES-4: cycle advanced 0 min ago [unread=0 held=2 claimable=2 hb=50min]
2026-07-29T04:00:02Z nothing to start
2026-07-29T04:00:03Z skip RES-1: cycle advanced 0 min ago [unread=0 held=0 claimable=8 hb=114min]
2026-07-29T04:00:03Z skip RES-2: cycle advanced 0 min ago [unread=0 held=1 claimable=0 hb=50min]
2026-07-29T04:00:03Z skip RES-3: cycle advanced 0 min ago [unread=0 held=2 claimable=3 hb=2min]
2026-07-29T04:00:03Z skip RES-4: cycle advanced 0 min ago [unread=0 held=2 claimable=2 hb=50min]
2026-07-29T04:00:03Z nothing to start
2026-07-29T04:00:23Z skip RES-1: quota hold [unread=0 held=0 claimable=8 hb=115min]
2026-07-29T04:00:23Z skip RES-2: quota hold [unread=0 held=1 claimable=0 hb=51min]
2026-07-29T04:00:23Z skip RES-3: quota hold [unread=0 held=2 claimable=3 hb=2min]
2026-07-29T04:00:23Z skip RES-4: quota hold [unread=0 held=2 claimable=2 hb=51min]
2026-07-29T04:00:23Z nothing to start
2026-07-29T04:15:06Z skip RES-1: quota hold [unread=0 held=0 claimable=8 hb=129min]
2026-07-29T04:15:06Z skip RES-2: quota hold [unread=0 held=1 claimable=0 hb=10min]
2026-07-29T04:15:06Z skip RES-3: quota hold [unread=0 held=2 claimable=3 hb=10min]
2026-07-29T04:15:06Z skip RES-4: quota hold [unread=0 held=2 claimable=2 hb=10min]
2026-07-29T04:15:06Z nothing to start
2026-07-29T04:30:03Z skip RES-1: quota hold [unread=0 held=0 claimable=8 hb=144min]
2026-07-29T04:30:03Z skip RES-2: quota hold [unread=0 held=1 claimable=0 hb=25min]
2026-07-29T04:30:03Z skip RES-3: quota hold [unread=0 held=2 claimable=3 hb=25min]
2026-07-29T04:30:03Z skip RES-4: quota hold [unread=0 held=2 claimable=2 hb=25min]
2026-07-29T04:30:03Z nothing to start
2026-07-29T04:45:03Z START RES-1 (lane=campaign) ok=True [unread=0 held=0 claimable=8]
2026-07-29T04:45:48Z START RES-2 (lane=paper) ok=True [unread=0 held=1 claimable=0]
2026-07-29T04:46:33Z START RES-3 (lane=verify) ok=True [unread=0 held=2 claimable=3]
2026-07-29T04:47:18Z skip RES-4: standing cap 3 reached [unread=0 held=2 claimable=2 hb=42min]
2026-07-29T05:00:03Z skip RES-1: already running (scheduled task) [unread=0 held=3 claimable=2 hb=14min]
2026-07-29T05:00:03Z skip RES-2: already running (scheduled task) [unread=0 held=1 claimable=0 hb=13min]
2026-07-29T05:00:03Z skip RES-3: already running (scheduled task) [unread=0 held=2 claimable=0 hb=3min]
2026-07-29T05:00:03Z skip RES-4: standing cap 3 reached [unread=0 held=2 claimable=2 hb=55min]
2026-07-29T05:00:03Z nothing to start
2026-07-29T05:15:03Z skip RES-1: already running (scheduled task) [unread=0 held=3 claimable=2 hb=13min]
2026-07-29T05:15:03Z skip RES-2: already running (scheduled task) [unread=0 held=1 claimable=0 hb=11min]
2026-07-29T05:15:03Z skip RES-3: already running (scheduled task) [unread=0 held=2 claimable=0 hb=0min]
2026-07-29T05:15:03Z skip RES-4: standing cap 3 reached [unread=0 held=2 claimable=2 hb=70min]
2026-07-29T05:15:03Z nothing to start
2026-07-29T05:30:03Z skip RES-1: already running (scheduled task) [unread=0 held=2 claimable=1 hb=2min]
2026-07-29T05:30:03Z skip RES-2: already running (scheduled task) [unread=0 held=1 claimable=0 hb=26min]
2026-07-29T05:30:03Z skip RES-3: already running (scheduled task) [unread=0 held=1 claimable=1 hb=8min]
2026-07-29T05:30:03Z skip RES-4: standing cap 3 reached [unread=0 held=2 claimable=2 hb=85min]
2026-07-29T05:30:03Z nothing to start
2026-07-29T05:45:03Z skip RES-1: lock held 17 min ago [unread=0 held=2 claimable=1 hb=17min]
2026-07-29T05:45:03Z skip RES-2: already running (scheduled task) [unread=0 held=1 claimable=1 hb=10min]
2026-07-29T05:45:03Z skip RES-3: cycle advanced to 44 [unread=0 held=1 claimable=1 hb=23min]
2026-07-29T05:45:03Z START RES-4 (lane=infra) ok=True [unread=0 held=2 claimable=2]
2026-07-29T06:00:03Z skip RES-1: cycle advanced to 9 [unread=0 held=2 claimable=1 hb=32min]
2026-07-29T06:00:03Z skip RES-2: lock held 9 min ago [unread=0 held=1 claimable=1 hb=9min]
2026-07-29T06:00:03Z skip RES-3: cycle advanced 15 min ago [unread=0 held=1 claimable=1 hb=38min]
2026-07-29T06:00:03Z skip RES-4: already running (scheduled task) [unread=0 held=3 claimable=0 hb=6min]
2026-07-29T06:00:03Z nothing to start
2026-07-29T06:15:02Z skip RES-1: cycle advanced to 9 [unread=0 held=2 claimable=1 hb=47min]
2026-07-29T06:15:02Z skip RES-2: cycle advanced to 9 [unread=0 held=1 claimable=1 hb=24min]
2026-07-29T06:15:02Z START RES-3 (lane=verify) ok=True [unread=0 held=1 claimable=1]
2026-07-29T06:15:47Z skip RES-4: already running (scheduled task) [unread=0 held=2 claimable=0 hb=4min]
2026-07-29T06:30:02Z skip RES-1: cycle advanced 15 min ago [unread=0 held=2 claimable=1 hb=62min]
2026-07-29T06:30:02Z skip RES-2: cycle advanced 15 min ago [unread=0 held=1 claimable=1 hb=39min]
2026-07-29T06:30:02Z skip RES-3: already running (scheduled task) [unread=0 held=2 claimable=0 hb=14min]
2026-07-29T06:30:02Z skip RES-4: already running (scheduled task) [unread=0 held=2 claimable=0 hb=3min]
2026-07-29T06:30:02Z nothing to start
2026-07-29T06:45:03Z START RES-1 (lane=campaign) ok=True [unread=0 held=2 claimable=1]
2026-07-29T06:45:48Z START RES-2 (lane=paper) ok=True [unread=0 held=1 claimable=1]
2026-07-29T06:46:33Z skip RES-3: already running (scheduled task) [unread=0 held=2 claimable=0 hb=6min]
2026-07-29T06:46:33Z skip RES-4: lock held 7 min ago [unread=0 held=1 claimable=2 hb=6min]
2026-07-29T07:00:03Z skip RES-1: already running (scheduled task) [unread=0 held=2 claimable=1 hb=1min]
2026-07-29T07:00:03Z skip RES-2: already running (scheduled task) [unread=0 held=2 claimable=0 hb=1min]
2026-07-29T07:00:03Z skip RES-3: already running (scheduled task) [unread=0 held=1 claimable=2 hb=4min]
2026-07-29T07:00:03Z skip RES-4: cycle advanced to 16 [unread=0 held=1 claimable=2 hb=20min]
2026-07-29T07:00:03Z nothing to start
2026-07-29T07:15:03Z skip RES-1: already running (scheduled task) [unread=0 held=3 claimable=0 hb=2min]
2026-07-29T07:15:03Z skip RES-2: already running (scheduled task) [unread=0 held=1 claimable=1 hb=0min]
2026-07-29T07:15:03Z skip RES-3: already running (scheduled task) [unread=0 held=1 claimable=2 hb=11min]
2026-07-29T07:15:03Z skip RES-4: cycle advanced to 16 [unread=0 held=1 claimable=2 hb=35min]
2026-07-29T07:15:03Z nothing to start
2026-07-29T07:30:02Z skip RES-1: already running (scheduled task) [unread=0 held=3 claimable=0 hb=14min]
2026-07-29T07:30:02Z skip RES-2: lock held 15 min ago [unread=0 held=1 claimable=1 hb=15min]
2026-07-29T07:30:02Z skip RES-3: already running (scheduled task) [unread=0 held=1 claimable=0 hb=0min]
2026-07-29T07:30:02Z skip RES-4: cycle advanced to 16 [unread=0 held=1 claimable=2 hb=50min]
2026-07-29T07:30:02Z nothing to start
2026-07-29T07:45:03Z skip RES-1: already running (scheduled task) [unread=0 held=2 claimable=0 hb=0min]
2026-07-29T07:45:03Z skip RES-2: cycle advanced to 11 [unread=0 held=1 claimable=1 hb=30min]
2026-07-29T07:45:03Z skip RES-3: already running (scheduled task) [unread=0 held=1 claimable=0 hb=15min]
2026-07-29T07:45:03Z skip RES-4: cycle advanced to 16 [unread=0 held=1 claimable=2 hb=65min]
2026-07-29T07:45:03Z nothing to start
2026-07-29T08:00:03Z skip RES-1: lock held 9 min ago [unread=0 held=2 claimable=0 hb=9min]
2026-07-29T08:00:03Z skip RES-2: cycle advanced to 11 [unread=0 held=1 claimable=1 hb=45min]
2026-07-29T08:00:03Z skip RES-3: already running (scheduled task) [unread=0 held=1 claimable=0 hb=30min]
2026-07-29T08:00:03Z skip RES-4: cycle advanced to 16 [unread=0 held=1 claimable=2 hb=80min]
2026-07-29T08:00:03Z nothing to start
2026-07-29T08:15:03Z skip RES-1: cycle advanced to 14 [unread=0 held=2 claimable=0 hb=24min]
2026-07-29T08:15:03Z skip RES-2: cycle advanced to 11 [unread=0 held=1 claimable=1 hb=60min]
2026-07-29T08:15:03Z skip RES-3: lock held 7 min ago [unread=0 held=0 claimable=1 hb=7min]
2026-07-29T08:15:03Z skip RES-4: cycle advanced to 16 [unread=0 held=1 claimable=2 hb=95min]
2026-07-29T08:15:03Z nothing to start
2026-07-29T08:30:03Z skip RES-1: cycle advanced to 14 [unread=0 held=2 claimable=0 hb=39min]
2026-07-29T08:30:03Z skip RES-2: cycle advanced to 11 [unread=0 held=1 claimable=1 hb=75min]
2026-07-29T08:30:03Z skip RES-3: cycle advanced to 49 [unread=0 held=0 claimable=1 hb=22min]
2026-07-29T08:30:03Z skip RES-4: cycle advanced to 16 [unread=0 held=1 claimable=2 hb=110min]
2026-07-29T08:30:03Z nothing to start
2026-07-29T08:45:03Z skip RES-1: cycle advanced to 14 [unread=0 held=2 claimable=0 hb=54min]
2026-07-29T08:45:03Z skip RES-2: cycle advanced to 11 [unread=0 held=1 claimable=1 hb=90min]
2026-07-29T08:45:03Z skip RES-3: cycle advanced to 49 [unread=0 held=0 claimable=1 hb=37min]
2026-07-29T08:45:03Z skip RES-4: cycle advanced to 16 [unread=0 held=1 claimable=2 hb=125min]
2026-07-29T08:45:03Z nothing to start
2026-07-29T09:00:03Z skip RES-1: cycle advanced to 14 [unread=0 held=2 claimable=0 hb=69min]
2026-07-29T09:00:03Z skip RES-2: cycle advanced to 11 [unread=0 held=1 claimable=1 hb=105min]
2026-07-29T09:00:03Z skip RES-3: cycle advanced to 49 [unread=0 held=0 claimable=1 hb=52min]
2026-07-29T09:00:03Z skip RES-4: cycle advanced to 16 [unread=0 held=1 claimable=2 hb=140min]
2026-07-29T09:00:03Z nothing to start
2026-07-29T09:15:03Z skip RES-1: cycle advanced to 14 [unread=0 held=2 claimable=0 hb=84min]
2026-07-29T09:15:03Z skip RES-2: cycle advanced to 11 [unread=0 held=1 claimable=1 hb=120min]
2026-07-29T09:15:03Z skip RES-3: cycle advanced to 49 [unread=0 held=0 claimable=1 hb=67min]
2026-07-29T09:15:03Z skip RES-4: cycle advanced to 16 [unread=0 held=1 claimable=2 hb=155min]
2026-07-29T09:15:03Z nothing to start
2026-07-29T09:30:03Z skip RES-1: cycle advanced to 14 [unread=0 held=2 claimable=0 hb=99min]
2026-07-29T09:30:03Z skip RES-2: cycle advanced to 11 [unread=0 held=1 claimable=1 hb=135min]
2026-07-29T09:30:03Z skip RES-3: cycle advanced to 49 [unread=0 held=0 claimable=1 hb=82min]
2026-07-29T09:30:03Z skip RES-4: cycle advanced to 16 [unread=0 held=1 claimable=2 hb=170min]
2026-07-29T09:30:03Z nothing to start
2026-07-29T09:45:03Z skip RES-1: cycle advanced to 14 [unread=0 held=2 claimable=0 hb=114min]
2026-07-29T09:45:03Z skip RES-2: cycle advanced to 11 [unread=0 held=1 claimable=1 hb=150min]
2026-07-29T09:45:03Z skip RES-3: cycle advanced to 49 [unread=0 held=0 claimable=1 hb=97min]
2026-07-29T09:45:03Z skip RES-4: cycle advanced to 16 [unread=0 held=1 claimable=2 hb=185min]
2026-07-29T09:45:03Z nothing to start
2026-07-29T10:00:03Z skip RES-1: cycle advanced to 14 [unread=0 held=2 claimable=0 hb=129min]
2026-07-29T10:00:03Z skip RES-2: cycle advanced to 11 [unread=0 held=1 claimable=1 hb=165min]
2026-07-29T10:00:03Z skip RES-3: cycle advanced to 49 [unread=0 held=0 claimable=1 hb=112min]
2026-07-29T10:00:03Z skip RES-4: cycle advanced to 16 [unread=0 held=1 claimable=2 hb=200min]
2026-07-29T10:00:03Z nothing to start
2026-07-29T10:05:33Z skip RES-1: cycle advanced to 15 [unread=0 held=2 claimable=0 hb=0min]
2026-07-29T10:05:33Z skip RES-2: cycle advanced to 12 [unread=0 held=1 claimable=1 hb=0min]
2026-07-29T10:05:33Z skip RES-3: cycle advanced to 49 [unread=0 held=0 claimable=1 hb=117min]
2026-07-29T10:05:33Z skip RES-4: cycle advanced to 16 [unread=0 held=2 claimable=0 hb=205min]
2026-07-29T10:05:33Z nothing to start
2026-07-29T10:06:05Z skip RES-1: cycle advanced to 15 (1 min ago) [unread=0 held=2 claimable=0 hb=1min]
2026-07-29T10:06:05Z skip RES-2: cycle advanced to 12 (1 min ago) [unread=0 held=1 claimable=1 hb=0min]
2026-07-29T10:06:05Z WOULD START RES-3 (lane=verify) [unread=0 held=0 claimable=1]
2026-07-29T10:06:05Z WOULD START RES-4 (lane=infra) [unread=0 held=2 claimable=0]
2026-07-29T10:06:20Z skip RES-1: cycle advanced to 15 (2 min ago) [unread=0 held=2 claimable=0 hb=1min]
2026-07-29T10:06:20Z skip RES-2: cycle advanced to 12 (1 min ago) [unread=0 held=1 claimable=1 hb=1min]
2026-07-29T10:06:20Z START RES-3 (lane=verify) ok=True [unread=0 held=0 claimable=1]
2026-07-29T10:07:05Z START RES-4 (lane=infra) ok=True [unread=0 held=2 claimable=0]
