$ D:\Miniforge3\python.exe C:/Users/user/Desktop/theoria/.worktrees/p13/engine-rig/.toolchain/downward/fast-downward.py --plan-file C:\Users\user\Desktop\theoria\.worktrees\e7-deadlock-claim\engine-rig\runs\20260728T150713Z-E7-deadlock-claim-audit\attacks\verify\rnd0021\fd-logs\s0000-lmcut.plan C:\Users\user\Desktop\theoria\.worktrees\e7-deadlock-claim\engine-rig\fixtures\data\sokoban_domain.pddl C:\Users\user\Desktop\theoria\.worktrees\e7-deadlock-claim\engine-rig\runs\20260728T150713Z-E7-deadlock-claim-audit\attacks\verify\rnd0021\problems\rnd0021-s0000.pddl --search astar(lmcut())

INFO     planner time limit: None
INFO     planner memory limit: None

INFO     Running translator.
INFO     translator stdin: None
INFO     translator time limit: None
INFO     translator memory limit: None
INFO     translator command line string: 'D:\Miniforge3\python.exe' -m translate 'C:\Users\user\Desktop\theoria\.worktrees\e7-deadlock-claim\engine-rig\fixtures\data\sokoban_domain.pddl' 'C:\Users\user\Desktop\theoria\.worktrees\e7-deadlock-claim\engine-rig\runs\20260728T150713Z-E7-deadlock-claim-audit\attacks\verify\rnd0021\problems\rnd0021-s0000.pddl' --sas-file output.sas
Warning! SIGXCPU is not available on your platform. This means that the planner cannot be gracefully terminated when using a time limit, which, however, is probably supported on your platform anyway.
Parsing...
Parsing: [0.000s CPU, 0.001s wall-clock]
Normalizing task... [0.000s CPU, 0.000s wall-clock]
Instantiating...
Generating Datalog program... [0.000s CPU, 0.000s wall-clock]
Normalizing Datalog program...
Normalizing Datalog program: [0.000s CPU, 0.001s wall-clock]
Preparing model... [0.000s CPU, 0.000s wall-clock]
Generated 20 rules.
Computing model... [0.000s CPU, 0.001s wall-clock]
174 relevant atoms
270 auxiliary atoms
444 final queue length
513 total queue pushes
Completing instantiation... [0.000s CPU, 0.000s wall-clock]
Instantiating: [0.000s CPU, 0.003s wall-clock]
Computing fact groups...
Finding invariants...
7 initial candidates
Finding invariants: [0.000s CPU, 0.001s wall-clock]
Checking invariant weight... [0.000s CPU, 0.000s wall-clock]
Instantiating groups... [0.000s CPU, 0.000s wall-clock]
Collecting mutex groups... [0.000s CPU, 0.000s wall-clock]
Choosing groups...
14 uncovered facts
Choosing groups: [0.000s CPU, 0.000s wall-clock]
Building translation key... [0.000s CPU, 0.000s wall-clock]
Computing fact groups: [0.000s CPU, 0.001s wall-clock]
Building STRIPS to SAS dictionary... [0.000s CPU, 0.000s wall-clock]
Building dictionary for full mutex groups... [0.000s CPU, 0.000s wall-clock]
Building mutex information...
Building mutex information: [0.000s CPU, 0.000s wall-clock]
Translating task...
Processing axioms...
Simplifying axioms... [0.000s CPU, 0.000s wall-clock]
Translator axioms removed by simplifying: 0
Processing axioms: [0.000s CPU, 0.000s wall-clock]
Translating task: [0.016s CPU, 0.001s wall-clock]
48 effect conditions simplified
0 implied preconditions added
Detecting unreachable propositions...
0 operators removed
0 axioms removed
3 propositions removed
Detecting unreachable propositions: [0.000s CPU, 0.000s wall-clock]
Reordering and filtering variables...
17 of 17 variables necessary.
14 of 17 mutex groups necessary.
42 of 42 operators necessary.
0 of 0 axiom rules necessary.
Reordering and filtering variables: [0.000s CPU, 0.000s wall-clock]
Translator variables: 17
Translator derived variables: 0
Translator facts: 49
Translator goal facts: 2
Translator mutex groups: 14
Translator total mutex groups size: 35
Translator operators: 42
Translator axioms: 0
Translator task size: 373
warning: could not determine peak memory
Writing output... [0.000s CPU, 0.008s wall-clock]
Done! [0.016s CPU, 0.016s wall-clock]
translate exit code: 0

INFO     Running search (release).
INFO     search stdin: output.sas
INFO     search time limit: None
INFO     search memory limit: None
INFO     search command line string: 'C:\Users\user\Desktop\theoria\.worktrees\p13\engine-rig\.toolchain\downward\builds\release\bin\downward.exe' --search 'astar(lmcut())' --internal-plan-file 'C:\Users\user\Desktop\theoria\.worktrees\e7-deadlock-claim\engine-rig\runs\20260728T150713Z-E7-deadlock-claim-audit\attacks\verify\rnd0021\fd-logs\s0000-lmcut.plan' < output.sas
[t=0.000113s, 1924 KB] Search code revision: 7120aa0
[t=0.000196s, 1952 KB] reading input...
[t=0.000705s, 2092 KB] done reading input!
[t=0.001590s, 2576 KB] Initializing landmark cut heuristic...
[t=0.001625s, 2584 KB] Building successor generator... done!
[t=0.001655s, 2584 KB] peak memory difference for successor generator creation: 0 KB
[t=0.001657s, 2584 KB] time for successor generation creation: 0.000021s
[t=0.001662s, 2584 KB] Variables: 17
[t=0.001665s, 2584 KB] FactPairs: 49
[t=0.001667s, 2584 KB] Bytes per state: 4
[t=0.001679s, 2584 KB] Conducting best first search with reopening closed nodes, (real) bound = 2147483647
[t=0.001719s, 2596 KB] New best heuristic value for lmcut: 10
[t=0.001724s, 2596 KB] g=0, 1 evaluated, 0 expanded
[t=0.001726s, 2596 KB] f = 10, 1 evaluated, 0 expanded
[t=0.001735s, 2608 KB] Initial heuristic value for lmcut: 10
[t=0.001739s, 2608 KB] pruning method: none
[t=0.001765s, 2612 KB] New best heuristic value for lmcut: 9
[t=0.001769s, 2612 KB] g=1, 3 evaluated, 1 expanded
[t=0.001798s, 2616 KB] New best heuristic value for lmcut: 8
[t=0.001804s, 2616 KB] g=2, 6 evaluated, 2 expanded
[t=0.001815s, 2616 KB] New best heuristic value for lmcut: 7
[t=0.001818s, 2616 KB] g=3, 7 evaluated, 3 expanded
[t=0.001825s, 2652 KB] New best heuristic value for lmcut: 6
[t=0.001830s, 2652 KB] g=4, 8 evaluated, 4 expanded
[t=0.001853s, 2664 KB] New best heuristic value for lmcut: 5
[t=0.001857s, 2664 KB] g=5, 11 evaluated, 5 expanded
[t=0.001868s, 2664 KB] New best heuristic value for lmcut: 4
[t=0.001872s, 2664 KB] g=6, 13 evaluated, 6 expanded
[t=0.001881s, 2664 KB] New best heuristic value for lmcut: 3
[t=0.001884s, 2664 KB] g=7, 14 evaluated, 7 expanded
[t=0.001890s, 2664 KB] f = 11, 15 evaluated, 10 expanded
[t=0.001913s, 2664 KB] f = 12, 17 evaluated, 11 expanded
[t=0.001946s, 2664 KB] f = 13, 21 evaluated, 16 expanded
[t=0.001972s, 2664 KB] f = 14, 24 evaluated, 19 expanded
[t=0.001985s, 2664 KB] f = 16, 25 evaluated, 21 expanded
[t=0.002006s, 2664 KB] f = 17, 28 evaluated, 23 expanded
[t=0.002046s, 2664 KB] f = 18, 32 evaluated, 26 expanded
[t=0.002080s, 2664 KB] f = 19, 35 evaluated, 30 expanded
[t=0.002094s, 2664 KB] f = 20, 37 evaluated, 32 expanded
[t=0.002097s, 2664 KB] Completely explored state space -- no solution!
[t=0.002099s, 2664 KB] Actual search time: 0.000359s
[t=0.002103s, 2664 KB] Expanded 33 state(s).
[t=0.002103s, 2664 KB] Reopened 0 state(s).
[t=0.002103s, 2664 KB] Evaluated 37 state(s).
[t=0.002103s, 2664 KB] Evaluations: 37
[t=0.002103s, 2664 KB] Generated 81 state(s).
[t=0.002103s, 2664 KB] Dead ends: 4 state(s).
[t=0.002103s, 2664 KB] Expanded until last jump: 32 state(s).
[t=0.002103s, 2664 KB] Reopened until last jump: 0 state(s).
[t=0.002103s, 2664 KB] Evaluated until last jump: 37 state(s).
[t=0.002103s, 2664 KB] Generated until last jump: 80 state(s).
[t=0.002103s, 2664 KB] Number of registered states: 37
[t=0.002103s, 2664 KB] Int hash set load factor: 37/64 = 0.578125
[t=0.002103s, 2664 KB] Int hash set resizes: 6
[t=0.002103s, 2664 KB] Search time: 0.000427s
[t=0.002103s, 2664 KB] Total time: 0.002103s
Search stopped without finding a solution.
Remove intermediate file output.sas
search exit code: 12

Driver aborting after search

