$ D:\Miniforge3\python.exe C:/Users/user/Desktop/theoria/.worktrees/p13/engine-rig/.toolchain/downward/fast-downward.py --plan-file C:\Users\user\Desktop\theoria\.worktrees\e7-deadlock-claim\engine-rig\runs\20260728T150713Z-E7-deadlock-claim-audit\attacks\verify\rnd0021\fd-logs\s0000-hmax.plan C:\Users\user\Desktop\theoria\.worktrees\e7-deadlock-claim\engine-rig\fixtures\data\sokoban_domain.pddl C:\Users\user\Desktop\theoria\.worktrees\e7-deadlock-claim\engine-rig\runs\20260728T150713Z-E7-deadlock-claim-audit\attacks\verify\rnd0021\problems\rnd0021-s0000.pddl --search astar(hmax())

INFO     planner time limit: None
INFO     planner memory limit: None

INFO     Running translator.
INFO     translator stdin: None
INFO     translator time limit: None
INFO     translator memory limit: None
INFO     translator command line string: 'D:\Miniforge3\python.exe' -m translate 'C:\Users\user\Desktop\theoria\.worktrees\e7-deadlock-claim\engine-rig\fixtures\data\sokoban_domain.pddl' 'C:\Users\user\Desktop\theoria\.worktrees\e7-deadlock-claim\engine-rig\runs\20260728T150713Z-E7-deadlock-claim-audit\attacks\verify\rnd0021\problems\rnd0021-s0000.pddl' --sas-file output.sas
Warning! SIGXCPU is not available on your platform. This means that the planner cannot be gracefully terminated when using a time limit, which, however, is probably supported on your platform anyway.
Parsing...
Parsing: [0.000s CPU, 0.001s wall-clock]
Normalizing task... [0.000s CPU, 0.000s wall-clock]
Instantiating...
Generating Datalog program... [0.000s CPU, 0.000s wall-clock]
Normalizing Datalog program...
Normalizing Datalog program: [0.000s CPU, 0.001s wall-clock]
Preparing model... [0.000s CPU, 0.000s wall-clock]
Generated 20 rules.
Computing model... [0.000s CPU, 0.001s wall-clock]
174 relevant atoms
270 auxiliary atoms
444 final queue length
513 total queue pushes
Completing instantiation... [0.000s CPU, 0.000s wall-clock]
Instantiating: [0.000s CPU, 0.003s wall-clock]
Computing fact groups...
Finding invariants...
7 initial candidates
Finding invariants: [0.000s CPU, 0.001s wall-clock]
Checking invariant weight... [0.000s CPU, 0.000s wall-clock]
Instantiating groups... [0.000s CPU, 0.000s wall-clock]
Collecting mutex groups... [0.000s CPU, 0.000s wall-clock]
Choosing groups...
14 uncovered facts
Choosing groups: [0.000s CPU, 0.000s wall-clock]
Building translation key... [0.000s CPU, 0.000s wall-clock]
Computing fact groups: [0.000s CPU, 0.001s wall-clock]
Building STRIPS to SAS dictionary... [0.000s CPU, 0.000s wall-clock]
Building dictionary for full mutex groups... [0.000s CPU, 0.000s wall-clock]
Building mutex information...
Building mutex information: [0.000s CPU, 0.000s wall-clock]
Translating task...
Processing axioms...
Simplifying axioms... [0.000s CPU, 0.000s wall-clock]
Translator axioms removed by simplifying: 0
Processing axioms: [0.000s CPU, 0.000s wall-clock]
Translating task: [0.016s CPU, 0.001s wall-clock]
48 effect conditions simplified
0 implied preconditions added
Detecting unreachable propositions...
0 operators removed
0 axioms removed
3 propositions removed
Detecting unreachable propositions: [0.000s CPU, 0.000s wall-clock]
Reordering and filtering variables...
17 of 17 variables necessary.
14 of 17 mutex groups necessary.
42 of 42 operators necessary.
0 of 0 axiom rules necessary.
Reordering and filtering variables: [0.000s CPU, 0.000s wall-clock]
Translator variables: 17
Translator derived variables: 0
Translator facts: 49
Translator goal facts: 2
Translator mutex groups: 14
Translator total mutex groups size: 35
Translator operators: 42
Translator axioms: 0
Translator task size: 373
warning: could not determine peak memory
Writing output... [0.000s CPU, 0.008s wall-clock]
Done! [0.016s CPU, 0.016s wall-clock]
translate exit code: 0

INFO     Running search (release).
INFO     search stdin: output.sas
INFO     search time limit: None
INFO     search memory limit: None
INFO     search command line string: 'C:\Users\user\Desktop\theoria\.worktrees\p13\engine-rig\.toolchain\downward\builds\release\bin\downward.exe' --search 'astar(hmax())' --internal-plan-file 'C:\Users\user\Desktop\theoria\.worktrees\e7-deadlock-claim\engine-rig\runs\20260728T150713Z-E7-deadlock-claim-audit\attacks\verify\rnd0021\fd-logs\s0000-hmax.plan' < output.sas
[t=0.000111s, 1892 KB] Search code revision: 7120aa0
[t=0.000196s, 1892 KB] reading input...
[t=0.000712s, 2060 KB] done reading input!
[t=0.001691s, 2548 KB] Simplifying 138 unary operators... done! [138 unary operators]
[t=0.001763s, 2572 KB] time to simplify: 0.000077s
[t=0.001775s, 2572 KB] Initializing HSP max heuristic...
[t=0.001800s, 2572 KB] Building successor generator... done!
[t=0.001836s, 2592 KB] peak memory difference for successor generator creation: 20 KB
[t=0.001839s, 2592 KB] time for successor generation creation: 0.000029s
[t=0.001844s, 2592 KB] Variables: 17
[t=0.001846s, 2592 KB] FactPairs: 49
[t=0.001850s, 2592 KB] Bytes per state: 4
[t=0.001862s, 2592 KB] Conducting best first search with reopening closed nodes, (real) bound = 2147483647
[t=0.001889s, 2604 KB] New best heuristic value for hmax: 8
[t=0.001894s, 2604 KB] g=0, 1 evaluated, 0 expanded
[t=0.001896s, 2604 KB] f = 8, 1 evaluated, 0 expanded
[t=0.001907s, 2616 KB] Initial heuristic value for hmax: 8
[t=0.001911s, 2616 KB] pruning method: none
[t=0.001923s, 2616 KB] New best heuristic value for hmax: 7
[t=0.001927s, 2616 KB] g=1, 3 evaluated, 1 expanded
[t=0.001935s, 2616 KB] New best heuristic value for hmax: 6
[t=0.001938s, 2616 KB] g=2, 5 evaluated, 2 expanded
[t=0.001947s, 2620 KB] New best heuristic value for hmax: 5
[t=0.001949s, 2620 KB] g=3, 7 evaluated, 3 expanded
[t=0.001961s, 2620 KB] f = 9, 10 evaluated, 5 expanded
[t=0.001968s, 2656 KB] f = 10, 11 evaluated, 6 expanded
[t=0.001987s, 2656 KB] New best heuristic value for hmax: 4
[t=0.001991s, 2656 KB] g=6, 19 evaluated, 11 expanded
[t=0.001995s, 2656 KB] New best heuristic value for hmax: 3
[t=0.001997s, 2656 KB] g=7, 20 evaluated, 12 expanded
[t=0.002004s, 2656 KB] f = 11, 21 evaluated, 16 expanded
[t=0.002009s, 2656 KB] f = 12, 22 evaluated, 17 expanded
[t=0.002028s, 2656 KB] f = 13, 30 evaluated, 22 expanded
[t=0.002037s, 2656 KB] f = 14, 31 evaluated, 24 expanded
[t=0.002046s, 2656 KB] f = 15, 33 evaluated, 27 expanded
[t=0.002052s, 2656 KB] f = 16, 34 evaluated, 28 expanded
[t=0.002058s, 2656 KB] f = 17, 36 evaluated, 30 expanded
[t=0.002063s, 2656 KB] f = 18, 37 evaluated, 31 expanded
[t=0.002066s, 2656 KB] Completely explored state space -- no solution!
[t=0.002068s, 2656 KB] Actual search time: 0.000156s
[t=0.002073s, 2656 KB] Expanded 33 state(s).
[t=0.002073s, 2656 KB] Reopened 0 state(s).
[t=0.002073s, 2656 KB] Evaluated 37 state(s).
[t=0.002073s, 2656 KB] Evaluations: 37
[t=0.002073s, 2656 KB] Generated 81 state(s).
[t=0.002073s, 2656 KB] Dead ends: 4 state(s).
[t=0.002073s, 2656 KB] Expanded until last jump: 31 state(s).
[t=0.002073s, 2656 KB] Reopened until last jump: 0 state(s).
[t=0.002073s, 2656 KB] Evaluated until last jump: 37 state(s).
[t=0.002073s, 2656 KB] Generated until last jump: 78 state(s).
[t=0.002073s, 2656 KB] Number of registered states: 37
[t=0.002073s, 2656 KB] Int hash set load factor: 37/64 = 0.578125
[t=0.002073s, 2656 KB] Int hash set resizes: 6
[t=0.002073s, 2656 KB] Search time: 0.000212s
[t=0.002073s, 2656 KB] Total time: 0.002073s
Search stopped without finding a solution.
Remove intermediate file output.sas
search exit code: 12

Driver aborting after search

