$ D:\Miniforge3\python.exe C:/Users/user/Desktop/theoria/.worktrees/p13/engine-rig/.toolchain/downward/fast-downward.py --plan-file C:\Users\user\Desktop\theoria\.worktrees\e7-deadlock-claim\engine-rig\runs\20260728T150713Z-E7-deadlock-claim-audit\attacks\verify\rnd0021\fd-logs\s0008-blind.plan C:\Users\user\Desktop\theoria\.worktrees\e7-deadlock-claim\engine-rig\fixtures\data\sokoban_domain.pddl C:\Users\user\Desktop\theoria\.worktrees\e7-deadlock-claim\engine-rig\runs\20260728T150713Z-E7-deadlock-claim-audit\attacks\verify\rnd0021\problems\rnd0021-s0008.pddl --search astar(blind())

INFO     planner time limit: None
INFO     planner memory limit: None

INFO     Running translator.
INFO     translator stdin: None
INFO     translator time limit: None
INFO     translator memory limit: None
INFO     translator command line string: 'D:\Miniforge3\python.exe' -m translate 'C:\Users\user\Desktop\theoria\.worktrees\e7-deadlock-claim\engine-rig\fixtures\data\sokoban_domain.pddl' 'C:\Users\user\Desktop\theoria\.worktrees\e7-deadlock-claim\engine-rig\runs\20260728T150713Z-E7-deadlock-claim-audit\attacks\verify\rnd0021\problems\rnd0021-s0008.pddl' --sas-file output.sas
Warning! SIGXCPU is not available on your platform. This means that the planner cannot be gracefully terminated when using a time limit, which, however, is probably supported on your platform anyway.
Parsing...
Parsing: [0.000s CPU, 0.001s wall-clock]
Normalizing task... [0.000s CPU, 0.000s wall-clock]
Instantiating...
Generating Datalog program... [0.000s CPU, 0.000s wall-clock]
Normalizing Datalog program...
Normalizing Datalog program: [0.000s CPU, 0.001s wall-clock]
Preparing model... [0.000s CPU, 0.000s wall-clock]
Generated 20 rules.
Computing model... [0.000s CPU, 0.001s wall-clock]
161 relevant atoms
250 auxiliary atoms
411 final queue length
465 total queue pushes
Completing instantiation... [0.000s CPU, 0.000s wall-clock]
Instantiating: [0.016s CPU, 0.003s wall-clock]
Computing fact groups...
Finding invariants...
7 initial candidates
Finding invariants: [0.000s CPU, 0.001s wall-clock]
Checking invariant weight... [0.000s CPU, 0.000s wall-clock]
Instantiating groups... [0.000s CPU, 0.000s wall-clock]
Collecting mutex groups... [0.000s CPU, 0.000s wall-clock]
Choosing groups...
14 uncovered facts
Choosing groups: [0.000s CPU, 0.000s wall-clock]
Building translation key... [0.000s CPU, 0.000s wall-clock]
Computing fact groups: [0.000s CPU, 0.001s wall-clock]
Building STRIPS to SAS dictionary... [0.000s CPU, 0.000s wall-clock]
Building dictionary for full mutex groups... [0.000s CPU, 0.000s wall-clock]
Building mutex information...
Building mutex information: [0.000s CPU, 0.000s wall-clock]
Translating task...
Processing axioms...
Simplifying axioms... [0.000s CPU, 0.000s wall-clock]
Translator axioms removed by simplifying: 0
Processing axioms: [0.000s CPU, 0.000s wall-clock]
Translating task: [0.000s CPU, 0.001s wall-clock]
36 effect conditions simplified
0 implied preconditions added
Detecting unreachable propositions...
0 operators removed
0 axioms removed
4 propositions removed
Detecting unreachable propositions: [0.000s CPU, 0.000s wall-clock]
Reordering and filtering variables...
15 of 15 variables necessary.
13 of 15 mutex groups necessary.
34 of 34 operators necessary.
0 of 0 axiom rules necessary.
Reordering and filtering variables: [0.000s CPU, 0.000s wall-clock]
Translator variables: 15
Translator derived variables: 0
Translator facts: 42
Translator goal facts: 1
Translator mutex groups: 13
Translator total mutex groups size: 29
Translator operators: 34
Translator axioms: 0
Translator task size: 297
warning: could not determine peak memory
Writing output... [0.000s CPU, 0.008s wall-clock]
Done! [0.016s CPU, 0.014s wall-clock]
translate exit code: 0

INFO     Running search (release).
INFO     search stdin: output.sas
INFO     search time limit: None
INFO     search memory limit: None
INFO     search command line string: 'C:\Users\user\Desktop\theoria\.worktrees\p13\engine-rig\.toolchain\downward\builds\release\bin\downward.exe' --search 'astar(blind())' --internal-plan-file 'C:\Users\user\Desktop\theoria\.worktrees\e7-deadlock-claim\engine-rig\runs\20260728T150713Z-E7-deadlock-claim-audit\attacks\verify\rnd0021\fd-logs\s0008-blind.plan' < output.sas
[t=0.000121s, 1924 KB] Search code revision: 7120aa0
[t=0.000202s, 1924 KB] reading input...
[t=0.000629s, 2052 KB] done reading input!
[t=0.001578s, 2528 KB] Initializing blind search heuristic...
[t=0.001621s, 2528 KB] Building successor generator... done!
[t=0.001649s, 2528 KB] peak memory difference for successor generator creation: 0 KB
[t=0.001651s, 2528 KB] time for successor generation creation: 0.000019s
[t=0.001658s, 2528 KB] Variables: 15
[t=0.001662s, 2528 KB] FactPairs: 42
[t=0.001665s, 2528 KB] Bytes per state: 4
[t=0.001686s, 2528 KB] Conducting best first search with reopening closed nodes, (real) bound = 2147483647
[t=0.001705s, 2540 KB] New best heuristic value for blind: 1
[t=0.001708s, 2540 KB] g=0, 1 evaluated, 0 expanded
[t=0.001711s, 2540 KB] f = 1, 1 evaluated, 0 expanded
[t=0.001720s, 2556 KB] Initial heuristic value for blind: 1
[t=0.001724s, 2556 KB] pruning method: none
[t=0.001734s, 2556 KB] f = 2, 3 evaluated, 1 expanded
[t=0.001744s, 2592 KB] f = 3, 7 evaluated, 3 expanded
[t=0.001752s, 2592 KB] f = 4, 9 evaluated, 7 expanded
[t=0.001758s, 2592 KB] f = 5, 11 evaluated, 9 expanded
[t=0.001762s, 2592 KB] f = 6, 12 evaluated, 11 expanded
[t=0.001768s, 2592 KB] f = 7, 14 evaluated, 12 expanded
[t=0.001773s, 2592 KB] f = 8, 16 evaluated, 14 expanded
[t=0.001780s, 2592 KB] f = 9, 19 evaluated, 16 expanded
[t=0.001786s, 2592 KB] f = 10, 21 evaluated, 19 expanded
[t=0.001791s, 2592 KB] f = 11, 23 evaluated, 21 expanded
[t=0.001797s, 2592 KB] Completely explored state space -- no solution!
[t=0.001800s, 2592 KB] Actual search time: 0.000075s
[t=0.001805s, 2592 KB] Expanded 23 state(s).
[t=0.001805s, 2592 KB] Reopened 0 state(s).
[t=0.001805s, 2592 KB] Evaluated 23 state(s).
[t=0.001805s, 2592 KB] Evaluations: 23
[t=0.001805s, 2592 KB] Generated 57 state(s).
[t=0.001805s, 2592 KB] Dead ends: 0 state(s).
[t=0.001805s, 2592 KB] Expanded until last jump: 21 state(s).
[t=0.001805s, 2592 KB] Reopened until last jump: 0 state(s).
[t=0.001805s, 2592 KB] Evaluated until last jump: 23 state(s).
[t=0.001805s, 2592 KB] Generated until last jump: 54 state(s).
[t=0.001805s, 2592 KB] Number of registered states: 23
[t=0.001805s, 2592 KB] Int hash set load factor: 23/32 = 0.718750
[t=0.001805s, 2592 KB] Int hash set resizes: 5
[t=0.001805s, 2592 KB] Search time: 0.000120s
[t=0.001805s, 2592 KB] Total time: 0.001805s
Search stopped without finding a solution.
Remove intermediate file output.sas
search exit code: 12

Driver aborting after search

