$ D:\Miniforge3\python.exe C:/Users/user/Desktop/theoria/.worktrees/p13/engine-rig/.toolchain/downward/fast-downward.py --plan-file C:\Users\user\Desktop\theoria\.worktrees\e7-deadlock-claim\engine-rig\runs\20260728T150713Z-E7-deadlock-claim-audit\attacks\verify\rnd0021\fd-logs\s0008-hmax.plan C:\Users\user\Desktop\theoria\.worktrees\e7-deadlock-claim\engine-rig\fixtures\data\sokoban_domain.pddl C:\Users\user\Desktop\theoria\.worktrees\e7-deadlock-claim\engine-rig\runs\20260728T150713Z-E7-deadlock-claim-audit\attacks\verify\rnd0021\problems\rnd0021-s0008.pddl --search astar(hmax())

INFO     planner time limit: None
INFO     planner memory limit: None

INFO     Running translator.
INFO     translator stdin: None
INFO     translator time limit: None
INFO     translator memory limit: None
INFO     translator command line string: 'D:\Miniforge3\python.exe' -m translate 'C:\Users\user\Desktop\theoria\.worktrees\e7-deadlock-claim\engine-rig\fixtures\data\sokoban_domain.pddl' 'C:\Users\user\Desktop\theoria\.worktrees\e7-deadlock-claim\engine-rig\runs\20260728T150713Z-E7-deadlock-claim-audit\attacks\verify\rnd0021\problems\rnd0021-s0008.pddl' --sas-file output.sas
Warning! SIGXCPU is not available on your platform. This means that the planner cannot be gracefully terminated when using a time limit, which, however, is probably supported on your platform anyway.
Parsing...
Parsing: [0.016s CPU, 0.015s wall-clock]
Normalizing task... [0.000s CPU, 0.000s wall-clock]
Instantiating...
Generating Datalog program... [0.000s CPU, 0.000s wall-clock]
Normalizing Datalog program...
Normalizing Datalog program: [0.000s CPU, 0.001s wall-clock]
Preparing model... [0.000s CPU, 0.000s wall-clock]
Generated 20 rules.
Computing model... [0.016s CPU, 0.001s wall-clock]
161 relevant atoms
250 auxiliary atoms
411 final queue length
465 total queue pushes
Completing instantiation... [0.000s CPU, 0.000s wall-clock]
Instantiating: [0.016s CPU, 0.003s wall-clock]
Computing fact groups...
Finding invariants...
7 initial candidates
Finding invariants: [0.000s CPU, 0.001s wall-clock]
Checking invariant weight... [0.000s CPU, 0.000s wall-clock]
Instantiating groups... [0.000s CPU, 0.000s wall-clock]
Collecting mutex groups... [0.000s CPU, 0.000s wall-clock]
Choosing groups...
14 uncovered facts
Choosing groups: [0.000s CPU, 0.000s wall-clock]
Building translation key... [0.000s CPU, 0.000s wall-clock]
Computing fact groups: [0.000s CPU, 0.001s wall-clock]
Building STRIPS to SAS dictionary... [0.000s CPU, 0.000s wall-clock]
Building dictionary for full mutex groups... [0.000s CPU, 0.000s wall-clock]
Building mutex information...
Building mutex information: [0.000s CPU, 0.000s wall-clock]
Translating task...
Processing axioms...
Simplifying axioms... [0.000s CPU, 0.000s wall-clock]
Translator axioms removed by simplifying: 0
Processing axioms: [0.000s CPU, 0.000s wall-clock]
Translating task: [0.000s CPU, 0.001s wall-clock]
36 effect conditions simplified
0 implied preconditions added
Detecting unreachable propositions...
0 operators removed
0 axioms removed
4 propositions removed
Detecting unreachable propositions: [0.000s CPU, 0.000s wall-clock]
Reordering and filtering variables...
15 of 15 variables necessary.
13 of 15 mutex groups necessary.
34 of 34 operators necessary.
0 of 0 axiom rules necessary.
Reordering and filtering variables: [0.000s CPU, 0.000s wall-clock]
Translator variables: 15
Translator derived variables: 0
Translator facts: 42
Translator goal facts: 1
Translator mutex groups: 13
Translator total mutex groups size: 29
Translator operators: 34
Translator axioms: 0
Translator task size: 297
warning: could not determine peak memory
Writing output... [0.000s CPU, 0.008s wall-clock]
Done! [0.031s CPU, 0.028s wall-clock]
translate exit code: 0

INFO     Running search (release).
INFO     search stdin: output.sas
INFO     search time limit: None
INFO     search memory limit: None
INFO     search command line string: 'C:\Users\user\Desktop\theoria\.worktrees\p13\engine-rig\.toolchain\downward\builds\release\bin\downward.exe' --search 'astar(hmax())' --internal-plan-file 'C:\Users\user\Desktop\theoria\.worktrees\e7-deadlock-claim\engine-rig\runs\20260728T150713Z-E7-deadlock-claim-audit\attacks\verify\rnd0021\fd-logs\s0008-hmax.plan' < output.sas
[t=0.000107s, 1896 KB] Search code revision: 7120aa0
[t=0.000191s, 1924 KB] reading input...
[t=0.000639s, 2048 KB] done reading input!
[t=0.002737s, 2672 KB] Simplifying 106 unary operators... done! [106 unary operators]
[t=0.002801s, 2684 KB] time to simplify: 0.000070s
[t=0.002816s, 2684 KB] Initializing HSP max heuristic...
[t=0.003516s, 2752 KB] Building successor generator... done!
[t=0.003768s, 2764 KB] peak memory difference for successor generator creation: 12 KB
[t=0.003774s, 2764 KB] time for successor generation creation: 0.000232s
[t=0.003838s, 2764 KB] Variables: 15
[t=0.003844s, 2764 KB] FactPairs: 42
[t=0.003847s, 2764 KB] Bytes per state: 4
[t=0.004318s, 2764 KB] Conducting best first search with reopening closed nodes, (real) bound = 2147483647
[t=0.004945s, 2788 KB] New best heuristic value for hmax: 7
[t=0.004952s, 2788 KB] g=0, 1 evaluated, 0 expanded
[t=0.004955s, 2788 KB] f = 7, 1 evaluated, 0 expanded
[t=0.005079s, 2788 KB] Initial heuristic value for hmax: 7
[t=0.005085s, 2788 KB] pruning method: none
[t=0.005099s, 2788 KB] New best heuristic value for hmax: 6
[t=0.005103s, 2788 KB] g=1, 3 evaluated, 1 expanded
[t=0.005108s, 2788 KB] New best heuristic value for hmax: 5
[t=0.005112s, 2788 KB] g=2, 4 evaluated, 2 expanded
[t=0.005224s, 2800 KB] New best heuristic value for hmax: 4
[t=0.005228s, 2800 KB] g=3, 7 evaluated, 3 expanded
[t=0.005234s, 2800 KB] New best heuristic value for hmax: 3
[t=0.005237s, 2800 KB] g=4, 8 evaluated, 4 expanded
[t=0.005244s, 2800 KB] f = 9, 9 evaluated, 6 expanded
[t=0.005252s, 2800 KB] f = 11, 11 evaluated, 8 expanded
[t=0.005257s, 2800 KB] f = 13, 12 evaluated, 10 expanded
[t=0.005261s, 2800 KB] Completely explored state space -- no solution!
[t=0.005263s, 2800 KB] Actual search time: 0.000177s
[t=0.005267s, 2800 KB] Expanded 11 state(s).
[t=0.005267s, 2800 KB] Reopened 0 state(s).
[t=0.005267s, 2800 KB] Evaluated 12 state(s).
[t=0.005267s, 2800 KB] Evaluations: 12
[t=0.005267s, 2800 KB] Generated 27 state(s).
[t=0.005267s, 2800 KB] Dead ends: 1 state(s).
[t=0.005267s, 2800 KB] Expanded until last jump: 10 state(s).
[t=0.005267s, 2800 KB] Reopened until last jump: 0 state(s).
[t=0.005267s, 2800 KB] Evaluated until last jump: 12 state(s).
[t=0.005267s, 2800 KB] Generated until last jump: 26 state(s).
[t=0.005267s, 2800 KB] Number of registered states: 12
[t=0.005267s, 2800 KB] Int hash set load factor: 12/16 = 0.750000
[t=0.005267s, 2800 KB] Int hash set resizes: 4
[t=0.005267s, 2800 KB] Search time: 0.001068s
[t=0.005267s, 2800 KB] Total time: 0.005267s
Search stopped without finding a solution.
Remove intermediate file output.sas
search exit code: 12

Driver aborting after search

