$ D:\Miniforge3\python.exe C:/Users/user/Desktop/theoria/.worktrees/p13/engine-rig/.toolchain/downward/fast-downward.py --plan-file C:\Users\user\Desktop\theoria\.worktrees\e7-deadlock-claim\engine-rig\runs\20260728T150713Z-E7-deadlock-claim-audit\attacks\verify\rnd0021\fd-logs\s0000-blind.plan C:\Users\user\Desktop\theoria\.worktrees\e7-deadlock-claim\engine-rig\fixtures\data\sokoban_domain.pddl C:\Users\user\Desktop\theoria\.worktrees\e7-deadlock-claim\engine-rig\runs\20260728T150713Z-E7-deadlock-claim-audit\attacks\verify\rnd0021\problems\rnd0021-s0000.pddl --search astar(blind())

INFO     planner time limit: None
INFO     planner memory limit: None

INFO     Running translator.
INFO     translator stdin: None
INFO     translator time limit: None
INFO     translator memory limit: None
INFO     translator command line string: 'D:\Miniforge3\python.exe' -m translate 'C:\Users\user\Desktop\theoria\.worktrees\e7-deadlock-claim\engine-rig\fixtures\data\sokoban_domain.pddl' 'C:\Users\user\Desktop\theoria\.worktrees\e7-deadlock-claim\engine-rig\runs\20260728T150713Z-E7-deadlock-claim-audit\attacks\verify\rnd0021\problems\rnd0021-s0000.pddl' --sas-file output.sas
Warning! SIGXCPU is not available on your platform. This means that the planner cannot be gracefully terminated when using a time limit, which, however, is probably supported on your platform anyway.
Parsing...
Parsing: [0.000s CPU, 0.001s wall-clock]
Normalizing task... [0.000s CPU, 0.000s wall-clock]
Instantiating...
Generating Datalog program... [0.000s CPU, 0.000s wall-clock]
Normalizing Datalog program...
Normalizing Datalog program: [0.000s CPU, 0.001s wall-clock]
Preparing model... [0.000s CPU, 0.000s wall-clock]
Generated 20 rules.
Computing model... [0.000s CPU, 0.001s wall-clock]
174 relevant atoms
270 auxiliary atoms
444 final queue length
513 total queue pushes
Completing instantiation... [0.000s CPU, 0.000s wall-clock]
Instantiating: [0.000s CPU, 0.003s wall-clock]
Computing fact groups...
Finding invariants...
7 initial candidates
Finding invariants: [0.000s CPU, 0.001s wall-clock]
Checking invariant weight... [0.000s CPU, 0.000s wall-clock]
Instantiating groups... [0.000s CPU, 0.000s wall-clock]
Collecting mutex groups... [0.000s CPU, 0.000s wall-clock]
Choosing groups...
14 uncovered facts
Choosing groups: [0.000s CPU, 0.000s wall-clock]
Building translation key... [0.000s CPU, 0.000s wall-clock]
Computing fact groups: [0.000s CPU, 0.001s wall-clock]
Building STRIPS to SAS dictionary... [0.000s CPU, 0.000s wall-clock]
Building dictionary for full mutex groups... [0.000s CPU, 0.000s wall-clock]
Building mutex information...
Building mutex information: [0.000s CPU, 0.000s wall-clock]
Translating task...
Processing axioms...
Simplifying axioms... [0.000s CPU, 0.000s wall-clock]
Translator axioms removed by simplifying: 0
Processing axioms: [0.000s CPU, 0.000s wall-clock]
Translating task: [0.016s CPU, 0.001s wall-clock]
48 effect conditions simplified
0 implied preconditions added
Detecting unreachable propositions...
0 operators removed
0 axioms removed
3 propositions removed
Detecting unreachable propositions: [0.000s CPU, 0.000s wall-clock]
Reordering and filtering variables...
17 of 17 variables necessary.
14 of 17 mutex groups necessary.
42 of 42 operators necessary.
0 of 0 axiom rules necessary.
Reordering and filtering variables: [0.000s CPU, 0.000s wall-clock]
Translator variables: 17
Translator derived variables: 0
Translator facts: 49
Translator goal facts: 2
Translator mutex groups: 14
Translator total mutex groups size: 35
Translator operators: 42
Translator axioms: 0
Translator task size: 373
warning: could not determine peak memory
Writing output... [0.000s CPU, 0.008s wall-clock]
Done! [0.016s CPU, 0.016s wall-clock]
translate exit code: 0

INFO     Running search (release).
INFO     search stdin: output.sas
INFO     search time limit: None
INFO     search memory limit: None
INFO     search command line string: 'C:\Users\user\Desktop\theoria\.worktrees\p13\engine-rig\.toolchain\downward\builds\release\bin\downward.exe' --search 'astar(blind())' --internal-plan-file 'C:\Users\user\Desktop\theoria\.worktrees\e7-deadlock-claim\engine-rig\runs\20260728T150713Z-E7-deadlock-claim-audit\attacks\verify\rnd0021\fd-logs\s0000-blind.plan' < output.sas
[t=0.000112s, 1900 KB] Search code revision: 7120aa0
[t=0.000195s, 1900 KB] reading input...
[t=0.000704s, 2060 KB] done reading input!
[t=0.001598s, 2540 KB] Initializing blind search heuristic...
[t=0.001633s, 2540 KB] Building successor generator... done!
[t=0.001672s, 2560 KB] peak memory difference for successor generator creation: 12 KB
[t=0.001674s, 2560 KB] time for successor generation creation: 0.000030s
[t=0.001679s, 2560 KB] Variables: 17
[t=0.001683s, 2560 KB] FactPairs: 49
[t=0.001685s, 2560 KB] Bytes per state: 4
[t=0.001699s, 2560 KB] Conducting best first search with reopening closed nodes, (real) bound = 2147483647
[t=0.001718s, 2572 KB] New best heuristic value for blind: 1
[t=0.001722s, 2572 KB] g=0, 1 evaluated, 0 expanded
[t=0.001724s, 2572 KB] f = 1, 1 evaluated, 0 expanded
[t=0.001733s, 2584 KB] Initial heuristic value for blind: 1
[t=0.001736s, 2584 KB] pruning method: none
[t=0.001752s, 2584 KB] f = 2, 4 evaluated, 1 expanded
[t=0.001759s, 2584 KB] f = 3, 6 evaluated, 4 expanded
[t=0.001765s, 2584 KB] f = 4, 9 evaluated, 6 expanded
[t=0.001772s, 2584 KB] f = 5, 13 evaluated, 9 expanded
[t=0.001782s, 2584 KB] f = 6, 19 evaluated, 13 expanded
[t=0.001791s, 2584 KB] f = 7, 25 evaluated, 19 expanded
[t=0.001803s, 2584 KB] f = 8, 34 evaluated, 25 expanded
[t=0.001817s, 2584 KB] f = 9, 42 evaluated, 34 expanded
[t=0.001828s, 2584 KB] f = 10, 52 evaluated, 42 expanded
[t=0.001839s, 2588 KB] f = 11, 59 evaluated, 52 expanded
[t=0.001853s, 2588 KB] f = 12, 68 evaluated, 59 expanded
[t=0.001864s, 2588 KB] f = 13, 75 evaluated, 68 expanded
[t=0.001873s, 2588 KB] f = 14, 83 evaluated, 75 expanded
[t=0.001883s, 2588 KB] f = 15, 88 evaluated, 83 expanded
[t=0.001890s, 2592 KB] f = 16, 92 evaluated, 88 expanded
[t=0.001896s, 2592 KB] Completely explored state space -- no solution!
[t=0.001898s, 2592 KB] Actual search time: 0.000154s
[t=0.001904s, 2592 KB] Expanded 92 state(s).
[t=0.001904s, 2592 KB] Reopened 0 state(s).
[t=0.001904s, 2592 KB] Evaluated 92 state(s).
[t=0.001904s, 2592 KB] Evaluations: 92
[t=0.001904s, 2628 KB] Generated 228 state(s).
[t=0.001904s, 2628 KB] Dead ends: 0 state(s).
[t=0.001904s, 2628 KB] Expanded until last jump: 88 state(s).
[t=0.001904s, 2628 KB] Reopened until last jump: 0 state(s).
[t=0.001904s, 2628 KB] Evaluated until last jump: 92 state(s).
[t=0.001904s, 2628 KB] Generated until last jump: 221 state(s).
[t=0.001904s, 2628 KB] Number of registered states: 92
[t=0.001904s, 2628 KB] Int hash set load factor: 92/128 = 0.718750
[t=0.001904s, 2628 KB] Int hash set resizes: 7
[t=0.001904s, 2628 KB] Search time: 0.000208s
[t=0.001904s, 2628 KB] Total time: 0.001904s
Search stopped without finding a solution.
Remove intermediate file output.sas
search exit code: 12

Driver aborting after search

