$ D:\Miniforge3\python.exe C:/Users/user/Desktop/theoria/.worktrees/p13/engine-rig/.toolchain/downward/fast-downward.py --plan-file C:\Users\user\Desktop\theoria\.worktrees\e7-deadlock-claim\engine-rig\runs\20260728T150713Z-E7-deadlock-claim-audit\attacks\verify\rnd0021\fd-logs\s0032-hmax.plan C:\Users\user\Desktop\theoria\.worktrees\e7-deadlock-claim\engine-rig\fixtures\data\sokoban_domain.pddl C:\Users\user\Desktop\theoria\.worktrees\e7-deadlock-claim\engine-rig\runs\20260728T150713Z-E7-deadlock-claim-audit\attacks\verify\rnd0021\problems\rnd0021-s0032.pddl --search astar(hmax())

INFO     planner time limit: None
INFO     planner memory limit: None

INFO     Running translator.
INFO     translator stdin: None
INFO     translator time limit: None
INFO     translator memory limit: None
INFO     translator command line string: 'D:\Miniforge3\python.exe' -m translate 'C:\Users\user\Desktop\theoria\.worktrees\e7-deadlock-claim\engine-rig\fixtures\data\sokoban_domain.pddl' 'C:\Users\user\Desktop\theoria\.worktrees\e7-deadlock-claim\engine-rig\runs\20260728T150713Z-E7-deadlock-claim-audit\attacks\verify\rnd0021\problems\rnd0021-s0032.pddl' --sas-file output.sas
Warning! SIGXCPU is not available on your platform. This means that the planner cannot be gracefully terminated when using a time limit, which, however, is probably supported on your platform anyway.
Parsing...
Parsing: [0.000s CPU, 0.001s wall-clock]
Normalizing task... [0.000s CPU, 0.000s wall-clock]
Instantiating...
Generating Datalog program... [0.000s CPU, 0.000s wall-clock]
Normalizing Datalog program...
Normalizing Datalog program: [0.000s CPU, 0.001s wall-clock]
Preparing model... [0.000s CPU, 0.000s wall-clock]
Generated 20 rules.
Computing model... [0.000s CPU, 0.001s wall-clock]
161 relevant atoms
250 auxiliary atoms
411 final queue length
465 total queue pushes
Completing instantiation... [0.000s CPU, 0.000s wall-clock]
Instantiating: [0.000s CPU, 0.003s wall-clock]
Computing fact groups...
Finding invariants...
7 initial candidates
Finding invariants: [0.000s CPU, 0.001s wall-clock]
Checking invariant weight... [0.000s CPU, 0.000s wall-clock]
Instantiating groups... [0.000s CPU, 0.000s wall-clock]
Collecting mutex groups... [0.000s CPU, 0.000s wall-clock]
Choosing groups...
14 uncovered facts
Choosing groups: [0.000s CPU, 0.000s wall-clock]
Building translation key... [0.000s CPU, 0.000s wall-clock]
Computing fact groups: [0.000s CPU, 0.001s wall-clock]
Building STRIPS to SAS dictionary... [0.000s CPU, 0.000s wall-clock]
Building dictionary for full mutex groups... [0.000s CPU, 0.000s wall-clock]
Building mutex information...
Building mutex information: [0.000s CPU, 0.000s wall-clock]
Translating task...
Processing axioms...
Simplifying axioms... [0.000s CPU, 0.000s wall-clock]
Translator axioms removed by simplifying: 0
Processing axioms: [0.000s CPU, 0.000s wall-clock]
Translating task: [0.000s CPU, 0.001s wall-clock]
36 effect conditions simplified
0 implied preconditions added
Detecting unreachable propositions...
0 operators removed
0 axioms removed
4 propositions removed
Detecting unreachable propositions: [0.000s CPU, 0.000s wall-clock]
Reordering and filtering variables...
15 of 15 variables necessary.
13 of 15 mutex groups necessary.
34 of 34 operators necessary.
0 of 0 axiom rules necessary.
Reordering and filtering variables: [0.000s CPU, 0.000s wall-clock]
Translator variables: 15
Translator derived variables: 0
Translator facts: 42
Translator goal facts: 1
Translator mutex groups: 13
Translator total mutex groups size: 29
Translator operators: 34
Translator axioms: 0
Translator task size: 297
warning: could not determine peak memory
Writing output... [0.000s CPU, 0.008s wall-clock]
Done! [0.000s CPU, 0.015s wall-clock]
translate exit code: 0

INFO     Running search (release).
INFO     search stdin: output.sas
INFO     search time limit: None
INFO     search memory limit: None
INFO     search command line string: 'C:\Users\user\Desktop\theoria\.worktrees\p13\engine-rig\.toolchain\downward\builds\release\bin\downward.exe' --search 'astar(hmax())' --internal-plan-file 'C:\Users\user\Desktop\theoria\.worktrees\e7-deadlock-claim\engine-rig\runs\20260728T150713Z-E7-deadlock-claim-audit\attacks\verify\rnd0021\fd-logs\s0032-hmax.plan' < output.sas
[t=0.000106s, 1888 KB] Search code revision: 7120aa0
[t=0.000189s, 1888 KB] reading input...
[t=0.000662s, 2052 KB] done reading input!
[t=0.001605s, 2560 KB] Simplifying 106 unary operators... done! [106 unary operators]
[t=0.001648s, 2564 KB] time to simplify: 0.000047s
[t=0.001659s, 2564 KB] Initializing HSP max heuristic...
[t=0.001680s, 2564 KB] Building successor generator... done!
[t=0.001710s, 2568 KB] peak memory difference for successor generator creation: 4 KB
[t=0.001713s, 2568 KB] time for successor generation creation: 0.000022s
[t=0.001718s, 2568 KB] Variables: 15
[t=0.001720s, 2568 KB] FactPairs: 42
[t=0.001722s, 2568 KB] Bytes per state: 4
[t=0.001735s, 2568 KB] Conducting best first search with reopening closed nodes, (real) bound = 2147483647
[t=0.001761s, 2592 KB] New best heuristic value for hmax: 3
[t=0.001765s, 2592 KB] g=0, 1 evaluated, 0 expanded
[t=0.001768s, 2592 KB] f = 3, 1 evaluated, 0 expanded
[t=0.001773s, 2592 KB] Initial heuristic value for hmax: 3
[t=0.001776s, 2596 KB] pruning method: none
[t=0.001788s, 2596 KB] f = 5, 3 evaluated, 1 expanded
[t=0.001799s, 2596 KB] f = 7, 5 evaluated, 2 expanded
[t=0.001805s, 2632 KB] f = 9, 6 evaluated, 4 expanded
[t=0.001813s, 2632 KB] f = 11, 8 evaluated, 5 expanded
[t=0.001820s, 2632 KB] f = 13, 10 evaluated, 7 expanded
[t=0.001828s, 2632 KB] f = 15, 12 evaluated, 9 expanded
[t=0.001831s, 2632 KB] Completely explored state space -- no solution!
[t=0.001834s, 2632 KB] Actual search time: 0.000056s
[t=0.001837s, 2632 KB] Expanded 11 state(s).
[t=0.001837s, 2632 KB] Reopened 0 state(s).
[t=0.001837s, 2632 KB] Evaluated 12 state(s).
[t=0.001837s, 2632 KB] Evaluations: 12
[t=0.001837s, 2632 KB] Generated 27 state(s).
[t=0.001837s, 2632 KB] Dead ends: 1 state(s).
[t=0.001837s, 2632 KB] Expanded until last jump: 9 state(s).
[t=0.001837s, 2632 KB] Reopened until last jump: 0 state(s).
[t=0.001837s, 2632 KB] Evaluated until last jump: 12 state(s).
[t=0.001837s, 2632 KB] Generated until last jump: 24 state(s).
[t=0.001837s, 2632 KB] Number of registered states: 12
[t=0.001837s, 2632 KB] Int hash set load factor: 12/16 = 0.750000
[t=0.001837s, 2632 KB] Int hash set resizes: 4
[t=0.001837s, 2632 KB] Search time: 0.000104s
[t=0.001837s, 2632 KB] Total time: 0.001837s
Search stopped without finding a solution.
Remove intermediate file output.sas
search exit code: 12

Driver aborting after search

