14:26:58Z reflex=0 scan=0 reflexlog_last=2026-07-30T08:32:21Z
14:26:58Z REFLEX GONE
watch done
--- INSTRUMENT RETRACTED: the two lines above are false. 'tasklist /FI ...' under Git Bash has /FI mangled by MSYS into a path, so the filter never applied and grep -c counted 0 for a process that PowerShell confirms ALIVE. Restarting the watch in PowerShell at 14:28Z. Prediction unchanged and still filed before the 14:30:01Z deadline. ---
14:27:48Z reflex9944=1 scan33764=1 reflexlog_last=2026-07-30T08:32:21Z
14:28:08Z reflex9944=1 scan33764=1 reflexlog_last=2026-07-30T08:32:21Z
14:28:28Z reflex9944=1 scan33764=1 reflexlog_last=2026-07-30T08:32:21Z
14:28:48Z reflex9944=1 scan33764=1 reflexlog_last=2026-07-30T08:32:21Z
14:29:08Z reflex9944=1 scan33764=1 reflexlog_last=2026-07-30T08:32:21Z
14:29:28Z reflex9944=1 scan33764=1 reflexlog_last=2026-07-30T08:32:21Z
14:29:48Z reflex9944=1 scan33764=1 reflexlog_last=2026-07-30T08:32:21Z
14:30:08Z reflex9944=1 scan33764=1 reflexlog_last=2026-07-30T08:32:21Z
14:30:28Z reflex9944=1 scan33764=1 reflexlog_last=2026-07-30T08:32:21Z
14:30:48Z reflex9944=1 scan33764=1 reflexlog_last=2026-07-30T08:32:21Z
14:31:08Z reflex9944=1 scan33764=1 reflexlog_last=2026-07-30T08:32:21Z
14:31:28Z reflex9944=1 scan33764=1 reflexlog_last=2026-07-30T08:32:21Z
14:31:48Z reflex9944=1 scan33764=1 reflexlog_last=2026-07-30T08:32:21Z
14:32:08Z reflex9944=1 scan33764=1 reflexlog_last=2026-07-30T08:32:21Z
14:32:28Z reflex9944=1 scan33764=1 reflexlog_last=2026-07-30T08:32:21Z
14:32:48Z reflex9944=1 scan33764=1 reflexlog_last=2026-07-30T08:32:21Z
14:33:08Z reflex9944=1 scan33764=1 reflexlog_last=2026-07-30T08:32:21Z
14:33:28Z reflex9944=1 scan33764=1 reflexlog_last=2026-07-30T08:32:21Z
14:33:48Z reflex9944=1 scan33764=1 reflexlog_last=2026-07-30T08:32:21Z
14:34:08Z reflex9944=1 scan33764=1 reflexlog_last=2026-07-30T08:32:21Z
14:34:29Z reflex9944=1 scan33764=1 reflexlog_last=2026-07-30T08:32:21Z
14:34:49Z reflex9944=1 scan33764=1 reflexlog_last=2026-07-30T08:32:21Z
14:35:09Z reflex9944=1 scan33764=1 reflexlog_last=2026-07-30T08:32:21Z
14:35:29Z reflex9944=1 scan33764=1 reflexlog_last=2026-07-30T08:32:21Z
14:35:49Z reflex9944=1 scan33764=1 reflexlog_last=2026-07-30T08:32:21Z
14:36:09Z reflex9944=1 scan33764=1 reflexlog_last=2026-07-30T08:32:21Z
14:36:29Z reflex9944=1 scan33764=1 reflexlog_last=2026-07-30T08:32:21Z
14:36:49Z reflex9944=1 scan33764=1 reflexlog_last=2026-07-30T08:32:21Z
14:37:09Z reflex9944=1 scan33764=1 reflexlog_last=2026-07-30T08:32:21Z
14:37:29Z reflex9944=1 scan33764=1 reflexlog_last=2026-07-30T08:32:21Z
14:37:49Z reflex9944=1 scan33764=1 reflexlog_last=2026-07-30T08:32:21Z
14:38:09Z reflex9944=1 scan33764=1 reflexlog_last=2026-07-30T08:32:21Z
14:38:29Z reflex9944=1 scan33764=1 reflexlog_last=2026-07-30T08:32:21Z
14:38:49Z reflex9944=1 scan33764=1 reflexlog_last=2026-07-30T08:32:21Z
14:39:09Z reflex9944=1 scan33764=1 reflexlog_last=2026-07-30T08:32:21Z
14:39:29Z reflex9944=1 scan33764=1 reflexlog_last=2026-07-30T08:32:21Z
14:39:49Z reflex9944=1 scan33764=1 reflexlog_last=2026-07-30T08:32:21Z
14:40:09Z reflex9944=1 scan33764=1 reflexlog_last=2026-07-30T08:32:21Z
14:40:29Z reflex9944=1 scan33764=1 reflexlog_last=2026-07-30T08:32:21Z
14:40:49Z reflex9944=1 scan33764=1 reflexlog_last=2026-07-30T08:32:21Z
14:41:09Z reflex9944=1 scan33764=1 reflexlog_last=2026-07-30T08:32:21Z
14:41:29Z reflex9944=1 scan33764=1 reflexlog_last=2026-07-30T08:32:21Z
14:41:49Z reflex9944=1 scan33764=1 reflexlog_last=2026-07-30T08:32:21Z
14:42:09Z reflex9944=1 scan33764=1 reflexlog_last=2026-07-30T08:32:21Z
14:42:29Z reflex9944=1 scan33764=1 reflexlog_last=2026-07-30T08:32:21Z
14:42:49Z reflex9944=1 scan33764=1 reflexlog_last=2026-07-30T08:32:21Z
14:43:09Z reflex9944=1 scan33764=1 reflexlog_last=2026-07-30T08:32:21Z
14:43:30Z reflex9944=1 scan33764=1 reflexlog_last=2026-07-30T08:32:21Z
14:43:50Z reflex9944=1 scan33764=1 reflexlog_last=2026-07-30T08:32:21Z
14:44:10Z reflex9944=1 scan33764=1 reflexlog_last=2026-07-30T08:32:21Z
14:44:30Z reflex9944=1 scan33764=1 reflexlog_last=2026-07-30T08:32:21Z
14:44:50Z reflex9944=1 scan33764=1 reflexlog_last=2026-07-30T08:32:21Z
14:45:10Z reflex9944=1 scan33764=1 reflexlog_last=2026-07-30T08:32:21Z
14:45:30Z reflex9944=1 scan33764=1 reflexlog_last=2026-07-30T08:32:21Z
14:45:50Z reflex9944=1 scan33764=1 reflexlog_last=2026-07-30T08:32:21Z
14:46:10Z reflex9944=1 scan33764=1 reflexlog_last=2026-07-30T08:32:21Z
14:46:30Z reflex9944=1 scan33764=1 reflexlog_last=2026-07-30T08:32:21Z
14:46:50Z reflex9944=1 scan33764=1 reflexlog_last=2026-07-30T08:32:21Z
14:47:10Z reflex9944=1 scan33764=1 reflexlog_last=2026-07-30T08:32:21Z
14:47:30Z reflex9944=1 scan33764=1 reflexlog_last=2026-07-30T08:32:21Z
watch ended
